[2024-01-26T11:42:23.770+0000][gc,heap] Heap region size: 1M
[2024-01-26T11:42:23.777+0000][gc     ] Using G1
[2024-01-26T11:42:23.777+0000][gc,heap,coops] Heap address: 0x00000000c0000000, size: 1024 MB, Compressed Oops mode: 32-bit
[2024-01-26T11:42:24.184+0000][gc,start     ] GC(0) Pause Young (Concurrent Start) (Metadata GC Threshold)
[2024-01-26T11:42:24.185+0000][gc,task      ] GC(0) Using 8 workers of 8 for evacuation
[2024-01-26T11:42:24.191+0000][gc,phases    ] GC(0)   Pre Evacuate Collection Set: 0.0ms
[2024-01-26T11:42:24.191+0000][gc,phases    ] GC(0)   Evacuate Collection Set: 5.1ms
[2024-01-26T11:42:24.191+0000][gc,phases    ] GC(0)   Post Evacuate Collection Set: 0.5ms
[2024-01-26T11:42:24.191+0000][gc,phases    ] GC(0)   Other: 0.9ms
[2024-01-26T11:42:24.191+0000][gc,heap      ] GC(0) Eden regions: 35->0(44)
[2024-01-26T11:42:24.191+0000][gc,heap      ] GC(0) Survivor regions: 0->7(7)
[2024-01-26T11:42:24.191+0000][gc,heap      ] GC(0) Old regions: 0->0
[2024-01-26T11:42:24.191+0000][gc,heap      ] GC(0) Humongous regions: 0->0
[2024-01-26T11:42:24.191+0000][gc,metaspace ] GC(0) Metaspace: 20577K(21248K)->20577K(21248K) NonClass: 18410K(18944K)->18410K(18944K) Class: 2166K(2304K)->2166K(2304K)
[2024-01-26T11:42:24.191+0000][gc           ] GC(0) Pause Young (Concurrent Start) (Metadata GC Threshold) 34M->6M(1024M) 6.640ms
[2024-01-26T11:42:24.191+0000][gc,cpu       ] GC(0) User=0.02s Sys=0.00s Real=0.01s
[2024-01-26T11:42:24.191+0000][gc           ] GC(1) Concurrent Cycle
[2024-01-26T11:42:24.191+0000][gc,marking   ] GC(1) Concurrent Clear Claimed Marks
[2024-01-26T11:42:24.191+0000][gc,marking   ] GC(1) Concurrent Clear Claimed Marks 0.019ms
[2024-01-26T11:42:24.191+0000][gc,marking   ] GC(1) Concurrent Scan Root Regions
[2024-01-26T11:42:24.192+0000][gc,marking   ] GC(1) Concurrent Scan Root Regions 0.999ms
[2024-01-26T11:42:24.192+0000][gc,marking   ] GC(1) Concurrent Mark (0.424s)
[2024-01-26T11:42:24.192+0000][gc,marking   ] GC(1) Concurrent Mark From Roots
[2024-01-26T11:42:24.192+0000][gc,task      ] GC(1) Using 2 workers of 2 for marking
[2024-01-26T11:42:24.193+0000][gc,marking   ] GC(1) Concurrent Mark From Roots 0.468ms
[2024-01-26T11:42:24.193+0000][gc,marking   ] GC(1) Concurrent Preclean
[2024-01-26T11:42:24.193+0000][gc,marking   ] GC(1) Concurrent Preclean 0.055ms
[2024-01-26T11:42:24.193+0000][gc,marking   ] GC(1) Concurrent Mark (0.424s, 0.424s) 0.544ms
[2024-01-26T11:42:24.193+0000][gc,start     ] GC(1) Pause Remark
[2024-01-26T11:42:24.194+0000][gc,stringtable] GC(1) Cleaned string and symbol table, strings: 7853 processed, 0 removed, symbols: 65208 processed, 19 removed
[2024-01-26T11:42:24.194+0000][gc            ] GC(1) Pause Remark 7M->7M(1024M) 1.407ms
[2024-01-26T11:42:24.194+0000][gc,cpu        ] GC(1) User=0.01s Sys=0.00s Real=0.00s
[2024-01-26T11:42:24.194+0000][gc,marking    ] GC(1) Concurrent Rebuild Remembered Sets
[2024-01-26T11:42:24.194+0000][gc,marking    ] GC(1) Concurrent Rebuild Remembered Sets 0.073ms
[2024-01-26T11:42:24.194+0000][gc,start      ] GC(1) Pause Cleanup
[2024-01-26T11:42:24.195+0000][gc            ] GC(1) Pause Cleanup 7M->7M(1024M) 0.141ms
[2024-01-26T11:42:24.195+0000][gc,cpu        ] GC(1) User=0.00s Sys=0.00s Real=0.00s
[2024-01-26T11:42:24.195+0000][gc,marking    ] GC(1) Concurrent Cleanup for Next Mark
[2024-01-26T11:42:24.195+0000][gc,marking    ] GC(1) Concurrent Cleanup for Next Mark 0.332ms
[2024-01-26T11:42:24.195+0000][gc            ] GC(1) Concurrent Cycle 3.925ms
[2024-01-26T11:42:24.411+0000][gc,start      ] GC(2) Pause Young (Normal) (G1 Evacuation Pause)
[2024-01-26T11:42:24.411+0000][gc,task       ] GC(2) Using 8 workers of 8 for evacuation
[2024-01-26T11:42:24.421+0000][gc,phases     ] GC(2)   Pre Evacuate Collection Set: 0.0ms
[2024-01-26T11:42:24.421+0000][gc,phases     ] GC(2)   Evacuate Collection Set: 8.6ms
[2024-01-26T11:42:24.421+0000][gc,phases     ] GC(2)   Post Evacuate Collection Set: 0.5ms
[2024-01-26T11:42:24.421+0000][gc,phases     ] GC(2)   Other: 0.2ms
[2024-01-26T11:42:24.421+0000][gc,heap       ] GC(2) Eden regions: 44->0(49)
[2024-01-26T11:42:24.421+0000][gc,heap       ] GC(2) Survivor regions: 7->2(7)
[2024-01-26T11:42:24.421+0000][gc,heap       ] GC(2) Old regions: 0->7
[2024-01-26T11:42:24.421+0000][gc,heap       ] GC(2) Humongous regions: 0->0
[2024-01-26T11:42:24.421+0000][gc,metaspace  ] GC(2) Metaspace: 29155K(30080K)->29155K(30080K) NonClass: 26020K(26624K)->26020K(26624K) Class: 3134K(3456K)->3134K(3456K)
[2024-01-26T11:42:24.421+0000][gc            ] GC(2) Pause Young (Normal) (G1 Evacuation Pause) 50M->8M(1024M) 9.412ms
[2024-01-26T11:42:24.421+0000][gc,cpu        ] GC(2) User=0.06s Sys=0.00s Real=0.01s
[2024-01-26T11:42:24.613+0000][gc,start      ] GC(3) Pause Young (Concurrent Start) (Metadata GC Threshold)
[2024-01-26T11:42:24.613+0000][gc,task       ] GC(3) Using 8 workers of 8 for evacuation
[2024-01-26T11:42:24.625+0000][gc,phases     ] GC(3)   Pre Evacuate Collection Set: 0.1ms
[2024-01-26T11:42:24.625+0000][gc,phases     ] GC(3)   Evacuate Collection Set: 11.2ms
[2024-01-26T11:42:24.625+0000][gc,phases     ] GC(3)   Post Evacuate Collection Set: 0.6ms
[2024-01-26T11:42:24.625+0000][gc,phases     ] GC(3)   Other: 0.2ms
[2024-01-26T11:42:24.625+0000][gc,heap       ] GC(3) Eden regions: 25->0(47)
[2024-01-26T11:42:24.625+0000][gc,heap       ] GC(3) Survivor regions: 2->4(7)
[2024-01-26T11:42:24.625+0000][gc,heap       ] GC(3) Old regions: 7->7
[2024-01-26T11:42:24.625+0000][gc,heap       ] GC(3) Humongous regions: 0->0
[2024-01-26T11:42:24.625+0000][gc,metaspace  ] GC(3) Metaspace: 34577K(35628K)->34577K(35628K) NonClass: 30837K(31404K)->30837K(31404K) Class: 3740K(4224K)->3740K(4224K)
[2024-01-26T11:42:24.625+0000][gc            ] GC(3) Pause Young (Concurrent Start) (Metadata GC Threshold) 33M->9M(1024M) 12.109ms
[2024-01-26T11:42:24.625+0000][gc,cpu        ] GC(3) User=0.05s Sys=0.00s Real=0.01s
[2024-01-26T11:42:24.625+0000][gc            ] GC(4) Concurrent Cycle
[2024-01-26T11:42:24.625+0000][gc,marking    ] GC(4) Concurrent Clear Claimed Marks
[2024-01-26T11:42:24.625+0000][gc,marking    ] GC(4) Concurrent Clear Claimed Marks 0.126ms
[2024-01-26T11:42:24.625+0000][gc,marking    ] GC(4) Concurrent Scan Root Regions
[2024-01-26T11:42:24.626+0000][gc,marking    ] GC(4) Concurrent Scan Root Regions 1.159ms
[2024-01-26T11:42:24.626+0000][gc,marking    ] GC(4) Concurrent Mark (0.858s)
[2024-01-26T11:42:24.626+0000][gc,marking    ] GC(4) Concurrent Mark From Roots
[2024-01-26T11:42:24.626+0000][gc,task       ] GC(4) Using 2 workers of 2 for marking
[2024-01-26T11:42:24.630+0000][gc,marking    ] GC(4) Concurrent Mark From Roots 3.262ms
[2024-01-26T11:42:24.630+0000][gc,marking    ] GC(4) Concurrent Preclean
[2024-01-26T11:42:24.630+0000][gc,marking    ] GC(4) Concurrent Preclean 0.095ms
[2024-01-26T11:42:24.630+0000][gc,marking    ] GC(4) Concurrent Mark (0.858s, 0.862s) 3.401ms
[2024-01-26T11:42:24.630+0000][gc,start      ] GC(4) Pause Remark
[2024-01-26T11:42:24.633+0000][gc,stringtable] GC(4) Cleaned string and symbol table, strings: 11904 processed, 10 removed, symbols: 97867 processed, 26 removed
[2024-01-26T11:42:24.633+0000][gc            ] GC(4) Pause Remark 10M->10M(1024M) 3.239ms
[2024-01-26T11:42:24.633+0000][gc,cpu        ] GC(4) User=0.01s Sys=0.00s Real=0.01s
[2024-01-26T11:42:24.633+0000][gc,marking    ] GC(4) Concurrent Rebuild Remembered Sets
[2024-01-26T11:42:24.635+0000][gc,marking    ] GC(4) Concurrent Rebuild Remembered Sets 1.731ms
[2024-01-26T11:42:24.635+0000][gc,start      ] GC(4) Pause Cleanup
[2024-01-26T11:42:24.636+0000][gc            ] GC(4) Pause Cleanup 11M->11M(1024M) 0.223ms
[2024-01-26T11:42:24.636+0000][gc,cpu        ] GC(4) User=0.00s Sys=0.00s Real=0.00s
[2024-01-26T11:42:24.636+0000][gc,marking    ] GC(4) Concurrent Cleanup for Next Mark
[2024-01-26T11:42:24.637+0000][gc,marking    ] GC(4) Concurrent Cleanup for Next Mark 1.767ms
[2024-01-26T11:42:24.637+0000][gc            ] GC(4) Concurrent Cycle 12.336ms
[2024-01-26T11:42:24.875+0000][gc,start      ] GC(5) Pause Young (Normal) (G1 Evacuation Pause)
[2024-01-26T11:42:24.875+0000][gc,task       ] GC(5) Using 8 workers of 8 for evacuation
[2024-01-26T11:42:24.879+0000][gc,phases     ] GC(5)   Pre Evacuate Collection Set: 0.0ms
[2024-01-26T11:42:24.879+0000][gc,phases     ] GC(5)   Evacuate Collection Set: 3.8ms
[2024-01-26T11:42:24.879+0000][gc,phases     ] GC(5)   Post Evacuate Collection Set: 0.5ms
[2024-01-26T11:42:24.879+0000][gc,phases     ] GC(5)   Other: 0.1ms
[2024-01-26T11:42:24.879+0000][gc,heap       ] GC(5) Eden regions: 47->0(44)
[2024-01-26T11:42:24.879+0000][gc,heap       ] GC(5) Survivor regions: 4->7(7)
[2024-01-26T11:42:24.879+0000][gc,heap       ] GC(5) Old regions: 7->7
[2024-01-26T11:42:24.879+0000][gc,heap       ] GC(5) Humongous regions: 9->9
[2024-01-26T11:42:24.879+0000][gc,metaspace  ] GC(5) Metaspace: 42417K(43692K)->42417K(43692K) NonClass: 37881K(38572K)->37881K(38572K) Class: 4535K(5120K)->4535K(5120K)
[2024-01-26T11:42:24.879+0000][gc            ] GC(5) Pause Young (Normal) (G1 Evacuation Pause) 65M->22M(1024M) 4.539ms
[2024-01-26T11:42:24.879+0000][gc,cpu        ] GC(5) User=0.02s Sys=0.00s Real=0.00s
[2024-01-26T11:42:42.604+0000][gc,start      ] GC(6) Pause Young (Normal) (G1 Evacuation Pause)
[2024-01-26T11:42:42.604+0000][gc,task       ] GC(6) Using 8 workers of 8 for evacuation
[2024-01-26T11:42:42.619+0000][gc,phases     ] GC(6)   Pre Evacuate Collection Set: 0.3ms
[2024-01-26T11:42:42.619+0000][gc,phases     ] GC(6)   Evacuate Collection Set: 13.1ms
[2024-01-26T11:42:42.619+0000][gc,phases     ] GC(6)   Post Evacuate Collection Set: 0.8ms
[2024-01-26T11:42:42.619+0000][gc,phases     ] GC(6)   Other: 0.5ms
[2024-01-26T11:42:42.619+0000][gc,heap       ] GC(6) Eden regions: 44->0(44)
[2024-01-26T11:42:42.619+0000][gc,heap       ] GC(6) Survivor regions: 7->7(7)
[2024-01-26T11:42:42.619+0000][gc,heap       ] GC(6) Old regions: 7->10
[2024-01-26T11:42:42.619+0000][gc,heap       ] GC(6) Humongous regions: 138->138
[2024-01-26T11:42:42.619+0000][gc,metaspace  ] GC(6) Metaspace: 48274K(50476K)->48274K(50476K) NonClass: 42756K(43948K)->42756K(43948K) Class: 5518K(6528K)->5518K(6528K)
[2024-01-26T11:42:42.619+0000][gc            ] GC(6) Pause Young (Normal) (G1 Evacuation Pause) 195M->154M(1024M) 14.743ms
[2024-01-26T11:42:42.619+0000][gc,cpu        ] GC(6) User=0.05s Sys=0.00s Real=0.01s
[2024-01-26T11:43:13.592+0000][gc,start      ] GC(7) Pause Young (Normal) (G1 Evacuation Pause)
[2024-01-26T11:43:13.592+0000][gc,task       ] GC(7) Using 8 workers of 8 for evacuation
[2024-01-26T11:43:13.599+0000][gc,phases     ] GC(7)   Pre Evacuate Collection Set: 0.0ms
[2024-01-26T11:43:13.599+0000][gc,phases     ] GC(7)   Evacuate Collection Set: 5.4ms
[2024-01-26T11:43:13.599+0000][gc,phases     ] GC(7)   Post Evacuate Collection Set: 0.7ms
[2024-01-26T11:43:13.599+0000][gc,phases     ] GC(7)   Other: 0.2ms
[2024-01-26T11:43:13.599+0000][gc,heap       ] GC(7) Eden regions: 44->0(45)
[2024-01-26T11:43:13.599+0000][gc,heap       ] GC(7) Survivor regions: 7->6(7)
[2024-01-26T11:43:13.599+0000][gc,heap       ] GC(7) Old regions: 10->13
[2024-01-26T11:43:13.599+0000][gc,heap       ] GC(7) Humongous regions: 138->138
[2024-01-26T11:43:13.599+0000][gc,metaspace  ] GC(7) Metaspace: 51649K(54444K)->51649K(54444K) NonClass: 45526K(47020K)->45526K(47020K) Class: 6122K(7424K)->6122K(7424K)
[2024-01-26T11:43:13.599+0000][gc            ] GC(7) Pause Young (Normal) (G1 Evacuation Pause) 198M->156M(1024M) 6.385ms
[2024-01-26T11:43:13.599+0000][gc,cpu        ] GC(7) User=0.03s Sys=0.00s Real=0.00s
[2024-01-26T11:43:14.198+0000][gc,start      ] GC(8) Pause Young (Normal) (G1 Evacuation Pause)
[2024-01-26T11:43:14.198+0000][gc,task       ] GC(8) Using 8 workers of 8 for evacuation
[2024-01-26T11:43:14.202+0000][gc,phases     ] GC(8)   Pre Evacuate Collection Set: 0.0ms
[2024-01-26T11:43:14.202+0000][gc,phases     ] GC(8)   Evacuate Collection Set: 3.7ms
[2024-01-26T11:43:14.202+0000][gc,phases     ] GC(8)   Post Evacuate Collection Set: 0.5ms
[2024-01-26T11:43:14.202+0000][gc,phases     ] GC(8)   Other: 0.2ms
[2024-01-26T11:43:14.202+0000][gc,heap       ] GC(8) Eden regions: 45->0(48)
[2024-01-26T11:43:14.202+0000][gc,heap       ] GC(8) Survivor regions: 6->3(7)
[2024-01-26T11:43:14.202+0000][gc,heap       ] GC(8) Old regions: 13->17
[2024-01-26T11:43:14.202+0000][gc,heap       ] GC(8) Humongous regions: 138->138
[2024-01-26T11:43:14.202+0000][gc,metaspace  ] GC(8) Metaspace: 51697K(54444K)->51697K(54444K) NonClass: 45564K(47020K)->45564K(47020K) Class: 6133K(7424K)->6133K(7424K)
[2024-01-26T11:43:14.202+0000][gc            ] GC(8) Pause Young (Normal) (G1 Evacuation Pause) 201M->156M(1024M) 4.507ms
[2024-01-26T11:43:14.202+0000][gc,cpu        ] GC(8) User=0.02s Sys=0.00s Real=0.01s
[2024-01-26T11:43:14.743+0000][gc,start      ] GC(9) Pause Young (Normal) (G1 Evacuation Pause)
[2024-01-26T11:43:14.743+0000][gc,task       ] GC(9) Using 8 workers of 8 for evacuation
[2024-01-26T11:43:14.747+0000][gc,phases     ] GC(9)   Pre Evacuate Collection Set: 0.0ms
[2024-01-26T11:43:14.747+0000][gc,phases     ] GC(9)   Evacuate Collection Set: 3.0ms
[2024-01-26T11:43:14.747+0000][gc,phases     ] GC(9)   Post Evacuate Collection Set: 0.9ms
[2024-01-26T11:43:14.747+0000][gc,phases     ] GC(9)   Other: 0.2ms
[2024-01-26T11:43:14.747+0000][gc,heap       ] GC(9) Eden regions: 48->0(48)
[2024-01-26T11:43:14.747+0000][gc,heap       ] GC(9) Survivor regions: 3->4(7)
[2024-01-26T11:43:14.747+0000][gc,heap       ] GC(9) Old regions: 17->17
[2024-01-26T11:43:14.747+0000][gc,heap       ] GC(9) Humongous regions: 138->138
[2024-01-26T11:43:14.747+0000][gc,metaspace  ] GC(9) Metaspace: 51697K(54444K)->51697K(54444K) NonClass: 45564K(47020K)->45564K(47020K) Class: 6133K(7424K)->6133K(7424K)
[2024-01-26T11:43:14.747+0000][gc            ] GC(9) Pause Young (Normal) (G1 Evacuation Pause) 204M->157M(1024M) 4.159ms
[2024-01-26T11:43:14.747+0000][gc,cpu        ] GC(9) User=0.02s Sys=0.00s Real=0.00s
[2024-01-26T11:43:15.246+0000][gc,start      ] GC(10) Pause Young (Normal) (G1 Evacuation Pause)
[2024-01-26T11:43:15.246+0000][gc,task       ] GC(10) Using 8 workers of 8 for evacuation
[2024-01-26T11:43:15.253+0000][gc,phases     ] GC(10)   Pre Evacuate Collection Set: 0.1ms
[2024-01-26T11:43:15.253+0000][gc,phases     ] GC(10)   Evacuate Collection Set: 5.4ms
[2024-01-26T11:43:15.253+0000][gc,phases     ] GC(10)   Post Evacuate Collection Set: 0.5ms
[2024-01-26T11:43:15.253+0000][gc,phases     ] GC(10)   Other: 0.3ms
[2024-01-26T11:43:15.253+0000][gc,heap       ] GC(10) Eden regions: 48->0(54)
[2024-01-26T11:43:15.253+0000][gc,heap       ] GC(10) Survivor regions: 4->4(7)
[2024-01-26T11:43:15.253+0000][gc,heap       ] GC(10) Old regions: 17->17
[2024-01-26T11:43:15.253+0000][gc,heap       ] GC(10) Humongous regions: 138->138
[2024-01-26T11:43:15.253+0000][gc,metaspace  ] GC(10) Metaspace: 51698K(54444K)->51698K(54444K) NonClass: 45565K(47020K)->45565K(47020K) Class: 6133K(7424K)->6133K(7424K)
[2024-01-26T11:43:15.253+0000][gc            ] GC(10) Pause Young (Normal) (G1 Evacuation Pause) 205M->158M(1024M) 6.256ms
[2024-01-26T11:43:15.253+0000][gc,cpu        ] GC(10) User=0.03s Sys=0.00s Real=0.01s
[2024-01-26T11:43:15.839+0000][gc,start      ] GC(11) Pause Young (Normal) (G1 Evacuation Pause)
[2024-01-26T11:43:15.839+0000][gc,task       ] GC(11) Using 8 workers of 8 for evacuation
[2024-01-26T11:43:15.844+0000][gc,phases     ] GC(11)   Pre Evacuate Collection Set: 0.0ms
[2024-01-26T11:43:15.844+0000][gc,phases     ] GC(11)   Evacuate Collection Set: 4.3ms
[2024-01-26T11:43:15.844+0000][gc,phases     ] GC(11)   Post Evacuate Collection Set: 0.4ms
[2024-01-26T11:43:15.844+0000][gc,phases     ] GC(11)   Other: 0.3ms
[2024-01-26T11:43:15.844+0000][gc,heap       ] GC(11) Eden regions: 54->0(60)
[2024-01-26T11:43:15.844+0000][gc,heap       ] GC(11) Survivor regions: 4->5(8)
[2024-01-26T11:43:15.844+0000][gc,heap       ] GC(11) Old regions: 17->17
[2024-01-26T11:43:15.844+0000][gc,heap       ] GC(11) Humongous regions: 138->138
[2024-01-26T11:43:15.844+0000][gc,metaspace  ] GC(11) Metaspace: 51700K(54444K)->51700K(54444K) NonClass: 45566K(47020K)->45566K(47020K) Class: 6133K(7424K)->6133K(7424K)
[2024-01-26T11:43:15.844+0000][gc            ] GC(11) Pause Young (Normal) (G1 Evacuation Pause) 212M->158M(1024M) 4.978ms
[2024-01-26T11:43:15.844+0000][gc,cpu        ] GC(11) User=0.03s Sys=0.01s Real=0.01s
[2024-01-26T11:43:16.393+0000][gc,start      ] GC(12) Pause Young (Normal) (G1 Evacuation Pause)
[2024-01-26T11:43:16.393+0000][gc,task       ] GC(12) Using 8 workers of 8 for evacuation
[2024-01-26T11:43:16.429+0000][gc,mmu        ] GC(12) MMU target violated: 21.0ms (20.0ms/21.0ms)
[2024-01-26T11:43:16.429+0000][gc,phases     ] GC(12)   Pre Evacuate Collection Set: 0.0ms
[2024-01-26T11:43:16.429+0000][gc,phases     ] GC(12)   Evacuate Collection Set: 35.7ms
[2024-01-26T11:43:16.429+0000][gc,phases     ] GC(12)   Post Evacuate Collection Set: 0.7ms
[2024-01-26T11:43:16.429+0000][gc,phases     ] GC(12)   Other: 0.2ms
[2024-01-26T11:43:16.429+0000][gc,heap       ] GC(12) Eden regions: 60->0(175)
[2024-01-26T11:43:16.429+0000][gc,heap       ] GC(12) Survivor regions: 5->5(9)
[2024-01-26T11:43:16.429+0000][gc,heap       ] GC(12) Old regions: 17->17
[2024-01-26T11:43:16.429+0000][gc,heap       ] GC(12) Humongous regions: 138->138
[2024-01-26T11:43:16.429+0000][gc,metaspace  ] GC(12) Metaspace: 51724K(54444K)->51724K(54444K) NonClass: 45591K(47020K)->45591K(47020K) Class: 6133K(7424K)->6133K(7424K)
[2024-01-26T11:43:16.429+0000][gc            ] GC(12) Pause Young (Normal) (G1 Evacuation Pause) 218M->158M(1024M) 36.701ms
[2024-01-26T11:43:16.429+0000][gc,cpu        ] GC(12) User=0.19s Sys=0.02s Real=0.04s
[2024-01-26T11:43:18.089+0000][gc,start      ] GC(13) Pause Young (Normal) (G1 Evacuation Pause)
[2024-01-26T11:43:18.089+0000][gc,task       ] GC(13) Using 8 workers of 8 for evacuation
[2024-01-26T11:43:18.113+0000][gc,mmu        ] GC(13) MMU target violated: 21.0ms (20.0ms/21.0ms)
[2024-01-26T11:43:18.113+0000][gc,phases     ] GC(13)   Pre Evacuate Collection Set: 0.0ms
[2024-01-26T11:43:18.113+0000][gc,phases     ] GC(13)   Evacuate Collection Set: 22.7ms
[2024-01-26T11:43:18.113+0000][gc,phases     ] GC(13)   Post Evacuate Collection Set: 0.6ms
[2024-01-26T11:43:18.113+0000][gc,phases     ] GC(13)   Other: 0.3ms
[2024-01-26T11:43:18.113+0000][gc,heap       ] GC(13) Eden regions: 175->0(176)
[2024-01-26T11:43:18.113+0000][gc,heap       ] GC(13) Survivor regions: 5->6(23)
[2024-01-26T11:43:18.113+0000][gc,heap       ] GC(13) Old regions: 17->17
[2024-01-26T11:43:18.113+0000][gc,heap       ] GC(13) Humongous regions: 138->138
[2024-01-26T11:43:18.113+0000][gc,metaspace  ] GC(13) Metaspace: 51968K(54828K)->51968K(54828K) NonClass: 45786K(47276K)->45786K(47276K) Class: 6181K(7552K)->6181K(7552K)
[2024-01-26T11:43:18.113+0000][gc            ] GC(13) Pause Young (Normal) (G1 Evacuation Pause) 333M->160M(1024M) 23.634ms
[2024-01-26T11:43:18.113+0000][gc,cpu        ] GC(13) User=0.08s Sys=0.07s Real=0.02s
[2024-01-26T11:43:19.336+0000][gc,start      ] GC(14) Pause Young (Normal) (G1 Evacuation Pause)
[2024-01-26T11:43:19.336+0000][gc,task       ] GC(14) Using 8 workers of 8 for evacuation
[2024-01-26T11:43:19.340+0000][gc,phases     ] GC(14)   Pre Evacuate Collection Set: 0.1ms
[2024-01-26T11:43:19.341+0000][gc,phases     ] GC(14)   Evacuate Collection Set: 3.4ms
[2024-01-26T11:43:19.341+0000][gc,phases     ] GC(14)   Post Evacuate Collection Set: 0.6ms
[2024-01-26T11:43:19.341+0000][gc,phases     ] GC(14)   Other: 0.2ms
[2024-01-26T11:43:19.341+0000][gc,heap       ] GC(14) Eden regions: 176->0(182)
[2024-01-26T11:43:19.341+0000][gc,heap       ] GC(14) Survivor regions: 6->7(23)
[2024-01-26T11:43:19.341+0000][gc,heap       ] GC(14) Old regions: 17->17
[2024-01-26T11:43:19.341+0000][gc,heap       ] GC(14) Humongous regions: 138->138
[2024-01-26T11:43:19.341+0000][gc,metaspace  ] GC(14) Metaspace: 52043K(54828K)->52043K(54828K) NonClass: 45861K(47276K)->45861K(47276K) Class: 6181K(7552K)->6181K(7552K)
[2024-01-26T11:43:19.341+0000][gc            ] GC(14) Pause Young (Normal) (G1 Evacuation Pause) 336M->160M(1024M) 4.282ms
[2024-01-26T11:43:19.341+0000][gc,cpu        ] GC(14) User=0.02s Sys=0.00s Real=0.01s
[2024-01-26T11:43:20.568+0000][gc,start      ] GC(15) Pause Young (Normal) (G1 Evacuation Pause)
[2024-01-26T11:43:20.568+0000][gc,task       ] GC(15) Using 8 workers of 8 for evacuation
[2024-01-26T11:43:20.575+0000][gc,phases     ] GC(15)   Pre Evacuate Collection Set: 0.0ms
[2024-01-26T11:43:20.575+0000][gc,phases     ] GC(15)   Evacuate Collection Set: 5.9ms
[2024-01-26T11:43:20.575+0000][gc,phases     ] GC(15)   Post Evacuate Collection Set: 0.9ms
[2024-01-26T11:43:20.575+0000][gc,phases     ] GC(15)   Other: 0.2ms
[2024-01-26T11:43:20.575+0000][gc,heap       ] GC(15) Eden regions: 182->0(232)
[2024-01-26T11:43:20.575+0000][gc,heap       ] GC(15) Survivor regions: 7->7(24)
[2024-01-26T11:43:20.575+0000][gc,heap       ] GC(15) Old regions: 17->17
[2024-01-26T11:43:20.575+0000][gc,heap       ] GC(15) Humongous regions: 138->138
[2024-01-26T11:43:20.575+0000][gc,metaspace  ] GC(15) Metaspace: 52116K(55084K)->52116K(55084K) NonClass: 45934K(47532K)->45934K(47532K) Class: 6181K(7552K)->6181K(7552K)
[2024-01-26T11:43:20.575+0000][gc            ] GC(15) Pause Young (Normal) (G1 Evacuation Pause) 342M->161M(1024M) 7.154ms
[2024-01-26T11:43:20.575+0000][gc,cpu        ] GC(15) User=0.03s Sys=0.01s Real=0.01s
[2024-01-26T11:43:22.227+0000][gc,start      ] GC(16) Pause Young (Normal) (G1 Evacuation Pause)
[2024-01-26T11:43:22.227+0000][gc,task       ] GC(16) Using 8 workers of 8 for evacuation
[2024-01-26T11:43:22.236+0000][gc,phases     ] GC(16)   Pre Evacuate Collection Set: 0.0ms
[2024-01-26T11:43:22.236+0000][gc,phases     ] GC(16)   Evacuate Collection Set: 7.9ms
[2024-01-26T11:43:22.236+0000][gc,phases     ] GC(16)   Post Evacuate Collection Set: 0.9ms
[2024-01-26T11:43:22.236+0000][gc,phases     ] GC(16)   Other: 0.2ms
[2024-01-26T11:43:22.236+0000][gc,heap       ] GC(16) Eden regions: 232->0(240)
[2024-01-26T11:43:22.236+0000][gc,heap       ] GC(16) Survivor regions: 7->8(30)
[2024-01-26T11:43:22.236+0000][gc,heap       ] GC(16) Old regions: 17->17
[2024-01-26T11:43:22.236+0000][gc,heap       ] GC(16) Humongous regions: 138->138
[2024-01-26T11:43:22.236+0000][gc,metaspace  ] GC(16) Metaspace: 52206K(55084K)->52206K(55084K) NonClass: 46024K(47532K)->46024K(47532K) Class: 6181K(7552K)->6181K(7552K)
[2024-01-26T11:43:22.236+0000][gc            ] GC(16) Pause Young (Normal) (G1 Evacuation Pause) 393M->161M(1024M) 9.109ms
[2024-01-26T11:43:22.236+0000][gc,cpu        ] GC(16) User=0.03s Sys=0.01s Real=0.01s
[2024-01-26T11:43:23.897+0000][gc,start      ] GC(17) Pause Young (Normal) (G1 Evacuation Pause)
[2024-01-26T11:43:23.897+0000][gc,task       ] GC(17) Using 8 workers of 8 for evacuation
[2024-01-26T11:43:23.911+0000][gc,phases     ] GC(17)   Pre Evacuate Collection Set: 0.0ms
[2024-01-26T11:43:23.911+0000][gc,phases     ] GC(17)   Evacuate Collection Set: 12.7ms
[2024-01-26T11:43:23.911+0000][gc,phases     ] GC(17)   Post Evacuate Collection Set: 0.6ms
[2024-01-26T11:43:23.911+0000][gc,phases     ] GC(17)   Other: 0.2ms
[2024-01-26T11:43:23.911+0000][gc,heap       ] GC(17) Eden regions: 240->0(288)
[2024-01-26T11:43:23.911+0000][gc,heap       ] GC(17) Survivor regions: 8->9(31)
[2024-01-26T11:43:23.911+0000][gc,heap       ] GC(17) Old regions: 17->17
[2024-01-26T11:43:23.911+0000][gc,heap       ] GC(17) Humongous regions: 138->138
[2024-01-26T11:43:23.911+0000][gc,metaspace  ] GC(17) Metaspace: 52265K(55084K)->52265K(55084K) NonClass: 46083K(47532K)->46083K(47532K) Class: 6182K(7552K)->6182K(7552K)
[2024-01-26T11:43:23.911+0000][gc            ] GC(17) Pause Young (Normal) (G1 Evacuation Pause) 401M->162M(1024M) 13.600ms
[2024-01-26T11:43:23.911+0000][gc,cpu        ] GC(17) User=0.08s Sys=0.01s Real=0.02s
[2024-01-26T11:43:25.909+0000][gc,start      ] GC(18) Pause Young (Normal) (G1 Evacuation Pause)
[2024-01-26T11:43:25.909+0000][gc,task       ] GC(18) Using 8 workers of 8 for evacuation
[2024-01-26T11:43:25.920+0000][gc,phases     ] GC(18)   Pre Evacuate Collection Set: 0.1ms
[2024-01-26T11:43:25.920+0000][gc,phases     ] GC(18)   Evacuate Collection Set: 9.7ms
[2024-01-26T11:43:25.920+0000][gc,phases     ] GC(18)   Post Evacuate Collection Set: 0.8ms
[2024-01-26T11:43:25.920+0000][gc,phases     ] GC(18)   Other: 0.2ms
[2024-01-26T11:43:25.920+0000][gc,heap       ] GC(18) Eden regions: 288->0(593)
[2024-01-26T11:43:25.920+0000][gc,heap       ] GC(18) Survivor regions: 9->9(38)
[2024-01-26T11:43:25.920+0000][gc,heap       ] GC(18) Old regions: 17->17
[2024-01-26T11:43:25.920+0000][gc,heap       ] GC(18) Humongous regions: 138->138
[2024-01-26T11:43:25.920+0000][gc,metaspace  ] GC(18) Metaspace: 52373K(55340K)->52373K(55340K) NonClass: 46185K(47788K)->46185K(47788K) Class: 6188K(7552K)->6188K(7552K)
[2024-01-26T11:43:25.920+0000][gc            ] GC(18) Pause Young (Normal) (G1 Evacuation Pause) 450M->162M(1024M) 10.849ms
[2024-01-26T11:43:25.920+0000][gc,cpu        ] GC(18) User=0.04s Sys=0.04s Real=0.01s
[2024-01-26T11:43:30.263+0000][gc,start      ] GC(19) Pause Young (Normal) (G1 Evacuation Pause)
[2024-01-26T11:43:30.263+0000][gc,task       ] GC(19) Using 8 workers of 8 for evacuation
[2024-01-26T11:43:30.282+0000][gc,phases     ] GC(19)   Pre Evacuate Collection Set: 0.6ms
[2024-01-26T11:43:30.283+0000][gc,phases     ] GC(19)   Evacuate Collection Set: 12.8ms
[2024-01-26T11:43:30.283+0000][gc,phases     ] GC(19)   Post Evacuate Collection Set: 4.0ms
[2024-01-26T11:43:30.283+0000][gc,phases     ] GC(19)   Other: 3.5ms
[2024-01-26T11:43:30.283+0000][gc,heap       ] GC(19) Eden regions: 593->0(604)
[2024-01-26T11:43:30.283+0000][gc,heap       ] GC(19) Survivor regions: 9->10(76)
[2024-01-26T11:43:30.283+0000][gc,heap       ] GC(19) Old regions: 17->17
[2024-01-26T11:43:30.283+0000][gc,heap       ] GC(19) Humongous regions: 138->138
[2024-01-26T11:43:30.283+0000][gc,metaspace  ] GC(19) Metaspace: 52516K(55596K)->52516K(55596K) NonClass: 46328K(48044K)->46328K(48044K) Class: 6188K(7552K)->6188K(7552K)
[2024-01-26T11:43:30.283+0000][gc            ] GC(19) Pause Young (Normal) (G1 Evacuation Pause) 755M->163M(1024M) 20.501ms
[2024-01-26T11:43:30.283+0000][gc,cpu        ] GC(19) User=0.06s Sys=0.02s Real=0.02s
[2024-01-26T11:43:34.870+0000][gc,start      ] GC(20) Pause Young (Normal) (G1 Evacuation Pause)
[2024-01-26T11:43:34.870+0000][gc,task       ] GC(20) Using 8 workers of 8 for evacuation
[2024-01-26T11:43:34.885+0000][gc,phases     ] GC(20)   Pre Evacuate Collection Set: 0.2ms
[2024-01-26T11:43:34.885+0000][gc,phases     ] GC(20)   Evacuate Collection Set: 13.9ms
[2024-01-26T11:43:34.885+0000][gc,phases     ] GC(20)   Post Evacuate Collection Set: 0.7ms
[2024-01-26T11:43:34.885+0000][gc,phases     ] GC(20)   Other: 0.4ms
[2024-01-26T11:43:34.885+0000][gc,heap       ] GC(20) Eden regions: 604->0(603)
[2024-01-26T11:43:34.885+0000][gc,heap       ] GC(20) Survivor regions: 10->11(77)
[2024-01-26T11:43:34.885+0000][gc,heap       ] GC(20) Old regions: 17->17
[2024-01-26T11:43:34.885+0000][gc,heap       ] GC(20) Humongous regions: 138->138
[2024-01-26T11:43:34.885+0000][gc,metaspace  ] GC(20) Metaspace: 52615K(55596K)->52615K(55596K) NonClass: 46427K(48044K)->46427K(48044K) Class: 6188K(7552K)->6188K(7552K)
[2024-01-26T11:43:34.885+0000][gc            ] GC(20) Pause Young (Normal) (G1 Evacuation Pause) 767M->164M(1024M) 15.296ms
[2024-01-26T11:43:34.885+0000][gc,cpu        ] GC(20) User=0.10s Sys=0.01s Real=0.01s
[2024-01-26T11:43:38.777+0000][gc,start      ] GC(21) Pause Young (Normal) (G1 Evacuation Pause)
[2024-01-26T11:43:38.777+0000][gc,task       ] GC(21) Using 8 workers of 8 for evacuation
[2024-01-26T11:43:38.786+0000][gc,phases     ] GC(21)   Pre Evacuate Collection Set: 0.1ms
[2024-01-26T11:43:38.786+0000][gc,phases     ] GC(21)   Evacuate Collection Set: 7.6ms
[2024-01-26T11:43:38.786+0000][gc,phases     ] GC(21)   Post Evacuate Collection Set: 0.7ms
[2024-01-26T11:43:38.786+0000][gc,phases     ] GC(21)   Other: 0.2ms
[2024-01-26T11:43:38.786+0000][gc,heap       ] GC(21) Eden regions: 603->0(603)
[2024-01-26T11:43:38.786+0000][gc,heap       ] GC(21) Survivor regions: 11->11(77)
[2024-01-26T11:43:38.786+0000][gc,heap       ] GC(21) Old regions: 17->17
[2024-01-26T11:43:38.786+0000][gc,heap       ] GC(21) Humongous regions: 138->138
[2024-01-26T11:43:38.786+0000][gc,metaspace  ] GC(21) Metaspace: 52647K(55596K)->52647K(55596K) NonClass: 46459K(48044K)->46459K(48044K) Class: 6188K(7552K)->6188K(7552K)
[2024-01-26T11:43:38.786+0000][gc            ] GC(21) Pause Young (Normal) (G1 Evacuation Pause) 767M->165M(1024M) 8.702ms
[2024-01-26T11:43:38.786+0000][gc,cpu        ] GC(21) User=0.03s Sys=0.00s Real=0.01s
[2024-01-26T11:43:42.640+0000][gc,start      ] GC(22) Pause Young (Normal) (G1 Evacuation Pause)
[2024-01-26T11:43:42.640+0000][gc,task       ] GC(22) Using 8 workers of 8 for evacuation
[2024-01-26T11:43:42.655+0000][gc,phases     ] GC(22)   Pre Evacuate Collection Set: 0.1ms
[2024-01-26T11:43:42.655+0000][gc,phases     ] GC(22)   Evacuate Collection Set: 12.8ms
[2024-01-26T11:43:42.655+0000][gc,phases     ] GC(22)   Post Evacuate Collection Set: 1.4ms
[2024-01-26T11:43:42.655+0000][gc,phases     ] GC(22)   Other: 0.4ms
[2024-01-26T11:43:42.655+0000][gc,heap       ] GC(22) Eden regions: 603->0(603)
[2024-01-26T11:43:42.655+0000][gc,heap       ] GC(22) Survivor regions: 11->11(77)
[2024-01-26T11:43:42.655+0000][gc,heap       ] GC(22) Old regions: 17->18
[2024-01-26T11:43:42.655+0000][gc,heap       ] GC(22) Humongous regions: 138->138
[2024-01-26T11:43:42.655+0000][gc,metaspace  ] GC(22) Metaspace: 52678K(55596K)->52678K(55596K) NonClass: 46490K(48044K)->46490K(48044K) Class: 6188K(7552K)->6188K(7552K)
[2024-01-26T11:43:42.655+0000][gc            ] GC(22) Pause Young (Normal) (G1 Evacuation Pause) 768M->166M(1024M) 14.893ms
[2024-01-26T11:43:42.655+0000][gc,cpu        ] GC(22) User=0.08s Sys=0.01s Real=0.01s
[2024-01-26T11:43:46.821+0000][gc,start      ] GC(23) Pause Young (Normal) (G1 Evacuation Pause)
[2024-01-26T11:43:46.821+0000][gc,task       ] GC(23) Using 8 workers of 8 for evacuation
[2024-01-26T11:43:46.828+0000][gc,phases     ] GC(23)   Pre Evacuate Collection Set: 0.1ms
[2024-01-26T11:43:46.828+0000][gc,phases     ] GC(23)   Evacuate Collection Set: 6.3ms
[2024-01-26T11:43:46.828+0000][gc,phases     ] GC(23)   Post Evacuate Collection Set: 0.7ms
[2024-01-26T11:43:46.828+0000][gc,phases     ] GC(23)   Other: 0.4ms
[2024-01-26T11:43:46.828+0000][gc,heap       ] GC(23) Eden regions: 603->0(604)
[2024-01-26T11:43:46.828+0000][gc,heap       ] GC(23) Survivor regions: 11->10(77)
[2024-01-26T11:43:46.828+0000][gc,heap       ] GC(23) Old regions: 18->19
[2024-01-26T11:43:46.828+0000][gc,heap       ] GC(23) Humongous regions: 138->138
[2024-01-26T11:43:46.828+0000][gc,metaspace  ] GC(23) Metaspace: 52796K(55852K)->52796K(55852K) NonClass: 46608K(48300K)->46608K(48300K) Class: 6188K(7552K)->6188K(7552K)
[2024-01-26T11:43:46.828+0000][gc            ] GC(23) Pause Young (Normal) (G1 Evacuation Pause) 769M->166M(1024M) 7.455ms
[2024-01-26T11:43:46.828+0000][gc,cpu        ] GC(23) User=0.04s Sys=0.00s Real=0.00s
[2024-01-26T11:43:50.542+0000][gc,start      ] GC(24) Pause Young (Normal) (G1 Evacuation Pause)
[2024-01-26T11:43:50.542+0000][gc,task       ] GC(24) Using 8 workers of 8 for evacuation
[2024-01-26T11:43:50.555+0000][gc,phases     ] GC(24)   Pre Evacuate Collection Set: 0.1ms
[2024-01-26T11:43:50.555+0000][gc,phases     ] GC(24)   Evacuate Collection Set: 11.6ms
[2024-01-26T11:43:50.555+0000][gc,phases     ] GC(24)   Post Evacuate Collection Set: 0.7ms
[2024-01-26T11:43:50.555+0000][gc,phases     ] GC(24)   Other: 0.3ms
[2024-01-26T11:43:50.555+0000][gc,heap       ] GC(24) Eden regions: 604->0(604)
[2024-01-26T11:43:50.555+0000][gc,heap       ] GC(24) Survivor regions: 10->10(77)
[2024-01-26T11:43:50.555+0000][gc,heap       ] GC(24) Old regions: 19->20
[2024-01-26T11:43:50.555+0000][gc,heap       ] GC(24) Humongous regions: 138->138
[2024-01-26T11:43:50.555+0000][gc,metaspace  ] GC(24) Metaspace: 52836K(55852K)->52836K(55852K) NonClass: 46648K(48300K)->46648K(48300K) Class: 6188K(7552K)->6188K(7552K)
[2024-01-26T11:43:50.555+0000][gc            ] GC(24) Pause Young (Normal) (G1 Evacuation Pause) 770M->166M(1024M) 12.709ms
[2024-01-26T11:43:50.555+0000][gc,cpu        ] GC(24) User=0.05s Sys=0.00s Real=0.01s
[2024-01-26T11:43:54.414+0000][gc,start      ] GC(25) Pause Young (Normal) (G1 Evacuation Pause)
[2024-01-26T11:43:54.414+0000][gc,task       ] GC(25) Using 8 workers of 8 for evacuation
[2024-01-26T11:43:54.420+0000][gc,phases     ] GC(25)   Pre Evacuate Collection Set: 0.0ms
[2024-01-26T11:43:54.420+0000][gc,phases     ] GC(25)   Evacuate Collection Set: 5.2ms
[2024-01-26T11:43:54.420+0000][gc,phases     ] GC(25)   Post Evacuate Collection Set: 0.6ms
[2024-01-26T11:43:54.420+0000][gc,phases     ] GC(25)   Other: 0.3ms
[2024-01-26T11:43:54.420+0000][gc,heap       ] GC(25) Eden regions: 604->0(604)
[2024-01-26T11:43:54.420+0000][gc,heap       ] GC(25) Survivor regions: 10->10(77)
[2024-01-26T11:43:54.420+0000][gc,heap       ] GC(25) Old regions: 20->20
[2024-01-26T11:43:54.420+0000][gc,heap       ] GC(25) Humongous regions: 138->138
[2024-01-26T11:43:54.420+0000][gc,metaspace  ] GC(25) Metaspace: 52849K(55852K)->52849K(55852K) NonClass: 46661K(48300K)->46661K(48300K) Class: 6188K(7552K)->6188K(7552K)
[2024-01-26T11:43:54.420+0000][gc            ] GC(25) Pause Young (Normal) (G1 Evacuation Pause) 770M->167M(1024M) 6.160ms
[2024-01-26T11:43:54.420+0000][gc,cpu        ] GC(25) User=0.05s Sys=0.00s Real=0.01s
[2024-01-26T11:43:58.372+0000][gc,start      ] GC(26) Pause Young (Normal) (G1 Evacuation Pause)
[2024-01-26T11:43:58.372+0000][gc,task       ] GC(26) Using 8 workers of 8 for evacuation
[2024-01-26T11:43:58.378+0000][gc,phases     ] GC(26)   Pre Evacuate Collection Set: 0.1ms
[2024-01-26T11:43:58.378+0000][gc,phases     ] GC(26)   Evacuate Collection Set: 5.1ms
[2024-01-26T11:43:58.378+0000][gc,phases     ] GC(26)   Post Evacuate Collection Set: 0.7ms
[2024-01-26T11:43:58.378+0000][gc,phases     ] GC(26)   Other: 0.8ms
[2024-01-26T11:43:58.378+0000][gc,heap       ] GC(26) Eden regions: 604->0(604)
[2024-01-26T11:43:58.378+0000][gc,heap       ] GC(26) Survivor regions: 10->10(77)
[2024-01-26T11:43:58.378+0000][gc,heap       ] GC(26) Old regions: 20->21
[2024-01-26T11:43:58.378+0000][gc,heap       ] GC(26) Humongous regions: 138->138
[2024-01-26T11:43:58.378+0000][gc,metaspace  ] GC(26) Metaspace: 52928K(55852K)->52928K(55852K) NonClass: 46740K(48300K)->46740K(48300K) Class: 6188K(7552K)->6188K(7552K)
[2024-01-26T11:43:58.378+0000][gc            ] GC(26) Pause Young (Normal) (G1 Evacuation Pause) 771M->167M(1024M) 6.310ms
[2024-01-26T11:43:58.378+0000][gc,cpu        ] GC(26) User=0.03s Sys=0.00s Real=0.00s
[2024-01-26T11:44:02.919+0000][gc,start      ] GC(27) Pause Young (Normal) (G1 Evacuation Pause)
[2024-01-26T11:44:02.919+0000][gc,task       ] GC(27) Using 8 workers of 8 for evacuation
[2024-01-26T11:44:02.929+0000][gc,phases     ] GC(27)   Pre Evacuate Collection Set: 0.1ms
[2024-01-26T11:44:02.929+0000][gc,phases     ] GC(27)   Evacuate Collection Set: 8.2ms
[2024-01-26T11:44:02.929+0000][gc,phases     ] GC(27)   Post Evacuate Collection Set: 0.9ms
[2024-01-26T11:44:02.929+0000][gc,phases     ] GC(27)   Other: 0.5ms
[2024-01-26T11:44:02.929+0000][gc,heap       ] GC(27) Eden regions: 604->0(604)
[2024-01-26T11:44:02.929+0000][gc,heap       ] GC(27) Survivor regions: 10->10(77)
[2024-01-26T11:44:02.929+0000][gc,heap       ] GC(27) Old regions: 21->21
[2024-01-26T11:44:02.929+0000][gc,heap       ] GC(27) Humongous regions: 138->138
[2024-01-26T11:44:02.929+0000][gc,metaspace  ] GC(27) Metaspace: 53041K(56108K)->53041K(56108K) NonClass: 46846K(48556K)->46846K(48556K) Class: 6194K(7552K)->6194K(7552K)
[2024-01-26T11:44:02.929+0000][gc            ] GC(27) Pause Young (Normal) (G1 Evacuation Pause) 771M->168M(1024M) 9.784ms
[2024-01-26T11:44:02.929+0000][gc,cpu        ] GC(27) User=0.05s Sys=0.00s Real=0.01s
[2024-01-26T11:44:07.378+0000][gc,start      ] GC(28) Pause Young (Normal) (G1 Evacuation Pause)
[2024-01-26T11:44:07.378+0000][gc,task       ] GC(28) Using 8 workers of 8 for evacuation
[2024-01-26T11:44:07.385+0000][gc,phases     ] GC(28)   Pre Evacuate Collection Set: 0.0ms
[2024-01-26T11:44:07.385+0000][gc,phases     ] GC(28)   Evacuate Collection Set: 5.5ms
[2024-01-26T11:44:07.385+0000][gc,phases     ] GC(28)   Post Evacuate Collection Set: 0.9ms
[2024-01-26T11:44:07.385+0000][gc,phases     ] GC(28)   Other: 0.3ms
[2024-01-26T11:44:07.385+0000][gc,heap       ] GC(28) Eden regions: 604->0(605)
[2024-01-26T11:44:07.385+0000][gc,heap       ] GC(28) Survivor regions: 10->9(77)
[2024-01-26T11:44:07.385+0000][gc,heap       ] GC(28) Old regions: 21->22
[2024-01-26T11:44:07.385+0000][gc,heap       ] GC(28) Humongous regions: 138->138
[2024-01-26T11:44:07.385+0000][gc,metaspace  ] GC(28) Metaspace: 53315K(56364K)->53315K(56364K) NonClass: 47093K(48812K)->47093K(48812K) Class: 6222K(7552K)->6222K(7552K)
[2024-01-26T11:44:07.385+0000][gc            ] GC(28) Pause Young (Normal) (G1 Evacuation Pause) 772M->168M(1024M) 6.903ms
[2024-01-26T11:44:07.385+0000][gc,cpu        ] GC(28) User=0.05s Sys=0.00s Real=0.00s
[2024-01-26T11:44:11.948+0000][gc,start      ] GC(29) Pause Young (Normal) (G1 Evacuation Pause)
[2024-01-26T11:44:11.948+0000][gc,task       ] GC(29) Using 8 workers of 8 for evacuation
[2024-01-26T11:44:11.956+0000][gc,phases     ] GC(29)   Pre Evacuate Collection Set: 0.0ms
[2024-01-26T11:44:11.956+0000][gc,phases     ] GC(29)   Evacuate Collection Set: 5.4ms
[2024-01-26T11:44:11.956+0000][gc,phases     ] GC(29)   Post Evacuate Collection Set: 2.0ms
[2024-01-26T11:44:11.956+0000][gc,phases     ] GC(29)   Other: 0.2ms
[2024-01-26T11:44:11.956+0000][gc,heap       ] GC(29) Eden regions: 605->0(605)
[2024-01-26T11:44:11.956+0000][gc,heap       ] GC(29) Survivor regions: 9->9(77)
[2024-01-26T11:44:11.956+0000][gc,heap       ] GC(29) Old regions: 22->23
[2024-01-26T11:44:11.956+0000][gc,heap       ] GC(29) Humongous regions: 138->138
[2024-01-26T11:44:11.956+0000][gc,metaspace  ] GC(29) Metaspace: 53409K(56364K)->53409K(56364K) NonClass: 47183K(48812K)->47183K(48812K) Class: 6225K(7552K)->6225K(7552K)
[2024-01-26T11:44:11.956+0000][gc            ] GC(29) Pause Young (Normal) (G1 Evacuation Pause) 773M->169M(1024M) 7.743ms
[2024-01-26T11:44:11.956+0000][gc,cpu        ] GC(29) User=0.04s Sys=0.00s Real=0.00s
[2024-01-26T11:44:15.918+0000][gc,start      ] GC(30) Pause Young (Normal) (G1 Evacuation Pause)
[2024-01-26T11:44:15.918+0000][gc,task       ] GC(30) Using 8 workers of 8 for evacuation
[2024-01-26T11:44:15.925+0000][gc,phases     ] GC(30)   Pre Evacuate Collection Set: 0.0ms
[2024-01-26T11:44:15.925+0000][gc,phases     ] GC(30)   Evacuate Collection Set: 6.5ms
[2024-01-26T11:44:15.925+0000][gc,phases     ] GC(30)   Post Evacuate Collection Set: 0.7ms
[2024-01-26T11:44:15.925+0000][gc,phases     ] GC(30)   Other: 0.2ms
[2024-01-26T11:44:15.925+0000][gc,heap       ] GC(30) Eden regions: 605->0(605)
[2024-01-26T11:44:15.925+0000][gc,heap       ] GC(30) Survivor regions: 9->9(77)
[2024-01-26T11:44:15.925+0000][gc,heap       ] GC(30) Old regions: 23->23
[2024-01-26T11:44:15.925+0000][gc,heap       ] GC(30) Humongous regions: 138->138
[2024-01-26T11:44:15.925+0000][gc,metaspace  ] GC(30) Metaspace: 53448K(56364K)->53448K(56364K) NonClass: 47222K(48812K)->47222K(48812K) Class: 6225K(7552K)->6225K(7552K)
[2024-01-26T11:44:15.925+0000][gc            ] GC(30) Pause Young (Normal) (G1 Evacuation Pause) 774M->169M(1024M) 7.542ms
[2024-01-26T11:44:15.925+0000][gc,cpu        ] GC(30) User=0.04s Sys=0.00s Real=0.00s
[2024-01-26T11:44:20.205+0000][gc,start      ] GC(31) Pause Young (Normal) (G1 Evacuation Pause)
[2024-01-26T11:44:20.205+0000][gc,task       ] GC(31) Using 8 workers of 8 for evacuation
[2024-01-26T11:44:20.213+0000][gc,phases     ] GC(31)   Pre Evacuate Collection Set: 0.0ms
[2024-01-26T11:44:20.213+0000][gc,phases     ] GC(31)   Evacuate Collection Set: 7.9ms
[2024-01-26T11:44:20.214+0000][gc,phases     ] GC(31)   Post Evacuate Collection Set: 0.7ms
[2024-01-26T11:44:20.214+0000][gc,phases     ] GC(31)   Other: 0.2ms
[2024-01-26T11:44:20.214+0000][gc,heap       ] GC(31) Eden regions: 605->0(605)
[2024-01-26T11:44:20.214+0000][gc,heap       ] GC(31) Survivor regions: 9->9(77)
[2024-01-26T11:44:20.214+0000][gc,heap       ] GC(31) Old regions: 23->24
[2024-01-26T11:44:20.214+0000][gc,heap       ] GC(31) Humongous regions: 138->138
[2024-01-26T11:44:20.214+0000][gc,metaspace  ] GC(31) Metaspace: 53541K(56620K)->53541K(56620K) NonClass: 47309K(49068K)->47309K(49068K) Class: 6231K(7552K)->6231K(7552K)
[2024-01-26T11:44:20.214+0000][gc            ] GC(31) Pause Young (Normal) (G1 Evacuation Pause) 774M->170M(1024M) 8.913ms
[2024-01-26T11:44:20.214+0000][gc,cpu        ] GC(31) User=0.06s Sys=0.00s Real=0.01s
[2024-01-26T11:44:24.171+0000][gc,start      ] GC(32) Pause Young (Normal) (G1 Evacuation Pause)
[2024-01-26T11:44:24.171+0000][gc,task       ] GC(32) Using 8 workers of 8 for evacuation
[2024-01-26T11:44:24.177+0000][gc,phases     ] GC(32)   Pre Evacuate Collection Set: 0.0ms
[2024-01-26T11:44:24.177+0000][gc,phases     ] GC(32)   Evacuate Collection Set: 5.5ms
[2024-01-26T11:44:24.177+0000][gc,phases     ] GC(32)   Post Evacuate Collection Set: 0.5ms
[2024-01-26T11:44:24.177+0000][gc,phases     ] GC(32)   Other: 0.2ms
[2024-01-26T11:44:24.177+0000][gc,heap       ] GC(32) Eden regions: 605->0(605)
[2024-01-26T11:44:24.177+0000][gc,heap       ] GC(32) Survivor regions: 9->9(77)
[2024-01-26T11:44:24.177+0000][gc,heap       ] GC(32) Old regions: 24->24
[2024-01-26T11:44:24.177+0000][gc,heap       ] GC(32) Humongous regions: 138->138
[2024-01-26T11:44:24.177+0000][gc,metaspace  ] GC(32) Metaspace: 53559K(56620K)->53559K(56620K) NonClass: 47327K(49068K)->47327K(49068K) Class: 6232K(7552K)->6232K(7552K)
[2024-01-26T11:44:24.177+0000][gc            ] GC(32) Pause Young (Normal) (G1 Evacuation Pause) 775M->170M(1024M) 6.317ms
[2024-01-26T11:44:24.177+0000][gc,cpu        ] GC(32) User=0.03s Sys=0.00s Real=0.01s
[2024-01-26T11:44:29.200+0000][gc,start      ] GC(33) Pause Young (Normal) (G1 Evacuation Pause)
[2024-01-26T11:44:29.200+0000][gc,task       ] GC(33) Using 8 workers of 8 for evacuation
[2024-01-26T11:44:29.208+0000][gc,phases     ] GC(33)   Pre Evacuate Collection Set: 0.1ms
[2024-01-26T11:44:29.208+0000][gc,phases     ] GC(33)   Evacuate Collection Set: 6.6ms
[2024-01-26T11:44:29.208+0000][gc,phases     ] GC(33)   Post Evacuate Collection Set: 0.9ms
[2024-01-26T11:44:29.208+0000][gc,phases     ] GC(33)   Other: 0.4ms
[2024-01-26T11:44:29.208+0000][gc,heap       ] GC(33) Eden regions: 605->0(605)
[2024-01-26T11:44:29.208+0000][gc,heap       ] GC(33) Survivor regions: 9->9(77)
[2024-01-26T11:44:29.208+0000][gc,heap       ] GC(33) Old regions: 24->25
[2024-01-26T11:44:29.208+0000][gc,heap       ] GC(33) Humongous regions: 138->138
[2024-01-26T11:44:29.208+0000][gc,metaspace  ] GC(33) Metaspace: 53632K(56620K)->53632K(56620K) NonClass: 47400K(49068K)->47400K(49068K) Class: 6232K(7552K)->6232K(7552K)
[2024-01-26T11:44:29.208+0000][gc            ] GC(33) Pause Young (Normal) (G1 Evacuation Pause) 775M->171M(1024M) 7.966ms
[2024-01-26T11:44:29.208+0000][gc,cpu        ] GC(33) User=0.04s Sys=0.00s Real=0.01s
[2024-01-26T11:44:33.284+0000][gc,start      ] GC(34) Pause Young (Normal) (G1 Evacuation Pause)
[2024-01-26T11:44:33.285+0000][gc,task       ] GC(34) Using 8 workers of 8 for evacuation
[2024-01-26T11:44:33.307+0000][gc,mmu        ] GC(34) MMU target violated: 21.0ms (20.0ms/21.0ms)
[2024-01-26T11:44:33.307+0000][gc,phases     ] GC(34)   Pre Evacuate Collection Set: 0.1ms
[2024-01-26T11:44:33.307+0000][gc,phases     ] GC(34)   Evacuate Collection Set: 21.9ms
[2024-01-26T11:44:33.307+0000][gc,phases     ] GC(34)   Post Evacuate Collection Set: 0.6ms
[2024-01-26T11:44:33.307+0000][gc,phases     ] GC(34)   Other: 0.3ms
[2024-01-26T11:44:33.307+0000][gc,heap       ] GC(34) Eden regions: 605->0(605)
[2024-01-26T11:44:33.307+0000][gc,heap       ] GC(34) Survivor regions: 9->9(77)
[2024-01-26T11:44:33.307+0000][gc,heap       ] GC(34) Old regions: 25->26
[2024-01-26T11:44:33.307+0000][gc,heap       ] GC(34) Humongous regions: 138->138
[2024-01-26T11:44:33.307+0000][gc,metaspace  ] GC(34) Metaspace: 53678K(56620K)->53678K(56620K) NonClass: 47445K(49068K)->47445K(49068K) Class: 6232K(7552K)->6232K(7552K)
[2024-01-26T11:44:33.307+0000][gc            ] GC(34) Pause Young (Normal) (G1 Evacuation Pause) 776M->171M(1024M) 22.900ms
[2024-01-26T11:44:33.307+0000][gc,cpu        ] GC(34) User=0.15s Sys=0.01s Real=0.03s
[2024-01-26T11:44:37.211+0000][gc,start      ] GC(35) Pause Young (Normal) (G1 Evacuation Pause)
[2024-01-26T11:44:37.211+0000][gc,task       ] GC(35) Using 8 workers of 8 for evacuation
[2024-01-26T11:44:37.220+0000][gc,phases     ] GC(35)   Pre Evacuate Collection Set: 0.0ms
[2024-01-26T11:44:37.220+0000][gc,phases     ] GC(35)   Evacuate Collection Set: 7.8ms
[2024-01-26T11:44:37.220+0000][gc,phases     ] GC(35)   Post Evacuate Collection Set: 1.2ms
[2024-01-26T11:44:37.220+0000][gc,phases     ] GC(35)   Other: 0.4ms
[2024-01-26T11:44:37.220+0000][gc,heap       ] GC(35) Eden regions: 605->0(606)
[2024-01-26T11:44:37.220+0000][gc,heap       ] GC(35) Survivor regions: 9->8(77)
[2024-01-26T11:44:37.220+0000][gc,heap       ] GC(35) Old regions: 26->26
[2024-01-26T11:44:37.220+0000][gc,heap       ] GC(35) Humongous regions: 138->138
[2024-01-26T11:44:37.220+0000][gc,metaspace  ] GC(35) Metaspace: 53706K(56876K)->53706K(56876K) NonClass: 47473K(49324K)->47473K(49324K) Class: 6232K(7552K)->6232K(7552K)
[2024-01-26T11:44:37.220+0000][gc            ] GC(35) Pause Young (Normal) (G1 Evacuation Pause) 776M->171M(1024M) 9.518ms
[2024-01-26T11:44:37.220+0000][gc,cpu        ] GC(35) User=0.04s Sys=0.00s Real=0.01s
[2024-01-26T11:44:41.472+0000][gc,start      ] GC(36) Pause Young (Normal) (G1 Evacuation Pause)
[2024-01-26T11:44:41.472+0000][gc,task       ] GC(36) Using 8 workers of 8 for evacuation
[2024-01-26T11:44:41.478+0000][gc,phases     ] GC(36)   Pre Evacuate Collection Set: 0.1ms
[2024-01-26T11:44:41.478+0000][gc,phases     ] GC(36)   Evacuate Collection Set: 5.8ms
[2024-01-26T11:44:41.478+0000][gc,phases     ] GC(36)   Post Evacuate Collection Set: 0.6ms
[2024-01-26T11:44:41.478+0000][gc,phases     ] GC(36)   Other: 0.2ms
[2024-01-26T11:44:41.478+0000][gc,heap       ] GC(36) Eden regions: 606->0(606)
[2024-01-26T11:44:41.478+0000][gc,heap       ] GC(36) Survivor regions: 8->8(77)
[2024-01-26T11:44:41.478+0000][gc,heap       ] GC(36) Old regions: 26->27
[2024-01-26T11:44:41.478+0000][gc,heap       ] GC(36) Humongous regions: 138->138
[2024-01-26T11:44:41.478+0000][gc,metaspace  ] GC(36) Metaspace: 53725K(56876K)->53725K(56876K) NonClass: 47493K(49324K)->47493K(49324K) Class: 6232K(7552K)->6232K(7552K)
[2024-01-26T11:44:41.478+0000][gc            ] GC(36) Pause Young (Normal) (G1 Evacuation Pause) 777M->172M(1024M) 6.737ms
[2024-01-26T11:44:41.478+0000][gc,cpu        ] GC(36) User=0.04s Sys=0.00s Real=0.01s
[2024-01-26T11:44:45.418+0000][gc,start      ] GC(37) Pause Young (Normal) (G1 Evacuation Pause)
[2024-01-26T11:44:45.418+0000][gc,task       ] GC(37) Using 8 workers of 8 for evacuation
[2024-01-26T11:44:45.441+0000][gc,mmu        ] GC(37) MMU target violated: 21.0ms (20.0ms/21.0ms)
[2024-01-26T11:44:45.441+0000][gc,phases     ] GC(37)   Pre Evacuate Collection Set: 0.3ms
[2024-01-26T11:44:45.441+0000][gc,phases     ] GC(37)   Evacuate Collection Set: 21.0ms
[2024-01-26T11:44:45.441+0000][gc,phases     ] GC(37)   Post Evacuate Collection Set: 0.9ms
[2024-01-26T11:44:45.441+0000][gc,phases     ] GC(37)   Other: 0.4ms
[2024-01-26T11:44:45.441+0000][gc,heap       ] GC(37) Eden regions: 606->0(606)
[2024-01-26T11:44:45.441+0000][gc,heap       ] GC(37) Survivor regions: 8->8(77)
[2024-01-26T11:44:45.441+0000][gc,heap       ] GC(37) Old regions: 27->28
[2024-01-26T11:44:45.441+0000][gc,heap       ] GC(37) Humongous regions: 138->138
[2024-01-26T11:44:45.441+0000][gc,metaspace  ] GC(37) Metaspace: 53733K(56876K)->53733K(56876K) NonClass: 47500K(49324K)->47500K(49324K) Class: 6232K(7552K)->6232K(7552K)
[2024-01-26T11:44:45.441+0000][gc            ] GC(37) Pause Young (Normal) (G1 Evacuation Pause) 778M->172M(1024M) 22.607ms
[2024-01-26T11:44:45.441+0000][gc,cpu        ] GC(37) User=0.11s Sys=0.00s Real=0.02s
[2024-01-26T11:44:56.431+0000][gc,start      ] GC(38) Pause Young (Normal) (G1 Evacuation Pause)
[2024-01-26T11:44:56.431+0000][gc,task       ] GC(38) Using 8 workers of 8 for evacuation
[2024-01-26T11:44:56.437+0000][gc,phases     ] GC(38)   Pre Evacuate Collection Set: 0.1ms
[2024-01-26T11:44:56.437+0000][gc,phases     ] GC(38)   Evacuate Collection Set: 5.7ms
[2024-01-26T11:44:56.437+0000][gc,phases     ] GC(38)   Post Evacuate Collection Set: 0.7ms
[2024-01-26T11:44:56.437+0000][gc,phases     ] GC(38)   Other: 0.3ms
[2024-01-26T11:44:56.438+0000][gc,heap       ] GC(38) Eden regions: 606->0(606)
[2024-01-26T11:44:56.438+0000][gc,heap       ] GC(38) Survivor regions: 8->8(77)
[2024-01-26T11:44:56.438+0000][gc,heap       ] GC(38) Old regions: 28->28
[2024-01-26T11:44:56.438+0000][gc,heap       ] GC(38) Humongous regions: 138->138
[2024-01-26T11:44:56.438+0000][gc,metaspace  ] GC(38) Metaspace: 53918K(56876K)->53918K(56876K) NonClass: 47661K(49324K)->47661K(49324K) Class: 6257K(7552K)->6257K(7552K)
[2024-01-26T11:44:56.438+0000][gc            ] GC(38) Pause Young (Normal) (G1 Evacuation Pause) 778M->173M(1024M) 6.812ms
[2024-01-26T11:44:56.438+0000][gc,cpu        ] GC(38) User=0.03s Sys=0.00s Real=0.01s
[2024-01-26T11:44:59.997+0000][gc,start      ] GC(39) Pause Young (Normal) (G1 Evacuation Pause)
[2024-01-26T11:44:59.997+0000][gc,task       ] GC(39) Using 8 workers of 8 for evacuation
[2024-01-26T11:45:00.010+0000][gc,phases     ] GC(39)   Pre Evacuate Collection Set: 0.1ms
[2024-01-26T11:45:00.010+0000][gc,phases     ] GC(39)   Evacuate Collection Set: 11.6ms
[2024-01-26T11:45:00.010+0000][gc,phases     ] GC(39)   Post Evacuate Collection Set: 1.1ms
[2024-01-26T11:45:00.010+0000][gc,phases     ] GC(39)   Other: 0.3ms
[2024-01-26T11:45:00.010+0000][gc,heap       ] GC(39) Eden regions: 606->0(606)
[2024-01-26T11:45:00.010+0000][gc,heap       ] GC(39) Survivor regions: 8->8(77)
[2024-01-26T11:45:00.010+0000][gc,heap       ] GC(39) Old regions: 28->29
[2024-01-26T11:45:00.010+0000][gc,heap       ] GC(39) Humongous regions: 138->138
[2024-01-26T11:45:00.010+0000][gc,metaspace  ] GC(39) Metaspace: 53962K(57132K)->53962K(57132K) NonClass: 47705K(49580K)->47705K(49580K) Class: 6257K(7552K)->6257K(7552K)
[2024-01-26T11:45:00.010+0000][gc            ] GC(39) Pause Young (Normal) (G1 Evacuation Pause) 779M->174M(1024M) 13.118ms
[2024-01-26T11:45:00.010+0000][gc,cpu        ] GC(39) User=0.07s Sys=0.00s Real=0.02s
[2024-01-26T11:45:03.375+0000][gc,start      ] GC(40) Pause Young (Normal) (G1 Evacuation Pause)
[2024-01-26T11:45:03.375+0000][gc,task       ] GC(40) Using 8 workers of 8 for evacuation
[2024-01-26T11:45:03.390+0000][gc,phases     ] GC(40)   Pre Evacuate Collection Set: 0.0ms
[2024-01-26T11:45:03.390+0000][gc,phases     ] GC(40)   Evacuate Collection Set: 13.6ms
[2024-01-26T11:45:03.390+0000][gc,phases     ] GC(40)   Post Evacuate Collection Set: 1.0ms
[2024-01-26T11:45:03.390+0000][gc,phases     ] GC(40)   Other: 0.3ms
[2024-01-26T11:45:03.390+0000][gc,heap       ] GC(40) Eden regions: 606->0(606)
[2024-01-26T11:45:03.390+0000][gc,heap       ] GC(40) Survivor regions: 8->8(77)
[2024-01-26T11:45:03.390+0000][gc,heap       ] GC(40) Old regions: 29->29
[2024-01-26T11:45:03.390+0000][gc,heap       ] GC(40) Humongous regions: 138->138
[2024-01-26T11:45:03.390+0000][gc,metaspace  ] GC(40) Metaspace: 53977K(57132K)->53977K(57132K) NonClass: 47720K(49580K)->47720K(49580K) Class: 6257K(7552K)->6257K(7552K)
[2024-01-26T11:45:03.390+0000][gc            ] GC(40) Pause Young (Normal) (G1 Evacuation Pause) 780M->174M(1024M) 15.025ms
[2024-01-26T11:45:03.390+0000][gc,cpu        ] GC(40) User=0.09s Sys=0.00s Real=0.02s
[2024-01-26T11:45:12.312+0000][gc,start      ] GC(41) Pause Young (Normal) (G1 Evacuation Pause)
[2024-01-26T11:45:12.312+0000][gc,task       ] GC(41) Using 8 workers of 8 for evacuation
[2024-01-26T11:45:12.323+0000][gc,phases     ] GC(41)   Pre Evacuate Collection Set: 0.0ms
[2024-01-26T11:45:12.323+0000][gc,phases     ] GC(41)   Evacuate Collection Set: 9.5ms
[2024-01-26T11:45:12.323+0000][gc,phases     ] GC(41)   Post Evacuate Collection Set: 0.8ms
[2024-01-26T11:45:12.323+0000][gc,phases     ] GC(41)   Other: 0.3ms
[2024-01-26T11:45:12.323+0000][gc,heap       ] GC(41) Eden regions: 606->0(606)
[2024-01-26T11:45:12.323+0000][gc,heap       ] GC(41) Survivor regions: 8->8(77)
[2024-01-26T11:45:12.323+0000][gc,heap       ] GC(41) Old regions: 29->30
[2024-01-26T11:45:12.323+0000][gc,heap       ] GC(41) Humongous regions: 138->138
[2024-01-26T11:45:12.323+0000][gc,metaspace  ] GC(41) Metaspace: 54084K(57132K)->54084K(57132K) NonClass: 47827K(49580K)->47827K(49580K) Class: 6257K(7552K)->6257K(7552K)
[2024-01-26T11:45:12.323+0000][gc            ] GC(41) Pause Young (Normal) (G1 Evacuation Pause) 780M->175M(1024M) 10.730ms
[2024-01-26T11:45:12.323+0000][gc,cpu        ] GC(41) User=0.05s Sys=0.00s Real=0.01s
[2024-01-26T11:45:21.661+0000][gc,start      ] GC(42) Pause Young (Normal) (G1 Evacuation Pause)
[2024-01-26T11:45:21.661+0000][gc,task       ] GC(42) Using 8 workers of 8 for evacuation
[2024-01-26T11:45:21.668+0000][gc,phases     ] GC(42)   Pre Evacuate Collection Set: 0.0ms
[2024-01-26T11:45:21.668+0000][gc,phases     ] GC(42)   Evacuate Collection Set: 6.5ms
[2024-01-26T11:45:21.668+0000][gc,phases     ] GC(42)   Post Evacuate Collection Set: 0.7ms
[2024-01-26T11:45:21.668+0000][gc,phases     ] GC(42)   Other: 0.3ms
[2024-01-26T11:45:21.668+0000][gc,heap       ] GC(42) Eden regions: 606->0(606)
[2024-01-26T11:45:21.668+0000][gc,heap       ] GC(42) Survivor regions: 8->8(77)
[2024-01-26T11:45:21.668+0000][gc,heap       ] GC(42) Old regions: 30->31
[2024-01-26T11:45:21.668+0000][gc,heap       ] GC(42) Humongous regions: 138->138
[2024-01-26T11:45:21.668+0000][gc,metaspace  ] GC(42) Metaspace: 54110K(57132K)->54110K(57132K) NonClass: 47853K(49580K)->47853K(49580K) Class: 6257K(7552K)->6257K(7552K)
[2024-01-26T11:45:21.668+0000][gc            ] GC(42) Pause Young (Normal) (G1 Evacuation Pause) 781M->175M(1024M) 7.510ms
[2024-01-26T11:45:21.668+0000][gc,cpu        ] GC(42) User=0.05s Sys=0.00s Real=0.01s
[2024-01-26T11:45:25.059+0000][gc,start      ] GC(43) Pause Young (Normal) (G1 Evacuation Pause)
[2024-01-26T11:45:25.059+0000][gc,task       ] GC(43) Using 8 workers of 8 for evacuation
[2024-01-26T11:45:25.065+0000][gc,phases     ] GC(43)   Pre Evacuate Collection Set: 0.0ms
[2024-01-26T11:45:25.065+0000][gc,phases     ] GC(43)   Evacuate Collection Set: 5.1ms
[2024-01-26T11:45:25.065+0000][gc,phases     ] GC(43)   Post Evacuate Collection Set: 0.6ms
[2024-01-26T11:45:25.065+0000][gc,phases     ] GC(43)   Other: 0.2ms
[2024-01-26T11:45:25.065+0000][gc,heap       ] GC(43) Eden regions: 606->0(606)
[2024-01-26T11:45:25.065+0000][gc,heap       ] GC(43) Survivor regions: 8->8(77)
[2024-01-26T11:45:25.065+0000][gc,heap       ] GC(43) Old regions: 31->31
[2024-01-26T11:45:25.065+0000][gc,heap       ] GC(43) Humongous regions: 138->138
[2024-01-26T11:45:25.065+0000][gc,metaspace  ] GC(43) Metaspace: 54131K(57132K)->54131K(57132K) NonClass: 47874K(49580K)->47874K(49580K) Class: 6257K(7552K)->6257K(7552K)
[2024-01-26T11:45:25.065+0000][gc            ] GC(43) Pause Young (Normal) (G1 Evacuation Pause) 781M->176M(1024M) 6.055ms
[2024-01-26T11:45:25.065+0000][gc,cpu        ] GC(43) User=0.04s Sys=0.00s Real=0.00s
[2024-01-26T11:45:34.397+0000][gc,start      ] GC(44) Pause Young (Normal) (G1 Evacuation Pause)
[2024-01-26T11:45:34.397+0000][gc,task       ] GC(44) Using 8 workers of 8 for evacuation
[2024-01-26T11:45:34.405+0000][gc,phases     ] GC(44)   Pre Evacuate Collection Set: 0.0ms
[2024-01-26T11:45:34.405+0000][gc,phases     ] GC(44)   Evacuate Collection Set: 6.9ms
[2024-01-26T11:45:34.405+0000][gc,phases     ] GC(44)   Post Evacuate Collection Set: 0.8ms
[2024-01-26T11:45:34.405+0000][gc,phases     ] GC(44)   Other: 0.4ms
[2024-01-26T11:45:34.405+0000][gc,heap       ] GC(44) Eden regions: 606->0(606)
[2024-01-26T11:45:34.405+0000][gc,heap       ] GC(44) Survivor regions: 8->8(77)
[2024-01-26T11:45:34.405+0000][gc,heap       ] GC(44) Old regions: 31->32
[2024-01-26T11:45:34.405+0000][gc,heap       ] GC(44) Humongous regions: 138->138
[2024-01-26T11:45:34.405+0000][gc,metaspace  ] GC(44) Metaspace: 54311K(57388K)->54311K(57388K) NonClass: 48054K(49836K)->48054K(49836K) Class: 6257K(7552K)->6257K(7552K)
[2024-01-26T11:45:34.405+0000][gc            ] GC(44) Pause Young (Normal) (G1 Evacuation Pause) 782M->177M(1024M) 8.211ms
[2024-01-26T11:45:34.405+0000][gc,cpu        ] GC(44) User=0.05s Sys=0.00s Real=0.01s
[2024-01-26T11:45:43.908+0000][gc,start      ] GC(45) Pause Young (Normal) (G1 Evacuation Pause)
[2024-01-26T11:45:43.908+0000][gc,task       ] GC(45) Using 8 workers of 8 for evacuation
[2024-01-26T11:45:43.919+0000][gc,phases     ] GC(45)   Pre Evacuate Collection Set: 0.0ms
[2024-01-26T11:45:43.920+0000][gc,phases     ] GC(45)   Evacuate Collection Set: 9.5ms
[2024-01-26T11:45:43.920+0000][gc,phases     ] GC(45)   Post Evacuate Collection Set: 1.4ms
[2024-01-26T11:45:43.920+0000][gc,phases     ] GC(45)   Other: 0.3ms
[2024-01-26T11:45:43.920+0000][gc,heap       ] GC(45) Eden regions: 606->0(606)
[2024-01-26T11:45:43.920+0000][gc,heap       ] GC(45) Survivor regions: 8->8(77)
[2024-01-26T11:45:43.920+0000][gc,heap       ] GC(45) Old regions: 32->32
[2024-01-26T11:45:43.920+0000][gc,heap       ] GC(45) Humongous regions: 138->138
[2024-01-26T11:45:43.920+0000][gc,metaspace  ] GC(45) Metaspace: 54347K(57388K)->54347K(57388K) NonClass: 48090K(49836K)->48090K(49836K) Class: 6257K(7552K)->6257K(7552K)
[2024-01-26T11:45:43.920+0000][gc            ] GC(45) Pause Young (Normal) (G1 Evacuation Pause) 783M->177M(1024M) 11.327ms
[2024-01-26T11:45:43.920+0000][gc,cpu        ] GC(45) User=0.07s Sys=0.00s Real=0.01s
[2024-01-26T11:45:52.256+0000][gc,start      ] GC(46) Pause Young (Normal) (G1 Evacuation Pause)
[2024-01-26T11:45:52.256+0000][gc,task       ] GC(46) Using 8 workers of 8 for evacuation
[2024-01-26T11:45:52.269+0000][gc,phases     ] GC(46)   Pre Evacuate Collection Set: 0.0ms
[2024-01-26T11:45:52.269+0000][gc,phases     ] GC(46)   Evacuate Collection Set: 11.7ms
[2024-01-26T11:45:52.269+0000][gc,phases     ] GC(46)   Post Evacuate Collection Set: 0.7ms
[2024-01-26T11:45:52.269+0000][gc,phases     ] GC(46)   Other: 0.3ms
[2024-01-26T11:45:52.269+0000][gc,heap       ] GC(46) Eden regions: 606->0(606)
[2024-01-26T11:45:52.269+0000][gc,heap       ] GC(46) Survivor regions: 8->8(77)
[2024-01-26T11:45:52.269+0000][gc,heap       ] GC(46) Old regions: 32->33
[2024-01-26T11:45:52.269+0000][gc,heap       ] GC(46) Humongous regions: 138->138
[2024-01-26T11:45:52.269+0000][gc,metaspace  ] GC(46) Metaspace: 54379K(57388K)->54379K(57388K) NonClass: 48122K(49836K)->48122K(49836K) Class: 6257K(7552K)->6257K(7552K)
[2024-01-26T11:45:52.269+0000][gc            ] GC(46) Pause Young (Normal) (G1 Evacuation Pause) 783M->178M(1024M) 12.914ms
[2024-01-26T11:45:52.269+0000][gc,cpu        ] GC(46) User=0.08s Sys=0.00s Real=0.02s
[2024-01-26T11:45:55.422+0000][gc,start      ] GC(47) Pause Young (Normal) (G1 Evacuation Pause)
[2024-01-26T11:45:55.423+0000][gc,task       ] GC(47) Using 8 workers of 8 for evacuation
[2024-01-26T11:45:55.437+0000][gc,phases     ] GC(47)   Pre Evacuate Collection Set: 0.0ms
[2024-01-26T11:45:55.437+0000][gc,phases     ] GC(47)   Evacuate Collection Set: 13.3ms
[2024-01-26T11:45:55.437+0000][gc,phases     ] GC(47)   Post Evacuate Collection Set: 0.7ms
[2024-01-26T11:45:55.437+0000][gc,phases     ] GC(47)   Other: 0.2ms
[2024-01-26T11:45:55.437+0000][gc,heap       ] GC(47) Eden regions: 606->0(606)
[2024-01-26T11:45:55.437+0000][gc,heap       ] GC(47) Survivor regions: 8->8(77)
[2024-01-26T11:45:55.437+0000][gc,heap       ] GC(47) Old regions: 33->33
[2024-01-26T11:45:55.437+0000][gc,heap       ] GC(47) Humongous regions: 138->138
[2024-01-26T11:45:55.437+0000][gc,metaspace  ] GC(47) Metaspace: 54385K(57388K)->54385K(57388K) NonClass: 48128K(49836K)->48128K(49836K) Class: 6257K(7552K)->6257K(7552K)
[2024-01-26T11:45:55.437+0000][gc            ] GC(47) Pause Young (Normal) (G1 Evacuation Pause) 784M->178M(1024M) 14.300ms
[2024-01-26T11:45:55.437+0000][gc,cpu        ] GC(47) User=0.09s Sys=0.00s Real=0.02s
[2024-01-26T11:46:06.379+0000][gc,start      ] GC(48) Pause Young (Normal) (G1 Evacuation Pause)
[2024-01-26T11:46:06.379+0000][gc,task       ] GC(48) Using 8 workers of 8 for evacuation
[2024-01-26T11:46:06.396+0000][gc,phases     ] GC(48)   Pre Evacuate Collection Set: 0.0ms
[2024-01-26T11:46:06.396+0000][gc,phases     ] GC(48)   Evacuate Collection Set: 14.6ms
[2024-01-26T11:46:06.396+0000][gc,phases     ] GC(48)   Post Evacuate Collection Set: 1.2ms
[2024-01-26T11:46:06.396+0000][gc,phases     ] GC(48)   Other: 0.2ms
[2024-01-26T11:46:06.396+0000][gc,heap       ] GC(48) Eden regions: 606->0(606)
[2024-01-26T11:46:06.396+0000][gc,heap       ] GC(48) Survivor regions: 8->8(77)
[2024-01-26T11:46:06.396+0000][gc,heap       ] GC(48) Old regions: 33->34
[2024-01-26T11:46:06.396+0000][gc,heap       ] GC(48) Humongous regions: 138->138
[2024-01-26T11:46:06.396+0000][gc,metaspace  ] GC(48) Metaspace: 54445K(57644K)->54445K(57644K) NonClass: 48188K(50092K)->48188K(50092K) Class: 6257K(7552K)->6257K(7552K)
[2024-01-26T11:46:06.396+0000][gc            ] GC(48) Pause Young (Normal) (G1 Evacuation Pause) 784M->179M(1024M) 16.226ms
[2024-01-26T11:46:06.396+0000][gc,cpu        ] GC(48) User=0.07s Sys=0.00s Real=0.01s
[2024-01-26T11:46:09.971+0000][gc,start      ] GC(49) Pause Young (Normal) (G1 Evacuation Pause)
[2024-01-26T11:46:09.971+0000][gc,task       ] GC(49) Using 8 workers of 8 for evacuation
[2024-01-26T11:46:09.988+0000][gc,phases     ] GC(49)   Pre Evacuate Collection Set: 0.0ms
[2024-01-26T11:46:09.988+0000][gc,phases     ] GC(49)   Evacuate Collection Set: 15.6ms
[2024-01-26T11:46:09.988+0000][gc,phases     ] GC(49)   Post Evacuate Collection Set: 1.1ms
[2024-01-26T11:46:09.988+0000][gc,phases     ] GC(49)   Other: 0.4ms
[2024-01-26T11:46:09.988+0000][gc,heap       ] GC(49) Eden regions: 606->0(605)
[2024-01-26T11:46:09.988+0000][gc,heap       ] GC(49) Survivor regions: 8->9(77)
[2024-01-26T11:46:09.988+0000][gc,heap       ] GC(49) Old regions: 34->34
[2024-01-26T11:46:09.988+0000][gc,heap       ] GC(49) Humongous regions: 138->138
[2024-01-26T11:46:09.988+0000][gc,metaspace  ] GC(49) Metaspace: 54454K(57644K)->54454K(57644K) NonClass: 48197K(50092K)->48197K(50092K) Class: 6257K(7552K)->6257K(7552K)
[2024-01-26T11:46:09.988+0000][gc            ] GC(49) Pause Young (Normal) (G1 Evacuation Pause) 785M->179M(1024M) 17.211ms
[2024-01-26T11:46:09.989+0000][gc,cpu        ] GC(49) User=0.07s Sys=0.00s Real=0.02s
[2024-01-26T11:46:13.431+0000][gc,start      ] GC(50) Pause Young (Normal) (G1 Evacuation Pause)
[2024-01-26T11:46:13.431+0000][gc,task       ] GC(50) Using 8 workers of 8 for evacuation
[2024-01-26T11:46:13.440+0000][gc,phases     ] GC(50)   Pre Evacuate Collection Set: 0.0ms
[2024-01-26T11:46:13.440+0000][gc,phases     ] GC(50)   Evacuate Collection Set: 8.0ms
[2024-01-26T11:46:13.440+0000][gc,phases     ] GC(50)   Post Evacuate Collection Set: 0.6ms
[2024-01-26T11:46:13.440+0000][gc,phases     ] GC(50)   Other: 0.2ms
[2024-01-26T11:46:13.440+0000][gc,heap       ] GC(50) Eden regions: 605->0(605)
[2024-01-26T11:46:13.440+0000][gc,heap       ] GC(50) Survivor regions: 9->9(77)
[2024-01-26T11:46:13.440+0000][gc,heap       ] GC(50) Old regions: 34->34
[2024-01-26T11:46:13.440+0000][gc,heap       ] GC(50) Humongous regions: 138->138
[2024-01-26T11:46:13.440+0000][gc,metaspace  ] GC(50) Metaspace: 54454K(57644K)->54454K(57644K) NonClass: 48197K(50092K)->48197K(50092K) Class: 6257K(7552K)->6257K(7552K)
[2024-01-26T11:46:13.440+0000][gc            ] GC(50) Pause Young (Normal) (G1 Evacuation Pause) 784M->180M(1024M) 8.914ms
[2024-01-26T11:46:13.440+0000][gc,cpu        ] GC(50) User=0.05s Sys=0.00s Real=0.01s
[2024-01-26T11:46:22.650+0000][gc,start      ] GC(51) Pause Young (Normal) (G1 Evacuation Pause)
[2024-01-26T11:46:22.650+0000][gc,task       ] GC(51) Using 8 workers of 8 for evacuation
[2024-01-26T11:46:22.657+0000][gc,phases     ] GC(51)   Pre Evacuate Collection Set: 0.0ms
[2024-01-26T11:46:22.657+0000][gc,phases     ] GC(51)   Evacuate Collection Set: 6.5ms
[2024-01-26T11:46:22.657+0000][gc,phases     ] GC(51)   Post Evacuate Collection Set: 0.7ms
[2024-01-26T11:46:22.658+0000][gc,phases     ] GC(51)   Other: 0.2ms
[2024-01-26T11:46:22.658+0000][gc,heap       ] GC(51) Eden regions: 605->0(605)
[2024-01-26T11:46:22.658+0000][gc,heap       ] GC(51) Survivor regions: 9->9(77)
[2024-01-26T11:46:22.658+0000][gc,heap       ] GC(51) Old regions: 34->35
[2024-01-26T11:46:22.658+0000][gc,heap       ] GC(51) Humongous regions: 138->138
[2024-01-26T11:46:22.658+0000][gc,metaspace  ] GC(51) Metaspace: 54521K(57644K)->54521K(57644K) NonClass: 48264K(50092K)->48264K(50092K) Class: 6257K(7552K)->6257K(7552K)
[2024-01-26T11:46:22.658+0000][gc            ] GC(51) Pause Young (Normal) (G1 Evacuation Pause) 785M->180M(1024M) 7.497ms
[2024-01-26T11:46:22.658+0000][gc,cpu        ] GC(51) User=0.05s Sys=0.00s Real=0.01s
[2024-01-26T11:46:26.066+0000][gc,start      ] GC(52) Pause Young (Normal) (G1 Evacuation Pause)
[2024-01-26T11:46:26.066+0000][gc,task       ] GC(52) Using 8 workers of 8 for evacuation
[2024-01-26T11:46:26.083+0000][gc,phases     ] GC(52)   Pre Evacuate Collection Set: 0.1ms
[2024-01-26T11:46:26.083+0000][gc,phases     ] GC(52)   Evacuate Collection Set: 16.0ms
[2024-01-26T11:46:26.083+0000][gc,phases     ] GC(52)   Post Evacuate Collection Set: 0.9ms
[2024-01-26T11:46:26.083+0000][gc,phases     ] GC(52)   Other: 0.3ms
[2024-01-26T11:46:26.083+0000][gc,heap       ] GC(52) Eden regions: 605->0(605)
[2024-01-26T11:46:26.083+0000][gc,heap       ] GC(52) Survivor regions: 9->9(77)
[2024-01-26T11:46:26.083+0000][gc,heap       ] GC(52) Old regions: 35->35
[2024-01-26T11:46:26.083+0000][gc,heap       ] GC(52) Humongous regions: 138->138
[2024-01-26T11:46:26.083+0000][gc,metaspace  ] GC(52) Metaspace: 54526K(57644K)->54526K(57644K) NonClass: 48269K(50092K)->48269K(50092K) Class: 6257K(7552K)->6257K(7552K)
[2024-01-26T11:46:26.083+0000][gc            ] GC(52) Pause Young (Normal) (G1 Evacuation Pause) 785M->181M(1024M) 17.281ms
[2024-01-26T11:46:26.083+0000][gc,cpu        ] GC(52) User=0.11s Sys=0.01s Real=0.02s
[2024-01-26T11:46:29.994+0000][gc,start      ] GC(53) Pause Young (Normal) (G1 Evacuation Pause)
[2024-01-26T11:46:29.994+0000][gc,task       ] GC(53) Using 8 workers of 8 for evacuation
[2024-01-26T11:46:30.003+0000][gc,phases     ] GC(53)   Pre Evacuate Collection Set: 0.0ms
[2024-01-26T11:46:30.003+0000][gc,phases     ] GC(53)   Evacuate Collection Set: 7.7ms
[2024-01-26T11:46:30.003+0000][gc,phases     ] GC(53)   Post Evacuate Collection Set: 1.2ms
[2024-01-26T11:46:30.003+0000][gc,phases     ] GC(53)   Other: 0.3ms
[2024-01-26T11:46:30.003+0000][gc,heap       ] GC(53) Eden regions: 605->0(605)
[2024-01-26T11:46:30.003+0000][gc,heap       ] GC(53) Survivor regions: 9->9(77)
[2024-01-26T11:46:30.003+0000][gc,heap       ] GC(53) Old regions: 35->36
[2024-01-26T11:46:30.003+0000][gc,heap       ] GC(53) Humongous regions: 138->138
[2024-01-26T11:46:30.003+0000][gc,metaspace  ] GC(53) Metaspace: 54527K(57644K)->54527K(57644K) NonClass: 48269K(50092K)->48269K(50092K) Class: 6257K(7552K)->6257K(7552K)
[2024-01-26T11:46:30.003+0000][gc            ] GC(53) Pause Young (Normal) (G1 Evacuation Pause) 786M->181M(1024M) 9.255ms
[2024-01-26T11:46:30.003+0000][gc,cpu        ] GC(53) User=0.05s Sys=0.00s Real=0.01s
[2024-01-26T11:46:33.737+0000][gc,start      ] GC(54) Pause Young (Normal) (G1 Evacuation Pause)
[2024-01-26T11:46:33.737+0000][gc,task       ] GC(54) Using 8 workers of 8 for evacuation
[2024-01-26T11:46:33.749+0000][gc,phases     ] GC(54)   Pre Evacuate Collection Set: 0.0ms
[2024-01-26T11:46:33.749+0000][gc,phases     ] GC(54)   Evacuate Collection Set: 10.6ms
[2024-01-26T11:46:33.749+0000][gc,phases     ] GC(54)   Post Evacuate Collection Set: 0.9ms
[2024-01-26T11:46:33.749+0000][gc,phases     ] GC(54)   Other: 0.3ms
[2024-01-26T11:46:33.749+0000][gc,heap       ] GC(54) Eden regions: 605->0(605)
[2024-01-26T11:46:33.749+0000][gc,heap       ] GC(54) Survivor regions: 9->9(77)
[2024-01-26T11:46:33.749+0000][gc,heap       ] GC(54) Old regions: 36->36
[2024-01-26T11:46:33.749+0000][gc,heap       ] GC(54) Humongous regions: 138->138
[2024-01-26T11:46:33.749+0000][gc,metaspace  ] GC(54) Metaspace: 54537K(57644K)->54537K(57644K) NonClass: 48279K(50092K)->48279K(50092K) Class: 6257K(7552K)->6257K(7552K)
[2024-01-26T11:46:33.749+0000][gc            ] GC(54) Pause Young (Normal) (G1 Evacuation Pause) 786M->182M(1024M) 11.857ms
[2024-01-26T11:46:33.749+0000][gc,cpu        ] GC(54) User=0.07s Sys=0.01s Real=0.01s
[2024-01-26T11:46:37.297+0000][gc,start      ] GC(55) Pause Young (Normal) (G1 Evacuation Pause)
[2024-01-26T11:46:37.297+0000][gc,task       ] GC(55) Using 8 workers of 8 for evacuation
[2024-01-26T11:46:37.309+0000][gc,phases     ] GC(55)   Pre Evacuate Collection Set: 0.1ms
[2024-01-26T11:46:37.310+0000][gc,phases     ] GC(55)   Evacuate Collection Set: 10.9ms
[2024-01-26T11:46:37.310+0000][gc,phases     ] GC(55)   Post Evacuate Collection Set: 0.8ms
[2024-01-26T11:46:37.310+0000][gc,phases     ] GC(55)   Other: 0.4ms
[2024-01-26T11:46:37.310+0000][gc,heap       ] GC(55) Eden regions: 605->0(605)
[2024-01-26T11:46:37.310+0000][gc,heap       ] GC(55) Survivor regions: 9->9(77)
[2024-01-26T11:46:37.310+0000][gc,heap       ] GC(55) Old regions: 36->37
[2024-01-26T11:46:37.310+0000][gc,heap       ] GC(55) Humongous regions: 138->138
[2024-01-26T11:46:37.310+0000][gc,metaspace  ] GC(55) Metaspace: 54671K(57900K)->54671K(57900K) NonClass: 48414K(50348K)->48414K(50348K) Class: 6257K(7552K)->6257K(7552K)
[2024-01-26T11:46:37.310+0000][gc            ] GC(55) Pause Young (Normal) (G1 Evacuation Pause) 787M->182M(1024M) 12.251ms
[2024-01-26T11:46:37.310+0000][gc,cpu        ] GC(55) User=0.08s Sys=0.00s Real=0.01s
[2024-01-26T11:46:41.593+0000][gc,start      ] GC(56) Pause Young (Normal) (G1 Evacuation Pause)
[2024-01-26T11:46:41.594+0000][gc,task       ] GC(56) Using 8 workers of 8 for evacuation
[2024-01-26T11:46:41.607+0000][gc,phases     ] GC(56)   Pre Evacuate Collection Set: 0.0ms
[2024-01-26T11:46:41.607+0000][gc,phases     ] GC(56)   Evacuate Collection Set: 12.2ms
[2024-01-26T11:46:41.607+0000][gc,phases     ] GC(56)   Post Evacuate Collection Set: 0.9ms
[2024-01-26T11:46:41.607+0000][gc,phases     ] GC(56)   Other: 0.3ms
[2024-01-26T11:46:41.607+0000][gc,heap       ] GC(56) Eden regions: 605->0(606)
[2024-01-26T11:46:41.607+0000][gc,heap       ] GC(56) Survivor regions: 9->8(77)
[2024-01-26T11:46:41.607+0000][gc,heap       ] GC(56) Old regions: 37->38
[2024-01-26T11:46:41.607+0000][gc,heap       ] GC(56) Humongous regions: 138->138
[2024-01-26T11:46:41.607+0000][gc,metaspace  ] GC(56) Metaspace: 54676K(57900K)->54676K(57900K) NonClass: 48419K(50348K)->48419K(50348K) Class: 6257K(7552K)->6257K(7552K)
[2024-01-26T11:46:41.607+0000][gc            ] GC(56) Pause Young (Normal) (G1 Evacuation Pause) 787M->183M(1024M) 13.726ms
[2024-01-26T11:46:41.607+0000][gc,cpu        ] GC(56) User=0.06s Sys=0.00s Real=0.02s
[2024-01-26T11:46:45.953+0000][gc,start      ] GC(57) Pause Young (Normal) (G1 Evacuation Pause)
[2024-01-26T11:46:45.954+0000][gc,task       ] GC(57) Using 8 workers of 8 for evacuation
[2024-01-26T11:46:45.962+0000][gc,phases     ] GC(57)   Pre Evacuate Collection Set: 0.0ms
[2024-01-26T11:46:45.962+0000][gc,phases     ] GC(57)   Evacuate Collection Set: 7.2ms
[2024-01-26T11:46:45.962+0000][gc,phases     ] GC(57)   Post Evacuate Collection Set: 1.0ms
[2024-01-26T11:46:45.962+0000][gc,phases     ] GC(57)   Other: 0.3ms
[2024-01-26T11:46:45.962+0000][gc,heap       ] GC(57) Eden regions: 606->0(606)
[2024-01-26T11:46:45.962+0000][gc,heap       ] GC(57) Survivor regions: 8->8(77)
[2024-01-26T11:46:45.962+0000][gc,heap       ] GC(57) Old regions: 38->38
[2024-01-26T11:46:45.962+0000][gc,heap       ] GC(57) Humongous regions: 138->138
[2024-01-26T11:46:45.962+0000][gc,metaspace  ] GC(57) Metaspace: 54678K(57900K)->54678K(57900K) NonClass: 48420K(50348K)->48420K(50348K) Class: 6257K(7552K)->6257K(7552K)
[2024-01-26T11:46:45.962+0000][gc            ] GC(57) Pause Young (Normal) (G1 Evacuation Pause) 789M->183M(1024M) 8.541ms
[2024-01-26T11:46:45.962+0000][gc,cpu        ] GC(57) User=0.05s Sys=0.00s Real=0.01s
[2024-01-26T11:46:49.525+0000][gc,start      ] GC(58) Pause Young (Normal) (G1 Evacuation Pause)
[2024-01-26T11:46:49.525+0000][gc,task       ] GC(58) Using 8 workers of 8 for evacuation
[2024-01-26T11:46:49.534+0000][gc,phases     ] GC(58)   Pre Evacuate Collection Set: 0.0ms
[2024-01-26T11:46:49.534+0000][gc,phases     ] GC(58)   Evacuate Collection Set: 7.8ms
[2024-01-26T11:46:49.534+0000][gc,phases     ] GC(58)   Post Evacuate Collection Set: 0.8ms
[2024-01-26T11:46:49.534+0000][gc,phases     ] GC(58)   Other: 0.2ms
[2024-01-26T11:46:49.534+0000][gc,heap       ] GC(58) Eden regions: 606->0(606)
[2024-01-26T11:46:49.534+0000][gc,heap       ] GC(58) Survivor regions: 8->8(77)
[2024-01-26T11:46:49.534+0000][gc,heap       ] GC(58) Old regions: 38->39
[2024-01-26T11:46:49.534+0000][gc,heap       ] GC(58) Humongous regions: 138->138
[2024-01-26T11:46:49.534+0000][gc,metaspace  ] GC(58) Metaspace: 54678K(57900K)->54678K(57900K) NonClass: 48420K(50348K)->48420K(50348K) Class: 6257K(7552K)->6257K(7552K)
[2024-01-26T11:46:49.534+0000][gc            ] GC(58) Pause Young (Normal) (G1 Evacuation Pause) 789M->183M(1024M) 9.001ms
[2024-01-26T11:46:49.534+0000][gc,cpu        ] GC(58) User=0.04s Sys=0.01s Real=0.00s
[2024-01-26T11:46:52.831+0000][gc,start      ] GC(59) Pause Young (Normal) (G1 Evacuation Pause)
[2024-01-26T11:46:52.831+0000][gc,task       ] GC(59) Using 8 workers of 8 for evacuation
[2024-01-26T11:46:52.839+0000][gc,phases     ] GC(59)   Pre Evacuate Collection Set: 0.1ms
[2024-01-26T11:46:52.839+0000][gc,phases     ] GC(59)   Evacuate Collection Set: 7.4ms
[2024-01-26T11:46:52.839+0000][gc,phases     ] GC(59)   Post Evacuate Collection Set: 0.8ms
[2024-01-26T11:46:52.839+0000][gc,phases     ] GC(59)   Other: 0.4ms
[2024-01-26T11:46:52.839+0000][gc,heap       ] GC(59) Eden regions: 606->0(606)
[2024-01-26T11:46:52.839+0000][gc,heap       ] GC(59) Survivor regions: 8->8(77)
[2024-01-26T11:46:52.839+0000][gc,heap       ] GC(59) Old regions: 39->39
[2024-01-26T11:46:52.839+0000][gc,heap       ] GC(59) Humongous regions: 138->138
[2024-01-26T11:46:52.839+0000][gc,metaspace  ] GC(59) Metaspace: 54680K(57900K)->54680K(57900K) NonClass: 48422K(50348K)->48422K(50348K) Class: 6257K(7552K)->6257K(7552K)
[2024-01-26T11:46:52.839+0000][gc            ] GC(59) Pause Young (Normal) (G1 Evacuation Pause) 789M->184M(1024M) 8.770ms
[2024-01-26T11:46:52.839+0000][gc,cpu        ] GC(59) User=0.05s Sys=0.00s Real=0.01s
[2024-01-26T11:46:56.353+0000][gc,start      ] GC(60) Pause Young (Normal) (G1 Evacuation Pause)
[2024-01-26T11:46:56.353+0000][gc,task       ] GC(60) Using 8 workers of 8 for evacuation
[2024-01-26T11:46:56.363+0000][gc,phases     ] GC(60)   Pre Evacuate Collection Set: 0.0ms
[2024-01-26T11:46:56.363+0000][gc,phases     ] GC(60)   Evacuate Collection Set: 8.7ms
[2024-01-26T11:46:56.363+0000][gc,phases     ] GC(60)   Post Evacuate Collection Set: 1.0ms
[2024-01-26T11:46:56.363+0000][gc,phases     ] GC(60)   Other: 0.4ms
[2024-01-26T11:46:56.363+0000][gc,heap       ] GC(60) Eden regions: 606->0(606)
[2024-01-26T11:46:56.363+0000][gc,heap       ] GC(60) Survivor regions: 8->8(77)
[2024-01-26T11:46:56.363+0000][gc,heap       ] GC(60) Old regions: 39->40
[2024-01-26T11:46:56.363+0000][gc,heap       ] GC(60) Humongous regions: 138->138
[2024-01-26T11:46:56.363+0000][gc,metaspace  ] GC(60) Metaspace: 54684K(57900K)->54684K(57900K) NonClass: 48427K(50348K)->48427K(50348K) Class: 6257K(7552K)->6257K(7552K)
[2024-01-26T11:46:56.363+0000][gc            ] GC(60) Pause Young (Normal) (G1 Evacuation Pause) 790M->184M(1024M) 10.220ms
[2024-01-26T11:46:56.363+0000][gc,cpu        ] GC(60) User=0.05s Sys=0.00s Real=0.01s
[2024-01-26T11:47:00.338+0000][gc,start      ] GC(61) Pause Young (Normal) (G1 Evacuation Pause)
[2024-01-26T11:47:00.338+0000][gc,task       ] GC(61) Using 8 workers of 8 for evacuation
[2024-01-26T11:47:00.352+0000][gc,phases     ] GC(61)   Pre Evacuate Collection Set: 0.0ms
[2024-01-26T11:47:00.352+0000][gc,phases     ] GC(61)   Evacuate Collection Set: 13.4ms
[2024-01-26T11:47:00.352+0000][gc,phases     ] GC(61)   Post Evacuate Collection Set: 0.7ms
[2024-01-26T11:47:00.352+0000][gc,phases     ] GC(61)   Other: 0.3ms
[2024-01-26T11:47:00.352+0000][gc,heap       ] GC(61) Eden regions: 606->0(606)
[2024-01-26T11:47:00.352+0000][gc,heap       ] GC(61) Survivor regions: 8->8(77)
[2024-01-26T11:47:00.352+0000][gc,heap       ] GC(61) Old regions: 40->41
[2024-01-26T11:47:00.352+0000][gc,heap       ] GC(61) Humongous regions: 138->138
[2024-01-26T11:47:00.352+0000][gc,metaspace  ] GC(61) Metaspace: 54684K(57900K)->54684K(57900K) NonClass: 48427K(50348K)->48427K(50348K) Class: 6257K(7552K)->6257K(7552K)
[2024-01-26T11:47:00.352+0000][gc            ] GC(61) Pause Young (Normal) (G1 Evacuation Pause) 790M->185M(1024M) 14.510ms
[2024-01-26T11:47:00.352+0000][gc,cpu        ] GC(61) User=0.07s Sys=0.00s Real=0.01s
[2024-01-26T11:47:04.093+0000][gc,start      ] GC(62) Pause Young (Normal) (G1 Evacuation Pause)
[2024-01-26T11:47:04.093+0000][gc,task       ] GC(62) Using 8 workers of 8 for evacuation
[2024-01-26T11:47:04.103+0000][gc,phases     ] GC(62)   Pre Evacuate Collection Set: 0.1ms
[2024-01-26T11:47:04.103+0000][gc,phases     ] GC(62)   Evacuate Collection Set: 9.0ms
[2024-01-26T11:47:04.103+0000][gc,phases     ] GC(62)   Post Evacuate Collection Set: 0.7ms
[2024-01-26T11:47:04.104+0000][gc,phases     ] GC(62)   Other: 0.3ms
[2024-01-26T11:47:04.104+0000][gc,heap       ] GC(62) Eden regions: 606->0(606)
[2024-01-26T11:47:04.104+0000][gc,heap       ] GC(62) Survivor regions: 8->8(77)
[2024-01-26T11:47:04.104+0000][gc,heap       ] GC(62) Old regions: 41->41
[2024-01-26T11:47:04.104+0000][gc,heap       ] GC(62) Humongous regions: 138->138
[2024-01-26T11:47:04.104+0000][gc,metaspace  ] GC(62) Metaspace: 54684K(57900K)->54684K(57900K) NonClass: 48427K(50348K)->48427K(50348K) Class: 6257K(7552K)->6257K(7552K)
[2024-01-26T11:47:04.104+0000][gc            ] GC(62) Pause Young (Normal) (G1 Evacuation Pause) 791M->185M(1024M) 10.193ms
[2024-01-26T11:47:04.104+0000][gc,cpu        ] GC(62) User=0.05s Sys=0.00s Real=0.01s
[2024-01-26T11:47:08.352+0000][gc,start      ] GC(63) Pause Young (Normal) (G1 Evacuation Pause)
[2024-01-26T11:47:08.352+0000][gc,task       ] GC(63) Using 8 workers of 8 for evacuation
[2024-01-26T11:47:08.361+0000][gc,phases     ] GC(63)   Pre Evacuate Collection Set: 0.0ms
[2024-01-26T11:47:08.361+0000][gc,phases     ] GC(63)   Evacuate Collection Set: 7.7ms
[2024-01-26T11:47:08.361+0000][gc,phases     ] GC(63)   Post Evacuate Collection Set: 0.7ms
[2024-01-26T11:47:08.361+0000][gc,phases     ] GC(63)   Other: 0.4ms
[2024-01-26T11:47:08.361+0000][gc,heap       ] GC(63) Eden regions: 606->0(607)
[2024-01-26T11:47:08.361+0000][gc,heap       ] GC(63) Survivor regions: 8->7(77)
[2024-01-26T11:47:08.361+0000][gc,heap       ] GC(63) Old regions: 41->42
[2024-01-26T11:47:08.361+0000][gc,heap       ] GC(63) Humongous regions: 138->138
[2024-01-26T11:47:08.361+0000][gc,metaspace  ] GC(63) Metaspace: 54684K(57900K)->54684K(57900K) NonClass: 48427K(50348K)->48427K(50348K) Class: 6257K(7552K)->6257K(7552K)
[2024-01-26T11:47:08.361+0000][gc            ] GC(63) Pause Young (Normal) (G1 Evacuation Pause) 791M->186M(1024M) 8.943ms
[2024-01-26T11:47:08.361+0000][gc,cpu        ] GC(63) User=0.05s Sys=0.00s Real=0.01s
[2024-01-26T11:47:11.567+0000][gc,start      ] GC(64) Pause Young (Normal) (G1 Evacuation Pause)
[2024-01-26T11:47:11.567+0000][gc,task       ] GC(64) Using 8 workers of 8 for evacuation
[2024-01-26T11:47:11.576+0000][gc,phases     ] GC(64)   Pre Evacuate Collection Set: 0.2ms
[2024-01-26T11:47:11.576+0000][gc,phases     ] GC(64)   Evacuate Collection Set: 8.1ms
[2024-01-26T11:47:11.576+0000][gc,phases     ] GC(64)   Post Evacuate Collection Set: 0.8ms
[2024-01-26T11:47:11.576+0000][gc,phases     ] GC(64)   Other: 0.3ms
[2024-01-26T11:47:11.576+0000][gc,heap       ] GC(64) Eden regions: 607->0(607)
[2024-01-26T11:47:11.576+0000][gc,heap       ] GC(64) Survivor regions: 7->7(77)
[2024-01-26T11:47:11.576+0000][gc,heap       ] GC(64) Old regions: 42->42
[2024-01-26T11:47:11.576+0000][gc,heap       ] GC(64) Humongous regions: 138->138
[2024-01-26T11:47:11.576+0000][gc,metaspace  ] GC(64) Metaspace: 54691K(57900K)->54691K(57900K) NonClass: 48433K(50348K)->48433K(50348K) Class: 6257K(7552K)->6257K(7552K)
[2024-01-26T11:47:11.576+0000][gc            ] GC(64) Pause Young (Normal) (G1 Evacuation Pause) 793M->186M(1024M) 9.496ms
[2024-01-26T11:47:11.576+0000][gc,cpu        ] GC(64) User=0.07s Sys=0.00s Real=0.01s
[2024-01-26T11:47:15.098+0000][gc,start      ] GC(65) Pause Young (Normal) (G1 Evacuation Pause)
[2024-01-26T11:47:15.098+0000][gc,task       ] GC(65) Using 8 workers of 8 for evacuation
[2024-01-26T11:47:15.106+0000][gc,phases     ] GC(65)   Pre Evacuate Collection Set: 0.1ms
[2024-01-26T11:47:15.106+0000][gc,phases     ] GC(65)   Evacuate Collection Set: 7.0ms
[2024-01-26T11:47:15.106+0000][gc,phases     ] GC(65)   Post Evacuate Collection Set: 0.6ms
[2024-01-26T11:47:15.106+0000][gc,phases     ] GC(65)   Other: 0.4ms
[2024-01-26T11:47:15.106+0000][gc,heap       ] GC(65) Eden regions: 607->0(607)
[2024-01-26T11:47:15.106+0000][gc,heap       ] GC(65) Survivor regions: 7->7(77)
[2024-01-26T11:47:15.106+0000][gc,heap       ] GC(65) Old regions: 42->42
[2024-01-26T11:47:15.106+0000][gc,heap       ] GC(65) Humongous regions: 138->138
[2024-01-26T11:47:15.106+0000][gc,metaspace  ] GC(65) Metaspace: 54691K(57900K)->54691K(57900K) NonClass: 48434K(50348K)->48434K(50348K) Class: 6257K(7552K)->6257K(7552K)
[2024-01-26T11:47:15.106+0000][gc            ] GC(65) Pause Young (Normal) (G1 Evacuation Pause) 793M->186M(1024M) 8.152ms
[2024-01-26T11:47:15.106+0000][gc,cpu        ] GC(65) User=0.05s Sys=0.00s Real=0.01s
[2024-01-26T11:47:19.081+0000][gc,start      ] GC(66) Pause Young (Normal) (G1 Evacuation Pause)
[2024-01-26T11:47:19.081+0000][gc,task       ] GC(66) Using 8 workers of 8 for evacuation
[2024-01-26T11:47:19.092+0000][gc,phases     ] GC(66)   Pre Evacuate Collection Set: 0.1ms
[2024-01-26T11:47:19.092+0000][gc,phases     ] GC(66)   Evacuate Collection Set: 9.9ms
[2024-01-26T11:47:19.092+0000][gc,phases     ] GC(66)   Post Evacuate Collection Set: 0.8ms
[2024-01-26T11:47:19.092+0000][gc,phases     ] GC(66)   Other: 0.4ms
[2024-01-26T11:47:19.092+0000][gc,heap       ] GC(66) Eden regions: 607->0(607)
[2024-01-26T11:47:19.092+0000][gc,heap       ] GC(66) Survivor regions: 7->7(77)
[2024-01-26T11:47:19.092+0000][gc,heap       ] GC(66) Old regions: 42->43
[2024-01-26T11:47:19.092+0000][gc,heap       ] GC(66) Humongous regions: 138->138
[2024-01-26T11:47:19.092+0000][gc,metaspace  ] GC(66) Metaspace: 54691K(57900K)->54691K(57900K) NonClass: 48434K(50348K)->48434K(50348K) Class: 6257K(7552K)->6257K(7552K)
[2024-01-26T11:47:19.092+0000][gc            ] GC(66) Pause Young (Normal) (G1 Evacuation Pause) 793M->187M(1024M) 11.269ms
[2024-01-26T11:47:19.093+0000][gc,cpu        ] GC(66) User=0.07s Sys=0.01s Real=0.01s
[2024-01-26T11:47:23.035+0000][gc,start      ] GC(67) Pause Young (Normal) (G1 Evacuation Pause)
[2024-01-26T11:47:23.035+0000][gc,task       ] GC(67) Using 8 workers of 8 for evacuation
[2024-01-26T11:47:23.049+0000][gc,phases     ] GC(67)   Pre Evacuate Collection Set: 0.1ms
[2024-01-26T11:47:23.049+0000][gc,phases     ] GC(67)   Evacuate Collection Set: 12.6ms
[2024-01-26T11:47:23.049+0000][gc,phases     ] GC(67)   Post Evacuate Collection Set: 0.8ms
[2024-01-26T11:47:23.049+0000][gc,phases     ] GC(67)   Other: 0.5ms
[2024-01-26T11:47:23.049+0000][gc,heap       ] GC(67) Eden regions: 607->0(607)
[2024-01-26T11:47:23.049+0000][gc,heap       ] GC(67) Survivor regions: 7->7(77)
[2024-01-26T11:47:23.049+0000][gc,heap       ] GC(67) Old regions: 43->44
[2024-01-26T11:47:23.049+0000][gc,heap       ] GC(67) Humongous regions: 138->138
[2024-01-26T11:47:23.049+0000][gc,metaspace  ] GC(67) Metaspace: 54696K(57900K)->54696K(57900K) NonClass: 48438K(50348K)->48438K(50348K) Class: 6257K(7552K)->6257K(7552K)
[2024-01-26T11:47:23.049+0000][gc            ] GC(67) Pause Young (Normal) (G1 Evacuation Pause) 794M->187M(1024M) 14.069ms
[2024-01-26T11:47:23.049+0000][gc,cpu        ] GC(67) User=0.10s Sys=0.01s Real=0.01s
[2024-01-26T11:47:26.375+0000][gc,start      ] GC(68) Pause Young (Normal) (G1 Evacuation Pause)
[2024-01-26T11:47:26.375+0000][gc,task       ] GC(68) Using 8 workers of 8 for evacuation
[2024-01-26T11:47:26.383+0000][gc,phases     ] GC(68)   Pre Evacuate Collection Set: 0.0ms
[2024-01-26T11:47:26.384+0000][gc,phases     ] GC(68)   Evacuate Collection Set: 7.5ms
[2024-01-26T11:47:26.384+0000][gc,phases     ] GC(68)   Post Evacuate Collection Set: 0.8ms
[2024-01-26T11:47:26.384+0000][gc,phases     ] GC(68)   Other: 0.3ms
[2024-01-26T11:47:26.384+0000][gc,heap       ] GC(68) Eden regions: 607->0(608)
[2024-01-26T11:47:26.384+0000][gc,heap       ] GC(68) Survivor regions: 7->6(77)
[2024-01-26T11:47:26.384+0000][gc,heap       ] GC(68) Old regions: 44->44
[2024-01-26T11:47:26.384+0000][gc,heap       ] GC(68) Humongous regions: 138->138
[2024-01-26T11:47:26.384+0000][gc,metaspace  ] GC(68) Metaspace: 54696K(57900K)->54696K(57900K) NonClass: 48439K(50348K)->48439K(50348K) Class: 6257K(7552K)->6257K(7552K)
[2024-01-26T11:47:26.384+0000][gc            ] GC(68) Pause Young (Normal) (G1 Evacuation Pause) 794M->187M(1024M) 8.746ms
[2024-01-26T11:47:26.384+0000][gc,cpu        ] GC(68) User=0.04s Sys=0.00s Real=0.01s
[2024-01-26T11:47:30.492+0000][gc,start      ] GC(69) Pause Young (Normal) (G1 Evacuation Pause)
[2024-01-26T11:47:30.492+0000][gc,task       ] GC(69) Using 8 workers of 8 for evacuation
[2024-01-26T11:47:30.507+0000][gc,phases     ] GC(69)   Pre Evacuate Collection Set: 0.0ms
[2024-01-26T11:47:30.507+0000][gc,phases     ] GC(69)   Evacuate Collection Set: 13.8ms
[2024-01-26T11:47:30.507+0000][gc,phases     ] GC(69)   Post Evacuate Collection Set: 1.3ms
[2024-01-26T11:47:30.507+0000][gc,phases     ] GC(69)   Other: 0.3ms
[2024-01-26T11:47:30.507+0000][gc,heap       ] GC(69) Eden regions: 608->0(607)
[2024-01-26T11:47:30.507+0000][gc,heap       ] GC(69) Survivor regions: 6->7(77)
[2024-01-26T11:47:30.507+0000][gc,heap       ] GC(69) Old regions: 44->45
[2024-01-26T11:47:30.507+0000][gc,heap       ] GC(69) Humongous regions: 138->138
[2024-01-26T11:47:30.507+0000][gc,metaspace  ] GC(69) Metaspace: 54700K(57900K)->54700K(57900K) NonClass: 48443K(50348K)->48443K(50348K) Class: 6257K(7552K)->6257K(7552K)
[2024-01-26T11:47:30.507+0000][gc            ] GC(69) Pause Young (Normal) (G1 Evacuation Pause) 795M->188M(1024M) 15.494ms
[2024-01-26T11:47:30.507+0000][gc,cpu        ] GC(69) User=0.10s Sys=0.01s Real=0.02s
[2024-01-26T11:47:34.468+0000][gc,start      ] GC(70) Pause Young (Normal) (G1 Evacuation Pause)
[2024-01-26T11:47:34.468+0000][gc,task       ] GC(70) Using 8 workers of 8 for evacuation
[2024-01-26T11:47:34.475+0000][gc,phases     ] GC(70)   Pre Evacuate Collection Set: 0.0ms
[2024-01-26T11:47:34.475+0000][gc,phases     ] GC(70)   Evacuate Collection Set: 6.1ms
[2024-01-26T11:47:34.475+0000][gc,phases     ] GC(70)   Post Evacuate Collection Set: 0.8ms
[2024-01-26T11:47:34.475+0000][gc,phases     ] GC(70)   Other: 0.2ms
[2024-01-26T11:47:34.475+0000][gc,heap       ] GC(70) Eden regions: 607->0(608)
[2024-01-26T11:47:34.475+0000][gc,heap       ] GC(70) Survivor regions: 7->6(77)
[2024-01-26T11:47:34.475+0000][gc,heap       ] GC(70) Old regions: 45->45
[2024-01-26T11:47:34.475+0000][gc,heap       ] GC(70) Humongous regions: 138->138
[2024-01-26T11:47:34.475+0000][gc,metaspace  ] GC(70) Metaspace: 54700K(57900K)->54700K(57900K) NonClass: 48443K(50348K)->48443K(50348K) Class: 6257K(7552K)->6257K(7552K)
[2024-01-26T11:47:34.475+0000][gc            ] GC(70) Pause Young (Normal) (G1 Evacuation Pause) 795M->188M(1024M) 7.270ms
[2024-01-26T11:47:34.475+0000][gc,cpu        ] GC(70) User=0.05s Sys=0.00s Real=0.01s
[2024-01-26T11:47:37.725+0000][gc,start      ] GC(71) Pause Young (Normal) (G1 Evacuation Pause)
[2024-01-26T11:47:37.725+0000][gc,task       ] GC(71) Using 8 workers of 8 for evacuation
[2024-01-26T11:47:37.735+0000][gc,phases     ] GC(71)   Pre Evacuate Collection Set: 0.0ms
[2024-01-26T11:47:37.735+0000][gc,phases     ] GC(71)   Evacuate Collection Set: 9.0ms
[2024-01-26T11:47:37.735+0000][gc,phases     ] GC(71)   Post Evacuate Collection Set: 0.8ms
[2024-01-26T11:47:37.735+0000][gc,phases     ] GC(71)   Other: 0.3ms
[2024-01-26T11:47:37.735+0000][gc,heap       ] GC(71) Eden regions: 608->0(608)
[2024-01-26T11:47:37.735+0000][gc,heap       ] GC(71) Survivor regions: 6->6(77)
[2024-01-26T11:47:37.735+0000][gc,heap       ] GC(71) Old regions: 45->46
[2024-01-26T11:47:37.735+0000][gc,heap       ] GC(71) Humongous regions: 138->138
[2024-01-26T11:47:37.735+0000][gc,metaspace  ] GC(71) Metaspace: 54702K(57900K)->54702K(57900K) NonClass: 48444K(50348K)->48444K(50348K) Class: 6257K(7552K)->6257K(7552K)
[2024-01-26T11:47:37.735+0000][gc            ] GC(71) Pause Young (Normal) (G1 Evacuation Pause) 796M->188M(1024M) 10.252ms
[2024-01-26T11:47:37.735+0000][gc,cpu        ] GC(71) User=0.06s Sys=0.00s Real=0.01s
[2024-01-26T11:47:41.026+0000][gc,start      ] GC(72) Pause Young (Normal) (G1 Evacuation Pause)
[2024-01-26T11:47:41.027+0000][gc,task       ] GC(72) Using 8 workers of 8 for evacuation
[2024-01-26T11:47:41.036+0000][gc,phases     ] GC(72)   Pre Evacuate Collection Set: 0.0ms
[2024-01-26T11:47:41.036+0000][gc,phases     ] GC(72)   Evacuate Collection Set: 8.1ms
[2024-01-26T11:47:41.036+0000][gc,phases     ] GC(72)   Post Evacuate Collection Set: 0.8ms
[2024-01-26T11:47:41.036+0000][gc,phases     ] GC(72)   Other: 0.3ms
[2024-01-26T11:47:41.036+0000][gc,heap       ] GC(72) Eden regions: 608->0(608)
[2024-01-26T11:47:41.036+0000][gc,heap       ] GC(72) Survivor regions: 6->6(77)
[2024-01-26T11:47:41.036+0000][gc,heap       ] GC(72) Old regions: 46->46
[2024-01-26T11:47:41.036+0000][gc,heap       ] GC(72) Humongous regions: 138->138
[2024-01-26T11:47:41.036+0000][gc,metaspace  ] GC(72) Metaspace: 54703K(57900K)->54703K(57900K) NonClass: 48446K(50348K)->48446K(50348K) Class: 6257K(7552K)->6257K(7552K)
[2024-01-26T11:47:41.036+0000][gc            ] GC(72) Pause Young (Normal) (G1 Evacuation Pause) 796M->189M(1024M) 9.309ms
[2024-01-26T11:47:41.036+0000][gc,cpu        ] GC(72) User=0.05s Sys=0.00s Real=0.01s
[2024-01-26T11:47:44.360+0000][gc,start      ] GC(73) Pause Young (Normal) (G1 Evacuation Pause)
[2024-01-26T11:47:44.360+0000][gc,task       ] GC(73) Using 8 workers of 8 for evacuation
[2024-01-26T11:47:44.368+0000][gc,phases     ] GC(73)   Pre Evacuate Collection Set: 0.0ms
[2024-01-26T11:47:44.368+0000][gc,phases     ] GC(73)   Evacuate Collection Set: 6.9ms
[2024-01-26T11:47:44.368+0000][gc,phases     ] GC(73)   Post Evacuate Collection Set: 0.8ms
[2024-01-26T11:47:44.368+0000][gc,phases     ] GC(73)   Other: 0.3ms
[2024-01-26T11:47:44.368+0000][gc,heap       ] GC(73) Eden regions: 608->0(608)
[2024-01-26T11:47:44.368+0000][gc,heap       ] GC(73) Survivor regions: 6->6(77)
[2024-01-26T11:47:44.368+0000][gc,heap       ] GC(73) Old regions: 46->47
[2024-01-26T11:47:44.368+0000][gc,heap       ] GC(73) Humongous regions: 138->138
[2024-01-26T11:47:44.368+0000][gc,metaspace  ] GC(73) Metaspace: 54716K(57900K)->54716K(57900K) NonClass: 48458K(50348K)->48458K(50348K) Class: 6257K(7552K)->6257K(7552K)
[2024-01-26T11:47:44.368+0000][gc            ] GC(73) Pause Young (Normal) (G1 Evacuation Pause) 797M->189M(1024M) 8.148ms
[2024-01-26T11:47:44.368+0000][gc,cpu        ] GC(73) User=0.05s Sys=0.00s Real=0.01s
[2024-01-26T11:47:49.359+0000][gc,start      ] GC(74) Pause Young (Normal) (G1 Evacuation Pause)
[2024-01-26T11:47:49.359+0000][gc,task       ] GC(74) Using 8 workers of 8 for evacuation
[2024-01-26T11:47:49.370+0000][gc,phases     ] GC(74)   Pre Evacuate Collection Set: 0.0ms
[2024-01-26T11:47:49.370+0000][gc,phases     ] GC(74)   Evacuate Collection Set: 6.7ms
[2024-01-26T11:47:49.370+0000][gc,phases     ] GC(74)   Post Evacuate Collection Set: 4.3ms
[2024-01-26T11:47:49.370+0000][gc,phases     ] GC(74)   Other: 0.3ms
[2024-01-26T11:47:49.370+0000][gc,heap       ] GC(74) Eden regions: 608->0(608)
[2024-01-26T11:47:49.370+0000][gc,heap       ] GC(74) Survivor regions: 6->6(77)
[2024-01-26T11:47:49.370+0000][gc,heap       ] GC(74) Old regions: 47->47
[2024-01-26T11:47:49.370+0000][gc,heap       ] GC(74) Humongous regions: 138->138
[2024-01-26T11:47:49.370+0000][gc,metaspace  ] GC(74) Metaspace: 54723K(57900K)->54723K(57900K) NonClass: 48466K(50348K)->48466K(50348K) Class: 6257K(7552K)->6257K(7552K)
[2024-01-26T11:47:49.370+0000][gc            ] GC(74) Pause Young (Normal) (G1 Evacuation Pause) 797M->190M(1024M) 11.471ms
[2024-01-26T11:47:49.370+0000][gc,cpu        ] GC(74) User=0.05s Sys=0.00s Real=0.01s
[2024-01-26T11:47:52.877+0000][gc,start      ] GC(75) Pause Young (Normal) (G1 Evacuation Pause)
[2024-01-26T11:47:52.877+0000][gc,task       ] GC(75) Using 8 workers of 8 for evacuation
[2024-01-26T11:47:52.885+0000][gc,phases     ] GC(75)   Pre Evacuate Collection Set: 0.1ms
[2024-01-26T11:47:52.885+0000][gc,phases     ] GC(75)   Evacuate Collection Set: 7.0ms
[2024-01-26T11:47:52.885+0000][gc,phases     ] GC(75)   Post Evacuate Collection Set: 0.6ms
[2024-01-26T11:47:52.885+0000][gc,phases     ] GC(75)   Other: 0.3ms
[2024-01-26T11:47:52.885+0000][gc,heap       ] GC(75) Eden regions: 608->0(608)
[2024-01-26T11:47:52.885+0000][gc,heap       ] GC(75) Survivor regions: 6->6(77)
[2024-01-26T11:47:52.885+0000][gc,heap       ] GC(75) Old regions: 47->47
[2024-01-26T11:47:52.885+0000][gc,heap       ] GC(75) Humongous regions: 138->138
[2024-01-26T11:47:52.885+0000][gc,metaspace  ] GC(75) Metaspace: 54723K(57900K)->54723K(57900K) NonClass: 48466K(50348K)->48466K(50348K) Class: 6257K(7552K)->6257K(7552K)
[2024-01-26T11:47:52.885+0000][gc            ] GC(75) Pause Young (Normal) (G1 Evacuation Pause) 798M->190M(1024M) 8.187ms
[2024-01-26T11:47:52.885+0000][gc,cpu        ] GC(75) User=0.04s Sys=0.00s Real=0.01s
[2024-01-26T11:48:03.536+0000][gc,start      ] GC(76) Pause Young (Normal) (G1 Evacuation Pause)
[2024-01-26T11:48:03.536+0000][gc,task       ] GC(76) Using 8 workers of 8 for evacuation
[2024-01-26T11:48:03.550+0000][gc,phases     ] GC(76)   Pre Evacuate Collection Set: 0.0ms
[2024-01-26T11:48:03.550+0000][gc,phases     ] GC(76)   Evacuate Collection Set: 12.8ms
[2024-01-26T11:48:03.550+0000][gc,phases     ] GC(76)   Post Evacuate Collection Set: 1.0ms
[2024-01-26T11:48:03.550+0000][gc,phases     ] GC(76)   Other: 0.6ms
[2024-01-26T11:48:03.550+0000][gc,heap       ] GC(76) Eden regions: 608->0(608)
[2024-01-26T11:48:03.550+0000][gc,heap       ] GC(76) Survivor regions: 6->6(77)
[2024-01-26T11:48:03.550+0000][gc,heap       ] GC(76) Old regions: 47->48
[2024-01-26T11:48:03.550+0000][gc,heap       ] GC(76) Humongous regions: 138->138
[2024-01-26T11:48:03.550+0000][gc,metaspace  ] GC(76) Metaspace: 54793K(58028K)->54793K(58028K) NonClass: 48528K(50348K)->48528K(50348K) Class: 6264K(7680K)->6264K(7680K)
[2024-01-26T11:48:03.550+0000][gc            ] GC(76) Pause Young (Normal) (G1 Evacuation Pause) 798M->191M(1024M) 14.440ms
[2024-01-26T11:48:03.550+0000][gc,cpu        ] GC(76) User=0.06s Sys=0.00s Real=0.01s
[2024-01-26T11:48:07.630+0000][gc,start      ] GC(77) Pause Young (Normal) (G1 Evacuation Pause)
[2024-01-26T11:48:07.630+0000][gc,task       ] GC(77) Using 8 workers of 8 for evacuation
[2024-01-26T11:48:07.641+0000][gc,phases     ] GC(77)   Pre Evacuate Collection Set: 0.0ms
[2024-01-26T11:48:07.641+0000][gc,phases     ] GC(77)   Evacuate Collection Set: 9.7ms
[2024-01-26T11:48:07.641+0000][gc,phases     ] GC(77)   Post Evacuate Collection Set: 0.7ms
[2024-01-26T11:48:07.641+0000][gc,phases     ] GC(77)   Other: 0.3ms
[2024-01-26T11:48:07.641+0000][gc,heap       ] GC(77) Eden regions: 608->0(608)
[2024-01-26T11:48:07.641+0000][gc,heap       ] GC(77) Survivor regions: 6->6(77)
[2024-01-26T11:48:07.641+0000][gc,heap       ] GC(77) Old regions: 48->48
[2024-01-26T11:48:07.641+0000][gc,heap       ] GC(77) Humongous regions: 138->138
[2024-01-26T11:48:07.641+0000][gc,metaspace  ] GC(77) Metaspace: 54793K(58028K)->54793K(58028K) NonClass: 48529K(50348K)->48529K(50348K) Class: 6264K(7680K)->6264K(7680K)
[2024-01-26T11:48:07.641+0000][gc            ] GC(77) Pause Young (Normal) (G1 Evacuation Pause) 799M->191M(1024M) 10.813ms
[2024-01-26T11:48:07.641+0000][gc,cpu        ] GC(77) User=0.06s Sys=0.00s Real=0.01s
[2024-01-26T11:48:10.973+0000][gc,start      ] GC(78) Pause Young (Normal) (G1 Evacuation Pause)
[2024-01-26T11:48:10.973+0000][gc,task       ] GC(78) Using 8 workers of 8 for evacuation
[2024-01-26T11:48:10.981+0000][gc,phases     ] GC(78)   Pre Evacuate Collection Set: 0.0ms
[2024-01-26T11:48:10.981+0000][gc,phases     ] GC(78)   Evacuate Collection Set: 6.7ms
[2024-01-26T11:48:10.981+0000][gc,phases     ] GC(78)   Post Evacuate Collection Set: 0.6ms
[2024-01-26T11:48:10.981+0000][gc,phases     ] GC(78)   Other: 0.2ms
[2024-01-26T11:48:10.981+0000][gc,heap       ] GC(78) Eden regions: 608->0(608)
[2024-01-26T11:48:10.981+0000][gc,heap       ] GC(78) Survivor regions: 6->6(77)
[2024-01-26T11:48:10.981+0000][gc,heap       ] GC(78) Old regions: 48->48
[2024-01-26T11:48:10.981+0000][gc,heap       ] GC(78) Humongous regions: 138->138
[2024-01-26T11:48:10.981+0000][gc,metaspace  ] GC(78) Metaspace: 54796K(58028K)->54796K(58028K) NonClass: 48531K(50348K)->48531K(50348K) Class: 6264K(7680K)->6264K(7680K)
[2024-01-26T11:48:10.981+0000][gc            ] GC(78) Pause Young (Normal) (G1 Evacuation Pause) 799M->191M(1024M) 7.674ms
[2024-01-26T11:48:10.981+0000][gc,cpu        ] GC(78) User=0.05s Sys=0.00s Real=0.00s
[2024-01-26T11:48:19.793+0000][gc,start      ] GC(79) Pause Young (Normal) (G1 Evacuation Pause)
[2024-01-26T11:48:19.793+0000][gc,task       ] GC(79) Using 8 workers of 8 for evacuation
[2024-01-26T11:48:19.812+0000][gc,phases     ] GC(79)   Pre Evacuate Collection Set: 0.0ms
[2024-01-26T11:48:19.813+0000][gc,phases     ] GC(79)   Evacuate Collection Set: 17.1ms
[2024-01-26T11:48:19.813+0000][gc,phases     ] GC(79)   Post Evacuate Collection Set: 2.4ms
[2024-01-26T11:48:19.813+0000][gc,phases     ] GC(79)   Other: 0.3ms
[2024-01-26T11:48:19.813+0000][gc,heap       ] GC(79) Eden regions: 608->0(607)
[2024-01-26T11:48:19.813+0000][gc,heap       ] GC(79) Survivor regions: 6->7(77)
[2024-01-26T11:48:19.813+0000][gc,heap       ] GC(79) Old regions: 48->49
[2024-01-26T11:48:19.813+0000][gc,heap       ] GC(79) Humongous regions: 138->138
[2024-01-26T11:48:19.813+0000][gc,metaspace  ] GC(79) Metaspace: 54810K(58028K)->54810K(58028K) NonClass: 48545K(50348K)->48545K(50348K) Class: 6264K(7680K)->6264K(7680K)
[2024-01-26T11:48:19.813+0000][gc            ] GC(79) Pause Young (Normal) (G1 Evacuation Pause) 799M->192M(1024M) 19.849ms
[2024-01-26T11:48:19.813+0000][gc,cpu        ] GC(79) User=0.10s Sys=0.02s Real=0.01s
[2024-01-26T11:48:29.071+0000][gc,start      ] GC(80) Pause Young (Normal) (G1 Evacuation Pause)
[2024-01-26T11:48:29.071+0000][gc,task       ] GC(80) Using 8 workers of 8 for evacuation
[2024-01-26T11:48:29.084+0000][gc,phases     ] GC(80)   Pre Evacuate Collection Set: 0.0ms
[2024-01-26T11:48:29.084+0000][gc,phases     ] GC(80)   Evacuate Collection Set: 11.1ms
[2024-01-26T11:48:29.084+0000][gc,phases     ] GC(80)   Post Evacuate Collection Set: 0.9ms
[2024-01-26T11:48:29.084+0000][gc,phases     ] GC(80)   Other: 0.3ms
[2024-01-26T11:48:29.084+0000][gc,heap       ] GC(80) Eden regions: 607->0(607)
[2024-01-26T11:48:29.084+0000][gc,heap       ] GC(80) Survivor regions: 7->7(77)
[2024-01-26T11:48:29.084+0000][gc,heap       ] GC(80) Old regions: 49->49
[2024-01-26T11:48:29.084+0000][gc,heap       ] GC(80) Humongous regions: 138->138
[2024-01-26T11:48:29.084+0000][gc,metaspace  ] GC(80) Metaspace: 54825K(58028K)->54825K(58028K) NonClass: 48561K(50348K)->48561K(50348K) Class: 6264K(7680K)->6264K(7680K)
[2024-01-26T11:48:29.084+0000][gc            ] GC(80) Pause Young (Normal) (G1 Evacuation Pause) 799M->193M(1024M) 12.458ms
[2024-01-26T11:48:29.084+0000][gc,cpu        ] GC(80) User=0.08s Sys=0.01s Real=0.02s
[2024-01-26T11:48:32.070+0000][gc,start      ] GC(81) Pause Young (Normal) (G1 Evacuation Pause)
[2024-01-26T11:48:32.070+0000][gc,task       ] GC(81) Using 8 workers of 8 for evacuation
[2024-01-26T11:48:32.085+0000][gc,phases     ] GC(81)   Pre Evacuate Collection Set: 0.0ms
[2024-01-26T11:48:32.085+0000][gc,phases     ] GC(81)   Evacuate Collection Set: 14.5ms
[2024-01-26T11:48:32.086+0000][gc,phases     ] GC(81)   Post Evacuate Collection Set: 0.9ms
[2024-01-26T11:48:32.086+0000][gc,phases     ] GC(81)   Other: 0.3ms
[2024-01-26T11:48:32.086+0000][gc,heap       ] GC(81) Eden regions: 607->0(607)
[2024-01-26T11:48:32.086+0000][gc,heap       ] GC(81) Survivor regions: 7->7(77)
[2024-01-26T11:48:32.086+0000][gc,heap       ] GC(81) Old regions: 49->50
[2024-01-26T11:48:32.086+0000][gc,heap       ] GC(81) Humongous regions: 138->138
[2024-01-26T11:48:32.086+0000][gc,metaspace  ] GC(81) Metaspace: 54830K(58028K)->54830K(58028K) NonClass: 48565K(50348K)->48565K(50348K) Class: 6264K(7680K)->6264K(7680K)
[2024-01-26T11:48:32.086+0000][gc            ] GC(81) Pause Young (Normal) (G1 Evacuation Pause) 800M->193M(1024M) 16.014ms
[2024-01-26T11:48:32.086+0000][gc,cpu        ] GC(81) User=0.09s Sys=0.00s Real=0.02s
[2024-01-26T11:48:40.330+0000][gc,start      ] GC(82) Pause Young (Normal) (G1 Evacuation Pause)
[2024-01-26T11:48:40.330+0000][gc,task       ] GC(82) Using 8 workers of 8 for evacuation
[2024-01-26T11:48:40.339+0000][gc,phases     ] GC(82)   Pre Evacuate Collection Set: 0.0ms
[2024-01-26T11:48:40.339+0000][gc,phases     ] GC(82)   Evacuate Collection Set: 7.6ms
[2024-01-26T11:48:40.339+0000][gc,phases     ] GC(82)   Post Evacuate Collection Set: 0.7ms
[2024-01-26T11:48:40.339+0000][gc,phases     ] GC(82)   Other: 0.3ms
[2024-01-26T11:48:40.339+0000][gc,heap       ] GC(82) Eden regions: 607->0(607)
[2024-01-26T11:48:40.339+0000][gc,heap       ] GC(82) Survivor regions: 7->7(77)
[2024-01-26T11:48:40.339+0000][gc,heap       ] GC(82) Old regions: 50->50
[2024-01-26T11:48:40.339+0000][gc,heap       ] GC(82) Humongous regions: 138->138
[2024-01-26T11:48:40.339+0000][gc,metaspace  ] GC(82) Metaspace: 54848K(58028K)->54848K(58028K) NonClass: 48584K(50348K)->48584K(50348K) Class: 6264K(7680K)->6264K(7680K)
[2024-01-26T11:48:40.339+0000][gc            ] GC(82) Pause Young (Normal) (G1 Evacuation Pause) 800M->194M(1024M) 8.713ms
[2024-01-26T11:48:40.339+0000][gc,cpu        ] GC(82) User=0.05s Sys=0.01s Real=0.01s
[2024-01-26T11:48:48.674+0000][gc,start      ] GC(83) Pause Young (Normal) (G1 Evacuation Pause)
[2024-01-26T11:48:48.674+0000][gc,task       ] GC(83) Using 8 workers of 8 for evacuation
[2024-01-26T11:48:48.684+0000][gc,phases     ] GC(83)   Pre Evacuate Collection Set: 0.1ms
[2024-01-26T11:48:48.684+0000][gc,phases     ] GC(83)   Evacuate Collection Set: 8.8ms
[2024-01-26T11:48:48.684+0000][gc,phases     ] GC(83)   Post Evacuate Collection Set: 0.8ms
[2024-01-26T11:48:48.684+0000][gc,phases     ] GC(83)   Other: 0.3ms
[2024-01-26T11:48:48.684+0000][gc,heap       ] GC(83) Eden regions: 607->0(607)
[2024-01-26T11:48:48.684+0000][gc,heap       ] GC(83) Survivor regions: 7->7(77)
[2024-01-26T11:48:48.684+0000][gc,heap       ] GC(83) Old regions: 50->50
[2024-01-26T11:48:48.684+0000][gc,heap       ] GC(83) Humongous regions: 138->138
[2024-01-26T11:48:48.684+0000][gc,metaspace  ] GC(83) Metaspace: 54860K(58028K)->54860K(58028K) NonClass: 48593K(50348K)->48593K(50348K) Class: 6266K(7680K)->6266K(7680K)
[2024-01-26T11:48:48.684+0000][gc            ] GC(83) Pause Young (Normal) (G1 Evacuation Pause) 801M->194M(1024M) 9.972ms
[2024-01-26T11:48:48.684+0000][gc,cpu        ] GC(83) User=0.05s Sys=0.00s Real=0.01s
[2024-01-26T11:49:10.415+0000][gc,start      ] GC(84) Pause Young (Normal) (G1 Evacuation Pause)
[2024-01-26T11:49:10.415+0000][gc,task       ] GC(84) Using 8 workers of 8 for evacuation
[2024-01-26T11:49:10.428+0000][gc,phases     ] GC(84)   Pre Evacuate Collection Set: 0.0ms
[2024-01-26T11:49:10.428+0000][gc,phases     ] GC(84)   Evacuate Collection Set: 12.0ms
[2024-01-26T11:49:10.428+0000][gc,phases     ] GC(84)   Post Evacuate Collection Set: 0.7ms
[2024-01-26T11:49:10.428+0000][gc,phases     ] GC(84)   Other: 0.3ms
[2024-01-26T11:49:10.428+0000][gc,heap       ] GC(84) Eden regions: 607->0(606)
[2024-01-26T11:49:10.428+0000][gc,heap       ] GC(84) Survivor regions: 7->8(77)
[2024-01-26T11:49:10.428+0000][gc,heap       ] GC(84) Old regions: 50->51
[2024-01-26T11:49:10.428+0000][gc,heap       ] GC(84) Humongous regions: 138->138
[2024-01-26T11:49:10.428+0000][gc,metaspace  ] GC(84) Metaspace: 54893K(58284K)->54893K(58284K) NonClass: 48626K(50604K)->48626K(50604K) Class: 6266K(7680K)->6266K(7680K)
[2024-01-26T11:49:10.428+0000][gc            ] GC(84) Pause Young (Normal) (G1 Evacuation Pause) 801M->195M(1024M) 13.128ms
[2024-01-26T11:49:10.428+0000][gc,cpu        ] GC(84) User=0.07s Sys=0.00s Real=0.01s
[2024-01-26T11:49:15.770+0000][gc,start      ] GC(85) Pause Young (Normal) (G1 Evacuation Pause)
[2024-01-26T11:49:15.770+0000][gc,task       ] GC(85) Using 8 workers of 8 for evacuation
[2024-01-26T11:49:15.792+0000][gc,mmu        ] GC(85) MMU target violated: 21.0ms (20.0ms/21.0ms)
[2024-01-26T11:49:15.792+0000][gc,phases     ] GC(85)   Pre Evacuate Collection Set: 0.0ms
[2024-01-26T11:49:15.792+0000][gc,phases     ] GC(85)   Evacuate Collection Set: 20.3ms
[2024-01-26T11:49:15.792+0000][gc,phases     ] GC(85)   Post Evacuate Collection Set: 1.8ms
[2024-01-26T11:49:15.792+0000][gc,phases     ] GC(85)   Other: 0.4ms
[2024-01-26T11:49:15.792+0000][gc,heap       ] GC(85) Eden regions: 606->0(606)
[2024-01-26T11:49:15.792+0000][gc,heap       ] GC(85) Survivor regions: 8->8(77)
[2024-01-26T11:49:15.792+0000][gc,heap       ] GC(85) Old regions: 51->51
[2024-01-26T11:49:15.792+0000][gc,heap       ] GC(85) Humongous regions: 138->138
[2024-01-26T11:49:15.792+0000][gc,metaspace  ] GC(85) Metaspace: 54895K(58284K)->54895K(58284K) NonClass: 48628K(50604K)->48628K(50604K) Class: 6266K(7680K)->6266K(7680K)
[2024-01-26T11:49:15.792+0000][gc            ] GC(85) Pause Young (Normal) (G1 Evacuation Pause) 801M->195M(1024M) 22.538ms
[2024-01-26T11:49:15.792+0000][gc,cpu        ] GC(85) User=0.08s Sys=0.00s Real=0.02s
[2024-01-26T11:49:58.351+0000][gc,start      ] GC(86) Pause Young (Normal) (G1 Evacuation Pause)
[2024-01-26T11:49:58.351+0000][gc,task       ] GC(86) Using 8 workers of 8 for evacuation
[2024-01-26T11:49:58.364+0000][gc,phases     ] GC(86)   Pre Evacuate Collection Set: 0.2ms
[2024-01-26T11:49:58.364+0000][gc,phases     ] GC(86)   Evacuate Collection Set: 11.5ms
[2024-01-26T11:49:58.364+0000][gc,phases     ] GC(86)   Post Evacuate Collection Set: 1.1ms
[2024-01-26T11:49:58.364+0000][gc,phases     ] GC(86)   Other: 0.6ms
[2024-01-26T11:49:58.365+0000][gc,heap       ] GC(86) Eden regions: 606->0(606)
[2024-01-26T11:49:58.365+0000][gc,heap       ] GC(86) Survivor regions: 8->8(77)
[2024-01-26T11:49:58.365+0000][gc,heap       ] GC(86) Old regions: 51->51
[2024-01-26T11:49:58.365+0000][gc,heap       ] GC(86) Humongous regions: 138->138
[2024-01-26T11:49:58.365+0000][gc,metaspace  ] GC(86) Metaspace: 54989K(58284K)->54989K(58284K) NonClass: 48722K(50604K)->48722K(50604K) Class: 6266K(7680K)->6266K(7680K)
[2024-01-26T11:49:58.365+0000][gc            ] GC(86) Pause Young (Normal) (G1 Evacuation Pause) 801M->196M(1024M) 13.453ms
[2024-01-26T11:49:58.365+0000][gc,cpu        ] GC(86) User=0.09s Sys=0.00s Real=0.01s
[2024-01-26T11:50:08.697+0000][gc,start      ] GC(87) Pause Young (Normal) (G1 Evacuation Pause)
[2024-01-26T11:50:08.697+0000][gc,task       ] GC(87) Using 8 workers of 8 for evacuation
[2024-01-26T11:50:08.710+0000][gc,phases     ] GC(87)   Pre Evacuate Collection Set: 0.0ms
[2024-01-26T11:50:08.710+0000][gc,phases     ] GC(87)   Evacuate Collection Set: 11.7ms
[2024-01-26T11:50:08.710+0000][gc,phases     ] GC(87)   Post Evacuate Collection Set: 0.7ms
[2024-01-26T11:50:08.710+0000][gc,phases     ] GC(87)   Other: 0.3ms
[2024-01-26T11:50:08.710+0000][gc,heap       ] GC(87) Eden regions: 606->0(605)
[2024-01-26T11:50:08.710+0000][gc,heap       ] GC(87) Survivor regions: 8->9(77)
[2024-01-26T11:50:08.710+0000][gc,heap       ] GC(87) Old regions: 51->52
[2024-01-26T11:50:08.710+0000][gc,heap       ] GC(87) Humongous regions: 138->138
[2024-01-26T11:50:08.710+0000][gc,metaspace  ] GC(87) Metaspace: 55043K(58284K)->55043K(58284K) NonClass: 48776K(50604K)->48776K(50604K) Class: 6266K(7680K)->6266K(7680K)
[2024-01-26T11:50:08.710+0000][gc            ] GC(87) Pause Young (Normal) (G1 Evacuation Pause) 802M->198M(1024M) 12.961ms
[2024-01-26T11:50:08.710+0000][gc,cpu        ] GC(87) User=0.09s Sys=0.00s Real=0.01s
[2024-01-26T11:50:12.217+0000][gc,start      ] GC(88) Pause Young (Normal) (G1 Evacuation Pause)
[2024-01-26T11:50:12.217+0000][gc,task       ] GC(88) Using 8 workers of 8 for evacuation
[2024-01-26T11:50:12.234+0000][gc,phases     ] GC(88)   Pre Evacuate Collection Set: 0.0ms
[2024-01-26T11:50:12.234+0000][gc,phases     ] GC(88)   Evacuate Collection Set: 15.6ms
[2024-01-26T11:50:12.234+0000][gc,phases     ] GC(88)   Post Evacuate Collection Set: 1.0ms
[2024-01-26T11:50:12.234+0000][gc,phases     ] GC(88)   Other: 0.4ms
[2024-01-26T11:50:12.234+0000][gc,heap       ] GC(88) Eden regions: 605->0(604)
[2024-01-26T11:50:12.234+0000][gc,heap       ] GC(88) Survivor regions: 9->10(77)
[2024-01-26T11:50:12.234+0000][gc,heap       ] GC(88) Old regions: 52->52
[2024-01-26T11:50:12.234+0000][gc,heap       ] GC(88) Humongous regions: 138->138
[2024-01-26T11:50:12.234+0000][gc,metaspace  ] GC(88) Metaspace: 55046K(58284K)->55046K(58284K) NonClass: 48779K(50604K)->48779K(50604K) Class: 6266K(7680K)->6266K(7680K)
[2024-01-26T11:50:12.234+0000][gc            ] GC(88) Pause Young (Normal) (G1 Evacuation Pause) 803M->198M(1024M) 17.183ms
[2024-01-26T11:50:12.235+0000][gc,cpu        ] GC(88) User=0.09s Sys=0.00s Real=0.02s
[2024-01-26T11:50:21.267+0000][gc,start      ] GC(89) Pause Young (Normal) (G1 Evacuation Pause)
[2024-01-26T11:50:21.268+0000][gc,task       ] GC(89) Using 8 workers of 8 for evacuation
[2024-01-26T11:50:21.281+0000][gc,phases     ] GC(89)   Pre Evacuate Collection Set: 0.2ms
[2024-01-26T11:50:21.281+0000][gc,phases     ] GC(89)   Evacuate Collection Set: 12.8ms
[2024-01-26T11:50:21.281+0000][gc,phases     ] GC(89)   Post Evacuate Collection Set: 0.7ms
[2024-01-26T11:50:21.281+0000][gc,phases     ] GC(89)   Other: 0.3ms
[2024-01-26T11:50:21.281+0000][gc,heap       ] GC(89) Eden regions: 604->0(604)
[2024-01-26T11:50:21.281+0000][gc,heap       ] GC(89) Survivor regions: 10->10(77)
[2024-01-26T11:50:21.281+0000][gc,heap       ] GC(89) Old regions: 52->52
[2024-01-26T11:50:21.281+0000][gc,heap       ] GC(89) Humongous regions: 138->138
[2024-01-26T11:50:21.281+0000][gc,metaspace  ] GC(89) Metaspace: 55050K(58284K)->55050K(58284K) NonClass: 48783K(50604K)->48783K(50604K) Class: 6266K(7680K)->6266K(7680K)
[2024-01-26T11:50:21.282+0000][gc            ] GC(89) Pause Young (Normal) (G1 Evacuation Pause) 802M->199M(1024M) 14.012ms
[2024-01-26T11:50:21.282+0000][gc,cpu        ] GC(89) User=0.09s Sys=0.01s Real=0.01s
[2024-01-26T11:50:31.442+0000][gc,start      ] GC(90) Pause Young (Normal) (G1 Evacuation Pause)
[2024-01-26T11:50:31.442+0000][gc,task       ] GC(90) Using 8 workers of 8 for evacuation
[2024-01-26T11:50:31.473+0000][gc,mmu        ] GC(90) MMU target violated: 21.0ms (20.0ms/21.0ms)
[2024-01-26T11:50:31.473+0000][gc,phases     ] GC(90)   Pre Evacuate Collection Set: 0.0ms
[2024-01-26T11:50:31.473+0000][gc,phases     ] GC(90)   Evacuate Collection Set: 29.4ms
[2024-01-26T11:50:31.473+0000][gc,phases     ] GC(90)   Post Evacuate Collection Set: 0.8ms
[2024-01-26T11:50:31.473+0000][gc,phases     ] GC(90)   Other: 0.5ms
[2024-01-26T11:50:31.473+0000][gc,heap       ] GC(90) Eden regions: 604->0(603)
[2024-01-26T11:50:31.473+0000][gc,heap       ] GC(90) Survivor regions: 10->11(77)
[2024-01-26T11:50:31.473+0000][gc,heap       ] GC(90) Old regions: 52->53
[2024-01-26T11:50:31.473+0000][gc,heap       ] GC(90) Humongous regions: 138->138
[2024-01-26T11:50:31.473+0000][gc,metaspace  ] GC(90) Metaspace: 55094K(58284K)->55094K(58284K) NonClass: 48827K(50604K)->48827K(50604K) Class: 6266K(7680K)->6266K(7680K)
[2024-01-26T11:50:31.473+0000][gc            ] GC(90) Pause Young (Normal) (G1 Evacuation Pause) 803M->200M(1024M) 30.753ms
[2024-01-26T11:50:31.473+0000][gc,cpu        ] GC(90) User=0.13s Sys=0.02s Real=0.03s
[2024-01-26T11:50:36.285+0000][gc,start      ] GC(91) Pause Young (Normal) (G1 Evacuation Pause)
[2024-01-26T11:50:36.285+0000][gc,task       ] GC(91) Using 8 workers of 8 for evacuation
[2024-01-26T11:50:36.301+0000][gc,phases     ] GC(91)   Pre Evacuate Collection Set: 0.0ms
[2024-01-26T11:50:36.301+0000][gc,phases     ] GC(91)   Evacuate Collection Set: 14.6ms
[2024-01-26T11:50:36.301+0000][gc,phases     ] GC(91)   Post Evacuate Collection Set: 0.9ms
[2024-01-26T11:50:36.301+0000][gc,phases     ] GC(91)   Other: 0.3ms
[2024-01-26T11:50:36.301+0000][gc,heap       ] GC(91) Eden regions: 603->0(603)
[2024-01-26T11:50:36.301+0000][gc,heap       ] GC(91) Survivor regions: 11->11(77)
[2024-01-26T11:50:36.301+0000][gc,heap       ] GC(91) Old regions: 53->53
[2024-01-26T11:50:36.301+0000][gc,heap       ] GC(91) Humongous regions: 138->138
[2024-01-26T11:50:36.301+0000][gc,metaspace  ] GC(91) Metaspace: 55096K(58284K)->55096K(58284K) NonClass: 48829K(50604K)->48829K(50604K) Class: 6266K(7680K)->6266K(7680K)
[2024-01-26T11:50:36.301+0000][gc            ] GC(91) Pause Young (Normal) (G1 Evacuation Pause) 803M->201M(1024M) 15.988ms
[2024-01-26T11:50:36.301+0000][gc,cpu        ] GC(91) User=0.11s Sys=0.00s Real=0.01s
[2024-01-26T11:50:40.254+0000][gc,start      ] GC(92) Pause Young (Normal) (G1 Evacuation Pause)
[2024-01-26T11:50:40.254+0000][gc,task       ] GC(92) Using 8 workers of 8 for evacuation
[2024-01-26T11:50:40.272+0000][gc,phases     ] GC(92)   Pre Evacuate Collection Set: 0.0ms
[2024-01-26T11:50:40.272+0000][gc,phases     ] GC(92)   Evacuate Collection Set: 17.4ms
[2024-01-26T11:50:40.272+0000][gc,phases     ] GC(92)   Post Evacuate Collection Set: 0.7ms
[2024-01-26T11:50:40.272+0000][gc,phases     ] GC(92)   Other: 0.4ms
[2024-01-26T11:50:40.272+0000][gc,heap       ] GC(92) Eden regions: 603->0(603)
[2024-01-26T11:50:40.272+0000][gc,heap       ] GC(92) Survivor regions: 11->11(77)
[2024-01-26T11:50:40.272+0000][gc,heap       ] GC(92) Old regions: 53->54
[2024-01-26T11:50:40.272+0000][gc,heap       ] GC(92) Humongous regions: 138->138
[2024-01-26T11:50:40.272+0000][gc,metaspace  ] GC(92) Metaspace: 55096K(58284K)->55096K(58284K) NonClass: 48829K(50604K)->48829K(50604K) Class: 6266K(7680K)->6266K(7680K)
[2024-01-26T11:50:40.272+0000][gc            ] GC(92) Pause Young (Normal) (G1 Evacuation Pause) 804M->202M(1024M) 18.599ms
[2024-01-26T11:50:40.272+0000][gc,cpu        ] GC(92) User=0.10s Sys=0.00s Real=0.02s
[2024-01-26T11:50:44.353+0000][gc,start      ] GC(93) Pause Young (Normal) (G1 Evacuation Pause)
[2024-01-26T11:50:44.353+0000][gc,task       ] GC(93) Using 8 workers of 8 for evacuation
[2024-01-26T11:50:44.366+0000][gc,phases     ] GC(93)   Pre Evacuate Collection Set: 0.0ms
[2024-01-26T11:50:44.366+0000][gc,phases     ] GC(93)   Evacuate Collection Set: 12.0ms
[2024-01-26T11:50:44.366+0000][gc,phases     ] GC(93)   Post Evacuate Collection Set: 1.0ms
[2024-01-26T11:50:44.366+0000][gc,phases     ] GC(93)   Other: 0.3ms
[2024-01-26T11:50:44.366+0000][gc,heap       ] GC(93) Eden regions: 603->0(603)
[2024-01-26T11:50:44.366+0000][gc,heap       ] GC(93) Survivor regions: 11->11(77)
[2024-01-26T11:50:44.366+0000][gc,heap       ] GC(93) Old regions: 54->54
[2024-01-26T11:50:44.366+0000][gc,heap       ] GC(93) Humongous regions: 138->138
[2024-01-26T11:50:44.366+0000][gc,metaspace  ] GC(93) Metaspace: 55096K(58284K)->55096K(58284K) NonClass: 48829K(50604K)->48829K(50604K) Class: 6266K(7680K)->6266K(7680K)
[2024-01-26T11:50:44.366+0000][gc            ] GC(93) Pause Young (Normal) (G1 Evacuation Pause) 805M->202M(1024M) 13.434ms
[2024-01-26T11:50:44.366+0000][gc,cpu        ] GC(93) User=0.08s Sys=0.00s Real=0.01s
[2024-01-26T11:50:55.992+0000][gc,start      ] GC(94) Pause Young (Normal) (G1 Evacuation Pause)
[2024-01-26T11:50:55.992+0000][gc,task       ] GC(94) Using 8 workers of 8 for evacuation
[2024-01-26T11:50:56.010+0000][gc,phases     ] GC(94)   Pre Evacuate Collection Set: 0.1ms
[2024-01-26T11:50:56.010+0000][gc,phases     ] GC(94)   Evacuate Collection Set: 17.3ms
[2024-01-26T11:50:56.010+0000][gc,phases     ] GC(94)   Post Evacuate Collection Set: 0.7ms
[2024-01-26T11:50:56.010+0000][gc,phases     ] GC(94)   Other: 0.4ms
[2024-01-26T11:50:56.010+0000][gc,heap       ] GC(94) Eden regions: 603->0(604)
[2024-01-26T11:50:56.010+0000][gc,heap       ] GC(94) Survivor regions: 11->10(77)
[2024-01-26T11:50:56.010+0000][gc,heap       ] GC(94) Old regions: 54->55
[2024-01-26T11:50:56.010+0000][gc,heap       ] GC(94) Humongous regions: 138->138
[2024-01-26T11:50:56.011+0000][gc,metaspace  ] GC(94) Metaspace: 55122K(58284K)->55122K(58284K) NonClass: 48855K(50604K)->48855K(50604K) Class: 6266K(7680K)->6266K(7680K)
[2024-01-26T11:50:56.011+0000][gc            ] GC(94) Pause Young (Normal) (G1 Evacuation Pause) 805M->202M(1024M) 18.635ms
[2024-01-26T11:50:56.011+0000][gc,cpu        ] GC(94) User=0.07s Sys=0.00s Real=0.02s
[2024-01-26T11:51:00.140+0000][gc,start      ] GC(95) Pause Young (Normal) (G1 Evacuation Pause)
[2024-01-26T11:51:00.140+0000][gc,task       ] GC(95) Using 8 workers of 8 for evacuation
[2024-01-26T11:51:00.166+0000][gc,mmu        ] GC(95) MMU target violated: 21.0ms (20.0ms/21.0ms)
[2024-01-26T11:51:00.166+0000][gc,phases     ] GC(95)   Pre Evacuate Collection Set: 0.0ms
[2024-01-26T11:51:00.166+0000][gc,phases     ] GC(95)   Evacuate Collection Set: 24.5ms
[2024-01-26T11:51:00.166+0000][gc,phases     ] GC(95)   Post Evacuate Collection Set: 1.3ms
[2024-01-26T11:51:00.166+0000][gc,phases     ] GC(95)   Other: 1.0ms
[2024-01-26T11:51:00.166+0000][gc,heap       ] GC(95) Eden regions: 604->0(603)
[2024-01-26T11:51:00.166+0000][gc,heap       ] GC(95) Survivor regions: 10->11(77)
[2024-01-26T11:51:00.166+0000][gc,heap       ] GC(95) Old regions: 55->55
[2024-01-26T11:51:00.166+0000][gc,heap       ] GC(95) Humongous regions: 138->138
[2024-01-26T11:51:00.166+0000][gc,metaspace  ] GC(95) Metaspace: 55124K(58284K)->55124K(58284K) NonClass: 48857K(50604K)->48857K(50604K) Class: 6266K(7680K)->6266K(7680K)
[2024-01-26T11:51:00.166+0000][gc            ] GC(95) Pause Young (Normal) (G1 Evacuation Pause) 806M->203M(1024M) 26.798ms
[2024-01-26T11:51:00.167+0000][gc,cpu        ] GC(95) User=0.11s Sys=0.00s Real=0.03s
[2024-01-26T11:51:04.591+0000][gc,start      ] GC(96) Pause Young (Normal) (G1 Evacuation Pause)
[2024-01-26T11:51:04.591+0000][gc,task       ] GC(96) Using 8 workers of 8 for evacuation
[2024-01-26T11:51:04.606+0000][gc,phases     ] GC(96)   Pre Evacuate Collection Set: 0.2ms
[2024-01-26T11:51:04.606+0000][gc,phases     ] GC(96)   Evacuate Collection Set: 13.6ms
[2024-01-26T11:51:04.606+0000][gc,phases     ] GC(96)   Post Evacuate Collection Set: 1.0ms
[2024-01-26T11:51:04.606+0000][gc,phases     ] GC(96)   Other: 0.6ms
[2024-01-26T11:51:04.606+0000][gc,heap       ] GC(96) Eden regions: 603->0(604)
[2024-01-26T11:51:04.606+0000][gc,heap       ] GC(96) Survivor regions: 11->10(77)
[2024-01-26T11:51:04.606+0000][gc,heap       ] GC(96) Old regions: 55->56
[2024-01-26T11:51:04.606+0000][gc,heap       ] GC(96) Humongous regions: 138->138
[2024-01-26T11:51:04.606+0000][gc,metaspace  ] GC(96) Metaspace: 55124K(58284K)->55124K(58284K) NonClass: 48857K(50604K)->48857K(50604K) Class: 6266K(7680K)->6266K(7680K)
[2024-01-26T11:51:04.606+0000][gc            ] GC(96) Pause Young (Normal) (G1 Evacuation Pause) 806M->203M(1024M) 15.545ms
[2024-01-26T11:51:04.607+0000][gc,cpu        ] GC(96) User=0.10s Sys=0.00s Real=0.01s
[2024-01-26T11:51:19.168+0000][gc,start      ] GC(97) Pause Young (Normal) (G1 Evacuation Pause)
[2024-01-26T11:51:19.168+0000][gc,task       ] GC(97) Using 8 workers of 8 for evacuation
[2024-01-26T11:51:19.192+0000][gc,mmu        ] GC(97) MMU target violated: 21.0ms (20.0ms/21.0ms)
[2024-01-26T11:51:19.192+0000][gc,phases     ] GC(97)   Pre Evacuate Collection Set: 0.0ms
[2024-01-26T11:51:19.192+0000][gc,phases     ] GC(97)   Evacuate Collection Set: 22.7ms
[2024-01-26T11:51:19.192+0000][gc,phases     ] GC(97)   Post Evacuate Collection Set: 0.8ms
[2024-01-26T11:51:19.192+0000][gc,phases     ] GC(97)   Other: 0.4ms
[2024-01-26T11:51:19.192+0000][gc,heap       ] GC(97) Eden regions: 604->0(604)
[2024-01-26T11:51:19.192+0000][gc,heap       ] GC(97) Survivor regions: 10->10(77)
[2024-01-26T11:51:19.192+0000][gc,heap       ] GC(97) Old regions: 56->56
[2024-01-26T11:51:19.192+0000][gc,heap       ] GC(97) Humongous regions: 138->138
[2024-01-26T11:51:19.192+0000][gc,metaspace  ] GC(97) Metaspace: 55125K(58284K)->55125K(58284K) NonClass: 48858K(50604K)->48858K(50604K) Class: 6266K(7680K)->6266K(7680K)
[2024-01-26T11:51:19.192+0000][gc            ] GC(97) Pause Young (Normal) (G1 Evacuation Pause) 807M->203M(1024M) 23.974ms
[2024-01-26T11:51:19.192+0000][gc,cpu        ] GC(97) User=0.15s Sys=0.02s Real=0.03s
[2024-01-26T11:51:22.923+0000][gc,start      ] GC(98) Pause Young (Normal) (G1 Evacuation Pause)
[2024-01-26T11:51:22.923+0000][gc,task       ] GC(98) Using 8 workers of 8 for evacuation
[2024-01-26T11:51:22.934+0000][gc,phases     ] GC(98)   Pre Evacuate Collection Set: 0.0ms
[2024-01-26T11:51:22.934+0000][gc,phases     ] GC(98)   Evacuate Collection Set: 9.8ms
[2024-01-26T11:51:22.934+0000][gc,phases     ] GC(98)   Post Evacuate Collection Set: 0.6ms
[2024-01-26T11:51:22.934+0000][gc,phases     ] GC(98)   Other: 0.3ms
[2024-01-26T11:51:22.934+0000][gc,heap       ] GC(98) Eden regions: 604->0(603)
[2024-01-26T11:51:22.934+0000][gc,heap       ] GC(98) Survivor regions: 10->11(77)
[2024-01-26T11:51:22.934+0000][gc,heap       ] GC(98) Old regions: 56->57
[2024-01-26T11:51:22.934+0000][gc,heap       ] GC(98) Humongous regions: 138->138
[2024-01-26T11:51:22.934+0000][gc,metaspace  ] GC(98) Metaspace: 55126K(58284K)->55126K(58284K) NonClass: 48859K(50604K)->48859K(50604K) Class: 6266K(7680K)->6266K(7680K)
[2024-01-26T11:51:22.934+0000][gc            ] GC(98) Pause Young (Normal) (G1 Evacuation Pause) 807M->204M(1024M) 10.805ms
[2024-01-26T11:51:22.934+0000][gc,cpu        ] GC(98) User=0.06s Sys=0.00s Real=0.01s
[2024-01-26T11:51:26.433+0000][gc,start      ] GC(99) Pause Young (Normal) (G1 Evacuation Pause)
[2024-01-26T11:51:26.433+0000][gc,task       ] GC(99) Using 8 workers of 8 for evacuation
[2024-01-26T11:51:26.446+0000][gc,phases     ] GC(99)   Pre Evacuate Collection Set: 0.0ms
[2024-01-26T11:51:26.446+0000][gc,phases     ] GC(99)   Evacuate Collection Set: 12.0ms
[2024-01-26T11:51:26.446+0000][gc,phases     ] GC(99)   Post Evacuate Collection Set: 0.7ms
[2024-01-26T11:51:26.446+0000][gc,phases     ] GC(99)   Other: 0.3ms
[2024-01-26T11:51:26.446+0000][gc,heap       ] GC(99) Eden regions: 603->0(603)
[2024-01-26T11:51:26.446+0000][gc,heap       ] GC(99) Survivor regions: 11->11(77)
[2024-01-26T11:51:26.446+0000][gc,heap       ] GC(99) Old regions: 57->57
[2024-01-26T11:51:26.447+0000][gc,heap       ] GC(99) Humongous regions: 138->138
[2024-01-26T11:51:26.447+0000][gc,metaspace  ] GC(99) Metaspace: 55126K(58284K)->55126K(58284K) NonClass: 48859K(50604K)->48859K(50604K) Class: 6266K(7680K)->6266K(7680K)
[2024-01-26T11:51:26.447+0000][gc            ] GC(99) Pause Young (Normal) (G1 Evacuation Pause) 807M->205M(1024M) 13.113ms
[2024-01-26T11:51:26.447+0000][gc,cpu        ] GC(99) User=0.08s Sys=0.00s Real=0.01s
[2024-01-26T11:51:30.249+0000][gc,start      ] GC(100) Pause Young (Normal) (G1 Evacuation Pause)
[2024-01-26T11:51:30.249+0000][gc,task       ] GC(100) Using 8 workers of 8 for evacuation
[2024-01-26T11:51:30.261+0000][gc,phases     ] GC(100)   Pre Evacuate Collection Set: 0.0ms
[2024-01-26T11:51:30.261+0000][gc,phases     ] GC(100)   Evacuate Collection Set: 11.5ms
[2024-01-26T11:51:30.261+0000][gc,phases     ] GC(100)   Post Evacuate Collection Set: 0.7ms
[2024-01-26T11:51:30.261+0000][gc,phases     ] GC(100)   Other: 0.3ms
[2024-01-26T11:51:30.261+0000][gc,heap       ] GC(100) Eden regions: 603->0(603)
[2024-01-26T11:51:30.261+0000][gc,heap       ] GC(100) Survivor regions: 11->11(77)
[2024-01-26T11:51:30.261+0000][gc,heap       ] GC(100) Old regions: 57->58
[2024-01-26T11:51:30.261+0000][gc,heap       ] GC(100) Humongous regions: 138->138
[2024-01-26T11:51:30.261+0000][gc,metaspace  ] GC(100) Metaspace: 55126K(58284K)->55126K(58284K) NonClass: 48859K(50604K)->48859K(50604K) Class: 6266K(7680K)->6266K(7680K)
[2024-01-26T11:51:30.261+0000][gc            ] GC(100) Pause Young (Normal) (G1 Evacuation Pause) 808M->206M(1024M) 12.476ms
[2024-01-26T11:51:30.261+0000][gc,cpu        ] GC(100) User=0.09s Sys=0.00s Real=0.01s
[2024-01-26T11:51:33.805+0000][gc,start      ] GC(101) Pause Young (Normal) (G1 Evacuation Pause)
[2024-01-26T11:51:33.805+0000][gc,task       ] GC(101) Using 8 workers of 8 for evacuation
[2024-01-26T11:51:33.815+0000][gc,phases     ] GC(101)   Pre Evacuate Collection Set: 0.0ms
[2024-01-26T11:51:33.815+0000][gc,phases     ] GC(101)   Evacuate Collection Set: 8.3ms
[2024-01-26T11:51:33.815+0000][gc,phases     ] GC(101)   Post Evacuate Collection Set: 0.7ms
[2024-01-26T11:51:33.815+0000][gc,phases     ] GC(101)   Other: 0.3ms
[2024-01-26T11:51:33.815+0000][gc,heap       ] GC(101) Eden regions: 603->0(604)
[2024-01-26T11:51:33.815+0000][gc,heap       ] GC(101) Survivor regions: 11->10(77)
[2024-01-26T11:51:33.815+0000][gc,heap       ] GC(101) Old regions: 58->59
[2024-01-26T11:51:33.815+0000][gc,heap       ] GC(101) Humongous regions: 138->138
[2024-01-26T11:51:33.815+0000][gc,metaspace  ] GC(101) Metaspace: 55126K(58284K)->55126K(58284K) NonClass: 48859K(50604K)->48859K(50604K) Class: 6266K(7680K)->6266K(7680K)
[2024-01-26T11:51:33.815+0000][gc            ] GC(101) Pause Young (Normal) (G1 Evacuation Pause) 809M->206M(1024M) 9.468ms
[2024-01-26T11:51:33.815+0000][gc,cpu        ] GC(101) User=0.06s Sys=0.00s Real=0.01s
[2024-01-26T11:51:43.258+0000][gc,start      ] GC(102) Pause Young (Normal) (G1 Evacuation Pause)
[2024-01-26T11:51:43.258+0000][gc,task       ] GC(102) Using 8 workers of 8 for evacuation
[2024-01-26T11:51:43.268+0000][gc,phases     ] GC(102)   Pre Evacuate Collection Set: 0.0ms
[2024-01-26T11:51:43.268+0000][gc,phases     ] GC(102)   Evacuate Collection Set: 9.5ms
[2024-01-26T11:51:43.268+0000][gc,phases     ] GC(102)   Post Evacuate Collection Set: 0.8ms
[2024-01-26T11:51:43.268+0000][gc,phases     ] GC(102)   Other: 0.3ms
[2024-01-26T11:51:43.268+0000][gc,heap       ] GC(102) Eden regions: 604->0(604)
[2024-01-26T11:51:43.268+0000][gc,heap       ] GC(102) Survivor regions: 10->10(77)
[2024-01-26T11:51:43.268+0000][gc,heap       ] GC(102) Old regions: 59->60
[2024-01-26T11:51:43.268+0000][gc,heap       ] GC(102) Humongous regions: 138->138
[2024-01-26T11:51:43.268+0000][gc,metaspace  ] GC(102) Metaspace: 55160K(58540K)->55160K(58540K) NonClass: 48893K(50860K)->48893K(50860K) Class: 6266K(7680K)->6266K(7680K)
[2024-01-26T11:51:43.268+0000][gc            ] GC(102) Pause Young (Normal) (G1 Evacuation Pause) 810M->207M(1024M) 10.621ms
[2024-01-26T11:51:43.268+0000][gc,cpu        ] GC(102) User=0.07s Sys=0.00s Real=0.01s
[2024-01-26T11:51:46.962+0000][gc,start      ] GC(103) Pause Young (Normal) (G1 Evacuation Pause)
[2024-01-26T11:51:46.962+0000][gc,task       ] GC(103) Using 8 workers of 8 for evacuation
[2024-01-26T11:51:46.991+0000][gc,mmu        ] GC(103) MMU target violated: 21.0ms (20.0ms/21.0ms)
[2024-01-26T11:51:46.992+0000][gc,phases     ] GC(103)   Pre Evacuate Collection Set: 0.0ms
[2024-01-26T11:51:46.992+0000][gc,phases     ] GC(103)   Evacuate Collection Set: 28.1ms
[2024-01-26T11:51:46.992+0000][gc,phases     ] GC(103)   Post Evacuate Collection Set: 0.9ms
[2024-01-26T11:51:46.992+0000][gc,phases     ] GC(103)   Other: 0.4ms
[2024-01-26T11:51:46.992+0000][gc,heap       ] GC(103) Eden regions: 604->0(604)
[2024-01-26T11:51:46.992+0000][gc,heap       ] GC(103) Survivor regions: 10->10(77)
[2024-01-26T11:51:46.992+0000][gc,heap       ] GC(103) Old regions: 60->61
[2024-01-26T11:51:46.992+0000][gc,heap       ] GC(103) Humongous regions: 138->138
[2024-01-26T11:51:46.992+0000][gc,metaspace  ] GC(103) Metaspace: 55160K(58540K)->55160K(58540K) NonClass: 48893K(50860K)->48893K(50860K) Class: 6266K(7680K)->6266K(7680K)
[2024-01-26T11:51:46.992+0000][gc            ] GC(103) Pause Young (Normal) (G1 Evacuation Pause) 811M->207M(1024M) 29.702ms
[2024-01-26T11:51:46.992+0000][gc,cpu        ] GC(103) User=0.12s Sys=0.01s Real=0.03s
[2024-01-26T11:51:57.234+0000][gc,start      ] GC(104) Pause Young (Normal) (G1 Evacuation Pause)
[2024-01-26T11:51:57.234+0000][gc,task       ] GC(104) Using 8 workers of 8 for evacuation
[2024-01-26T11:51:57.248+0000][gc,phases     ] GC(104)   Pre Evacuate Collection Set: 0.0ms
[2024-01-26T11:51:57.248+0000][gc,phases     ] GC(104)   Evacuate Collection Set: 12.6ms
[2024-01-26T11:51:57.248+0000][gc,phases     ] GC(104)   Post Evacuate Collection Set: 0.9ms
[2024-01-26T11:51:57.248+0000][gc,phases     ] GC(104)   Other: 0.3ms
[2024-01-26T11:51:57.248+0000][gc,heap       ] GC(104) Eden regions: 604->0(605)
[2024-01-26T11:51:57.248+0000][gc,heap       ] GC(104) Survivor regions: 10->9(77)
[2024-01-26T11:51:57.248+0000][gc,heap       ] GC(104) Old regions: 61->62
[2024-01-26T11:51:57.248+0000][gc,heap       ] GC(104) Humongous regions: 138->138
[2024-01-26T11:51:57.248+0000][gc,metaspace  ] GC(104) Metaspace: 55207K(58540K)->55207K(58540K) NonClass: 48940K(50860K)->48940K(50860K) Class: 6266K(7680K)->6266K(7680K)
[2024-01-26T11:51:57.248+0000][gc            ] GC(104) Pause Young (Normal) (G1 Evacuation Pause) 811M->208M(1024M) 13.844ms
[2024-01-26T11:51:57.248+0000][gc,cpu        ] GC(104) User=0.08s Sys=0.00s Real=0.01s
[2024-01-26T11:52:01.115+0000][gc,start      ] GC(105) Pause Young (Normal) (G1 Evacuation Pause)
[2024-01-26T11:52:01.115+0000][gc,task       ] GC(105) Using 8 workers of 8 for evacuation
[2024-01-26T11:52:01.125+0000][gc,phases     ] GC(105)   Pre Evacuate Collection Set: 0.0ms
[2024-01-26T11:52:01.125+0000][gc,phases     ] GC(105)   Evacuate Collection Set: 8.6ms
[2024-01-26T11:52:01.125+0000][gc,phases     ] GC(105)   Post Evacuate Collection Set: 0.7ms
[2024-01-26T11:52:01.125+0000][gc,phases     ] GC(105)   Other: 0.3ms
[2024-01-26T11:52:01.125+0000][gc,heap       ] GC(105) Eden regions: 605->0(605)
[2024-01-26T11:52:01.125+0000][gc,heap       ] GC(105) Survivor regions: 9->9(77)
[2024-01-26T11:52:01.125+0000][gc,heap       ] GC(105) Old regions: 62->62
[2024-01-26T11:52:01.125+0000][gc,heap       ] GC(105) Humongous regions: 138->138
[2024-01-26T11:52:01.125+0000][gc,metaspace  ] GC(105) Metaspace: 55207K(58540K)->55207K(58540K) NonClass: 48940K(50860K)->48940K(50860K) Class: 6266K(7680K)->6266K(7680K)
[2024-01-26T11:52:01.125+0000][gc            ] GC(105) Pause Young (Normal) (G1 Evacuation Pause) 813M->208M(1024M) 9.747ms
[2024-01-26T11:52:01.125+0000][gc,cpu        ] GC(105) User=0.06s Sys=0.00s Real=0.01s
[2024-01-26T11:52:05.760+0000][gc,start      ] GC(106) Pause Young (Normal) (G1 Evacuation Pause)
[2024-01-26T11:52:05.760+0000][gc,task       ] GC(106) Using 8 workers of 8 for evacuation
[2024-01-26T11:52:05.817+0000][gc,mmu        ] GC(106) MMU target violated: 21.0ms (20.0ms/21.0ms)
[2024-01-26T11:52:05.817+0000][gc,phases     ] GC(106)   Pre Evacuate Collection Set: 0.6ms
[2024-01-26T11:52:05.817+0000][gc,phases     ] GC(106)   Evacuate Collection Set: 45.3ms
[2024-01-26T11:52:05.817+0000][gc,phases     ] GC(106)   Post Evacuate Collection Set: 10.1ms
[2024-01-26T11:52:05.818+0000][gc,phases     ] GC(106)   Other: 1.7ms
[2024-01-26T11:52:05.818+0000][gc,heap       ] GC(106) Eden regions: 605->0(605)
[2024-01-26T11:52:05.818+0000][gc,heap       ] GC(106) Survivor regions: 9->9(77)
[2024-01-26T11:52:05.818+0000][gc,heap       ] GC(106) Old regions: 62->63
[2024-01-26T11:52:05.818+0000][gc,heap       ] GC(106) Humongous regions: 138->138
[2024-01-26T11:52:05.818+0000][gc,metaspace  ] GC(106) Metaspace: 55209K(58540K)->55209K(58540K) NonClass: 48942K(50860K)->48942K(50860K) Class: 6266K(7680K)->6266K(7680K)
[2024-01-26T11:52:05.818+0000][gc            ] GC(106) Pause Young (Normal) (G1 Evacuation Pause) 813M->209M(1024M) 58.604ms
[2024-01-26T11:52:05.819+0000][gc,cpu        ] GC(106) User=0.21s Sys=0.04s Real=0.05s
