[0.016s][info][gc,init] CardTable entry size: 512
[0.017s][info][gc     ] Using G1
[0.017s][info][gc,init] Version: 21.0.1+12-jvmci-23.1-b19 (release)
[0.017s][info][gc,init] CPUs: 8 total, 8 available
[0.017s][info][gc,init] Memory: 32768M
[0.017s][info][gc,init] Large Page Support: Disabled
[0.017s][info][gc,init] NUMA Support: Disabled
[0.017s][info][gc,init] Compressed Oops: Enabled (Zero based)
[0.017s][info][gc,init] Heap Region Size: 4M
[0.017s][info][gc,init] Heap Min Capacity: 8M
[0.017s][info][gc,init] Heap Initial Capacity: 512M
[0.017s][info][gc,init] Heap Max Capacity: 8G
[0.017s][info][gc,init] Pre-touch: Disabled
[0.017s][info][gc,init] Parallel Workers: 8
[0.017s][info][gc,init] Concurrent Workers: 2
[0.017s][info][gc,init] Concurrent Refinement Workers: 8
[0.017s][info][gc,init] Periodic GC: Disabled
[0.026s][info][gc,metaspace] CDS archive(s) mapped at: [0x0000007000000000-0x0000007000c94000-0x0000007000c94000), size 13189120, SharedBaseAddress: 0x0000007000000000, ArchiveRelocationMode: 1.
[0.026s][info][gc,metaspace] Compressed class space mapped at: 0x0000007001000000-0x0000007041000000, reserved size: 1073741824
[0.026s][info][gc,metaspace] Narrow klass base: 0x0000007000000000, Narrow klass shift: 0, Narrow klass range: 0x100000000
[0.487s][info][gc,start    ] GC(0) Pause Young (Normal) (G1 Evacuation Pause)
[0.487s][info][gc,task     ] GC(0) Using 8 workers of 8 for evacuation
[0.489s][info][gc,phases   ] GC(0)   Pre Evacuate Collection Set: 0.1ms
[0.489s][info][gc,phases   ] GC(0)   Merge Heap Roots: 0.1ms
[0.489s][info][gc,phases   ] GC(0)   Evacuate Collection Set: 1.5ms
[0.489s][info][gc,phases   ] GC(0)   Post Evacuate Collection Set: 0.2ms
[0.489s][info][gc,phases   ] GC(0)   Other: 0.5ms
[0.489s][info][gc,heap     ] GC(0) Eden regions: 6->0(5)
[0.489s][info][gc,heap     ] GC(0) Survivor regions: 0->1(1)
[0.489s][info][gc,heap     ] GC(0) Old regions: 1->2
[0.489s][info][gc,heap     ] GC(0) Humongous regions: 0->0
[0.489s][info][gc,metaspace] GC(0) Metaspace: 5824K(6016K)->5824K(6016K) NonClass: 5046K(5184K)->5046K(5184K) Class: 778K(832K)->778K(832K)
[0.489s][info][gc          ] GC(0) Pause Young (Normal) (G1 Evacuation Pause) 24M->6M(516M) 2.484ms
[0.489s][info][gc,cpu      ] GC(0) User=0.01s Sys=0.00s Real=0.00s
[0.700s][info][gc,start    ] GC(1) Pause Young (Normal) (G1 Evacuation Pause)
[0.700s][info][gc,task     ] GC(1) Using 8 workers of 8 for evacuation
[0.703s][info][gc,phases   ] GC(1)   Pre Evacuate Collection Set: 0.1ms
[0.703s][info][gc,phases   ] GC(1)   Merge Heap Roots: 0.1ms
[0.703s][info][gc,phases   ] GC(1)   Evacuate Collection Set: 1.8ms
[0.703s][info][gc,phases   ] GC(1)   Post Evacuate Collection Set: 0.3ms
[0.703s][info][gc,phases   ] GC(1)   Other: 0.0ms
[0.703s][info][gc,heap     ] GC(1) Eden regions: 5->0(14)
[0.703s][info][gc,heap     ] GC(1) Survivor regions: 1->1(1)
[0.703s][info][gc,heap     ] GC(1) Old regions: 2->3
[0.703s][info][gc,heap     ] GC(1) Humongous regions: 0->0
[0.703s][info][gc,metaspace] GC(1) Metaspace: 10114K(10368K)->10114K(10368K) NonClass: 8707K(8832K)->8707K(8832K) Class: 1407K(1536K)->1407K(1536K)
[0.703s][info][gc          ] GC(1) Pause Young (Normal) (G1 Evacuation Pause) 26M->8M(516M) 2.403ms
[0.703s][info][gc,cpu      ] GC(1) User=0.01s Sys=0.00s Real=0.01s
[1.440s][info][gc,start    ] GC(2) Pause Young (Concurrent Start) (Metadata GC Threshold)
[1.441s][info][gc,task     ] GC(2) Using 8 workers of 8 for evacuation
[1.443s][info][gc,phases   ] GC(2)   Pre Evacuate Collection Set: 0.1ms
[1.443s][info][gc,phases   ] GC(2)   Merge Heap Roots: 0.0ms
[1.443s][info][gc,phases   ] GC(2)   Evacuate Collection Set: 2.3ms
[1.443s][info][gc,phases   ] GC(2)   Post Evacuate Collection Set: 0.3ms
[1.443s][info][gc,phases   ] GC(2)   Other: 0.1ms
[1.443s][info][gc,heap     ] GC(2) Eden regions: 11->0(47)
[1.443s][info][gc,heap     ] GC(2) Survivor regions: 1->2(2)
[1.443s][info][gc,heap     ] GC(2) Old regions: 3->3
[1.443s][info][gc,heap     ] GC(2) Humongous regions: 0->0
[1.443s][info][gc,metaspace] GC(2) Metaspace: 21153K(21504K)->21153K(21504K) NonClass: 18388K(18560K)->18388K(18560K) Class: 2765K(2944K)->2765K(2944K)
[1.443s][info][gc          ] GC(2) Pause Young (Concurrent Start) (Metadata GC Threshold) 50M->12M(516M) 2.978ms
[1.443s][info][gc          ] GC(3) Concurrent Mark Cycle
[1.443s][info][gc,cpu      ] GC(2) User=0.01s Sys=0.00s Real=0.01s
[1.443s][info][gc,marking  ] GC(3) Concurrent Scan Root Regions
[1.446s][info][gc,marking  ] GC(3) Concurrent Scan Root Regions 2.550ms
[1.446s][info][gc,marking  ] GC(3) Concurrent Mark
[1.446s][info][gc,marking  ] GC(3) Concurrent Mark From Roots
[1.446s][info][gc,task     ] GC(3) Using 2 workers of 2 for marking
[1.448s][info][gc,marking  ] GC(3) Concurrent Mark From Roots 1.930ms
[1.448s][info][gc,marking  ] GC(3) Concurrent Preclean
[1.448s][info][gc,marking  ] GC(3) Concurrent Preclean 0.016ms
[1.448s][info][gc,start    ] GC(3) Pause Remark
[1.449s][info][gc          ] GC(3) Pause Remark 14M->14M(80M) 1.193ms
[1.449s][info][gc,cpu      ] GC(3) User=0.00s Sys=0.01s Real=0.00s
[1.449s][info][gc,marking  ] GC(3) Concurrent Mark 3.383ms
[1.449s][info][gc,marking  ] GC(3) Concurrent Rebuild Remembered Sets and Scrub Regions
[1.451s][info][gc,marking  ] GC(3) Concurrent Rebuild Remembered Sets and Scrub Regions 1.192ms
[1.451s][info][gc,start    ] GC(3) Pause Cleanup
[1.451s][info][gc          ] GC(3) Pause Cleanup 14M->14M(80M) 0.077ms
[1.451s][info][gc,cpu      ] GC(3) User=0.00s Sys=0.00s Real=0.00s
[1.451s][info][gc,marking  ] GC(3) Concurrent Clear Claimed Marks
[1.451s][info][gc,marking  ] GC(3) Concurrent Clear Claimed Marks 0.020ms
[1.451s][info][gc,marking  ] GC(3) Concurrent Cleanup for Next Mark
[1.451s][info][gc,marking  ] GC(3) Concurrent Cleanup for Next Mark 0.167ms
[1.451s][info][gc          ] GC(3) Concurrent Mark Cycle 7.787ms
[1.872s][info][gc,start    ] GC(4) Pause Young (Prepare Mixed) (G1 Evacuation Pause)
[1.872s][info][gc,task     ] GC(4) Using 8 workers of 8 for evacuation
[1.876s][info][gc,phases   ] GC(4)   Pre Evacuate Collection Set: 0.1ms
[1.876s][info][gc,phases   ] GC(4)   Merge Heap Roots: 0.0ms
[1.876s][info][gc,phases   ] GC(4)   Evacuate Collection Set: 3.4ms
[1.876s][info][gc,phases   ] GC(4)   Post Evacuate Collection Set: 0.5ms
[1.876s][info][gc,phases   ] GC(4)   Other: 0.0ms
[1.876s][info][gc,heap     ] GC(4) Eden regions: 14->0(10)
[1.876s][info][gc,heap     ] GC(4) Survivor regions: 2->3(7)
[1.876s][info][gc,heap     ] GC(4) Old regions: 3->3
[1.876s][info][gc,heap     ] GC(4) Humongous regions: 1->1
[1.876s][info][gc,metaspace] GC(4) Metaspace: 32623K(33088K)->32623K(33088K) NonClass: 28421K(28672K)->28421K(28672K) Class: 4201K(4416K)->4201K(4416K)
[1.876s][info][gc          ] GC(4) Pause Young (Prepare Mixed) (G1 Evacuation Pause) 72M->19M(92M) 4.287ms
[1.876s][info][gc,cpu      ] GC(4) User=0.01s Sys=0.00s Real=0.00s
[2.003s][info][gc,start    ] GC(5) Pause Young (Mixed) (Metadata GC Threshold)
[2.003s][info][gc,task     ] GC(5) Using 8 workers of 8 for evacuation
[2.009s][info][gc,phases   ] GC(5)   Pre Evacuate Collection Set: 0.1ms
[2.009s][info][gc,phases   ] GC(5)   Merge Heap Roots: 0.0ms
[2.009s][info][gc,phases   ] GC(5)   Evacuate Collection Set: 5.4ms
[2.009s][info][gc,phases   ] GC(5)   Post Evacuate Collection Set: 0.7ms
[2.009s][info][gc,phases   ] GC(5)   Other: 0.0ms
[2.009s][info][gc,heap     ] GC(5) Eden regions: 3->0(11)
[2.009s][info][gc,heap     ] GC(5) Survivor regions: 3->2(2)
[2.009s][info][gc,heap     ] GC(5) Old regions: 3->4
[2.009s][info][gc,heap     ] GC(5) Humongous regions: 1->1
[2.009s][info][gc,metaspace] GC(5) Metaspace: 35752K(36160K)->35752K(36160K) NonClass: 31355K(31552K)->31355K(31552K) Class: 4396K(4608K)->4396K(4608K)
[2.009s][info][gc          ] GC(5) Pause Young (Mixed) (Metadata GC Threshold) 31M->20M(92M) 6.461ms
[2.009s][info][gc,cpu      ] GC(5) User=0.02s Sys=0.00s Real=0.00s
[2.019s][info][gc,start    ] GC(6) Pause Young (Concurrent Start) (Metadata GC Threshold)
[2.019s][info][gc,task     ] GC(6) Using 8 workers of 8 for evacuation
[2.021s][info][gc,phases   ] GC(6)   Pre Evacuate Collection Set: 0.1ms
[2.021s][info][gc,phases   ] GC(6)   Merge Heap Roots: 0.0ms
[2.021s][info][gc,phases   ] GC(6)   Evacuate Collection Set: 1.4ms
[2.021s][info][gc,phases   ] GC(6)   Post Evacuate Collection Set: 0.2ms
[2.021s][info][gc,phases   ] GC(6)   Other: 0.1ms
[2.021s][info][gc,heap     ] GC(6) Eden regions: 1->0(12)
[2.021s][info][gc,heap     ] GC(6) Survivor regions: 2->1(2)
[2.021s][info][gc,heap     ] GC(6) Old regions: 4->4
[2.021s][info][gc,heap     ] GC(6) Humongous regions: 1->1
[2.021s][info][gc,metaspace] GC(6) Metaspace: 36095K(36480K)->36095K(36480K) NonClass: 31676K(31872K)->31676K(31872K) Class: 4419K(4608K)->4419K(4608K)
[2.021s][info][gc          ] GC(6) Pause Young (Concurrent Start) (Metadata GC Threshold) 22M->20M(92M) 1.965ms
[2.021s][info][gc,cpu      ] GC(6) User=0.01s Sys=0.00s Real=0.01s
[2.021s][info][gc          ] GC(7) Concurrent Mark Cycle
[2.021s][info][gc,marking  ] GC(7) Concurrent Scan Root Regions
[2.024s][info][gc,marking  ] GC(7) Concurrent Scan Root Regions 2.170ms
[2.024s][info][gc,marking  ] GC(7) Concurrent Mark
[2.024s][info][gc,marking  ] GC(7) Concurrent Mark From Roots
[2.024s][info][gc,task     ] GC(7) Using 2 workers of 2 for marking
[2.028s][info][gc,marking  ] GC(7) Concurrent Mark From Roots 4.813ms
[2.028s][info][gc,marking  ] GC(7) Concurrent Preclean
[2.028s][info][gc,marking  ] GC(7) Concurrent Preclean 0.036ms
[2.028s][info][gc,start    ] GC(7) Pause Remark
[2.030s][info][gc          ] GC(7) Pause Remark 21M->21M(92M) 1.293ms
[2.030s][info][gc,cpu      ] GC(7) User=0.01s Sys=0.00s Real=0.00s
[2.030s][info][gc,marking  ] GC(7) Concurrent Mark 6.303ms
[2.030s][info][gc,marking  ] GC(7) Concurrent Rebuild Remembered Sets and Scrub Regions
[2.032s][info][gc,marking  ] GC(7) Concurrent Rebuild Remembered Sets and Scrub Regions 1.992ms
[2.032s][info][gc,start    ] GC(7) Pause Cleanup
[2.032s][info][gc          ] GC(7) Pause Cleanup 21M->21M(92M) 0.122ms
[2.032s][info][gc,cpu      ] GC(7) User=0.00s Sys=0.00s Real=0.00s
[2.032s][info][gc,marking  ] GC(7) Concurrent Clear Claimed Marks
[2.032s][info][gc,marking  ] GC(7) Concurrent Clear Claimed Marks 0.030ms
[2.032s][info][gc,marking  ] GC(7) Concurrent Cleanup for Next Mark
[2.032s][info][gc,marking  ] GC(7) Concurrent Cleanup for Next Mark 0.132ms
[2.033s][info][gc          ] GC(7) Concurrent Mark Cycle 11.227ms
[2.524s][info][gc,start    ] GC(8) Pause Young (Prepare Mixed) (G1 Evacuation Pause)
[2.524s][info][gc,task     ] GC(8) Using 8 workers of 8 for evacuation
[2.528s][info][gc,phases   ] GC(8)   Pre Evacuate Collection Set: 0.1ms
[2.528s][info][gc,phases   ] GC(8)   Merge Heap Roots: 0.1ms
[2.528s][info][gc,phases   ] GC(8)   Evacuate Collection Set: 3.0ms
[2.528s][info][gc,phases   ] GC(8)   Post Evacuate Collection Set: 0.7ms
[2.528s][info][gc,phases   ] GC(8)   Other: 0.0ms
[2.528s][info][gc,heap     ] GC(8) Eden regions: 12->0(43)
[2.528s][info][gc,heap     ] GC(8) Survivor regions: 1->2(2)
[2.528s][info][gc,heap     ] GC(8) Old regions: 4->4
[2.528s][info][gc,heap     ] GC(8) Humongous regions: 1->1
[2.528s][info][gc,metaspace] GC(8) Metaspace: 44754K(45184K)->44754K(45184K) NonClass: 39305K(39552K)->39305K(39552K) Class: 5449K(5632K)->5449K(5632K)
[2.528s][info][gc          ] GC(8) Pause Young (Prepare Mixed) (G1 Evacuation Pause) 68M->24M(304M) 4.031ms
[2.528s][info][gc,cpu      ] GC(8) User=0.02s Sys=0.00s Real=0.00s
[53.759s][info][gc,start    ] GC(9) Pause Young (Concurrent Start) (CodeCache GC Threshold)
[53.759s][info][gc,task     ] GC(9) Using 8 workers of 8 for evacuation
[53.778s][info][gc,phases   ] GC(9)   Pre Evacuate Collection Set: 0.6ms
[53.778s][info][gc,phases   ] GC(9)   Merge Heap Roots: 0.2ms
[53.778s][info][gc,phases   ] GC(9)   Evacuate Collection Set: 16.2ms
[53.778s][info][gc,phases   ] GC(9)   Post Evacuate Collection Set: 0.9ms
[53.778s][info][gc,phases   ] GC(9)   Other: 0.2ms
[53.778s][info][gc,heap     ] GC(9) Eden regions: 18->0(41)
[53.778s][info][gc,heap     ] GC(9) Survivor regions: 2->4(6)
[53.778s][info][gc,heap     ] GC(9) Old regions: 4->4
[53.778s][info][gc,heap     ] GC(9) Humongous regions: 1->1
[53.778s][info][gc,metaspace] GC(9) Metaspace: 52837K(53760K)->52837K(53760K) NonClass: 46025K(46528K)->46025K(46528K) Class: 6811K(7232K)->6811K(7232K)
[53.778s][info][gc          ] GC(9) Pause Young (Concurrent Start) (CodeCache GC Threshold) 94M->29M(304M) 18.515ms
[53.778s][info][gc          ] GC(10) Concurrent Mark Cycle
[53.778s][info][gc,cpu      ] GC(9) User=0.04s Sys=0.04s Real=0.02s
[53.778s][info][gc,marking  ] GC(10) Concurrent Scan Root Regions
[53.784s][info][gc,marking  ] GC(10) Concurrent Scan Root Regions 6.719ms
[53.785s][info][gc,marking  ] GC(10) Concurrent Mark
[53.785s][info][gc,marking  ] GC(10) Concurrent Mark From Roots
[53.785s][info][gc,task     ] GC(10) Using 2 workers of 2 for marking
[53.792s][info][gc,marking  ] GC(10) Concurrent Mark From Roots 7.402ms
[53.792s][info][gc,marking  ] GC(10) Concurrent Preclean
[53.792s][info][gc,marking  ] GC(10) Concurrent Preclean 0.072ms
[53.792s][info][gc,start    ] GC(10) Pause Remark
[53.796s][info][gc          ] GC(10) Pause Remark 30M->30M(136M) 3.989ms
[53.796s][info][gc,cpu      ] GC(10) User=0.01s Sys=0.01s Real=0.00s
[53.797s][info][gc,marking  ] GC(10) Concurrent Mark 12.176ms
[53.797s][info][gc,marking  ] GC(10) Concurrent Rebuild Remembered Sets and Scrub Regions
[53.799s][info][gc,marking  ] GC(10) Concurrent Rebuild Remembered Sets and Scrub Regions 2.465ms
[53.799s][info][gc,start    ] GC(10) Pause Cleanup
[53.799s][info][gc          ] GC(10) Pause Cleanup 30M->30M(136M) 0.070ms
[53.799s][info][gc,cpu      ] GC(10) User=0.00s Sys=0.00s Real=0.00s
[53.799s][info][gc,marking  ] GC(10) Concurrent Clear Claimed Marks
[53.799s][info][gc,marking  ] GC(10) Concurrent Clear Claimed Marks 0.052ms
[53.799s][info][gc,marking  ] GC(10) Concurrent Cleanup for Next Mark
[53.800s][info][gc,marking  ] GC(10) Concurrent Cleanup for Next Mark 0.310ms
[53.800s][info][gc          ] GC(10) Concurrent Mark Cycle 22.064ms
[126.847s][info][gc,start    ] GC(11) Pause Young (Prepare Mixed) (G1 Evacuation Pause)
[126.847s][info][gc,task     ] GC(11) Using 8 workers of 8 for evacuation
[126.854s][info][gc,phases   ] GC(11)   Pre Evacuate Collection Set: 0.1ms
[126.854s][info][gc,phases   ] GC(11)   Merge Heap Roots: 0.1ms
[126.854s][info][gc,phases   ] GC(11)   Evacuate Collection Set: 6.9ms
[126.854s][info][gc,phases   ] GC(11)   Post Evacuate Collection Set: 0.5ms
[126.854s][info][gc,phases   ] GC(11)   Other: 0.1ms
[126.854s][info][gc,heap     ] GC(11) Eden regions: 16->0(18)
[126.854s][info][gc,heap     ] GC(11) Survivor regions: 4->2(3)
[126.854s][info][gc,heap     ] GC(11) Old regions: 4->7
[126.854s][info][gc,heap     ] GC(11) Humongous regions: 1->1
[126.854s][info][gc,metaspace] GC(11) Metaspace: 54563K(55616K)->54563K(55616K) NonClass: 47358K(47936K)->47358K(47936K) Class: 7205K(7680K)->7205K(7680K)
[126.854s][info][gc          ] GC(11) Pause Young (Prepare Mixed) (G1 Evacuation Pause) 93M->31M(136M) 7.832ms
[126.854s][info][gc,cpu      ] GC(11) User=0.03s Sys=0.02s Real=0.01s
[128.173s][info][gc,start    ] GC(12) Pause Young (Mixed) (G1 Evacuation Pause)
[128.173s][info][gc,task     ] GC(12) Using 8 workers of 8 for evacuation
[128.179s][info][gc,phases   ] GC(12)   Pre Evacuate Collection Set: 0.1ms
[128.179s][info][gc,phases   ] GC(12)   Merge Heap Roots: 0.1ms
[128.179s][info][gc,phases   ] GC(12)   Evacuate Collection Set: 5.3ms
[128.179s][info][gc,phases   ] GC(12)   Post Evacuate Collection Set: 0.6ms
[128.179s][info][gc,phases   ] GC(12)   Other: 0.0ms
[128.179s][info][gc,heap     ] GC(12) Eden regions: 18->0(18)
[128.179s][info][gc,heap     ] GC(12) Survivor regions: 2->2(3)
[128.179s][info][gc,heap     ] GC(12) Old regions: 7->6
[128.179s][info][gc,heap     ] GC(12) Humongous regions: 1->1
[128.179s][info][gc,metaspace] GC(12) Metaspace: 54628K(55744K)->54628K(55744K) NonClass: 47403K(48064K)->47403K(48064K) Class: 7225K(7680K)->7225K(7680K)
[128.180s][info][gc          ] GC(12) Pause Young (Mixed) (G1 Evacuation Pause) 103M->32M(136M) 6.317ms
[128.180s][info][gc,cpu      ] GC(12) User=0.02s Sys=0.00s Real=0.00s
[128.614s][info][gc,start    ] GC(13) Pause Young (Normal) (G1 Evacuation Pause)
[128.614s][info][gc,task     ] GC(13) Using 8 workers of 8 for evacuation
[128.619s][info][gc,phases   ] GC(13)   Pre Evacuate Collection Set: 0.1ms
[128.619s][info][gc,phases   ] GC(13)   Merge Heap Roots: 0.1ms
[128.619s][info][gc,phases   ] GC(13)   Evacuate Collection Set: 3.8ms
[128.619s][info][gc,phases   ] GC(13)   Post Evacuate Collection Set: 0.4ms
[128.619s][info][gc,phases   ] GC(13)   Other: 0.0ms
[128.619s][info][gc,heap     ] GC(13) Eden regions: 18->0(18)
[128.619s][info][gc,heap     ] GC(13) Survivor regions: 2->2(3)
[128.619s][info][gc,heap     ] GC(13) Old regions: 6->6
[128.619s][info][gc,heap     ] GC(13) Humongous regions: 1->1
[128.619s][info][gc,metaspace] GC(13) Metaspace: 54763K(55808K)->54763K(55808K) NonClass: 47521K(48128K)->47521K(48128K) Class: 7242K(7680K)->7242K(7680K)
[128.619s][info][gc          ] GC(13) Pause Young (Normal) (G1 Evacuation Pause) 104M->32M(136M) 4.611ms
[128.619s][info][gc,cpu      ] GC(13) User=0.01s Sys=0.00s Real=0.00s
[129.049s][info][gc,start    ] GC(14) Pause Young (Normal) (G1 Evacuation Pause)
[129.049s][info][gc,task     ] GC(14) Using 8 workers of 8 for evacuation
[129.054s][info][gc,phases   ] GC(14)   Pre Evacuate Collection Set: 0.3ms
[129.054s][info][gc,phases   ] GC(14)   Merge Heap Roots: 0.1ms
[129.054s][info][gc,phases   ] GC(14)   Evacuate Collection Set: 4.7ms
[129.054s][info][gc,phases   ] GC(14)   Post Evacuate Collection Set: 0.4ms
[129.054s][info][gc,phases   ] GC(14)   Other: 0.0ms
[129.054s][info][gc,heap     ] GC(14) Eden regions: 18->0(19)
[129.054s][info][gc,heap     ] GC(14) Survivor regions: 2->1(3)
[129.054s][info][gc,heap     ] GC(14) Old regions: 6->7
[129.054s][info][gc,heap     ] GC(14) Humongous regions: 1->1
[129.054s][info][gc,metaspace] GC(14) Metaspace: 54764K(55808K)->54764K(55808K) NonClass: 47521K(48128K)->47521K(48128K) Class: 7242K(7680K)->7242K(7680K)
[129.054s][info][gc          ] GC(14) Pause Young (Normal) (G1 Evacuation Pause) 104M->32M(136M) 5.716ms
[129.055s][info][gc,cpu      ] GC(14) User=0.02s Sys=0.00s Real=0.01s
[129.477s][info][gc,start    ] GC(15) Pause Young (Normal) (G1 Evacuation Pause)
[129.477s][info][gc,task     ] GC(15) Using 8 workers of 8 for evacuation
[129.489s][info][gc,phases   ] GC(15)   Pre Evacuate Collection Set: 0.1ms
[129.489s][info][gc,phases   ] GC(15)   Merge Heap Roots: 0.0ms
[129.489s][info][gc,phases   ] GC(15)   Evacuate Collection Set: 11.4ms
[129.489s][info][gc,phases   ] GC(15)   Post Evacuate Collection Set: 0.3ms
[129.489s][info][gc,phases   ] GC(15)   Other: 0.0ms
[129.489s][info][gc,heap     ] GC(15) Eden regions: 19->0(19)
[129.489s][info][gc,heap     ] GC(15) Survivor regions: 1->1(3)
[129.489s][info][gc,heap     ] GC(15) Old regions: 7->7
[129.489s][info][gc,heap     ] GC(15) Humongous regions: 1->1
[129.489s][info][gc,metaspace] GC(15) Metaspace: 54764K(55808K)->54764K(55808K) NonClass: 47521K(48128K)->47521K(48128K) Class: 7242K(7680K)->7242K(7680K)
[129.489s][info][gc          ] GC(15) Pause Young (Normal) (G1 Evacuation Pause) 108M->32M(136M) 12.054ms
[129.489s][info][gc,cpu      ] GC(15) User=0.01s Sys=0.00s Real=0.01s
[129.790s][info][gc,start    ] GC(16) Pause Young (Normal) (G1 Evacuation Pause)
[129.790s][info][gc,task     ] GC(16) Using 8 workers of 8 for evacuation
[129.793s][info][gc,phases   ] GC(16)   Pre Evacuate Collection Set: 0.1ms
[129.793s][info][gc,phases   ] GC(16)   Merge Heap Roots: 0.0ms
[129.793s][info][gc,phases   ] GC(16)   Evacuate Collection Set: 2.8ms
[129.793s][info][gc,phases   ] GC(16)   Post Evacuate Collection Set: 0.3ms
[129.793s][info][gc,phases   ] GC(16)   Other: 0.0ms
[129.793s][info][gc,heap     ] GC(16) Eden regions: 19->0(23)
[129.793s][info][gc,heap     ] GC(16) Survivor regions: 1->1(3)
[129.793s][info][gc,heap     ] GC(16) Old regions: 7->7
[129.793s][info][gc,heap     ] GC(16) Humongous regions: 1->1
[129.793s][info][gc,metaspace] GC(16) Metaspace: 54764K(55808K)->54764K(55808K) NonClass: 47521K(48128K)->47521K(48128K) Class: 7242K(7680K)->7242K(7680K)
[129.793s][info][gc          ] GC(16) Pause Young (Normal) (G1 Evacuation Pause) 108M->32M(164M) 3.353ms
[129.793s][info][gc,cpu      ] GC(16) User=0.01s Sys=0.00s Real=0.01s
[130.247s][info][gc,start    ] GC(17) Pause Young (Normal) (G1 Evacuation Pause)
[130.247s][info][gc,task     ] GC(17) Using 8 workers of 8 for evacuation
[130.251s][info][gc,phases   ] GC(17)   Pre Evacuate Collection Set: 0.2ms
[130.251s][info][gc,phases   ] GC(17)   Merge Heap Roots: 0.1ms
[130.251s][info][gc,phases   ] GC(17)   Evacuate Collection Set: 2.9ms
[130.251s][info][gc,phases   ] GC(17)   Post Evacuate Collection Set: 0.3ms
[130.251s][info][gc,phases   ] GC(17)   Other: 0.4ms
[130.251s][info][gc,heap     ] GC(17) Eden regions: 23->0(22)
[130.251s][info][gc,heap     ] GC(17) Survivor regions: 1->2(3)
[130.251s][info][gc,heap     ] GC(17) Old regions: 7->7
[130.251s][info][gc,heap     ] GC(17) Humongous regions: 1->1
[130.251s][info][gc,metaspace] GC(17) Metaspace: 54772K(55936K)->54772K(55936K) NonClass: 47527K(48192K)->47527K(48192K) Class: 7244K(7744K)->7244K(7744K)
[130.251s][info][gc          ] GC(17) Pause Young (Normal) (G1 Evacuation Pause) 124M->33M(164M) 3.938ms
[130.251s][info][gc,cpu      ] GC(17) User=0.01s Sys=0.00s Real=0.01s
[130.605s][info][gc,start    ] GC(18) Pause Young (Normal) (G1 Evacuation Pause)
[130.605s][info][gc,task     ] GC(18) Using 8 workers of 8 for evacuation
[130.618s][info][gc,phases   ] GC(18)   Pre Evacuate Collection Set: 0.1ms
[130.618s][info][gc,phases   ] GC(18)   Merge Heap Roots: 0.0ms
[130.618s][info][gc,phases   ] GC(18)   Evacuate Collection Set: 12.2ms
[130.618s][info][gc,phases   ] GC(18)   Post Evacuate Collection Set: 0.3ms
[130.618s][info][gc,phases   ] GC(18)   Other: 0.0ms
[130.618s][info][gc,heap     ] GC(18) Eden regions: 22->0(22)
[130.618s][info][gc,heap     ] GC(18) Survivor regions: 2->2(3)
[130.618s][info][gc,heap     ] GC(18) Old regions: 7->7
[130.618s][info][gc,heap     ] GC(18) Humongous regions: 1->1
[130.618s][info][gc,metaspace] GC(18) Metaspace: 54772K(55936K)->54772K(55936K) NonClass: 47527K(48192K)->47527K(48192K) Class: 7244K(7744K)->7244K(7744K)
[130.618s][info][gc          ] GC(18) Pause Young (Normal) (G1 Evacuation Pause) 121M->33M(164M) 12.889ms
[130.618s][info][gc,cpu      ] GC(18) User=0.01s Sys=0.00s Real=0.01s
[131.048s][info][gc,start    ] GC(19) Pause Young (Normal) (G1 Evacuation Pause)
[131.048s][info][gc,task     ] GC(19) Using 8 workers of 8 for evacuation
[131.056s][info][gc,phases   ] GC(19)   Pre Evacuate Collection Set: 0.1ms
[131.056s][info][gc,phases   ] GC(19)   Merge Heap Roots: 0.0ms
[131.056s][info][gc,phases   ] GC(19)   Evacuate Collection Set: 6.8ms
[131.056s][info][gc,phases   ] GC(19)   Post Evacuate Collection Set: 0.4ms
[131.056s][info][gc,phases   ] GC(19)   Other: 0.0ms
[131.056s][info][gc,heap     ] GC(19) Eden regions: 22->0(22)
[131.056s][info][gc,heap     ] GC(19) Survivor regions: 2->2(3)
[131.056s][info][gc,heap     ] GC(19) Old regions: 7->7
[131.056s][info][gc,heap     ] GC(19) Humongous regions: 1->1
[131.056s][info][gc,metaspace] GC(19) Metaspace: 54776K(55936K)->54776K(55936K) NonClass: 47531K(48192K)->47531K(48192K) Class: 7245K(7744K)->7245K(7744K)
[131.056s][info][gc          ] GC(19) Pause Young (Normal) (G1 Evacuation Pause) 121M->33M(164M) 7.422ms
[131.056s][info][gc,cpu      ] GC(19) User=0.01s Sys=0.00s Real=0.01s
[131.496s][info][gc,start    ] GC(20) Pause Young (Normal) (G1 Evacuation Pause)
[131.496s][info][gc,task     ] GC(20) Using 8 workers of 8 for evacuation
[131.500s][info][gc,phases   ] GC(20)   Pre Evacuate Collection Set: 0.1ms
[131.500s][info][gc,phases   ] GC(20)   Merge Heap Roots: 0.1ms
[131.500s][info][gc,phases   ] GC(20)   Evacuate Collection Set: 2.9ms
[131.500s][info][gc,phases   ] GC(20)   Post Evacuate Collection Set: 0.3ms
[131.500s][info][gc,phases   ] GC(20)   Other: 0.0ms
[131.500s][info][gc,heap     ] GC(20) Eden regions: 22->0(22)
[131.500s][info][gc,heap     ] GC(20) Survivor regions: 2->2(3)
[131.500s][info][gc,heap     ] GC(20) Old regions: 7->7
[131.500s][info][gc,heap     ] GC(20) Humongous regions: 1->1
[131.500s][info][gc,metaspace] GC(20) Metaspace: 54776K(55936K)->54776K(55936K) NonClass: 47531K(48192K)->47531K(48192K) Class: 7245K(7744K)->7245K(7744K)
[131.500s][info][gc          ] GC(20) Pause Young (Normal) (G1 Evacuation Pause) 121M->33M(164M) 3.561ms
[131.500s][info][gc,cpu      ] GC(20) User=0.01s Sys=0.00s Real=0.00s
[131.771s][info][gc,start    ] GC(21) Pause Young (Normal) (G1 Evacuation Pause)
[131.771s][info][gc,task     ] GC(21) Using 8 workers of 8 for evacuation
[131.773s][info][gc,phases   ] GC(21)   Pre Evacuate Collection Set: 0.1ms
[131.773s][info][gc,phases   ] GC(21)   Merge Heap Roots: 0.0ms
[131.773s][info][gc,phases   ] GC(21)   Evacuate Collection Set: 1.9ms
[131.773s][info][gc,phases   ] GC(21)   Post Evacuate Collection Set: 0.3ms
[131.773s][info][gc,phases   ] GC(21)   Other: 0.0ms
[131.773s][info][gc,heap     ] GC(21) Eden regions: 22->0(22)
[131.773s][info][gc,heap     ] GC(21) Survivor regions: 2->2(3)
[131.773s][info][gc,heap     ] GC(21) Old regions: 7->7
[131.773s][info][gc,heap     ] GC(21) Humongous regions: 1->1
[131.773s][info][gc,metaspace] GC(21) Metaspace: 54776K(55936K)->54776K(55936K) NonClass: 47531K(48192K)->47531K(48192K) Class: 7245K(7744K)->7245K(7744K)
[131.773s][info][gc          ] GC(21) Pause Young (Normal) (G1 Evacuation Pause) 121M->33M(164M) 2.446ms
[131.773s][info][gc,cpu      ] GC(21) User=0.01s Sys=0.01s Real=0.01s
[132.137s][info][gc,start    ] GC(22) Pause Young (Normal) (G1 Evacuation Pause)
[132.137s][info][gc,task     ] GC(22) Using 8 workers of 8 for evacuation
[132.139s][info][gc,phases   ] GC(22)   Pre Evacuate Collection Set: 0.1ms
[132.139s][info][gc,phases   ] GC(22)   Merge Heap Roots: 0.0ms
[132.139s][info][gc,phases   ] GC(22)   Evacuate Collection Set: 2.1ms
[132.139s][info][gc,phases   ] GC(22)   Post Evacuate Collection Set: 0.3ms
[132.139s][info][gc,phases   ] GC(22)   Other: 0.0ms
[132.139s][info][gc,heap     ] GC(22) Eden regions: 22->0(22)
[132.139s][info][gc,heap     ] GC(22) Survivor regions: 2->2(3)
[132.139s][info][gc,heap     ] GC(22) Old regions: 7->7
[132.139s][info][gc,heap     ] GC(22) Humongous regions: 1->1
[132.139s][info][gc,metaspace] GC(22) Metaspace: 54781K(55936K)->54781K(55936K) NonClass: 47534K(48192K)->47534K(48192K) Class: 7246K(7744K)->7246K(7744K)
[132.139s][info][gc          ] GC(22) Pause Young (Normal) (G1 Evacuation Pause) 121M->33M(164M) 2.830ms
[132.139s][info][gc,cpu      ] GC(22) User=0.01s Sys=0.00s Real=0.00s
[132.414s][info][gc,start    ] GC(23) Pause Young (Normal) (G1 Evacuation Pause)
[132.414s][info][gc,task     ] GC(23) Using 8 workers of 8 for evacuation
[132.417s][info][gc,phases   ] GC(23)   Pre Evacuate Collection Set: 0.1ms
[132.417s][info][gc,phases   ] GC(23)   Merge Heap Roots: 0.1ms
[132.417s][info][gc,phases   ] GC(23)   Evacuate Collection Set: 2.5ms
[132.417s][info][gc,phases   ] GC(23)   Post Evacuate Collection Set: 0.3ms
[132.417s][info][gc,phases   ] GC(23)   Other: 0.0ms
[132.417s][info][gc,heap     ] GC(23) Eden regions: 22->0(22)
[132.417s][info][gc,heap     ] GC(23) Survivor regions: 2->2(3)
[132.417s][info][gc,heap     ] GC(23) Old regions: 7->7
[132.417s][info][gc,heap     ] GC(23) Humongous regions: 1->1
[132.417s][info][gc,metaspace] GC(23) Metaspace: 54781K(55936K)->54781K(55936K) NonClass: 47534K(48192K)->47534K(48192K) Class: 7246K(7744K)->7246K(7744K)
[132.417s][info][gc          ] GC(23) Pause Young (Normal) (G1 Evacuation Pause) 121M->34M(164M) 3.068ms
[132.417s][info][gc,cpu      ] GC(23) User=0.01s Sys=0.01s Real=0.00s
[132.875s][info][gc,start    ] GC(24) Pause Young (Normal) (G1 Evacuation Pause)
[132.875s][info][gc,task     ] GC(24) Using 8 workers of 8 for evacuation
[132.879s][info][gc,phases   ] GC(24)   Pre Evacuate Collection Set: 0.1ms
[132.879s][info][gc,phases   ] GC(24)   Merge Heap Roots: 0.0ms
[132.879s][info][gc,phases   ] GC(24)   Evacuate Collection Set: 2.7ms
[132.879s][info][gc,phases   ] GC(24)   Post Evacuate Collection Set: 0.9ms
[132.879s][info][gc,phases   ] GC(24)   Other: 0.1ms
[132.879s][info][gc,heap     ] GC(24) Eden regions: 22->0(28)
[132.879s][info][gc,heap     ] GC(24) Survivor regions: 2->2(3)
[132.879s][info][gc,heap     ] GC(24) Old regions: 7->7
[132.879s][info][gc,heap     ] GC(24) Humongous regions: 1->1
[132.879s][info][gc,metaspace] GC(24) Metaspace: 54856K(56000K)->54856K(56000K) NonClass: 47590K(48256K)->47590K(48256K) Class: 7265K(7744K)->7265K(7744K)
[132.879s][info][gc          ] GC(24) Pause Young (Normal) (G1 Evacuation Pause) 122M->33M(200M) 4.188ms
[132.879s][info][gc,cpu      ] GC(24) User=0.01s Sys=0.00s Real=0.00s
[133.528s][info][gc,start    ] GC(25) Pause Young (Normal) (G1 Evacuation Pause)
[133.528s][info][gc,task     ] GC(25) Using 8 workers of 8 for evacuation
[133.536s][info][gc,phases   ] GC(25)   Pre Evacuate Collection Set: 0.1ms
[133.536s][info][gc,phases   ] GC(25)   Merge Heap Roots: 0.0ms
[133.536s][info][gc,phases   ] GC(25)   Evacuate Collection Set: 7.9ms
[133.536s][info][gc,phases   ] GC(25)   Post Evacuate Collection Set: 0.5ms
[133.537s][info][gc,phases   ] GC(25)   Other: 0.1ms
[133.537s][info][gc,heap     ] GC(25) Eden regions: 28->0(28)
[133.537s][info][gc,heap     ] GC(25) Survivor regions: 2->2(4)
[133.537s][info][gc,heap     ] GC(25) Old regions: 7->7
[133.537s][info][gc,heap     ] GC(25) Humongous regions: 1->1
[133.537s][info][gc,metaspace] GC(25) Metaspace: 54856K(56000K)->54856K(56000K) NonClass: 47590K(48256K)->47590K(48256K) Class: 7265K(7744K)->7265K(7744K)
[133.537s][info][gc          ] GC(25) Pause Young (Normal) (G1 Evacuation Pause) 145M->34M(200M) 8.760ms
[133.537s][info][gc,cpu      ] GC(25) User=0.02s Sys=0.00s Real=0.01s
[139.475s][info][gc,start    ] GC(26) Pause Young (Normal) (G1 Evacuation Pause)
[139.475s][info][gc,task     ] GC(26) Using 8 workers of 8 for evacuation
[139.480s][info][gc,phases   ] GC(26)   Pre Evacuate Collection Set: 0.1ms
[139.480s][info][gc,phases   ] GC(26)   Merge Heap Roots: 0.1ms
[139.480s][info][gc,phases   ] GC(26)   Evacuate Collection Set: 4.1ms
[139.480s][info][gc,phases   ] GC(26)   Post Evacuate Collection Set: 0.4ms
[139.480s][info][gc,phases   ] GC(26)   Other: 0.1ms
[139.480s][info][gc,heap     ] GC(26) Eden regions: 28->0(28)
[139.480s][info][gc,heap     ] GC(26) Survivor regions: 2->2(4)
[139.480s][info][gc,heap     ] GC(26) Old regions: 7->7
[139.480s][info][gc,heap     ] GC(26) Humongous regions: 1->1
[139.480s][info][gc,metaspace] GC(26) Metaspace: 54891K(56000K)->54891K(56000K) NonClass: 47616K(48256K)->47616K(48256K) Class: 7274K(7744K)->7274K(7744K)
[139.480s][info][gc          ] GC(26) Pause Young (Normal) (G1 Evacuation Pause) 146M->34M(200M) 4.946ms
[139.480s][info][gc,cpu      ] GC(26) User=0.01s Sys=0.00s Real=0.00s
[139.874s][info][gc,start    ] GC(27) Pause Young (Normal) (G1 Evacuation Pause)
[139.874s][info][gc,task     ] GC(27) Using 8 workers of 8 for evacuation
[139.878s][info][gc,phases   ] GC(27)   Pre Evacuate Collection Set: 0.1ms
[139.878s][info][gc,phases   ] GC(27)   Merge Heap Roots: 0.1ms
[139.878s][info][gc,phases   ] GC(27)   Evacuate Collection Set: 3.5ms
[139.878s][info][gc,phases   ] GC(27)   Post Evacuate Collection Set: 0.4ms
[139.878s][info][gc,phases   ] GC(27)   Other: 0.1ms
[139.878s][info][gc,heap     ] GC(27) Eden regions: 28->0(29)
[139.878s][info][gc,heap     ] GC(27) Survivor regions: 2->1(4)
[139.878s][info][gc,heap     ] GC(27) Old regions: 7->8
[139.878s][info][gc,heap     ] GC(27) Humongous regions: 1->1
[139.878s][info][gc,metaspace] GC(27) Metaspace: 54891K(56000K)->54891K(56000K) NonClass: 47616K(48256K)->47616K(48256K) Class: 7274K(7744K)->7274K(7744K)
[139.878s][info][gc          ] GC(27) Pause Young (Normal) (G1 Evacuation Pause) 146M->34M(200M) 4.268ms
[139.878s][info][gc,cpu      ] GC(27) User=0.01s Sys=0.00s Real=0.00s
[140.467s][info][gc,start    ] GC(28) Pause Young (Normal) (G1 Evacuation Pause)
[140.467s][info][gc,task     ] GC(28) Using 8 workers of 8 for evacuation
[140.469s][info][gc,phases   ] GC(28)   Pre Evacuate Collection Set: 0.1ms
[140.469s][info][gc,phases   ] GC(28)   Merge Heap Roots: 0.0ms
[140.469s][info][gc,phases   ] GC(28)   Evacuate Collection Set: 1.5ms
[140.469s][info][gc,phases   ] GC(28)   Post Evacuate Collection Set: 0.2ms
[140.469s][info][gc,phases   ] GC(28)   Other: 0.0ms
[140.469s][info][gc,heap     ] GC(28) Eden regions: 29->0(29)
[140.469s][info][gc,heap     ] GC(28) Survivor regions: 1->1(4)
[140.469s][info][gc,heap     ] GC(28) Old regions: 8->8
[140.469s][info][gc,heap     ] GC(28) Humongous regions: 1->1
[140.469s][info][gc,metaspace] GC(28) Metaspace: 54891K(56000K)->54891K(56000K) NonClass: 47616K(48256K)->47616K(48256K) Class: 7274K(7744K)->7274K(7744K)
[140.469s][info][gc          ] GC(28) Pause Young (Normal) (G1 Evacuation Pause) 150M->34M(200M) 2.082ms
[140.469s][info][gc,cpu      ] GC(28) User=0.00s Sys=0.01s Real=0.00s
[140.997s][info][gc,start    ] GC(29) Pause Young (Normal) (G1 Evacuation Pause)
[140.997s][info][gc,task     ] GC(29) Using 8 workers of 8 for evacuation
[140.999s][info][gc,phases   ] GC(29)   Pre Evacuate Collection Set: 0.1ms
[140.999s][info][gc,phases   ] GC(29)   Merge Heap Roots: 0.1ms
[140.999s][info][gc,phases   ] GC(29)   Evacuate Collection Set: 2.0ms
[140.999s][info][gc,phases   ] GC(29)   Post Evacuate Collection Set: 0.3ms
[140.999s][info][gc,phases   ] GC(29)   Other: 0.0ms
[140.999s][info][gc,heap     ] GC(29) Eden regions: 29->0(29)
[140.999s][info][gc,heap     ] GC(29) Survivor regions: 1->1(4)
[140.999s][info][gc,heap     ] GC(29) Old regions: 8->8
[140.999s][info][gc,heap     ] GC(29) Humongous regions: 1->1
[140.999s][info][gc,metaspace] GC(29) Metaspace: 54891K(56000K)->54891K(56000K) NonClass: 47616K(48256K)->47616K(48256K) Class: 7274K(7744K)->7274K(7744K)
[140.999s][info][gc          ] GC(29) Pause Young (Normal) (G1 Evacuation Pause) 150M->34M(200M) 2.651ms
[140.999s][info][gc,cpu      ] GC(29) User=0.01s Sys=0.00s Real=0.00s
[141.523s][info][gc,start    ] GC(30) Pause Young (Normal) (G1 Evacuation Pause)
[141.523s][info][gc,task     ] GC(30) Using 8 workers of 8 for evacuation
[141.525s][info][gc,phases   ] GC(30)   Pre Evacuate Collection Set: 0.1ms
[141.525s][info][gc,phases   ] GC(30)   Merge Heap Roots: 0.1ms
[141.525s][info][gc,phases   ] GC(30)   Evacuate Collection Set: 1.9ms
[141.525s][info][gc,phases   ] GC(30)   Post Evacuate Collection Set: 0.3ms
[141.525s][info][gc,phases   ] GC(30)   Other: 0.1ms
[141.525s][info][gc,heap     ] GC(30) Eden regions: 29->0(29)
[141.525s][info][gc,heap     ] GC(30) Survivor regions: 1->1(4)
[141.525s][info][gc,heap     ] GC(30) Old regions: 8->8
[141.525s][info][gc,heap     ] GC(30) Humongous regions: 1->1
[141.525s][info][gc,metaspace] GC(30) Metaspace: 54891K(56000K)->54891K(56000K) NonClass: 47616K(48256K)->47616K(48256K) Class: 7274K(7744K)->7274K(7744K)
[141.525s][info][gc          ] GC(30) Pause Young (Normal) (G1 Evacuation Pause) 150M->35M(200M) 2.562ms
[141.525s][info][gc,cpu      ] GC(30) User=0.01s Sys=0.00s Real=0.00s
[142.015s][info][gc,start    ] GC(31) Pause Young (Normal) (G1 Evacuation Pause)
[142.015s][info][gc,task     ] GC(31) Using 8 workers of 8 for evacuation
[142.017s][info][gc,phases   ] GC(31)   Pre Evacuate Collection Set: 0.1ms
[142.017s][info][gc,phases   ] GC(31)   Merge Heap Roots: 0.1ms
[142.017s][info][gc,phases   ] GC(31)   Evacuate Collection Set: 1.7ms
[142.017s][info][gc,phases   ] GC(31)   Post Evacuate Collection Set: 0.3ms
[142.017s][info][gc,phases   ] GC(31)   Other: 0.0ms
[142.017s][info][gc,heap     ] GC(31) Eden regions: 29->0(29)
[142.017s][info][gc,heap     ] GC(31) Survivor regions: 1->1(4)
[142.017s][info][gc,heap     ] GC(31) Old regions: 8->8
[142.017s][info][gc,heap     ] GC(31) Humongous regions: 1->1
[142.017s][info][gc,metaspace] GC(31) Metaspace: 54891K(56000K)->54891K(56000K) NonClass: 47616K(48256K)->47616K(48256K) Class: 7274K(7744K)->7274K(7744K)
[142.017s][info][gc          ] GC(31) Pause Young (Normal) (G1 Evacuation Pause) 151M->35M(200M) 2.322ms
[142.017s][info][gc,cpu      ] GC(31) User=0.01s Sys=0.00s Real=0.00s
[142.335s][info][gc,start    ] GC(32) Pause Young (Normal) (G1 Evacuation Pause)
[142.335s][info][gc,task     ] GC(32) Using 8 workers of 8 for evacuation
[142.339s][info][gc,phases   ] GC(32)   Pre Evacuate Collection Set: 0.1ms
[142.339s][info][gc,phases   ] GC(32)   Merge Heap Roots: 0.1ms
[142.339s][info][gc,phases   ] GC(32)   Evacuate Collection Set: 2.9ms
[142.339s][info][gc,phases   ] GC(32)   Post Evacuate Collection Set: 0.3ms
[142.339s][info][gc,phases   ] GC(32)   Other: 0.0ms
[142.339s][info][gc,heap     ] GC(32) Eden regions: 29->0(29)
[142.339s][info][gc,heap     ] GC(32) Survivor regions: 1->1(4)
[142.339s][info][gc,heap     ] GC(32) Old regions: 8->8
[142.339s][info][gc,heap     ] GC(32) Humongous regions: 1->1
[142.339s][info][gc,metaspace] GC(32) Metaspace: 54891K(56000K)->54891K(56000K) NonClass: 47616K(48256K)->47616K(48256K) Class: 7274K(7744K)->7274K(7744K)
[142.339s][info][gc          ] GC(32) Pause Young (Normal) (G1 Evacuation Pause) 151M->35M(200M) 3.527ms
[142.339s][info][gc,cpu      ] GC(32) User=0.01s Sys=0.00s Real=0.00s
[142.751s][info][gc,start    ] GC(33) Pause Young (Normal) (G1 Evacuation Pause)
[142.751s][info][gc,task     ] GC(33) Using 8 workers of 8 for evacuation
[142.753s][info][gc,phases   ] GC(33)   Pre Evacuate Collection Set: 0.1ms
[142.753s][info][gc,phases   ] GC(33)   Merge Heap Roots: 0.0ms
[142.753s][info][gc,phases   ] GC(33)   Evacuate Collection Set: 1.5ms
[142.753s][info][gc,phases   ] GC(33)   Post Evacuate Collection Set: 0.3ms
[142.753s][info][gc,phases   ] GC(33)   Other: 0.0ms
[142.753s][info][gc,heap     ] GC(33) Eden regions: 29->0(29)
[142.753s][info][gc,heap     ] GC(33) Survivor regions: 1->1(4)
[142.753s][info][gc,heap     ] GC(33) Old regions: 8->8
[142.753s][info][gc,heap     ] GC(33) Humongous regions: 1->1
[142.753s][info][gc,metaspace] GC(33) Metaspace: 54891K(56000K)->54891K(56000K) NonClass: 47616K(48256K)->47616K(48256K) Class: 7274K(7744K)->7274K(7744K)
[142.753s][info][gc          ] GC(33) Pause Young (Normal) (G1 Evacuation Pause) 151M->35M(200M) 2.079ms
[142.753s][info][gc,cpu      ] GC(33) User=0.01s Sys=0.00s Real=0.01s
[143.072s][info][gc,start    ] GC(34) Pause Young (Normal) (G1 Evacuation Pause)
[143.072s][info][gc,task     ] GC(34) Using 8 workers of 8 for evacuation
[143.074s][info][gc,phases   ] GC(34)   Pre Evacuate Collection Set: 0.1ms
[143.074s][info][gc,phases   ] GC(34)   Merge Heap Roots: 0.1ms
[143.074s][info][gc,phases   ] GC(34)   Evacuate Collection Set: 1.6ms
[143.074s][info][gc,phases   ] GC(34)   Post Evacuate Collection Set: 0.2ms
[143.074s][info][gc,phases   ] GC(34)   Other: 0.0ms
[143.074s][info][gc,heap     ] GC(34) Eden regions: 29->0(29)
[143.074s][info][gc,heap     ] GC(34) Survivor regions: 1->1(4)
[143.074s][info][gc,heap     ] GC(34) Old regions: 8->8
[143.074s][info][gc,heap     ] GC(34) Humongous regions: 1->1
[143.074s][info][gc,metaspace] GC(34) Metaspace: 54891K(56000K)->54891K(56000K) NonClass: 47616K(48256K)->47616K(48256K) Class: 7274K(7744K)->7274K(7744K)
[143.074s][info][gc          ] GC(34) Pause Young (Normal) (G1 Evacuation Pause) 151M->35M(200M) 2.153ms
[143.074s][info][gc,cpu      ] GC(34) User=0.01s Sys=0.00s Real=0.00s
[143.564s][info][gc,start    ] GC(35) Pause Young (Normal) (G1 Evacuation Pause)
[143.564s][info][gc,task     ] GC(35) Using 8 workers of 8 for evacuation
[143.566s][info][gc,phases   ] GC(35)   Pre Evacuate Collection Set: 0.1ms
[143.566s][info][gc,phases   ] GC(35)   Merge Heap Roots: 0.1ms
[143.566s][info][gc,phases   ] GC(35)   Evacuate Collection Set: 1.5ms
[143.566s][info][gc,phases   ] GC(35)   Post Evacuate Collection Set: 0.2ms
[143.566s][info][gc,phases   ] GC(35)   Other: 0.0ms
[143.566s][info][gc,heap     ] GC(35) Eden regions: 29->0(29)
[143.566s][info][gc,heap     ] GC(35) Survivor regions: 1->1(4)
[143.566s][info][gc,heap     ] GC(35) Old regions: 8->8
[143.566s][info][gc,heap     ] GC(35) Humongous regions: 1->1
[143.566s][info][gc,metaspace] GC(35) Metaspace: 54891K(56000K)->54891K(56000K) NonClass: 47616K(48256K)->47616K(48256K) Class: 7274K(7744K)->7274K(7744K)
[143.566s][info][gc          ] GC(35) Pause Young (Normal) (G1 Evacuation Pause) 151M->35M(200M) 1.983ms
[143.566s][info][gc,cpu      ] GC(35) User=0.01s Sys=0.00s Real=0.00s
[144.035s][info][gc,start    ] GC(36) Pause Young (Normal) (G1 Evacuation Pause)
[144.035s][info][gc,task     ] GC(36) Using 8 workers of 8 for evacuation
[144.037s][info][gc,phases   ] GC(36)   Pre Evacuate Collection Set: 0.1ms
[144.037s][info][gc,phases   ] GC(36)   Merge Heap Roots: 0.1ms
[144.037s][info][gc,phases   ] GC(36)   Evacuate Collection Set: 1.6ms
[144.037s][info][gc,phases   ] GC(36)   Post Evacuate Collection Set: 0.4ms
[144.037s][info][gc,phases   ] GC(36)   Other: 0.0ms
[144.037s][info][gc,heap     ] GC(36) Eden regions: 29->0(29)
[144.037s][info][gc,heap     ] GC(36) Survivor regions: 1->1(4)
[144.037s][info][gc,heap     ] GC(36) Old regions: 8->8
[144.037s][info][gc,heap     ] GC(36) Humongous regions: 1->1
[144.037s][info][gc,metaspace] GC(36) Metaspace: 54891K(56000K)->54891K(56000K) NonClass: 47616K(48256K)->47616K(48256K) Class: 7274K(7744K)->7274K(7744K)
[144.037s][info][gc          ] GC(36) Pause Young (Normal) (G1 Evacuation Pause) 151M->35M(200M) 2.283ms
[144.037s][info][gc,cpu      ] GC(36) User=0.00s Sys=0.00s Real=0.00s
[144.463s][info][gc,start    ] GC(37) Pause Young (Normal) (G1 Evacuation Pause)
[144.463s][info][gc,task     ] GC(37) Using 8 workers of 8 for evacuation
[144.466s][info][gc,phases   ] GC(37)   Pre Evacuate Collection Set: 0.1ms
[144.466s][info][gc,phases   ] GC(37)   Merge Heap Roots: 0.1ms
[144.466s][info][gc,phases   ] GC(37)   Evacuate Collection Set: 2.1ms
[144.466s][info][gc,phases   ] GC(37)   Post Evacuate Collection Set: 0.3ms
[144.466s][info][gc,phases   ] GC(37)   Other: 0.0ms
[144.466s][info][gc,heap     ] GC(37) Eden regions: 29->0(29)
[144.466s][info][gc,heap     ] GC(37) Survivor regions: 1->1(4)
[144.466s][info][gc,heap     ] GC(37) Old regions: 8->8
[144.466s][info][gc,heap     ] GC(37) Humongous regions: 1->1
[144.466s][info][gc,metaspace] GC(37) Metaspace: 54891K(56000K)->54891K(56000K) NonClass: 47616K(48256K)->47616K(48256K) Class: 7274K(7744K)->7274K(7744K)
[144.466s][info][gc          ] GC(37) Pause Young (Normal) (G1 Evacuation Pause) 151M->36M(200M) 2.771ms
[144.466s][info][gc,cpu      ] GC(37) User=0.01s Sys=0.00s Real=0.00s
[144.808s][info][gc,start    ] GC(38) Pause Young (Normal) (G1 Evacuation Pause)
[144.808s][info][gc,task     ] GC(38) Using 8 workers of 8 for evacuation
[144.810s][info][gc,phases   ] GC(38)   Pre Evacuate Collection Set: 0.1ms
[144.810s][info][gc,phases   ] GC(38)   Merge Heap Roots: 0.2ms
[144.810s][info][gc,phases   ] GC(38)   Evacuate Collection Set: 1.7ms
[144.810s][info][gc,phases   ] GC(38)   Post Evacuate Collection Set: 0.2ms
[144.810s][info][gc,phases   ] GC(38)   Other: 0.0ms
[144.810s][info][gc,heap     ] GC(38) Eden regions: 29->0(29)
[144.810s][info][gc,heap     ] GC(38) Survivor regions: 1->1(4)
[144.810s][info][gc,heap     ] GC(38) Old regions: 8->8
[144.810s][info][gc,heap     ] GC(38) Humongous regions: 1->1
[144.810s][info][gc,metaspace] GC(38) Metaspace: 54891K(56000K)->54891K(56000K) NonClass: 47616K(48256K)->47616K(48256K) Class: 7274K(7744K)->7274K(7744K)
[144.810s][info][gc          ] GC(38) Pause Young (Normal) (G1 Evacuation Pause) 152M->36M(200M) 2.415ms
[144.810s][info][gc,cpu      ] GC(38) User=0.01s Sys=0.00s Real=0.00s
[145.193s][info][gc,start    ] GC(39) Pause Young (Normal) (G1 Evacuation Pause)
[145.193s][info][gc,task     ] GC(39) Using 8 workers of 8 for evacuation
[145.195s][info][gc,phases   ] GC(39)   Pre Evacuate Collection Set: 0.1ms
[145.195s][info][gc,phases   ] GC(39)   Merge Heap Roots: 0.1ms
[145.195s][info][gc,phases   ] GC(39)   Evacuate Collection Set: 1.7ms
[145.195s][info][gc,phases   ] GC(39)   Post Evacuate Collection Set: 0.3ms
[145.195s][info][gc,phases   ] GC(39)   Other: 0.0ms
[145.195s][info][gc,heap     ] GC(39) Eden regions: 29->0(29)
[145.195s][info][gc,heap     ] GC(39) Survivor regions: 1->1(4)
[145.195s][info][gc,heap     ] GC(39) Old regions: 8->8
[145.195s][info][gc,heap     ] GC(39) Humongous regions: 1->1
[145.195s][info][gc,metaspace] GC(39) Metaspace: 54891K(56000K)->54891K(56000K) NonClass: 47616K(48256K)->47616K(48256K) Class: 7274K(7744K)->7274K(7744K)
[145.195s][info][gc          ] GC(39) Pause Young (Normal) (G1 Evacuation Pause) 152M->36M(200M) 2.319ms
[145.195s][info][gc,cpu      ] GC(39) User=0.00s Sys=0.00s Real=0.00s
[145.657s][info][gc,start    ] GC(40) Pause Young (Normal) (G1 Evacuation Pause)
[145.657s][info][gc,task     ] GC(40) Using 8 workers of 8 for evacuation
[145.659s][info][gc,phases   ] GC(40)   Pre Evacuate Collection Set: 0.1ms
[145.659s][info][gc,phases   ] GC(40)   Merge Heap Roots: 0.0ms
[145.659s][info][gc,phases   ] GC(40)   Evacuate Collection Set: 1.7ms
[145.659s][info][gc,phases   ] GC(40)   Post Evacuate Collection Set: 0.3ms
[145.659s][info][gc,phases   ] GC(40)   Other: 0.0ms
[145.659s][info][gc,heap     ] GC(40) Eden regions: 29->0(29)
[145.659s][info][gc,heap     ] GC(40) Survivor regions: 1->1(4)
[145.659s][info][gc,heap     ] GC(40) Old regions: 8->8
[145.659s][info][gc,heap     ] GC(40) Humongous regions: 1->1
[145.659s][info][gc,metaspace] GC(40) Metaspace: 54893K(56000K)->54893K(56000K) NonClass: 47618K(48256K)->47618K(48256K) Class: 7274K(7744K)->7274K(7744K)
[145.659s][info][gc          ] GC(40) Pause Young (Normal) (G1 Evacuation Pause) 152M->36M(200M) 2.535ms
[145.659s][info][gc,cpu      ] GC(40) User=0.01s Sys=0.00s Real=0.00s
[146.012s][info][gc,start    ] GC(41) Pause Young (Normal) (G1 Evacuation Pause)
[146.013s][info][gc,task     ] GC(41) Using 8 workers of 8 for evacuation
[146.015s][info][gc,phases   ] GC(41)   Pre Evacuate Collection Set: 0.1ms
[146.015s][info][gc,phases   ] GC(41)   Merge Heap Roots: 0.0ms
[146.015s][info][gc,phases   ] GC(41)   Evacuate Collection Set: 1.8ms
[146.015s][info][gc,phases   ] GC(41)   Post Evacuate Collection Set: 0.2ms
[146.015s][info][gc,phases   ] GC(41)   Other: 0.0ms
[146.015s][info][gc,heap     ] GC(41) Eden regions: 29->0(29)
[146.015s][info][gc,heap     ] GC(41) Survivor regions: 1->1(4)
[146.015s][info][gc,heap     ] GC(41) Old regions: 8->8
[146.015s][info][gc,heap     ] GC(41) Humongous regions: 1->1
[146.015s][info][gc,metaspace] GC(41) Metaspace: 54893K(56000K)->54893K(56000K) NonClass: 47618K(48256K)->47618K(48256K) Class: 7274K(7744K)->7274K(7744K)
[146.015s][info][gc          ] GC(41) Pause Young (Normal) (G1 Evacuation Pause) 152M->36M(200M) 2.388ms
[146.015s][info][gc,cpu      ] GC(41) User=0.01s Sys=0.00s Real=0.00s
[146.600s][info][gc,start    ] GC(42) Pause Young (Normal) (G1 Evacuation Pause)
[146.600s][info][gc,task     ] GC(42) Using 8 workers of 8 for evacuation
[146.602s][info][gc,phases   ] GC(42)   Pre Evacuate Collection Set: 0.1ms
[146.602s][info][gc,phases   ] GC(42)   Merge Heap Roots: 0.1ms
[146.602s][info][gc,phases   ] GC(42)   Evacuate Collection Set: 1.6ms
[146.602s][info][gc,phases   ] GC(42)   Post Evacuate Collection Set: 0.3ms
[146.602s][info][gc,phases   ] GC(42)   Other: 0.0ms
[146.602s][info][gc,heap     ] GC(42) Eden regions: 29->0(29)
[146.602s][info][gc,heap     ] GC(42) Survivor regions: 1->1(4)
[146.602s][info][gc,heap     ] GC(42) Old regions: 8->8
[146.602s][info][gc,heap     ] GC(42) Humongous regions: 1->1
[146.602s][info][gc,metaspace] GC(42) Metaspace: 54893K(56000K)->54893K(56000K) NonClass: 47618K(48256K)->47618K(48256K) Class: 7274K(7744K)->7274K(7744K)
[146.602s][info][gc          ] GC(42) Pause Young (Normal) (G1 Evacuation Pause) 152M->36M(200M) 2.233ms
[146.602s][info][gc,cpu      ] GC(42) User=0.01s Sys=0.00s Real=0.01s
[147.020s][info][gc,start    ] GC(43) Pause Young (Normal) (G1 Evacuation Pause)
[147.020s][info][gc,task     ] GC(43) Using 8 workers of 8 for evacuation
[147.022s][info][gc,phases   ] GC(43)   Pre Evacuate Collection Set: 0.1ms
[147.022s][info][gc,phases   ] GC(43)   Merge Heap Roots: 0.0ms
[147.022s][info][gc,phases   ] GC(43)   Evacuate Collection Set: 1.4ms
[147.022s][info][gc,phases   ] GC(43)   Post Evacuate Collection Set: 0.3ms
[147.022s][info][gc,phases   ] GC(43)   Other: 0.0ms
[147.022s][info][gc,heap     ] GC(43) Eden regions: 29->0(29)
[147.022s][info][gc,heap     ] GC(43) Survivor regions: 1->1(4)
[147.022s][info][gc,heap     ] GC(43) Old regions: 8->8
[147.022s][info][gc,heap     ] GC(43) Humongous regions: 1->1
[147.022s][info][gc,metaspace] GC(43) Metaspace: 54893K(56000K)->54893K(56000K) NonClass: 47618K(48256K)->47618K(48256K) Class: 7274K(7744K)->7274K(7744K)
[147.022s][info][gc          ] GC(43) Pause Young (Normal) (G1 Evacuation Pause) 152M->36M(200M) 2.160ms
[147.022s][info][gc,cpu      ] GC(43) User=0.01s Sys=0.00s Real=0.01s
[147.804s][info][gc,start    ] GC(44) Pause Young (Normal) (G1 Evacuation Pause)
[147.804s][info][gc,task     ] GC(44) Using 8 workers of 8 for evacuation
[147.806s][info][gc,phases   ] GC(44)   Pre Evacuate Collection Set: 0.1ms
[147.806s][info][gc,phases   ] GC(44)   Merge Heap Roots: 0.1ms
[147.806s][info][gc,phases   ] GC(44)   Evacuate Collection Set: 1.7ms
[147.806s][info][gc,phases   ] GC(44)   Post Evacuate Collection Set: 0.3ms
[147.806s][info][gc,phases   ] GC(44)   Other: 0.0ms
[147.806s][info][gc,heap     ] GC(44) Eden regions: 29->0(29)
[147.806s][info][gc,heap     ] GC(44) Survivor regions: 1->1(4)
[147.806s][info][gc,heap     ] GC(44) Old regions: 8->8
[147.806s][info][gc,heap     ] GC(44) Humongous regions: 1->1
[147.806s][info][gc,metaspace] GC(44) Metaspace: 54893K(56000K)->54893K(56000K) NonClass: 47618K(48256K)->47618K(48256K) Class: 7274K(7744K)->7274K(7744K)
[147.806s][info][gc          ] GC(44) Pause Young (Normal) (G1 Evacuation Pause) 152M->36M(200M) 2.409ms
[147.806s][info][gc,cpu      ] GC(44) User=0.01s Sys=0.00s Real=0.00s
[148.296s][info][gc,start    ] GC(45) Pause Young (Normal) (G1 Evacuation Pause)
[148.296s][info][gc,task     ] GC(45) Using 8 workers of 8 for evacuation
[148.298s][info][gc,phases   ] GC(45)   Pre Evacuate Collection Set: 0.1ms
[148.298s][info][gc,phases   ] GC(45)   Merge Heap Roots: 0.1ms
[148.298s][info][gc,phases   ] GC(45)   Evacuate Collection Set: 1.5ms
[148.298s][info][gc,phases   ] GC(45)   Post Evacuate Collection Set: 0.2ms
[148.298s][info][gc,phases   ] GC(45)   Other: 0.0ms
[148.298s][info][gc,heap     ] GC(45) Eden regions: 29->0(29)
[148.298s][info][gc,heap     ] GC(45) Survivor regions: 1->1(4)
[148.298s][info][gc,heap     ] GC(45) Old regions: 8->9
[148.298s][info][gc,heap     ] GC(45) Humongous regions: 1->1
[148.298s][info][gc,metaspace] GC(45) Metaspace: 54893K(56000K)->54893K(56000K) NonClass: 47618K(48256K)->47618K(48256K) Class: 7274K(7744K)->7274K(7744K)
[148.298s][info][gc          ] GC(45) Pause Young (Normal) (G1 Evacuation Pause) 152M->36M(200M) 2.015ms
[148.298s][info][gc,cpu      ] GC(45) User=0.01s Sys=0.01s Real=0.00s
[148.617s][info][gc,start    ] GC(46) Pause Young (Normal) (G1 Evacuation Pause)
[148.617s][info][gc,task     ] GC(46) Using 8 workers of 8 for evacuation
[148.619s][info][gc,phases   ] GC(46)   Pre Evacuate Collection Set: 0.1ms
[148.619s][info][gc,phases   ] GC(46)   Merge Heap Roots: 0.1ms
[148.619s][info][gc,phases   ] GC(46)   Evacuate Collection Set: 1.4ms
[148.619s][info][gc,phases   ] GC(46)   Post Evacuate Collection Set: 0.2ms
[148.619s][info][gc,phases   ] GC(46)   Other: 0.0ms
[148.619s][info][gc,heap     ] GC(46) Eden regions: 29->0(29)
[148.619s][info][gc,heap     ] GC(46) Survivor regions: 1->1(4)
[148.619s][info][gc,heap     ] GC(46) Old regions: 9->9
[148.619s][info][gc,heap     ] GC(46) Humongous regions: 1->1
[148.619s][info][gc,metaspace] GC(46) Metaspace: 54893K(56000K)->54893K(56000K) NonClass: 47618K(48256K)->47618K(48256K) Class: 7274K(7744K)->7274K(7744K)
[148.619s][info][gc          ] GC(46) Pause Young (Normal) (G1 Evacuation Pause) 152M->36M(200M) 1.918ms
[148.619s][info][gc,cpu      ] GC(46) User=0.00s Sys=0.00s Real=0.00s
[149.051s][info][gc,start    ] GC(47) Pause Young (Normal) (G1 Evacuation Pause)
[149.051s][info][gc,task     ] GC(47) Using 8 workers of 8 for evacuation
[149.053s][info][gc,phases   ] GC(47)   Pre Evacuate Collection Set: 0.1ms
[149.053s][info][gc,phases   ] GC(47)   Merge Heap Roots: 0.1ms
[149.053s][info][gc,phases   ] GC(47)   Evacuate Collection Set: 1.6ms
[149.053s][info][gc,phases   ] GC(47)   Post Evacuate Collection Set: 0.2ms
[149.053s][info][gc,phases   ] GC(47)   Other: 0.0ms
[149.053s][info][gc,heap     ] GC(47) Eden regions: 29->0(29)
[149.053s][info][gc,heap     ] GC(47) Survivor regions: 1->1(4)
[149.053s][info][gc,heap     ] GC(47) Old regions: 9->9
[149.053s][info][gc,heap     ] GC(47) Humongous regions: 1->1
[149.053s][info][gc,metaspace] GC(47) Metaspace: 54893K(56000K)->54893K(56000K) NonClass: 47618K(48256K)->47618K(48256K) Class: 7274K(7744K)->7274K(7744K)
[149.053s][info][gc          ] GC(47) Pause Young (Normal) (G1 Evacuation Pause) 152M->37M(200M) 2.149ms
[149.053s][info][gc,cpu      ] GC(47) User=0.01s Sys=0.00s Real=0.00s
[149.545s][info][gc,start    ] GC(48) Pause Young (Normal) (G1 Evacuation Pause)
[149.545s][info][gc,task     ] GC(48) Using 8 workers of 8 for evacuation
[149.547s][info][gc,phases   ] GC(48)   Pre Evacuate Collection Set: 0.1ms
[149.547s][info][gc,phases   ] GC(48)   Merge Heap Roots: 0.0ms
[149.547s][info][gc,phases   ] GC(48)   Evacuate Collection Set: 2.0ms
[149.547s][info][gc,phases   ] GC(48)   Post Evacuate Collection Set: 0.3ms
[149.547s][info][gc,phases   ] GC(48)   Other: 0.0ms
[149.547s][info][gc,heap     ] GC(48) Eden regions: 29->0(29)
[149.547s][info][gc,heap     ] GC(48) Survivor regions: 1->1(4)
[149.547s][info][gc,heap     ] GC(48) Old regions: 9->9
[149.547s][info][gc,heap     ] GC(48) Humongous regions: 1->1
[149.547s][info][gc,metaspace] GC(48) Metaspace: 54893K(56000K)->54893K(56000K) NonClass: 47618K(48256K)->47618K(48256K) Class: 7274K(7744K)->7274K(7744K)
[149.547s][info][gc          ] GC(48) Pause Young (Normal) (G1 Evacuation Pause) 153M->37M(200M) 2.559ms
[149.547s][info][gc,cpu      ] GC(48) User=0.01s Sys=0.00s Real=0.00s
[149.879s][info][gc,start    ] GC(49) Pause Young (Normal) (G1 Evacuation Pause)
[149.879s][info][gc,task     ] GC(49) Using 8 workers of 8 for evacuation
[149.880s][info][gc,phases   ] GC(49)   Pre Evacuate Collection Set: 0.1ms
[149.881s][info][gc,phases   ] GC(49)   Merge Heap Roots: 0.0ms
[149.881s][info][gc,phases   ] GC(49)   Evacuate Collection Set: 1.5ms
[149.881s][info][gc,phases   ] GC(49)   Post Evacuate Collection Set: 0.2ms
[149.881s][info][gc,phases   ] GC(49)   Other: 0.0ms
[149.881s][info][gc,heap     ] GC(49) Eden regions: 29->0(29)
[149.881s][info][gc,heap     ] GC(49) Survivor regions: 1->1(4)
[149.881s][info][gc,heap     ] GC(49) Old regions: 9->9
[149.881s][info][gc,heap     ] GC(49) Humongous regions: 1->1
[149.881s][info][gc,metaspace] GC(49) Metaspace: 54893K(56000K)->54893K(56000K) NonClass: 47618K(48256K)->47618K(48256K) Class: 7274K(7744K)->7274K(7744K)
[149.881s][info][gc          ] GC(49) Pause Young (Normal) (G1 Evacuation Pause) 153M->37M(200M) 2.042ms
[149.881s][info][gc,cpu      ] GC(49) User=0.00s Sys=0.00s Real=0.00s
[150.267s][info][gc,start    ] GC(50) Pause Young (Normal) (G1 Evacuation Pause)
[150.267s][info][gc,task     ] GC(50) Using 8 workers of 8 for evacuation
[150.271s][info][gc,phases   ] GC(50)   Pre Evacuate Collection Set: 0.1ms
[150.271s][info][gc,phases   ] GC(50)   Merge Heap Roots: 0.1ms
[150.271s][info][gc,phases   ] GC(50)   Evacuate Collection Set: 3.2ms
[150.271s][info][gc,phases   ] GC(50)   Post Evacuate Collection Set: 0.5ms
[150.271s][info][gc,phases   ] GC(50)   Other: 0.0ms
[150.271s][info][gc,heap     ] GC(50) Eden regions: 29->0(29)
[150.271s][info][gc,heap     ] GC(50) Survivor regions: 1->1(4)
[150.271s][info][gc,heap     ] GC(50) Old regions: 9->9
[150.271s][info][gc,heap     ] GC(50) Humongous regions: 1->1
[150.271s][info][gc,metaspace] GC(50) Metaspace: 54893K(56000K)->54893K(56000K) NonClass: 47618K(48256K)->47618K(48256K) Class: 7274K(7744K)->7274K(7744K)
[150.271s][info][gc          ] GC(50) Pause Young (Normal) (G1 Evacuation Pause) 153M->37M(200M) 4.000ms
[150.271s][info][gc,cpu      ] GC(50) User=0.01s Sys=0.00s Real=0.00s
[150.582s][info][gc,start    ] GC(51) Pause Young (Normal) (G1 Evacuation Pause)
[150.582s][info][gc,task     ] GC(51) Using 8 workers of 8 for evacuation
[150.584s][info][gc,phases   ] GC(51)   Pre Evacuate Collection Set: 0.1ms
[150.584s][info][gc,phases   ] GC(51)   Merge Heap Roots: 0.1ms
[150.584s][info][gc,phases   ] GC(51)   Evacuate Collection Set: 1.3ms
[150.584s][info][gc,phases   ] GC(51)   Post Evacuate Collection Set: 0.2ms
[150.584s][info][gc,phases   ] GC(51)   Other: 0.0ms
[150.584s][info][gc,heap     ] GC(51) Eden regions: 29->0(29)
[150.584s][info][gc,heap     ] GC(51) Survivor regions: 1->1(4)
[150.584s][info][gc,heap     ] GC(51) Old regions: 9->9
[150.584s][info][gc,heap     ] GC(51) Humongous regions: 1->1
[150.584s][info][gc,metaspace] GC(51) Metaspace: 54893K(56000K)->54893K(56000K) NonClass: 47618K(48256K)->47618K(48256K) Class: 7274K(7744K)->7274K(7744K)
[150.584s][info][gc          ] GC(51) Pause Young (Normal) (G1 Evacuation Pause) 153M->37M(200M) 1.893ms
[150.584s][info][gc,cpu      ] GC(51) User=0.01s Sys=0.00s Real=0.00s
[151.014s][info][gc,start    ] GC(52) Pause Young (Normal) (G1 Evacuation Pause)
[151.014s][info][gc,task     ] GC(52) Using 8 workers of 8 for evacuation
[151.016s][info][gc,phases   ] GC(52)   Pre Evacuate Collection Set: 0.1ms
[151.016s][info][gc,phases   ] GC(52)   Merge Heap Roots: 0.0ms
[151.016s][info][gc,phases   ] GC(52)   Evacuate Collection Set: 1.4ms
[151.016s][info][gc,phases   ] GC(52)   Post Evacuate Collection Set: 0.3ms
[151.016s][info][gc,phases   ] GC(52)   Other: 0.0ms
[151.016s][info][gc,heap     ] GC(52) Eden regions: 29->0(29)
[151.016s][info][gc,heap     ] GC(52) Survivor regions: 1->1(4)
[151.016s][info][gc,heap     ] GC(52) Old regions: 9->9
[151.016s][info][gc,heap     ] GC(52) Humongous regions: 1->1
[151.016s][info][gc,metaspace] GC(52) Metaspace: 54893K(56000K)->54893K(56000K) NonClass: 47618K(48256K)->47618K(48256K) Class: 7274K(7744K)->7274K(7744K)
[151.016s][info][gc          ] GC(52) Pause Young (Normal) (G1 Evacuation Pause) 153M->37M(200M) 2.016ms
[151.016s][info][gc,cpu      ] GC(52) User=0.01s Sys=0.00s Real=0.00s
[151.570s][info][gc,start    ] GC(53) Pause Young (Normal) (G1 Evacuation Pause)
[151.570s][info][gc,task     ] GC(53) Using 8 workers of 8 for evacuation
[151.573s][info][gc,phases   ] GC(53)   Pre Evacuate Collection Set: 0.1ms
[151.573s][info][gc,phases   ] GC(53)   Merge Heap Roots: 0.1ms
[151.573s][info][gc,phases   ] GC(53)   Evacuate Collection Set: 1.8ms
[151.573s][info][gc,phases   ] GC(53)   Post Evacuate Collection Set: 0.2ms
[151.573s][info][gc,phases   ] GC(53)   Other: 0.0ms
[151.573s][info][gc,heap     ] GC(53) Eden regions: 29->0(29)
[151.573s][info][gc,heap     ] GC(53) Survivor regions: 1->1(4)
[151.573s][info][gc,heap     ] GC(53) Old regions: 9->9
[151.573s][info][gc,heap     ] GC(53) Humongous regions: 1->1
[151.573s][info][gc,metaspace] GC(53) Metaspace: 54893K(56000K)->54893K(56000K) NonClass: 47618K(48256K)->47618K(48256K) Class: 7274K(7744K)->7274K(7744K)
[151.573s][info][gc          ] GC(53) Pause Young (Normal) (G1 Evacuation Pause) 153M->37M(200M) 2.414ms
[151.573s][info][gc,cpu      ] GC(53) User=0.01s Sys=0.00s Real=0.01s
[152.050s][info][gc,start    ] GC(54) Pause Young (Normal) (G1 Evacuation Pause)
[152.050s][info][gc,task     ] GC(54) Using 8 workers of 8 for evacuation
[152.052s][info][gc,phases   ] GC(54)   Pre Evacuate Collection Set: 0.1ms
[152.052s][info][gc,phases   ] GC(54)   Merge Heap Roots: 0.1ms
[152.052s][info][gc,phases   ] GC(54)   Evacuate Collection Set: 1.6ms
[152.052s][info][gc,phases   ] GC(54)   Post Evacuate Collection Set: 0.2ms
[152.052s][info][gc,phases   ] GC(54)   Other: 0.0ms
[152.052s][info][gc,heap     ] GC(54) Eden regions: 29->0(29)
[152.052s][info][gc,heap     ] GC(54) Survivor regions: 1->1(4)
[152.052s][info][gc,heap     ] GC(54) Old regions: 9->9
[152.052s][info][gc,heap     ] GC(54) Humongous regions: 1->1
[152.052s][info][gc,metaspace] GC(54) Metaspace: 54893K(56000K)->54893K(56000K) NonClass: 47618K(48256K)->47618K(48256K) Class: 7274K(7744K)->7274K(7744K)
[152.052s][info][gc          ] GC(54) Pause Young (Normal) (G1 Evacuation Pause) 153M->37M(200M) 2.155ms
[152.052s][info][gc,cpu      ] GC(54) User=0.01s Sys=0.00s Real=0.01s
[152.456s][info][gc,start    ] GC(55) Pause Young (Normal) (G1 Evacuation Pause)
[152.456s][info][gc,task     ] GC(55) Using 8 workers of 8 for evacuation
[152.458s][info][gc,phases   ] GC(55)   Pre Evacuate Collection Set: 0.1ms
[152.458s][info][gc,phases   ] GC(55)   Merge Heap Roots: 0.1ms
[152.458s][info][gc,phases   ] GC(55)   Evacuate Collection Set: 1.4ms
[152.458s][info][gc,phases   ] GC(55)   Post Evacuate Collection Set: 0.3ms
[152.458s][info][gc,phases   ] GC(55)   Other: 0.1ms
[152.458s][info][gc,heap     ] GC(55) Eden regions: 29->0(29)
[152.458s][info][gc,heap     ] GC(55) Survivor regions: 1->1(4)
[152.458s][info][gc,heap     ] GC(55) Old regions: 9->9
[152.458s][info][gc,heap     ] GC(55) Humongous regions: 1->1
[152.458s][info][gc,metaspace] GC(55) Metaspace: 54893K(56000K)->54893K(56000K) NonClass: 47618K(48256K)->47618K(48256K) Class: 7274K(7744K)->7274K(7744K)
[152.458s][info][gc          ] GC(55) Pause Young (Normal) (G1 Evacuation Pause) 153M->37M(200M) 2.081ms
[152.458s][info][gc,cpu      ] GC(55) User=0.01s Sys=0.00s Real=0.00s
[152.802s][info][gc,start    ] GC(56) Pause Young (Normal) (G1 Evacuation Pause)
[152.802s][info][gc,task     ] GC(56) Using 8 workers of 8 for evacuation
[152.804s][info][gc,phases   ] GC(56)   Pre Evacuate Collection Set: 0.1ms
[152.804s][info][gc,phases   ] GC(56)   Merge Heap Roots: 0.1ms
[152.804s][info][gc,phases   ] GC(56)   Evacuate Collection Set: 1.5ms
[152.804s][info][gc,phases   ] GC(56)   Post Evacuate Collection Set: 0.2ms
[152.804s][info][gc,phases   ] GC(56)   Other: 0.0ms
[152.804s][info][gc,heap     ] GC(56) Eden regions: 29->0(29)
[152.804s][info][gc,heap     ] GC(56) Survivor regions: 1->1(4)
[152.804s][info][gc,heap     ] GC(56) Old regions: 9->9
[152.804s][info][gc,heap     ] GC(56) Humongous regions: 1->1
[152.804s][info][gc,metaspace] GC(56) Metaspace: 54893K(56000K)->54893K(56000K) NonClass: 47618K(48256K)->47618K(48256K) Class: 7274K(7744K)->7274K(7744K)
[152.804s][info][gc          ] GC(56) Pause Young (Normal) (G1 Evacuation Pause) 153M->37M(200M) 2.034ms
[152.804s][info][gc,cpu      ] GC(56) User=0.01s Sys=0.01s Real=0.00s
[153.135s][info][gc,start    ] GC(57) Pause Young (Normal) (G1 Evacuation Pause)
[153.136s][info][gc,task     ] GC(57) Using 8 workers of 8 for evacuation
[153.138s][info][gc,phases   ] GC(57)   Pre Evacuate Collection Set: 0.1ms
[153.138s][info][gc,phases   ] GC(57)   Merge Heap Roots: 0.1ms
[153.138s][info][gc,phases   ] GC(57)   Evacuate Collection Set: 1.7ms
[153.138s][info][gc,phases   ] GC(57)   Post Evacuate Collection Set: 0.2ms
[153.138s][info][gc,phases   ] GC(57)   Other: 0.0ms
[153.138s][info][gc,heap     ] GC(57) Eden regions: 29->0(29)
[153.138s][info][gc,heap     ] GC(57) Survivor regions: 1->1(4)
[153.138s][info][gc,heap     ] GC(57) Old regions: 9->9
[153.138s][info][gc,heap     ] GC(57) Humongous regions: 1->1
[153.138s][info][gc,metaspace] GC(57) Metaspace: 54893K(56000K)->54893K(56000K) NonClass: 47618K(48256K)->47618K(48256K) Class: 7274K(7744K)->7274K(7744K)
[153.138s][info][gc          ] GC(57) Pause Young (Normal) (G1 Evacuation Pause) 153M->37M(200M) 2.265ms
[153.138s][info][gc,cpu      ] GC(57) User=0.01s Sys=0.00s Real=0.00s
[153.512s][info][gc,start    ] GC(58) Pause Young (Normal) (G1 Evacuation Pause)
[153.512s][info][gc,task     ] GC(58) Using 8 workers of 8 for evacuation
[153.514s][info][gc,phases   ] GC(58)   Pre Evacuate Collection Set: 0.1ms
[153.514s][info][gc,phases   ] GC(58)   Merge Heap Roots: 0.1ms
[153.514s][info][gc,phases   ] GC(58)   Evacuate Collection Set: 1.6ms
[153.514s][info][gc,phases   ] GC(58)   Post Evacuate Collection Set: 0.2ms
[153.514s][info][gc,phases   ] GC(58)   Other: 0.0ms
[153.514s][info][gc,heap     ] GC(58) Eden regions: 29->0(29)
[153.514s][info][gc,heap     ] GC(58) Survivor regions: 1->1(4)
[153.514s][info][gc,heap     ] GC(58) Old regions: 9->9
[153.514s][info][gc,heap     ] GC(58) Humongous regions: 1->1
[153.514s][info][gc,metaspace] GC(58) Metaspace: 54893K(56000K)->54893K(56000K) NonClass: 47618K(48256K)->47618K(48256K) Class: 7274K(7744K)->7274K(7744K)
[153.515s][info][gc          ] GC(58) Pause Young (Normal) (G1 Evacuation Pause) 153M->38M(200M) 2.104ms
[153.515s][info][gc,cpu      ] GC(58) User=0.01s Sys=0.00s Real=0.00s
[153.800s][info][gc,start    ] GC(59) Pause Young (Normal) (G1 Evacuation Pause)
[153.800s][info][gc,task     ] GC(59) Using 8 workers of 8 for evacuation
[153.802s][info][gc,phases   ] GC(59)   Pre Evacuate Collection Set: 0.1ms
[153.802s][info][gc,phases   ] GC(59)   Merge Heap Roots: 0.0ms
[153.802s][info][gc,phases   ] GC(59)   Evacuate Collection Set: 1.6ms
[153.802s][info][gc,phases   ] GC(59)   Post Evacuate Collection Set: 0.3ms
[153.802s][info][gc,phases   ] GC(59)   Other: 0.0ms
[153.802s][info][gc,heap     ] GC(59) Eden regions: 29->0(29)
[153.802s][info][gc,heap     ] GC(59) Survivor regions: 1->1(4)
[153.802s][info][gc,heap     ] GC(59) Old regions: 9->9
[153.802s][info][gc,heap     ] GC(59) Humongous regions: 1->1
[153.802s][info][gc,metaspace] GC(59) Metaspace: 54893K(56000K)->54893K(56000K) NonClass: 47618K(48256K)->47618K(48256K) Class: 7274K(7744K)->7274K(7744K)
[153.802s][info][gc          ] GC(59) Pause Young (Normal) (G1 Evacuation Pause) 154M->38M(200M) 2.157ms
[153.802s][info][gc,cpu      ] GC(59) User=0.01s Sys=0.00s Real=0.01s
[154.188s][info][gc,start    ] GC(60) Pause Young (Normal) (G1 Evacuation Pause)
[154.188s][info][gc,task     ] GC(60) Using 8 workers of 8 for evacuation
[154.190s][info][gc,phases   ] GC(60)   Pre Evacuate Collection Set: 0.1ms
[154.190s][info][gc,phases   ] GC(60)   Merge Heap Roots: 0.1ms
[154.190s][info][gc,phases   ] GC(60)   Evacuate Collection Set: 1.6ms
[154.190s][info][gc,phases   ] GC(60)   Post Evacuate Collection Set: 0.3ms
[154.190s][info][gc,phases   ] GC(60)   Other: 0.0ms
[154.190s][info][gc,heap     ] GC(60) Eden regions: 29->0(29)
[154.190s][info][gc,heap     ] GC(60) Survivor regions: 1->1(4)
[154.190s][info][gc,heap     ] GC(60) Old regions: 9->9
[154.190s][info][gc,heap     ] GC(60) Humongous regions: 1->1
[154.190s][info][gc,metaspace] GC(60) Metaspace: 54893K(56000K)->54893K(56000K) NonClass: 47618K(48256K)->47618K(48256K) Class: 7274K(7744K)->7274K(7744K)
[154.190s][info][gc          ] GC(60) Pause Young (Normal) (G1 Evacuation Pause) 154M->38M(200M) 2.160ms
[154.190s][info][gc,cpu      ] GC(60) User=0.00s Sys=0.01s Real=0.00s
[154.464s][info][gc,start    ] GC(61) Pause Young (Normal) (G1 Evacuation Pause)
[154.464s][info][gc,task     ] GC(61) Using 8 workers of 8 for evacuation
[154.466s][info][gc,phases   ] GC(61)   Pre Evacuate Collection Set: 0.1ms
[154.466s][info][gc,phases   ] GC(61)   Merge Heap Roots: 0.1ms
[154.466s][info][gc,phases   ] GC(61)   Evacuate Collection Set: 1.3ms
[154.466s][info][gc,phases   ] GC(61)   Post Evacuate Collection Set: 0.2ms
[154.466s][info][gc,phases   ] GC(61)   Other: 0.0ms
[154.466s][info][gc,heap     ] GC(61) Eden regions: 29->0(29)
[154.466s][info][gc,heap     ] GC(61) Survivor regions: 1->1(4)
[154.466s][info][gc,heap     ] GC(61) Old regions: 9->9
[154.466s][info][gc,heap     ] GC(61) Humongous regions: 1->1
[154.466s][info][gc,metaspace] GC(61) Metaspace: 54893K(56000K)->54893K(56000K) NonClass: 47618K(48256K)->47618K(48256K) Class: 7274K(7744K)->7274K(7744K)
[154.466s][info][gc          ] GC(61) Pause Young (Normal) (G1 Evacuation Pause) 154M->38M(200M) 1.834ms
[154.466s][info][gc,cpu      ] GC(61) User=0.01s Sys=0.00s Real=0.00s
[154.817s][info][gc,start    ] GC(62) Pause Young (Normal) (G1 Evacuation Pause)
[154.817s][info][gc,task     ] GC(62) Using 8 workers of 8 for evacuation
[154.819s][info][gc,phases   ] GC(62)   Pre Evacuate Collection Set: 0.1ms
[154.819s][info][gc,phases   ] GC(62)   Merge Heap Roots: 0.0ms
[154.819s][info][gc,phases   ] GC(62)   Evacuate Collection Set: 1.5ms
[154.819s][info][gc,phases   ] GC(62)   Post Evacuate Collection Set: 0.3ms
[154.819s][info][gc,phases   ] GC(62)   Other: 0.0ms
[154.819s][info][gc,heap     ] GC(62) Eden regions: 29->0(29)
[154.819s][info][gc,heap     ] GC(62) Survivor regions: 1->1(4)
[154.819s][info][gc,heap     ] GC(62) Old regions: 9->9
[154.819s][info][gc,heap     ] GC(62) Humongous regions: 1->1
[154.819s][info][gc,metaspace] GC(62) Metaspace: 54893K(56000K)->54893K(56000K) NonClass: 47618K(48256K)->47618K(48256K) Class: 7274K(7744K)->7274K(7744K)
[154.819s][info][gc          ] GC(62) Pause Young (Normal) (G1 Evacuation Pause) 154M->38M(200M) 2.097ms
[154.819s][info][gc,cpu      ] GC(62) User=0.01s Sys=0.00s Real=0.00s
[155.403s][info][gc,start    ] GC(63) Pause Young (Normal) (G1 Evacuation Pause)
[155.403s][info][gc,task     ] GC(63) Using 8 workers of 8 for evacuation
[155.405s][info][gc,phases   ] GC(63)   Pre Evacuate Collection Set: 0.1ms
[155.405s][info][gc,phases   ] GC(63)   Merge Heap Roots: 0.1ms
[155.405s][info][gc,phases   ] GC(63)   Evacuate Collection Set: 1.6ms
[155.405s][info][gc,phases   ] GC(63)   Post Evacuate Collection Set: 0.3ms
[155.405s][info][gc,phases   ] GC(63)   Other: 0.0ms
[155.405s][info][gc,heap     ] GC(63) Eden regions: 29->0(29)
[155.405s][info][gc,heap     ] GC(63) Survivor regions: 1->1(4)
[155.405s][info][gc,heap     ] GC(63) Old regions: 9->9
[155.405s][info][gc,heap     ] GC(63) Humongous regions: 1->1
[155.405s][info][gc,metaspace] GC(63) Metaspace: 54893K(56000K)->54893K(56000K) NonClass: 47618K(48256K)->47618K(48256K) Class: 7274K(7744K)->7274K(7744K)
[155.405s][info][gc          ] GC(63) Pause Young (Normal) (G1 Evacuation Pause) 154M->38M(200M) 2.210ms
[155.405s][info][gc,cpu      ] GC(63) User=0.01s Sys=0.01s Real=0.00s
[155.779s][info][gc,start    ] GC(64) Pause Young (Normal) (G1 Evacuation Pause)
[155.779s][info][gc,task     ] GC(64) Using 8 workers of 8 for evacuation
[155.782s][info][gc,phases   ] GC(64)   Pre Evacuate Collection Set: 0.1ms
[155.782s][info][gc,phases   ] GC(64)   Merge Heap Roots: 0.1ms
[155.782s][info][gc,phases   ] GC(64)   Evacuate Collection Set: 2.1ms
[155.782s][info][gc,phases   ] GC(64)   Post Evacuate Collection Set: 0.3ms
[155.782s][info][gc,phases   ] GC(64)   Other: 0.1ms
[155.782s][info][gc,heap     ] GC(64) Eden regions: 29->0(29)
[155.782s][info][gc,heap     ] GC(64) Survivor regions: 1->1(4)
[155.782s][info][gc,heap     ] GC(64) Old regions: 9->9
[155.782s][info][gc,heap     ] GC(64) Humongous regions: 1->1
[155.782s][info][gc,metaspace] GC(64) Metaspace: 54893K(56000K)->54893K(56000K) NonClass: 47618K(48256K)->47618K(48256K) Class: 7274K(7744K)->7274K(7744K)
[155.782s][info][gc          ] GC(64) Pause Young (Normal) (G1 Evacuation Pause) 154M->38M(200M) 2.908ms
[155.782s][info][gc,cpu      ] GC(64) User=0.01s Sys=0.00s Real=0.01s
[156.545s][info][gc,start    ] GC(65) Pause Young (Normal) (G1 Evacuation Pause)
[156.545s][info][gc,task     ] GC(65) Using 8 workers of 8 for evacuation
[156.547s][info][gc,phases   ] GC(65)   Pre Evacuate Collection Set: 0.1ms
[156.547s][info][gc,phases   ] GC(65)   Merge Heap Roots: 0.1ms
[156.547s][info][gc,phases   ] GC(65)   Evacuate Collection Set: 1.4ms
[156.547s][info][gc,phases   ] GC(65)   Post Evacuate Collection Set: 0.2ms
[156.547s][info][gc,phases   ] GC(65)   Other: 0.1ms
[156.547s][info][gc,heap     ] GC(65) Eden regions: 29->0(29)
[156.547s][info][gc,heap     ] GC(65) Survivor regions: 1->1(4)
[156.547s][info][gc,heap     ] GC(65) Old regions: 9->9
[156.547s][info][gc,heap     ] GC(65) Humongous regions: 1->1
[156.547s][info][gc,metaspace] GC(65) Metaspace: 54893K(56000K)->54893K(56000K) NonClass: 47618K(48256K)->47618K(48256K) Class: 7274K(7744K)->7274K(7744K)
[156.547s][info][gc          ] GC(65) Pause Young (Normal) (G1 Evacuation Pause) 154M->38M(200M) 2.096ms
[156.547s][info][gc,cpu      ] GC(65) User=0.01s Sys=0.00s Real=0.00s
[157.117s][info][gc,start    ] GC(66) Pause Young (Normal) (G1 Evacuation Pause)
[157.117s][info][gc,task     ] GC(66) Using 8 workers of 8 for evacuation
[157.119s][info][gc,phases   ] GC(66)   Pre Evacuate Collection Set: 0.1ms
[157.119s][info][gc,phases   ] GC(66)   Merge Heap Roots: 0.1ms
[157.119s][info][gc,phases   ] GC(66)   Evacuate Collection Set: 1.4ms
[157.119s][info][gc,phases   ] GC(66)   Post Evacuate Collection Set: 0.3ms
[157.119s][info][gc,phases   ] GC(66)   Other: 0.0ms
[157.119s][info][gc,heap     ] GC(66) Eden regions: 29->0(29)
[157.119s][info][gc,heap     ] GC(66) Survivor regions: 1->1(4)
[157.119s][info][gc,heap     ] GC(66) Old regions: 9->9
[157.119s][info][gc,heap     ] GC(66) Humongous regions: 1->1
[157.119s][info][gc,metaspace] GC(66) Metaspace: 54893K(56000K)->54893K(56000K) NonClass: 47618K(48256K)->47618K(48256K) Class: 7274K(7744K)->7274K(7744K)
[157.119s][info][gc          ] GC(66) Pause Young (Normal) (G1 Evacuation Pause) 154M->38M(200M) 2.020ms
[157.119s][info][gc,cpu      ] GC(66) User=0.01s Sys=0.00s Real=0.00s
[157.642s][info][gc,start    ] GC(67) Pause Young (Normal) (G1 Evacuation Pause)
[157.642s][info][gc,task     ] GC(67) Using 8 workers of 8 for evacuation
[157.645s][info][gc,phases   ] GC(67)   Pre Evacuate Collection Set: 0.1ms
[157.645s][info][gc,phases   ] GC(67)   Merge Heap Roots: 0.1ms
[157.645s][info][gc,phases   ] GC(67)   Evacuate Collection Set: 2.2ms
[157.645s][info][gc,phases   ] GC(67)   Post Evacuate Collection Set: 0.3ms
[157.645s][info][gc,phases   ] GC(67)   Other: 0.1ms
[157.645s][info][gc,heap     ] GC(67) Eden regions: 29->0(29)
[157.645s][info][gc,heap     ] GC(67) Survivor regions: 1->1(4)
[157.645s][info][gc,heap     ] GC(67) Old regions: 9->9
[157.645s][info][gc,heap     ] GC(67) Humongous regions: 1->1
[157.645s][info][gc,metaspace] GC(67) Metaspace: 54893K(56000K)->54893K(56000K) NonClass: 47618K(48256K)->47618K(48256K) Class: 7274K(7744K)->7274K(7744K)
[157.645s][info][gc          ] GC(67) Pause Young (Normal) (G1 Evacuation Pause) 154M->38M(200M) 2.852ms
[157.645s][info][gc,cpu      ] GC(67) User=0.01s Sys=0.00s Real=0.00s
[158.248s][info][gc,start    ] GC(68) Pause Young (Normal) (G1 Evacuation Pause)
[158.249s][info][gc,task     ] GC(68) Using 8 workers of 8 for evacuation
[158.250s][info][gc,phases   ] GC(68)   Pre Evacuate Collection Set: 0.1ms
[158.250s][info][gc,phases   ] GC(68)   Merge Heap Roots: 0.1ms
[158.251s][info][gc,phases   ] GC(68)   Evacuate Collection Set: 1.5ms
[158.251s][info][gc,phases   ] GC(68)   Post Evacuate Collection Set: 0.2ms
[158.251s][info][gc,phases   ] GC(68)   Other: 0.0ms
[158.251s][info][gc,heap     ] GC(68) Eden regions: 29->0(29)
[158.251s][info][gc,heap     ] GC(68) Survivor regions: 1->1(4)
[158.251s][info][gc,heap     ] GC(68) Old regions: 9->9
[158.251s][info][gc,heap     ] GC(68) Humongous regions: 1->1
[158.251s][info][gc,metaspace] GC(68) Metaspace: 54893K(56000K)->54893K(56000K) NonClass: 47618K(48256K)->47618K(48256K) Class: 7274K(7744K)->7274K(7744K)
[158.251s][info][gc          ] GC(68) Pause Young (Normal) (G1 Evacuation Pause) 154M->38M(200M) 2.081ms
[158.251s][info][gc,cpu      ] GC(68) User=0.01s Sys=0.00s Real=0.00s
[158.732s][info][gc,start    ] GC(69) Pause Young (Normal) (G1 Evacuation Pause)
[158.732s][info][gc,task     ] GC(69) Using 8 workers of 8 for evacuation
[158.734s][info][gc,phases   ] GC(69)   Pre Evacuate Collection Set: 0.1ms
[158.734s][info][gc,phases   ] GC(69)   Merge Heap Roots: 0.1ms
[158.734s][info][gc,phases   ] GC(69)   Evacuate Collection Set: 1.4ms
[158.734s][info][gc,phases   ] GC(69)   Post Evacuate Collection Set: 0.2ms
[158.734s][info][gc,phases   ] GC(69)   Other: 0.0ms
[158.734s][info][gc,heap     ] GC(69) Eden regions: 29->0(29)
[158.734s][info][gc,heap     ] GC(69) Survivor regions: 1->1(4)
[158.734s][info][gc,heap     ] GC(69) Old regions: 9->9
[158.734s][info][gc,heap     ] GC(69) Humongous regions: 1->1
[158.734s][info][gc,metaspace] GC(69) Metaspace: 54893K(56000K)->54893K(56000K) NonClass: 47618K(48256K)->47618K(48256K) Class: 7274K(7744K)->7274K(7744K)
[158.734s][info][gc          ] GC(69) Pause Young (Normal) (G1 Evacuation Pause) 154M->38M(200M) 1.975ms
[158.734s][info][gc,cpu      ] GC(69) User=0.01s Sys=0.00s Real=0.00s
[159.059s][info][gc,start    ] GC(70) Pause Young (Normal) (G1 Evacuation Pause)
[159.059s][info][gc,task     ] GC(70) Using 8 workers of 8 for evacuation
[159.060s][info][gc,phases   ] GC(70)   Pre Evacuate Collection Set: 0.1ms
[159.061s][info][gc,phases   ] GC(70)   Merge Heap Roots: 0.0ms
[159.061s][info][gc,phases   ] GC(70)   Evacuate Collection Set: 1.4ms
[159.061s][info][gc,phases   ] GC(70)   Post Evacuate Collection Set: 0.2ms
[159.061s][info][gc,phases   ] GC(70)   Other: 0.0ms
[159.061s][info][gc,heap     ] GC(70) Eden regions: 29->0(29)
[159.061s][info][gc,heap     ] GC(70) Survivor regions: 1->1(4)
[159.061s][info][gc,heap     ] GC(70) Old regions: 9->9
[159.061s][info][gc,heap     ] GC(70) Humongous regions: 1->1
[159.061s][info][gc,metaspace] GC(70) Metaspace: 54893K(56000K)->54893K(56000K) NonClass: 47618K(48256K)->47618K(48256K) Class: 7274K(7744K)->7274K(7744K)
[159.061s][info][gc          ] GC(70) Pause Young (Normal) (G1 Evacuation Pause) 154M->38M(200M) 1.954ms
[159.061s][info][gc,cpu      ] GC(70) User=0.01s Sys=0.00s Real=0.00s
[159.506s][info][gc,start    ] GC(71) Pause Young (Normal) (G1 Evacuation Pause)
[159.506s][info][gc,task     ] GC(71) Using 8 workers of 8 for evacuation
[159.508s][info][gc,phases   ] GC(71)   Pre Evacuate Collection Set: 0.1ms
[159.508s][info][gc,phases   ] GC(71)   Merge Heap Roots: 0.1ms
[159.508s][info][gc,phases   ] GC(71)   Evacuate Collection Set: 1.6ms
[159.508s][info][gc,phases   ] GC(71)   Post Evacuate Collection Set: 0.2ms
[159.508s][info][gc,phases   ] GC(71)   Other: 0.1ms
[159.508s][info][gc,heap     ] GC(71) Eden regions: 29->0(29)
[159.508s][info][gc,heap     ] GC(71) Survivor regions: 1->1(4)
[159.508s][info][gc,heap     ] GC(71) Old regions: 9->9
[159.508s][info][gc,heap     ] GC(71) Humongous regions: 1->1
[159.508s][info][gc,metaspace] GC(71) Metaspace: 54893K(56000K)->54893K(56000K) NonClass: 47618K(48256K)->47618K(48256K) Class: 7274K(7744K)->7274K(7744K)
[159.508s][info][gc          ] GC(71) Pause Young (Normal) (G1 Evacuation Pause) 154M->39M(200M) 2.260ms
[159.508s][info][gc,cpu      ] GC(71) User=0.01s Sys=0.00s Real=0.00s
[159.804s][info][gc,start    ] GC(72) Pause Young (Normal) (G1 Evacuation Pause)
[159.804s][info][gc,task     ] GC(72) Using 8 workers of 8 for evacuation
[159.808s][info][gc,phases   ] GC(72)   Pre Evacuate Collection Set: 0.1ms
[159.808s][info][gc,phases   ] GC(72)   Merge Heap Roots: 0.1ms
[159.808s][info][gc,phases   ] GC(72)   Evacuate Collection Set: 2.8ms
[159.808s][info][gc,phases   ] GC(72)   Post Evacuate Collection Set: 0.3ms
[159.808s][info][gc,phases   ] GC(72)   Other: 0.1ms
[159.808s][info][gc,heap     ] GC(72) Eden regions: 29->0(29)
[159.808s][info][gc,heap     ] GC(72) Survivor regions: 1->1(4)
[159.808s][info][gc,heap     ] GC(72) Old regions: 9->9
[159.808s][info][gc,heap     ] GC(72) Humongous regions: 1->1
[159.808s][info][gc,metaspace] GC(72) Metaspace: 54893K(56000K)->54893K(56000K) NonClass: 47618K(48256K)->47618K(48256K) Class: 7274K(7744K)->7274K(7744K)
[159.808s][info][gc          ] GC(72) Pause Young (Normal) (G1 Evacuation Pause) 155M->39M(200M) 3.493ms
[159.808s][info][gc,cpu      ] GC(72) User=0.01s Sys=0.00s Real=0.00s
[160.177s][info][gc,start    ] GC(73) Pause Young (Normal) (G1 Evacuation Pause)
[160.177s][info][gc,task     ] GC(73) Using 8 workers of 8 for evacuation
[160.179s][info][gc,phases   ] GC(73)   Pre Evacuate Collection Set: 0.1ms
[160.179s][info][gc,phases   ] GC(73)   Merge Heap Roots: 0.1ms
[160.179s][info][gc,phases   ] GC(73)   Evacuate Collection Set: 1.9ms
[160.179s][info][gc,phases   ] GC(73)   Post Evacuate Collection Set: 0.2ms
[160.179s][info][gc,phases   ] GC(73)   Other: 0.0ms
[160.179s][info][gc,heap     ] GC(73) Eden regions: 29->0(29)
[160.179s][info][gc,heap     ] GC(73) Survivor regions: 1->1(4)
[160.179s][info][gc,heap     ] GC(73) Old regions: 9->9
[160.179s][info][gc,heap     ] GC(73) Humongous regions: 1->1
[160.179s][info][gc,metaspace] GC(73) Metaspace: 54893K(56000K)->54893K(56000K) NonClass: 47618K(48256K)->47618K(48256K) Class: 7274K(7744K)->7274K(7744K)
[160.179s][info][gc          ] GC(73) Pause Young (Normal) (G1 Evacuation Pause) 155M->39M(200M) 2.495ms
[160.179s][info][gc,cpu      ] GC(73) User=0.01s Sys=0.00s Real=0.00s
[160.603s][info][gc,start    ] GC(74) Pause Young (Normal) (G1 Evacuation Pause)
[160.603s][info][gc,task     ] GC(74) Using 8 workers of 8 for evacuation
[160.605s][info][gc,phases   ] GC(74)   Pre Evacuate Collection Set: 0.1ms
[160.605s][info][gc,phases   ] GC(74)   Merge Heap Roots: 0.1ms
[160.605s][info][gc,phases   ] GC(74)   Evacuate Collection Set: 1.3ms
[160.605s][info][gc,phases   ] GC(74)   Post Evacuate Collection Set: 0.2ms
[160.605s][info][gc,phases   ] GC(74)   Other: 0.0ms
[160.605s][info][gc,heap     ] GC(74) Eden regions: 29->0(29)
[160.605s][info][gc,heap     ] GC(74) Survivor regions: 1->1(4)
[160.605s][info][gc,heap     ] GC(74) Old regions: 9->9
[160.605s][info][gc,heap     ] GC(74) Humongous regions: 1->1
[160.605s][info][gc,metaspace] GC(74) Metaspace: 54893K(56000K)->54893K(56000K) NonClass: 47618K(48256K)->47618K(48256K) Class: 7274K(7744K)->7274K(7744K)
[160.605s][info][gc          ] GC(74) Pause Young (Normal) (G1 Evacuation Pause) 155M->39M(200M) 1.945ms
[160.605s][info][gc,cpu      ] GC(74) User=0.01s Sys=0.00s Real=0.00s
[160.944s][info][gc,start    ] GC(75) Pause Young (Normal) (G1 Evacuation Pause)
[160.944s][info][gc,task     ] GC(75) Using 8 workers of 8 for evacuation
[160.947s][info][gc,phases   ] GC(75)   Pre Evacuate Collection Set: 0.1ms
[160.947s][info][gc,phases   ] GC(75)   Merge Heap Roots: 0.1ms
[160.947s][info][gc,phases   ] GC(75)   Evacuate Collection Set: 1.7ms
[160.947s][info][gc,phases   ] GC(75)   Post Evacuate Collection Set: 0.3ms
[160.947s][info][gc,phases   ] GC(75)   Other: 0.1ms
[160.947s][info][gc,heap     ] GC(75) Eden regions: 29->0(29)
[160.947s][info][gc,heap     ] GC(75) Survivor regions: 1->1(4)
[160.947s][info][gc,heap     ] GC(75) Old regions: 9->9
[160.947s][info][gc,heap     ] GC(75) Humongous regions: 1->1
[160.947s][info][gc,metaspace] GC(75) Metaspace: 54893K(56000K)->54893K(56000K) NonClass: 47618K(48256K)->47618K(48256K) Class: 7274K(7744K)->7274K(7744K)
[160.947s][info][gc          ] GC(75) Pause Young (Normal) (G1 Evacuation Pause) 155M->39M(200M) 2.388ms
[160.947s][info][gc,cpu      ] GC(75) User=0.01s Sys=0.00s Real=0.00s
[161.304s][info][gc,start    ] GC(76) Pause Young (Normal) (G1 Evacuation Pause)
[161.304s][info][gc,task     ] GC(76) Using 8 workers of 8 for evacuation
[161.306s][info][gc,phases   ] GC(76)   Pre Evacuate Collection Set: 0.1ms
[161.306s][info][gc,phases   ] GC(76)   Merge Heap Roots: 0.1ms
[161.306s][info][gc,phases   ] GC(76)   Evacuate Collection Set: 1.5ms
[161.306s][info][gc,phases   ] GC(76)   Post Evacuate Collection Set: 0.2ms
[161.306s][info][gc,phases   ] GC(76)   Other: 0.0ms
[161.306s][info][gc,heap     ] GC(76) Eden regions: 29->0(29)
[161.306s][info][gc,heap     ] GC(76) Survivor regions: 1->1(4)
[161.306s][info][gc,heap     ] GC(76) Old regions: 9->9
[161.306s][info][gc,heap     ] GC(76) Humongous regions: 1->1
[161.306s][info][gc,metaspace] GC(76) Metaspace: 54893K(56000K)->54893K(56000K) NonClass: 47618K(48256K)->47618K(48256K) Class: 7274K(7744K)->7274K(7744K)
[161.306s][info][gc          ] GC(76) Pause Young (Normal) (G1 Evacuation Pause) 155M->39M(200M) 2.080ms
[161.307s][info][gc,cpu      ] GC(76) User=0.00s Sys=0.00s Real=0.00s
[161.807s][info][gc,start    ] GC(77) Pause Young (Normal) (G1 Evacuation Pause)
[161.807s][info][gc,task     ] GC(77) Using 8 workers of 8 for evacuation
[161.809s][info][gc,phases   ] GC(77)   Pre Evacuate Collection Set: 0.1ms
[161.809s][info][gc,phases   ] GC(77)   Merge Heap Roots: 0.1ms
[161.809s][info][gc,phases   ] GC(77)   Evacuate Collection Set: 1.8ms
[161.809s][info][gc,phases   ] GC(77)   Post Evacuate Collection Set: 0.3ms
[161.809s][info][gc,phases   ] GC(77)   Other: 0.1ms
[161.809s][info][gc,heap     ] GC(77) Eden regions: 29->0(29)
[161.809s][info][gc,heap     ] GC(77) Survivor regions: 1->1(4)
[161.809s][info][gc,heap     ] GC(77) Old regions: 9->9
[161.809s][info][gc,heap     ] GC(77) Humongous regions: 1->1
[161.809s][info][gc,metaspace] GC(77) Metaspace: 54893K(56000K)->54893K(56000K) NonClass: 47618K(48256K)->47618K(48256K) Class: 7274K(7744K)->7274K(7744K)
[161.809s][info][gc          ] GC(77) Pause Young (Normal) (G1 Evacuation Pause) 155M->39M(200M) 2.625ms
[161.809s][info][gc,cpu      ] GC(77) User=0.01s Sys=0.00s Real=0.00s
[162.097s][info][gc,start    ] GC(78) Pause Young (Normal) (G1 Evacuation Pause)
[162.097s][info][gc,task     ] GC(78) Using 8 workers of 8 for evacuation
[162.099s][info][gc,phases   ] GC(78)   Pre Evacuate Collection Set: 0.1ms
[162.099s][info][gc,phases   ] GC(78)   Merge Heap Roots: 0.1ms
[162.099s][info][gc,phases   ] GC(78)   Evacuate Collection Set: 1.6ms
[162.099s][info][gc,phases   ] GC(78)   Post Evacuate Collection Set: 0.3ms
[162.099s][info][gc,phases   ] GC(78)   Other: 0.1ms
[162.099s][info][gc,heap     ] GC(78) Eden regions: 29->0(29)
[162.099s][info][gc,heap     ] GC(78) Survivor regions: 1->1(4)
[162.099s][info][gc,heap     ] GC(78) Old regions: 9->9
[162.099s][info][gc,heap     ] GC(78) Humongous regions: 1->1
[162.099s][info][gc,metaspace] GC(78) Metaspace: 54893K(56000K)->54893K(56000K) NonClass: 47618K(48256K)->47618K(48256K) Class: 7274K(7744K)->7274K(7744K)
[162.099s][info][gc          ] GC(78) Pause Young (Normal) (G1 Evacuation Pause) 155M->39M(200M) 2.187ms
[162.099s][info][gc,cpu      ] GC(78) User=0.01s Sys=0.00s Real=0.00s
[162.426s][info][gc,start    ] GC(79) Pause Young (Normal) (G1 Evacuation Pause)
[162.426s][info][gc,task     ] GC(79) Using 8 workers of 8 for evacuation
[162.428s][info][gc,phases   ] GC(79)   Pre Evacuate Collection Set: 0.1ms
[162.428s][info][gc,phases   ] GC(79)   Merge Heap Roots: 0.1ms
[162.428s][info][gc,phases   ] GC(79)   Evacuate Collection Set: 1.4ms
[162.428s][info][gc,phases   ] GC(79)   Post Evacuate Collection Set: 0.3ms
[162.428s][info][gc,phases   ] GC(79)   Other: 0.0ms
[162.428s][info][gc,heap     ] GC(79) Eden regions: 29->0(29)
[162.428s][info][gc,heap     ] GC(79) Survivor regions: 1->1(4)
[162.428s][info][gc,heap     ] GC(79) Old regions: 9->9
[162.428s][info][gc,heap     ] GC(79) Humongous regions: 1->1
[162.428s][info][gc,metaspace] GC(79) Metaspace: 54893K(56000K)->54893K(56000K) NonClass: 47618K(48256K)->47618K(48256K) Class: 7274K(7744K)->7274K(7744K)
[162.428s][info][gc          ] GC(79) Pause Young (Normal) (G1 Evacuation Pause) 155M->39M(200M) 1.950ms
[162.428s][info][gc,cpu      ] GC(79) User=0.01s Sys=0.00s Real=0.00s
[162.689s][info][gc,start    ] GC(80) Pause Young (Normal) (G1 Evacuation Pause)
[162.690s][info][gc,task     ] GC(80) Using 8 workers of 8 for evacuation
[162.692s][info][gc,phases   ] GC(80)   Pre Evacuate Collection Set: 0.1ms
[162.692s][info][gc,phases   ] GC(80)   Merge Heap Roots: 0.1ms
[162.692s][info][gc,phases   ] GC(80)   Evacuate Collection Set: 1.8ms
[162.692s][info][gc,phases   ] GC(80)   Post Evacuate Collection Set: 0.3ms
[162.692s][info][gc,phases   ] GC(80)   Other: 0.0ms
[162.692s][info][gc,heap     ] GC(80) Eden regions: 29->0(29)
[162.692s][info][gc,heap     ] GC(80) Survivor regions: 1->1(4)
[162.692s][info][gc,heap     ] GC(80) Old regions: 9->9
[162.692s][info][gc,heap     ] GC(80) Humongous regions: 1->1
[162.692s][info][gc,metaspace] GC(80) Metaspace: 54893K(56000K)->54893K(56000K) NonClass: 47618K(48256K)->47618K(48256K) Class: 7274K(7744K)->7274K(7744K)
[162.692s][info][gc          ] GC(80) Pause Young (Normal) (G1 Evacuation Pause) 155M->39M(200M) 2.508ms
[162.692s][info][gc,cpu      ] GC(80) User=0.00s Sys=0.00s Real=0.01s
[163.136s][info][gc,start    ] GC(81) Pause Young (Normal) (G1 Evacuation Pause)
[163.136s][info][gc,task     ] GC(81) Using 8 workers of 8 for evacuation
[163.138s][info][gc,phases   ] GC(81)   Pre Evacuate Collection Set: 0.1ms
[163.138s][info][gc,phases   ] GC(81)   Merge Heap Roots: 0.1ms
[163.138s][info][gc,phases   ] GC(81)   Evacuate Collection Set: 1.5ms
[163.138s][info][gc,phases   ] GC(81)   Post Evacuate Collection Set: 0.3ms
[163.138s][info][gc,phases   ] GC(81)   Other: 0.0ms
[163.138s][info][gc,heap     ] GC(81) Eden regions: 29->0(29)
[163.138s][info][gc,heap     ] GC(81) Survivor regions: 1->1(4)
[163.138s][info][gc,heap     ] GC(81) Old regions: 9->9
[163.138s][info][gc,heap     ] GC(81) Humongous regions: 1->1
[163.138s][info][gc,metaspace] GC(81) Metaspace: 54893K(56000K)->54893K(56000K) NonClass: 47618K(48256K)->47618K(48256K) Class: 7274K(7744K)->7274K(7744K)
[163.138s][info][gc          ] GC(81) Pause Young (Normal) (G1 Evacuation Pause) 155M->39M(200M) 2.214ms
[163.138s][info][gc,cpu      ] GC(81) User=0.01s Sys=0.00s Real=0.00s
[163.481s][info][gc,start    ] GC(82) Pause Young (Normal) (G1 Evacuation Pause)
[163.481s][info][gc,task     ] GC(82) Using 8 workers of 8 for evacuation
[163.483s][info][gc,phases   ] GC(82)   Pre Evacuate Collection Set: 0.1ms
[163.483s][info][gc,phases   ] GC(82)   Merge Heap Roots: 0.1ms
[163.483s][info][gc,phases   ] GC(82)   Evacuate Collection Set: 1.4ms
[163.483s][info][gc,phases   ] GC(82)   Post Evacuate Collection Set: 0.3ms
[163.483s][info][gc,phases   ] GC(82)   Other: 0.0ms
[163.483s][info][gc,heap     ] GC(82) Eden regions: 29->0(29)
[163.483s][info][gc,heap     ] GC(82) Survivor regions: 1->1(4)
[163.483s][info][gc,heap     ] GC(82) Old regions: 9->9
[163.483s][info][gc,heap     ] GC(82) Humongous regions: 1->1
[163.483s][info][gc,metaspace] GC(82) Metaspace: 54893K(56000K)->54893K(56000K) NonClass: 47618K(48256K)->47618K(48256K) Class: 7274K(7744K)->7274K(7744K)
[163.483s][info][gc          ] GC(82) Pause Young (Normal) (G1 Evacuation Pause) 155M->39M(200M) 2.010ms
[163.483s][info][gc,cpu      ] GC(82) User=0.01s Sys=0.01s Real=0.00s
[163.798s][info][gc,start    ] GC(83) Pause Young (Normal) (G1 Evacuation Pause)
[163.798s][info][gc,task     ] GC(83) Using 8 workers of 8 for evacuation
[163.800s][info][gc,phases   ] GC(83)   Pre Evacuate Collection Set: 0.1ms
[163.800s][info][gc,phases   ] GC(83)   Merge Heap Roots: 0.1ms
[163.800s][info][gc,phases   ] GC(83)   Evacuate Collection Set: 1.4ms
[163.800s][info][gc,phases   ] GC(83)   Post Evacuate Collection Set: 0.2ms
[163.800s][info][gc,phases   ] GC(83)   Other: 0.0ms
[163.800s][info][gc,heap     ] GC(83) Eden regions: 29->0(29)
[163.800s][info][gc,heap     ] GC(83) Survivor regions: 1->1(4)
[163.800s][info][gc,heap     ] GC(83) Old regions: 9->9
[163.800s][info][gc,heap     ] GC(83) Humongous regions: 1->1
[163.800s][info][gc,metaspace] GC(83) Metaspace: 54893K(56000K)->54893K(56000K) NonClass: 47618K(48256K)->47618K(48256K) Class: 7274K(7744K)->7274K(7744K)
[163.800s][info][gc          ] GC(83) Pause Young (Normal) (G1 Evacuation Pause) 155M->39M(200M) 2.020ms
[163.800s][info][gc,cpu      ] GC(83) User=0.01s Sys=0.00s Real=0.00s
[164.173s][info][gc,start    ] GC(84) Pause Young (Normal) (G1 Evacuation Pause)
[164.173s][info][gc,task     ] GC(84) Using 8 workers of 8 for evacuation
[164.175s][info][gc,phases   ] GC(84)   Pre Evacuate Collection Set: 0.1ms
[164.175s][info][gc,phases   ] GC(84)   Merge Heap Roots: 0.1ms
[164.175s][info][gc,phases   ] GC(84)   Evacuate Collection Set: 1.5ms
[164.175s][info][gc,phases   ] GC(84)   Post Evacuate Collection Set: 0.4ms
[164.175s][info][gc,phases   ] GC(84)   Other: 0.1ms
[164.175s][info][gc,heap     ] GC(84) Eden regions: 29->0(29)
[164.175s][info][gc,heap     ] GC(84) Survivor regions: 1->1(4)
[164.175s][info][gc,heap     ] GC(84) Old regions: 9->10
[164.175s][info][gc,heap     ] GC(84) Humongous regions: 1->1
[164.175s][info][gc,metaspace] GC(84) Metaspace: 54893K(56000K)->54893K(56000K) NonClass: 47618K(48256K)->47618K(48256K) Class: 7274K(7744K)->7274K(7744K)
[164.175s][info][gc          ] GC(84) Pause Young (Normal) (G1 Evacuation Pause) 155M->39M(200M) 2.393ms
[164.175s][info][gc,cpu      ] GC(84) User=0.00s Sys=0.00s Real=0.00s
[164.492s][info][gc,start    ] GC(85) Pause Young (Normal) (G1 Evacuation Pause)
[164.492s][info][gc,task     ] GC(85) Using 8 workers of 8 for evacuation
[164.496s][info][gc,phases   ] GC(85)   Pre Evacuate Collection Set: 0.1ms
[164.496s][info][gc,phases   ] GC(85)   Merge Heap Roots: 0.1ms
[164.496s][info][gc,phases   ] GC(85)   Evacuate Collection Set: 3.7ms
[164.496s][info][gc,phases   ] GC(85)   Post Evacuate Collection Set: 0.3ms
[164.496s][info][gc,phases   ] GC(85)   Other: 0.1ms
[164.496s][info][gc,heap     ] GC(85) Eden regions: 29->0(29)
[164.496s][info][gc,heap     ] GC(85) Survivor regions: 1->1(4)
[164.496s][info][gc,heap     ] GC(85) Old regions: 10->10
[164.496s][info][gc,heap     ] GC(85) Humongous regions: 1->1
[164.496s][info][gc,metaspace] GC(85) Metaspace: 54893K(56000K)->54893K(56000K) NonClass: 47618K(48256K)->47618K(48256K) Class: 7274K(7744K)->7274K(7744K)
[164.496s][info][gc          ] GC(85) Pause Young (Normal) (G1 Evacuation Pause) 155M->39M(200M) 4.661ms
[164.496s][info][gc,cpu      ] GC(85) User=0.01s Sys=0.00s Real=0.00s
[164.794s][info][gc,start    ] GC(86) Pause Young (Normal) (G1 Evacuation Pause)
[164.794s][info][gc,task     ] GC(86) Using 8 workers of 8 for evacuation
[164.796s][info][gc,phases   ] GC(86)   Pre Evacuate Collection Set: 0.1ms
[164.796s][info][gc,phases   ] GC(86)   Merge Heap Roots: 0.1ms
[164.796s][info][gc,phases   ] GC(86)   Evacuate Collection Set: 1.8ms
[164.796s][info][gc,phases   ] GC(86)   Post Evacuate Collection Set: 0.3ms
[164.796s][info][gc,phases   ] GC(86)   Other: 0.0ms
[164.796s][info][gc,heap     ] GC(86) Eden regions: 29->0(29)
[164.797s][info][gc,heap     ] GC(86) Survivor regions: 1->1(4)
[164.797s][info][gc,heap     ] GC(86) Old regions: 10->10
[164.797s][info][gc,heap     ] GC(86) Humongous regions: 1->1
[164.797s][info][gc,metaspace] GC(86) Metaspace: 54893K(56000K)->54893K(56000K) NonClass: 47618K(48256K)->47618K(48256K) Class: 7274K(7744K)->7274K(7744K)
[164.797s][info][gc          ] GC(86) Pause Young (Normal) (G1 Evacuation Pause) 155M->40M(200M) 2.630ms
[164.797s][info][gc,cpu      ] GC(86) User=0.01s Sys=0.00s Real=0.00s
[165.160s][info][gc,start    ] GC(87) Pause Young (Normal) (G1 Evacuation Pause)
[165.160s][info][gc,task     ] GC(87) Using 8 workers of 8 for evacuation
[165.162s][info][gc,phases   ] GC(87)   Pre Evacuate Collection Set: 0.1ms
[165.162s][info][gc,phases   ] GC(87)   Merge Heap Roots: 0.1ms
[165.162s][info][gc,phases   ] GC(87)   Evacuate Collection Set: 1.3ms
[165.162s][info][gc,phases   ] GC(87)   Post Evacuate Collection Set: 0.3ms
[165.162s][info][gc,phases   ] GC(87)   Other: 0.1ms
[165.162s][info][gc,heap     ] GC(87) Eden regions: 29->0(29)
[165.162s][info][gc,heap     ] GC(87) Survivor regions: 1->1(4)
[165.162s][info][gc,heap     ] GC(87) Old regions: 10->10
[165.162s][info][gc,heap     ] GC(87) Humongous regions: 1->1
[165.162s][info][gc,metaspace] GC(87) Metaspace: 54893K(56000K)->54893K(56000K) NonClass: 47618K(48256K)->47618K(48256K) Class: 7274K(7744K)->7274K(7744K)
[165.162s][info][gc          ] GC(87) Pause Young (Normal) (G1 Evacuation Pause) 156M->40M(200M) 1.996ms
[165.162s][info][gc,cpu      ] GC(87) User=0.01s Sys=0.01s Real=0.01s
[165.540s][info][gc,start    ] GC(88) Pause Young (Normal) (G1 Evacuation Pause)
[165.540s][info][gc,task     ] GC(88) Using 8 workers of 8 for evacuation
[165.544s][info][gc,phases   ] GC(88)   Pre Evacuate Collection Set: 0.1ms
[165.544s][info][gc,phases   ] GC(88)   Merge Heap Roots: 0.1ms
[165.544s][info][gc,phases   ] GC(88)   Evacuate Collection Set: 2.7ms
[165.544s][info][gc,phases   ] GC(88)   Post Evacuate Collection Set: 0.6ms
[165.544s][info][gc,phases   ] GC(88)   Other: 0.1ms
[165.544s][info][gc,heap     ] GC(88) Eden regions: 29->0(29)
[165.544s][info][gc,heap     ] GC(88) Survivor regions: 1->1(4)
[165.544s][info][gc,heap     ] GC(88) Old regions: 10->10
[165.544s][info][gc,heap     ] GC(88) Humongous regions: 1->1
[165.544s][info][gc,metaspace] GC(88) Metaspace: 54893K(56000K)->54893K(56000K) NonClass: 47618K(48256K)->47618K(48256K) Class: 7274K(7744K)->7274K(7744K)
[165.544s][info][gc          ] GC(88) Pause Young (Normal) (G1 Evacuation Pause) 156M->40M(200M) 3.967ms
[165.544s][info][gc,cpu      ] GC(88) User=0.01s Sys=0.00s Real=0.01s
[165.977s][info][gc,start    ] GC(89) Pause Young (Normal) (G1 Evacuation Pause)
[165.977s][info][gc,task     ] GC(89) Using 8 workers of 8 for evacuation
[165.980s][info][gc,phases   ] GC(89)   Pre Evacuate Collection Set: 0.2ms
[165.980s][info][gc,phases   ] GC(89)   Merge Heap Roots: 0.1ms
[165.981s][info][gc,phases   ] GC(89)   Evacuate Collection Set: 2.2ms
[165.981s][info][gc,phases   ] GC(89)   Post Evacuate Collection Set: 0.3ms
[165.981s][info][gc,phases   ] GC(89)   Other: 0.1ms
[165.981s][info][gc,heap     ] GC(89) Eden regions: 29->0(29)
[165.981s][info][gc,heap     ] GC(89) Survivor regions: 1->1(4)
[165.981s][info][gc,heap     ] GC(89) Old regions: 10->10
[165.981s][info][gc,heap     ] GC(89) Humongous regions: 1->1
[165.981s][info][gc,metaspace] GC(89) Metaspace: 54893K(56000K)->54893K(56000K) NonClass: 47618K(48256K)->47618K(48256K) Class: 7274K(7744K)->7274K(7744K)
[165.981s][info][gc          ] GC(89) Pause Young (Normal) (G1 Evacuation Pause) 156M->40M(200M) 3.346ms
[165.981s][info][gc,cpu      ] GC(89) User=0.01s Sys=0.01s Real=0.00s
[166.377s][info][gc,start    ] GC(90) Pause Young (Normal) (G1 Evacuation Pause)
[166.378s][info][gc,task     ] GC(90) Using 8 workers of 8 for evacuation
[166.380s][info][gc,phases   ] GC(90)   Pre Evacuate Collection Set: 0.1ms
[166.380s][info][gc,phases   ] GC(90)   Merge Heap Roots: 0.1ms
[166.380s][info][gc,phases   ] GC(90)   Evacuate Collection Set: 2.2ms
[166.380s][info][gc,phases   ] GC(90)   Post Evacuate Collection Set: 0.3ms
[166.380s][info][gc,phases   ] GC(90)   Other: 0.1ms
[166.380s][info][gc,heap     ] GC(90) Eden regions: 29->0(29)
[166.380s][info][gc,heap     ] GC(90) Survivor regions: 1->1(4)
[166.380s][info][gc,heap     ] GC(90) Old regions: 10->10
[166.380s][info][gc,heap     ] GC(90) Humongous regions: 1->1
[166.380s][info][gc,metaspace] GC(90) Metaspace: 54893K(56000K)->54893K(56000K) NonClass: 47618K(48256K)->47618K(48256K) Class: 7274K(7744K)->7274K(7744K)
[166.380s][info][gc          ] GC(90) Pause Young (Normal) (G1 Evacuation Pause) 156M->40M(200M) 2.907ms
[166.380s][info][gc,cpu      ] GC(90) User=0.01s Sys=0.00s Real=0.00s
[166.731s][info][gc,start    ] GC(91) Pause Young (Normal) (G1 Evacuation Pause)
[166.731s][info][gc,task     ] GC(91) Using 8 workers of 8 for evacuation
[166.733s][info][gc,phases   ] GC(91)   Pre Evacuate Collection Set: 0.1ms
[166.733s][info][gc,phases   ] GC(91)   Merge Heap Roots: 0.1ms
[166.733s][info][gc,phases   ] GC(91)   Evacuate Collection Set: 1.7ms
[166.733s][info][gc,phases   ] GC(91)   Post Evacuate Collection Set: 0.3ms
[166.733s][info][gc,phases   ] GC(91)   Other: 0.0ms
[166.733s][info][gc,heap     ] GC(91) Eden regions: 29->0(29)
[166.733s][info][gc,heap     ] GC(91) Survivor regions: 1->1(4)
[166.733s][info][gc,heap     ] GC(91) Old regions: 10->10
[166.733s][info][gc,heap     ] GC(91) Humongous regions: 1->1
[166.733s][info][gc,metaspace] GC(91) Metaspace: 54893K(56000K)->54893K(56000K) NonClass: 47618K(48256K)->47618K(48256K) Class: 7274K(7744K)->7274K(7744K)
[166.733s][info][gc          ] GC(91) Pause Young (Normal) (G1 Evacuation Pause) 156M->40M(200M) 2.307ms
[166.733s][info][gc,cpu      ] GC(91) User=0.01s Sys=0.00s Real=0.01s
[167.277s][info][gc,start    ] GC(92) Pause Young (Normal) (G1 Evacuation Pause)
[167.277s][info][gc,task     ] GC(92) Using 8 workers of 8 for evacuation
[167.279s][info][gc,phases   ] GC(92)   Pre Evacuate Collection Set: 0.1ms
[167.280s][info][gc,phases   ] GC(92)   Merge Heap Roots: 0.1ms
[167.280s][info][gc,phases   ] GC(92)   Evacuate Collection Set: 1.7ms
[167.280s][info][gc,phases   ] GC(92)   Post Evacuate Collection Set: 0.3ms
[167.280s][info][gc,phases   ] GC(92)   Other: 0.0ms
[167.280s][info][gc,heap     ] GC(92) Eden regions: 29->0(29)
[167.280s][info][gc,heap     ] GC(92) Survivor regions: 1->1(4)
[167.280s][info][gc,heap     ] GC(92) Old regions: 10->10
[167.280s][info][gc,heap     ] GC(92) Humongous regions: 1->1
[167.280s][info][gc,metaspace] GC(92) Metaspace: 54893K(56000K)->54893K(56000K) NonClass: 47618K(48256K)->47618K(48256K) Class: 7274K(7744K)->7274K(7744K)
[167.280s][info][gc          ] GC(92) Pause Young (Normal) (G1 Evacuation Pause) 156M->40M(200M) 2.313ms
[167.280s][info][gc,cpu      ] GC(92) User=0.01s Sys=0.00s Real=0.00s
[167.790s][info][gc,start    ] GC(93) Pause Young (Normal) (G1 Evacuation Pause)
[167.790s][info][gc,task     ] GC(93) Using 8 workers of 8 for evacuation
[167.792s][info][gc,phases   ] GC(93)   Pre Evacuate Collection Set: 0.1ms
[167.792s][info][gc,phases   ] GC(93)   Merge Heap Roots: 0.1ms
[167.792s][info][gc,phases   ] GC(93)   Evacuate Collection Set: 1.4ms
[167.792s][info][gc,phases   ] GC(93)   Post Evacuate Collection Set: 0.3ms
[167.792s][info][gc,phases   ] GC(93)   Other: 0.0ms
[167.792s][info][gc,heap     ] GC(93) Eden regions: 29->0(29)
[167.792s][info][gc,heap     ] GC(93) Survivor regions: 1->1(4)
[167.792s][info][gc,heap     ] GC(93) Old regions: 10->10
[167.792s][info][gc,heap     ] GC(93) Humongous regions: 1->1
[167.792s][info][gc,metaspace] GC(93) Metaspace: 54893K(56000K)->54893K(56000K) NonClass: 47618K(48256K)->47618K(48256K) Class: 7274K(7744K)->7274K(7744K)
[167.792s][info][gc          ] GC(93) Pause Young (Normal) (G1 Evacuation Pause) 156M->40M(200M) 1.935ms
[167.792s][info][gc,cpu      ] GC(93) User=0.01s Sys=0.00s Real=0.01s
[168.190s][info][gc,start    ] GC(94) Pause Young (Normal) (G1 Evacuation Pause)
[168.190s][info][gc,task     ] GC(94) Using 8 workers of 8 for evacuation
[168.193s][info][gc,phases   ] GC(94)   Pre Evacuate Collection Set: 0.1ms
[168.193s][info][gc,phases   ] GC(94)   Merge Heap Roots: 0.1ms
[168.193s][info][gc,phases   ] GC(94)   Evacuate Collection Set: 2.8ms
[168.193s][info][gc,phases   ] GC(94)   Post Evacuate Collection Set: 0.2ms
[168.193s][info][gc,phases   ] GC(94)   Other: 0.1ms
[168.194s][info][gc,heap     ] GC(94) Eden regions: 29->0(29)
[168.194s][info][gc,heap     ] GC(94) Survivor regions: 1->1(4)
[168.194s][info][gc,heap     ] GC(94) Old regions: 10->10
[168.194s][info][gc,heap     ] GC(94) Humongous regions: 1->1
[168.194s][info][gc,metaspace] GC(94) Metaspace: 54893K(56000K)->54893K(56000K) NonClass: 47618K(48256K)->47618K(48256K) Class: 7274K(7744K)->7274K(7744K)
[168.194s][info][gc          ] GC(94) Pause Young (Normal) (G1 Evacuation Pause) 156M->40M(200M) 3.419ms
[168.194s][info][gc,cpu      ] GC(94) User=0.01s Sys=0.00s Real=0.01s
[168.552s][info][gc,start    ] GC(95) Pause Young (Normal) (G1 Evacuation Pause)
[168.552s][info][gc,task     ] GC(95) Using 8 workers of 8 for evacuation
[168.554s][info][gc,phases   ] GC(95)   Pre Evacuate Collection Set: 0.1ms
[168.554s][info][gc,phases   ] GC(95)   Merge Heap Roots: 0.1ms
[168.554s][info][gc,phases   ] GC(95)   Evacuate Collection Set: 1.6ms
[168.554s][info][gc,phases   ] GC(95)   Post Evacuate Collection Set: 0.2ms
[168.554s][info][gc,phases   ] GC(95)   Other: 0.0ms
[168.554s][info][gc,heap     ] GC(95) Eden regions: 29->0(29)
[168.554s][info][gc,heap     ] GC(95) Survivor regions: 1->1(4)
[168.554s][info][gc,heap     ] GC(95) Old regions: 10->10
[168.554s][info][gc,heap     ] GC(95) Humongous regions: 1->1
[168.554s][info][gc,metaspace] GC(95) Metaspace: 54893K(56000K)->54893K(56000K) NonClass: 47618K(48256K)->47618K(48256K) Class: 7274K(7744K)->7274K(7744K)
[168.554s][info][gc          ] GC(95) Pause Young (Normal) (G1 Evacuation Pause) 156M->40M(200M) 2.120ms
[168.554s][info][gc,cpu      ] GC(95) User=0.01s Sys=0.00s Real=0.00s
[169.024s][info][gc,start    ] GC(96) Pause Young (Normal) (G1 Evacuation Pause)
[169.024s][info][gc,task     ] GC(96) Using 8 workers of 8 for evacuation
[169.026s][info][gc,phases   ] GC(96)   Pre Evacuate Collection Set: 0.1ms
[169.026s][info][gc,phases   ] GC(96)   Merge Heap Roots: 0.0ms
[169.026s][info][gc,phases   ] GC(96)   Evacuate Collection Set: 1.6ms
[169.026s][info][gc,phases   ] GC(96)   Post Evacuate Collection Set: 0.2ms
[169.026s][info][gc,phases   ] GC(96)   Other: 0.0ms
[169.026s][info][gc,heap     ] GC(96) Eden regions: 29->0(29)
[169.026s][info][gc,heap     ] GC(96) Survivor regions: 1->1(4)
[169.026s][info][gc,heap     ] GC(96) Old regions: 10->10
[169.026s][info][gc,heap     ] GC(96) Humongous regions: 1->1
[169.026s][info][gc,metaspace] GC(96) Metaspace: 54893K(56000K)->54893K(56000K) NonClass: 47618K(48256K)->47618K(48256K) Class: 7274K(7744K)->7274K(7744K)
[169.026s][info][gc          ] GC(96) Pause Young (Normal) (G1 Evacuation Pause) 156M->40M(200M) 2.066ms
[169.026s][info][gc,cpu      ] GC(96) User=0.01s Sys=0.00s Real=0.00s
[169.358s][info][gc,start    ] GC(97) Pause Young (Normal) (G1 Evacuation Pause)
[169.358s][info][gc,task     ] GC(97) Using 8 workers of 8 for evacuation
[169.360s][info][gc,phases   ] GC(97)   Pre Evacuate Collection Set: 0.1ms
[169.360s][info][gc,phases   ] GC(97)   Merge Heap Roots: 0.1ms
[169.360s][info][gc,phases   ] GC(97)   Evacuate Collection Set: 1.9ms
[169.360s][info][gc,phases   ] GC(97)   Post Evacuate Collection Set: 0.3ms
[169.360s][info][gc,phases   ] GC(97)   Other: 0.0ms
[169.360s][info][gc,heap     ] GC(97) Eden regions: 29->0(29)
[169.360s][info][gc,heap     ] GC(97) Survivor regions: 1->1(4)
[169.360s][info][gc,heap     ] GC(97) Old regions: 10->10
[169.360s][info][gc,heap     ] GC(97) Humongous regions: 1->1
[169.360s][info][gc,metaspace] GC(97) Metaspace: 54893K(56000K)->54893K(56000K) NonClass: 47618K(48256K)->47618K(48256K) Class: 7274K(7744K)->7274K(7744K)
[169.360s][info][gc          ] GC(97) Pause Young (Normal) (G1 Evacuation Pause) 156M->40M(200M) 2.525ms
[169.360s][info][gc,cpu      ] GC(97) User=0.01s Sys=0.00s Real=0.00s
[169.829s][info][gc,start    ] GC(98) Pause Young (Normal) (G1 Evacuation Pause)
[169.830s][info][gc,task     ] GC(98) Using 8 workers of 8 for evacuation
[169.832s][info][gc,phases   ] GC(98)   Pre Evacuate Collection Set: 0.1ms
[169.832s][info][gc,phases   ] GC(98)   Merge Heap Roots: 0.1ms
[169.832s][info][gc,phases   ] GC(98)   Evacuate Collection Set: 1.7ms
[169.832s][info][gc,phases   ] GC(98)   Post Evacuate Collection Set: 0.2ms
[169.832s][info][gc,phases   ] GC(98)   Other: 0.0ms
[169.832s][info][gc,heap     ] GC(98) Eden regions: 29->0(29)
[169.832s][info][gc,heap     ] GC(98) Survivor regions: 1->1(4)
[169.832s][info][gc,heap     ] GC(98) Old regions: 10->10
[169.832s][info][gc,heap     ] GC(98) Humongous regions: 1->1
[169.832s][info][gc,metaspace] GC(98) Metaspace: 54893K(56000K)->54893K(56000K) NonClass: 47618K(48256K)->47618K(48256K) Class: 7274K(7744K)->7274K(7744K)
[169.832s][info][gc          ] GC(98) Pause Young (Normal) (G1 Evacuation Pause) 156M->40M(200M) 2.401ms
[169.832s][info][gc,cpu      ] GC(98) User=0.01s Sys=0.00s Real=0.01s
[170.227s][info][gc,start    ] GC(99) Pause Young (Normal) (G1 Evacuation Pause)
[170.227s][info][gc,task     ] GC(99) Using 8 workers of 8 for evacuation
[170.229s][info][gc,phases   ] GC(99)   Pre Evacuate Collection Set: 0.1ms
[170.229s][info][gc,phases   ] GC(99)   Merge Heap Roots: 0.1ms
[170.229s][info][gc,phases   ] GC(99)   Evacuate Collection Set: 1.8ms
[170.229s][info][gc,phases   ] GC(99)   Post Evacuate Collection Set: 0.2ms
[170.229s][info][gc,phases   ] GC(99)   Other: 0.0ms
[170.229s][info][gc,heap     ] GC(99) Eden regions: 29->0(29)
[170.229s][info][gc,heap     ] GC(99) Survivor regions: 1->1(4)
[170.229s][info][gc,heap     ] GC(99) Old regions: 10->10
[170.229s][info][gc,heap     ] GC(99) Humongous regions: 1->1
[170.229s][info][gc,metaspace] GC(99) Metaspace: 54893K(56000K)->54893K(56000K) NonClass: 47618K(48256K)->47618K(48256K) Class: 7274K(7744K)->7274K(7744K)
[170.229s][info][gc          ] GC(99) Pause Young (Normal) (G1 Evacuation Pause) 156M->41M(200M) 2.403ms
[170.229s][info][gc,cpu      ] GC(99) User=0.01s Sys=0.00s Real=0.00s
[170.636s][info][gc,start    ] GC(100) Pause Young (Normal) (G1 Evacuation Pause)
[170.636s][info][gc,task     ] GC(100) Using 8 workers of 8 for evacuation
[170.638s][info][gc,phases   ] GC(100)   Pre Evacuate Collection Set: 0.1ms
[170.639s][info][gc,phases   ] GC(100)   Merge Heap Roots: 0.1ms
[170.639s][info][gc,phases   ] GC(100)   Evacuate Collection Set: 1.6ms
[170.639s][info][gc,phases   ] GC(100)   Post Evacuate Collection Set: 0.2ms
[170.639s][info][gc,phases   ] GC(100)   Other: 0.0ms
[170.639s][info][gc,heap     ] GC(100) Eden regions: 29->0(29)
[170.639s][info][gc,heap     ] GC(100) Survivor regions: 1->1(4)
[170.639s][info][gc,heap     ] GC(100) Old regions: 10->10
[170.639s][info][gc,heap     ] GC(100) Humongous regions: 1->1
[170.639s][info][gc,metaspace] GC(100) Metaspace: 54893K(56000K)->54893K(56000K) NonClass: 47618K(48256K)->47618K(48256K) Class: 7274K(7744K)->7274K(7744K)
[170.639s][info][gc          ] GC(100) Pause Young (Normal) (G1 Evacuation Pause) 157M->41M(200M) 2.139ms
[170.639s][info][gc,cpu      ] GC(100) User=0.01s Sys=0.00s Real=0.00s
[170.900s][info][gc,start    ] GC(101) Pause Young (Normal) (G1 Evacuation Pause)
[170.900s][info][gc,task     ] GC(101) Using 8 workers of 8 for evacuation
[170.903s][info][gc,phases   ] GC(101)   Pre Evacuate Collection Set: 0.1ms
[170.903s][info][gc,phases   ] GC(101)   Merge Heap Roots: 0.1ms
[170.903s][info][gc,phases   ] GC(101)   Evacuate Collection Set: 1.8ms
[170.903s][info][gc,phases   ] GC(101)   Post Evacuate Collection Set: 0.2ms
[170.903s][info][gc,phases   ] GC(101)   Other: 0.0ms
[170.903s][info][gc,heap     ] GC(101) Eden regions: 29->0(29)
[170.903s][info][gc,heap     ] GC(101) Survivor regions: 1->1(4)
[170.903s][info][gc,heap     ] GC(101) Old regions: 10->10
[170.903s][info][gc,heap     ] GC(101) Humongous regions: 1->1
[170.903s][info][gc,metaspace] GC(101) Metaspace: 54893K(56000K)->54893K(56000K) NonClass: 47618K(48256K)->47618K(48256K) Class: 7274K(7744K)->7274K(7744K)
[170.903s][info][gc          ] GC(101) Pause Young (Normal) (G1 Evacuation Pause) 157M->41M(200M) 2.383ms
[170.903s][info][gc,cpu      ] GC(101) User=0.01s Sys=0.01s Real=0.01s
[171.235s][info][gc,start    ] GC(102) Pause Young (Normal) (G1 Evacuation Pause)
[171.235s][info][gc,task     ] GC(102) Using 8 workers of 8 for evacuation
[171.237s][info][gc,phases   ] GC(102)   Pre Evacuate Collection Set: 0.1ms
[171.237s][info][gc,phases   ] GC(102)   Merge Heap Roots: 0.0ms
[171.237s][info][gc,phases   ] GC(102)   Evacuate Collection Set: 1.6ms
[171.237s][info][gc,phases   ] GC(102)   Post Evacuate Collection Set: 0.2ms
[171.237s][info][gc,phases   ] GC(102)   Other: 0.0ms
[171.237s][info][gc,heap     ] GC(102) Eden regions: 29->0(29)
[171.237s][info][gc,heap     ] GC(102) Survivor regions: 1->1(4)
[171.237s][info][gc,heap     ] GC(102) Old regions: 10->10
[171.237s][info][gc,heap     ] GC(102) Humongous regions: 1->1
[171.237s][info][gc,metaspace] GC(102) Metaspace: 54893K(56000K)->54893K(56000K) NonClass: 47618K(48256K)->47618K(48256K) Class: 7274K(7744K)->7274K(7744K)
[171.237s][info][gc          ] GC(102) Pause Young (Normal) (G1 Evacuation Pause) 157M->41M(200M) 2.172ms
[171.237s][info][gc,cpu      ] GC(102) User=0.01s Sys=0.00s Real=0.00s
[171.539s][info][gc,start    ] GC(103) Pause Young (Normal) (G1 Evacuation Pause)
[171.539s][info][gc,task     ] GC(103) Using 8 workers of 8 for evacuation
[171.541s][info][gc,phases   ] GC(103)   Pre Evacuate Collection Set: 0.1ms
[171.541s][info][gc,phases   ] GC(103)   Merge Heap Roots: 0.1ms
[171.541s][info][gc,phases   ] GC(103)   Evacuate Collection Set: 2.1ms
[171.541s][info][gc,phases   ] GC(103)   Post Evacuate Collection Set: 0.2ms
[171.541s][info][gc,phases   ] GC(103)   Other: 0.0ms
[171.541s][info][gc,heap     ] GC(103) Eden regions: 29->0(29)
[171.541s][info][gc,heap     ] GC(103) Survivor regions: 1->1(4)
[171.541s][info][gc,heap     ] GC(103) Old regions: 10->10
[171.541s][info][gc,heap     ] GC(103) Humongous regions: 1->1
[171.541s][info][gc,metaspace] GC(103) Metaspace: 54893K(56000K)->54893K(56000K) NonClass: 47618K(48256K)->47618K(48256K) Class: 7274K(7744K)->7274K(7744K)
[171.542s][info][gc          ] GC(103) Pause Young (Normal) (G1 Evacuation Pause) 157M->41M(200M) 2.897ms
[171.542s][info][gc,cpu      ] GC(103) User=0.01s Sys=0.00s Real=0.01s
[171.902s][info][gc,start    ] GC(104) Pause Young (Normal) (G1 Evacuation Pause)
[171.902s][info][gc,task     ] GC(104) Using 8 workers of 8 for evacuation
[171.904s][info][gc,phases   ] GC(104)   Pre Evacuate Collection Set: 0.1ms
[171.904s][info][gc,phases   ] GC(104)   Merge Heap Roots: 0.1ms
[171.904s][info][gc,phases   ] GC(104)   Evacuate Collection Set: 1.5ms
[171.904s][info][gc,phases   ] GC(104)   Post Evacuate Collection Set: 0.3ms
[171.904s][info][gc,phases   ] GC(104)   Other: 0.0ms
[171.904s][info][gc,heap     ] GC(104) Eden regions: 29->0(29)
[171.904s][info][gc,heap     ] GC(104) Survivor regions: 1->1(4)
[171.904s][info][gc,heap     ] GC(104) Old regions: 10->10
[171.904s][info][gc,heap     ] GC(104) Humongous regions: 1->1
[171.904s][info][gc,metaspace] GC(104) Metaspace: 54893K(56000K)->54893K(56000K) NonClass: 47618K(48256K)->47618K(48256K) Class: 7274K(7744K)->7274K(7744K)
[171.904s][info][gc          ] GC(104) Pause Young (Normal) (G1 Evacuation Pause) 157M->41M(200M) 2.260ms
[171.904s][info][gc,cpu      ] GC(104) User=0.01s Sys=0.00s Real=0.00s
[172.250s][info][gc,start    ] GC(105) Pause Young (Normal) (G1 Evacuation Pause)
[172.250s][info][gc,task     ] GC(105) Using 8 workers of 8 for evacuation
[172.252s][info][gc,phases   ] GC(105)   Pre Evacuate Collection Set: 0.1ms
[172.252s][info][gc,phases   ] GC(105)   Merge Heap Roots: 0.1ms
[172.252s][info][gc,phases   ] GC(105)   Evacuate Collection Set: 1.6ms
[172.252s][info][gc,phases   ] GC(105)   Post Evacuate Collection Set: 0.3ms
[172.252s][info][gc,phases   ] GC(105)   Other: 0.0ms
[172.252s][info][gc,heap     ] GC(105) Eden regions: 29->0(29)
[172.252s][info][gc,heap     ] GC(105) Survivor regions: 1->1(4)
[172.252s][info][gc,heap     ] GC(105) Old regions: 10->10
[172.252s][info][gc,heap     ] GC(105) Humongous regions: 1->1
[172.252s][info][gc,metaspace] GC(105) Metaspace: 54893K(56000K)->54893K(56000K) NonClass: 47618K(48256K)->47618K(48256K) Class: 7274K(7744K)->7274K(7744K)
[172.252s][info][gc          ] GC(105) Pause Young (Normal) (G1 Evacuation Pause) 157M->41M(200M) 2.299ms
[172.252s][info][gc,cpu      ] GC(105) User=0.01s Sys=0.01s Real=0.01s
[172.682s][info][gc,start    ] GC(106) Pause Young (Normal) (G1 Evacuation Pause)
[172.682s][info][gc,task     ] GC(106) Using 8 workers of 8 for evacuation
[172.684s][info][gc,phases   ] GC(106)   Pre Evacuate Collection Set: 0.1ms
[172.684s][info][gc,phases   ] GC(106)   Merge Heap Roots: 0.0ms
[172.684s][info][gc,phases   ] GC(106)   Evacuate Collection Set: 1.4ms
[172.684s][info][gc,phases   ] GC(106)   Post Evacuate Collection Set: 0.2ms
[172.684s][info][gc,phases   ] GC(106)   Other: 0.0ms
[172.684s][info][gc,heap     ] GC(106) Eden regions: 29->0(29)
[172.684s][info][gc,heap     ] GC(106) Survivor regions: 1->1(4)
[172.684s][info][gc,heap     ] GC(106) Old regions: 10->10
[172.684s][info][gc,heap     ] GC(106) Humongous regions: 1->1
[172.684s][info][gc,metaspace] GC(106) Metaspace: 54893K(56000K)->54893K(56000K) NonClass: 47618K(48256K)->47618K(48256K) Class: 7274K(7744K)->7274K(7744K)
[172.684s][info][gc          ] GC(106) Pause Young (Normal) (G1 Evacuation Pause) 157M->41M(200M) 1.961ms
[172.684s][info][gc,cpu      ] GC(106) User=0.01s Sys=0.01s Real=0.00s
[173.033s][info][gc,start    ] GC(107) Pause Young (Normal) (G1 Evacuation Pause)
[173.033s][info][gc,task     ] GC(107) Using 8 workers of 8 for evacuation
[173.035s][info][gc,phases   ] GC(107)   Pre Evacuate Collection Set: 0.1ms
[173.035s][info][gc,phases   ] GC(107)   Merge Heap Roots: 0.0ms
[173.035s][info][gc,phases   ] GC(107)   Evacuate Collection Set: 1.5ms
[173.035s][info][gc,phases   ] GC(107)   Post Evacuate Collection Set: 0.3ms
[173.035s][info][gc,phases   ] GC(107)   Other: 0.1ms
[173.035s][info][gc,heap     ] GC(107) Eden regions: 29->0(29)
[173.035s][info][gc,heap     ] GC(107) Survivor regions: 1->1(4)
[173.035s][info][gc,heap     ] GC(107) Old regions: 10->10
[173.035s][info][gc,heap     ] GC(107) Humongous regions: 1->1
[173.035s][info][gc,metaspace] GC(107) Metaspace: 54893K(56000K)->54893K(56000K) NonClass: 47618K(48256K)->47618K(48256K) Class: 7274K(7744K)->7274K(7744K)
[173.035s][info][gc          ] GC(107) Pause Young (Normal) (G1 Evacuation Pause) 157M->41M(200M) 2.119ms
[173.035s][info][gc,cpu      ] GC(107) User=0.01s Sys=0.00s Real=0.00s
[173.359s][info][gc,start    ] GC(108) Pause Young (Normal) (G1 Evacuation Pause)
[173.359s][info][gc,task     ] GC(108) Using 8 workers of 8 for evacuation
[173.361s][info][gc,phases   ] GC(108)   Pre Evacuate Collection Set: 0.1ms
[173.361s][info][gc,phases   ] GC(108)   Merge Heap Roots: 0.1ms
[173.361s][info][gc,phases   ] GC(108)   Evacuate Collection Set: 1.5ms
[173.361s][info][gc,phases   ] GC(108)   Post Evacuate Collection Set: 0.3ms
[173.361s][info][gc,phases   ] GC(108)   Other: 0.0ms
[173.361s][info][gc,heap     ] GC(108) Eden regions: 29->0(29)
[173.361s][info][gc,heap     ] GC(108) Survivor regions: 1->1(4)
[173.361s][info][gc,heap     ] GC(108) Old regions: 10->10
[173.361s][info][gc,heap     ] GC(108) Humongous regions: 1->1
[173.361s][info][gc,metaspace] GC(108) Metaspace: 54893K(56000K)->54893K(56000K) NonClass: 47618K(48256K)->47618K(48256K) Class: 7274K(7744K)->7274K(7744K)
[173.361s][info][gc          ] GC(108) Pause Young (Normal) (G1 Evacuation Pause) 157M->41M(200M) 2.172ms
[173.361s][info][gc,cpu      ] GC(108) User=0.01s Sys=0.00s Real=0.01s
[173.596s][info][gc,start    ] GC(109) Pause Young (Normal) (G1 Evacuation Pause)
[173.596s][info][gc,task     ] GC(109) Using 8 workers of 8 for evacuation
[173.598s][info][gc,phases   ] GC(109)   Pre Evacuate Collection Set: 0.1ms
[173.598s][info][gc,phases   ] GC(109)   Merge Heap Roots: 0.1ms
[173.598s][info][gc,phases   ] GC(109)   Evacuate Collection Set: 1.7ms
[173.598s][info][gc,phases   ] GC(109)   Post Evacuate Collection Set: 0.3ms
[173.598s][info][gc,phases   ] GC(109)   Other: 0.0ms
[173.598s][info][gc,heap     ] GC(109) Eden regions: 29->0(29)
[173.598s][info][gc,heap     ] GC(109) Survivor regions: 1->1(4)
[173.598s][info][gc,heap     ] GC(109) Old regions: 10->10
[173.598s][info][gc,heap     ] GC(109) Humongous regions: 1->1
[173.598s][info][gc,metaspace] GC(109) Metaspace: 54893K(56000K)->54893K(56000K) NonClass: 47618K(48256K)->47618K(48256K) Class: 7274K(7744K)->7274K(7744K)
[173.598s][info][gc          ] GC(109) Pause Young (Normal) (G1 Evacuation Pause) 157M->41M(200M) 2.266ms
[173.598s][info][gc,cpu      ] GC(109) User=0.01s Sys=0.01s Real=0.00s
[173.933s][info][gc,start    ] GC(110) Pause Young (Normal) (G1 Evacuation Pause)
[173.933s][info][gc,task     ] GC(110) Using 8 workers of 8 for evacuation
[173.935s][info][gc,phases   ] GC(110)   Pre Evacuate Collection Set: 0.1ms
[173.935s][info][gc,phases   ] GC(110)   Merge Heap Roots: 0.1ms
[173.935s][info][gc,phases   ] GC(110)   Evacuate Collection Set: 1.6ms
[173.935s][info][gc,phases   ] GC(110)   Post Evacuate Collection Set: 0.3ms
[173.935s][info][gc,phases   ] GC(110)   Other: 0.0ms
[173.935s][info][gc,heap     ] GC(110) Eden regions: 29->0(29)
[173.935s][info][gc,heap     ] GC(110) Survivor regions: 1->1(4)
[173.935s][info][gc,heap     ] GC(110) Old regions: 10->10
[173.935s][info][gc,heap     ] GC(110) Humongous regions: 1->1
[173.935s][info][gc,metaspace] GC(110) Metaspace: 54893K(56000K)->54893K(56000K) NonClass: 47618K(48256K)->47618K(48256K) Class: 7274K(7744K)->7274K(7744K)
[173.935s][info][gc          ] GC(110) Pause Young (Normal) (G1 Evacuation Pause) 157M->41M(200M) 2.212ms
[173.935s][info][gc,cpu      ] GC(110) User=0.00s Sys=0.00s Real=0.00s
[174.276s][info][gc,start    ] GC(111) Pause Young (Normal) (G1 Evacuation Pause)
[174.276s][info][gc,task     ] GC(111) Using 8 workers of 8 for evacuation
[174.278s][info][gc,phases   ] GC(111)   Pre Evacuate Collection Set: 0.1ms
[174.278s][info][gc,phases   ] GC(111)   Merge Heap Roots: 0.1ms
[174.278s][info][gc,phases   ] GC(111)   Evacuate Collection Set: 1.5ms
[174.278s][info][gc,phases   ] GC(111)   Post Evacuate Collection Set: 0.2ms
[174.278s][info][gc,phases   ] GC(111)   Other: 0.0ms
[174.278s][info][gc,heap     ] GC(111) Eden regions: 29->0(29)
[174.278s][info][gc,heap     ] GC(111) Survivor regions: 1->1(4)
[174.278s][info][gc,heap     ] GC(111) Old regions: 10->10
[174.278s][info][gc,heap     ] GC(111) Humongous regions: 1->1
[174.278s][info][gc,metaspace] GC(111) Metaspace: 54893K(56000K)->54893K(56000K) NonClass: 47618K(48256K)->47618K(48256K) Class: 7274K(7744K)->7274K(7744K)
[174.278s][info][gc          ] GC(111) Pause Young (Normal) (G1 Evacuation Pause) 157M->41M(200M) 2.015ms
[174.278s][info][gc,cpu      ] GC(111) User=0.01s Sys=0.00s Real=0.00s
[174.646s][info][gc,start    ] GC(112) Pause Young (Normal) (G1 Evacuation Pause)
[174.646s][info][gc,task     ] GC(112) Using 8 workers of 8 for evacuation
[174.648s][info][gc,phases   ] GC(112)   Pre Evacuate Collection Set: 0.1ms
[174.648s][info][gc,phases   ] GC(112)   Merge Heap Roots: 0.1ms
[174.648s][info][gc,phases   ] GC(112)   Evacuate Collection Set: 1.5ms
[174.648s][info][gc,phases   ] GC(112)   Post Evacuate Collection Set: 0.3ms
[174.648s][info][gc,phases   ] GC(112)   Other: 0.0ms
[174.648s][info][gc,heap     ] GC(112) Eden regions: 29->0(29)
[174.648s][info][gc,heap     ] GC(112) Survivor regions: 1->1(4)
[174.648s][info][gc,heap     ] GC(112) Old regions: 10->10
[174.648s][info][gc,heap     ] GC(112) Humongous regions: 1->1
[174.648s][info][gc,metaspace] GC(112) Metaspace: 54893K(56000K)->54893K(56000K) NonClass: 47618K(48256K)->47618K(48256K) Class: 7274K(7744K)->7274K(7744K)
[174.648s][info][gc          ] GC(112) Pause Young (Normal) (G1 Evacuation Pause) 157M->41M(200M) 2.357ms
[174.648s][info][gc,cpu      ] GC(112) User=0.01s Sys=0.01s Real=0.00s
[175.015s][info][gc,start    ] GC(113) Pause Young (Normal) (G1 Evacuation Pause)
[175.015s][info][gc,task     ] GC(113) Using 8 workers of 8 for evacuation
[175.017s][info][gc,phases   ] GC(113)   Pre Evacuate Collection Set: 0.1ms
[175.017s][info][gc,phases   ] GC(113)   Merge Heap Roots: 0.1ms
[175.017s][info][gc,phases   ] GC(113)   Evacuate Collection Set: 1.6ms
[175.017s][info][gc,phases   ] GC(113)   Post Evacuate Collection Set: 0.2ms
[175.017s][info][gc,phases   ] GC(113)   Other: 0.0ms
[175.017s][info][gc,heap     ] GC(113) Eden regions: 29->0(29)
[175.017s][info][gc,heap     ] GC(113) Survivor regions: 1->1(4)
[175.017s][info][gc,heap     ] GC(113) Old regions: 10->10
[175.017s][info][gc,heap     ] GC(113) Humongous regions: 1->1
[175.017s][info][gc,metaspace] GC(113) Metaspace: 54899K(56000K)->54899K(56000K) NonClass: 47622K(48256K)->47622K(48256K) Class: 7277K(7744K)->7277K(7744K)
[175.017s][info][gc          ] GC(113) Pause Young (Normal) (G1 Evacuation Pause) 157M->41M(200M) 2.234ms
[175.017s][info][gc,cpu      ] GC(113) User=0.00s Sys=0.00s Real=0.00s
[175.341s][info][gc,start    ] GC(114) Pause Young (Normal) (G1 Evacuation Pause)
[175.342s][info][gc,task     ] GC(114) Using 8 workers of 8 for evacuation
[175.345s][info][gc,phases   ] GC(114)   Pre Evacuate Collection Set: 0.1ms
[175.345s][info][gc,phases   ] GC(114)   Merge Heap Roots: 0.1ms
[175.345s][info][gc,phases   ] GC(114)   Evacuate Collection Set: 2.8ms
[175.345s][info][gc,phases   ] GC(114)   Post Evacuate Collection Set: 0.5ms
[175.345s][info][gc,phases   ] GC(114)   Other: 0.0ms
[175.345s][info][gc,heap     ] GC(114) Eden regions: 29->0(29)
[175.345s][info][gc,heap     ] GC(114) Survivor regions: 1->1(4)
[175.345s][info][gc,heap     ] GC(114) Old regions: 10->10
[175.345s][info][gc,heap     ] GC(114) Humongous regions: 1->1
[175.345s][info][gc,metaspace] GC(114) Metaspace: 54899K(56000K)->54899K(56000K) NonClass: 47622K(48256K)->47622K(48256K) Class: 7277K(7744K)->7277K(7744K)
[175.345s][info][gc          ] GC(114) Pause Young (Normal) (G1 Evacuation Pause) 157M->41M(200M) 3.719ms
[175.345s][info][gc,cpu      ] GC(114) User=0.01s Sys=0.00s Real=0.00s
[175.759s][info][gc,start    ] GC(115) Pause Young (Normal) (G1 Evacuation Pause)
[175.759s][info][gc,task     ] GC(115) Using 8 workers of 8 for evacuation
[175.761s][info][gc,phases   ] GC(115)   Pre Evacuate Collection Set: 0.1ms
[175.761s][info][gc,phases   ] GC(115)   Merge Heap Roots: 0.1ms
[175.761s][info][gc,phases   ] GC(115)   Evacuate Collection Set: 1.4ms
[175.761s][info][gc,phases   ] GC(115)   Post Evacuate Collection Set: 0.2ms
[175.761s][info][gc,phases   ] GC(115)   Other: 0.0ms
[175.761s][info][gc,heap     ] GC(115) Eden regions: 29->0(29)
[175.761s][info][gc,heap     ] GC(115) Survivor regions: 1->1(4)
[175.761s][info][gc,heap     ] GC(115) Old regions: 10->10
[175.761s][info][gc,heap     ] GC(115) Humongous regions: 1->1
[175.761s][info][gc,metaspace] GC(115) Metaspace: 54899K(56000K)->54899K(56000K) NonClass: 47622K(48256K)->47622K(48256K) Class: 7277K(7744K)->7277K(7744K)
[175.761s][info][gc          ] GC(115) Pause Young (Normal) (G1 Evacuation Pause) 157M->41M(200M) 1.974ms
[175.761s][info][gc,cpu      ] GC(115) User=0.01s Sys=0.00s Real=0.01s
[176.038s][info][gc,start    ] GC(116) Pause Young (Normal) (G1 Evacuation Pause)
[176.038s][info][gc,task     ] GC(116) Using 8 workers of 8 for evacuation
[176.040s][info][gc,phases   ] GC(116)   Pre Evacuate Collection Set: 0.1ms
[176.040s][info][gc,phases   ] GC(116)   Merge Heap Roots: 0.1ms
[176.040s][info][gc,phases   ] GC(116)   Evacuate Collection Set: 1.6ms
[176.040s][info][gc,phases   ] GC(116)   Post Evacuate Collection Set: 0.2ms
[176.040s][info][gc,phases   ] GC(116)   Other: 0.0ms
[176.040s][info][gc,heap     ] GC(116) Eden regions: 29->0(29)
[176.040s][info][gc,heap     ] GC(116) Survivor regions: 1->1(4)
[176.040s][info][gc,heap     ] GC(116) Old regions: 10->10
[176.040s][info][gc,heap     ] GC(116) Humongous regions: 1->1
[176.040s][info][gc,metaspace] GC(116) Metaspace: 54899K(56000K)->54899K(56000K) NonClass: 47622K(48256K)->47622K(48256K) Class: 7277K(7744K)->7277K(7744K)
[176.040s][info][gc          ] GC(116) Pause Young (Normal) (G1 Evacuation Pause) 157M->41M(200M) 2.205ms
[176.040s][info][gc,cpu      ] GC(116) User=0.01s Sys=0.00s Real=0.00s
[176.283s][info][gc,start    ] GC(117) Pause Young (Normal) (G1 Evacuation Pause)
[176.283s][info][gc,task     ] GC(117) Using 8 workers of 8 for evacuation
[176.285s][info][gc,phases   ] GC(117)   Pre Evacuate Collection Set: 0.1ms
[176.285s][info][gc,phases   ] GC(117)   Merge Heap Roots: 0.1ms
[176.285s][info][gc,phases   ] GC(117)   Evacuate Collection Set: 1.7ms
[176.285s][info][gc,phases   ] GC(117)   Post Evacuate Collection Set: 0.3ms
[176.285s][info][gc,phases   ] GC(117)   Other: 0.0ms
[176.285s][info][gc,heap     ] GC(117) Eden regions: 29->0(29)
[176.285s][info][gc,heap     ] GC(117) Survivor regions: 1->1(4)
[176.285s][info][gc,heap     ] GC(117) Old regions: 10->10
[176.285s][info][gc,heap     ] GC(117) Humongous regions: 1->1
[176.285s][info][gc,metaspace] GC(117) Metaspace: 54899K(56000K)->54899K(56000K) NonClass: 47622K(48256K)->47622K(48256K) Class: 7277K(7744K)->7277K(7744K)
[176.285s][info][gc          ] GC(117) Pause Young (Normal) (G1 Evacuation Pause) 157M->42M(200M) 2.320ms
[176.285s][info][gc,cpu      ] GC(117) User=0.00s Sys=0.00s Real=0.00s
[176.581s][info][gc,start    ] GC(118) Pause Young (Normal) (G1 Evacuation Pause)
[176.581s][info][gc,task     ] GC(118) Using 8 workers of 8 for evacuation
[176.583s][info][gc,phases   ] GC(118)   Pre Evacuate Collection Set: 0.2ms
[176.583s][info][gc,phases   ] GC(118)   Merge Heap Roots: 0.1ms
[176.583s][info][gc,phases   ] GC(118)   Evacuate Collection Set: 1.5ms
[176.583s][info][gc,phases   ] GC(118)   Post Evacuate Collection Set: 0.2ms
[176.583s][info][gc,phases   ] GC(118)   Other: 0.0ms
[176.583s][info][gc,heap     ] GC(118) Eden regions: 29->0(29)
[176.583s][info][gc,heap     ] GC(118) Survivor regions: 1->1(4)
[176.583s][info][gc,heap     ] GC(118) Old regions: 10->10
[176.583s][info][gc,heap     ] GC(118) Humongous regions: 1->1
[176.583s][info][gc,metaspace] GC(118) Metaspace: 54899K(56000K)->54899K(56000K) NonClass: 47622K(48256K)->47622K(48256K) Class: 7277K(7744K)->7277K(7744K)
[176.583s][info][gc          ] GC(118) Pause Young (Normal) (G1 Evacuation Pause) 158M->42M(200M) 2.170ms
[176.583s][info][gc,cpu      ] GC(118) User=0.01s Sys=0.00s Real=0.01s
[176.880s][info][gc,start    ] GC(119) Pause Young (Normal) (G1 Evacuation Pause)
[176.880s][info][gc,task     ] GC(119) Using 8 workers of 8 for evacuation
[176.882s][info][gc,phases   ] GC(119)   Pre Evacuate Collection Set: 0.1ms
[176.882s][info][gc,phases   ] GC(119)   Merge Heap Roots: 0.1ms
[176.882s][info][gc,phases   ] GC(119)   Evacuate Collection Set: 1.4ms
[176.882s][info][gc,phases   ] GC(119)   Post Evacuate Collection Set: 0.3ms
[176.882s][info][gc,phases   ] GC(119)   Other: 0.0ms
[176.882s][info][gc,heap     ] GC(119) Eden regions: 29->0(29)
[176.882s][info][gc,heap     ] GC(119) Survivor regions: 1->1(4)
[176.882s][info][gc,heap     ] GC(119) Old regions: 10->10
[176.882s][info][gc,heap     ] GC(119) Humongous regions: 1->1
[176.882s][info][gc,metaspace] GC(119) Metaspace: 54899K(56000K)->54899K(56000K) NonClass: 47622K(48256K)->47622K(48256K) Class: 7277K(7744K)->7277K(7744K)
[176.882s][info][gc          ] GC(119) Pause Young (Normal) (G1 Evacuation Pause) 158M->42M(200M) 2.036ms
[176.882s][info][gc,cpu      ] GC(119) User=0.01s Sys=0.01s Real=0.01s
[177.184s][info][gc,start    ] GC(120) Pause Young (Normal) (G1 Evacuation Pause)
[177.184s][info][gc,task     ] GC(120) Using 8 workers of 8 for evacuation
[177.186s][info][gc,phases   ] GC(120)   Pre Evacuate Collection Set: 0.1ms
[177.186s][info][gc,phases   ] GC(120)   Merge Heap Roots: 0.1ms
[177.186s][info][gc,phases   ] GC(120)   Evacuate Collection Set: 1.6ms
[177.186s][info][gc,phases   ] GC(120)   Post Evacuate Collection Set: 0.3ms
[177.186s][info][gc,phases   ] GC(120)   Other: 0.0ms
[177.186s][info][gc,heap     ] GC(120) Eden regions: 29->0(29)
[177.186s][info][gc,heap     ] GC(120) Survivor regions: 1->1(4)
[177.186s][info][gc,heap     ] GC(120) Old regions: 10->10
[177.186s][info][gc,heap     ] GC(120) Humongous regions: 1->1
[177.186s][info][gc,metaspace] GC(120) Metaspace: 54899K(56000K)->54899K(56000K) NonClass: 47622K(48256K)->47622K(48256K) Class: 7277K(7744K)->7277K(7744K)
[177.186s][info][gc          ] GC(120) Pause Young (Normal) (G1 Evacuation Pause) 158M->42M(200M) 2.182ms
[177.186s][info][gc,cpu      ] GC(120) User=0.01s Sys=0.00s Real=0.00s
[177.470s][info][gc,start    ] GC(121) Pause Young (Normal) (G1 Evacuation Pause)
[177.470s][info][gc,task     ] GC(121) Using 8 workers of 8 for evacuation
[177.472s][info][gc,phases   ] GC(121)   Pre Evacuate Collection Set: 0.1ms
[177.472s][info][gc,phases   ] GC(121)   Merge Heap Roots: 0.1ms
[177.472s][info][gc,phases   ] GC(121)   Evacuate Collection Set: 1.3ms
[177.472s][info][gc,phases   ] GC(121)   Post Evacuate Collection Set: 0.2ms
[177.472s][info][gc,phases   ] GC(121)   Other: 0.0ms
[177.472s][info][gc,heap     ] GC(121) Eden regions: 29->0(29)
[177.472s][info][gc,heap     ] GC(121) Survivor regions: 1->1(4)
[177.472s][info][gc,heap     ] GC(121) Old regions: 10->10
[177.472s][info][gc,heap     ] GC(121) Humongous regions: 1->1
[177.472s][info][gc,metaspace] GC(121) Metaspace: 54899K(56000K)->54899K(56000K) NonClass: 47622K(48256K)->47622K(48256K) Class: 7277K(7744K)->7277K(7744K)
[177.472s][info][gc          ] GC(121) Pause Young (Normal) (G1 Evacuation Pause) 158M->42M(200M) 1.887ms
[177.472s][info][gc,cpu      ] GC(121) User=0.00s Sys=0.00s Real=0.01s
[177.761s][info][gc,start    ] GC(122) Pause Young (Normal) (G1 Evacuation Pause)
[177.761s][info][gc,task     ] GC(122) Using 8 workers of 8 for evacuation
[177.763s][info][gc,phases   ] GC(122)   Pre Evacuate Collection Set: 0.1ms
[177.763s][info][gc,phases   ] GC(122)   Merge Heap Roots: 0.1ms
[177.763s][info][gc,phases   ] GC(122)   Evacuate Collection Set: 1.7ms
[177.763s][info][gc,phases   ] GC(122)   Post Evacuate Collection Set: 0.2ms
[177.763s][info][gc,phases   ] GC(122)   Other: 0.0ms
[177.763s][info][gc,heap     ] GC(122) Eden regions: 29->0(29)
[177.763s][info][gc,heap     ] GC(122) Survivor regions: 1->1(4)
[177.763s][info][gc,heap     ] GC(122) Old regions: 10->10
[177.763s][info][gc,heap     ] GC(122) Humongous regions: 1->1
[177.763s][info][gc,metaspace] GC(122) Metaspace: 54899K(56000K)->54899K(56000K) NonClass: 47622K(48256K)->47622K(48256K) Class: 7277K(7744K)->7277K(7744K)
[177.763s][info][gc          ] GC(122) Pause Young (Normal) (G1 Evacuation Pause) 158M->42M(200M) 2.290ms
[177.763s][info][gc,cpu      ] GC(122) User=0.00s Sys=0.00s Real=0.01s
[178.150s][info][gc,start    ] GC(123) Pause Young (Normal) (G1 Evacuation Pause)
[178.150s][info][gc,task     ] GC(123) Using 8 workers of 8 for evacuation
[178.152s][info][gc,phases   ] GC(123)   Pre Evacuate Collection Set: 0.1ms
[178.152s][info][gc,phases   ] GC(123)   Merge Heap Roots: 0.1ms
[178.152s][info][gc,phases   ] GC(123)   Evacuate Collection Set: 1.5ms
[178.152s][info][gc,phases   ] GC(123)   Post Evacuate Collection Set: 0.3ms
[178.152s][info][gc,phases   ] GC(123)   Other: 0.0ms
[178.152s][info][gc,heap     ] GC(123) Eden regions: 29->0(29)
[178.152s][info][gc,heap     ] GC(123) Survivor regions: 1->1(4)
[178.152s][info][gc,heap     ] GC(123) Old regions: 10->10
[178.152s][info][gc,heap     ] GC(123) Humongous regions: 1->1
[178.152s][info][gc,metaspace] GC(123) Metaspace: 54899K(56000K)->54899K(56000K) NonClass: 47622K(48256K)->47622K(48256K) Class: 7277K(7744K)->7277K(7744K)
[178.152s][info][gc          ] GC(123) Pause Young (Normal) (G1 Evacuation Pause) 158M->42M(200M) 2.115ms
[178.152s][info][gc,cpu      ] GC(123) User=0.01s Sys=0.00s Real=0.01s
[178.597s][info][gc,start    ] GC(124) Pause Young (Normal) (G1 Evacuation Pause)
[178.597s][info][gc,task     ] GC(124) Using 8 workers of 8 for evacuation
[178.599s][info][gc,phases   ] GC(124)   Pre Evacuate Collection Set: 0.1ms
[178.599s][info][gc,phases   ] GC(124)   Merge Heap Roots: 0.1ms
[178.599s][info][gc,phases   ] GC(124)   Evacuate Collection Set: 1.4ms
[178.599s][info][gc,phases   ] GC(124)   Post Evacuate Collection Set: 0.3ms
[178.599s][info][gc,phases   ] GC(124)   Other: 0.1ms
[178.599s][info][gc,heap     ] GC(124) Eden regions: 29->0(29)
[178.599s][info][gc,heap     ] GC(124) Survivor regions: 1->1(4)
[178.599s][info][gc,heap     ] GC(124) Old regions: 10->10
[178.599s][info][gc,heap     ] GC(124) Humongous regions: 1->1
[178.599s][info][gc,metaspace] GC(124) Metaspace: 54899K(56000K)->54899K(56000K) NonClass: 47622K(48256K)->47622K(48256K) Class: 7277K(7744K)->7277K(7744K)
[178.599s][info][gc          ] GC(124) Pause Young (Normal) (G1 Evacuation Pause) 158M->42M(200M) 2.173ms
[178.599s][info][gc,cpu      ] GC(124) User=0.01s Sys=0.00s Real=0.00s
[178.928s][info][gc,start    ] GC(125) Pause Young (Normal) (G1 Evacuation Pause)
[178.928s][info][gc,task     ] GC(125) Using 8 workers of 8 for evacuation
[178.930s][info][gc,phases   ] GC(125)   Pre Evacuate Collection Set: 0.1ms
[178.930s][info][gc,phases   ] GC(125)   Merge Heap Roots: 0.1ms
[178.930s][info][gc,phases   ] GC(125)   Evacuate Collection Set: 1.4ms
[178.930s][info][gc,phases   ] GC(125)   Post Evacuate Collection Set: 0.3ms
[178.930s][info][gc,phases   ] GC(125)   Other: 0.0ms
[178.930s][info][gc,heap     ] GC(125) Eden regions: 29->0(29)
[178.930s][info][gc,heap     ] GC(125) Survivor regions: 1->1(4)
[178.930s][info][gc,heap     ] GC(125) Old regions: 10->10
[178.930s][info][gc,heap     ] GC(125) Humongous regions: 1->1
[178.930s][info][gc,metaspace] GC(125) Metaspace: 54899K(56000K)->54899K(56000K) NonClass: 47622K(48256K)->47622K(48256K) Class: 7277K(7744K)->7277K(7744K)
[178.930s][info][gc          ] GC(125) Pause Young (Normal) (G1 Evacuation Pause) 158M->42M(200M) 2.048ms
[178.930s][info][gc,cpu      ] GC(125) User=0.01s Sys=0.00s Real=0.00s
[179.343s][info][gc,start    ] GC(126) Pause Young (Normal) (G1 Evacuation Pause)
[179.343s][info][gc,task     ] GC(126) Using 8 workers of 8 for evacuation
[179.345s][info][gc,phases   ] GC(126)   Pre Evacuate Collection Set: 0.1ms
[179.345s][info][gc,phases   ] GC(126)   Merge Heap Roots: 0.1ms
[179.345s][info][gc,phases   ] GC(126)   Evacuate Collection Set: 1.7ms
[179.345s][info][gc,phases   ] GC(126)   Post Evacuate Collection Set: 0.2ms
[179.345s][info][gc,phases   ] GC(126)   Other: 0.0ms
[179.345s][info][gc,heap     ] GC(126) Eden regions: 29->0(29)
[179.345s][info][gc,heap     ] GC(126) Survivor regions: 1->1(4)
[179.345s][info][gc,heap     ] GC(126) Old regions: 10->10
[179.345s][info][gc,heap     ] GC(126) Humongous regions: 1->1
[179.345s][info][gc,metaspace] GC(126) Metaspace: 54899K(56000K)->54899K(56000K) NonClass: 47622K(48256K)->47622K(48256K) Class: 7277K(7744K)->7277K(7744K)
[179.345s][info][gc          ] GC(126) Pause Young (Normal) (G1 Evacuation Pause) 158M->42M(200M) 2.260ms
[179.345s][info][gc,cpu      ] GC(126) User=0.01s Sys=0.00s Real=0.00s
[179.732s][info][gc,start    ] GC(127) Pause Young (Normal) (G1 Evacuation Pause)
[179.732s][info][gc,task     ] GC(127) Using 8 workers of 8 for evacuation
[179.735s][info][gc,phases   ] GC(127)   Pre Evacuate Collection Set: 0.1ms
[179.735s][info][gc,phases   ] GC(127)   Merge Heap Roots: 0.1ms
[179.735s][info][gc,phases   ] GC(127)   Evacuate Collection Set: 2.1ms
[179.735s][info][gc,phases   ] GC(127)   Post Evacuate Collection Set: 0.3ms
[179.735s][info][gc,phases   ] GC(127)   Other: 0.1ms
[179.735s][info][gc,heap     ] GC(127) Eden regions: 29->0(29)
[179.735s][info][gc,heap     ] GC(127) Survivor regions: 1->1(4)
[179.735s][info][gc,heap     ] GC(127) Old regions: 10->10
[179.735s][info][gc,heap     ] GC(127) Humongous regions: 1->1
[179.735s][info][gc,metaspace] GC(127) Metaspace: 54899K(56000K)->54899K(56000K) NonClass: 47622K(48256K)->47622K(48256K) Class: 7277K(7744K)->7277K(7744K)
[179.735s][info][gc          ] GC(127) Pause Young (Normal) (G1 Evacuation Pause) 158M->42M(200M) 2.899ms
[179.735s][info][gc,cpu      ] GC(127) User=0.01s Sys=0.00s Real=0.00s
[180.115s][info][gc,start    ] GC(128) Pause Young (Normal) (G1 Evacuation Pause)
[180.115s][info][gc,task     ] GC(128) Using 8 workers of 8 for evacuation
[180.118s][info][gc,phases   ] GC(128)   Pre Evacuate Collection Set: 0.1ms
[180.118s][info][gc,phases   ] GC(128)   Merge Heap Roots: 0.1ms
[180.118s][info][gc,phases   ] GC(128)   Evacuate Collection Set: 1.6ms
[180.118s][info][gc,phases   ] GC(128)   Post Evacuate Collection Set: 0.3ms
[180.118s][info][gc,phases   ] GC(128)   Other: 0.0ms
[180.118s][info][gc,heap     ] GC(128) Eden regions: 29->0(29)
[180.118s][info][gc,heap     ] GC(128) Survivor regions: 1->1(4)
[180.118s][info][gc,heap     ] GC(128) Old regions: 10->10
[180.118s][info][gc,heap     ] GC(128) Humongous regions: 1->1
[180.118s][info][gc,metaspace] GC(128) Metaspace: 54899K(56000K)->54899K(56000K) NonClass: 47622K(48256K)->47622K(48256K) Class: 7277K(7744K)->7277K(7744K)
[180.118s][info][gc          ] GC(128) Pause Young (Normal) (G1 Evacuation Pause) 158M->42M(200M) 2.233ms
[180.118s][info][gc,cpu      ] GC(128) User=0.01s Sys=0.00s Real=0.00s
[180.370s][info][gc,start    ] GC(129) Pause Young (Normal) (G1 Evacuation Pause)
[180.370s][info][gc,task     ] GC(129) Using 8 workers of 8 for evacuation
[180.372s][info][gc,phases   ] GC(129)   Pre Evacuate Collection Set: 0.1ms
[180.372s][info][gc,phases   ] GC(129)   Merge Heap Roots: 0.1ms
[180.372s][info][gc,phases   ] GC(129)   Evacuate Collection Set: 1.4ms
[180.372s][info][gc,phases   ] GC(129)   Post Evacuate Collection Set: 0.3ms
[180.372s][info][gc,phases   ] GC(129)   Other: 0.0ms
[180.372s][info][gc,heap     ] GC(129) Eden regions: 29->0(29)
[180.372s][info][gc,heap     ] GC(129) Survivor regions: 1->1(4)
[180.372s][info][gc,heap     ] GC(129) Old regions: 10->10
[180.372s][info][gc,heap     ] GC(129) Humongous regions: 1->1
[180.372s][info][gc,metaspace] GC(129) Metaspace: 54899K(56000K)->54899K(56000K) NonClass: 47622K(48256K)->47622K(48256K) Class: 7277K(7744K)->7277K(7744K)
[180.372s][info][gc          ] GC(129) Pause Young (Normal) (G1 Evacuation Pause) 158M->42M(200M) 2.009ms
[180.372s][info][gc,cpu      ] GC(129) User=0.00s Sys=0.00s Real=0.01s
[180.658s][info][gc,start    ] GC(130) Pause Young (Normal) (G1 Evacuation Pause)
[180.658s][info][gc,task     ] GC(130) Using 8 workers of 8 for evacuation
[180.660s][info][gc,phases   ] GC(130)   Pre Evacuate Collection Set: 0.1ms
[180.660s][info][gc,phases   ] GC(130)   Merge Heap Roots: 0.1ms
[180.660s][info][gc,phases   ] GC(130)   Evacuate Collection Set: 1.5ms
[180.660s][info][gc,phases   ] GC(130)   Post Evacuate Collection Set: 0.3ms
[180.660s][info][gc,phases   ] GC(130)   Other: 0.0ms
[180.660s][info][gc,heap     ] GC(130) Eden regions: 29->0(29)
[180.660s][info][gc,heap     ] GC(130) Survivor regions: 1->1(4)
[180.660s][info][gc,heap     ] GC(130) Old regions: 10->10
[180.660s][info][gc,heap     ] GC(130) Humongous regions: 1->1
[180.660s][info][gc,metaspace] GC(130) Metaspace: 54899K(56000K)->54899K(56000K) NonClass: 47622K(48256K)->47622K(48256K) Class: 7277K(7744K)->7277K(7744K)
[180.660s][info][gc          ] GC(130) Pause Young (Normal) (G1 Evacuation Pause) 158M->42M(200M) 2.050ms
[180.660s][info][gc,cpu      ] GC(130) User=0.01s Sys=0.00s Real=0.00s
[181.013s][info][gc,start    ] GC(131) Pause Young (Normal) (G1 Evacuation Pause)
[181.014s][info][gc,task     ] GC(131) Using 8 workers of 8 for evacuation
[181.016s][info][gc,phases   ] GC(131)   Pre Evacuate Collection Set: 0.1ms
[181.016s][info][gc,phases   ] GC(131)   Merge Heap Roots: 0.1ms
[181.016s][info][gc,phases   ] GC(131)   Evacuate Collection Set: 1.5ms
[181.016s][info][gc,phases   ] GC(131)   Post Evacuate Collection Set: 0.3ms
[181.016s][info][gc,phases   ] GC(131)   Other: 0.1ms
[181.016s][info][gc,heap     ] GC(131) Eden regions: 29->0(29)
[181.016s][info][gc,heap     ] GC(131) Survivor regions: 1->1(4)
[181.016s][info][gc,heap     ] GC(131) Old regions: 10->10
[181.016s][info][gc,heap     ] GC(131) Humongous regions: 1->1
[181.016s][info][gc,metaspace] GC(131) Metaspace: 54899K(56000K)->54899K(56000K) NonClass: 47622K(48256K)->47622K(48256K) Class: 7277K(7744K)->7277K(7744K)
[181.016s][info][gc          ] GC(131) Pause Young (Normal) (G1 Evacuation Pause) 158M->42M(200M) 2.205ms
[181.016s][info][gc,cpu      ] GC(131) User=0.01s Sys=0.00s Real=0.00s
[181.281s][info][gc,start    ] GC(132) Pause Young (Normal) (G1 Evacuation Pause)
[181.282s][info][gc,task     ] GC(132) Using 8 workers of 8 for evacuation
[181.284s][info][gc,phases   ] GC(132)   Pre Evacuate Collection Set: 0.1ms
[181.284s][info][gc,phases   ] GC(132)   Merge Heap Roots: 0.1ms
[181.284s][info][gc,phases   ] GC(132)   Evacuate Collection Set: 1.5ms
[181.284s][info][gc,phases   ] GC(132)   Post Evacuate Collection Set: 0.2ms
[181.284s][info][gc,phases   ] GC(132)   Other: 0.0ms
[181.284s][info][gc,heap     ] GC(132) Eden regions: 29->0(29)
[181.284s][info][gc,heap     ] GC(132) Survivor regions: 1->1(4)
[181.284s][info][gc,heap     ] GC(132) Old regions: 10->10
[181.284s][info][gc,heap     ] GC(132) Humongous regions: 1->1
[181.284s][info][gc,metaspace] GC(132) Metaspace: 54899K(56000K)->54899K(56000K) NonClass: 47622K(48256K)->47622K(48256K) Class: 7277K(7744K)->7277K(7744K)
[181.284s][info][gc          ] GC(132) Pause Young (Normal) (G1 Evacuation Pause) 158M->42M(200M) 2.115ms
[181.284s][info][gc,cpu      ] GC(132) User=0.01s Sys=0.01s Real=0.00s
[181.700s][info][gc,start    ] GC(133) Pause Young (Normal) (G1 Evacuation Pause)
[181.700s][info][gc,task     ] GC(133) Using 8 workers of 8 for evacuation
[181.702s][info][gc,phases   ] GC(133)   Pre Evacuate Collection Set: 0.1ms
[181.702s][info][gc,phases   ] GC(133)   Merge Heap Roots: 0.1ms
[181.702s][info][gc,phases   ] GC(133)   Evacuate Collection Set: 1.5ms
[181.702s][info][gc,phases   ] GC(133)   Post Evacuate Collection Set: 0.3ms
[181.702s][info][gc,phases   ] GC(133)   Other: 0.1ms
[181.702s][info][gc,heap     ] GC(133) Eden regions: 29->0(29)
[181.702s][info][gc,heap     ] GC(133) Survivor regions: 1->1(4)
[181.702s][info][gc,heap     ] GC(133) Old regions: 10->10
[181.702s][info][gc,heap     ] GC(133) Humongous regions: 1->1
[181.702s][info][gc,metaspace] GC(133) Metaspace: 54899K(56000K)->54899K(56000K) NonClass: 47622K(48256K)->47622K(48256K) Class: 7277K(7744K)->7277K(7744K)
[181.702s][info][gc          ] GC(133) Pause Young (Normal) (G1 Evacuation Pause) 158M->42M(200M) 2.362ms
[181.702s][info][gc,cpu      ] GC(133) User=0.01s Sys=0.00s Real=0.01s
[182.281s][info][gc,start    ] GC(134) Pause Young (Normal) (G1 Evacuation Pause)
[182.281s][info][gc,task     ] GC(134) Using 8 workers of 8 for evacuation
[182.283s][info][gc,phases   ] GC(134)   Pre Evacuate Collection Set: 0.1ms
[182.283s][info][gc,phases   ] GC(134)   Merge Heap Roots: 0.1ms
[182.283s][info][gc,phases   ] GC(134)   Evacuate Collection Set: 1.9ms
[182.283s][info][gc,phases   ] GC(134)   Post Evacuate Collection Set: 0.3ms
[182.283s][info][gc,phases   ] GC(134)   Other: 0.0ms
[182.283s][info][gc,heap     ] GC(134) Eden regions: 29->0(29)
[182.283s][info][gc,heap     ] GC(134) Survivor regions: 1->1(4)
[182.283s][info][gc,heap     ] GC(134) Old regions: 10->10
[182.283s][info][gc,heap     ] GC(134) Humongous regions: 1->1
[182.283s][info][gc,metaspace] GC(134) Metaspace: 54899K(56000K)->54899K(56000K) NonClass: 47622K(48256K)->47622K(48256K) Class: 7277K(7744K)->7277K(7744K)
[182.283s][info][gc          ] GC(134) Pause Young (Normal) (G1 Evacuation Pause) 158M->43M(200M) 2.645ms
[182.283s][info][gc,cpu      ] GC(134) User=0.00s Sys=0.00s Real=0.01s
[182.642s][info][gc,start    ] GC(135) Pause Young (Normal) (G1 Evacuation Pause)
[182.642s][info][gc,task     ] GC(135) Using 8 workers of 8 for evacuation
[182.644s][info][gc,phases   ] GC(135)   Pre Evacuate Collection Set: 0.1ms
[182.644s][info][gc,phases   ] GC(135)   Merge Heap Roots: 0.1ms
[182.644s][info][gc,phases   ] GC(135)   Evacuate Collection Set: 1.6ms
[182.644s][info][gc,phases   ] GC(135)   Post Evacuate Collection Set: 0.2ms
[182.644s][info][gc,phases   ] GC(135)   Other: 0.0ms
[182.644s][info][gc,heap     ] GC(135) Eden regions: 29->0(29)
[182.644s][info][gc,heap     ] GC(135) Survivor regions: 1->1(4)
[182.644s][info][gc,heap     ] GC(135) Old regions: 10->10
[182.644s][info][gc,heap     ] GC(135) Humongous regions: 1->1
[182.644s][info][gc,metaspace] GC(135) Metaspace: 54899K(56000K)->54899K(56000K) NonClass: 47622K(48256K)->47622K(48256K) Class: 7277K(7744K)->7277K(7744K)
[182.644s][info][gc          ] GC(135) Pause Young (Normal) (G1 Evacuation Pause) 159M->42M(200M) 2.121ms
[182.644s][info][gc,cpu      ] GC(135) User=0.01s Sys=0.00s Real=0.00s
[183.024s][info][gc,start    ] GC(136) Pause Young (Normal) (G1 Evacuation Pause)
[183.024s][info][gc,task     ] GC(136) Using 8 workers of 8 for evacuation
[183.026s][info][gc,phases   ] GC(136)   Pre Evacuate Collection Set: 0.1ms
[183.026s][info][gc,phases   ] GC(136)   Merge Heap Roots: 0.1ms
[183.026s][info][gc,phases   ] GC(136)   Evacuate Collection Set: 1.5ms
[183.026s][info][gc,phases   ] GC(136)   Post Evacuate Collection Set: 0.3ms
[183.026s][info][gc,phases   ] GC(136)   Other: 0.0ms
[183.026s][info][gc,heap     ] GC(136) Eden regions: 29->0(29)
[183.026s][info][gc,heap     ] GC(136) Survivor regions: 1->1(4)
[183.026s][info][gc,heap     ] GC(136) Old regions: 10->10
[183.026s][info][gc,heap     ] GC(136) Humongous regions: 1->1
[183.026s][info][gc,metaspace] GC(136) Metaspace: 54899K(56000K)->54899K(56000K) NonClass: 47622K(48256K)->47622K(48256K) Class: 7277K(7744K)->7277K(7744K)
[183.026s][info][gc          ] GC(136) Pause Young (Normal) (G1 Evacuation Pause) 158M->43M(200M) 2.131ms
[183.026s][info][gc,cpu      ] GC(136) User=0.01s Sys=0.00s Real=0.00s
[183.314s][info][gc,start    ] GC(137) Pause Young (Normal) (G1 Evacuation Pause)
[183.314s][info][gc,task     ] GC(137) Using 8 workers of 8 for evacuation
[183.316s][info][gc,phases   ] GC(137)   Pre Evacuate Collection Set: 0.1ms
[183.316s][info][gc,phases   ] GC(137)   Merge Heap Roots: 0.1ms
[183.316s][info][gc,phases   ] GC(137)   Evacuate Collection Set: 1.5ms
[183.316s][info][gc,phases   ] GC(137)   Post Evacuate Collection Set: 0.3ms
[183.316s][info][gc,phases   ] GC(137)   Other: 0.0ms
[183.316s][info][gc,heap     ] GC(137) Eden regions: 29->0(29)
[183.316s][info][gc,heap     ] GC(137) Survivor regions: 1->1(4)
[183.316s][info][gc,heap     ] GC(137) Old regions: 10->10
[183.316s][info][gc,heap     ] GC(137) Humongous regions: 1->1
[183.316s][info][gc,metaspace] GC(137) Metaspace: 54899K(56000K)->54899K(56000K) NonClass: 47622K(48256K)->47622K(48256K) Class: 7277K(7744K)->7277K(7744K)
[183.316s][info][gc          ] GC(137) Pause Young (Normal) (G1 Evacuation Pause) 159M->43M(200M) 2.150ms
[183.316s][info][gc,cpu      ] GC(137) User=0.01s Sys=0.00s Real=0.00s
[183.743s][info][gc,start    ] GC(138) Pause Young (Normal) (G1 Evacuation Pause)
[183.743s][info][gc,task     ] GC(138) Using 8 workers of 8 for evacuation
[183.746s][info][gc,phases   ] GC(138)   Pre Evacuate Collection Set: 0.1ms
[183.746s][info][gc,phases   ] GC(138)   Merge Heap Roots: 0.1ms
[183.746s][info][gc,phases   ] GC(138)   Evacuate Collection Set: 1.9ms
[183.746s][info][gc,phases   ] GC(138)   Post Evacuate Collection Set: 0.2ms
[183.746s][info][gc,phases   ] GC(138)   Other: 0.0ms
[183.746s][info][gc,heap     ] GC(138) Eden regions: 29->0(29)
[183.746s][info][gc,heap     ] GC(138) Survivor regions: 1->1(4)
[183.746s][info][gc,heap     ] GC(138) Old regions: 10->10
[183.746s][info][gc,heap     ] GC(138) Humongous regions: 1->1
[183.746s][info][gc,metaspace] GC(138) Metaspace: 54899K(56000K)->54899K(56000K) NonClass: 47622K(48256K)->47622K(48256K) Class: 7277K(7744K)->7277K(7744K)
[183.746s][info][gc          ] GC(138) Pause Young (Normal) (G1 Evacuation Pause) 159M->43M(200M) 2.493ms
[183.746s][info][gc,cpu      ] GC(138) User=0.01s Sys=0.00s Real=0.00s
[184.065s][info][gc,start    ] GC(139) Pause Young (Normal) (G1 Evacuation Pause)
[184.066s][info][gc,task     ] GC(139) Using 8 workers of 8 for evacuation
[184.068s][info][gc,phases   ] GC(139)   Pre Evacuate Collection Set: 0.2ms
[184.068s][info][gc,phases   ] GC(139)   Merge Heap Roots: 0.1ms
[184.068s][info][gc,phases   ] GC(139)   Evacuate Collection Set: 1.6ms
[184.068s][info][gc,phases   ] GC(139)   Post Evacuate Collection Set: 0.3ms
[184.068s][info][gc,phases   ] GC(139)   Other: 0.0ms
[184.068s][info][gc,heap     ] GC(139) Eden regions: 29->0(29)
[184.068s][info][gc,heap     ] GC(139) Survivor regions: 1->1(4)
[184.068s][info][gc,heap     ] GC(139) Old regions: 10->10
[184.068s][info][gc,heap     ] GC(139) Humongous regions: 1->1
[184.068s][info][gc,metaspace] GC(139) Metaspace: 54899K(56000K)->54899K(56000K) NonClass: 47622K(48256K)->47622K(48256K) Class: 7277K(7744K)->7277K(7744K)
[184.068s][info][gc          ] GC(139) Pause Young (Normal) (G1 Evacuation Pause) 159M->43M(200M) 2.269ms
[184.068s][info][gc,cpu      ] GC(139) User=0.01s Sys=0.00s Real=0.00s
[184.334s][info][gc,start    ] GC(140) Pause Young (Normal) (G1 Evacuation Pause)
[184.334s][info][gc,task     ] GC(140) Using 8 workers of 8 for evacuation
[184.336s][info][gc,phases   ] GC(140)   Pre Evacuate Collection Set: 0.1ms
[184.336s][info][gc,phases   ] GC(140)   Merge Heap Roots: 0.0ms
[184.336s][info][gc,phases   ] GC(140)   Evacuate Collection Set: 2.0ms
[184.336s][info][gc,phases   ] GC(140)   Post Evacuate Collection Set: 0.3ms
[184.336s][info][gc,phases   ] GC(140)   Other: 0.0ms
[184.336s][info][gc,heap     ] GC(140) Eden regions: 29->0(29)
[184.336s][info][gc,heap     ] GC(140) Survivor regions: 1->1(4)
[184.336s][info][gc,heap     ] GC(140) Old regions: 10->10
[184.336s][info][gc,heap     ] GC(140) Humongous regions: 1->1
[184.336s][info][gc,metaspace] GC(140) Metaspace: 54899K(56000K)->54899K(56000K) NonClass: 47622K(48256K)->47622K(48256K) Class: 7277K(7744K)->7277K(7744K)
[184.336s][info][gc          ] GC(140) Pause Young (Normal) (G1 Evacuation Pause) 159M->43M(200M) 2.582ms
[184.336s][info][gc,cpu      ] GC(140) User=0.01s Sys=0.00s Real=0.00s
[184.606s][info][gc,start    ] GC(141) Pause Young (Normal) (G1 Evacuation Pause)
[184.606s][info][gc,task     ] GC(141) Using 8 workers of 8 for evacuation
[184.608s][info][gc,phases   ] GC(141)   Pre Evacuate Collection Set: 0.1ms
[184.608s][info][gc,phases   ] GC(141)   Merge Heap Roots: 0.1ms
[184.608s][info][gc,phases   ] GC(141)   Evacuate Collection Set: 1.5ms
[184.608s][info][gc,phases   ] GC(141)   Post Evacuate Collection Set: 0.2ms
[184.608s][info][gc,phases   ] GC(141)   Other: 0.0ms
[184.608s][info][gc,heap     ] GC(141) Eden regions: 29->0(29)
[184.608s][info][gc,heap     ] GC(141) Survivor regions: 1->1(4)
[184.608s][info][gc,heap     ] GC(141) Old regions: 10->10
[184.608s][info][gc,heap     ] GC(141) Humongous regions: 1->1
[184.608s][info][gc,metaspace] GC(141) Metaspace: 54899K(56000K)->54899K(56000K) NonClass: 47622K(48256K)->47622K(48256K) Class: 7277K(7744K)->7277K(7744K)
[184.608s][info][gc          ] GC(141) Pause Young (Normal) (G1 Evacuation Pause) 159M->43M(200M) 2.046ms
[184.608s][info][gc,cpu      ] GC(141) User=0.00s Sys=0.00s Real=0.00s
[184.952s][info][gc,start    ] GC(142) Pause Young (Normal) (G1 Evacuation Pause)
[184.952s][info][gc,task     ] GC(142) Using 8 workers of 8 for evacuation
[184.954s][info][gc,phases   ] GC(142)   Pre Evacuate Collection Set: 0.1ms
[184.954s][info][gc,phases   ] GC(142)   Merge Heap Roots: 0.1ms
[184.954s][info][gc,phases   ] GC(142)   Evacuate Collection Set: 2.0ms
[184.954s][info][gc,phases   ] GC(142)   Post Evacuate Collection Set: 0.2ms
[184.954s][info][gc,phases   ] GC(142)   Other: 0.0ms
[184.954s][info][gc,heap     ] GC(142) Eden regions: 29->0(29)
[184.954s][info][gc,heap     ] GC(142) Survivor regions: 1->1(4)
[184.954s][info][gc,heap     ] GC(142) Old regions: 10->10
[184.954s][info][gc,heap     ] GC(142) Humongous regions: 1->1
[184.954s][info][gc,metaspace] GC(142) Metaspace: 54899K(56000K)->54899K(56000K) NonClass: 47622K(48256K)->47622K(48256K) Class: 7277K(7744K)->7277K(7744K)
[184.954s][info][gc          ] GC(142) Pause Young (Normal) (G1 Evacuation Pause) 159M->43M(200M) 2.564ms
[184.954s][info][gc,cpu      ] GC(142) User=0.00s Sys=0.00s Real=0.00s
[185.279s][info][gc,start    ] GC(143) Pause Young (Normal) (G1 Evacuation Pause)
[185.279s][info][gc,task     ] GC(143) Using 8 workers of 8 for evacuation
[185.282s][info][gc,phases   ] GC(143)   Pre Evacuate Collection Set: 0.1ms
[185.282s][info][gc,phases   ] GC(143)   Merge Heap Roots: 0.1ms
[185.282s][info][gc,phases   ] GC(143)   Evacuate Collection Set: 2.7ms
[185.282s][info][gc,phases   ] GC(143)   Post Evacuate Collection Set: 0.3ms
[185.282s][info][gc,phases   ] GC(143)   Other: 0.0ms
[185.282s][info][gc,heap     ] GC(143) Eden regions: 29->0(29)
[185.282s][info][gc,heap     ] GC(143) Survivor regions: 1->1(4)
[185.282s][info][gc,heap     ] GC(143) Old regions: 10->10
[185.282s][info][gc,heap     ] GC(143) Humongous regions: 1->1
[185.282s][info][gc,metaspace] GC(143) Metaspace: 54899K(56000K)->54899K(56000K) NonClass: 47622K(48256K)->47622K(48256K) Class: 7277K(7744K)->7277K(7744K)
[185.282s][info][gc          ] GC(143) Pause Young (Normal) (G1 Evacuation Pause) 159M->43M(200M) 3.353ms
[185.282s][info][gc,cpu      ] GC(143) User=0.01s Sys=0.01s Real=0.01s
[185.654s][info][gc,start    ] GC(144) Pause Young (Normal) (G1 Evacuation Pause)
[185.654s][info][gc,task     ] GC(144) Using 8 workers of 8 for evacuation
[185.656s][info][gc,phases   ] GC(144)   Pre Evacuate Collection Set: 0.1ms
[185.656s][info][gc,phases   ] GC(144)   Merge Heap Roots: 0.1ms
[185.656s][info][gc,phases   ] GC(144)   Evacuate Collection Set: 1.8ms
[185.656s][info][gc,phases   ] GC(144)   Post Evacuate Collection Set: 0.2ms
[185.656s][info][gc,phases   ] GC(144)   Other: 0.1ms
[185.656s][info][gc,heap     ] GC(144) Eden regions: 29->0(29)
[185.656s][info][gc,heap     ] GC(144) Survivor regions: 1->1(4)
[185.656s][info][gc,heap     ] GC(144) Old regions: 10->10
[185.656s][info][gc,heap     ] GC(144) Humongous regions: 1->1
[185.656s][info][gc,metaspace] GC(144) Metaspace: 54899K(56000K)->54899K(56000K) NonClass: 47622K(48256K)->47622K(48256K) Class: 7277K(7744K)->7277K(7744K)
[185.656s][info][gc          ] GC(144) Pause Young (Normal) (G1 Evacuation Pause) 159M->43M(200M) 2.394ms
[185.656s][info][gc,cpu      ] GC(144) User=0.01s Sys=0.00s Real=0.00s
[185.915s][info][gc,start    ] GC(145) Pause Young (Normal) (G1 Evacuation Pause)
[185.915s][info][gc,task     ] GC(145) Using 8 workers of 8 for evacuation
[185.917s][info][gc,phases   ] GC(145)   Pre Evacuate Collection Set: 0.1ms
[185.917s][info][gc,phases   ] GC(145)   Merge Heap Roots: 0.1ms
[185.917s][info][gc,phases   ] GC(145)   Evacuate Collection Set: 1.5ms
[185.917s][info][gc,phases   ] GC(145)   Post Evacuate Collection Set: 0.3ms
[185.917s][info][gc,phases   ] GC(145)   Other: 0.0ms
[185.917s][info][gc,heap     ] GC(145) Eden regions: 29->0(29)
[185.917s][info][gc,heap     ] GC(145) Survivor regions: 1->1(4)
[185.917s][info][gc,heap     ] GC(145) Old regions: 10->10
[185.917s][info][gc,heap     ] GC(145) Humongous regions: 1->1
[185.917s][info][gc,metaspace] GC(145) Metaspace: 54899K(56000K)->54899K(56000K) NonClass: 47622K(48256K)->47622K(48256K) Class: 7277K(7744K)->7277K(7744K)
[185.917s][info][gc          ] GC(145) Pause Young (Normal) (G1 Evacuation Pause) 159M->43M(200M) 2.029ms
[185.917s][info][gc,cpu      ] GC(145) User=0.00s Sys=0.00s Real=0.00s
[186.184s][info][gc,start    ] GC(146) Pause Young (Normal) (G1 Evacuation Pause)
[186.184s][info][gc,task     ] GC(146) Using 8 workers of 8 for evacuation
[186.186s][info][gc,phases   ] GC(146)   Pre Evacuate Collection Set: 0.1ms
[186.186s][info][gc,phases   ] GC(146)   Merge Heap Roots: 0.1ms
[186.186s][info][gc,phases   ] GC(146)   Evacuate Collection Set: 1.5ms
[186.186s][info][gc,phases   ] GC(146)   Post Evacuate Collection Set: 0.3ms
[186.186s][info][gc,phases   ] GC(146)   Other: 0.0ms
[186.186s][info][gc,heap     ] GC(146) Eden regions: 29->0(29)
[186.186s][info][gc,heap     ] GC(146) Survivor regions: 1->1(4)
[186.186s][info][gc,heap     ] GC(146) Old regions: 10->10
[186.186s][info][gc,heap     ] GC(146) Humongous regions: 1->1
[186.186s][info][gc,metaspace] GC(146) Metaspace: 54899K(56000K)->54899K(56000K) NonClass: 47622K(48256K)->47622K(48256K) Class: 7277K(7744K)->7277K(7744K)
[186.186s][info][gc          ] GC(146) Pause Young (Normal) (G1 Evacuation Pause) 159M->43M(200M) 2.103ms
[186.186s][info][gc,cpu      ] GC(146) User=0.01s Sys=0.00s Real=0.00s
[186.469s][info][gc,start    ] GC(147) Pause Young (Normal) (G1 Evacuation Pause)
[186.469s][info][gc,task     ] GC(147) Using 8 workers of 8 for evacuation
[186.471s][info][gc,phases   ] GC(147)   Pre Evacuate Collection Set: 0.1ms
[186.471s][info][gc,phases   ] GC(147)   Merge Heap Roots: 0.1ms
[186.471s][info][gc,phases   ] GC(147)   Evacuate Collection Set: 1.6ms
[186.471s][info][gc,phases   ] GC(147)   Post Evacuate Collection Set: 0.3ms
[186.471s][info][gc,phases   ] GC(147)   Other: 0.0ms
[186.471s][info][gc,heap     ] GC(147) Eden regions: 29->0(29)
[186.471s][info][gc,heap     ] GC(147) Survivor regions: 1->1(4)
[186.471s][info][gc,heap     ] GC(147) Old regions: 10->11
[186.471s][info][gc,heap     ] GC(147) Humongous regions: 1->1
[186.471s][info][gc,metaspace] GC(147) Metaspace: 54899K(56000K)->54899K(56000K) NonClass: 47622K(48256K)->47622K(48256K) Class: 7277K(7744K)->7277K(7744K)
[186.471s][info][gc          ] GC(147) Pause Young (Normal) (G1 Evacuation Pause) 159M->43M(200M) 2.113ms
[186.471s][info][gc,cpu      ] GC(147) User=0.01s Sys=0.00s Real=0.00s
[186.762s][info][gc,start    ] GC(148) Pause Young (Normal) (G1 Evacuation Pause)
[186.762s][info][gc,task     ] GC(148) Using 8 workers of 8 for evacuation
[186.764s][info][gc,phases   ] GC(148)   Pre Evacuate Collection Set: 0.1ms
[186.764s][info][gc,phases   ] GC(148)   Merge Heap Roots: 0.1ms
[186.764s][info][gc,phases   ] GC(148)   Evacuate Collection Set: 1.5ms
[186.764s][info][gc,phases   ] GC(148)   Post Evacuate Collection Set: 0.3ms
[186.764s][info][gc,phases   ] GC(148)   Other: 0.1ms
[186.764s][info][gc,heap     ] GC(148) Eden regions: 29->0(29)
[186.764s][info][gc,heap     ] GC(148) Survivor regions: 1->1(4)
[186.764s][info][gc,heap     ] GC(148) Old regions: 11->11
[186.764s][info][gc,heap     ] GC(148) Humongous regions: 1->1
[186.764s][info][gc,metaspace] GC(148) Metaspace: 54899K(56000K)->54899K(56000K) NonClass: 47622K(48256K)->47622K(48256K) Class: 7277K(7744K)->7277K(7744K)
[186.764s][info][gc          ] GC(148) Pause Young (Normal) (G1 Evacuation Pause) 159M->43M(200M) 2.201ms
[186.764s][info][gc,cpu      ] GC(148) User=0.01s Sys=0.00s Real=0.00s
[187.048s][info][gc,start    ] GC(149) Pause Young (Normal) (G1 Evacuation Pause)
[187.048s][info][gc,task     ] GC(149) Using 8 workers of 8 for evacuation
[187.050s][info][gc,phases   ] GC(149)   Pre Evacuate Collection Set: 0.1ms
[187.050s][info][gc,phases   ] GC(149)   Merge Heap Roots: 0.1ms
[187.050s][info][gc,phases   ] GC(149)   Evacuate Collection Set: 1.5ms
[187.050s][info][gc,phases   ] GC(149)   Post Evacuate Collection Set: 0.3ms
[187.050s][info][gc,phases   ] GC(149)   Other: 0.1ms
[187.050s][info][gc,heap     ] GC(149) Eden regions: 29->0(29)
[187.050s][info][gc,heap     ] GC(149) Survivor regions: 1->1(4)
[187.050s][info][gc,heap     ] GC(149) Old regions: 11->11
[187.050s][info][gc,heap     ] GC(149) Humongous regions: 1->1
[187.050s][info][gc,metaspace] GC(149) Metaspace: 54899K(56000K)->54899K(56000K) NonClass: 47622K(48256K)->47622K(48256K) Class: 7277K(7744K)->7277K(7744K)
[187.050s][info][gc          ] GC(149) Pause Young (Normal) (G1 Evacuation Pause) 159M->43M(200M) 2.261ms
[187.050s][info][gc,cpu      ] GC(149) User=0.01s Sys=0.00s Real=0.00s
[187.471s][info][gc,start    ] GC(150) Pause Young (Normal) (G1 Evacuation Pause)
[187.471s][info][gc,task     ] GC(150) Using 8 workers of 8 for evacuation
[187.472s][info][gc,phases   ] GC(150)   Pre Evacuate Collection Set: 0.1ms
[187.473s][info][gc,phases   ] GC(150)   Merge Heap Roots: 0.1ms
[187.473s][info][gc,phases   ] GC(150)   Evacuate Collection Set: 1.4ms
[187.473s][info][gc,phases   ] GC(150)   Post Evacuate Collection Set: 0.2ms
[187.473s][info][gc,phases   ] GC(150)   Other: 0.0ms
[187.473s][info][gc,heap     ] GC(150) Eden regions: 29->0(29)
[187.473s][info][gc,heap     ] GC(150) Survivor regions: 1->1(4)
[187.473s][info][gc,heap     ] GC(150) Old regions: 11->11
[187.473s][info][gc,heap     ] GC(150) Humongous regions: 1->1
[187.473s][info][gc,metaspace] GC(150) Metaspace: 54899K(56000K)->54899K(56000K) NonClass: 47622K(48256K)->47622K(48256K) Class: 7277K(7744K)->7277K(7744K)
[187.473s][info][gc          ] GC(150) Pause Young (Normal) (G1 Evacuation Pause) 159M->43M(200M) 2.018ms
[187.473s][info][gc,cpu      ] GC(150) User=0.01s Sys=0.00s Real=0.01s
[187.857s][info][gc,start    ] GC(151) Pause Young (Normal) (G1 Evacuation Pause)
[187.857s][info][gc,task     ] GC(151) Using 8 workers of 8 for evacuation
[187.859s][info][gc,phases   ] GC(151)   Pre Evacuate Collection Set: 0.1ms
[187.859s][info][gc,phases   ] GC(151)   Merge Heap Roots: 0.1ms
[187.859s][info][gc,phases   ] GC(151)   Evacuate Collection Set: 1.6ms
[187.859s][info][gc,phases   ] GC(151)   Post Evacuate Collection Set: 0.3ms
[187.859s][info][gc,phases   ] GC(151)   Other: 0.0ms
[187.859s][info][gc,heap     ] GC(151) Eden regions: 29->0(29)
[187.859s][info][gc,heap     ] GC(151) Survivor regions: 1->1(4)
[187.859s][info][gc,heap     ] GC(151) Old regions: 11->11
[187.859s][info][gc,heap     ] GC(151) Humongous regions: 1->1
[187.859s][info][gc,metaspace] GC(151) Metaspace: 54899K(56000K)->54899K(56000K) NonClass: 47622K(48256K)->47622K(48256K) Class: 7277K(7744K)->7277K(7744K)
[187.859s][info][gc          ] GC(151) Pause Young (Normal) (G1 Evacuation Pause) 159M->43M(200M) 2.271ms
[187.859s][info][gc,cpu      ] GC(151) User=0.01s Sys=0.00s Real=0.00s
[188.202s][info][gc,start    ] GC(152) Pause Young (Normal) (G1 Evacuation Pause)
[188.202s][info][gc,task     ] GC(152) Using 8 workers of 8 for evacuation
[188.204s][info][gc,phases   ] GC(152)   Pre Evacuate Collection Set: 0.1ms
[188.204s][info][gc,phases   ] GC(152)   Merge Heap Roots: 0.1ms
[188.204s][info][gc,phases   ] GC(152)   Evacuate Collection Set: 1.6ms
[188.204s][info][gc,phases   ] GC(152)   Post Evacuate Collection Set: 0.2ms
[188.204s][info][gc,phases   ] GC(152)   Other: 0.0ms
[188.204s][info][gc,heap     ] GC(152) Eden regions: 29->0(29)
[188.204s][info][gc,heap     ] GC(152) Survivor regions: 1->1(4)
[188.204s][info][gc,heap     ] GC(152) Old regions: 11->11
[188.204s][info][gc,heap     ] GC(152) Humongous regions: 1->1
[188.204s][info][gc,metaspace] GC(152) Metaspace: 54899K(56000K)->54899K(56000K) NonClass: 47622K(48256K)->47622K(48256K) Class: 7277K(7744K)->7277K(7744K)
[188.204s][info][gc          ] GC(152) Pause Young (Normal) (G1 Evacuation Pause) 159M->43M(200M) 2.178ms
[188.204s][info][gc,cpu      ] GC(152) User=0.01s Sys=0.00s Real=0.00s
[188.686s][info][gc,start    ] GC(153) Pause Young (Normal) (G1 Evacuation Pause)
[188.686s][info][gc,task     ] GC(153) Using 8 workers of 8 for evacuation
[188.688s][info][gc,phases   ] GC(153)   Pre Evacuate Collection Set: 0.1ms
[188.688s][info][gc,phases   ] GC(153)   Merge Heap Roots: 0.1ms
[188.688s][info][gc,phases   ] GC(153)   Evacuate Collection Set: 1.6ms
[188.688s][info][gc,phases   ] GC(153)   Post Evacuate Collection Set: 0.3ms
[188.688s][info][gc,phases   ] GC(153)   Other: 0.0ms
[188.688s][info][gc,heap     ] GC(153) Eden regions: 29->0(29)
[188.688s][info][gc,heap     ] GC(153) Survivor regions: 1->1(4)
[188.688s][info][gc,heap     ] GC(153) Old regions: 11->11
[188.688s][info][gc,heap     ] GC(153) Humongous regions: 1->1
[188.688s][info][gc,metaspace] GC(153) Metaspace: 54899K(56000K)->54899K(56000K) NonClass: 47622K(48256K)->47622K(48256K) Class: 7277K(7744K)->7277K(7744K)
[188.688s][info][gc          ] GC(153) Pause Young (Normal) (G1 Evacuation Pause) 159M->43M(200M) 2.213ms
[188.688s][info][gc,cpu      ] GC(153) User=0.01s Sys=0.00s Real=0.00s
[189.024s][info][gc,start    ] GC(154) Pause Young (Normal) (G1 Evacuation Pause)
[189.024s][info][gc,task     ] GC(154) Using 8 workers of 8 for evacuation
[189.026s][info][gc,phases   ] GC(154)   Pre Evacuate Collection Set: 0.1ms
[189.026s][info][gc,phases   ] GC(154)   Merge Heap Roots: 0.1ms
[189.026s][info][gc,phases   ] GC(154)   Evacuate Collection Set: 1.5ms
[189.026s][info][gc,phases   ] GC(154)   Post Evacuate Collection Set: 0.2ms
[189.026s][info][gc,phases   ] GC(154)   Other: 0.0ms
[189.026s][info][gc,heap     ] GC(154) Eden regions: 29->0(29)
[189.026s][info][gc,heap     ] GC(154) Survivor regions: 1->1(4)
[189.026s][info][gc,heap     ] GC(154) Old regions: 11->11
[189.026s][info][gc,heap     ] GC(154) Humongous regions: 1->1
[189.026s][info][gc,metaspace] GC(154) Metaspace: 54899K(56000K)->54899K(56000K) NonClass: 47622K(48256K)->47622K(48256K) Class: 7277K(7744K)->7277K(7744K)
[189.026s][info][gc          ] GC(154) Pause Young (Normal) (G1 Evacuation Pause) 159M->43M(200M) 2.070ms
[189.026s][info][gc,cpu      ] GC(154) User=0.01s Sys=0.00s Real=0.00s
[189.316s][info][gc,start    ] GC(155) Pause Young (Normal) (G1 Evacuation Pause)
[189.316s][info][gc,task     ] GC(155) Using 8 workers of 8 for evacuation
[189.318s][info][gc,phases   ] GC(155)   Pre Evacuate Collection Set: 0.1ms
[189.318s][info][gc,phases   ] GC(155)   Merge Heap Roots: 0.1ms
[189.318s][info][gc,phases   ] GC(155)   Evacuate Collection Set: 1.5ms
[189.318s][info][gc,phases   ] GC(155)   Post Evacuate Collection Set: 0.3ms
[189.318s][info][gc,phases   ] GC(155)   Other: 0.1ms
[189.318s][info][gc,heap     ] GC(155) Eden regions: 29->0(29)
[189.318s][info][gc,heap     ] GC(155) Survivor regions: 1->1(4)
[189.318s][info][gc,heap     ] GC(155) Old regions: 11->11
[189.318s][info][gc,heap     ] GC(155) Humongous regions: 1->1
[189.318s][info][gc,metaspace] GC(155) Metaspace: 54899K(56000K)->54899K(56000K) NonClass: 47622K(48256K)->47622K(48256K) Class: 7277K(7744K)->7277K(7744K)
[189.318s][info][gc          ] GC(155) Pause Young (Normal) (G1 Evacuation Pause) 159M->43M(200M) 2.124ms
[189.318s][info][gc,cpu      ] GC(155) User=0.01s Sys=0.00s Real=0.00s
[189.662s][info][gc,start    ] GC(156) Pause Young (Normal) (G1 Evacuation Pause)
[189.662s][info][gc,task     ] GC(156) Using 8 workers of 8 for evacuation
[189.664s][info][gc,phases   ] GC(156)   Pre Evacuate Collection Set: 0.1ms
[189.664s][info][gc,phases   ] GC(156)   Merge Heap Roots: 0.1ms
[189.664s][info][gc,phases   ] GC(156)   Evacuate Collection Set: 1.3ms
[189.664s][info][gc,phases   ] GC(156)   Post Evacuate Collection Set: 0.2ms
[189.664s][info][gc,phases   ] GC(156)   Other: 0.0ms
[189.664s][info][gc,heap     ] GC(156) Eden regions: 29->0(29)
[189.664s][info][gc,heap     ] GC(156) Survivor regions: 1->1(4)
[189.664s][info][gc,heap     ] GC(156) Old regions: 11->11
[189.664s][info][gc,heap     ] GC(156) Humongous regions: 1->1
[189.664s][info][gc,metaspace] GC(156) Metaspace: 54899K(56000K)->54899K(56000K) NonClass: 47622K(48256K)->47622K(48256K) Class: 7277K(7744K)->7277K(7744K)
[189.664s][info][gc          ] GC(156) Pause Young (Normal) (G1 Evacuation Pause) 159M->44M(200M) 1.806ms
[189.664s][info][gc,cpu      ] GC(156) User=0.01s Sys=0.00s Real=0.00s
[190.023s][info][gc,start    ] GC(157) Pause Young (Normal) (G1 Evacuation Pause)
[190.023s][info][gc,task     ] GC(157) Using 8 workers of 8 for evacuation
[190.025s][info][gc,phases   ] GC(157)   Pre Evacuate Collection Set: 0.1ms
[190.025s][info][gc,phases   ] GC(157)   Merge Heap Roots: 0.1ms
[190.025s][info][gc,phases   ] GC(157)   Evacuate Collection Set: 1.3ms
[190.025s][info][gc,phases   ] GC(157)   Post Evacuate Collection Set: 0.3ms
[190.025s][info][gc,phases   ] GC(157)   Other: 0.0ms
[190.025s][info][gc,heap     ] GC(157) Eden regions: 29->0(29)
[190.025s][info][gc,heap     ] GC(157) Survivor regions: 1->1(4)
[190.025s][info][gc,heap     ] GC(157) Old regions: 11->11
[190.025s][info][gc,heap     ] GC(157) Humongous regions: 1->1
[190.025s][info][gc,metaspace] GC(157) Metaspace: 54899K(56000K)->54899K(56000K) NonClass: 47622K(48256K)->47622K(48256K) Class: 7277K(7744K)->7277K(7744K)
[190.025s][info][gc          ] GC(157) Pause Young (Normal) (G1 Evacuation Pause) 160M->44M(200M) 1.979ms
[190.025s][info][gc,cpu      ] GC(157) User=0.01s Sys=0.00s Real=0.00s
[190.577s][info][gc,start    ] GC(158) Pause Young (Normal) (G1 Evacuation Pause)
[190.577s][info][gc,task     ] GC(158) Using 8 workers of 8 for evacuation
[190.579s][info][gc,phases   ] GC(158)   Pre Evacuate Collection Set: 0.1ms
[190.579s][info][gc,phases   ] GC(158)   Merge Heap Roots: 0.1ms
[190.579s][info][gc,phases   ] GC(158)   Evacuate Collection Set: 1.3ms
[190.579s][info][gc,phases   ] GC(158)   Post Evacuate Collection Set: 0.3ms
[190.579s][info][gc,phases   ] GC(158)   Other: 0.1ms
[190.579s][info][gc,heap     ] GC(158) Eden regions: 29->0(29)
[190.579s][info][gc,heap     ] GC(158) Survivor regions: 1->1(4)
[190.579s][info][gc,heap     ] GC(158) Old regions: 11->11
[190.579s][info][gc,heap     ] GC(158) Humongous regions: 1->1
[190.579s][info][gc,metaspace] GC(158) Metaspace: 54899K(56000K)->54899K(56000K) NonClass: 47622K(48256K)->47622K(48256K) Class: 7277K(7744K)->7277K(7744K)
[190.579s][info][gc          ] GC(158) Pause Young (Normal) (G1 Evacuation Pause) 160M->44M(200M) 2.061ms
[190.579s][info][gc,cpu      ] GC(158) User=0.01s Sys=0.00s Real=0.00s
[190.974s][info][gc,start    ] GC(159) Pause Young (Normal) (G1 Evacuation Pause)
[190.974s][info][gc,task     ] GC(159) Using 8 workers of 8 for evacuation
[190.977s][info][gc,phases   ] GC(159)   Pre Evacuate Collection Set: 0.1ms
[190.977s][info][gc,phases   ] GC(159)   Merge Heap Roots: 0.1ms
[190.977s][info][gc,phases   ] GC(159)   Evacuate Collection Set: 1.8ms
[190.977s][info][gc,phases   ] GC(159)   Post Evacuate Collection Set: 0.3ms
[190.977s][info][gc,phases   ] GC(159)   Other: 0.1ms
[190.977s][info][gc,heap     ] GC(159) Eden regions: 29->0(29)
[190.977s][info][gc,heap     ] GC(159) Survivor regions: 1->1(4)
[190.977s][info][gc,heap     ] GC(159) Old regions: 11->11
[190.977s][info][gc,heap     ] GC(159) Humongous regions: 1->1
[190.977s][info][gc,metaspace] GC(159) Metaspace: 54899K(56000K)->54899K(56000K) NonClass: 47622K(48256K)->47622K(48256K) Class: 7277K(7744K)->7277K(7744K)
[190.977s][info][gc          ] GC(159) Pause Young (Normal) (G1 Evacuation Pause) 160M->44M(200M) 2.621ms
[190.977s][info][gc,cpu      ] GC(159) User=0.01s Sys=0.00s Real=0.00s
[191.280s][info][gc,start    ] GC(160) Pause Young (Normal) (G1 Evacuation Pause)
[191.280s][info][gc,task     ] GC(160) Using 8 workers of 8 for evacuation
[191.282s][info][gc,phases   ] GC(160)   Pre Evacuate Collection Set: 0.1ms
[191.282s][info][gc,phases   ] GC(160)   Merge Heap Roots: 0.1ms
[191.282s][info][gc,phases   ] GC(160)   Evacuate Collection Set: 1.3ms
[191.282s][info][gc,phases   ] GC(160)   Post Evacuate Collection Set: 0.3ms
[191.282s][info][gc,phases   ] GC(160)   Other: 0.0ms
[191.282s][info][gc,heap     ] GC(160) Eden regions: 29->0(29)
[191.282s][info][gc,heap     ] GC(160) Survivor regions: 1->1(4)
[191.282s][info][gc,heap     ] GC(160) Old regions: 11->11
[191.282s][info][gc,heap     ] GC(160) Humongous regions: 1->1
[191.282s][info][gc,metaspace] GC(160) Metaspace: 54899K(56000K)->54899K(56000K) NonClass: 47622K(48256K)->47622K(48256K) Class: 7277K(7744K)->7277K(7744K)
[191.282s][info][gc          ] GC(160) Pause Young (Normal) (G1 Evacuation Pause) 160M->44M(200M) 2.051ms
[191.282s][info][gc,cpu      ] GC(160) User=0.01s Sys=0.00s Real=0.01s
[191.691s][info][gc,start    ] GC(161) Pause Young (Normal) (G1 Evacuation Pause)
[191.691s][info][gc,task     ] GC(161) Using 8 workers of 8 for evacuation
[191.694s][info][gc,phases   ] GC(161)   Pre Evacuate Collection Set: 0.1ms
[191.694s][info][gc,phases   ] GC(161)   Merge Heap Roots: 0.1ms
[191.694s][info][gc,phases   ] GC(161)   Evacuate Collection Set: 2.0ms
[191.694s][info][gc,phases   ] GC(161)   Post Evacuate Collection Set: 0.3ms
[191.694s][info][gc,phases   ] GC(161)   Other: 0.1ms
[191.694s][info][gc,heap     ] GC(161) Eden regions: 29->0(29)
[191.694s][info][gc,heap     ] GC(161) Survivor regions: 1->1(4)
[191.694s][info][gc,heap     ] GC(161) Old regions: 11->11
[191.694s][info][gc,heap     ] GC(161) Humongous regions: 1->1
[191.694s][info][gc,metaspace] GC(161) Metaspace: 54899K(56000K)->54899K(56000K) NonClass: 47622K(48256K)->47622K(48256K) Class: 7277K(7744K)->7277K(7744K)
[191.694s][info][gc          ] GC(161) Pause Young (Normal) (G1 Evacuation Pause) 160M->44M(200M) 2.606ms
[191.694s][info][gc,cpu      ] GC(161) User=0.00s Sys=0.00s Real=0.01s
[191.971s][info][gc,start    ] GC(162) Pause Young (Normal) (G1 Evacuation Pause)
[191.971s][info][gc,task     ] GC(162) Using 8 workers of 8 for evacuation
[191.973s][info][gc,phases   ] GC(162)   Pre Evacuate Collection Set: 0.1ms
[191.973s][info][gc,phases   ] GC(162)   Merge Heap Roots: 0.1ms
[191.973s][info][gc,phases   ] GC(162)   Evacuate Collection Set: 1.5ms
[191.973s][info][gc,phases   ] GC(162)   Post Evacuate Collection Set: 0.2ms
[191.973s][info][gc,phases   ] GC(162)   Other: 0.1ms
[191.974s][info][gc,heap     ] GC(162) Eden regions: 29->0(29)
[191.974s][info][gc,heap     ] GC(162) Survivor regions: 1->1(4)
[191.974s][info][gc,heap     ] GC(162) Old regions: 11->11
[191.974s][info][gc,heap     ] GC(162) Humongous regions: 1->1
[191.974s][info][gc,metaspace] GC(162) Metaspace: 54899K(56000K)->54899K(56000K) NonClass: 47622K(48256K)->47622K(48256K) Class: 7277K(7744K)->7277K(7744K)
[191.974s][info][gc          ] GC(162) Pause Young (Normal) (G1 Evacuation Pause) 160M->44M(200M) 2.224ms
[191.974s][info][gc,cpu      ] GC(162) User=0.01s Sys=0.01s Real=0.00s
[192.284s][info][gc,start    ] GC(163) Pause Young (Normal) (G1 Evacuation Pause)
[192.284s][info][gc,task     ] GC(163) Using 8 workers of 8 for evacuation
[192.286s][info][gc,phases   ] GC(163)   Pre Evacuate Collection Set: 0.1ms
[192.286s][info][gc,phases   ] GC(163)   Merge Heap Roots: 0.1ms
[192.286s][info][gc,phases   ] GC(163)   Evacuate Collection Set: 1.4ms
[192.286s][info][gc,phases   ] GC(163)   Post Evacuate Collection Set: 0.3ms
[192.286s][info][gc,phases   ] GC(163)   Other: 0.0ms
[192.286s][info][gc,heap     ] GC(163) Eden regions: 29->0(29)
[192.286s][info][gc,heap     ] GC(163) Survivor regions: 1->1(4)
[192.286s][info][gc,heap     ] GC(163) Old regions: 11->11
[192.286s][info][gc,heap     ] GC(163) Humongous regions: 1->1
[192.286s][info][gc,metaspace] GC(163) Metaspace: 54899K(56000K)->54899K(56000K) NonClass: 47622K(48256K)->47622K(48256K) Class: 7277K(7744K)->7277K(7744K)
[192.286s][info][gc          ] GC(163) Pause Young (Normal) (G1 Evacuation Pause) 160M->44M(200M) 2.050ms
[192.286s][info][gc,cpu      ] GC(163) User=0.00s Sys=0.00s Real=0.00s
[192.989s][info][gc,start    ] GC(164) Pause Young (Normal) (G1 Evacuation Pause)
[192.989s][info][gc,task     ] GC(164) Using 8 workers of 8 for evacuation
[193.000s][info][gc,phases   ] GC(164)   Pre Evacuate Collection Set: 0.1ms
[193.000s][info][gc,phases   ] GC(164)   Merge Heap Roots: 0.1ms
[193.000s][info][gc,phases   ] GC(164)   Evacuate Collection Set: 9.8ms
[193.000s][info][gc,phases   ] GC(164)   Post Evacuate Collection Set: 0.5ms
[193.000s][info][gc,phases   ] GC(164)   Other: 0.1ms
[193.000s][info][gc,heap     ] GC(164) Eden regions: 29->0(29)
[193.000s][info][gc,heap     ] GC(164) Survivor regions: 1->1(4)
[193.000s][info][gc,heap     ] GC(164) Old regions: 11->11
[193.000s][info][gc,heap     ] GC(164) Humongous regions: 1->1
[193.000s][info][gc,metaspace] GC(164) Metaspace: 54899K(56000K)->54899K(56000K) NonClass: 47622K(48256K)->47622K(48256K) Class: 7277K(7744K)->7277K(7744K)
[193.000s][info][gc          ] GC(164) Pause Young (Normal) (G1 Evacuation Pause) 160M->44M(200M) 11.166ms
[193.000s][info][gc,cpu      ] GC(164) User=0.01s Sys=0.00s Real=0.01s
[193.318s][info][gc,start    ] GC(165) Pause Young (Normal) (G1 Evacuation Pause)
[193.318s][info][gc,task     ] GC(165) Using 8 workers of 8 for evacuation
[193.320s][info][gc,phases   ] GC(165)   Pre Evacuate Collection Set: 0.1ms
[193.320s][info][gc,phases   ] GC(165)   Merge Heap Roots: 0.1ms
[193.320s][info][gc,phases   ] GC(165)   Evacuate Collection Set: 1.6ms
[193.320s][info][gc,phases   ] GC(165)   Post Evacuate Collection Set: 0.3ms
[193.320s][info][gc,phases   ] GC(165)   Other: 0.0ms
[193.320s][info][gc,heap     ] GC(165) Eden regions: 29->0(29)
[193.320s][info][gc,heap     ] GC(165) Survivor regions: 1->1(4)
[193.320s][info][gc,heap     ] GC(165) Old regions: 11->11
[193.320s][info][gc,heap     ] GC(165) Humongous regions: 1->1
[193.320s][info][gc,metaspace] GC(165) Metaspace: 54899K(56000K)->54899K(56000K) NonClass: 47622K(48256K)->47622K(48256K) Class: 7277K(7744K)->7277K(7744K)
[193.320s][info][gc          ] GC(165) Pause Young (Normal) (G1 Evacuation Pause) 160M->44M(200M) 2.278ms
[193.321s][info][gc,cpu      ] GC(165) User=0.01s Sys=0.00s Real=0.00s
[193.634s][info][gc,start    ] GC(166) Pause Young (Normal) (G1 Evacuation Pause)
[193.634s][info][gc,task     ] GC(166) Using 8 workers of 8 for evacuation
[193.636s][info][gc,phases   ] GC(166)   Pre Evacuate Collection Set: 0.1ms
[193.636s][info][gc,phases   ] GC(166)   Merge Heap Roots: 0.1ms
[193.636s][info][gc,phases   ] GC(166)   Evacuate Collection Set: 1.8ms
[193.636s][info][gc,phases   ] GC(166)   Post Evacuate Collection Set: 0.2ms
[193.636s][info][gc,phases   ] GC(166)   Other: 0.0ms
[193.636s][info][gc,heap     ] GC(166) Eden regions: 29->0(29)
[193.636s][info][gc,heap     ] GC(166) Survivor regions: 1->1(4)
[193.636s][info][gc,heap     ] GC(166) Old regions: 11->11
[193.636s][info][gc,heap     ] GC(166) Humongous regions: 1->1
[193.636s][info][gc,metaspace] GC(166) Metaspace: 54899K(56000K)->54899K(56000K) NonClass: 47622K(48256K)->47622K(48256K) Class: 7277K(7744K)->7277K(7744K)
[193.636s][info][gc          ] GC(166) Pause Young (Normal) (G1 Evacuation Pause) 160M->44M(200M) 2.371ms
[193.636s][info][gc,cpu      ] GC(166) User=0.01s Sys=0.00s Real=0.00s
[194.000s][info][gc,start    ] GC(167) Pause Young (Normal) (G1 Evacuation Pause)
[194.000s][info][gc,task     ] GC(167) Using 8 workers of 8 for evacuation
[194.002s][info][gc,phases   ] GC(167)   Pre Evacuate Collection Set: 0.1ms
[194.002s][info][gc,phases   ] GC(167)   Merge Heap Roots: 0.1ms
[194.002s][info][gc,phases   ] GC(167)   Evacuate Collection Set: 1.7ms
[194.002s][info][gc,phases   ] GC(167)   Post Evacuate Collection Set: 0.2ms
[194.002s][info][gc,phases   ] GC(167)   Other: 0.0ms
[194.002s][info][gc,heap     ] GC(167) Eden regions: 29->0(29)
[194.002s][info][gc,heap     ] GC(167) Survivor regions: 1->1(4)
[194.002s][info][gc,heap     ] GC(167) Old regions: 11->11
[194.002s][info][gc,heap     ] GC(167) Humongous regions: 1->1
[194.002s][info][gc,metaspace] GC(167) Metaspace: 54899K(56000K)->54899K(56000K) NonClass: 47622K(48256K)->47622K(48256K) Class: 7277K(7744K)->7277K(7744K)
[194.002s][info][gc          ] GC(167) Pause Young (Normal) (G1 Evacuation Pause) 160M->44M(200M) 2.311ms
[194.002s][info][gc,cpu      ] GC(167) User=0.01s Sys=0.00s Real=0.01s
[194.395s][info][gc,start    ] GC(168) Pause Young (Normal) (G1 Evacuation Pause)
[194.396s][info][gc,task     ] GC(168) Using 8 workers of 8 for evacuation
[194.398s][info][gc,phases   ] GC(168)   Pre Evacuate Collection Set: 0.1ms
[194.399s][info][gc,phases   ] GC(168)   Merge Heap Roots: 0.1ms
[194.399s][info][gc,phases   ] GC(168)   Evacuate Collection Set: 2.5ms
[194.399s][info][gc,phases   ] GC(168)   Post Evacuate Collection Set: 0.3ms
[194.399s][info][gc,phases   ] GC(168)   Other: 0.0ms
[194.399s][info][gc,heap     ] GC(168) Eden regions: 29->0(29)
[194.399s][info][gc,heap     ] GC(168) Survivor regions: 1->1(4)
[194.399s][info][gc,heap     ] GC(168) Old regions: 11->11
[194.399s][info][gc,heap     ] GC(168) Humongous regions: 1->1
[194.399s][info][gc,metaspace] GC(168) Metaspace: 54899K(56000K)->54899K(56000K) NonClass: 47622K(48256K)->47622K(48256K) Class: 7277K(7744K)->7277K(7744K)
[194.399s][info][gc          ] GC(168) Pause Young (Normal) (G1 Evacuation Pause) 160M->44M(200M) 3.135ms
[194.399s][info][gc,cpu      ] GC(168) User=0.00s Sys=0.00s Real=0.00s
[194.752s][info][gc,start    ] GC(169) Pause Young (Normal) (G1 Evacuation Pause)
[194.752s][info][gc,task     ] GC(169) Using 8 workers of 8 for evacuation
[194.754s][info][gc,phases   ] GC(169)   Pre Evacuate Collection Set: 0.1ms
[194.754s][info][gc,phases   ] GC(169)   Merge Heap Roots: 0.1ms
[194.754s][info][gc,phases   ] GC(169)   Evacuate Collection Set: 1.7ms
[194.754s][info][gc,phases   ] GC(169)   Post Evacuate Collection Set: 0.3ms
[194.754s][info][gc,phases   ] GC(169)   Other: 0.0ms
[194.754s][info][gc,heap     ] GC(169) Eden regions: 29->0(29)
[194.754s][info][gc,heap     ] GC(169) Survivor regions: 1->1(4)
[194.754s][info][gc,heap     ] GC(169) Old regions: 11->11
[194.754s][info][gc,heap     ] GC(169) Humongous regions: 1->1
[194.754s][info][gc,metaspace] GC(169) Metaspace: 54899K(56000K)->54899K(56000K) NonClass: 47622K(48256K)->47622K(48256K) Class: 7277K(7744K)->7277K(7744K)
[194.754s][info][gc          ] GC(169) Pause Young (Normal) (G1 Evacuation Pause) 160M->44M(200M) 2.383ms
[194.754s][info][gc,cpu      ] GC(169) User=0.01s Sys=0.00s Real=0.00s
[195.027s][info][gc,start    ] GC(170) Pause Young (Normal) (G1 Evacuation Pause)
[195.027s][info][gc,task     ] GC(170) Using 8 workers of 8 for evacuation
[195.031s][info][gc,phases   ] GC(170)   Pre Evacuate Collection Set: 0.2ms
[195.031s][info][gc,phases   ] GC(170)   Merge Heap Roots: 0.1ms
[195.031s][info][gc,phases   ] GC(170)   Evacuate Collection Set: 2.9ms
[195.031s][info][gc,phases   ] GC(170)   Post Evacuate Collection Set: 0.3ms
[195.031s][info][gc,phases   ] GC(170)   Other: 0.0ms
[195.031s][info][gc,heap     ] GC(170) Eden regions: 29->0(29)
[195.031s][info][gc,heap     ] GC(170) Survivor regions: 1->1(4)
[195.031s][info][gc,heap     ] GC(170) Old regions: 11->11
[195.031s][info][gc,heap     ] GC(170) Humongous regions: 1->1
[195.031s][info][gc,metaspace] GC(170) Metaspace: 54899K(56000K)->54899K(56000K) NonClass: 47622K(48256K)->47622K(48256K) Class: 7277K(7744K)->7277K(7744K)
[195.031s][info][gc          ] GC(170) Pause Young (Normal) (G1 Evacuation Pause) 160M->44M(200M) 3.636ms
[195.031s][info][gc,cpu      ] GC(170) User=0.01s Sys=0.00s Real=0.01s
[195.389s][info][gc,start    ] GC(171) Pause Young (Normal) (G1 Evacuation Pause)
[195.389s][info][gc,task     ] GC(171) Using 8 workers of 8 for evacuation
[195.391s][info][gc,phases   ] GC(171)   Pre Evacuate Collection Set: 0.1ms
[195.391s][info][gc,phases   ] GC(171)   Merge Heap Roots: 0.1ms
[195.391s][info][gc,phases   ] GC(171)   Evacuate Collection Set: 1.2ms
[195.391s][info][gc,phases   ] GC(171)   Post Evacuate Collection Set: 0.3ms
[195.391s][info][gc,phases   ] GC(171)   Other: 0.0ms
[195.391s][info][gc,heap     ] GC(171) Eden regions: 29->0(29)
[195.391s][info][gc,heap     ] GC(171) Survivor regions: 1->1(4)
[195.391s][info][gc,heap     ] GC(171) Old regions: 11->11
[195.391s][info][gc,heap     ] GC(171) Humongous regions: 1->1
[195.391s][info][gc,metaspace] GC(171) Metaspace: 54899K(56000K)->54899K(56000K) NonClass: 47622K(48256K)->47622K(48256K) Class: 7277K(7744K)->7277K(7744K)
[195.391s][info][gc          ] GC(171) Pause Young (Normal) (G1 Evacuation Pause) 160M->44M(200M) 1.833ms
[195.391s][info][gc,cpu      ] GC(171) User=0.01s Sys=0.00s Real=0.00s
[195.822s][info][gc,start    ] GC(172) Pause Young (Normal) (G1 Evacuation Pause)
[195.822s][info][gc,task     ] GC(172) Using 8 workers of 8 for evacuation
[195.824s][info][gc,phases   ] GC(172)   Pre Evacuate Collection Set: 0.2ms
[195.824s][info][gc,phases   ] GC(172)   Merge Heap Roots: 0.1ms
[195.824s][info][gc,phases   ] GC(172)   Evacuate Collection Set: 1.6ms
[195.824s][info][gc,phases   ] GC(172)   Post Evacuate Collection Set: 0.2ms
[195.824s][info][gc,phases   ] GC(172)   Other: 0.1ms
[195.824s][info][gc,heap     ] GC(172) Eden regions: 29->0(29)
[195.824s][info][gc,heap     ] GC(172) Survivor regions: 1->1(4)
[195.824s][info][gc,heap     ] GC(172) Old regions: 11->11
[195.824s][info][gc,heap     ] GC(172) Humongous regions: 1->1
[195.824s][info][gc,metaspace] GC(172) Metaspace: 54899K(56000K)->54899K(56000K) NonClass: 47622K(48256K)->47622K(48256K) Class: 7277K(7744K)->7277K(7744K)
[195.824s][info][gc          ] GC(172) Pause Young (Normal) (G1 Evacuation Pause) 160M->44M(200M) 2.388ms
[195.824s][info][gc,cpu      ] GC(172) User=0.00s Sys=0.00s Real=0.00s
[196.247s][info][gc,start    ] GC(173) Pause Young (Normal) (G1 Evacuation Pause)
[196.247s][info][gc,task     ] GC(173) Using 8 workers of 8 for evacuation
[196.249s][info][gc,phases   ] GC(173)   Pre Evacuate Collection Set: 0.2ms
[196.249s][info][gc,phases   ] GC(173)   Merge Heap Roots: 0.1ms
[196.249s][info][gc,phases   ] GC(173)   Evacuate Collection Set: 1.9ms
[196.249s][info][gc,phases   ] GC(173)   Post Evacuate Collection Set: 0.2ms
[196.249s][info][gc,phases   ] GC(173)   Other: 0.0ms
[196.249s][info][gc,heap     ] GC(173) Eden regions: 29->0(29)
[196.249s][info][gc,heap     ] GC(173) Survivor regions: 1->1(4)
[196.249s][info][gc,heap     ] GC(173) Old regions: 11->11
[196.249s][info][gc,heap     ] GC(173) Humongous regions: 1->1
[196.249s][info][gc,metaspace] GC(173) Metaspace: 54899K(56000K)->54899K(56000K) NonClass: 47622K(48256K)->47622K(48256K) Class: 7277K(7744K)->7277K(7744K)
[196.249s][info][gc          ] GC(173) Pause Young (Normal) (G1 Evacuation Pause) 160M->44M(200M) 2.638ms
[196.249s][info][gc,cpu      ] GC(173) User=0.01s Sys=0.00s Real=0.00s
[196.757s][info][gc,start    ] GC(174) Pause Young (Normal) (G1 Evacuation Pause)
[196.757s][info][gc,task     ] GC(174) Using 8 workers of 8 for evacuation
[196.759s][info][gc,phases   ] GC(174)   Pre Evacuate Collection Set: 0.1ms
[196.759s][info][gc,phases   ] GC(174)   Merge Heap Roots: 0.1ms
[196.759s][info][gc,phases   ] GC(174)   Evacuate Collection Set: 1.6ms
[196.759s][info][gc,phases   ] GC(174)   Post Evacuate Collection Set: 0.3ms
[196.759s][info][gc,phases   ] GC(174)   Other: 0.0ms
[196.759s][info][gc,heap     ] GC(174) Eden regions: 29->0(29)
[196.759s][info][gc,heap     ] GC(174) Survivor regions: 1->1(4)
[196.759s][info][gc,heap     ] GC(174) Old regions: 11->11
[196.759s][info][gc,heap     ] GC(174) Humongous regions: 1->1
[196.759s][info][gc,metaspace] GC(174) Metaspace: 54899K(56000K)->54899K(56000K) NonClass: 47622K(48256K)->47622K(48256K) Class: 7277K(7744K)->7277K(7744K)
[196.759s][info][gc          ] GC(174) Pause Young (Normal) (G1 Evacuation Pause) 160M->44M(200M) 2.281ms
[196.759s][info][gc,cpu      ] GC(174) User=0.01s Sys=0.00s Real=0.00s
[197.211s][info][gc,start    ] GC(175) Pause Young (Normal) (G1 Evacuation Pause)
[197.212s][info][gc,task     ] GC(175) Using 8 workers of 8 for evacuation
[197.214s][info][gc,phases   ] GC(175)   Pre Evacuate Collection Set: 0.1ms
[197.214s][info][gc,phases   ] GC(175)   Merge Heap Roots: 0.1ms
[197.214s][info][gc,phases   ] GC(175)   Evacuate Collection Set: 1.7ms
[197.214s][info][gc,phases   ] GC(175)   Post Evacuate Collection Set: 0.3ms
[197.214s][info][gc,phases   ] GC(175)   Other: 0.0ms
[197.214s][info][gc,heap     ] GC(175) Eden regions: 29->0(29)
[197.214s][info][gc,heap     ] GC(175) Survivor regions: 1->1(4)
[197.214s][info][gc,heap     ] GC(175) Old regions: 11->11
[197.214s][info][gc,heap     ] GC(175) Humongous regions: 1->1
[197.214s][info][gc,metaspace] GC(175) Metaspace: 54899K(56000K)->54899K(56000K) NonClass: 47622K(48256K)->47622K(48256K) Class: 7277K(7744K)->7277K(7744K)
[197.214s][info][gc          ] GC(175) Pause Young (Normal) (G1 Evacuation Pause) 160M->45M(200M) 2.310ms
[197.214s][info][gc,cpu      ] GC(175) User=0.01s Sys=0.01s Real=0.00s
[197.536s][info][gc,start    ] GC(176) Pause Young (Normal) (G1 Evacuation Pause)
[197.536s][info][gc,task     ] GC(176) Using 8 workers of 8 for evacuation
[197.539s][info][gc,phases   ] GC(176)   Pre Evacuate Collection Set: 0.1ms
[197.539s][info][gc,phases   ] GC(176)   Merge Heap Roots: 0.1ms
[197.539s][info][gc,phases   ] GC(176)   Evacuate Collection Set: 2.1ms
[197.539s][info][gc,phases   ] GC(176)   Post Evacuate Collection Set: 0.3ms
[197.539s][info][gc,phases   ] GC(176)   Other: 0.0ms
[197.539s][info][gc,heap     ] GC(176) Eden regions: 29->0(29)
[197.539s][info][gc,heap     ] GC(176) Survivor regions: 1->1(4)
[197.539s][info][gc,heap     ] GC(176) Old regions: 11->11
[197.539s][info][gc,heap     ] GC(176) Humongous regions: 1->1
[197.539s][info][gc,metaspace] GC(176) Metaspace: 54899K(56000K)->54899K(56000K) NonClass: 47622K(48256K)->47622K(48256K) Class: 7277K(7744K)->7277K(7744K)
[197.539s][info][gc          ] GC(176) Pause Young (Normal) (G1 Evacuation Pause) 161M->45M(200M) 2.853ms
[197.539s][info][gc,cpu      ] GC(176) User=0.01s Sys=0.00s Real=0.00s
[198.130s][info][gc,start    ] GC(177) Pause Young (Normal) (G1 Evacuation Pause)
[198.130s][info][gc,task     ] GC(177) Using 8 workers of 8 for evacuation
[198.132s][info][gc,phases   ] GC(177)   Pre Evacuate Collection Set: 0.1ms
[198.132s][info][gc,phases   ] GC(177)   Merge Heap Roots: 0.1ms
[198.132s][info][gc,phases   ] GC(177)   Evacuate Collection Set: 1.5ms
[198.132s][info][gc,phases   ] GC(177)   Post Evacuate Collection Set: 0.3ms
[198.132s][info][gc,phases   ] GC(177)   Other: 0.0ms
[198.132s][info][gc,heap     ] GC(177) Eden regions: 29->0(29)
[198.132s][info][gc,heap     ] GC(177) Survivor regions: 1->1(4)
[198.132s][info][gc,heap     ] GC(177) Old regions: 11->11
[198.132s][info][gc,heap     ] GC(177) Humongous regions: 1->1
[198.132s][info][gc,metaspace] GC(177) Metaspace: 54899K(56000K)->54899K(56000K) NonClass: 47622K(48256K)->47622K(48256K) Class: 7277K(7744K)->7277K(7744K)
[198.132s][info][gc          ] GC(177) Pause Young (Normal) (G1 Evacuation Pause) 161M->45M(200M) 2.171ms
[198.132s][info][gc,cpu      ] GC(177) User=0.01s Sys=0.00s Real=0.01s
[198.489s][info][gc,start    ] GC(178) Pause Young (Normal) (G1 Evacuation Pause)
[198.489s][info][gc,task     ] GC(178) Using 8 workers of 8 for evacuation
[198.491s][info][gc,phases   ] GC(178)   Pre Evacuate Collection Set: 0.1ms
[198.491s][info][gc,phases   ] GC(178)   Merge Heap Roots: 0.1ms
[198.491s][info][gc,phases   ] GC(178)   Evacuate Collection Set: 1.5ms
[198.491s][info][gc,phases   ] GC(178)   Post Evacuate Collection Set: 0.2ms
[198.491s][info][gc,phases   ] GC(178)   Other: 0.0ms
[198.491s][info][gc,heap     ] GC(178) Eden regions: 29->0(29)
[198.491s][info][gc,heap     ] GC(178) Survivor regions: 1->1(4)
[198.491s][info][gc,heap     ] GC(178) Old regions: 11->11
[198.491s][info][gc,heap     ] GC(178) Humongous regions: 1->1
[198.491s][info][gc,metaspace] GC(178) Metaspace: 54899K(56000K)->54899K(56000K) NonClass: 47622K(48256K)->47622K(48256K) Class: 7277K(7744K)->7277K(7744K)
[198.491s][info][gc          ] GC(178) Pause Young (Normal) (G1 Evacuation Pause) 161M->45M(200M) 2.041ms
[198.491s][info][gc,cpu      ] GC(178) User=0.01s Sys=0.00s Real=0.00s
[198.812s][info][gc,start    ] GC(179) Pause Young (Normal) (G1 Evacuation Pause)
[198.812s][info][gc,task     ] GC(179) Using 8 workers of 8 for evacuation
[198.814s][info][gc,phases   ] GC(179)   Pre Evacuate Collection Set: 0.1ms
[198.814s][info][gc,phases   ] GC(179)   Merge Heap Roots: 0.1ms
[198.814s][info][gc,phases   ] GC(179)   Evacuate Collection Set: 1.8ms
[198.814s][info][gc,phases   ] GC(179)   Post Evacuate Collection Set: 0.2ms
[198.815s][info][gc,phases   ] GC(179)   Other: 0.1ms
[198.815s][info][gc,heap     ] GC(179) Eden regions: 29->0(29)
[198.815s][info][gc,heap     ] GC(179) Survivor regions: 1->1(4)
[198.815s][info][gc,heap     ] GC(179) Old regions: 11->11
[198.815s][info][gc,heap     ] GC(179) Humongous regions: 1->1
[198.815s][info][gc,metaspace] GC(179) Metaspace: 54899K(56000K)->54899K(56000K) NonClass: 47622K(48256K)->47622K(48256K) Class: 7277K(7744K)->7277K(7744K)
[198.815s][info][gc          ] GC(179) Pause Young (Normal) (G1 Evacuation Pause) 161M->45M(200M) 2.434ms
[198.815s][info][gc,cpu      ] GC(179) User=0.01s Sys=0.00s Real=0.00s
[199.185s][info][gc,start    ] GC(180) Pause Young (Normal) (G1 Evacuation Pause)
[199.185s][info][gc,task     ] GC(180) Using 8 workers of 8 for evacuation
[199.187s][info][gc,phases   ] GC(180)   Pre Evacuate Collection Set: 0.1ms
[199.187s][info][gc,phases   ] GC(180)   Merge Heap Roots: 0.1ms
[199.187s][info][gc,phases   ] GC(180)   Evacuate Collection Set: 1.6ms
[199.187s][info][gc,phases   ] GC(180)   Post Evacuate Collection Set: 0.2ms
[199.187s][info][gc,phases   ] GC(180)   Other: 0.0ms
[199.187s][info][gc,heap     ] GC(180) Eden regions: 29->0(29)
[199.187s][info][gc,heap     ] GC(180) Survivor regions: 1->1(4)
[199.187s][info][gc,heap     ] GC(180) Old regions: 11->11
[199.187s][info][gc,heap     ] GC(180) Humongous regions: 1->1
[199.187s][info][gc,metaspace] GC(180) Metaspace: 54899K(56000K)->54899K(56000K) NonClass: 47622K(48256K)->47622K(48256K) Class: 7277K(7744K)->7277K(7744K)
[199.187s][info][gc          ] GC(180) Pause Young (Normal) (G1 Evacuation Pause) 161M->45M(200M) 2.179ms
[199.187s][info][gc,cpu      ] GC(180) User=0.01s Sys=0.00s Real=0.00s
[199.477s][info][gc,start    ] GC(181) Pause Young (Normal) (G1 Evacuation Pause)
[199.477s][info][gc,task     ] GC(181) Using 8 workers of 8 for evacuation
[199.480s][info][gc,phases   ] GC(181)   Pre Evacuate Collection Set: 0.1ms
[199.480s][info][gc,phases   ] GC(181)   Merge Heap Roots: 0.1ms
[199.480s][info][gc,phases   ] GC(181)   Evacuate Collection Set: 2.0ms
[199.480s][info][gc,phases   ] GC(181)   Post Evacuate Collection Set: 0.2ms
[199.480s][info][gc,phases   ] GC(181)   Other: 0.0ms
[199.480s][info][gc,heap     ] GC(181) Eden regions: 29->0(29)
[199.480s][info][gc,heap     ] GC(181) Survivor regions: 1->1(4)
[199.480s][info][gc,heap     ] GC(181) Old regions: 11->11
[199.480s][info][gc,heap     ] GC(181) Humongous regions: 1->1
[199.480s][info][gc,metaspace] GC(181) Metaspace: 54899K(56000K)->54899K(56000K) NonClass: 47622K(48256K)->47622K(48256K) Class: 7277K(7744K)->7277K(7744K)
[199.480s][info][gc          ] GC(181) Pause Young (Normal) (G1 Evacuation Pause) 161M->45M(200M) 2.490ms
[199.480s][info][gc,cpu      ] GC(181) User=0.01s Sys=0.00s Real=0.00s
[199.857s][info][gc,start    ] GC(182) Pause Young (Normal) (G1 Evacuation Pause)
[199.857s][info][gc,task     ] GC(182) Using 8 workers of 8 for evacuation
[199.859s][info][gc,phases   ] GC(182)   Pre Evacuate Collection Set: 0.1ms
[199.859s][info][gc,phases   ] GC(182)   Merge Heap Roots: 0.1ms
[199.859s][info][gc,phases   ] GC(182)   Evacuate Collection Set: 1.7ms
[199.859s][info][gc,phases   ] GC(182)   Post Evacuate Collection Set: 0.2ms
[199.859s][info][gc,phases   ] GC(182)   Other: 0.0ms
[199.859s][info][gc,heap     ] GC(182) Eden regions: 29->0(29)
[199.859s][info][gc,heap     ] GC(182) Survivor regions: 1->1(4)
[199.859s][info][gc,heap     ] GC(182) Old regions: 11->11
[199.859s][info][gc,heap     ] GC(182) Humongous regions: 1->1
[199.859s][info][gc,metaspace] GC(182) Metaspace: 54899K(56000K)->54899K(56000K) NonClass: 47622K(48256K)->47622K(48256K) Class: 7277K(7744K)->7277K(7744K)
[199.859s][info][gc          ] GC(182) Pause Young (Normal) (G1 Evacuation Pause) 161M->45M(200M) 2.312ms
[199.859s][info][gc,cpu      ] GC(182) User=0.01s Sys=0.00s Real=0.00s
[200.150s][info][gc,start    ] GC(183) Pause Young (Normal) (G1 Evacuation Pause)
[200.150s][info][gc,task     ] GC(183) Using 8 workers of 8 for evacuation
[200.152s][info][gc,phases   ] GC(183)   Pre Evacuate Collection Set: 0.1ms
[200.152s][info][gc,phases   ] GC(183)   Merge Heap Roots: 0.1ms
[200.152s][info][gc,phases   ] GC(183)   Evacuate Collection Set: 1.7ms
[200.152s][info][gc,phases   ] GC(183)   Post Evacuate Collection Set: 0.3ms
[200.152s][info][gc,phases   ] GC(183)   Other: 0.0ms
[200.152s][info][gc,heap     ] GC(183) Eden regions: 29->0(29)
[200.152s][info][gc,heap     ] GC(183) Survivor regions: 1->1(4)
[200.152s][info][gc,heap     ] GC(183) Old regions: 11->11
[200.152s][info][gc,heap     ] GC(183) Humongous regions: 1->1
[200.152s][info][gc,metaspace] GC(183) Metaspace: 54899K(56000K)->54899K(56000K) NonClass: 47622K(48256K)->47622K(48256K) Class: 7277K(7744K)->7277K(7744K)
[200.152s][info][gc          ] GC(183) Pause Young (Normal) (G1 Evacuation Pause) 161M->45M(200M) 2.360ms
[200.152s][info][gc,cpu      ] GC(183) User=0.01s Sys=0.00s Real=0.01s
[200.448s][info][gc,start    ] GC(184) Pause Young (Normal) (G1 Evacuation Pause)
[200.448s][info][gc,task     ] GC(184) Using 8 workers of 8 for evacuation
[200.450s][info][gc,phases   ] GC(184)   Pre Evacuate Collection Set: 0.1ms
[200.450s][info][gc,phases   ] GC(184)   Merge Heap Roots: 0.1ms
[200.450s][info][gc,phases   ] GC(184)   Evacuate Collection Set: 1.8ms
[200.450s][info][gc,phases   ] GC(184)   Post Evacuate Collection Set: 0.3ms
[200.450s][info][gc,phases   ] GC(184)   Other: 0.0ms
[200.450s][info][gc,heap     ] GC(184) Eden regions: 29->0(29)
[200.450s][info][gc,heap     ] GC(184) Survivor regions: 1->1(4)
[200.450s][info][gc,heap     ] GC(184) Old regions: 11->11
[200.450s][info][gc,heap     ] GC(184) Humongous regions: 1->1
[200.450s][info][gc,metaspace] GC(184) Metaspace: 54899K(56000K)->54899K(56000K) NonClass: 47622K(48256K)->47622K(48256K) Class: 7277K(7744K)->7277K(7744K)
[200.450s][info][gc          ] GC(184) Pause Young (Normal) (G1 Evacuation Pause) 161M->45M(200M) 2.430ms
[200.450s][info][gc,cpu      ] GC(184) User=0.00s Sys=0.00s Real=0.00s
[200.593s][info][gc,start    ] GC(185) Pause Young (Concurrent Start) (CodeCache GC Threshold)
[200.593s][info][gc,task     ] GC(185) Using 8 workers of 8 for evacuation
[200.595s][info][gc,phases   ] GC(185)   Pre Evacuate Collection Set: 0.1ms
[200.595s][info][gc,phases   ] GC(185)   Merge Heap Roots: 0.1ms
[200.595s][info][gc,phases   ] GC(185)   Evacuate Collection Set: 1.5ms
[200.595s][info][gc,phases   ] GC(185)   Post Evacuate Collection Set: 0.2ms
[200.595s][info][gc,phases   ] GC(185)   Other: 0.1ms
[200.595s][info][gc,heap     ] GC(185) Eden regions: 13->0(29)
[200.595s][info][gc,heap     ] GC(185) Survivor regions: 1->1(4)
[200.595s][info][gc,heap     ] GC(185) Old regions: 11->11
[200.595s][info][gc,heap     ] GC(185) Humongous regions: 1->1
[200.595s][info][gc,metaspace] GC(185) Metaspace: 54899K(56000K)->54899K(56000K) NonClass: 47622K(48256K)->47622K(48256K) Class: 7277K(7744K)->7277K(7744K)
[200.595s][info][gc          ] GC(185) Pause Young (Concurrent Start) (CodeCache GC Threshold) 95M->45M(200M) 2.185ms
[200.595s][info][gc          ] GC(186) Concurrent Mark Cycle
[200.595s][info][gc,cpu      ] GC(185) User=0.01s Sys=0.00s Real=0.00s
[200.595s][info][gc,marking  ] GC(186) Concurrent Scan Root Regions
[200.597s][info][gc,marking  ] GC(186) Concurrent Scan Root Regions 2.598ms
[200.598s][info][gc,marking  ] GC(186) Concurrent Mark
[200.598s][info][gc,marking  ] GC(186) Concurrent Mark From Roots
[200.598s][info][gc,task     ] GC(186) Using 2 workers of 2 for marking
[200.623s][info][gc,marking  ] GC(186) Concurrent Mark From Roots 25.642ms
[200.623s][info][gc,marking  ] GC(186) Concurrent Preclean
[200.624s][info][gc,marking  ] GC(186) Concurrent Preclean 0.316ms
[200.624s][info][gc,start    ] GC(186) Pause Remark
[200.640s][info][gc          ] GC(186) Pause Remark 47M->47M(188M) 16.145ms
[200.640s][info][gc,cpu      ] GC(186) User=0.02s Sys=0.05s Real=0.01s
[200.641s][info][gc,marking  ] GC(186) Concurrent Mark 43.191ms
[200.641s][info][gc,marking  ] GC(186) Concurrent Rebuild Remembered Sets and Scrub Regions
[200.659s][info][gc,marking  ] GC(186) Concurrent Rebuild Remembered Sets and Scrub Regions 18.399ms
[200.659s][info][gc,start    ] GC(186) Pause Cleanup
[200.659s][info][gc          ] GC(186) Pause Cleanup 51M->51M(188M) 0.120ms
[200.660s][info][gc,cpu      ] GC(186) User=0.00s Sys=0.00s Real=0.00s
[200.663s][info][gc,marking  ] GC(186) Concurrent Clear Claimed Marks
[200.663s][info][gc,marking  ] GC(186) Concurrent Clear Claimed Marks 0.082ms
[200.663s][info][gc,marking  ] GC(186) Concurrent Cleanup for Next Mark
[200.663s][info][gc,marking  ] GC(186) Concurrent Cleanup for Next Mark 0.294ms
[200.663s][info][gc          ] GC(186) Concurrent Mark Cycle 68.098ms
[200.943s][info][gc,start    ] GC(187) Pause Young (Prepare Mixed) (G1 Evacuation Pause)
[200.943s][info][gc,task     ] GC(187) Using 8 workers of 8 for evacuation
[200.945s][info][gc,phases   ] GC(187)   Pre Evacuate Collection Set: 0.1ms
[200.945s][info][gc,phases   ] GC(187)   Merge Heap Roots: 0.1ms
[200.945s][info][gc,phases   ] GC(187)   Evacuate Collection Set: 1.5ms
[200.945s][info][gc,phases   ] GC(187)   Post Evacuate Collection Set: 0.3ms
[200.945s][info][gc,phases   ] GC(187)   Other: 0.0ms
[200.945s][info][gc,heap     ] GC(187) Eden regions: 27->0(27)
[200.945s][info][gc,heap     ] GC(187) Survivor regions: 1->1(4)
[200.945s][info][gc,heap     ] GC(187) Old regions: 11->12
[200.945s][info][gc,heap     ] GC(187) Humongous regions: 1->1
[200.945s][info][gc,metaspace] GC(187) Metaspace: 54526K(56000K)->54526K(56000K) NonClass: 47348K(48256K)->47348K(48256K) Class: 7177K(7744K)->7177K(7744K)
[200.945s][info][gc          ] GC(187) Pause Young (Prepare Mixed) (G1 Evacuation Pause) 153M->45M(188M) 2.128ms
[200.945s][info][gc,cpu      ] GC(187) User=0.00s Sys=0.00s Real=0.00s
[201.248s][info][gc,start    ] GC(188) Pause Young (Mixed) (G1 Evacuation Pause)
[201.248s][info][gc,task     ] GC(188) Using 8 workers of 8 for evacuation
[201.251s][info][gc,phases   ] GC(188)   Pre Evacuate Collection Set: 0.1ms
[201.251s][info][gc,phases   ] GC(188)   Merge Heap Roots: 0.1ms
[201.251s][info][gc,phases   ] GC(188)   Evacuate Collection Set: 2.9ms
[201.251s][info][gc,phases   ] GC(188)   Post Evacuate Collection Set: 0.3ms
[201.251s][info][gc,phases   ] GC(188)   Other: 0.1ms
[201.251s][info][gc,heap     ] GC(188) Eden regions: 27->0(27)
[201.251s][info][gc,heap     ] GC(188) Survivor regions: 1->1(4)
[201.251s][info][gc,heap     ] GC(188) Old regions: 12->10
[201.251s][info][gc,heap     ] GC(188) Humongous regions: 1->1
[201.251s][info][gc,metaspace] GC(188) Metaspace: 54526K(56000K)->54526K(56000K) NonClass: 47348K(48256K)->47348K(48256K) Class: 7177K(7744K)->7177K(7744K)
[201.251s][info][gc          ] GC(188) Pause Young (Mixed) (G1 Evacuation Pause) 153M->39M(188M) 3.547ms
[201.251s][info][gc,cpu      ] GC(188) User=0.02s Sys=0.01s Real=0.00s
[201.607s][info][gc,start    ] GC(189) Pause Young (Normal) (G1 Evacuation Pause)
[201.607s][info][gc,task     ] GC(189) Using 8 workers of 8 for evacuation
[201.609s][info][gc,phases   ] GC(189)   Pre Evacuate Collection Set: 0.1ms
[201.609s][info][gc,phases   ] GC(189)   Merge Heap Roots: 0.1ms
[201.609s][info][gc,phases   ] GC(189)   Evacuate Collection Set: 1.3ms
[201.609s][info][gc,phases   ] GC(189)   Post Evacuate Collection Set: 0.3ms
[201.609s][info][gc,phases   ] GC(189)   Other: 0.0ms
[201.609s][info][gc,heap     ] GC(189) Eden regions: 27->0(27)
[201.609s][info][gc,heap     ] GC(189) Survivor regions: 1->1(4)
[201.609s][info][gc,heap     ] GC(189) Old regions: 10->10
[201.609s][info][gc,heap     ] GC(189) Humongous regions: 1->1
[201.609s][info][gc,metaspace] GC(189) Metaspace: 54526K(56000K)->54526K(56000K) NonClass: 47348K(48256K)->47348K(48256K) Class: 7177K(7744K)->7177K(7744K)
[201.609s][info][gc          ] GC(189) Pause Young (Normal) (G1 Evacuation Pause) 147M->39M(188M) 1.886ms
[201.609s][info][gc,cpu      ] GC(189) User=0.01s Sys=0.00s Real=0.00s
[201.865s][info][gc,start    ] GC(190) Pause Young (Normal) (G1 Evacuation Pause)
[201.865s][info][gc,task     ] GC(190) Using 8 workers of 8 for evacuation
[201.867s][info][gc,phases   ] GC(190)   Pre Evacuate Collection Set: 0.1ms
[201.867s][info][gc,phases   ] GC(190)   Merge Heap Roots: 0.1ms
[201.867s][info][gc,phases   ] GC(190)   Evacuate Collection Set: 1.5ms
[201.867s][info][gc,phases   ] GC(190)   Post Evacuate Collection Set: 0.2ms
[201.867s][info][gc,phases   ] GC(190)   Other: 0.0ms
[201.867s][info][gc,heap     ] GC(190) Eden regions: 27->0(27)
[201.867s][info][gc,heap     ] GC(190) Survivor regions: 1->1(4)
[201.867s][info][gc,heap     ] GC(190) Old regions: 10->10
[201.867s][info][gc,heap     ] GC(190) Humongous regions: 1->1
[201.867s][info][gc,metaspace] GC(190) Metaspace: 54526K(56000K)->54526K(56000K) NonClass: 47348K(48256K)->47348K(48256K) Class: 7177K(7744K)->7177K(7744K)
[201.867s][info][gc          ] GC(190) Pause Young (Normal) (G1 Evacuation Pause) 147M->39M(188M) 2.193ms
[201.867s][info][gc,cpu      ] GC(190) User=0.01s Sys=0.00s Real=0.00s
[202.157s][info][gc,start    ] GC(191) Pause Young (Normal) (G1 Evacuation Pause)
[202.157s][info][gc,task     ] GC(191) Using 8 workers of 8 for evacuation
[202.159s][info][gc,phases   ] GC(191)   Pre Evacuate Collection Set: 0.1ms
[202.159s][info][gc,phases   ] GC(191)   Merge Heap Roots: 0.1ms
[202.159s][info][gc,phases   ] GC(191)   Evacuate Collection Set: 1.3ms
[202.159s][info][gc,phases   ] GC(191)   Post Evacuate Collection Set: 0.3ms
[202.159s][info][gc,phases   ] GC(191)   Other: 0.0ms
[202.159s][info][gc,heap     ] GC(191) Eden regions: 27->0(27)
[202.159s][info][gc,heap     ] GC(191) Survivor regions: 1->1(4)
[202.159s][info][gc,heap     ] GC(191) Old regions: 10->10
[202.159s][info][gc,heap     ] GC(191) Humongous regions: 1->1
[202.159s][info][gc,metaspace] GC(191) Metaspace: 54526K(56000K)->54526K(56000K) NonClass: 47348K(48256K)->47348K(48256K) Class: 7177K(7744K)->7177K(7744K)
[202.159s][info][gc          ] GC(191) Pause Young (Normal) (G1 Evacuation Pause) 147M->39M(188M) 1.835ms
[202.159s][info][gc,cpu      ] GC(191) User=0.01s Sys=0.00s Real=0.00s
[202.533s][info][gc,start    ] GC(192) Pause Young (Normal) (G1 Evacuation Pause)
[202.533s][info][gc,task     ] GC(192) Using 8 workers of 8 for evacuation
[202.537s][info][gc,phases   ] GC(192)   Pre Evacuate Collection Set: 0.1ms
[202.537s][info][gc,phases   ] GC(192)   Merge Heap Roots: 0.0ms
[202.537s][info][gc,phases   ] GC(192)   Evacuate Collection Set: 2.8ms
[202.537s][info][gc,phases   ] GC(192)   Post Evacuate Collection Set: 0.4ms
[202.537s][info][gc,phases   ] GC(192)   Other: 0.1ms
[202.537s][info][gc,heap     ] GC(192) Eden regions: 27->0(27)
[202.537s][info][gc,heap     ] GC(192) Survivor regions: 1->1(4)
[202.537s][info][gc,heap     ] GC(192) Old regions: 10->10
[202.537s][info][gc,heap     ] GC(192) Humongous regions: 1->1
[202.537s][info][gc,metaspace] GC(192) Metaspace: 54526K(56000K)->54526K(56000K) NonClass: 47348K(48256K)->47348K(48256K) Class: 7177K(7744K)->7177K(7744K)
[202.537s][info][gc          ] GC(192) Pause Young (Normal) (G1 Evacuation Pause) 147M->39M(188M) 3.548ms
[202.537s][info][gc,cpu      ] GC(192) User=0.00s Sys=0.00s Real=0.00s
[202.942s][info][gc,start    ] GC(193) Pause Young (Normal) (G1 Evacuation Pause)
[202.942s][info][gc,task     ] GC(193) Using 8 workers of 8 for evacuation
[202.944s][info][gc,phases   ] GC(193)   Pre Evacuate Collection Set: 0.1ms
[202.944s][info][gc,phases   ] GC(193)   Merge Heap Roots: 0.1ms
[202.944s][info][gc,phases   ] GC(193)   Evacuate Collection Set: 1.4ms
[202.944s][info][gc,phases   ] GC(193)   Post Evacuate Collection Set: 0.2ms
[202.944s][info][gc,phases   ] GC(193)   Other: 0.0ms
[202.944s][info][gc,heap     ] GC(193) Eden regions: 27->0(27)
[202.944s][info][gc,heap     ] GC(193) Survivor regions: 1->1(4)
[202.944s][info][gc,heap     ] GC(193) Old regions: 10->10
[202.944s][info][gc,heap     ] GC(193) Humongous regions: 1->1
[202.944s][info][gc,metaspace] GC(193) Metaspace: 54526K(56000K)->54526K(56000K) NonClass: 47348K(48256K)->47348K(48256K) Class: 7177K(7744K)->7177K(7744K)
[202.944s][info][gc          ] GC(193) Pause Young (Normal) (G1 Evacuation Pause) 147M->39M(188M) 1.883ms
[202.944s][info][gc,cpu      ] GC(193) User=0.01s Sys=0.00s Real=0.00s
[203.238s][info][gc,start    ] GC(194) Pause Young (Normal) (G1 Evacuation Pause)
[203.239s][info][gc,task     ] GC(194) Using 8 workers of 8 for evacuation
[203.241s][info][gc,phases   ] GC(194)   Pre Evacuate Collection Set: 0.4ms
[203.241s][info][gc,phases   ] GC(194)   Merge Heap Roots: 0.1ms
[203.241s][info][gc,phases   ] GC(194)   Evacuate Collection Set: 1.4ms
[203.241s][info][gc,phases   ] GC(194)   Post Evacuate Collection Set: 0.3ms
[203.241s][info][gc,phases   ] GC(194)   Other: 0.0ms
[203.241s][info][gc,heap     ] GC(194) Eden regions: 27->0(27)
[203.241s][info][gc,heap     ] GC(194) Survivor regions: 1->1(4)
[203.241s][info][gc,heap     ] GC(194) Old regions: 10->10
[203.241s][info][gc,heap     ] GC(194) Humongous regions: 1->1
[203.241s][info][gc,metaspace] GC(194) Metaspace: 54526K(56000K)->54526K(56000K) NonClass: 47348K(48256K)->47348K(48256K) Class: 7177K(7744K)->7177K(7744K)
[203.241s][info][gc          ] GC(194) Pause Young (Normal) (G1 Evacuation Pause) 147M->39M(188M) 2.265ms
[203.241s][info][gc,cpu      ] GC(194) User=0.01s Sys=0.00s Real=0.00s
[203.598s][info][gc,start    ] GC(195) Pause Young (Normal) (G1 Evacuation Pause)
[203.598s][info][gc,task     ] GC(195) Using 8 workers of 8 for evacuation
[203.601s][info][gc,phases   ] GC(195)   Pre Evacuate Collection Set: 0.1ms
[203.601s][info][gc,phases   ] GC(195)   Merge Heap Roots: 0.1ms
[203.601s][info][gc,phases   ] GC(195)   Evacuate Collection Set: 2.8ms
[203.601s][info][gc,phases   ] GC(195)   Post Evacuate Collection Set: 0.5ms
[203.602s][info][gc,phases   ] GC(195)   Other: 0.1ms
[203.602s][info][gc,heap     ] GC(195) Eden regions: 27->0(27)
[203.602s][info][gc,heap     ] GC(195) Survivor regions: 1->1(4)
[203.602s][info][gc,heap     ] GC(195) Old regions: 10->10
[203.602s][info][gc,heap     ] GC(195) Humongous regions: 1->1
[203.602s][info][gc,metaspace] GC(195) Metaspace: 54526K(56000K)->54526K(56000K) NonClass: 47348K(48256K)->47348K(48256K) Class: 7177K(7744K)->7177K(7744K)
[203.602s][info][gc          ] GC(195) Pause Young (Normal) (G1 Evacuation Pause) 147M->40M(188M) 3.758ms
[203.602s][info][gc,cpu      ] GC(195) User=0.01s Sys=0.00s Real=0.01s
[203.985s][info][gc,start    ] GC(196) Pause Young (Normal) (G1 Evacuation Pause)
[203.985s][info][gc,task     ] GC(196) Using 8 workers of 8 for evacuation
[203.987s][info][gc,phases   ] GC(196)   Pre Evacuate Collection Set: 0.1ms
[203.987s][info][gc,phases   ] GC(196)   Merge Heap Roots: 0.1ms
[203.987s][info][gc,phases   ] GC(196)   Evacuate Collection Set: 1.2ms
[203.987s][info][gc,phases   ] GC(196)   Post Evacuate Collection Set: 0.2ms
[203.987s][info][gc,phases   ] GC(196)   Other: 0.0ms
[203.987s][info][gc,heap     ] GC(196) Eden regions: 27->0(27)
[203.987s][info][gc,heap     ] GC(196) Survivor regions: 1->1(4)
[203.987s][info][gc,heap     ] GC(196) Old regions: 10->10
[203.987s][info][gc,heap     ] GC(196) Humongous regions: 1->1
[203.987s][info][gc,metaspace] GC(196) Metaspace: 54526K(56000K)->54526K(56000K) NonClass: 47348K(48256K)->47348K(48256K) Class: 7177K(7744K)->7177K(7744K)
[203.987s][info][gc          ] GC(196) Pause Young (Normal) (G1 Evacuation Pause) 148M->40M(188M) 1.704ms
[203.987s][info][gc,cpu      ] GC(196) User=0.01s Sys=0.00s Real=0.00s
[204.298s][info][gc,start    ] GC(197) Pause Young (Normal) (G1 Evacuation Pause)
[204.298s][info][gc,task     ] GC(197) Using 8 workers of 8 for evacuation
[204.300s][info][gc,phases   ] GC(197)   Pre Evacuate Collection Set: 0.1ms
[204.300s][info][gc,phases   ] GC(197)   Merge Heap Roots: 0.1ms
[204.300s][info][gc,phases   ] GC(197)   Evacuate Collection Set: 1.1ms
[204.300s][info][gc,phases   ] GC(197)   Post Evacuate Collection Set: 0.4ms
[204.300s][info][gc,phases   ] GC(197)   Other: 0.1ms
[204.300s][info][gc,heap     ] GC(197) Eden regions: 27->0(27)
[204.300s][info][gc,heap     ] GC(197) Survivor regions: 1->1(4)
[204.300s][info][gc,heap     ] GC(197) Old regions: 10->10
[204.300s][info][gc,heap     ] GC(197) Humongous regions: 1->1
[204.300s][info][gc,metaspace] GC(197) Metaspace: 54526K(56000K)->54526K(56000K) NonClass: 47348K(48256K)->47348K(48256K) Class: 7177K(7744K)->7177K(7744K)
[204.300s][info][gc          ] GC(197) Pause Young (Normal) (G1 Evacuation Pause) 148M->40M(188M) 2.063ms
[204.300s][info][gc,cpu      ] GC(197) User=0.01s Sys=0.00s Real=0.00s
[204.639s][info][gc,start    ] GC(198) Pause Young (Normal) (G1 Evacuation Pause)
[204.639s][info][gc,task     ] GC(198) Using 8 workers of 8 for evacuation
[204.642s][info][gc,phases   ] GC(198)   Pre Evacuate Collection Set: 0.1ms
[204.642s][info][gc,phases   ] GC(198)   Merge Heap Roots: 0.1ms
[204.642s][info][gc,phases   ] GC(198)   Evacuate Collection Set: 2.1ms
[204.642s][info][gc,phases   ] GC(198)   Post Evacuate Collection Set: 0.4ms
[204.642s][info][gc,phases   ] GC(198)   Other: 0.1ms
[204.642s][info][gc,heap     ] GC(198) Eden regions: 27->0(27)
[204.642s][info][gc,heap     ] GC(198) Survivor regions: 1->1(4)
[204.642s][info][gc,heap     ] GC(198) Old regions: 10->10
[204.642s][info][gc,heap     ] GC(198) Humongous regions: 1->1
[204.642s][info][gc,metaspace] GC(198) Metaspace: 54526K(56000K)->54526K(56000K) NonClass: 47348K(48256K)->47348K(48256K) Class: 7177K(7744K)->7177K(7744K)
[204.642s][info][gc          ] GC(198) Pause Young (Normal) (G1 Evacuation Pause) 148M->40M(188M) 2.960ms
[204.642s][info][gc,cpu      ] GC(198) User=0.01s Sys=0.00s Real=0.01s
[204.953s][info][gc,start    ] GC(199) Pause Young (Normal) (G1 Evacuation Pause)
[204.953s][info][gc,task     ] GC(199) Using 8 workers of 8 for evacuation
[204.955s][info][gc,phases   ] GC(199)   Pre Evacuate Collection Set: 0.1ms
[204.955s][info][gc,phases   ] GC(199)   Merge Heap Roots: 0.1ms
[204.955s][info][gc,phases   ] GC(199)   Evacuate Collection Set: 1.4ms
[204.955s][info][gc,phases   ] GC(199)   Post Evacuate Collection Set: 0.2ms
[204.955s][info][gc,phases   ] GC(199)   Other: 0.0ms
[204.955s][info][gc,heap     ] GC(199) Eden regions: 27->0(27)
[204.955s][info][gc,heap     ] GC(199) Survivor regions: 1->1(4)
[204.955s][info][gc,heap     ] GC(199) Old regions: 10->10
[204.955s][info][gc,heap     ] GC(199) Humongous regions: 1->1
[204.955s][info][gc,metaspace] GC(199) Metaspace: 54526K(56000K)->54526K(56000K) NonClass: 47348K(48256K)->47348K(48256K) Class: 7177K(7744K)->7177K(7744K)
[204.955s][info][gc          ] GC(199) Pause Young (Normal) (G1 Evacuation Pause) 148M->40M(188M) 2.018ms
[204.955s][info][gc,cpu      ] GC(199) User=0.01s Sys=0.00s Real=0.00s
[205.315s][info][gc,start    ] GC(200) Pause Young (Normal) (G1 Evacuation Pause)
[205.315s][info][gc,task     ] GC(200) Using 8 workers of 8 for evacuation
[205.318s][info][gc,phases   ] GC(200)   Pre Evacuate Collection Set: 0.1ms
[205.318s][info][gc,phases   ] GC(200)   Merge Heap Roots: 0.1ms
[205.318s][info][gc,phases   ] GC(200)   Evacuate Collection Set: 1.7ms
[205.318s][info][gc,phases   ] GC(200)   Post Evacuate Collection Set: 0.3ms
[205.318s][info][gc,phases   ] GC(200)   Other: 0.1ms
[205.318s][info][gc,heap     ] GC(200) Eden regions: 27->0(27)
[205.318s][info][gc,heap     ] GC(200) Survivor regions: 1->1(4)
[205.318s][info][gc,heap     ] GC(200) Old regions: 10->10
[205.318s][info][gc,heap     ] GC(200) Humongous regions: 1->1
[205.318s][info][gc,metaspace] GC(200) Metaspace: 54526K(56000K)->54526K(56000K) NonClass: 47348K(48256K)->47348K(48256K) Class: 7177K(7744K)->7177K(7744K)
[205.318s][info][gc          ] GC(200) Pause Young (Normal) (G1 Evacuation Pause) 148M->40M(188M) 2.372ms
[205.318s][info][gc,cpu      ] GC(200) User=0.00s Sys=0.00s Real=0.00s
[205.673s][info][gc,start    ] GC(201) Pause Young (Normal) (G1 Evacuation Pause)
[205.673s][info][gc,task     ] GC(201) Using 8 workers of 8 for evacuation
[205.675s][info][gc,phases   ] GC(201)   Pre Evacuate Collection Set: 0.1ms
[205.675s][info][gc,phases   ] GC(201)   Merge Heap Roots: 0.1ms
[205.675s][info][gc,phases   ] GC(201)   Evacuate Collection Set: 1.6ms
[205.675s][info][gc,phases   ] GC(201)   Post Evacuate Collection Set: 0.3ms
[205.675s][info][gc,phases   ] GC(201)   Other: 0.1ms
[205.675s][info][gc,heap     ] GC(201) Eden regions: 27->0(27)
[205.675s][info][gc,heap     ] GC(201) Survivor regions: 1->1(4)
[205.675s][info][gc,heap     ] GC(201) Old regions: 10->10
[205.675s][info][gc,heap     ] GC(201) Humongous regions: 1->1
[205.675s][info][gc,metaspace] GC(201) Metaspace: 54526K(56000K)->54526K(56000K) NonClass: 47348K(48256K)->47348K(48256K) Class: 7177K(7744K)->7177K(7744K)
[205.675s][info][gc          ] GC(201) Pause Young (Normal) (G1 Evacuation Pause) 148M->40M(188M) 2.341ms
[205.675s][info][gc,cpu      ] GC(201) User=0.01s Sys=0.00s Real=0.00s
[206.010s][info][gc,start    ] GC(202) Pause Young (Normal) (G1 Evacuation Pause)
[206.010s][info][gc,task     ] GC(202) Using 8 workers of 8 for evacuation
[206.012s][info][gc,phases   ] GC(202)   Pre Evacuate Collection Set: 0.1ms
[206.012s][info][gc,phases   ] GC(202)   Merge Heap Roots: 0.0ms
[206.012s][info][gc,phases   ] GC(202)   Evacuate Collection Set: 1.8ms
[206.012s][info][gc,phases   ] GC(202)   Post Evacuate Collection Set: 0.2ms
[206.012s][info][gc,phases   ] GC(202)   Other: 0.0ms
[206.012s][info][gc,heap     ] GC(202) Eden regions: 27->0(27)
[206.012s][info][gc,heap     ] GC(202) Survivor regions: 1->1(4)
[206.012s][info][gc,heap     ] GC(202) Old regions: 10->10
[206.012s][info][gc,heap     ] GC(202) Humongous regions: 1->1
[206.012s][info][gc,metaspace] GC(202) Metaspace: 54526K(56000K)->54526K(56000K) NonClass: 47348K(48256K)->47348K(48256K) Class: 7177K(7744K)->7177K(7744K)
[206.013s][info][gc          ] GC(202) Pause Young (Normal) (G1 Evacuation Pause) 148M->40M(188M) 2.387ms
[206.013s][info][gc,cpu      ] GC(202) User=0.01s Sys=0.00s Real=0.01s
[206.438s][info][gc,start    ] GC(203) Pause Young (Normal) (G1 Evacuation Pause)
[206.438s][info][gc,task     ] GC(203) Using 8 workers of 8 for evacuation
[206.440s][info][gc,phases   ] GC(203)   Pre Evacuate Collection Set: 0.1ms
[206.440s][info][gc,phases   ] GC(203)   Merge Heap Roots: 0.1ms
[206.440s][info][gc,phases   ] GC(203)   Evacuate Collection Set: 1.6ms
[206.440s][info][gc,phases   ] GC(203)   Post Evacuate Collection Set: 0.3ms
[206.440s][info][gc,phases   ] GC(203)   Other: 0.0ms
[206.440s][info][gc,heap     ] GC(203) Eden regions: 27->0(27)
[206.440s][info][gc,heap     ] GC(203) Survivor regions: 1->1(4)
[206.440s][info][gc,heap     ] GC(203) Old regions: 10->10
[206.440s][info][gc,heap     ] GC(203) Humongous regions: 1->1
[206.440s][info][gc,metaspace] GC(203) Metaspace: 54526K(56000K)->54526K(56000K) NonClass: 47348K(48256K)->47348K(48256K) Class: 7177K(7744K)->7177K(7744K)
[206.440s][info][gc          ] GC(203) Pause Young (Normal) (G1 Evacuation Pause) 148M->40M(188M) 2.333ms
[206.440s][info][gc,cpu      ] GC(203) User=0.00s Sys=0.01s Real=0.00s
[206.726s][info][gc,start    ] GC(204) Pause Young (Normal) (G1 Evacuation Pause)
[206.726s][info][gc,task     ] GC(204) Using 8 workers of 8 for evacuation
[206.728s][info][gc,phases   ] GC(204)   Pre Evacuate Collection Set: 0.1ms
[206.728s][info][gc,phases   ] GC(204)   Merge Heap Roots: 0.0ms
[206.728s][info][gc,phases   ] GC(204)   Evacuate Collection Set: 1.5ms
[206.728s][info][gc,phases   ] GC(204)   Post Evacuate Collection Set: 0.2ms
[206.728s][info][gc,phases   ] GC(204)   Other: 0.0ms
[206.728s][info][gc,heap     ] GC(204) Eden regions: 27->0(27)
[206.728s][info][gc,heap     ] GC(204) Survivor regions: 1->1(4)
[206.728s][info][gc,heap     ] GC(204) Old regions: 10->10
[206.728s][info][gc,heap     ] GC(204) Humongous regions: 1->1
[206.728s][info][gc,metaspace] GC(204) Metaspace: 54526K(56000K)->54526K(56000K) NonClass: 47348K(48256K)->47348K(48256K) Class: 7177K(7744K)->7177K(7744K)
[206.728s][info][gc          ] GC(204) Pause Young (Normal) (G1 Evacuation Pause) 148M->40M(188M) 2.089ms
[206.728s][info][gc,cpu      ] GC(204) User=0.00s Sys=0.01s Real=0.00s
[207.060s][info][gc,start    ] GC(205) Pause Young (Normal) (G1 Evacuation Pause)
[207.060s][info][gc,task     ] GC(205) Using 8 workers of 8 for evacuation
[207.062s][info][gc,phases   ] GC(205)   Pre Evacuate Collection Set: 0.1ms
[207.062s][info][gc,phases   ] GC(205)   Merge Heap Roots: 0.1ms
[207.062s][info][gc,phases   ] GC(205)   Evacuate Collection Set: 2.0ms
[207.062s][info][gc,phases   ] GC(205)   Post Evacuate Collection Set: 0.2ms
[207.063s][info][gc,phases   ] GC(205)   Other: 0.0ms
[207.063s][info][gc,heap     ] GC(205) Eden regions: 27->0(27)
[207.063s][info][gc,heap     ] GC(205) Survivor regions: 1->1(4)
[207.063s][info][gc,heap     ] GC(205) Old regions: 10->10
[207.063s][info][gc,heap     ] GC(205) Humongous regions: 1->1
[207.063s][info][gc,metaspace] GC(205) Metaspace: 54526K(56000K)->54526K(56000K) NonClass: 47348K(48256K)->47348K(48256K) Class: 7177K(7744K)->7177K(7744K)
[207.063s][info][gc          ] GC(205) Pause Young (Normal) (G1 Evacuation Pause) 148M->40M(188M) 2.600ms
[207.063s][info][gc,cpu      ] GC(205) User=0.00s Sys=0.00s Real=0.01s
[207.475s][info][gc,start    ] GC(206) Pause Young (Normal) (G1 Evacuation Pause)
[207.475s][info][gc,task     ] GC(206) Using 8 workers of 8 for evacuation
[207.476s][info][gc,phases   ] GC(206)   Pre Evacuate Collection Set: 0.1ms
[207.476s][info][gc,phases   ] GC(206)   Merge Heap Roots: 0.1ms
[207.476s][info][gc,phases   ] GC(206)   Evacuate Collection Set: 1.1ms
[207.476s][info][gc,phases   ] GC(206)   Post Evacuate Collection Set: 0.3ms
[207.476s][info][gc,phases   ] GC(206)   Other: 0.0ms
[207.476s][info][gc,heap     ] GC(206) Eden regions: 27->0(27)
[207.476s][info][gc,heap     ] GC(206) Survivor regions: 1->1(4)
[207.476s][info][gc,heap     ] GC(206) Old regions: 10->10
[207.476s][info][gc,heap     ] GC(206) Humongous regions: 1->1
[207.476s][info][gc,metaspace] GC(206) Metaspace: 54526K(56000K)->54526K(56000K) NonClass: 47348K(48256K)->47348K(48256K) Class: 7177K(7744K)->7177K(7744K)
[207.476s][info][gc          ] GC(206) Pause Young (Normal) (G1 Evacuation Pause) 148M->40M(188M) 1.700ms
[207.476s][info][gc,cpu      ] GC(206) User=0.01s Sys=0.00s Real=0.00s
[207.776s][info][gc,start    ] GC(207) Pause Young (Normal) (G1 Evacuation Pause)
[207.776s][info][gc,task     ] GC(207) Using 8 workers of 8 for evacuation
[207.778s][info][gc,phases   ] GC(207)   Pre Evacuate Collection Set: 0.1ms
[207.778s][info][gc,phases   ] GC(207)   Merge Heap Roots: 0.1ms
[207.778s][info][gc,phases   ] GC(207)   Evacuate Collection Set: 1.4ms
[207.778s][info][gc,phases   ] GC(207)   Post Evacuate Collection Set: 0.3ms
[207.778s][info][gc,phases   ] GC(207)   Other: 0.0ms
[207.778s][info][gc,heap     ] GC(207) Eden regions: 27->0(27)
[207.778s][info][gc,heap     ] GC(207) Survivor regions: 1->1(4)
[207.778s][info][gc,heap     ] GC(207) Old regions: 10->10
[207.778s][info][gc,heap     ] GC(207) Humongous regions: 1->1
[207.778s][info][gc,metaspace] GC(207) Metaspace: 54526K(56000K)->54526K(56000K) NonClass: 47348K(48256K)->47348K(48256K) Class: 7177K(7744K)->7177K(7744K)
[207.778s][info][gc          ] GC(207) Pause Young (Normal) (G1 Evacuation Pause) 148M->40M(188M) 1.956ms
[207.778s][info][gc,cpu      ] GC(207) User=0.01s Sys=0.00s Real=0.00s
[208.108s][info][gc,start    ] GC(208) Pause Young (Normal) (G1 Evacuation Pause)
[208.108s][info][gc,task     ] GC(208) Using 8 workers of 8 for evacuation
[208.109s][info][gc,phases   ] GC(208)   Pre Evacuate Collection Set: 0.1ms
[208.110s][info][gc,phases   ] GC(208)   Merge Heap Roots: 0.0ms
[208.110s][info][gc,phases   ] GC(208)   Evacuate Collection Set: 1.4ms
[208.110s][info][gc,phases   ] GC(208)   Post Evacuate Collection Set: 0.2ms
[208.110s][info][gc,phases   ] GC(208)   Other: 0.0ms
[208.110s][info][gc,heap     ] GC(208) Eden regions: 27->0(27)
[208.110s][info][gc,heap     ] GC(208) Survivor regions: 1->1(4)
[208.110s][info][gc,heap     ] GC(208) Old regions: 10->10
[208.110s][info][gc,heap     ] GC(208) Humongous regions: 1->1
[208.110s][info][gc,metaspace] GC(208) Metaspace: 54526K(56000K)->54526K(56000K) NonClass: 47348K(48256K)->47348K(48256K) Class: 7177K(7744K)->7177K(7744K)
[208.110s][info][gc          ] GC(208) Pause Young (Normal) (G1 Evacuation Pause) 148M->40M(188M) 1.953ms
[208.110s][info][gc,cpu      ] GC(208) User=0.01s Sys=0.00s Real=0.00s
[208.470s][info][gc,start    ] GC(209) Pause Young (Normal) (G1 Evacuation Pause)
[208.470s][info][gc,task     ] GC(209) Using 8 workers of 8 for evacuation
[208.473s][info][gc,phases   ] GC(209)   Pre Evacuate Collection Set: 0.1ms
[208.473s][info][gc,phases   ] GC(209)   Merge Heap Roots: 0.1ms
[208.473s][info][gc,phases   ] GC(209)   Evacuate Collection Set: 1.6ms
[208.473s][info][gc,phases   ] GC(209)   Post Evacuate Collection Set: 0.3ms
[208.473s][info][gc,phases   ] GC(209)   Other: 0.0ms
[208.473s][info][gc,heap     ] GC(209) Eden regions: 27->0(27)
[208.473s][info][gc,heap     ] GC(209) Survivor regions: 1->1(4)
[208.473s][info][gc,heap     ] GC(209) Old regions: 10->10
[208.473s][info][gc,heap     ] GC(209) Humongous regions: 1->1
[208.473s][info][gc,metaspace] GC(209) Metaspace: 54526K(56000K)->54526K(56000K) NonClass: 47348K(48256K)->47348K(48256K) Class: 7177K(7744K)->7177K(7744K)
[208.473s][info][gc          ] GC(209) Pause Young (Normal) (G1 Evacuation Pause) 148M->40M(188M) 2.364ms
[208.473s][info][gc,cpu      ] GC(209) User=0.00s Sys=0.00s Real=0.01s
[208.872s][info][gc,start    ] GC(210) Pause Young (Normal) (G1 Evacuation Pause)
[208.872s][info][gc,task     ] GC(210) Using 8 workers of 8 for evacuation
[208.874s][info][gc,phases   ] GC(210)   Pre Evacuate Collection Set: 0.1ms
[208.874s][info][gc,phases   ] GC(210)   Merge Heap Roots: 0.1ms
[208.874s][info][gc,phases   ] GC(210)   Evacuate Collection Set: 1.4ms
[208.874s][info][gc,phases   ] GC(210)   Post Evacuate Collection Set: 0.3ms
[208.874s][info][gc,phases   ] GC(210)   Other: 0.0ms
[208.874s][info][gc,heap     ] GC(210) Eden regions: 27->0(27)
[208.874s][info][gc,heap     ] GC(210) Survivor regions: 1->1(4)
[208.874s][info][gc,heap     ] GC(210) Old regions: 10->10
[208.874s][info][gc,heap     ] GC(210) Humongous regions: 1->1
[208.874s][info][gc,metaspace] GC(210) Metaspace: 54526K(56000K)->54526K(56000K) NonClass: 47348K(48256K)->47348K(48256K) Class: 7177K(7744K)->7177K(7744K)
[208.874s][info][gc          ] GC(210) Pause Young (Normal) (G1 Evacuation Pause) 148M->40M(188M) 2.005ms
[208.874s][info][gc,cpu      ] GC(210) User=0.00s Sys=0.00s Real=0.00s
[209.166s][info][gc,start    ] GC(211) Pause Young (Normal) (G1 Evacuation Pause)
[209.166s][info][gc,task     ] GC(211) Using 8 workers of 8 for evacuation
[209.168s][info][gc,phases   ] GC(211)   Pre Evacuate Collection Set: 0.1ms
[209.168s][info][gc,phases   ] GC(211)   Merge Heap Roots: 0.1ms
[209.168s][info][gc,phases   ] GC(211)   Evacuate Collection Set: 1.3ms
[209.168s][info][gc,phases   ] GC(211)   Post Evacuate Collection Set: 0.2ms
[209.168s][info][gc,phases   ] GC(211)   Other: 0.0ms
[209.168s][info][gc,heap     ] GC(211) Eden regions: 27->0(27)
[209.168s][info][gc,heap     ] GC(211) Survivor regions: 1->1(4)
[209.168s][info][gc,heap     ] GC(211) Old regions: 10->10
[209.168s][info][gc,heap     ] GC(211) Humongous regions: 1->1
[209.168s][info][gc,metaspace] GC(211) Metaspace: 54526K(56000K)->54526K(56000K) NonClass: 47348K(48256K)->47348K(48256K) Class: 7177K(7744K)->7177K(7744K)
[209.168s][info][gc          ] GC(211) Pause Young (Normal) (G1 Evacuation Pause) 148M->40M(188M) 1.916ms
[209.168s][info][gc,cpu      ] GC(211) User=0.01s Sys=0.01s Real=0.00s
[209.456s][info][gc,start    ] GC(212) Pause Young (Normal) (G1 Evacuation Pause)
[209.456s][info][gc,task     ] GC(212) Using 8 workers of 8 for evacuation
[209.459s][info][gc,phases   ] GC(212)   Pre Evacuate Collection Set: 0.1ms
[209.459s][info][gc,phases   ] GC(212)   Merge Heap Roots: 0.1ms
[209.459s][info][gc,phases   ] GC(212)   Evacuate Collection Set: 2.6ms
[209.459s][info][gc,phases   ] GC(212)   Post Evacuate Collection Set: 0.3ms
[209.459s][info][gc,phases   ] GC(212)   Other: 0.0ms
[209.459s][info][gc,heap     ] GC(212) Eden regions: 27->0(27)
[209.459s][info][gc,heap     ] GC(212) Survivor regions: 1->1(4)
[209.459s][info][gc,heap     ] GC(212) Old regions: 10->10
[209.459s][info][gc,heap     ] GC(212) Humongous regions: 1->1
[209.459s][info][gc,metaspace] GC(212) Metaspace: 54526K(56000K)->54526K(56000K) NonClass: 47348K(48256K)->47348K(48256K) Class: 7177K(7744K)->7177K(7744K)
[209.459s][info][gc          ] GC(212) Pause Young (Normal) (G1 Evacuation Pause) 148M->40M(188M) 3.276ms
[209.460s][info][gc,cpu      ] GC(212) User=0.01s Sys=0.00s Real=0.00s
[209.830s][info][gc,start    ] GC(213) Pause Young (Normal) (G1 Evacuation Pause)
[209.830s][info][gc,task     ] GC(213) Using 8 workers of 8 for evacuation
[209.832s][info][gc,phases   ] GC(213)   Pre Evacuate Collection Set: 0.1ms
[209.832s][info][gc,phases   ] GC(213)   Merge Heap Roots: 0.1ms
[209.832s][info][gc,phases   ] GC(213)   Evacuate Collection Set: 1.3ms
[209.832s][info][gc,phases   ] GC(213)   Post Evacuate Collection Set: 0.3ms
[209.832s][info][gc,phases   ] GC(213)   Other: 0.0ms
[209.832s][info][gc,heap     ] GC(213) Eden regions: 27->0(27)
[209.832s][info][gc,heap     ] GC(213) Survivor regions: 1->1(4)
[209.832s][info][gc,heap     ] GC(213) Old regions: 10->10
[209.832s][info][gc,heap     ] GC(213) Humongous regions: 1->1
[209.832s][info][gc,metaspace] GC(213) Metaspace: 54526K(56000K)->54526K(56000K) NonClass: 47348K(48256K)->47348K(48256K) Class: 7177K(7744K)->7177K(7744K)
[209.832s][info][gc          ] GC(213) Pause Young (Normal) (G1 Evacuation Pause) 148M->40M(188M) 1.961ms
[209.832s][info][gc,cpu      ] GC(213) User=0.01s Sys=0.00s Real=0.01s
[210.128s][info][gc,start    ] GC(214) Pause Young (Normal) (G1 Evacuation Pause)
[210.128s][info][gc,task     ] GC(214) Using 8 workers of 8 for evacuation
[210.130s][info][gc,phases   ] GC(214)   Pre Evacuate Collection Set: 0.1ms
[210.130s][info][gc,phases   ] GC(214)   Merge Heap Roots: 0.1ms
[210.130s][info][gc,phases   ] GC(214)   Evacuate Collection Set: 1.3ms
[210.130s][info][gc,phases   ] GC(214)   Post Evacuate Collection Set: 0.3ms
[210.130s][info][gc,phases   ] GC(214)   Other: 0.0ms
[210.130s][info][gc,heap     ] GC(214) Eden regions: 27->0(27)
[210.130s][info][gc,heap     ] GC(214) Survivor regions: 1->1(4)
[210.130s][info][gc,heap     ] GC(214) Old regions: 10->10
[210.130s][info][gc,heap     ] GC(214) Humongous regions: 1->1
[210.130s][info][gc,metaspace] GC(214) Metaspace: 54526K(56000K)->54526K(56000K) NonClass: 47348K(48256K)->47348K(48256K) Class: 7177K(7744K)->7177K(7744K)
[210.130s][info][gc          ] GC(214) Pause Young (Normal) (G1 Evacuation Pause) 148M->40M(188M) 1.918ms
[210.130s][info][gc,cpu      ] GC(214) User=0.01s Sys=0.01s Real=0.00s
[210.498s][info][gc,start    ] GC(215) Pause Young (Normal) (G1 Evacuation Pause)
[210.498s][info][gc,task     ] GC(215) Using 8 workers of 8 for evacuation
[210.500s][info][gc,phases   ] GC(215)   Pre Evacuate Collection Set: 0.1ms
[210.500s][info][gc,phases   ] GC(215)   Merge Heap Roots: 0.1ms
[210.500s][info][gc,phases   ] GC(215)   Evacuate Collection Set: 1.4ms
[210.500s][info][gc,phases   ] GC(215)   Post Evacuate Collection Set: 0.3ms
[210.500s][info][gc,phases   ] GC(215)   Other: 0.0ms
[210.500s][info][gc,heap     ] GC(215) Eden regions: 27->0(27)
[210.500s][info][gc,heap     ] GC(215) Survivor regions: 1->1(4)
[210.500s][info][gc,heap     ] GC(215) Old regions: 10->10
[210.500s][info][gc,heap     ] GC(215) Humongous regions: 1->1
[210.500s][info][gc,metaspace] GC(215) Metaspace: 54526K(56000K)->54526K(56000K) NonClass: 47348K(48256K)->47348K(48256K) Class: 7177K(7744K)->7177K(7744K)
[210.500s][info][gc          ] GC(215) Pause Young (Normal) (G1 Evacuation Pause) 148M->40M(188M) 1.998ms
[210.500s][info][gc,cpu      ] GC(215) User=0.01s Sys=0.00s Real=0.00s
[210.950s][info][gc,start    ] GC(216) Pause Young (Normal) (G1 Evacuation Pause)
[210.950s][info][gc,task     ] GC(216) Using 8 workers of 8 for evacuation
[210.951s][info][gc,phases   ] GC(216)   Pre Evacuate Collection Set: 0.1ms
[210.951s][info][gc,phases   ] GC(216)   Merge Heap Roots: 0.1ms
[210.951s][info][gc,phases   ] GC(216)   Evacuate Collection Set: 1.2ms
[210.951s][info][gc,phases   ] GC(216)   Post Evacuate Collection Set: 0.3ms
[210.951s][info][gc,phases   ] GC(216)   Other: 0.1ms
[210.951s][info][gc,heap     ] GC(216) Eden regions: 27->0(27)
[210.951s][info][gc,heap     ] GC(216) Survivor regions: 1->1(4)
[210.951s][info][gc,heap     ] GC(216) Old regions: 10->10
[210.951s][info][gc,heap     ] GC(216) Humongous regions: 1->1
[210.951s][info][gc,metaspace] GC(216) Metaspace: 54526K(56000K)->54526K(56000K) NonClass: 47348K(48256K)->47348K(48256K) Class: 7177K(7744K)->7177K(7744K)
[210.951s][info][gc          ] GC(216) Pause Young (Normal) (G1 Evacuation Pause) 148M->40M(188M) 1.772ms
[210.951s][info][gc,cpu      ] GC(216) User=0.00s Sys=0.00s Real=0.01s
[211.254s][info][gc,start    ] GC(217) Pause Young (Normal) (G1 Evacuation Pause)
[211.254s][info][gc,task     ] GC(217) Using 8 workers of 8 for evacuation
[211.256s][info][gc,phases   ] GC(217)   Pre Evacuate Collection Set: 0.2ms
[211.256s][info][gc,phases   ] GC(217)   Merge Heap Roots: 0.1ms
[211.256s][info][gc,phases   ] GC(217)   Evacuate Collection Set: 1.4ms
[211.256s][info][gc,phases   ] GC(217)   Post Evacuate Collection Set: 0.3ms
[211.256s][info][gc,phases   ] GC(217)   Other: 0.0ms
[211.256s][info][gc,heap     ] GC(217) Eden regions: 27->0(27)
[211.256s][info][gc,heap     ] GC(217) Survivor regions: 1->1(4)
[211.256s][info][gc,heap     ] GC(217) Old regions: 10->10
[211.256s][info][gc,heap     ] GC(217) Humongous regions: 1->1
[211.256s][info][gc,metaspace] GC(217) Metaspace: 54526K(56000K)->54526K(56000K) NonClass: 47348K(48256K)->47348K(48256K) Class: 7177K(7744K)->7177K(7744K)
[211.256s][info][gc          ] GC(217) Pause Young (Normal) (G1 Evacuation Pause) 148M->40M(188M) 2.138ms
[211.256s][info][gc,cpu      ] GC(217) User=0.01s Sys=0.00s Real=0.00s
[211.518s][info][gc,start    ] GC(218) Pause Young (Normal) (G1 Evacuation Pause)
[211.518s][info][gc,task     ] GC(218) Using 8 workers of 8 for evacuation
[211.520s][info][gc,phases   ] GC(218)   Pre Evacuate Collection Set: 0.2ms
[211.520s][info][gc,phases   ] GC(218)   Merge Heap Roots: 0.1ms
[211.520s][info][gc,phases   ] GC(218)   Evacuate Collection Set: 1.3ms
[211.520s][info][gc,phases   ] GC(218)   Post Evacuate Collection Set: 0.2ms
[211.520s][info][gc,phases   ] GC(218)   Other: 0.0ms
[211.520s][info][gc,heap     ] GC(218) Eden regions: 27->0(27)
[211.520s][info][gc,heap     ] GC(218) Survivor regions: 1->1(4)
[211.520s][info][gc,heap     ] GC(218) Old regions: 10->10
[211.520s][info][gc,heap     ] GC(218) Humongous regions: 1->1
[211.520s][info][gc,metaspace] GC(218) Metaspace: 54526K(56000K)->54526K(56000K) NonClass: 47348K(48256K)->47348K(48256K) Class: 7177K(7744K)->7177K(7744K)
[211.520s][info][gc          ] GC(218) Pause Young (Normal) (G1 Evacuation Pause) 148M->40M(188M) 1.960ms
[211.520s][info][gc,cpu      ] GC(218) User=0.00s Sys=0.00s Real=0.00s
[211.898s][info][gc,start    ] GC(219) Pause Young (Normal) (G1 Evacuation Pause)
[211.898s][info][gc,task     ] GC(219) Using 8 workers of 8 for evacuation
[211.899s][info][gc,phases   ] GC(219)   Pre Evacuate Collection Set: 0.1ms
[211.899s][info][gc,phases   ] GC(219)   Merge Heap Roots: 0.1ms
[211.899s][info][gc,phases   ] GC(219)   Evacuate Collection Set: 1.2ms
[211.899s][info][gc,phases   ] GC(219)   Post Evacuate Collection Set: 0.2ms
[211.899s][info][gc,phases   ] GC(219)   Other: 0.0ms
[211.899s][info][gc,heap     ] GC(219) Eden regions: 27->0(27)
[211.899s][info][gc,heap     ] GC(219) Survivor regions: 1->1(4)
[211.899s][info][gc,heap     ] GC(219) Old regions: 10->10
[211.899s][info][gc,heap     ] GC(219) Humongous regions: 1->1
[211.899s][info][gc,metaspace] GC(219) Metaspace: 54526K(56000K)->54526K(56000K) NonClass: 47348K(48256K)->47348K(48256K) Class: 7177K(7744K)->7177K(7744K)
[211.899s][info][gc          ] GC(219) Pause Young (Normal) (G1 Evacuation Pause) 148M->41M(188M) 1.716ms
[211.899s][info][gc,cpu      ] GC(219) User=0.01s Sys=0.00s Real=0.00s
[212.657s][info][gc,start    ] GC(220) Pause Young (Normal) (G1 Evacuation Pause)
[212.657s][info][gc,task     ] GC(220) Using 8 workers of 8 for evacuation
[212.659s][info][gc,phases   ] GC(220)   Pre Evacuate Collection Set: 0.1ms
[212.659s][info][gc,phases   ] GC(220)   Merge Heap Roots: 0.1ms
[212.659s][info][gc,phases   ] GC(220)   Evacuate Collection Set: 1.4ms
[212.659s][info][gc,phases   ] GC(220)   Post Evacuate Collection Set: 0.3ms
[212.659s][info][gc,phases   ] GC(220)   Other: 0.0ms
[212.659s][info][gc,heap     ] GC(220) Eden regions: 27->0(27)
[212.659s][info][gc,heap     ] GC(220) Survivor regions: 1->1(4)
[212.659s][info][gc,heap     ] GC(220) Old regions: 10->10
[212.659s][info][gc,heap     ] GC(220) Humongous regions: 1->1
[212.659s][info][gc,metaspace] GC(220) Metaspace: 54526K(56000K)->54526K(56000K) NonClass: 47348K(48256K)->47348K(48256K) Class: 7177K(7744K)->7177K(7744K)
[212.659s][info][gc          ] GC(220) Pause Young (Normal) (G1 Evacuation Pause) 149M->41M(188M) 2.062ms
[212.660s][info][gc,cpu      ] GC(220) User=0.01s Sys=0.01s Real=0.00s
[212.985s][info][gc,start    ] GC(221) Pause Young (Normal) (G1 Evacuation Pause)
[212.985s][info][gc,task     ] GC(221) Using 8 workers of 8 for evacuation
[212.986s][info][gc,phases   ] GC(221)   Pre Evacuate Collection Set: 0.1ms
[212.986s][info][gc,phases   ] GC(221)   Merge Heap Roots: 0.1ms
[212.986s][info][gc,phases   ] GC(221)   Evacuate Collection Set: 1.3ms
[212.986s][info][gc,phases   ] GC(221)   Post Evacuate Collection Set: 0.3ms
[212.986s][info][gc,phases   ] GC(221)   Other: 0.0ms
[212.986s][info][gc,heap     ] GC(221) Eden regions: 27->0(27)
[212.986s][info][gc,heap     ] GC(221) Survivor regions: 1->1(4)
[212.986s][info][gc,heap     ] GC(221) Old regions: 10->10
[212.986s][info][gc,heap     ] GC(221) Humongous regions: 1->1
[212.987s][info][gc,metaspace] GC(221) Metaspace: 54526K(56000K)->54526K(56000K) NonClass: 47348K(48256K)->47348K(48256K) Class: 7177K(7744K)->7177K(7744K)
[212.987s][info][gc          ] GC(221) Pause Young (Normal) (G1 Evacuation Pause) 149M->41M(188M) 1.946ms
[212.987s][info][gc,cpu      ] GC(221) User=0.01s Sys=0.00s Real=0.00s
[213.270s][info][gc,start    ] GC(222) Pause Young (Normal) (G1 Evacuation Pause)
[213.270s][info][gc,task     ] GC(222) Using 8 workers of 8 for evacuation
[213.272s][info][gc,phases   ] GC(222)   Pre Evacuate Collection Set: 0.1ms
[213.272s][info][gc,phases   ] GC(222)   Merge Heap Roots: 0.1ms
[213.272s][info][gc,phases   ] GC(222)   Evacuate Collection Set: 1.4ms
[213.272s][info][gc,phases   ] GC(222)   Post Evacuate Collection Set: 0.3ms
[213.272s][info][gc,phases   ] GC(222)   Other: 0.0ms
[213.272s][info][gc,heap     ] GC(222) Eden regions: 27->0(27)
[213.272s][info][gc,heap     ] GC(222) Survivor regions: 1->1(4)
[213.272s][info][gc,heap     ] GC(222) Old regions: 10->10
[213.272s][info][gc,heap     ] GC(222) Humongous regions: 1->1
[213.272s][info][gc,metaspace] GC(222) Metaspace: 54526K(56000K)->54526K(56000K) NonClass: 47348K(48256K)->47348K(48256K) Class: 7177K(7744K)->7177K(7744K)
[213.272s][info][gc          ] GC(222) Pause Young (Normal) (G1 Evacuation Pause) 149M->41M(188M) 2.027ms
[213.272s][info][gc,cpu      ] GC(222) User=0.01s Sys=0.01s Real=0.01s
[213.610s][info][gc,start    ] GC(223) Pause Young (Normal) (G1 Evacuation Pause)
[213.610s][info][gc,task     ] GC(223) Using 8 workers of 8 for evacuation
[213.612s][info][gc,phases   ] GC(223)   Pre Evacuate Collection Set: 0.1ms
[213.612s][info][gc,phases   ] GC(223)   Merge Heap Roots: 0.1ms
[213.612s][info][gc,phases   ] GC(223)   Evacuate Collection Set: 1.1ms
[213.612s][info][gc,phases   ] GC(223)   Post Evacuate Collection Set: 0.2ms
[213.612s][info][gc,phases   ] GC(223)   Other: 0.0ms
[213.612s][info][gc,heap     ] GC(223) Eden regions: 27->0(27)
[213.612s][info][gc,heap     ] GC(223) Survivor regions: 1->1(4)
[213.612s][info][gc,heap     ] GC(223) Old regions: 10->10
[213.612s][info][gc,heap     ] GC(223) Humongous regions: 1->1
[213.612s][info][gc,metaspace] GC(223) Metaspace: 54526K(56000K)->54526K(56000K) NonClass: 47348K(48256K)->47348K(48256K) Class: 7177K(7744K)->7177K(7744K)
[213.612s][info][gc          ] GC(223) Pause Young (Normal) (G1 Evacuation Pause) 149M->41M(188M) 1.658ms
[213.612s][info][gc,cpu      ] GC(223) User=0.00s Sys=0.00s Real=0.01s
[213.846s][info][gc,start    ] GC(224) Pause Young (Normal) (G1 Evacuation Pause)
[213.846s][info][gc,task     ] GC(224) Using 8 workers of 8 for evacuation
[213.848s][info][gc,phases   ] GC(224)   Pre Evacuate Collection Set: 0.1ms
[213.848s][info][gc,phases   ] GC(224)   Merge Heap Roots: 0.1ms
[213.848s][info][gc,phases   ] GC(224)   Evacuate Collection Set: 1.1ms
[213.848s][info][gc,phases   ] GC(224)   Post Evacuate Collection Set: 0.2ms
[213.848s][info][gc,phases   ] GC(224)   Other: 0.0ms
[213.848s][info][gc,heap     ] GC(224) Eden regions: 27->0(27)
[213.848s][info][gc,heap     ] GC(224) Survivor regions: 1->1(4)
[213.848s][info][gc,heap     ] GC(224) Old regions: 10->10
[213.848s][info][gc,heap     ] GC(224) Humongous regions: 1->1
[213.848s][info][gc,metaspace] GC(224) Metaspace: 54526K(56000K)->54526K(56000K) NonClass: 47348K(48256K)->47348K(48256K) Class: 7177K(7744K)->7177K(7744K)
[213.848s][info][gc          ] GC(224) Pause Young (Normal) (G1 Evacuation Pause) 149M->41M(188M) 1.722ms
[213.848s][info][gc,cpu      ] GC(224) User=0.01s Sys=0.00s Real=0.00s
[214.115s][info][gc,start    ] GC(225) Pause Young (Normal) (G1 Evacuation Pause)
[214.115s][info][gc,task     ] GC(225) Using 8 workers of 8 for evacuation
[214.117s][info][gc,phases   ] GC(225)   Pre Evacuate Collection Set: 0.1ms
[214.117s][info][gc,phases   ] GC(225)   Merge Heap Roots: 0.0ms
[214.117s][info][gc,phases   ] GC(225)   Evacuate Collection Set: 1.2ms
[214.117s][info][gc,phases   ] GC(225)   Post Evacuate Collection Set: 0.2ms
[214.117s][info][gc,phases   ] GC(225)   Other: 0.0ms
[214.117s][info][gc,heap     ] GC(225) Eden regions: 27->0(27)
[214.117s][info][gc,heap     ] GC(225) Survivor regions: 1->1(4)
[214.117s][info][gc,heap     ] GC(225) Old regions: 10->10
[214.117s][info][gc,heap     ] GC(225) Humongous regions: 1->1
[214.117s][info][gc,metaspace] GC(225) Metaspace: 54526K(56000K)->54526K(56000K) NonClass: 47348K(48256K)->47348K(48256K) Class: 7177K(7744K)->7177K(7744K)
[214.117s][info][gc          ] GC(225) Pause Young (Normal) (G1 Evacuation Pause) 149M->41M(188M) 1.798ms
[214.117s][info][gc,cpu      ] GC(225) User=0.00s Sys=0.01s Real=0.00s
[214.399s][info][gc,start    ] GC(226) Pause Young (Normal) (G1 Evacuation Pause)
[214.399s][info][gc,task     ] GC(226) Using 8 workers of 8 for evacuation
[214.401s][info][gc,phases   ] GC(226)   Pre Evacuate Collection Set: 0.1ms
[214.401s][info][gc,phases   ] GC(226)   Merge Heap Roots: 0.1ms
[214.401s][info][gc,phases   ] GC(226)   Evacuate Collection Set: 1.3ms
[214.401s][info][gc,phases   ] GC(226)   Post Evacuate Collection Set: 0.2ms
[214.401s][info][gc,phases   ] GC(226)   Other: 0.0ms
[214.401s][info][gc,heap     ] GC(226) Eden regions: 27->0(27)
[214.401s][info][gc,heap     ] GC(226) Survivor regions: 1->1(4)
[214.401s][info][gc,heap     ] GC(226) Old regions: 10->10
[214.401s][info][gc,heap     ] GC(226) Humongous regions: 1->1
[214.401s][info][gc,metaspace] GC(226) Metaspace: 54526K(56000K)->54526K(56000K) NonClass: 47348K(48256K)->47348K(48256K) Class: 7177K(7744K)->7177K(7744K)
[214.401s][info][gc          ] GC(226) Pause Young (Normal) (G1 Evacuation Pause) 149M->41M(188M) 1.816ms
[214.401s][info][gc,cpu      ] GC(226) User=0.00s Sys=0.00s Real=0.00s
[214.684s][info][gc,start    ] GC(227) Pause Young (Normal) (G1 Evacuation Pause)
[214.684s][info][gc,task     ] GC(227) Using 8 workers of 8 for evacuation
[214.686s][info][gc,phases   ] GC(227)   Pre Evacuate Collection Set: 0.1ms
[214.686s][info][gc,phases   ] GC(227)   Merge Heap Roots: 0.1ms
[214.686s][info][gc,phases   ] GC(227)   Evacuate Collection Set: 1.3ms
[214.686s][info][gc,phases   ] GC(227)   Post Evacuate Collection Set: 0.2ms
[214.686s][info][gc,phases   ] GC(227)   Other: 0.0ms
[214.686s][info][gc,heap     ] GC(227) Eden regions: 27->0(27)
[214.686s][info][gc,heap     ] GC(227) Survivor regions: 1->1(4)
[214.686s][info][gc,heap     ] GC(227) Old regions: 10->10
[214.686s][info][gc,heap     ] GC(227) Humongous regions: 1->1
[214.686s][info][gc,metaspace] GC(227) Metaspace: 54526K(56000K)->54526K(56000K) NonClass: 47348K(48256K)->47348K(48256K) Class: 7177K(7744K)->7177K(7744K)
[214.686s][info][gc          ] GC(227) Pause Young (Normal) (G1 Evacuation Pause) 149M->41M(188M) 1.900ms
[214.686s][info][gc,cpu      ] GC(227) User=0.00s Sys=0.00s Real=0.00s
[214.927s][info][gc,start    ] GC(228) Pause Young (Normal) (G1 Evacuation Pause)
[214.927s][info][gc,task     ] GC(228) Using 8 workers of 8 for evacuation
[214.929s][info][gc,phases   ] GC(228)   Pre Evacuate Collection Set: 0.1ms
[214.929s][info][gc,phases   ] GC(228)   Merge Heap Roots: 0.0ms
[214.929s][info][gc,phases   ] GC(228)   Evacuate Collection Set: 1.3ms
[214.929s][info][gc,phases   ] GC(228)   Post Evacuate Collection Set: 0.2ms
[214.929s][info][gc,phases   ] GC(228)   Other: 0.0ms
[214.929s][info][gc,heap     ] GC(228) Eden regions: 27->0(27)
[214.929s][info][gc,heap     ] GC(228) Survivor regions: 1->1(4)
[214.929s][info][gc,heap     ] GC(228) Old regions: 10->10
[214.929s][info][gc,heap     ] GC(228) Humongous regions: 1->1
[214.929s][info][gc,metaspace] GC(228) Metaspace: 54526K(56000K)->54526K(56000K) NonClass: 47348K(48256K)->47348K(48256K) Class: 7177K(7744K)->7177K(7744K)
[214.929s][info][gc          ] GC(228) Pause Young (Normal) (G1 Evacuation Pause) 149M->41M(188M) 1.822ms
[214.929s][info][gc,cpu      ] GC(228) User=0.01s Sys=0.00s Real=0.00s
[215.246s][info][gc,start    ] GC(229) Pause Young (Normal) (G1 Evacuation Pause)
[215.246s][info][gc,task     ] GC(229) Using 8 workers of 8 for evacuation
[215.248s][info][gc,phases   ] GC(229)   Pre Evacuate Collection Set: 0.1ms
[215.248s][info][gc,phases   ] GC(229)   Merge Heap Roots: 0.1ms
[215.248s][info][gc,phases   ] GC(229)   Evacuate Collection Set: 1.6ms
[215.248s][info][gc,phases   ] GC(229)   Post Evacuate Collection Set: 0.3ms
[215.248s][info][gc,phases   ] GC(229)   Other: 0.0ms
[215.248s][info][gc,heap     ] GC(229) Eden regions: 27->0(27)
[215.248s][info][gc,heap     ] GC(229) Survivor regions: 1->1(4)
[215.248s][info][gc,heap     ] GC(229) Old regions: 10->11
[215.248s][info][gc,heap     ] GC(229) Humongous regions: 1->1
[215.248s][info][gc,metaspace] GC(229) Metaspace: 54526K(56000K)->54526K(56000K) NonClass: 47348K(48256K)->47348K(48256K) Class: 7177K(7744K)->7177K(7744K)
[215.248s][info][gc          ] GC(229) Pause Young (Normal) (G1 Evacuation Pause) 149M->41M(188M) 2.299ms
[215.249s][info][gc,cpu      ] GC(229) User=0.00s Sys=0.00s Real=0.00s
[215.697s][info][gc,start    ] GC(230) Pause Young (Normal) (G1 Evacuation Pause)
[215.697s][info][gc,task     ] GC(230) Using 8 workers of 8 for evacuation
[215.699s][info][gc,phases   ] GC(230)   Pre Evacuate Collection Set: 0.1ms
[215.699s][info][gc,phases   ] GC(230)   Merge Heap Roots: 0.1ms
[215.699s][info][gc,phases   ] GC(230)   Evacuate Collection Set: 1.4ms
[215.699s][info][gc,phases   ] GC(230)   Post Evacuate Collection Set: 0.3ms
[215.699s][info][gc,phases   ] GC(230)   Other: 0.1ms
[215.699s][info][gc,heap     ] GC(230) Eden regions: 27->0(27)
[215.699s][info][gc,heap     ] GC(230) Survivor regions: 1->1(4)
[215.699s][info][gc,heap     ] GC(230) Old regions: 11->11
[215.699s][info][gc,heap     ] GC(230) Humongous regions: 1->1
[215.699s][info][gc,metaspace] GC(230) Metaspace: 54526K(56000K)->54526K(56000K) NonClass: 47348K(48256K)->47348K(48256K) Class: 7177K(7744K)->7177K(7744K)
[215.699s][info][gc          ] GC(230) Pause Young (Normal) (G1 Evacuation Pause) 149M->41M(188M) 2.065ms
[215.699s][info][gc,cpu      ] GC(230) User=0.00s Sys=0.00s Real=0.00s
[215.938s][info][gc,start    ] GC(231) Pause Young (Normal) (G1 Evacuation Pause)
[215.938s][info][gc,task     ] GC(231) Using 8 workers of 8 for evacuation
[215.940s][info][gc,phases   ] GC(231)   Pre Evacuate Collection Set: 0.1ms
[215.940s][info][gc,phases   ] GC(231)   Merge Heap Roots: 0.1ms
[215.940s][info][gc,phases   ] GC(231)   Evacuate Collection Set: 1.1ms
[215.940s][info][gc,phases   ] GC(231)   Post Evacuate Collection Set: 0.3ms
[215.940s][info][gc,phases   ] GC(231)   Other: 0.0ms
[215.940s][info][gc,heap     ] GC(231) Eden regions: 27->0(27)
[215.940s][info][gc,heap     ] GC(231) Survivor regions: 1->1(4)
[215.940s][info][gc,heap     ] GC(231) Old regions: 11->11
[215.940s][info][gc,heap     ] GC(231) Humongous regions: 1->1
[215.940s][info][gc,metaspace] GC(231) Metaspace: 54526K(56000K)->54526K(56000K) NonClass: 47348K(48256K)->47348K(48256K) Class: 7177K(7744K)->7177K(7744K)
[215.940s][info][gc          ] GC(231) Pause Young (Normal) (G1 Evacuation Pause) 149M->41M(188M) 1.806ms
[215.940s][info][gc,cpu      ] GC(231) User=0.01s Sys=0.01s Real=0.00s
[216.232s][info][gc,start    ] GC(232) Pause Young (Normal) (G1 Evacuation Pause)
[216.232s][info][gc,task     ] GC(232) Using 8 workers of 8 for evacuation
[216.234s][info][gc,phases   ] GC(232)   Pre Evacuate Collection Set: 0.1ms
[216.234s][info][gc,phases   ] GC(232)   Merge Heap Roots: 0.1ms
[216.234s][info][gc,phases   ] GC(232)   Evacuate Collection Set: 1.1ms
[216.234s][info][gc,phases   ] GC(232)   Post Evacuate Collection Set: 0.2ms
[216.234s][info][gc,phases   ] GC(232)   Other: 0.0ms
[216.234s][info][gc,heap     ] GC(232) Eden regions: 27->0(27)
[216.234s][info][gc,heap     ] GC(232) Survivor regions: 1->1(4)
[216.234s][info][gc,heap     ] GC(232) Old regions: 11->11
[216.234s][info][gc,heap     ] GC(232) Humongous regions: 1->1
[216.234s][info][gc,metaspace] GC(232) Metaspace: 54526K(56000K)->54526K(56000K) NonClass: 47348K(48256K)->47348K(48256K) Class: 7177K(7744K)->7177K(7744K)
[216.234s][info][gc          ] GC(232) Pause Young (Normal) (G1 Evacuation Pause) 149M->41M(188M) 1.658ms
[216.234s][info][gc,cpu      ] GC(232) User=0.01s Sys=0.00s Real=0.00s
[216.570s][info][gc,start    ] GC(233) Pause Young (Normal) (G1 Evacuation Pause)
[216.571s][info][gc,task     ] GC(233) Using 8 workers of 8 for evacuation
[216.573s][info][gc,phases   ] GC(233)   Pre Evacuate Collection Set: 0.1ms
[216.573s][info][gc,phases   ] GC(233)   Merge Heap Roots: 0.2ms
[216.573s][info][gc,phases   ] GC(233)   Evacuate Collection Set: 1.8ms
[216.573s][info][gc,phases   ] GC(233)   Post Evacuate Collection Set: 0.3ms
[216.573s][info][gc,phases   ] GC(233)   Other: 0.1ms
[216.573s][info][gc,heap     ] GC(233) Eden regions: 27->0(27)
[216.573s][info][gc,heap     ] GC(233) Survivor regions: 1->1(4)
[216.573s][info][gc,heap     ] GC(233) Old regions: 11->11
[216.573s][info][gc,heap     ] GC(233) Humongous regions: 1->1
[216.573s][info][gc,metaspace] GC(233) Metaspace: 54526K(56000K)->54526K(56000K) NonClass: 47348K(48256K)->47348K(48256K) Class: 7177K(7744K)->7177K(7744K)
[216.573s][info][gc          ] GC(233) Pause Young (Normal) (G1 Evacuation Pause) 149M->41M(188M) 2.575ms
[216.573s][info][gc,cpu      ] GC(233) User=0.00s Sys=0.00s Real=0.01s
[216.825s][info][gc,start    ] GC(234) Pause Young (Normal) (G1 Evacuation Pause)
[216.825s][info][gc,task     ] GC(234) Using 8 workers of 8 for evacuation
[216.827s][info][gc,phases   ] GC(234)   Pre Evacuate Collection Set: 0.1ms
[216.827s][info][gc,phases   ] GC(234)   Merge Heap Roots: 0.1ms
[216.827s][info][gc,phases   ] GC(234)   Evacuate Collection Set: 1.5ms
[216.827s][info][gc,phases   ] GC(234)   Post Evacuate Collection Set: 0.3ms
[216.827s][info][gc,phases   ] GC(234)   Other: 0.1ms
[216.827s][info][gc,heap     ] GC(234) Eden regions: 27->0(27)
[216.827s][info][gc,heap     ] GC(234) Survivor regions: 1->1(4)
[216.827s][info][gc,heap     ] GC(234) Old regions: 11->11
[216.827s][info][gc,heap     ] GC(234) Humongous regions: 1->1
[216.827s][info][gc,metaspace] GC(234) Metaspace: 54526K(56000K)->54526K(56000K) NonClass: 47348K(48256K)->47348K(48256K) Class: 7177K(7744K)->7177K(7744K)
[216.827s][info][gc          ] GC(234) Pause Young (Normal) (G1 Evacuation Pause) 149M->41M(188M) 2.134ms
[216.827s][info][gc,cpu      ] GC(234) User=0.01s Sys=0.00s Real=0.00s
[217.079s][info][gc,start    ] GC(235) Pause Young (Normal) (G1 Evacuation Pause)
[217.079s][info][gc,task     ] GC(235) Using 8 workers of 8 for evacuation
[217.081s][info][gc,phases   ] GC(235)   Pre Evacuate Collection Set: 0.1ms
[217.081s][info][gc,phases   ] GC(235)   Merge Heap Roots: 0.1ms
[217.081s][info][gc,phases   ] GC(235)   Evacuate Collection Set: 1.2ms
[217.081s][info][gc,phases   ] GC(235)   Post Evacuate Collection Set: 0.4ms
[217.081s][info][gc,phases   ] GC(235)   Other: 0.0ms
[217.081s][info][gc,heap     ] GC(235) Eden regions: 27->0(27)
[217.081s][info][gc,heap     ] GC(235) Survivor regions: 1->1(4)
[217.081s][info][gc,heap     ] GC(235) Old regions: 11->11
[217.081s][info][gc,heap     ] GC(235) Humongous regions: 1->1
[217.081s][info][gc,metaspace] GC(235) Metaspace: 54526K(56000K)->54526K(56000K) NonClass: 47348K(48256K)->47348K(48256K) Class: 7177K(7744K)->7177K(7744K)
[217.081s][info][gc          ] GC(235) Pause Young (Normal) (G1 Evacuation Pause) 149M->41M(188M) 2.064ms
[217.081s][info][gc,cpu      ] GC(235) User=0.00s Sys=0.00s Real=0.01s
[217.369s][info][gc,start    ] GC(236) Pause Young (Normal) (G1 Evacuation Pause)
[217.369s][info][gc,task     ] GC(236) Using 8 workers of 8 for evacuation
[217.371s][info][gc,phases   ] GC(236)   Pre Evacuate Collection Set: 0.1ms
[217.371s][info][gc,phases   ] GC(236)   Merge Heap Roots: 0.1ms
[217.371s][info][gc,phases   ] GC(236)   Evacuate Collection Set: 1.6ms
[217.371s][info][gc,phases   ] GC(236)   Post Evacuate Collection Set: 0.2ms
[217.371s][info][gc,phases   ] GC(236)   Other: 0.0ms
[217.371s][info][gc,heap     ] GC(236) Eden regions: 27->0(27)
[217.371s][info][gc,heap     ] GC(236) Survivor regions: 1->1(4)
[217.371s][info][gc,heap     ] GC(236) Old regions: 11->11
[217.371s][info][gc,heap     ] GC(236) Humongous regions: 1->1
[217.371s][info][gc,metaspace] GC(236) Metaspace: 54526K(56000K)->54526K(56000K) NonClass: 47348K(48256K)->47348K(48256K) Class: 7177K(7744K)->7177K(7744K)
[217.371s][info][gc          ] GC(236) Pause Young (Normal) (G1 Evacuation Pause) 149M->41M(188M) 2.111ms
[217.371s][info][gc,cpu      ] GC(236) User=0.00s Sys=0.00s Real=0.00s
[217.712s][info][gc,start    ] GC(237) Pause Young (Normal) (G1 Evacuation Pause)
[217.712s][info][gc,task     ] GC(237) Using 8 workers of 8 for evacuation
[217.714s][info][gc,phases   ] GC(237)   Pre Evacuate Collection Set: 0.1ms
[217.714s][info][gc,phases   ] GC(237)   Merge Heap Roots: 0.1ms
[217.714s][info][gc,phases   ] GC(237)   Evacuate Collection Set: 1.3ms
[217.714s][info][gc,phases   ] GC(237)   Post Evacuate Collection Set: 0.2ms
[217.714s][info][gc,phases   ] GC(237)   Other: 0.0ms
[217.714s][info][gc,heap     ] GC(237) Eden regions: 27->0(27)
[217.714s][info][gc,heap     ] GC(237) Survivor regions: 1->1(4)
[217.714s][info][gc,heap     ] GC(237) Old regions: 11->11
[217.714s][info][gc,heap     ] GC(237) Humongous regions: 1->1
[217.714s][info][gc,metaspace] GC(237) Metaspace: 54526K(56000K)->54526K(56000K) NonClass: 47348K(48256K)->47348K(48256K) Class: 7177K(7744K)->7177K(7744K)
[217.714s][info][gc          ] GC(237) Pause Young (Normal) (G1 Evacuation Pause) 149M->41M(188M) 1.866ms
[217.714s][info][gc,cpu      ] GC(237) User=0.01s Sys=0.00s Real=0.00s
[217.984s][info][gc,start    ] GC(238) Pause Young (Normal) (G1 Evacuation Pause)
[217.984s][info][gc,task     ] GC(238) Using 8 workers of 8 for evacuation
[217.985s][info][gc,phases   ] GC(238)   Pre Evacuate Collection Set: 0.1ms
[217.985s][info][gc,phases   ] GC(238)   Merge Heap Roots: 0.1ms
[217.985s][info][gc,phases   ] GC(238)   Evacuate Collection Set: 1.1ms
[217.985s][info][gc,phases   ] GC(238)   Post Evacuate Collection Set: 0.2ms
[217.985s][info][gc,phases   ] GC(238)   Other: 0.0ms
[217.985s][info][gc,heap     ] GC(238) Eden regions: 27->0(27)
[217.985s][info][gc,heap     ] GC(238) Survivor regions: 1->1(4)
[217.985s][info][gc,heap     ] GC(238) Old regions: 11->11
[217.985s][info][gc,heap     ] GC(238) Humongous regions: 1->1
[217.985s][info][gc,metaspace] GC(238) Metaspace: 54526K(56000K)->54526K(56000K) NonClass: 47348K(48256K)->47348K(48256K) Class: 7177K(7744K)->7177K(7744K)
[217.986s][info][gc          ] GC(238) Pause Young (Normal) (G1 Evacuation Pause) 149M->41M(188M) 1.690ms
[217.986s][info][gc,cpu      ] GC(238) User=0.00s Sys=0.00s Real=0.00s
[218.443s][info][gc,start    ] GC(239) Pause Young (Normal) (G1 Evacuation Pause)
[218.443s][info][gc,task     ] GC(239) Using 8 workers of 8 for evacuation
[218.445s][info][gc,phases   ] GC(239)   Pre Evacuate Collection Set: 0.1ms
[218.445s][info][gc,phases   ] GC(239)   Merge Heap Roots: 0.1ms
[218.445s][info][gc,phases   ] GC(239)   Evacuate Collection Set: 1.3ms
[218.445s][info][gc,phases   ] GC(239)   Post Evacuate Collection Set: 0.2ms
[218.445s][info][gc,phases   ] GC(239)   Other: 0.0ms
[218.445s][info][gc,heap     ] GC(239) Eden regions: 27->0(27)
[218.445s][info][gc,heap     ] GC(239) Survivor regions: 1->1(4)
[218.445s][info][gc,heap     ] GC(239) Old regions: 11->11
[218.445s][info][gc,heap     ] GC(239) Humongous regions: 1->1
[218.445s][info][gc,metaspace] GC(239) Metaspace: 54526K(56000K)->54526K(56000K) NonClass: 47348K(48256K)->47348K(48256K) Class: 7177K(7744K)->7177K(7744K)
[218.445s][info][gc          ] GC(239) Pause Young (Normal) (G1 Evacuation Pause) 149M->41M(188M) 1.888ms
[218.445s][info][gc,cpu      ] GC(239) User=0.00s Sys=0.00s Real=0.00s
[218.769s][info][gc,start    ] GC(240) Pause Young (Normal) (G1 Evacuation Pause)
[218.769s][info][gc,task     ] GC(240) Using 8 workers of 8 for evacuation
[218.770s][info][gc,phases   ] GC(240)   Pre Evacuate Collection Set: 0.1ms
[218.770s][info][gc,phases   ] GC(240)   Merge Heap Roots: 0.1ms
[218.770s][info][gc,phases   ] GC(240)   Evacuate Collection Set: 1.3ms
[218.770s][info][gc,phases   ] GC(240)   Post Evacuate Collection Set: 0.3ms
[218.770s][info][gc,phases   ] GC(240)   Other: 0.0ms
[218.770s][info][gc,heap     ] GC(240) Eden regions: 27->0(27)
[218.770s][info][gc,heap     ] GC(240) Survivor regions: 1->1(4)
[218.770s][info][gc,heap     ] GC(240) Old regions: 11->11
[218.770s][info][gc,heap     ] GC(240) Humongous regions: 1->1
[218.770s][info][gc,metaspace] GC(240) Metaspace: 54526K(56000K)->54526K(56000K) NonClass: 47348K(48256K)->47348K(48256K) Class: 7177K(7744K)->7177K(7744K)
[218.770s][info][gc          ] GC(240) Pause Young (Normal) (G1 Evacuation Pause) 149M->41M(188M) 1.933ms
[218.770s][info][gc,cpu      ] GC(240) User=0.01s Sys=0.00s Real=0.00s
[219.005s][info][gc,start    ] GC(241) Pause Young (Normal) (G1 Evacuation Pause)
[219.005s][info][gc,task     ] GC(241) Using 8 workers of 8 for evacuation
[219.007s][info][gc,phases   ] GC(241)   Pre Evacuate Collection Set: 0.1ms
[219.007s][info][gc,phases   ] GC(241)   Merge Heap Roots: 0.1ms
[219.007s][info][gc,phases   ] GC(241)   Evacuate Collection Set: 1.2ms
[219.007s][info][gc,phases   ] GC(241)   Post Evacuate Collection Set: 0.3ms
[219.007s][info][gc,phases   ] GC(241)   Other: 0.0ms
[219.007s][info][gc,heap     ] GC(241) Eden regions: 27->0(27)
[219.007s][info][gc,heap     ] GC(241) Survivor regions: 1->1(4)
[219.007s][info][gc,heap     ] GC(241) Old regions: 11->11
[219.007s][info][gc,heap     ] GC(241) Humongous regions: 1->1
[219.007s][info][gc,metaspace] GC(241) Metaspace: 54526K(56000K)->54526K(56000K) NonClass: 47348K(48256K)->47348K(48256K) Class: 7177K(7744K)->7177K(7744K)
[219.007s][info][gc          ] GC(241) Pause Young (Normal) (G1 Evacuation Pause) 149M->41M(188M) 1.791ms
[219.007s][info][gc,cpu      ] GC(241) User=0.00s Sys=0.01s Real=0.00s
[219.261s][info][gc,start    ] GC(242) Pause Young (Normal) (G1 Evacuation Pause)
[219.261s][info][gc,task     ] GC(242) Using 8 workers of 8 for evacuation
[219.263s][info][gc,phases   ] GC(242)   Pre Evacuate Collection Set: 0.1ms
[219.263s][info][gc,phases   ] GC(242)   Merge Heap Roots: 0.1ms
[219.263s][info][gc,phases   ] GC(242)   Evacuate Collection Set: 1.4ms
[219.263s][info][gc,phases   ] GC(242)   Post Evacuate Collection Set: 0.3ms
[219.263s][info][gc,phases   ] GC(242)   Other: 0.0ms
[219.263s][info][gc,heap     ] GC(242) Eden regions: 27->0(27)
[219.263s][info][gc,heap     ] GC(242) Survivor regions: 1->1(4)
[219.263s][info][gc,heap     ] GC(242) Old regions: 11->11
[219.263s][info][gc,heap     ] GC(242) Humongous regions: 1->1
[219.263s][info][gc,metaspace] GC(242) Metaspace: 54526K(56000K)->54526K(56000K) NonClass: 47348K(48256K)->47348K(48256K) Class: 7177K(7744K)->7177K(7744K)
[219.263s][info][gc          ] GC(242) Pause Young (Normal) (G1 Evacuation Pause) 149M->41M(188M) 2.018ms
[219.263s][info][gc,cpu      ] GC(242) User=0.00s Sys=0.00s Real=0.01s
[219.524s][info][gc,start    ] GC(243) Pause Young (Normal) (G1 Evacuation Pause)
[219.524s][info][gc,task     ] GC(243) Using 8 workers of 8 for evacuation
[219.526s][info][gc,phases   ] GC(243)   Pre Evacuate Collection Set: 0.1ms
[219.526s][info][gc,phases   ] GC(243)   Merge Heap Roots: 0.1ms
[219.526s][info][gc,phases   ] GC(243)   Evacuate Collection Set: 1.1ms
[219.526s][info][gc,phases   ] GC(243)   Post Evacuate Collection Set: 0.3ms
[219.526s][info][gc,phases   ] GC(243)   Other: 0.0ms
[219.526s][info][gc,heap     ] GC(243) Eden regions: 27->0(27)
[219.526s][info][gc,heap     ] GC(243) Survivor regions: 1->1(4)
[219.526s][info][gc,heap     ] GC(243) Old regions: 11->11
[219.526s][info][gc,heap     ] GC(243) Humongous regions: 1->1
[219.526s][info][gc,metaspace] GC(243) Metaspace: 54526K(56000K)->54526K(56000K) NonClass: 47348K(48256K)->47348K(48256K) Class: 7177K(7744K)->7177K(7744K)
[219.526s][info][gc          ] GC(243) Pause Young (Normal) (G1 Evacuation Pause) 149M->41M(188M) 1.756ms
[219.526s][info][gc,cpu      ] GC(243) User=0.01s Sys=0.00s Real=0.00s
[219.859s][info][gc,start    ] GC(244) Pause Young (Normal) (G1 Evacuation Pause)
[219.859s][info][gc,task     ] GC(244) Using 8 workers of 8 for evacuation
[219.861s][info][gc,phases   ] GC(244)   Pre Evacuate Collection Set: 0.1ms
[219.861s][info][gc,phases   ] GC(244)   Merge Heap Roots: 0.1ms
[219.861s][info][gc,phases   ] GC(244)   Evacuate Collection Set: 1.2ms
[219.861s][info][gc,phases   ] GC(244)   Post Evacuate Collection Set: 0.2ms
[219.861s][info][gc,phases   ] GC(244)   Other: 0.0ms
[219.861s][info][gc,heap     ] GC(244) Eden regions: 27->0(27)
[219.861s][info][gc,heap     ] GC(244) Survivor regions: 1->1(4)
[219.861s][info][gc,heap     ] GC(244) Old regions: 11->11
[219.861s][info][gc,heap     ] GC(244) Humongous regions: 1->1
[219.861s][info][gc,metaspace] GC(244) Metaspace: 54526K(56000K)->54526K(56000K) NonClass: 47348K(48256K)->47348K(48256K) Class: 7177K(7744K)->7177K(7744K)
[219.861s][info][gc          ] GC(244) Pause Young (Normal) (G1 Evacuation Pause) 149M->41M(188M) 1.718ms
[219.861s][info][gc,cpu      ] GC(244) User=0.01s Sys=0.00s Real=0.00s
[220.127s][info][gc,start    ] GC(245) Pause Young (Normal) (G1 Evacuation Pause)
[220.127s][info][gc,task     ] GC(245) Using 8 workers of 8 for evacuation
[220.129s][info][gc,phases   ] GC(245)   Pre Evacuate Collection Set: 0.1ms
[220.129s][info][gc,phases   ] GC(245)   Merge Heap Roots: 0.1ms
[220.129s][info][gc,phases   ] GC(245)   Evacuate Collection Set: 1.2ms
[220.129s][info][gc,phases   ] GC(245)   Post Evacuate Collection Set: 0.3ms
[220.129s][info][gc,phases   ] GC(245)   Other: 0.0ms
[220.129s][info][gc,heap     ] GC(245) Eden regions: 27->0(27)
[220.129s][info][gc,heap     ] GC(245) Survivor regions: 1->1(4)
[220.129s][info][gc,heap     ] GC(245) Old regions: 11->11
[220.129s][info][gc,heap     ] GC(245) Humongous regions: 1->1
[220.129s][info][gc,metaspace] GC(245) Metaspace: 54526K(56000K)->54526K(56000K) NonClass: 47348K(48256K)->47348K(48256K) Class: 7177K(7744K)->7177K(7744K)
[220.129s][info][gc          ] GC(245) Pause Young (Normal) (G1 Evacuation Pause) 149M->42M(188M) 1.845ms
[220.129s][info][gc,cpu      ] GC(245) User=0.00s Sys=0.00s Real=0.00s
[220.371s][info][gc,start    ] GC(246) Pause Young (Normal) (G1 Evacuation Pause)
[220.371s][info][gc,task     ] GC(246) Using 8 workers of 8 for evacuation
[220.373s][info][gc,phases   ] GC(246)   Pre Evacuate Collection Set: 0.1ms
[220.373s][info][gc,phases   ] GC(246)   Merge Heap Roots: 0.1ms
[220.373s][info][gc,phases   ] GC(246)   Evacuate Collection Set: 1.4ms
[220.373s][info][gc,phases   ] GC(246)   Post Evacuate Collection Set: 0.2ms
[220.373s][info][gc,phases   ] GC(246)   Other: 0.1ms
[220.373s][info][gc,heap     ] GC(246) Eden regions: 27->0(27)
[220.373s][info][gc,heap     ] GC(246) Survivor regions: 1->1(4)
[220.373s][info][gc,heap     ] GC(246) Old regions: 11->11
[220.373s][info][gc,heap     ] GC(246) Humongous regions: 1->1
[220.373s][info][gc,metaspace] GC(246) Metaspace: 54526K(56000K)->54526K(56000K) NonClass: 47348K(48256K)->47348K(48256K) Class: 7177K(7744K)->7177K(7744K)
[220.373s][info][gc          ] GC(246) Pause Young (Normal) (G1 Evacuation Pause) 150M->42M(188M) 1.942ms
[220.373s][info][gc,cpu      ] GC(246) User=0.01s Sys=0.00s Real=0.00s
[220.628s][info][gc,start    ] GC(247) Pause Young (Normal) (G1 Evacuation Pause)
[220.629s][info][gc,task     ] GC(247) Using 8 workers of 8 for evacuation
[220.630s][info][gc,phases   ] GC(247)   Pre Evacuate Collection Set: 0.1ms
[220.630s][info][gc,phases   ] GC(247)   Merge Heap Roots: 0.1ms
[220.630s][info][gc,phases   ] GC(247)   Evacuate Collection Set: 1.4ms
[220.630s][info][gc,phases   ] GC(247)   Post Evacuate Collection Set: 0.3ms
[220.630s][info][gc,phases   ] GC(247)   Other: 0.0ms
[220.630s][info][gc,heap     ] GC(247) Eden regions: 27->0(27)
[220.630s][info][gc,heap     ] GC(247) Survivor regions: 1->1(4)
[220.630s][info][gc,heap     ] GC(247) Old regions: 11->11
[220.630s][info][gc,heap     ] GC(247) Humongous regions: 1->1
[220.630s][info][gc,metaspace] GC(247) Metaspace: 54526K(56000K)->54526K(56000K) NonClass: 47348K(48256K)->47348K(48256K) Class: 7177K(7744K)->7177K(7744K)
[220.630s][info][gc          ] GC(247) Pause Young (Normal) (G1 Evacuation Pause) 150M->42M(188M) 1.981ms
[220.630s][info][gc,cpu      ] GC(247) User=0.01s Sys=0.00s Real=0.00s
[220.941s][info][gc,start    ] GC(248) Pause Young (Normal) (G1 Evacuation Pause)
[220.941s][info][gc,task     ] GC(248) Using 8 workers of 8 for evacuation
[220.943s][info][gc,phases   ] GC(248)   Pre Evacuate Collection Set: 0.1ms
[220.943s][info][gc,phases   ] GC(248)   Merge Heap Roots: 0.1ms
[220.943s][info][gc,phases   ] GC(248)   Evacuate Collection Set: 1.4ms
[220.943s][info][gc,phases   ] GC(248)   Post Evacuate Collection Set: 0.3ms
[220.943s][info][gc,phases   ] GC(248)   Other: 0.0ms
[220.943s][info][gc,heap     ] GC(248) Eden regions: 27->0(27)
[220.943s][info][gc,heap     ] GC(248) Survivor regions: 1->1(4)
[220.943s][info][gc,heap     ] GC(248) Old regions: 11->11
[220.943s][info][gc,heap     ] GC(248) Humongous regions: 1->1
[220.943s][info][gc,metaspace] GC(248) Metaspace: 54526K(56000K)->54526K(56000K) NonClass: 47348K(48256K)->47348K(48256K) Class: 7177K(7744K)->7177K(7744K)
[220.943s][info][gc          ] GC(248) Pause Young (Normal) (G1 Evacuation Pause) 150M->42M(188M) 2.123ms
[220.943s][info][gc,cpu      ] GC(248) User=0.01s Sys=0.00s Real=0.01s
[221.214s][info][gc,start    ] GC(249) Pause Young (Normal) (G1 Evacuation Pause)
[221.214s][info][gc,task     ] GC(249) Using 8 workers of 8 for evacuation
[221.217s][info][gc,phases   ] GC(249)   Pre Evacuate Collection Set: 0.1ms
[221.217s][info][gc,phases   ] GC(249)   Merge Heap Roots: 0.1ms
[221.217s][info][gc,phases   ] GC(249)   Evacuate Collection Set: 1.6ms
[221.217s][info][gc,phases   ] GC(249)   Post Evacuate Collection Set: 0.4ms
[221.217s][info][gc,phases   ] GC(249)   Other: 0.1ms
[221.217s][info][gc,heap     ] GC(249) Eden regions: 27->0(27)
[221.217s][info][gc,heap     ] GC(249) Survivor regions: 1->1(4)
[221.217s][info][gc,heap     ] GC(249) Old regions: 11->11
[221.217s][info][gc,heap     ] GC(249) Humongous regions: 1->1
[221.217s][info][gc,metaspace] GC(249) Metaspace: 54526K(56000K)->54526K(56000K) NonClass: 47348K(48256K)->47348K(48256K) Class: 7177K(7744K)->7177K(7744K)
[221.217s][info][gc          ] GC(249) Pause Young (Normal) (G1 Evacuation Pause) 150M->42M(188M) 2.492ms
[221.217s][info][gc,cpu      ] GC(249) User=0.00s Sys=0.00s Real=0.00s
[221.473s][info][gc,start    ] GC(250) Pause Young (Normal) (G1 Evacuation Pause)
[221.473s][info][gc,task     ] GC(250) Using 8 workers of 8 for evacuation
[221.475s][info][gc,phases   ] GC(250)   Pre Evacuate Collection Set: 0.1ms
[221.475s][info][gc,phases   ] GC(250)   Merge Heap Roots: 0.1ms
[221.475s][info][gc,phases   ] GC(250)   Evacuate Collection Set: 1.4ms
[221.475s][info][gc,phases   ] GC(250)   Post Evacuate Collection Set: 0.3ms
[221.475s][info][gc,phases   ] GC(250)   Other: 0.1ms
[221.475s][info][gc,heap     ] GC(250) Eden regions: 27->0(27)
[221.475s][info][gc,heap     ] GC(250) Survivor regions: 1->1(4)
[221.475s][info][gc,heap     ] GC(250) Old regions: 11->11
[221.475s][info][gc,heap     ] GC(250) Humongous regions: 1->1
[221.475s][info][gc,metaspace] GC(250) Metaspace: 54526K(56000K)->54526K(56000K) NonClass: 47348K(48256K)->47348K(48256K) Class: 7177K(7744K)->7177K(7744K)
[221.475s][info][gc          ] GC(250) Pause Young (Normal) (G1 Evacuation Pause) 150M->42M(188M) 2.081ms
[221.475s][info][gc,cpu      ] GC(250) User=0.00s Sys=0.00s Real=0.00s
[221.767s][info][gc,start    ] GC(251) Pause Young (Normal) (G1 Evacuation Pause)
[221.767s][info][gc,task     ] GC(251) Using 8 workers of 8 for evacuation
[221.768s][info][gc,phases   ] GC(251)   Pre Evacuate Collection Set: 0.1ms
[221.768s][info][gc,phases   ] GC(251)   Merge Heap Roots: 0.1ms
[221.768s][info][gc,phases   ] GC(251)   Evacuate Collection Set: 1.2ms
[221.768s][info][gc,phases   ] GC(251)   Post Evacuate Collection Set: 0.2ms
[221.768s][info][gc,phases   ] GC(251)   Other: 0.0ms
[221.768s][info][gc,heap     ] GC(251) Eden regions: 27->0(27)
[221.768s][info][gc,heap     ] GC(251) Survivor regions: 1->1(4)
[221.768s][info][gc,heap     ] GC(251) Old regions: 11->11
[221.768s][info][gc,heap     ] GC(251) Humongous regions: 1->1
[221.768s][info][gc,metaspace] GC(251) Metaspace: 54526K(56000K)->54526K(56000K) NonClass: 47348K(48256K)->47348K(48256K) Class: 7177K(7744K)->7177K(7744K)
[221.768s][info][gc          ] GC(251) Pause Young (Normal) (G1 Evacuation Pause) 150M->42M(188M) 1.840ms
[221.768s][info][gc,cpu      ] GC(251) User=0.01s Sys=0.00s Real=0.00s
[222.085s][info][gc,start    ] GC(252) Pause Young (Normal) (G1 Evacuation Pause)
[222.085s][info][gc,task     ] GC(252) Using 8 workers of 8 for evacuation
[222.089s][info][gc,phases   ] GC(252)   Pre Evacuate Collection Set: 0.1ms
[222.089s][info][gc,phases   ] GC(252)   Merge Heap Roots: 0.1ms
[222.089s][info][gc,phases   ] GC(252)   Evacuate Collection Set: 3.4ms
[222.089s][info][gc,phases   ] GC(252)   Post Evacuate Collection Set: 0.6ms
[222.089s][info][gc,phases   ] GC(252)   Other: 0.1ms
[222.089s][info][gc,heap     ] GC(252) Eden regions: 27->0(27)
[222.089s][info][gc,heap     ] GC(252) Survivor regions: 1->1(4)
[222.089s][info][gc,heap     ] GC(252) Old regions: 11->11
[222.089s][info][gc,heap     ] GC(252) Humongous regions: 1->1
[222.089s][info][gc,metaspace] GC(252) Metaspace: 54526K(56000K)->54526K(56000K) NonClass: 47348K(48256K)->47348K(48256K) Class: 7177K(7744K)->7177K(7744K)
[222.089s][info][gc          ] GC(252) Pause Young (Normal) (G1 Evacuation Pause) 150M->42M(188M) 4.492ms
[222.089s][info][gc,cpu      ] GC(252) User=0.01s Sys=0.00s Real=0.00s
[222.335s][info][gc,start    ] GC(253) Pause Young (Normal) (G1 Evacuation Pause)
[222.335s][info][gc,task     ] GC(253) Using 8 workers of 8 for evacuation
[222.336s][info][gc,phases   ] GC(253)   Pre Evacuate Collection Set: 0.1ms
[222.337s][info][gc,phases   ] GC(253)   Merge Heap Roots: 0.1ms
[222.337s][info][gc,phases   ] GC(253)   Evacuate Collection Set: 1.3ms
[222.337s][info][gc,phases   ] GC(253)   Post Evacuate Collection Set: 0.3ms
[222.337s][info][gc,phases   ] GC(253)   Other: 0.0ms
[222.337s][info][gc,heap     ] GC(253) Eden regions: 27->0(27)
[222.337s][info][gc,heap     ] GC(253) Survivor regions: 1->1(4)
[222.337s][info][gc,heap     ] GC(253) Old regions: 11->11
[222.337s][info][gc,heap     ] GC(253) Humongous regions: 1->1
[222.337s][info][gc,metaspace] GC(253) Metaspace: 54526K(56000K)->54526K(56000K) NonClass: 47348K(48256K)->47348K(48256K) Class: 7177K(7744K)->7177K(7744K)
[222.337s][info][gc          ] GC(253) Pause Young (Normal) (G1 Evacuation Pause) 150M->42M(188M) 1.893ms
[222.337s][info][gc,cpu      ] GC(253) User=0.01s Sys=0.00s Real=0.00s
[222.615s][info][gc,start    ] GC(254) Pause Young (Normal) (G1 Evacuation Pause)
[222.615s][info][gc,task     ] GC(254) Using 8 workers of 8 for evacuation
[222.617s][info][gc,phases   ] GC(254)   Pre Evacuate Collection Set: 0.1ms
[222.617s][info][gc,phases   ] GC(254)   Merge Heap Roots: 0.1ms
[222.617s][info][gc,phases   ] GC(254)   Evacuate Collection Set: 1.4ms
[222.617s][info][gc,phases   ] GC(254)   Post Evacuate Collection Set: 0.2ms
[222.617s][info][gc,phases   ] GC(254)   Other: 0.0ms
[222.617s][info][gc,heap     ] GC(254) Eden regions: 27->0(27)
[222.617s][info][gc,heap     ] GC(254) Survivor regions: 1->1(4)
[222.617s][info][gc,heap     ] GC(254) Old regions: 11->11
[222.617s][info][gc,heap     ] GC(254) Humongous regions: 1->1
[222.617s][info][gc,metaspace] GC(254) Metaspace: 54526K(56000K)->54526K(56000K) NonClass: 47348K(48256K)->47348K(48256K) Class: 7177K(7744K)->7177K(7744K)
[222.617s][info][gc          ] GC(254) Pause Young (Normal) (G1 Evacuation Pause) 150M->42M(188M) 1.903ms
[222.617s][info][gc,cpu      ] GC(254) User=0.01s Sys=0.00s Real=0.00s
[222.923s][info][gc,start    ] GC(255) Pause Young (Normal) (G1 Evacuation Pause)
[222.923s][info][gc,task     ] GC(255) Using 8 workers of 8 for evacuation
[222.925s][info][gc,phases   ] GC(255)   Pre Evacuate Collection Set: 0.1ms
[222.925s][info][gc,phases   ] GC(255)   Merge Heap Roots: 0.1ms
[222.925s][info][gc,phases   ] GC(255)   Evacuate Collection Set: 1.3ms
[222.925s][info][gc,phases   ] GC(255)   Post Evacuate Collection Set: 0.2ms
[222.925s][info][gc,phases   ] GC(255)   Other: 0.0ms
[222.925s][info][gc,heap     ] GC(255) Eden regions: 27->0(27)
[222.925s][info][gc,heap     ] GC(255) Survivor regions: 1->1(4)
[222.925s][info][gc,heap     ] GC(255) Old regions: 11->11
[222.925s][info][gc,heap     ] GC(255) Humongous regions: 1->1
[222.925s][info][gc,metaspace] GC(255) Metaspace: 54526K(56000K)->54526K(56000K) NonClass: 47348K(48256K)->47348K(48256K) Class: 7177K(7744K)->7177K(7744K)
[222.925s][info][gc          ] GC(255) Pause Young (Normal) (G1 Evacuation Pause) 150M->42M(188M) 1.936ms
[222.925s][info][gc,cpu      ] GC(255) User=0.00s Sys=0.00s Real=0.00s
[223.180s][info][gc,start    ] GC(256) Pause Young (Normal) (G1 Evacuation Pause)
[223.180s][info][gc,task     ] GC(256) Using 8 workers of 8 for evacuation
[223.182s][info][gc,phases   ] GC(256)   Pre Evacuate Collection Set: 0.1ms
[223.182s][info][gc,phases   ] GC(256)   Merge Heap Roots: 0.1ms
[223.182s][info][gc,phases   ] GC(256)   Evacuate Collection Set: 1.4ms
[223.182s][info][gc,phases   ] GC(256)   Post Evacuate Collection Set: 0.2ms
[223.182s][info][gc,phases   ] GC(256)   Other: 0.0ms
[223.182s][info][gc,heap     ] GC(256) Eden regions: 27->0(27)
[223.182s][info][gc,heap     ] GC(256) Survivor regions: 1->1(4)
[223.182s][info][gc,heap     ] GC(256) Old regions: 11->11
[223.182s][info][gc,heap     ] GC(256) Humongous regions: 1->1
[223.182s][info][gc,metaspace] GC(256) Metaspace: 54526K(56000K)->54526K(56000K) NonClass: 47348K(48256K)->47348K(48256K) Class: 7177K(7744K)->7177K(7744K)
[223.182s][info][gc          ] GC(256) Pause Young (Normal) (G1 Evacuation Pause) 150M->42M(188M) 2.006ms
[223.182s][info][gc,cpu      ] GC(256) User=0.01s Sys=0.00s Real=0.01s
[223.449s][info][gc,start    ] GC(257) Pause Young (Normal) (G1 Evacuation Pause)
[223.449s][info][gc,task     ] GC(257) Using 8 workers of 8 for evacuation
[223.451s][info][gc,phases   ] GC(257)   Pre Evacuate Collection Set: 0.1ms
[223.451s][info][gc,phases   ] GC(257)   Merge Heap Roots: 0.1ms
[223.451s][info][gc,phases   ] GC(257)   Evacuate Collection Set: 1.3ms
[223.451s][info][gc,phases   ] GC(257)   Post Evacuate Collection Set: 0.3ms
[223.451s][info][gc,phases   ] GC(257)   Other: 0.0ms
[223.451s][info][gc,heap     ] GC(257) Eden regions: 27->0(27)
[223.451s][info][gc,heap     ] GC(257) Survivor regions: 1->1(4)
[223.451s][info][gc,heap     ] GC(257) Old regions: 11->11
[223.451s][info][gc,heap     ] GC(257) Humongous regions: 1->1
[223.451s][info][gc,metaspace] GC(257) Metaspace: 54526K(56000K)->54526K(56000K) NonClass: 47348K(48256K)->47348K(48256K) Class: 7177K(7744K)->7177K(7744K)
[223.451s][info][gc          ] GC(257) Pause Young (Normal) (G1 Evacuation Pause) 150M->42M(188M) 1.935ms
[223.451s][info][gc,cpu      ] GC(257) User=0.00s Sys=0.00s Real=0.00s
[223.777s][info][gc,start    ] GC(258) Pause Young (Normal) (G1 Evacuation Pause)
[223.777s][info][gc,task     ] GC(258) Using 8 workers of 8 for evacuation
[223.779s][info][gc,phases   ] GC(258)   Pre Evacuate Collection Set: 0.1ms
[223.779s][info][gc,phases   ] GC(258)   Merge Heap Roots: 0.1ms
[223.779s][info][gc,phases   ] GC(258)   Evacuate Collection Set: 1.3ms
[223.779s][info][gc,phases   ] GC(258)   Post Evacuate Collection Set: 0.3ms
[223.779s][info][gc,phases   ] GC(258)   Other: 0.0ms
[223.779s][info][gc,heap     ] GC(258) Eden regions: 27->0(27)
[223.779s][info][gc,heap     ] GC(258) Survivor regions: 1->1(4)
[223.779s][info][gc,heap     ] GC(258) Old regions: 11->11
[223.779s][info][gc,heap     ] GC(258) Humongous regions: 1->1
[223.779s][info][gc,metaspace] GC(258) Metaspace: 54526K(56000K)->54526K(56000K) NonClass: 47348K(48256K)->47348K(48256K) Class: 7177K(7744K)->7177K(7744K)
[223.779s][info][gc          ] GC(258) Pause Young (Normal) (G1 Evacuation Pause) 150M->42M(188M) 1.853ms
[223.779s][info][gc,cpu      ] GC(258) User=0.00s Sys=0.00s Real=0.00s
[224.048s][info][gc,start    ] GC(259) Pause Young (Normal) (G1 Evacuation Pause)
[224.048s][info][gc,task     ] GC(259) Using 8 workers of 8 for evacuation
[224.050s][info][gc,phases   ] GC(259)   Pre Evacuate Collection Set: 0.1ms
[224.050s][info][gc,phases   ] GC(259)   Merge Heap Roots: 0.1ms
[224.050s][info][gc,phases   ] GC(259)   Evacuate Collection Set: 1.4ms
[224.050s][info][gc,phases   ] GC(259)   Post Evacuate Collection Set: 0.3ms
[224.050s][info][gc,phases   ] GC(259)   Other: 0.0ms
[224.050s][info][gc,heap     ] GC(259) Eden regions: 27->0(27)
[224.050s][info][gc,heap     ] GC(259) Survivor regions: 1->1(4)
[224.050s][info][gc,heap     ] GC(259) Old regions: 11->11
[224.050s][info][gc,heap     ] GC(259) Humongous regions: 1->1
[224.050s][info][gc,metaspace] GC(259) Metaspace: 54526K(56000K)->54526K(56000K) NonClass: 47348K(48256K)->47348K(48256K) Class: 7177K(7744K)->7177K(7744K)
[224.050s][info][gc          ] GC(259) Pause Young (Normal) (G1 Evacuation Pause) 150M->42M(188M) 1.992ms
[224.050s][info][gc,cpu      ] GC(259) User=0.01s Sys=0.00s Real=0.00s
[224.324s][info][gc,start    ] GC(260) Pause Young (Normal) (G1 Evacuation Pause)
[224.324s][info][gc,task     ] GC(260) Using 8 workers of 8 for evacuation
[224.326s][info][gc,phases   ] GC(260)   Pre Evacuate Collection Set: 0.1ms
[224.326s][info][gc,phases   ] GC(260)   Merge Heap Roots: 0.1ms
[224.326s][info][gc,phases   ] GC(260)   Evacuate Collection Set: 1.5ms
[224.326s][info][gc,phases   ] GC(260)   Post Evacuate Collection Set: 0.3ms
[224.326s][info][gc,phases   ] GC(260)   Other: 0.1ms
[224.326s][info][gc,heap     ] GC(260) Eden regions: 27->0(27)
[224.326s][info][gc,heap     ] GC(260) Survivor regions: 1->1(4)
[224.326s][info][gc,heap     ] GC(260) Old regions: 11->11
[224.326s][info][gc,heap     ] GC(260) Humongous regions: 1->1
[224.326s][info][gc,metaspace] GC(260) Metaspace: 54526K(56000K)->54526K(56000K) NonClass: 47348K(48256K)->47348K(48256K) Class: 7177K(7744K)->7177K(7744K)
[224.326s][info][gc          ] GC(260) Pause Young (Normal) (G1 Evacuation Pause) 150M->42M(188M) 2.219ms
[224.326s][info][gc,cpu      ] GC(260) User=0.00s Sys=0.00s Real=0.00s
[224.788s][info][gc,start    ] GC(261) Pause Young (Normal) (G1 Evacuation Pause)
[224.788s][info][gc,task     ] GC(261) Using 8 workers of 8 for evacuation
[224.790s][info][gc,phases   ] GC(261)   Pre Evacuate Collection Set: 0.1ms
[224.790s][info][gc,phases   ] GC(261)   Merge Heap Roots: 0.1ms
[224.790s][info][gc,phases   ] GC(261)   Evacuate Collection Set: 1.3ms
[224.790s][info][gc,phases   ] GC(261)   Post Evacuate Collection Set: 0.2ms
[224.790s][info][gc,phases   ] GC(261)   Other: 0.0ms
[224.790s][info][gc,heap     ] GC(261) Eden regions: 27->0(27)
[224.790s][info][gc,heap     ] GC(261) Survivor regions: 1->1(4)
[224.790s][info][gc,heap     ] GC(261) Old regions: 11->11
[224.790s][info][gc,heap     ] GC(261) Humongous regions: 1->1
[224.790s][info][gc,metaspace] GC(261) Metaspace: 54526K(56000K)->54526K(56000K) NonClass: 47348K(48256K)->47348K(48256K) Class: 7177K(7744K)->7177K(7744K)
[224.790s][info][gc          ] GC(261) Pause Young (Normal) (G1 Evacuation Pause) 150M->42M(188M) 1.933ms
[224.790s][info][gc,cpu      ] GC(261) User=0.00s Sys=0.00s Real=0.00s
[225.192s][info][gc,start    ] GC(262) Pause Young (Normal) (G1 Evacuation Pause)
[225.192s][info][gc,task     ] GC(262) Using 8 workers of 8 for evacuation
[225.194s][info][gc,phases   ] GC(262)   Pre Evacuate Collection Set: 0.1ms
[225.194s][info][gc,phases   ] GC(262)   Merge Heap Roots: 0.1ms
[225.194s][info][gc,phases   ] GC(262)   Evacuate Collection Set: 1.3ms
[225.194s][info][gc,phases   ] GC(262)   Post Evacuate Collection Set: 0.2ms
[225.194s][info][gc,phases   ] GC(262)   Other: 0.0ms
[225.194s][info][gc,heap     ] GC(262) Eden regions: 27->0(27)
[225.194s][info][gc,heap     ] GC(262) Survivor regions: 1->1(4)
[225.194s][info][gc,heap     ] GC(262) Old regions: 11->11
[225.194s][info][gc,heap     ] GC(262) Humongous regions: 1->1
[225.194s][info][gc,metaspace] GC(262) Metaspace: 54526K(56000K)->54526K(56000K) NonClass: 47348K(48256K)->47348K(48256K) Class: 7177K(7744K)->7177K(7744K)
[225.194s][info][gc          ] GC(262) Pause Young (Normal) (G1 Evacuation Pause) 150M->42M(188M) 1.902ms
[225.194s][info][gc,cpu      ] GC(262) User=0.00s Sys=0.00s Real=0.00s
[225.547s][info][gc,start    ] GC(263) Pause Young (Normal) (G1 Evacuation Pause)
[225.547s][info][gc,task     ] GC(263) Using 8 workers of 8 for evacuation
[225.553s][info][gc,phases   ] GC(263)   Pre Evacuate Collection Set: 0.1ms
[225.553s][info][gc,phases   ] GC(263)   Merge Heap Roots: 0.1ms
[225.553s][info][gc,phases   ] GC(263)   Evacuate Collection Set: 5.0ms
[225.553s][info][gc,phases   ] GC(263)   Post Evacuate Collection Set: 0.5ms
[225.553s][info][gc,phases   ] GC(263)   Other: 0.0ms
[225.553s][info][gc,heap     ] GC(263) Eden regions: 27->0(27)
[225.553s][info][gc,heap     ] GC(263) Survivor regions: 1->1(4)
[225.553s][info][gc,heap     ] GC(263) Old regions: 11->11
[225.553s][info][gc,heap     ] GC(263) Humongous regions: 1->1
[225.553s][info][gc,metaspace] GC(263) Metaspace: 54526K(56000K)->54526K(56000K) NonClass: 47348K(48256K)->47348K(48256K) Class: 7177K(7744K)->7177K(7744K)
[225.553s][info][gc          ] GC(263) Pause Young (Normal) (G1 Evacuation Pause) 150M->42M(188M) 6.022ms
[225.553s][info][gc,cpu      ] GC(263) User=0.01s Sys=0.00s Real=0.01s
[226.313s][info][gc,start    ] GC(264) Pause Young (Normal) (G1 Evacuation Pause)
[226.313s][info][gc,task     ] GC(264) Using 8 workers of 8 for evacuation
[226.315s][info][gc,phases   ] GC(264)   Pre Evacuate Collection Set: 0.1ms
[226.315s][info][gc,phases   ] GC(264)   Merge Heap Roots: 0.1ms
[226.315s][info][gc,phases   ] GC(264)   Evacuate Collection Set: 1.3ms
[226.315s][info][gc,phases   ] GC(264)   Post Evacuate Collection Set: 0.2ms
[226.315s][info][gc,phases   ] GC(264)   Other: 0.0ms
[226.315s][info][gc,heap     ] GC(264) Eden regions: 27->0(27)
[226.315s][info][gc,heap     ] GC(264) Survivor regions: 1->1(4)
[226.315s][info][gc,heap     ] GC(264) Old regions: 11->11
[226.315s][info][gc,heap     ] GC(264) Humongous regions: 1->1
[226.315s][info][gc,metaspace] GC(264) Metaspace: 54526K(56000K)->54526K(56000K) NonClass: 47348K(48256K)->47348K(48256K) Class: 7177K(7744K)->7177K(7744K)
[226.315s][info][gc          ] GC(264) Pause Young (Normal) (G1 Evacuation Pause) 150M->42M(188M) 1.924ms
[226.315s][info][gc,cpu      ] GC(264) User=0.01s Sys=0.00s Real=0.00s
[226.784s][info][gc,start    ] GC(265) Pause Young (Normal) (G1 Evacuation Pause)
[226.784s][info][gc,task     ] GC(265) Using 8 workers of 8 for evacuation
[226.788s][info][gc,phases   ] GC(265)   Pre Evacuate Collection Set: 0.1ms
[226.788s][info][gc,phases   ] GC(265)   Merge Heap Roots: 0.1ms
[226.788s][info][gc,phases   ] GC(265)   Evacuate Collection Set: 3.9ms
[226.788s][info][gc,phases   ] GC(265)   Post Evacuate Collection Set: 0.5ms
[226.788s][info][gc,phases   ] GC(265)   Other: 0.0ms
[226.788s][info][gc,heap     ] GC(265) Eden regions: 27->0(27)
[226.788s][info][gc,heap     ] GC(265) Survivor regions: 1->1(4)
[226.788s][info][gc,heap     ] GC(265) Old regions: 11->11
[226.788s][info][gc,heap     ] GC(265) Humongous regions: 1->1
[226.788s][info][gc,metaspace] GC(265) Metaspace: 54526K(56000K)->54526K(56000K) NonClass: 47348K(48256K)->47348K(48256K) Class: 7177K(7744K)->7177K(7744K)
[226.789s][info][gc          ] GC(265) Pause Young (Normal) (G1 Evacuation Pause) 150M->42M(188M) 4.723ms
[226.789s][info][gc,cpu      ] GC(265) User=0.00s Sys=0.00s Real=0.00s
[227.253s][info][gc,start    ] GC(266) Pause Young (Normal) (G1 Evacuation Pause)
[227.254s][info][gc,task     ] GC(266) Using 8 workers of 8 for evacuation
[227.255s][info][gc,phases   ] GC(266)   Pre Evacuate Collection Set: 0.1ms
[227.255s][info][gc,phases   ] GC(266)   Merge Heap Roots: 0.1ms
[227.255s][info][gc,phases   ] GC(266)   Evacuate Collection Set: 1.4ms
[227.255s][info][gc,phases   ] GC(266)   Post Evacuate Collection Set: 0.3ms
[227.255s][info][gc,phases   ] GC(266)   Other: 0.0ms
[227.255s][info][gc,heap     ] GC(266) Eden regions: 27->0(27)
[227.255s][info][gc,heap     ] GC(266) Survivor regions: 1->1(4)
[227.255s][info][gc,heap     ] GC(266) Old regions: 11->11
[227.255s][info][gc,heap     ] GC(266) Humongous regions: 1->1
[227.255s][info][gc,metaspace] GC(266) Metaspace: 54526K(56000K)->54526K(56000K) NonClass: 47348K(48256K)->47348K(48256K) Class: 7177K(7744K)->7177K(7744K)
[227.255s][info][gc          ] GC(266) Pause Young (Normal) (G1 Evacuation Pause) 150M->42M(188M) 1.999ms
[227.255s][info][gc,cpu      ] GC(266) User=0.01s Sys=0.00s Real=0.00s
[227.956s][info][gc,start    ] GC(267) Pause Young (Normal) (G1 Evacuation Pause)
[227.956s][info][gc,task     ] GC(267) Using 8 workers of 8 for evacuation
[227.958s][info][gc,phases   ] GC(267)   Pre Evacuate Collection Set: 0.1ms
[227.958s][info][gc,phases   ] GC(267)   Merge Heap Roots: 0.1ms
[227.958s][info][gc,phases   ] GC(267)   Evacuate Collection Set: 1.5ms
[227.958s][info][gc,phases   ] GC(267)   Post Evacuate Collection Set: 0.2ms
[227.958s][info][gc,phases   ] GC(267)   Other: 0.0ms
[227.958s][info][gc,heap     ] GC(267) Eden regions: 27->0(27)
[227.958s][info][gc,heap     ] GC(267) Survivor regions: 1->1(4)
[227.958s][info][gc,heap     ] GC(267) Old regions: 11->11
[227.958s][info][gc,heap     ] GC(267) Humongous regions: 1->1
[227.958s][info][gc,metaspace] GC(267) Metaspace: 54526K(56000K)->54526K(56000K) NonClass: 47348K(48256K)->47348K(48256K) Class: 7177K(7744K)->7177K(7744K)
[227.958s][info][gc          ] GC(267) Pause Young (Normal) (G1 Evacuation Pause) 150M->42M(188M) 2.066ms
[227.958s][info][gc,cpu      ] GC(267) User=0.01s Sys=0.00s Real=0.00s
[228.520s][info][gc,start    ] GC(268) Pause Young (Normal) (G1 Evacuation Pause)
[228.520s][info][gc,task     ] GC(268) Using 8 workers of 8 for evacuation
[228.521s][info][gc,phases   ] GC(268)   Pre Evacuate Collection Set: 0.1ms
[228.521s][info][gc,phases   ] GC(268)   Merge Heap Roots: 0.1ms
[228.521s][info][gc,phases   ] GC(268)   Evacuate Collection Set: 1.4ms
[228.521s][info][gc,phases   ] GC(268)   Post Evacuate Collection Set: 0.3ms
[228.521s][info][gc,phases   ] GC(268)   Other: 0.1ms
[228.522s][info][gc,heap     ] GC(268) Eden regions: 27->0(27)
[228.522s][info][gc,heap     ] GC(268) Survivor regions: 1->1(4)
[228.522s][info][gc,heap     ] GC(268) Old regions: 11->11
[228.522s][info][gc,heap     ] GC(268) Humongous regions: 1->1
[228.522s][info][gc,metaspace] GC(268) Metaspace: 54526K(56000K)->54526K(56000K) NonClass: 47348K(48256K)->47348K(48256K) Class: 7177K(7744K)->7177K(7744K)
[228.522s][info][gc          ] GC(268) Pause Young (Normal) (G1 Evacuation Pause) 150M->43M(188M) 2.004ms
[228.522s][info][gc,cpu      ] GC(268) User=0.00s Sys=0.00s Real=0.01s
[228.986s][info][gc,start    ] GC(269) Pause Young (Normal) (G1 Evacuation Pause)
[228.986s][info][gc,task     ] GC(269) Using 8 workers of 8 for evacuation
[228.989s][info][gc,phases   ] GC(269)   Pre Evacuate Collection Set: 0.1ms
[228.989s][info][gc,phases   ] GC(269)   Merge Heap Roots: 0.1ms
[228.989s][info][gc,phases   ] GC(269)   Evacuate Collection Set: 3.1ms
[228.989s][info][gc,phases   ] GC(269)   Post Evacuate Collection Set: 0.2ms
[228.990s][info][gc,phases   ] GC(269)   Other: 0.0ms
[228.990s][info][gc,heap     ] GC(269) Eden regions: 27->0(27)
[228.990s][info][gc,heap     ] GC(269) Survivor regions: 1->1(4)
[228.990s][info][gc,heap     ] GC(269) Old regions: 11->11
[228.990s][info][gc,heap     ] GC(269) Humongous regions: 1->1
[228.990s][info][gc,metaspace] GC(269) Metaspace: 54526K(56000K)->54526K(56000K) NonClass: 47348K(48256K)->47348K(48256K) Class: 7177K(7744K)->7177K(7744K)
[228.990s][info][gc          ] GC(269) Pause Young (Normal) (G1 Evacuation Pause) 151M->43M(188M) 3.711ms
[228.990s][info][gc,cpu      ] GC(269) User=0.00s Sys=0.00s Real=0.00s
[229.618s][info][gc,start    ] GC(270) Pause Young (Normal) (G1 Evacuation Pause)
[229.618s][info][gc,task     ] GC(270) Using 8 workers of 8 for evacuation
[229.619s][info][gc,phases   ] GC(270)   Pre Evacuate Collection Set: 0.1ms
[229.619s][info][gc,phases   ] GC(270)   Merge Heap Roots: 0.1ms
[229.619s][info][gc,phases   ] GC(270)   Evacuate Collection Set: 1.3ms
[229.619s][info][gc,phases   ] GC(270)   Post Evacuate Collection Set: 0.3ms
[229.619s][info][gc,phases   ] GC(270)   Other: 0.0ms
[229.619s][info][gc,heap     ] GC(270) Eden regions: 27->0(27)
[229.619s][info][gc,heap     ] GC(270) Survivor regions: 1->1(4)
[229.619s][info][gc,heap     ] GC(270) Old regions: 11->11
[229.619s][info][gc,heap     ] GC(270) Humongous regions: 1->1
[229.619s][info][gc,metaspace] GC(270) Metaspace: 54536K(56000K)->54536K(56000K) NonClass: 47356K(48256K)->47356K(48256K) Class: 7179K(7744K)->7179K(7744K)
[229.619s][info][gc          ] GC(270) Pause Young (Normal) (G1 Evacuation Pause) 151M->43M(188M) 1.906ms
[229.619s][info][gc,cpu      ] GC(270) User=0.01s Sys=0.00s Real=0.00s
[229.955s][info][gc,start    ] GC(271) Pause Young (Normal) (G1 Evacuation Pause)
[229.956s][info][gc,task     ] GC(271) Using 8 workers of 8 for evacuation
[229.957s][info][gc,phases   ] GC(271)   Pre Evacuate Collection Set: 0.1ms
[229.957s][info][gc,phases   ] GC(271)   Merge Heap Roots: 0.1ms
[229.957s][info][gc,phases   ] GC(271)   Evacuate Collection Set: 1.4ms
[229.957s][info][gc,phases   ] GC(271)   Post Evacuate Collection Set: 0.2ms
[229.957s][info][gc,phases   ] GC(271)   Other: 0.0ms
[229.957s][info][gc,heap     ] GC(271) Eden regions: 27->0(27)
[229.957s][info][gc,heap     ] GC(271) Survivor regions: 1->1(4)
[229.957s][info][gc,heap     ] GC(271) Old regions: 11->11
[229.957s][info][gc,heap     ] GC(271) Humongous regions: 1->1
[229.957s][info][gc,metaspace] GC(271) Metaspace: 54536K(56000K)->54536K(56000K) NonClass: 47356K(48256K)->47356K(48256K) Class: 7179K(7744K)->7179K(7744K)
[229.957s][info][gc          ] GC(271) Pause Young (Normal) (G1 Evacuation Pause) 151M->43M(188M) 1.929ms
[229.957s][info][gc,cpu      ] GC(271) User=0.00s Sys=0.00s Real=0.00s
[230.308s][info][gc,start    ] GC(272) Pause Young (Normal) (G1 Evacuation Pause)
[230.308s][info][gc,task     ] GC(272) Using 8 workers of 8 for evacuation
[230.310s][info][gc,phases   ] GC(272)   Pre Evacuate Collection Set: 0.1ms
[230.310s][info][gc,phases   ] GC(272)   Merge Heap Roots: 0.1ms
[230.310s][info][gc,phases   ] GC(272)   Evacuate Collection Set: 1.7ms
[230.310s][info][gc,phases   ] GC(272)   Post Evacuate Collection Set: 0.2ms
[230.310s][info][gc,phases   ] GC(272)   Other: 0.1ms
[230.310s][info][gc,heap     ] GC(272) Eden regions: 27->0(27)
[230.310s][info][gc,heap     ] GC(272) Survivor regions: 1->1(4)
[230.310s][info][gc,heap     ] GC(272) Old regions: 11->11
[230.310s][info][gc,heap     ] GC(272) Humongous regions: 1->1
[230.310s][info][gc,metaspace] GC(272) Metaspace: 54536K(56000K)->54536K(56000K) NonClass: 47356K(48256K)->47356K(48256K) Class: 7179K(7744K)->7179K(7744K)
[230.310s][info][gc          ] GC(272) Pause Young (Normal) (G1 Evacuation Pause) 151M->43M(188M) 2.261ms
[230.310s][info][gc,cpu      ] GC(272) User=0.01s Sys=0.01s Real=0.00s
[230.658s][info][gc,start    ] GC(273) Pause Young (Normal) (G1 Evacuation Pause)
[230.658s][info][gc,task     ] GC(273) Using 8 workers of 8 for evacuation
[230.660s][info][gc,phases   ] GC(273)   Pre Evacuate Collection Set: 0.1ms
[230.660s][info][gc,phases   ] GC(273)   Merge Heap Roots: 0.1ms
[230.660s][info][gc,phases   ] GC(273)   Evacuate Collection Set: 1.5ms
[230.660s][info][gc,phases   ] GC(273)   Post Evacuate Collection Set: 0.3ms
[230.660s][info][gc,phases   ] GC(273)   Other: 0.0ms
[230.660s][info][gc,heap     ] GC(273) Eden regions: 27->0(27)
[230.660s][info][gc,heap     ] GC(273) Survivor regions: 1->1(4)
[230.660s][info][gc,heap     ] GC(273) Old regions: 11->11
[230.660s][info][gc,heap     ] GC(273) Humongous regions: 1->1
[230.660s][info][gc,metaspace] GC(273) Metaspace: 54536K(56000K)->54536K(56000K) NonClass: 47356K(48256K)->47356K(48256K) Class: 7179K(7744K)->7179K(7744K)
[230.660s][info][gc          ] GC(273) Pause Young (Normal) (G1 Evacuation Pause) 151M->43M(188M) 2.153ms
[230.660s][info][gc,cpu      ] GC(273) User=0.01s Sys=0.00s Real=0.00s
[230.980s][info][gc,start    ] GC(274) Pause Young (Normal) (G1 Evacuation Pause)
[230.980s][info][gc,task     ] GC(274) Using 8 workers of 8 for evacuation
[230.982s][info][gc,phases   ] GC(274)   Pre Evacuate Collection Set: 0.1ms
[230.982s][info][gc,phases   ] GC(274)   Merge Heap Roots: 0.1ms
[230.982s][info][gc,phases   ] GC(274)   Evacuate Collection Set: 1.3ms
[230.982s][info][gc,phases   ] GC(274)   Post Evacuate Collection Set: 0.3ms
[230.982s][info][gc,phases   ] GC(274)   Other: 0.0ms
[230.982s][info][gc,heap     ] GC(274) Eden regions: 27->0(27)
[230.982s][info][gc,heap     ] GC(274) Survivor regions: 1->1(4)
[230.982s][info][gc,heap     ] GC(274) Old regions: 11->11
[230.982s][info][gc,heap     ] GC(274) Humongous regions: 1->1
[230.982s][info][gc,metaspace] GC(274) Metaspace: 54536K(56000K)->54536K(56000K) NonClass: 47356K(48256K)->47356K(48256K) Class: 7179K(7744K)->7179K(7744K)
[230.982s][info][gc          ] GC(274) Pause Young (Normal) (G1 Evacuation Pause) 151M->43M(188M) 1.911ms
[230.982s][info][gc,cpu      ] GC(274) User=0.01s Sys=0.00s Real=0.01s
[231.368s][info][gc,start    ] GC(275) Pause Young (Normal) (G1 Evacuation Pause)
[231.368s][info][gc,task     ] GC(275) Using 8 workers of 8 for evacuation
[231.370s][info][gc,phases   ] GC(275)   Pre Evacuate Collection Set: 0.1ms
[231.371s][info][gc,phases   ] GC(275)   Merge Heap Roots: 0.1ms
[231.371s][info][gc,phases   ] GC(275)   Evacuate Collection Set: 1.4ms
[231.371s][info][gc,phases   ] GC(275)   Post Evacuate Collection Set: 0.3ms
[231.371s][info][gc,phases   ] GC(275)   Other: 0.0ms
[231.371s][info][gc,heap     ] GC(275) Eden regions: 27->0(27)
[231.371s][info][gc,heap     ] GC(275) Survivor regions: 1->1(4)
[231.371s][info][gc,heap     ] GC(275) Old regions: 11->11
[231.371s][info][gc,heap     ] GC(275) Humongous regions: 1->1
[231.371s][info][gc,metaspace] GC(275) Metaspace: 54536K(56000K)->54536K(56000K) NonClass: 47356K(48256K)->47356K(48256K) Class: 7179K(7744K)->7179K(7744K)
[231.371s][info][gc          ] GC(275) Pause Young (Normal) (G1 Evacuation Pause) 151M->43M(188M) 2.546ms
[231.371s][info][gc,cpu      ] GC(275) User=0.01s Sys=0.00s Real=0.00s
[231.778s][info][gc,start    ] GC(276) Pause Young (Normal) (G1 Evacuation Pause)
[231.778s][info][gc,task     ] GC(276) Using 8 workers of 8 for evacuation
[231.781s][info][gc,phases   ] GC(276)   Pre Evacuate Collection Set: 0.1ms
[231.781s][info][gc,phases   ] GC(276)   Merge Heap Roots: 0.1ms
[231.781s][info][gc,phases   ] GC(276)   Evacuate Collection Set: 1.7ms
[231.781s][info][gc,phases   ] GC(276)   Post Evacuate Collection Set: 0.2ms
[231.781s][info][gc,phases   ] GC(276)   Other: 0.1ms
[231.781s][info][gc,heap     ] GC(276) Eden regions: 27->0(27)
[231.781s][info][gc,heap     ] GC(276) Survivor regions: 1->1(4)
[231.781s][info][gc,heap     ] GC(276) Old regions: 11->11
[231.781s][info][gc,heap     ] GC(276) Humongous regions: 1->1
[231.781s][info][gc,metaspace] GC(276) Metaspace: 54536K(56000K)->54536K(56000K) NonClass: 47356K(48256K)->47356K(48256K) Class: 7179K(7744K)->7179K(7744K)
[231.781s][info][gc          ] GC(276) Pause Young (Normal) (G1 Evacuation Pause) 151M->43M(188M) 2.536ms
[231.781s][info][gc,cpu      ] GC(276) User=0.00s Sys=0.00s Real=0.00s
[232.437s][info][gc,start    ] GC(277) Pause Young (Normal) (G1 Evacuation Pause)
[232.437s][info][gc,task     ] GC(277) Using 8 workers of 8 for evacuation
[232.440s][info][gc,phases   ] GC(277)   Pre Evacuate Collection Set: 0.1ms
[232.440s][info][gc,phases   ] GC(277)   Merge Heap Roots: 0.1ms
[232.440s][info][gc,phases   ] GC(277)   Evacuate Collection Set: 1.6ms
[232.440s][info][gc,phases   ] GC(277)   Post Evacuate Collection Set: 0.3ms
[232.440s][info][gc,phases   ] GC(277)   Other: 0.1ms
[232.440s][info][gc,heap     ] GC(277) Eden regions: 27->0(27)
[232.440s][info][gc,heap     ] GC(277) Survivor regions: 1->1(4)
[232.440s][info][gc,heap     ] GC(277) Old regions: 11->11
[232.440s][info][gc,heap     ] GC(277) Humongous regions: 1->1
[232.440s][info][gc,metaspace] GC(277) Metaspace: 54536K(56000K)->54536K(56000K) NonClass: 47356K(48256K)->47356K(48256K) Class: 7179K(7744K)->7179K(7744K)
[232.440s][info][gc          ] GC(277) Pause Young (Normal) (G1 Evacuation Pause) 151M->43M(188M) 2.380ms
[232.440s][info][gc,cpu      ] GC(277) User=0.00s Sys=0.00s Real=0.00s
[232.986s][info][gc,start    ] GC(278) Pause Young (Normal) (G1 Evacuation Pause)
[232.986s][info][gc,task     ] GC(278) Using 8 workers of 8 for evacuation
[232.989s][info][gc,phases   ] GC(278)   Pre Evacuate Collection Set: 0.1ms
[232.989s][info][gc,phases   ] GC(278)   Merge Heap Roots: 0.1ms
[232.989s][info][gc,phases   ] GC(278)   Evacuate Collection Set: 1.5ms
[232.989s][info][gc,phases   ] GC(278)   Post Evacuate Collection Set: 0.4ms
[232.989s][info][gc,phases   ] GC(278)   Other: 0.1ms
[232.989s][info][gc,heap     ] GC(278) Eden regions: 27->0(27)
[232.989s][info][gc,heap     ] GC(278) Survivor regions: 1->1(4)
[232.989s][info][gc,heap     ] GC(278) Old regions: 11->11
[232.989s][info][gc,heap     ] GC(278) Humongous regions: 1->1
[232.989s][info][gc,metaspace] GC(278) Metaspace: 54536K(56000K)->54536K(56000K) NonClass: 47356K(48256K)->47356K(48256K) Class: 7179K(7744K)->7179K(7744K)
[232.989s][info][gc          ] GC(278) Pause Young (Normal) (G1 Evacuation Pause) 151M->43M(188M) 2.299ms
[232.989s][info][gc,cpu      ] GC(278) User=0.01s Sys=0.01s Real=0.00s
[233.339s][info][gc,start    ] GC(279) Pause Young (Normal) (G1 Evacuation Pause)
[233.339s][info][gc,task     ] GC(279) Using 8 workers of 8 for evacuation
[233.341s][info][gc,phases   ] GC(279)   Pre Evacuate Collection Set: 0.1ms
[233.341s][info][gc,phases   ] GC(279)   Merge Heap Roots: 0.1ms
[233.341s][info][gc,phases   ] GC(279)   Evacuate Collection Set: 1.6ms
[233.341s][info][gc,phases   ] GC(279)   Post Evacuate Collection Set: 0.5ms
[233.341s][info][gc,phases   ] GC(279)   Other: 0.0ms
[233.341s][info][gc,heap     ] GC(279) Eden regions: 27->0(27)
[233.341s][info][gc,heap     ] GC(279) Survivor regions: 1->1(4)
[233.341s][info][gc,heap     ] GC(279) Old regions: 11->11
[233.341s][info][gc,heap     ] GC(279) Humongous regions: 1->1
[233.341s][info][gc,metaspace] GC(279) Metaspace: 54536K(56000K)->54536K(56000K) NonClass: 47356K(48256K)->47356K(48256K) Class: 7179K(7744K)->7179K(7744K)
[233.341s][info][gc          ] GC(279) Pause Young (Normal) (G1 Evacuation Pause) 151M->43M(188M) 2.445ms
[233.341s][info][gc,cpu      ] GC(279) User=0.00s Sys=0.00s Real=0.00s
[233.667s][info][gc,start    ] GC(280) Pause Young (Normal) (G1 Evacuation Pause)
[233.668s][info][gc,task     ] GC(280) Using 8 workers of 8 for evacuation
[233.670s][info][gc,phases   ] GC(280)   Pre Evacuate Collection Set: 0.1ms
[233.670s][info][gc,phases   ] GC(280)   Merge Heap Roots: 0.1ms
[233.670s][info][gc,phases   ] GC(280)   Evacuate Collection Set: 1.5ms
[233.670s][info][gc,phases   ] GC(280)   Post Evacuate Collection Set: 0.3ms
[233.670s][info][gc,phases   ] GC(280)   Other: 0.1ms
[233.670s][info][gc,heap     ] GC(280) Eden regions: 27->0(27)
[233.670s][info][gc,heap     ] GC(280) Survivor regions: 1->1(4)
[233.670s][info][gc,heap     ] GC(280) Old regions: 11->11
[233.670s][info][gc,heap     ] GC(280) Humongous regions: 1->1
[233.670s][info][gc,metaspace] GC(280) Metaspace: 54536K(56000K)->54536K(56000K) NonClass: 47356K(48256K)->47356K(48256K) Class: 7179K(7744K)->7179K(7744K)
[233.670s][info][gc          ] GC(280) Pause Young (Normal) (G1 Evacuation Pause) 151M->43M(188M) 2.219ms
[233.670s][info][gc,cpu      ] GC(280) User=0.00s Sys=0.00s Real=0.00s
[233.923s][info][gc,start    ] GC(281) Pause Young (Normal) (G1 Evacuation Pause)
[233.923s][info][gc,task     ] GC(281) Using 8 workers of 8 for evacuation
[233.925s][info][gc,phases   ] GC(281)   Pre Evacuate Collection Set: 0.1ms
[233.925s][info][gc,phases   ] GC(281)   Merge Heap Roots: 0.1ms
[233.925s][info][gc,phases   ] GC(281)   Evacuate Collection Set: 1.4ms
[233.925s][info][gc,phases   ] GC(281)   Post Evacuate Collection Set: 0.2ms
[233.925s][info][gc,phases   ] GC(281)   Other: 0.0ms
[233.925s][info][gc,heap     ] GC(281) Eden regions: 27->0(27)
[233.925s][info][gc,heap     ] GC(281) Survivor regions: 1->1(4)
[233.925s][info][gc,heap     ] GC(281) Old regions: 11->11
[233.925s][info][gc,heap     ] GC(281) Humongous regions: 1->1
[233.925s][info][gc,metaspace] GC(281) Metaspace: 54536K(56000K)->54536K(56000K) NonClass: 47356K(48256K)->47356K(48256K) Class: 7179K(7744K)->7179K(7744K)
[233.925s][info][gc          ] GC(281) Pause Young (Normal) (G1 Evacuation Pause) 151M->43M(188M) 2.015ms
[233.925s][info][gc,cpu      ] GC(281) User=0.01s Sys=0.00s Real=0.00s
[234.425s][info][gc,start    ] GC(282) Pause Young (Normal) (G1 Evacuation Pause)
[234.425s][info][gc,task     ] GC(282) Using 8 workers of 8 for evacuation
[234.427s][info][gc,phases   ] GC(282)   Pre Evacuate Collection Set: 0.1ms
[234.427s][info][gc,phases   ] GC(282)   Merge Heap Roots: 0.1ms
[234.427s][info][gc,phases   ] GC(282)   Evacuate Collection Set: 1.2ms
[234.427s][info][gc,phases   ] GC(282)   Post Evacuate Collection Set: 0.3ms
[234.427s][info][gc,phases   ] GC(282)   Other: 0.0ms
[234.427s][info][gc,heap     ] GC(282) Eden regions: 27->0(27)
[234.427s][info][gc,heap     ] GC(282) Survivor regions: 1->1(4)
[234.427s][info][gc,heap     ] GC(282) Old regions: 11->11
[234.427s][info][gc,heap     ] GC(282) Humongous regions: 1->1
[234.427s][info][gc,metaspace] GC(282) Metaspace: 54536K(56000K)->54536K(56000K) NonClass: 47356K(48256K)->47356K(48256K) Class: 7179K(7744K)->7179K(7744K)
[234.427s][info][gc          ] GC(282) Pause Young (Normal) (G1 Evacuation Pause) 151M->43M(188M) 1.964ms
[234.427s][info][gc,cpu      ] GC(282) User=0.01s Sys=0.00s Real=0.00s
[234.852s][info][gc,start    ] GC(283) Pause Young (Normal) (G1 Evacuation Pause)
[234.852s][info][gc,task     ] GC(283) Using 8 workers of 8 for evacuation
[234.854s][info][gc,phases   ] GC(283)   Pre Evacuate Collection Set: 0.1ms
[234.854s][info][gc,phases   ] GC(283)   Merge Heap Roots: 0.1ms
[234.855s][info][gc,phases   ] GC(283)   Evacuate Collection Set: 1.6ms
[234.855s][info][gc,phases   ] GC(283)   Post Evacuate Collection Set: 0.3ms
[234.855s][info][gc,phases   ] GC(283)   Other: 0.0ms
[234.855s][info][gc,heap     ] GC(283) Eden regions: 27->0(27)
[234.855s][info][gc,heap     ] GC(283) Survivor regions: 1->1(4)
[234.855s][info][gc,heap     ] GC(283) Old regions: 11->11
[234.855s][info][gc,heap     ] GC(283) Humongous regions: 1->1
[234.855s][info][gc,metaspace] GC(283) Metaspace: 54536K(56000K)->54536K(56000K) NonClass: 47356K(48256K)->47356K(48256K) Class: 7179K(7744K)->7179K(7744K)
[234.855s][info][gc          ] GC(283) Pause Young (Normal) (G1 Evacuation Pause) 151M->43M(188M) 2.229ms
[234.855s][info][gc,cpu      ] GC(283) User=0.01s Sys=0.01s Real=0.00s
[235.290s][info][gc,start    ] GC(284) Pause Young (Normal) (G1 Evacuation Pause)
[235.290s][info][gc,task     ] GC(284) Using 8 workers of 8 for evacuation
[235.292s][info][gc,phases   ] GC(284)   Pre Evacuate Collection Set: 0.1ms
[235.292s][info][gc,phases   ] GC(284)   Merge Heap Roots: 0.1ms
[235.292s][info][gc,phases   ] GC(284)   Evacuate Collection Set: 1.3ms
[235.292s][info][gc,phases   ] GC(284)   Post Evacuate Collection Set: 0.2ms
[235.292s][info][gc,phases   ] GC(284)   Other: 0.0ms
[235.292s][info][gc,heap     ] GC(284) Eden regions: 27->0(27)
[235.292s][info][gc,heap     ] GC(284) Survivor regions: 1->1(4)
[235.292s][info][gc,heap     ] GC(284) Old regions: 11->11
[235.292s][info][gc,heap     ] GC(284) Humongous regions: 1->1
[235.292s][info][gc,metaspace] GC(284) Metaspace: 54536K(56000K)->54536K(56000K) NonClass: 47356K(48256K)->47356K(48256K) Class: 7179K(7744K)->7179K(7744K)
[235.292s][info][gc          ] GC(284) Pause Young (Normal) (G1 Evacuation Pause) 151M->43M(188M) 1.867ms
[235.292s][info][gc,cpu      ] GC(284) User=0.01s Sys=0.00s Real=0.01s
[235.823s][info][gc,start    ] GC(285) Pause Young (Normal) (G1 Evacuation Pause)
[235.823s][info][gc,task     ] GC(285) Using 8 workers of 8 for evacuation
[235.825s][info][gc,phases   ] GC(285)   Pre Evacuate Collection Set: 0.2ms
[235.825s][info][gc,phases   ] GC(285)   Merge Heap Roots: 0.1ms
[235.825s][info][gc,phases   ] GC(285)   Evacuate Collection Set: 1.4ms
[235.825s][info][gc,phases   ] GC(285)   Post Evacuate Collection Set: 0.2ms
[235.825s][info][gc,phases   ] GC(285)   Other: 0.1ms
[235.825s][info][gc,heap     ] GC(285) Eden regions: 27->0(27)
[235.825s][info][gc,heap     ] GC(285) Survivor regions: 1->1(4)
[235.825s][info][gc,heap     ] GC(285) Old regions: 11->11
[235.825s][info][gc,heap     ] GC(285) Humongous regions: 1->1
[235.825s][info][gc,metaspace] GC(285) Metaspace: 54536K(56000K)->54536K(56000K) NonClass: 47356K(48256K)->47356K(48256K) Class: 7179K(7744K)->7179K(7744K)
[235.825s][info][gc          ] GC(285) Pause Young (Normal) (G1 Evacuation Pause) 151M->43M(188M) 2.247ms
[235.825s][info][gc,cpu      ] GC(285) User=0.01s Sys=0.00s Real=0.00s
[236.209s][info][gc,start    ] GC(286) Pause Young (Normal) (G1 Evacuation Pause)
[236.209s][info][gc,task     ] GC(286) Using 8 workers of 8 for evacuation
[236.211s][info][gc,phases   ] GC(286)   Pre Evacuate Collection Set: 0.2ms
[236.211s][info][gc,phases   ] GC(286)   Merge Heap Roots: 0.1ms
[236.211s][info][gc,phases   ] GC(286)   Evacuate Collection Set: 1.4ms
[236.211s][info][gc,phases   ] GC(286)   Post Evacuate Collection Set: 0.3ms
[236.211s][info][gc,phases   ] GC(286)   Other: 0.1ms
[236.211s][info][gc,heap     ] GC(286) Eden regions: 27->0(27)
[236.211s][info][gc,heap     ] GC(286) Survivor regions: 1->1(4)
[236.211s][info][gc,heap     ] GC(286) Old regions: 11->11
[236.211s][info][gc,heap     ] GC(286) Humongous regions: 1->1
[236.211s][info][gc,metaspace] GC(286) Metaspace: 54536K(56000K)->54536K(56000K) NonClass: 47356K(48256K)->47356K(48256K) Class: 7179K(7744K)->7179K(7744K)
[236.211s][info][gc          ] GC(286) Pause Young (Normal) (G1 Evacuation Pause) 151M->43M(188M) 2.305ms
[236.211s][info][gc,cpu      ] GC(286) User=0.01s Sys=0.00s Real=0.00s
[236.525s][info][gc,start    ] GC(287) Pause Young (Normal) (G1 Evacuation Pause)
[236.525s][info][gc,task     ] GC(287) Using 8 workers of 8 for evacuation
[236.528s][info][gc,phases   ] GC(287)   Pre Evacuate Collection Set: 0.1ms
[236.528s][info][gc,phases   ] GC(287)   Merge Heap Roots: 0.1ms
[236.528s][info][gc,phases   ] GC(287)   Evacuate Collection Set: 2.7ms
[236.528s][info][gc,phases   ] GC(287)   Post Evacuate Collection Set: 0.4ms
[236.528s][info][gc,phases   ] GC(287)   Other: 0.0ms
[236.528s][info][gc,heap     ] GC(287) Eden regions: 27->0(27)
[236.528s][info][gc,heap     ] GC(287) Survivor regions: 1->1(4)
[236.528s][info][gc,heap     ] GC(287) Old regions: 11->11
[236.528s][info][gc,heap     ] GC(287) Humongous regions: 1->1
[236.528s][info][gc,metaspace] GC(287) Metaspace: 54536K(56000K)->54536K(56000K) NonClass: 47356K(48256K)->47356K(48256K) Class: 7179K(7744K)->7179K(7744K)
[236.528s][info][gc          ] GC(287) Pause Young (Normal) (G1 Evacuation Pause) 151M->43M(188M) 3.422ms
[236.528s][info][gc,cpu      ] GC(287) User=0.01s Sys=0.00s Real=0.00s
[236.854s][info][gc,start    ] GC(288) Pause Young (Normal) (G1 Evacuation Pause)
[236.855s][info][gc,task     ] GC(288) Using 8 workers of 8 for evacuation
[236.857s][info][gc,phases   ] GC(288)   Pre Evacuate Collection Set: 0.1ms
[236.857s][info][gc,phases   ] GC(288)   Merge Heap Roots: 0.1ms
[236.857s][info][gc,phases   ] GC(288)   Evacuate Collection Set: 2.0ms
[236.857s][info][gc,phases   ] GC(288)   Post Evacuate Collection Set: 0.3ms
[236.857s][info][gc,phases   ] GC(288)   Other: 0.0ms
[236.857s][info][gc,heap     ] GC(288) Eden regions: 27->0(27)
[236.857s][info][gc,heap     ] GC(288) Survivor regions: 1->1(4)
[236.857s][info][gc,heap     ] GC(288) Old regions: 11->11
[236.857s][info][gc,heap     ] GC(288) Humongous regions: 1->1
[236.857s][info][gc,metaspace] GC(288) Metaspace: 54536K(56000K)->54536K(56000K) NonClass: 47356K(48256K)->47356K(48256K) Class: 7179K(7744K)->7179K(7744K)
[236.857s][info][gc          ] GC(288) Pause Young (Normal) (G1 Evacuation Pause) 151M->43M(188M) 2.718ms
[236.857s][info][gc,cpu      ] GC(288) User=0.01s Sys=0.00s Real=0.00s
[237.210s][info][gc,start    ] GC(289) Pause Young (Normal) (G1 Evacuation Pause)
[237.210s][info][gc,task     ] GC(289) Using 8 workers of 8 for evacuation
[237.212s][info][gc,phases   ] GC(289)   Pre Evacuate Collection Set: 0.1ms
[237.212s][info][gc,phases   ] GC(289)   Merge Heap Roots: 0.1ms
[237.212s][info][gc,phases   ] GC(289)   Evacuate Collection Set: 1.2ms
[237.212s][info][gc,phases   ] GC(289)   Post Evacuate Collection Set: 0.2ms
[237.212s][info][gc,phases   ] GC(289)   Other: 0.1ms
[237.212s][info][gc,heap     ] GC(289) Eden regions: 27->0(27)
[237.212s][info][gc,heap     ] GC(289) Survivor regions: 1->1(4)
[237.212s][info][gc,heap     ] GC(289) Old regions: 11->11
[237.212s][info][gc,heap     ] GC(289) Humongous regions: 1->1
[237.212s][info][gc,metaspace] GC(289) Metaspace: 54536K(56000K)->54536K(56000K) NonClass: 47356K(48256K)->47356K(48256K) Class: 7179K(7744K)->7179K(7744K)
[237.212s][info][gc          ] GC(289) Pause Young (Normal) (G1 Evacuation Pause) 151M->43M(188M) 1.854ms
[237.212s][info][gc,cpu      ] GC(289) User=0.01s Sys=0.00s Real=0.01s
[237.679s][info][gc,start    ] GC(290) Pause Young (Normal) (G1 Evacuation Pause)
[237.679s][info][gc,task     ] GC(290) Using 8 workers of 8 for evacuation
[237.682s][info][gc,phases   ] GC(290)   Pre Evacuate Collection Set: 0.1ms
[237.682s][info][gc,phases   ] GC(290)   Merge Heap Roots: 0.1ms
[237.682s][info][gc,phases   ] GC(290)   Evacuate Collection Set: 1.9ms
[237.682s][info][gc,phases   ] GC(290)   Post Evacuate Collection Set: 0.4ms
[237.682s][info][gc,phases   ] GC(290)   Other: 0.1ms
[237.682s][info][gc,heap     ] GC(290) Eden regions: 27->0(27)
[237.682s][info][gc,heap     ] GC(290) Survivor regions: 1->1(4)
[237.682s][info][gc,heap     ] GC(290) Old regions: 11->11
[237.682s][info][gc,heap     ] GC(290) Humongous regions: 1->1
[237.682s][info][gc,metaspace] GC(290) Metaspace: 54536K(56000K)->54536K(56000K) NonClass: 47356K(48256K)->47356K(48256K) Class: 7179K(7744K)->7179K(7744K)
[237.682s][info][gc          ] GC(290) Pause Young (Normal) (G1 Evacuation Pause) 151M->43M(188M) 2.869ms
[237.682s][info][gc,cpu      ] GC(290) User=0.01s Sys=0.00s Real=0.01s
[237.937s][info][gc,start    ] GC(291) Pause Young (Normal) (G1 Evacuation Pause)
[237.937s][info][gc,task     ] GC(291) Using 8 workers of 8 for evacuation
[237.939s][info][gc,phases   ] GC(291)   Pre Evacuate Collection Set: 0.1ms
[237.940s][info][gc,phases   ] GC(291)   Merge Heap Roots: 0.1ms
[237.940s][info][gc,phases   ] GC(291)   Evacuate Collection Set: 1.6ms
[237.940s][info][gc,phases   ] GC(291)   Post Evacuate Collection Set: 0.3ms
[237.940s][info][gc,phases   ] GC(291)   Other: 0.0ms
[237.940s][info][gc,heap     ] GC(291) Eden regions: 27->0(27)
[237.940s][info][gc,heap     ] GC(291) Survivor regions: 1->1(4)
[237.940s][info][gc,heap     ] GC(291) Old regions: 11->11
[237.940s][info][gc,heap     ] GC(291) Humongous regions: 1->1
[237.940s][info][gc,metaspace] GC(291) Metaspace: 54536K(56000K)->54536K(56000K) NonClass: 47356K(48256K)->47356K(48256K) Class: 7179K(7744K)->7179K(7744K)
[237.940s][info][gc          ] GC(291) Pause Young (Normal) (G1 Evacuation Pause) 151M->43M(188M) 2.292ms
[237.940s][info][gc,cpu      ] GC(291) User=0.01s Sys=0.00s Real=0.00s
[238.329s][info][gc,start    ] GC(292) Pause Young (Normal) (G1 Evacuation Pause)
[238.329s][info][gc,task     ] GC(292) Using 8 workers of 8 for evacuation
[238.331s][info][gc,phases   ] GC(292)   Pre Evacuate Collection Set: 0.1ms
[238.331s][info][gc,phases   ] GC(292)   Merge Heap Roots: 0.1ms
[238.331s][info][gc,phases   ] GC(292)   Evacuate Collection Set: 1.4ms
[238.331s][info][gc,phases   ] GC(292)   Post Evacuate Collection Set: 0.3ms
[238.331s][info][gc,phases   ] GC(292)   Other: 0.0ms
[238.331s][info][gc,heap     ] GC(292) Eden regions: 27->0(27)
[238.331s][info][gc,heap     ] GC(292) Survivor regions: 1->1(4)
[238.331s][info][gc,heap     ] GC(292) Old regions: 11->11
[238.331s][info][gc,heap     ] GC(292) Humongous regions: 1->1
[238.331s][info][gc,metaspace] GC(292) Metaspace: 54536K(56000K)->54536K(56000K) NonClass: 47356K(48256K)->47356K(48256K) Class: 7179K(7744K)->7179K(7744K)
[238.331s][info][gc          ] GC(292) Pause Young (Normal) (G1 Evacuation Pause) 151M->43M(188M) 2.028ms
[238.331s][info][gc,cpu      ] GC(292) User=0.01s Sys=0.00s Real=0.00s
[238.766s][info][gc,start    ] GC(293) Pause Young (Normal) (G1 Evacuation Pause)
[238.766s][info][gc,task     ] GC(293) Using 8 workers of 8 for evacuation
[238.768s][info][gc,phases   ] GC(293)   Pre Evacuate Collection Set: 0.1ms
[238.768s][info][gc,phases   ] GC(293)   Merge Heap Roots: 0.1ms
[238.768s][info][gc,phases   ] GC(293)   Evacuate Collection Set: 1.4ms
[238.768s][info][gc,phases   ] GC(293)   Post Evacuate Collection Set: 0.3ms
[238.768s][info][gc,phases   ] GC(293)   Other: 0.0ms
[238.768s][info][gc,heap     ] GC(293) Eden regions: 27->0(27)
[238.768s][info][gc,heap     ] GC(293) Survivor regions: 1->1(4)
[238.768s][info][gc,heap     ] GC(293) Old regions: 11->11
[238.768s][info][gc,heap     ] GC(293) Humongous regions: 1->1
[238.768s][info][gc,metaspace] GC(293) Metaspace: 54536K(56000K)->54536K(56000K) NonClass: 47356K(48256K)->47356K(48256K) Class: 7179K(7744K)->7179K(7744K)
[238.768s][info][gc          ] GC(293) Pause Young (Normal) (G1 Evacuation Pause) 151M->44M(188M) 2.085ms
[238.768s][info][gc,cpu      ] GC(293) User=0.01s Sys=0.01s Real=0.00s
[239.153s][info][gc,start    ] GC(294) Pause Young (Normal) (G1 Evacuation Pause)
[239.153s][info][gc,task     ] GC(294) Using 8 workers of 8 for evacuation
[239.155s][info][gc,phases   ] GC(294)   Pre Evacuate Collection Set: 0.1ms
[239.155s][info][gc,phases   ] GC(294)   Merge Heap Roots: 0.1ms
[239.155s][info][gc,phases   ] GC(294)   Evacuate Collection Set: 1.4ms
[239.155s][info][gc,phases   ] GC(294)   Post Evacuate Collection Set: 0.2ms
[239.155s][info][gc,phases   ] GC(294)   Other: 0.1ms
[239.155s][info][gc,heap     ] GC(294) Eden regions: 27->0(27)
[239.155s][info][gc,heap     ] GC(294) Survivor regions: 1->1(4)
[239.155s][info][gc,heap     ] GC(294) Old regions: 11->11
[239.155s][info][gc,heap     ] GC(294) Humongous regions: 1->1
[239.155s][info][gc,metaspace] GC(294) Metaspace: 54536K(56000K)->54536K(56000K) NonClass: 47356K(48256K)->47356K(48256K) Class: 7179K(7744K)->7179K(7744K)
[239.155s][info][gc          ] GC(294) Pause Young (Normal) (G1 Evacuation Pause) 152M->44M(188M) 1.982ms
[239.155s][info][gc,cpu      ] GC(294) User=0.01s Sys=0.00s Real=0.00s
[239.460s][info][gc,start    ] GC(295) Pause Young (Normal) (G1 Evacuation Pause)
[239.460s][info][gc,task     ] GC(295) Using 8 workers of 8 for evacuation
[239.462s][info][gc,phases   ] GC(295)   Pre Evacuate Collection Set: 0.1ms
[239.462s][info][gc,phases   ] GC(295)   Merge Heap Roots: 0.1ms
[239.462s][info][gc,phases   ] GC(295)   Evacuate Collection Set: 1.3ms
[239.462s][info][gc,phases   ] GC(295)   Post Evacuate Collection Set: 0.2ms
[239.462s][info][gc,phases   ] GC(295)   Other: 0.0ms
[239.462s][info][gc,heap     ] GC(295) Eden regions: 27->0(27)
[239.462s][info][gc,heap     ] GC(295) Survivor regions: 1->1(4)
[239.462s][info][gc,heap     ] GC(295) Old regions: 11->11
[239.462s][info][gc,heap     ] GC(295) Humongous regions: 1->1
[239.462s][info][gc,metaspace] GC(295) Metaspace: 54536K(56000K)->54536K(56000K) NonClass: 47356K(48256K)->47356K(48256K) Class: 7179K(7744K)->7179K(7744K)
[239.462s][info][gc          ] GC(295) Pause Young (Normal) (G1 Evacuation Pause) 152M->44M(188M) 1.960ms
[239.462s][info][gc,cpu      ] GC(295) User=0.00s Sys=0.00s Real=0.01s
[239.875s][info][gc,start    ] GC(296) Pause Young (Normal) (G1 Evacuation Pause)
[239.875s][info][gc,task     ] GC(296) Using 8 workers of 8 for evacuation
[239.877s][info][gc,phases   ] GC(296)   Pre Evacuate Collection Set: 0.1ms
[239.877s][info][gc,phases   ] GC(296)   Merge Heap Roots: 0.0ms
[239.877s][info][gc,phases   ] GC(296)   Evacuate Collection Set: 1.4ms
[239.877s][info][gc,phases   ] GC(296)   Post Evacuate Collection Set: 0.3ms
[239.877s][info][gc,phases   ] GC(296)   Other: 0.0ms
[239.877s][info][gc,heap     ] GC(296) Eden regions: 27->0(27)
[239.877s][info][gc,heap     ] GC(296) Survivor regions: 1->1(4)
[239.877s][info][gc,heap     ] GC(296) Old regions: 11->11
[239.877s][info][gc,heap     ] GC(296) Humongous regions: 1->1
[239.877s][info][gc,metaspace] GC(296) Metaspace: 54536K(56000K)->54536K(56000K) NonClass: 47356K(48256K)->47356K(48256K) Class: 7179K(7744K)->7179K(7744K)
[239.877s][info][gc          ] GC(296) Pause Young (Normal) (G1 Evacuation Pause) 152M->44M(188M) 1.993ms
[239.877s][info][gc,cpu      ] GC(296) User=0.00s Sys=0.00s Real=0.00s
[240.155s][info][gc,start    ] GC(297) Pause Young (Normal) (G1 Evacuation Pause)
[240.155s][info][gc,task     ] GC(297) Using 8 workers of 8 for evacuation
[240.157s][info][gc,phases   ] GC(297)   Pre Evacuate Collection Set: 0.1ms
[240.157s][info][gc,phases   ] GC(297)   Merge Heap Roots: 0.1ms
[240.157s][info][gc,phases   ] GC(297)   Evacuate Collection Set: 1.3ms
[240.157s][info][gc,phases   ] GC(297)   Post Evacuate Collection Set: 0.3ms
[240.157s][info][gc,phases   ] GC(297)   Other: 0.0ms
[240.157s][info][gc,heap     ] GC(297) Eden regions: 27->0(27)
[240.157s][info][gc,heap     ] GC(297) Survivor regions: 1->1(4)
[240.157s][info][gc,heap     ] GC(297) Old regions: 11->11
[240.157s][info][gc,heap     ] GC(297) Humongous regions: 1->1
[240.157s][info][gc,metaspace] GC(297) Metaspace: 54536K(56000K)->54536K(56000K) NonClass: 47356K(48256K)->47356K(48256K) Class: 7179K(7744K)->7179K(7744K)
[240.157s][info][gc          ] GC(297) Pause Young (Normal) (G1 Evacuation Pause) 152M->44M(188M) 1.972ms
[240.157s][info][gc,cpu      ] GC(297) User=0.01s Sys=0.00s Real=0.00s
[240.440s][info][gc,start    ] GC(298) Pause Young (Normal) (G1 Evacuation Pause)
[240.440s][info][gc,task     ] GC(298) Using 8 workers of 8 for evacuation
[240.442s][info][gc,phases   ] GC(298)   Pre Evacuate Collection Set: 0.1ms
[240.442s][info][gc,phases   ] GC(298)   Merge Heap Roots: 0.1ms
[240.442s][info][gc,phases   ] GC(298)   Evacuate Collection Set: 1.3ms
[240.442s][info][gc,phases   ] GC(298)   Post Evacuate Collection Set: 0.3ms
[240.442s][info][gc,phases   ] GC(298)   Other: 0.0ms
[240.442s][info][gc,heap     ] GC(298) Eden regions: 27->0(27)
[240.442s][info][gc,heap     ] GC(298) Survivor regions: 1->1(4)
[240.442s][info][gc,heap     ] GC(298) Old regions: 11->11
[240.442s][info][gc,heap     ] GC(298) Humongous regions: 1->1
[240.442s][info][gc,metaspace] GC(298) Metaspace: 54536K(56000K)->54536K(56000K) NonClass: 47356K(48256K)->47356K(48256K) Class: 7179K(7744K)->7179K(7744K)
[240.442s][info][gc          ] GC(298) Pause Young (Normal) (G1 Evacuation Pause) 152M->44M(188M) 1.911ms
[240.442s][info][gc,cpu      ] GC(298) User=0.01s Sys=0.00s Real=0.01s
[240.795s][info][gc,start    ] GC(299) Pause Young (Normal) (G1 Evacuation Pause)
[240.795s][info][gc,task     ] GC(299) Using 8 workers of 8 for evacuation
[240.796s][info][gc,phases   ] GC(299)   Pre Evacuate Collection Set: 0.1ms
[240.796s][info][gc,phases   ] GC(299)   Merge Heap Roots: 0.1ms
[240.796s][info][gc,phases   ] GC(299)   Evacuate Collection Set: 1.4ms
[240.796s][info][gc,phases   ] GC(299)   Post Evacuate Collection Set: 0.3ms
[240.796s][info][gc,phases   ] GC(299)   Other: 0.0ms
[240.797s][info][gc,heap     ] GC(299) Eden regions: 27->0(27)
[240.797s][info][gc,heap     ] GC(299) Survivor regions: 1->1(4)
[240.797s][info][gc,heap     ] GC(299) Old regions: 11->11
[240.797s][info][gc,heap     ] GC(299) Humongous regions: 1->1
[240.797s][info][gc,metaspace] GC(299) Metaspace: 54536K(56000K)->54536K(56000K) NonClass: 47356K(48256K)->47356K(48256K) Class: 7179K(7744K)->7179K(7744K)
[240.797s][info][gc          ] GC(299) Pause Young (Normal) (G1 Evacuation Pause) 152M->44M(188M) 2.015ms
[240.797s][info][gc,cpu      ] GC(299) User=0.01s Sys=0.00s Real=0.00s
[241.143s][info][gc,start    ] GC(300) Pause Young (Normal) (G1 Evacuation Pause)
[241.143s][info][gc,task     ] GC(300) Using 8 workers of 8 for evacuation
[241.156s][info][gc,phases   ] GC(300)   Pre Evacuate Collection Set: 0.1ms
[241.156s][info][gc,phases   ] GC(300)   Merge Heap Roots: 0.1ms
[241.156s][info][gc,phases   ] GC(300)   Evacuate Collection Set: 12.3ms
[241.156s][info][gc,phases   ] GC(300)   Post Evacuate Collection Set: 0.3ms
[241.156s][info][gc,phases   ] GC(300)   Other: 0.1ms
[241.156s][info][gc,heap     ] GC(300) Eden regions: 27->0(27)
[241.156s][info][gc,heap     ] GC(300) Survivor regions: 1->1(4)
[241.156s][info][gc,heap     ] GC(300) Old regions: 11->11
[241.156s][info][gc,heap     ] GC(300) Humongous regions: 1->1
[241.156s][info][gc,metaspace] GC(300) Metaspace: 54536K(56000K)->54536K(56000K) NonClass: 47356K(48256K)->47356K(48256K) Class: 7179K(7744K)->7179K(7744K)
[241.156s][info][gc          ] GC(300) Pause Young (Normal) (G1 Evacuation Pause) 152M->44M(188M) 13.058ms
[241.157s][info][gc,cpu      ] GC(300) User=0.01s Sys=0.00s Real=0.01s
[241.584s][info][gc,start    ] GC(301) Pause Young (Normal) (G1 Evacuation Pause)
[241.584s][info][gc,task     ] GC(301) Using 8 workers of 8 for evacuation
[241.586s][info][gc,phases   ] GC(301)   Pre Evacuate Collection Set: 0.1ms
[241.586s][info][gc,phases   ] GC(301)   Merge Heap Roots: 0.1ms
[241.586s][info][gc,phases   ] GC(301)   Evacuate Collection Set: 1.7ms
[241.586s][info][gc,phases   ] GC(301)   Post Evacuate Collection Set: 0.2ms
[241.586s][info][gc,phases   ] GC(301)   Other: 0.0ms
[241.586s][info][gc,heap     ] GC(301) Eden regions: 27->0(27)
[241.586s][info][gc,heap     ] GC(301) Survivor regions: 1->1(4)
[241.586s][info][gc,heap     ] GC(301) Old regions: 11->11
[241.586s][info][gc,heap     ] GC(301) Humongous regions: 1->1
[241.586s][info][gc,metaspace] GC(301) Metaspace: 54536K(56000K)->54536K(56000K) NonClass: 47356K(48256K)->47356K(48256K) Class: 7179K(7744K)->7179K(7744K)
[241.586s][info][gc          ] GC(301) Pause Young (Normal) (G1 Evacuation Pause) 152M->44M(188M) 2.382ms
[241.586s][info][gc,cpu      ] GC(301) User=0.01s Sys=0.00s Real=0.00s
[241.884s][info][gc,start    ] GC(302) Pause Young (Normal) (G1 Evacuation Pause)
[241.884s][info][gc,task     ] GC(302) Using 8 workers of 8 for evacuation
[241.886s][info][gc,phases   ] GC(302)   Pre Evacuate Collection Set: 0.1ms
[241.886s][info][gc,phases   ] GC(302)   Merge Heap Roots: 0.1ms
[241.886s][info][gc,phases   ] GC(302)   Evacuate Collection Set: 1.3ms
[241.886s][info][gc,phases   ] GC(302)   Post Evacuate Collection Set: 0.2ms
[241.886s][info][gc,phases   ] GC(302)   Other: 0.1ms
[241.886s][info][gc,heap     ] GC(302) Eden regions: 27->0(27)
[241.886s][info][gc,heap     ] GC(302) Survivor regions: 1->1(4)
[241.886s][info][gc,heap     ] GC(302) Old regions: 11->11
[241.886s][info][gc,heap     ] GC(302) Humongous regions: 1->1
[241.886s][info][gc,metaspace] GC(302) Metaspace: 54536K(56000K)->54536K(56000K) NonClass: 47356K(48256K)->47356K(48256K) Class: 7179K(7744K)->7179K(7744K)
[241.886s][info][gc          ] GC(302) Pause Young (Normal) (G1 Evacuation Pause) 152M->44M(188M) 1.909ms
[241.886s][info][gc,cpu      ] GC(302) User=0.00s Sys=0.00s Real=0.00s
[242.190s][info][gc,start    ] GC(303) Pause Young (Normal) (G1 Evacuation Pause)
[242.190s][info][gc,task     ] GC(303) Using 8 workers of 8 for evacuation
[242.192s][info][gc,phases   ] GC(303)   Pre Evacuate Collection Set: 0.1ms
[242.192s][info][gc,phases   ] GC(303)   Merge Heap Roots: 0.1ms
[242.192s][info][gc,phases   ] GC(303)   Evacuate Collection Set: 1.4ms
[242.192s][info][gc,phases   ] GC(303)   Post Evacuate Collection Set: 0.2ms
[242.192s][info][gc,phases   ] GC(303)   Other: 0.0ms
[242.192s][info][gc,heap     ] GC(303) Eden regions: 27->0(27)
[242.192s][info][gc,heap     ] GC(303) Survivor regions: 1->1(4)
[242.192s][info][gc,heap     ] GC(303) Old regions: 11->11
[242.192s][info][gc,heap     ] GC(303) Humongous regions: 1->1
[242.192s][info][gc,metaspace] GC(303) Metaspace: 54536K(56000K)->54536K(56000K) NonClass: 47356K(48256K)->47356K(48256K) Class: 7179K(7744K)->7179K(7744K)
[242.192s][info][gc          ] GC(303) Pause Young (Normal) (G1 Evacuation Pause) 152M->44M(188M) 1.934ms
[242.192s][info][gc,cpu      ] GC(303) User=0.01s Sys=0.00s Real=0.01s
[242.444s][info][gc,start    ] GC(304) Pause Young (Normal) (G1 Evacuation Pause)
[242.444s][info][gc,task     ] GC(304) Using 8 workers of 8 for evacuation
[242.446s][info][gc,phases   ] GC(304)   Pre Evacuate Collection Set: 0.1ms
[242.446s][info][gc,phases   ] GC(304)   Merge Heap Roots: 0.1ms
[242.446s][info][gc,phases   ] GC(304)   Evacuate Collection Set: 1.4ms
[242.446s][info][gc,phases   ] GC(304)   Post Evacuate Collection Set: 0.3ms
[242.446s][info][gc,phases   ] GC(304)   Other: 0.0ms
[242.446s][info][gc,heap     ] GC(304) Eden regions: 27->0(27)
[242.446s][info][gc,heap     ] GC(304) Survivor regions: 1->1(4)
[242.446s][info][gc,heap     ] GC(304) Old regions: 11->11
[242.446s][info][gc,heap     ] GC(304) Humongous regions: 1->1
[242.446s][info][gc,metaspace] GC(304) Metaspace: 54536K(56000K)->54536K(56000K) NonClass: 47356K(48256K)->47356K(48256K) Class: 7179K(7744K)->7179K(7744K)
[242.446s][info][gc          ] GC(304) Pause Young (Normal) (G1 Evacuation Pause) 152M->44M(188M) 2.056ms
[242.446s][info][gc,cpu      ] GC(304) User=0.01s Sys=0.01s Real=0.00s
[242.714s][info][gc,start    ] GC(305) Pause Young (Normal) (G1 Evacuation Pause)
[242.714s][info][gc,task     ] GC(305) Using 8 workers of 8 for evacuation
[242.717s][info][gc,phases   ] GC(305)   Pre Evacuate Collection Set: 0.1ms
[242.717s][info][gc,phases   ] GC(305)   Merge Heap Roots: 0.1ms
[242.717s][info][gc,phases   ] GC(305)   Evacuate Collection Set: 2.4ms
[242.717s][info][gc,phases   ] GC(305)   Post Evacuate Collection Set: 0.4ms
[242.717s][info][gc,phases   ] GC(305)   Other: 0.1ms
[242.717s][info][gc,heap     ] GC(305) Eden regions: 27->0(27)
[242.717s][info][gc,heap     ] GC(305) Survivor regions: 1->1(4)
[242.717s][info][gc,heap     ] GC(305) Old regions: 11->11
[242.717s][info][gc,heap     ] GC(305) Humongous regions: 1->1
[242.717s][info][gc,metaspace] GC(305) Metaspace: 54536K(56000K)->54536K(56000K) NonClass: 47356K(48256K)->47356K(48256K) Class: 7179K(7744K)->7179K(7744K)
[242.717s][info][gc          ] GC(305) Pause Young (Normal) (G1 Evacuation Pause) 152M->44M(188M) 3.160ms
[242.717s][info][gc,cpu      ] GC(305) User=0.01s Sys=0.01s Real=0.00s
[243.031s][info][gc,start    ] GC(306) Pause Young (Normal) (G1 Evacuation Pause)
[243.031s][info][gc,task     ] GC(306) Using 8 workers of 8 for evacuation
[243.033s][info][gc,phases   ] GC(306)   Pre Evacuate Collection Set: 0.1ms
[243.033s][info][gc,phases   ] GC(306)   Merge Heap Roots: 0.1ms
[243.033s][info][gc,phases   ] GC(306)   Evacuate Collection Set: 1.4ms
[243.033s][info][gc,phases   ] GC(306)   Post Evacuate Collection Set: 0.2ms
[243.033s][info][gc,phases   ] GC(306)   Other: 0.1ms
[243.033s][info][gc,heap     ] GC(306) Eden regions: 27->0(27)
[243.033s][info][gc,heap     ] GC(306) Survivor regions: 1->1(4)
[243.033s][info][gc,heap     ] GC(306) Old regions: 11->11
[243.033s][info][gc,heap     ] GC(306) Humongous regions: 1->1
[243.033s][info][gc,metaspace] GC(306) Metaspace: 54536K(56000K)->54536K(56000K) NonClass: 47356K(48256K)->47356K(48256K) Class: 7179K(7744K)->7179K(7744K)
[243.033s][info][gc          ] GC(306) Pause Young (Normal) (G1 Evacuation Pause) 152M->44M(188M) 1.956ms
[243.033s][info][gc,cpu      ] GC(306) User=0.01s Sys=0.01s Real=0.01s
[243.307s][info][gc,start    ] GC(307) Pause Young (Normal) (G1 Evacuation Pause)
[243.307s][info][gc,task     ] GC(307) Using 8 workers of 8 for evacuation
[243.309s][info][gc,phases   ] GC(307)   Pre Evacuate Collection Set: 0.1ms
[243.309s][info][gc,phases   ] GC(307)   Merge Heap Roots: 0.1ms
[243.309s][info][gc,phases   ] GC(307)   Evacuate Collection Set: 1.4ms
[243.309s][info][gc,phases   ] GC(307)   Post Evacuate Collection Set: 0.3ms
[243.309s][info][gc,phases   ] GC(307)   Other: 0.0ms
[243.309s][info][gc,heap     ] GC(307) Eden regions: 27->0(27)
[243.309s][info][gc,heap     ] GC(307) Survivor regions: 1->1(4)
[243.309s][info][gc,heap     ] GC(307) Old regions: 11->11
[243.309s][info][gc,heap     ] GC(307) Humongous regions: 1->1
[243.309s][info][gc,metaspace] GC(307) Metaspace: 54536K(56000K)->54536K(56000K) NonClass: 47356K(48256K)->47356K(48256K) Class: 7179K(7744K)->7179K(7744K)
[243.309s][info][gc          ] GC(307) Pause Young (Normal) (G1 Evacuation Pause) 152M->44M(188M) 2.115ms
[243.309s][info][gc,cpu      ] GC(307) User=0.00s Sys=0.01s Real=0.00s
[243.601s][info][gc,start    ] GC(308) Pause Young (Normal) (G1 Evacuation Pause)
[243.601s][info][gc,task     ] GC(308) Using 8 workers of 8 for evacuation
[243.609s][info][gc,phases   ] GC(308)   Pre Evacuate Collection Set: 0.1ms
[243.609s][info][gc,phases   ] GC(308)   Merge Heap Roots: 0.1ms
[243.609s][info][gc,phases   ] GC(308)   Evacuate Collection Set: 7.1ms
[243.609s][info][gc,phases   ] GC(308)   Post Evacuate Collection Set: 0.7ms
[243.609s][info][gc,phases   ] GC(308)   Other: 0.1ms
[243.609s][info][gc,heap     ] GC(308) Eden regions: 27->0(27)
[243.609s][info][gc,heap     ] GC(308) Survivor regions: 1->1(4)
[243.609s][info][gc,heap     ] GC(308) Old regions: 11->11
[243.609s][info][gc,heap     ] GC(308) Humongous regions: 1->1
[243.609s][info][gc,metaspace] GC(308) Metaspace: 54536K(56000K)->54536K(56000K) NonClass: 47356K(48256K)->47356K(48256K) Class: 7179K(7744K)->7179K(7744K)
[243.609s][info][gc          ] GC(308) Pause Young (Normal) (G1 Evacuation Pause) 152M->44M(188M) 8.654ms
[243.609s][info][gc,cpu      ] GC(308) User=0.00s Sys=0.00s Real=0.01s
[258.644s][info][gc,start    ] GC(309) Pause Young (Normal) (G1 Evacuation Pause)
[258.645s][info][gc,task     ] GC(309) Using 8 workers of 8 for evacuation
[258.647s][info][gc,phases   ] GC(309)   Pre Evacuate Collection Set: 0.1ms
[258.647s][info][gc,phases   ] GC(309)   Merge Heap Roots: 0.1ms
[258.647s][info][gc,phases   ] GC(309)   Evacuate Collection Set: 1.5ms
[258.647s][info][gc,phases   ] GC(309)   Post Evacuate Collection Set: 0.3ms
[258.647s][info][gc,phases   ] GC(309)   Other: 0.1ms
[258.647s][info][gc,heap     ] GC(309) Eden regions: 27->0(27)
[258.647s][info][gc,heap     ] GC(309) Survivor regions: 1->1(4)
[258.647s][info][gc,heap     ] GC(309) Old regions: 11->11
[258.647s][info][gc,heap     ] GC(309) Humongous regions: 1->1
[258.647s][info][gc,metaspace] GC(309) Metaspace: 54588K(56000K)->54588K(56000K) NonClass: 47395K(48256K)->47395K(48256K) Class: 7193K(7744K)->7193K(7744K)
[258.647s][info][gc          ] GC(309) Pause Young (Normal) (G1 Evacuation Pause) 152M->44M(188M) 2.386ms
[258.647s][info][gc,cpu      ] GC(309) User=0.00s Sys=0.00s Real=0.00s
[258.924s][info][gc,start    ] GC(310) Pause Young (Normal) (G1 Evacuation Pause)
[258.924s][info][gc,task     ] GC(310) Using 8 workers of 8 for evacuation
[258.926s][info][gc,phases   ] GC(310)   Pre Evacuate Collection Set: 0.1ms
[258.926s][info][gc,phases   ] GC(310)   Merge Heap Roots: 0.1ms
[258.926s][info][gc,phases   ] GC(310)   Evacuate Collection Set: 1.3ms
[258.926s][info][gc,phases   ] GC(310)   Post Evacuate Collection Set: 0.2ms
[258.926s][info][gc,phases   ] GC(310)   Other: 0.0ms
[258.926s][info][gc,heap     ] GC(310) Eden regions: 27->0(27)
[258.926s][info][gc,heap     ] GC(310) Survivor regions: 1->1(4)
[258.926s][info][gc,heap     ] GC(310) Old regions: 11->11
[258.926s][info][gc,heap     ] GC(310) Humongous regions: 1->1
[258.926s][info][gc,metaspace] GC(310) Metaspace: 54588K(56000K)->54588K(56000K) NonClass: 47395K(48256K)->47395K(48256K) Class: 7193K(7744K)->7193K(7744K)
[258.926s][info][gc          ] GC(310) Pause Young (Normal) (G1 Evacuation Pause) 152M->44M(188M) 1.864ms
[258.926s][info][gc,cpu      ] GC(310) User=0.01s Sys=0.00s Real=0.00s
[259.267s][info][gc,start    ] GC(311) Pause Young (Normal) (G1 Evacuation Pause)
[259.267s][info][gc,task     ] GC(311) Using 8 workers of 8 for evacuation
[259.270s][info][gc,phases   ] GC(311)   Pre Evacuate Collection Set: 0.1ms
[259.270s][info][gc,phases   ] GC(311)   Merge Heap Roots: 0.1ms
[259.270s][info][gc,phases   ] GC(311)   Evacuate Collection Set: 2.1ms
[259.270s][info][gc,phases   ] GC(311)   Post Evacuate Collection Set: 0.3ms
[259.270s][info][gc,phases   ] GC(311)   Other: 0.0ms
[259.270s][info][gc,heap     ] GC(311) Eden regions: 27->0(27)
[259.270s][info][gc,heap     ] GC(311) Survivor regions: 1->1(4)
[259.270s][info][gc,heap     ] GC(311) Old regions: 11->11
[259.270s][info][gc,heap     ] GC(311) Humongous regions: 1->1
[259.270s][info][gc,metaspace] GC(311) Metaspace: 54588K(56000K)->54588K(56000K) NonClass: 47395K(48256K)->47395K(48256K) Class: 7193K(7744K)->7193K(7744K)
[259.270s][info][gc          ] GC(311) Pause Young (Normal) (G1 Evacuation Pause) 152M->44M(188M) 2.616ms
[259.270s][info][gc,cpu      ] GC(311) User=0.01s Sys=0.00s Real=0.00s
[259.692s][info][gc,start    ] GC(312) Pause Young (Normal) (G1 Evacuation Pause)
[259.692s][info][gc,task     ] GC(312) Using 8 workers of 8 for evacuation
[259.697s][info][gc,phases   ] GC(312)   Pre Evacuate Collection Set: 0.1ms
[259.697s][info][gc,phases   ] GC(312)   Merge Heap Roots: 0.1ms
[259.697s][info][gc,phases   ] GC(312)   Evacuate Collection Set: 4.6ms
[259.697s][info][gc,phases   ] GC(312)   Post Evacuate Collection Set: 0.3ms
[259.697s][info][gc,phases   ] GC(312)   Other: 0.0ms
[259.697s][info][gc,heap     ] GC(312) Eden regions: 27->0(27)
[259.697s][info][gc,heap     ] GC(312) Survivor regions: 1->1(4)
[259.697s][info][gc,heap     ] GC(312) Old regions: 11->11
[259.697s][info][gc,heap     ] GC(312) Humongous regions: 1->1
[259.697s][info][gc,metaspace] GC(312) Metaspace: 54588K(56000K)->54588K(56000K) NonClass: 47395K(48256K)->47395K(48256K) Class: 7193K(7744K)->7193K(7744K)
[259.697s][info][gc          ] GC(312) Pause Young (Normal) (G1 Evacuation Pause) 152M->45M(188M) 5.206ms
[259.697s][info][gc,cpu      ] GC(312) User=0.01s Sys=0.00s Real=0.00s
[260.163s][info][gc,start    ] GC(313) Pause Young (Normal) (G1 Evacuation Pause)
[260.163s][info][gc,task     ] GC(313) Using 8 workers of 8 for evacuation
[260.165s][info][gc,phases   ] GC(313)   Pre Evacuate Collection Set: 0.1ms
[260.165s][info][gc,phases   ] GC(313)   Merge Heap Roots: 0.0ms
[260.165s][info][gc,phases   ] GC(313)   Evacuate Collection Set: 1.6ms
[260.165s][info][gc,phases   ] GC(313)   Post Evacuate Collection Set: 0.3ms
[260.165s][info][gc,phases   ] GC(313)   Other: 0.0ms
[260.165s][info][gc,heap     ] GC(313) Eden regions: 27->0(27)
[260.166s][info][gc,heap     ] GC(313) Survivor regions: 1->1(4)
[260.166s][info][gc,heap     ] GC(313) Old regions: 11->11
[260.166s][info][gc,heap     ] GC(313) Humongous regions: 1->1
[260.166s][info][gc,metaspace] GC(313) Metaspace: 54588K(56000K)->54588K(56000K) NonClass: 47395K(48256K)->47395K(48256K) Class: 7193K(7744K)->7193K(7744K)
[260.166s][info][gc          ] GC(313) Pause Young (Normal) (G1 Evacuation Pause) 153M->45M(188M) 2.154ms
[260.166s][info][gc,cpu      ] GC(313) User=0.01s Sys=0.00s Real=0.00s
[260.445s][info][gc,start    ] GC(314) Pause Young (Normal) (G1 Evacuation Pause)
[260.445s][info][gc,task     ] GC(314) Using 8 workers of 8 for evacuation
[260.447s][info][gc,phases   ] GC(314)   Pre Evacuate Collection Set: 0.1ms
[260.447s][info][gc,phases   ] GC(314)   Merge Heap Roots: 0.1ms
[260.447s][info][gc,phases   ] GC(314)   Evacuate Collection Set: 1.5ms
[260.447s][info][gc,phases   ] GC(314)   Post Evacuate Collection Set: 0.3ms
[260.447s][info][gc,phases   ] GC(314)   Other: 0.1ms
[260.447s][info][gc,heap     ] GC(314) Eden regions: 27->0(27)
[260.447s][info][gc,heap     ] GC(314) Survivor regions: 1->1(4)
[260.447s][info][gc,heap     ] GC(314) Old regions: 11->11
[260.447s][info][gc,heap     ] GC(314) Humongous regions: 1->1
[260.447s][info][gc,metaspace] GC(314) Metaspace: 54588K(56000K)->54588K(56000K) NonClass: 47395K(48256K)->47395K(48256K) Class: 7193K(7744K)->7193K(7744K)
[260.447s][info][gc          ] GC(314) Pause Young (Normal) (G1 Evacuation Pause) 153M->45M(188M) 2.153ms
[260.447s][info][gc,cpu      ] GC(314) User=0.01s Sys=0.00s Real=0.00s
[260.777s][info][gc,start    ] GC(315) Pause Young (Normal) (G1 Evacuation Pause)
[260.777s][info][gc,task     ] GC(315) Using 8 workers of 8 for evacuation
[260.779s][info][gc,phases   ] GC(315)   Pre Evacuate Collection Set: 0.1ms
[260.779s][info][gc,phases   ] GC(315)   Merge Heap Roots: 0.1ms
[260.779s][info][gc,phases   ] GC(315)   Evacuate Collection Set: 1.4ms
[260.779s][info][gc,phases   ] GC(315)   Post Evacuate Collection Set: 0.2ms
[260.779s][info][gc,phases   ] GC(315)   Other: 0.0ms
[260.779s][info][gc,heap     ] GC(315) Eden regions: 27->0(27)
[260.779s][info][gc,heap     ] GC(315) Survivor regions: 1->1(4)
[260.779s][info][gc,heap     ] GC(315) Old regions: 11->11
[260.779s][info][gc,heap     ] GC(315) Humongous regions: 1->1
[260.779s][info][gc,metaspace] GC(315) Metaspace: 54588K(56000K)->54588K(56000K) NonClass: 47395K(48256K)->47395K(48256K) Class: 7193K(7744K)->7193K(7744K)
[260.779s][info][gc          ] GC(315) Pause Young (Normal) (G1 Evacuation Pause) 153M->45M(188M) 1.978ms
[260.779s][info][gc,cpu      ] GC(315) User=0.01s Sys=0.00s Real=0.00s
[261.085s][info][gc,start    ] GC(316) Pause Young (Normal) (G1 Evacuation Pause)
[261.085s][info][gc,task     ] GC(316) Using 8 workers of 8 for evacuation
[261.087s][info][gc,phases   ] GC(316)   Pre Evacuate Collection Set: 0.1ms
[261.087s][info][gc,phases   ] GC(316)   Merge Heap Roots: 0.1ms
[261.087s][info][gc,phases   ] GC(316)   Evacuate Collection Set: 1.4ms
[261.087s][info][gc,phases   ] GC(316)   Post Evacuate Collection Set: 0.2ms
[261.087s][info][gc,phases   ] GC(316)   Other: 0.0ms
[261.087s][info][gc,heap     ] GC(316) Eden regions: 27->0(27)
[261.087s][info][gc,heap     ] GC(316) Survivor regions: 1->1(4)
[261.087s][info][gc,heap     ] GC(316) Old regions: 11->11
[261.087s][info][gc,heap     ] GC(316) Humongous regions: 1->1
[261.087s][info][gc,metaspace] GC(316) Metaspace: 54588K(56000K)->54588K(56000K) NonClass: 47395K(48256K)->47395K(48256K) Class: 7193K(7744K)->7193K(7744K)
[261.087s][info][gc          ] GC(316) Pause Young (Normal) (G1 Evacuation Pause) 153M->45M(188M) 2.066ms
[261.087s][info][gc,cpu      ] GC(316) User=0.01s Sys=0.00s Real=0.00s
[261.309s][info][gc,start    ] GC(317) Pause Young (Normal) (G1 Evacuation Pause)
[261.309s][info][gc,task     ] GC(317) Using 8 workers of 8 for evacuation
[261.311s][info][gc,phases   ] GC(317)   Pre Evacuate Collection Set: 0.1ms
[261.311s][info][gc,phases   ] GC(317)   Merge Heap Roots: 0.1ms
[261.311s][info][gc,phases   ] GC(317)   Evacuate Collection Set: 2.1ms
[261.311s][info][gc,phases   ] GC(317)   Post Evacuate Collection Set: 0.2ms
[261.311s][info][gc,phases   ] GC(317)   Other: 0.0ms
[261.311s][info][gc,heap     ] GC(317) Eden regions: 27->0(27)
[261.311s][info][gc,heap     ] GC(317) Survivor regions: 1->1(4)
[261.311s][info][gc,heap     ] GC(317) Old regions: 11->11
[261.311s][info][gc,heap     ] GC(317) Humongous regions: 1->1
[261.311s][info][gc,metaspace] GC(317) Metaspace: 54588K(56000K)->54588K(56000K) NonClass: 47395K(48256K)->47395K(48256K) Class: 7193K(7744K)->7193K(7744K)
[261.311s][info][gc          ] GC(317) Pause Young (Normal) (G1 Evacuation Pause) 153M->45M(188M) 2.658ms
[261.311s][info][gc,cpu      ] GC(317) User=0.01s Sys=0.01s Real=0.00s
[261.652s][info][gc,start    ] GC(318) Pause Young (Normal) (G1 Evacuation Pause)
[261.652s][info][gc,task     ] GC(318) Using 8 workers of 8 for evacuation
[261.656s][info][gc,phases   ] GC(318)   Pre Evacuate Collection Set: 0.1ms
[261.656s][info][gc,phases   ] GC(318)   Merge Heap Roots: 0.1ms
[261.656s][info][gc,phases   ] GC(318)   Evacuate Collection Set: 3.3ms
[261.656s][info][gc,phases   ] GC(318)   Post Evacuate Collection Set: 0.3ms
[261.656s][info][gc,phases   ] GC(318)   Other: 0.1ms
[261.656s][info][gc,heap     ] GC(318) Eden regions: 27->0(27)
[261.656s][info][gc,heap     ] GC(318) Survivor regions: 1->1(4)
[261.656s][info][gc,heap     ] GC(318) Old regions: 11->11
[261.656s][info][gc,heap     ] GC(318) Humongous regions: 1->1
[261.656s][info][gc,metaspace] GC(318) Metaspace: 54588K(56000K)->54588K(56000K) NonClass: 47395K(48256K)->47395K(48256K) Class: 7193K(7744K)->7193K(7744K)
[261.656s][info][gc          ] GC(318) Pause Young (Normal) (G1 Evacuation Pause) 153M->45M(188M) 3.924ms
[261.656s][info][gc,cpu      ] GC(318) User=0.00s Sys=0.00s Real=0.00s
[261.954s][info][gc,start    ] GC(319) Pause Young (Normal) (G1 Evacuation Pause)
[261.954s][info][gc,task     ] GC(319) Using 8 workers of 8 for evacuation
[261.960s][info][gc,phases   ] GC(319)   Pre Evacuate Collection Set: 0.1ms
[261.960s][info][gc,phases   ] GC(319)   Merge Heap Roots: 0.0ms
[261.960s][info][gc,phases   ] GC(319)   Evacuate Collection Set: 5.4ms
[261.960s][info][gc,phases   ] GC(319)   Post Evacuate Collection Set: 0.2ms
[261.960s][info][gc,phases   ] GC(319)   Other: 0.0ms
[261.960s][info][gc,heap     ] GC(319) Eden regions: 27->0(27)
[261.960s][info][gc,heap     ] GC(319) Survivor regions: 1->1(4)
[261.960s][info][gc,heap     ] GC(319) Old regions: 11->11
[261.960s][info][gc,heap     ] GC(319) Humongous regions: 1->1
[261.960s][info][gc,metaspace] GC(319) Metaspace: 54588K(56000K)->54588K(56000K) NonClass: 47395K(48256K)->47395K(48256K) Class: 7193K(7744K)->7193K(7744K)
[261.960s][info][gc          ] GC(319) Pause Young (Normal) (G1 Evacuation Pause) 153M->45M(188M) 5.985ms
[261.960s][info][gc,cpu      ] GC(319) User=0.01s Sys=0.00s Real=0.00s
[262.233s][info][gc,start    ] GC(320) Pause Young (Normal) (G1 Evacuation Pause)
[262.233s][info][gc,task     ] GC(320) Using 8 workers of 8 for evacuation
[262.237s][info][gc,phases   ] GC(320)   Pre Evacuate Collection Set: 0.1ms
[262.237s][info][gc,phases   ] GC(320)   Merge Heap Roots: 0.1ms
[262.237s][info][gc,phases   ] GC(320)   Evacuate Collection Set: 2.9ms
[262.237s][info][gc,phases   ] GC(320)   Post Evacuate Collection Set: 0.3ms
[262.237s][info][gc,phases   ] GC(320)   Other: 0.0ms
[262.237s][info][gc,heap     ] GC(320) Eden regions: 27->0(33)
[262.237s][info][gc,heap     ] GC(320) Survivor regions: 1->1(4)
[262.237s][info][gc,heap     ] GC(320) Old regions: 11->11
[262.237s][info][gc,heap     ] GC(320) Humongous regions: 1->1
[262.237s][info][gc,metaspace] GC(320) Metaspace: 54588K(56000K)->54588K(56000K) NonClass: 47395K(48256K)->47395K(48256K) Class: 7193K(7744K)->7193K(7744K)
[262.237s][info][gc          ] GC(320) Pause Young (Normal) (G1 Evacuation Pause) 153M->45M(228M) 3.621ms
[262.237s][info][gc,cpu      ] GC(320) User=0.01s Sys=0.01s Real=0.00s
[262.515s][info][gc,start    ] GC(321) Pause Young (Normal) (G1 Evacuation Pause)
[262.515s][info][gc,task     ] GC(321) Using 8 workers of 8 for evacuation
[262.518s][info][gc,phases   ] GC(321)   Pre Evacuate Collection Set: 0.1ms
[262.518s][info][gc,phases   ] GC(321)   Merge Heap Roots: 0.1ms
[262.518s][info][gc,phases   ] GC(321)   Evacuate Collection Set: 1.6ms
[262.518s][info][gc,phases   ] GC(321)   Post Evacuate Collection Set: 0.3ms
[262.518s][info][gc,phases   ] GC(321)   Other: 0.1ms
[262.518s][info][gc,heap     ] GC(321) Eden regions: 33->0(33)
[262.518s][info][gc,heap     ] GC(321) Survivor regions: 1->1(5)
[262.518s][info][gc,heap     ] GC(321) Old regions: 11->11
[262.518s][info][gc,heap     ] GC(321) Humongous regions: 1->1
[262.518s][info][gc,metaspace] GC(321) Metaspace: 54588K(56000K)->54588K(56000K) NonClass: 47395K(48256K)->47395K(48256K) Class: 7193K(7744K)->7193K(7744K)
[262.518s][info][gc          ] GC(321) Pause Young (Normal) (G1 Evacuation Pause) 177M->45M(228M) 2.323ms
[262.518s][info][gc,cpu      ] GC(321) User=0.01s Sys=0.00s Real=0.00s
[262.853s][info][gc,start    ] GC(322) Pause Young (Normal) (G1 Evacuation Pause)
[262.853s][info][gc,task     ] GC(322) Using 8 workers of 8 for evacuation
[262.861s][info][gc,phases   ] GC(322)   Pre Evacuate Collection Set: 0.1ms
[262.861s][info][gc,phases   ] GC(322)   Merge Heap Roots: 0.1ms
[262.861s][info][gc,phases   ] GC(322)   Evacuate Collection Set: 7.3ms
[262.861s][info][gc,phases   ] GC(322)   Post Evacuate Collection Set: 0.3ms
[262.861s][info][gc,phases   ] GC(322)   Other: 0.0ms
[262.861s][info][gc,heap     ] GC(322) Eden regions: 33->0(33)
[262.861s][info][gc,heap     ] GC(322) Survivor regions: 1->1(5)
[262.861s][info][gc,heap     ] GC(322) Old regions: 11->11
[262.861s][info][gc,heap     ] GC(322) Humongous regions: 1->1
[262.861s][info][gc,metaspace] GC(322) Metaspace: 54588K(56000K)->54588K(56000K) NonClass: 47395K(48256K)->47395K(48256K) Class: 7193K(7744K)->7193K(7744K)
[262.861s][info][gc          ] GC(322) Pause Young (Normal) (G1 Evacuation Pause) 177M->45M(228M) 7.867ms
[262.861s][info][gc,cpu      ] GC(322) User=0.01s Sys=0.00s Real=0.00s
[263.232s][info][gc,start    ] GC(323) Pause Young (Normal) (G1 Evacuation Pause)
[263.232s][info][gc,task     ] GC(323) Using 8 workers of 8 for evacuation
[263.235s][info][gc,phases   ] GC(323)   Pre Evacuate Collection Set: 0.1ms
[263.235s][info][gc,phases   ] GC(323)   Merge Heap Roots: 0.2ms
[263.235s][info][gc,phases   ] GC(323)   Evacuate Collection Set: 2.2ms
[263.235s][info][gc,phases   ] GC(323)   Post Evacuate Collection Set: 0.3ms
[263.235s][info][gc,phases   ] GC(323)   Other: 0.0ms
[263.235s][info][gc,heap     ] GC(323) Eden regions: 33->0(33)
[263.235s][info][gc,heap     ] GC(323) Survivor regions: 1->1(5)
[263.235s][info][gc,heap     ] GC(323) Old regions: 11->11
[263.235s][info][gc,heap     ] GC(323) Humongous regions: 1->1
[263.235s][info][gc,metaspace] GC(323) Metaspace: 54588K(56000K)->54588K(56000K) NonClass: 47395K(48256K)->47395K(48256K) Class: 7193K(7744K)->7193K(7744K)
[263.235s][info][gc          ] GC(323) Pause Young (Normal) (G1 Evacuation Pause) 177M->45M(228M) 2.883ms
[263.235s][info][gc,cpu      ] GC(323) User=0.01s Sys=0.00s Real=0.00s
[263.545s][info][gc,start    ] GC(324) Pause Young (Normal) (G1 Evacuation Pause)
[263.545s][info][gc,task     ] GC(324) Using 8 workers of 8 for evacuation
[263.547s][info][gc,phases   ] GC(324)   Pre Evacuate Collection Set: 0.1ms
[263.547s][info][gc,phases   ] GC(324)   Merge Heap Roots: 0.1ms
[263.547s][info][gc,phases   ] GC(324)   Evacuate Collection Set: 1.6ms
[263.547s][info][gc,phases   ] GC(324)   Post Evacuate Collection Set: 0.3ms
[263.547s][info][gc,phases   ] GC(324)   Other: 0.0ms
[263.547s][info][gc,heap     ] GC(324) Eden regions: 33->0(33)
[263.547s][info][gc,heap     ] GC(324) Survivor regions: 1->1(5)
[263.547s][info][gc,heap     ] GC(324) Old regions: 11->12
[263.547s][info][gc,heap     ] GC(324) Humongous regions: 1->1
[263.547s][info][gc,metaspace] GC(324) Metaspace: 54588K(56000K)->54588K(56000K) NonClass: 47395K(48256K)->47395K(48256K) Class: 7193K(7744K)->7193K(7744K)
[263.547s][info][gc          ] GC(324) Pause Young (Normal) (G1 Evacuation Pause) 177M->45M(228M) 2.115ms
[263.547s][info][gc,cpu      ] GC(324) User=0.01s Sys=0.00s Real=0.00s
[263.923s][info][gc,start    ] GC(325) Pause Young (Normal) (G1 Evacuation Pause)
[263.923s][info][gc,task     ] GC(325) Using 8 workers of 8 for evacuation
[263.925s][info][gc,phases   ] GC(325)   Pre Evacuate Collection Set: 0.1ms
[263.925s][info][gc,phases   ] GC(325)   Merge Heap Roots: 0.1ms
[263.925s][info][gc,phases   ] GC(325)   Evacuate Collection Set: 1.3ms
[263.925s][info][gc,phases   ] GC(325)   Post Evacuate Collection Set: 0.2ms
[263.925s][info][gc,phases   ] GC(325)   Other: 0.0ms
[263.925s][info][gc,heap     ] GC(325) Eden regions: 33->0(33)
[263.925s][info][gc,heap     ] GC(325) Survivor regions: 1->1(5)
[263.925s][info][gc,heap     ] GC(325) Old regions: 12->12
[263.925s][info][gc,heap     ] GC(325) Humongous regions: 1->1
[263.925s][info][gc,metaspace] GC(325) Metaspace: 54588K(56000K)->54588K(56000K) NonClass: 47395K(48256K)->47395K(48256K) Class: 7193K(7744K)->7193K(7744K)
[263.925s][info][gc          ] GC(325) Pause Young (Normal) (G1 Evacuation Pause) 177M->45M(228M) 1.860ms
[263.925s][info][gc,cpu      ] GC(325) User=0.00s Sys=0.00s Real=0.00s
[264.187s][info][gc,start    ] GC(326) Pause Young (Normal) (G1 Evacuation Pause)
[264.187s][info][gc,task     ] GC(326) Using 8 workers of 8 for evacuation
[264.189s][info][gc,phases   ] GC(326)   Pre Evacuate Collection Set: 0.1ms
[264.189s][info][gc,phases   ] GC(326)   Merge Heap Roots: 0.1ms
[264.189s][info][gc,phases   ] GC(326)   Evacuate Collection Set: 1.4ms
[264.189s][info][gc,phases   ] GC(326)   Post Evacuate Collection Set: 0.3ms
[264.189s][info][gc,phases   ] GC(326)   Other: 0.0ms
[264.189s][info][gc,heap     ] GC(326) Eden regions: 33->0(33)
[264.189s][info][gc,heap     ] GC(326) Survivor regions: 1->1(5)
[264.189s][info][gc,heap     ] GC(326) Old regions: 12->12
[264.189s][info][gc,heap     ] GC(326) Humongous regions: 1->1
[264.189s][info][gc,metaspace] GC(326) Metaspace: 54588K(56000K)->54588K(56000K) NonClass: 47395K(48256K)->47395K(48256K) Class: 7193K(7744K)->7193K(7744K)
[264.189s][info][gc          ] GC(326) Pause Young (Normal) (G1 Evacuation Pause) 177M->45M(228M) 2.077ms
[264.189s][info][gc,cpu      ] GC(326) User=0.01s Sys=0.00s Real=0.00s
[264.503s][info][gc,start    ] GC(327) Pause Young (Normal) (G1 Evacuation Pause)
[264.503s][info][gc,task     ] GC(327) Using 8 workers of 8 for evacuation
[264.505s][info][gc,phases   ] GC(327)   Pre Evacuate Collection Set: 0.1ms
[264.505s][info][gc,phases   ] GC(327)   Merge Heap Roots: 0.1ms
[264.505s][info][gc,phases   ] GC(327)   Evacuate Collection Set: 1.6ms
[264.505s][info][gc,phases   ] GC(327)   Post Evacuate Collection Set: 0.3ms
[264.505s][info][gc,phases   ] GC(327)   Other: 0.0ms
[264.505s][info][gc,heap     ] GC(327) Eden regions: 33->0(33)
[264.505s][info][gc,heap     ] GC(327) Survivor regions: 1->1(5)
[264.505s][info][gc,heap     ] GC(327) Old regions: 12->12
[264.505s][info][gc,heap     ] GC(327) Humongous regions: 1->1
[264.505s][info][gc,metaspace] GC(327) Metaspace: 54588K(56000K)->54588K(56000K) NonClass: 47395K(48256K)->47395K(48256K) Class: 7193K(7744K)->7193K(7744K)
[264.505s][info][gc          ] GC(327) Pause Young (Normal) (G1 Evacuation Pause) 177M->45M(228M) 2.180ms
[264.505s][info][gc,cpu      ] GC(327) User=0.01s Sys=0.00s Real=0.00s
[264.926s][info][gc,start    ] GC(328) Pause Young (Normal) (G1 Evacuation Pause)
[264.926s][info][gc,task     ] GC(328) Using 8 workers of 8 for evacuation
[264.938s][info][gc,phases   ] GC(328)   Pre Evacuate Collection Set: 0.1ms
[264.938s][info][gc,phases   ] GC(328)   Merge Heap Roots: 0.1ms
[264.938s][info][gc,phases   ] GC(328)   Evacuate Collection Set: 11.7ms
[264.938s][info][gc,phases   ] GC(328)   Post Evacuate Collection Set: 0.2ms
[264.938s][info][gc,phases   ] GC(328)   Other: 0.0ms
[264.939s][info][gc,heap     ] GC(328) Eden regions: 33->0(33)
[264.939s][info][gc,heap     ] GC(328) Survivor regions: 1->1(5)
[264.939s][info][gc,heap     ] GC(328) Old regions: 12->12
[264.939s][info][gc,heap     ] GC(328) Humongous regions: 1->1
[264.939s][info][gc,metaspace] GC(328) Metaspace: 54588K(56000K)->54588K(56000K) NonClass: 47395K(48256K)->47395K(48256K) Class: 7193K(7744K)->7193K(7744K)
[264.939s][info][gc          ] GC(328) Pause Young (Normal) (G1 Evacuation Pause) 177M->45M(228M) 12.314ms
[264.939s][info][gc,cpu      ] GC(328) User=0.01s Sys=0.00s Real=0.01s
[265.391s][info][gc,start    ] GC(329) Pause Young (Normal) (G1 Evacuation Pause)
[265.391s][info][gc,task     ] GC(329) Using 8 workers of 8 for evacuation
[265.393s][info][gc,phases   ] GC(329)   Pre Evacuate Collection Set: 0.1ms
[265.393s][info][gc,phases   ] GC(329)   Merge Heap Roots: 0.1ms
[265.393s][info][gc,phases   ] GC(329)   Evacuate Collection Set: 1.7ms
[265.393s][info][gc,phases   ] GC(329)   Post Evacuate Collection Set: 0.3ms
[265.393s][info][gc,phases   ] GC(329)   Other: 0.0ms
[265.393s][info][gc,heap     ] GC(329) Eden regions: 33->0(33)
[265.393s][info][gc,heap     ] GC(329) Survivor regions: 1->1(5)
[265.393s][info][gc,heap     ] GC(329) Old regions: 12->12
[265.393s][info][gc,heap     ] GC(329) Humongous regions: 1->1
[265.393s][info][gc,metaspace] GC(329) Metaspace: 54588K(56000K)->54588K(56000K) NonClass: 47395K(48256K)->47395K(48256K) Class: 7193K(7744K)->7193K(7744K)
[265.393s][info][gc          ] GC(329) Pause Young (Normal) (G1 Evacuation Pause) 177M->45M(228M) 2.471ms
[265.393s][info][gc,cpu      ] GC(329) User=0.00s Sys=0.00s Real=0.01s
[265.925s][info][gc,start    ] GC(330) Pause Young (Normal) (G1 Evacuation Pause)
[265.925s][info][gc,task     ] GC(330) Using 8 workers of 8 for evacuation
[265.927s][info][gc,phases   ] GC(330)   Pre Evacuate Collection Set: 0.1ms
[265.927s][info][gc,phases   ] GC(330)   Merge Heap Roots: 0.1ms
[265.927s][info][gc,phases   ] GC(330)   Evacuate Collection Set: 1.5ms
[265.927s][info][gc,phases   ] GC(330)   Post Evacuate Collection Set: 0.3ms
[265.927s][info][gc,phases   ] GC(330)   Other: 0.0ms
[265.927s][info][gc,heap     ] GC(330) Eden regions: 33->0(33)
[265.927s][info][gc,heap     ] GC(330) Survivor regions: 1->1(5)
[265.927s][info][gc,heap     ] GC(330) Old regions: 12->12
[265.927s][info][gc,heap     ] GC(330) Humongous regions: 1->1
[265.927s][info][gc,metaspace] GC(330) Metaspace: 54588K(56000K)->54588K(56000K) NonClass: 47395K(48256K)->47395K(48256K) Class: 7193K(7744K)->7193K(7744K)
[265.927s][info][gc          ] GC(330) Pause Young (Normal) (G1 Evacuation Pause) 177M->45M(228M) 2.109ms
[265.927s][info][gc,cpu      ] GC(330) User=0.01s Sys=0.00s Real=0.00s
[266.360s][info][gc,start    ] GC(331) Pause Young (Normal) (G1 Evacuation Pause)
[266.360s][info][gc,task     ] GC(331) Using 8 workers of 8 for evacuation
[266.363s][info][gc,phases   ] GC(331)   Pre Evacuate Collection Set: 0.1ms
[266.363s][info][gc,phases   ] GC(331)   Merge Heap Roots: 0.1ms
[266.363s][info][gc,phases   ] GC(331)   Evacuate Collection Set: 1.8ms
[266.363s][info][gc,phases   ] GC(331)   Post Evacuate Collection Set: 0.3ms
[266.363s][info][gc,phases   ] GC(331)   Other: 0.1ms
[266.363s][info][gc,heap     ] GC(331) Eden regions: 33->0(33)
[266.363s][info][gc,heap     ] GC(331) Survivor regions: 1->1(5)
[266.363s][info][gc,heap     ] GC(331) Old regions: 12->12
[266.363s][info][gc,heap     ] GC(331) Humongous regions: 1->1
[266.363s][info][gc,metaspace] GC(331) Metaspace: 54588K(56000K)->54588K(56000K) NonClass: 47395K(48256K)->47395K(48256K) Class: 7193K(7744K)->7193K(7744K)
[266.363s][info][gc          ] GC(331) Pause Young (Normal) (G1 Evacuation Pause) 177M->46M(228M) 2.595ms
[266.363s][info][gc,cpu      ] GC(331) User=0.01s Sys=0.00s Real=0.01s
[266.732s][info][gc,start    ] GC(332) Pause Young (Normal) (G1 Evacuation Pause)
[266.732s][info][gc,task     ] GC(332) Using 8 workers of 8 for evacuation
[266.734s][info][gc,phases   ] GC(332)   Pre Evacuate Collection Set: 0.1ms
[266.734s][info][gc,phases   ] GC(332)   Merge Heap Roots: 0.1ms
[266.734s][info][gc,phases   ] GC(332)   Evacuate Collection Set: 1.8ms
[266.734s][info][gc,phases   ] GC(332)   Post Evacuate Collection Set: 0.3ms
[266.734s][info][gc,phases   ] GC(332)   Other: 0.1ms
[266.734s][info][gc,heap     ] GC(332) Eden regions: 33->0(33)
[266.734s][info][gc,heap     ] GC(332) Survivor regions: 1->1(5)
[266.734s][info][gc,heap     ] GC(332) Old regions: 12->12
[266.734s][info][gc,heap     ] GC(332) Humongous regions: 1->1
[266.734s][info][gc,metaspace] GC(332) Metaspace: 54588K(56000K)->54588K(56000K) NonClass: 47395K(48256K)->47395K(48256K) Class: 7193K(7744K)->7193K(7744K)
[266.734s][info][gc          ] GC(332) Pause Young (Normal) (G1 Evacuation Pause) 178M->46M(228M) 2.473ms
[266.734s][info][gc,cpu      ] GC(332) User=0.01s Sys=0.00s Real=0.00s
[267.027s][info][gc,start    ] GC(333) Pause Young (Normal) (G1 Evacuation Pause)
[267.027s][info][gc,task     ] GC(333) Using 8 workers of 8 for evacuation
[267.028s][info][gc,phases   ] GC(333)   Pre Evacuate Collection Set: 0.1ms
[267.028s][info][gc,phases   ] GC(333)   Merge Heap Roots: 0.1ms
[267.028s][info][gc,phases   ] GC(333)   Evacuate Collection Set: 1.4ms
[267.028s][info][gc,phases   ] GC(333)   Post Evacuate Collection Set: 0.2ms
[267.028s][info][gc,phases   ] GC(333)   Other: 0.0ms
[267.028s][info][gc,heap     ] GC(333) Eden regions: 33->0(33)
[267.028s][info][gc,heap     ] GC(333) Survivor regions: 1->1(5)
[267.028s][info][gc,heap     ] GC(333) Old regions: 12->12
[267.028s][info][gc,heap     ] GC(333) Humongous regions: 1->1
[267.028s][info][gc,metaspace] GC(333) Metaspace: 54588K(56000K)->54588K(56000K) NonClass: 47395K(48256K)->47395K(48256K) Class: 7193K(7744K)->7193K(7744K)
[267.028s][info][gc          ] GC(333) Pause Young (Normal) (G1 Evacuation Pause) 178M->46M(228M) 1.906ms
[267.028s][info][gc,cpu      ] GC(333) User=0.01s Sys=0.00s Real=0.00s
[267.317s][info][gc,start    ] GC(334) Pause Young (Normal) (G1 Evacuation Pause)
[267.317s][info][gc,task     ] GC(334) Using 8 workers of 8 for evacuation
[267.319s][info][gc,phases   ] GC(334)   Pre Evacuate Collection Set: 0.1ms
[267.319s][info][gc,phases   ] GC(334)   Merge Heap Roots: 0.1ms
[267.319s][info][gc,phases   ] GC(334)   Evacuate Collection Set: 1.7ms
[267.319s][info][gc,phases   ] GC(334)   Post Evacuate Collection Set: 0.3ms
[267.319s][info][gc,phases   ] GC(334)   Other: 0.1ms
[267.319s][info][gc,heap     ] GC(334) Eden regions: 33->0(33)
[267.319s][info][gc,heap     ] GC(334) Survivor regions: 1->1(5)
[267.319s][info][gc,heap     ] GC(334) Old regions: 12->12
[267.319s][info][gc,heap     ] GC(334) Humongous regions: 1->1
[267.319s][info][gc,metaspace] GC(334) Metaspace: 54588K(56000K)->54588K(56000K) NonClass: 47395K(48256K)->47395K(48256K) Class: 7193K(7744K)->7193K(7744K)
[267.319s][info][gc          ] GC(334) Pause Young (Normal) (G1 Evacuation Pause) 178M->46M(228M) 2.330ms
[267.319s][info][gc,cpu      ] GC(334) User=0.01s Sys=0.00s Real=0.00s
[267.896s][info][gc,start    ] GC(335) Pause Young (Normal) (G1 Evacuation Pause)
[267.896s][info][gc,task     ] GC(335) Using 8 workers of 8 for evacuation
[267.899s][info][gc,phases   ] GC(335)   Pre Evacuate Collection Set: 0.1ms
[267.899s][info][gc,phases   ] GC(335)   Merge Heap Roots: 0.1ms
[267.899s][info][gc,phases   ] GC(335)   Evacuate Collection Set: 2.3ms
[267.899s][info][gc,phases   ] GC(335)   Post Evacuate Collection Set: 0.3ms
[267.899s][info][gc,phases   ] GC(335)   Other: 0.0ms
[267.899s][info][gc,heap     ] GC(335) Eden regions: 33->0(33)
[267.899s][info][gc,heap     ] GC(335) Survivor regions: 1->1(5)
[267.899s][info][gc,heap     ] GC(335) Old regions: 12->12
[267.899s][info][gc,heap     ] GC(335) Humongous regions: 1->1
[267.899s][info][gc,metaspace] GC(335) Metaspace: 54588K(56000K)->54588K(56000K) NonClass: 47395K(48256K)->47395K(48256K) Class: 7193K(7744K)->7193K(7744K)
[267.899s][info][gc          ] GC(335) Pause Young (Normal) (G1 Evacuation Pause) 178M->46M(228M) 2.917ms
[267.899s][info][gc,cpu      ] GC(335) User=0.01s Sys=0.01s Real=0.00s
[268.537s][info][gc,start    ] GC(336) Pause Young (Normal) (G1 Evacuation Pause)
[268.537s][info][gc,task     ] GC(336) Using 8 workers of 8 for evacuation
[268.539s][info][gc,phases   ] GC(336)   Pre Evacuate Collection Set: 0.1ms
[268.539s][info][gc,phases   ] GC(336)   Merge Heap Roots: 0.1ms
[268.539s][info][gc,phases   ] GC(336)   Evacuate Collection Set: 1.6ms
[268.539s][info][gc,phases   ] GC(336)   Post Evacuate Collection Set: 0.2ms
[268.539s][info][gc,phases   ] GC(336)   Other: 0.1ms
[268.539s][info][gc,heap     ] GC(336) Eden regions: 33->0(33)
[268.539s][info][gc,heap     ] GC(336) Survivor regions: 1->1(5)
[268.539s][info][gc,heap     ] GC(336) Old regions: 12->12
[268.539s][info][gc,heap     ] GC(336) Humongous regions: 1->1
[268.539s][info][gc,metaspace] GC(336) Metaspace: 54588K(56000K)->54588K(56000K) NonClass: 47395K(48256K)->47395K(48256K) Class: 7193K(7744K)->7193K(7744K)
[268.539s][info][gc          ] GC(336) Pause Young (Normal) (G1 Evacuation Pause) 178M->46M(228M) 2.232ms
[268.539s][info][gc,cpu      ] GC(336) User=0.01s Sys=0.01s Real=0.00s
[268.997s][info][gc,start    ] GC(337) Pause Young (Normal) (G1 Evacuation Pause)
[268.997s][info][gc,task     ] GC(337) Using 8 workers of 8 for evacuation
[269.000s][info][gc,phases   ] GC(337)   Pre Evacuate Collection Set: 0.1ms
[269.000s][info][gc,phases   ] GC(337)   Merge Heap Roots: 0.1ms
[269.000s][info][gc,phases   ] GC(337)   Evacuate Collection Set: 2.5ms
[269.000s][info][gc,phases   ] GC(337)   Post Evacuate Collection Set: 0.3ms
[269.000s][info][gc,phases   ] GC(337)   Other: 0.0ms
[269.000s][info][gc,heap     ] GC(337) Eden regions: 33->0(33)
[269.000s][info][gc,heap     ] GC(337) Survivor regions: 1->1(5)
[269.000s][info][gc,heap     ] GC(337) Old regions: 12->12
[269.000s][info][gc,heap     ] GC(337) Humongous regions: 1->1
[269.000s][info][gc,metaspace] GC(337) Metaspace: 54588K(56000K)->54588K(56000K) NonClass: 47395K(48256K)->47395K(48256K) Class: 7193K(7744K)->7193K(7744K)
[269.000s][info][gc          ] GC(337) Pause Young (Normal) (G1 Evacuation Pause) 178M->46M(228M) 3.030ms
[269.000s][info][gc,cpu      ] GC(337) User=0.01s Sys=0.01s Real=0.00s
[269.285s][info][gc,start    ] GC(338) Pause Young (Normal) (G1 Evacuation Pause)
[269.285s][info][gc,task     ] GC(338) Using 8 workers of 8 for evacuation
[269.287s][info][gc,phases   ] GC(338)   Pre Evacuate Collection Set: 0.1ms
[269.287s][info][gc,phases   ] GC(338)   Merge Heap Roots: 0.1ms
[269.287s][info][gc,phases   ] GC(338)   Evacuate Collection Set: 1.6ms
[269.287s][info][gc,phases   ] GC(338)   Post Evacuate Collection Set: 0.3ms
[269.287s][info][gc,phases   ] GC(338)   Other: 0.0ms
[269.287s][info][gc,heap     ] GC(338) Eden regions: 33->0(33)
[269.287s][info][gc,heap     ] GC(338) Survivor regions: 1->1(5)
[269.287s][info][gc,heap     ] GC(338) Old regions: 12->12
[269.287s][info][gc,heap     ] GC(338) Humongous regions: 1->1
[269.287s][info][gc,metaspace] GC(338) Metaspace: 54588K(56000K)->54588K(56000K) NonClass: 47395K(48256K)->47395K(48256K) Class: 7193K(7744K)->7193K(7744K)
[269.287s][info][gc          ] GC(338) Pause Young (Normal) (G1 Evacuation Pause) 178M->46M(228M) 2.193ms
[269.287s][info][gc,cpu      ] GC(338) User=0.01s Sys=0.00s Real=0.00s
[269.656s][info][gc,start    ] GC(339) Pause Young (Normal) (G1 Evacuation Pause)
[269.656s][info][gc,task     ] GC(339) Using 8 workers of 8 for evacuation
[269.659s][info][gc,phases   ] GC(339)   Pre Evacuate Collection Set: 0.1ms
[269.659s][info][gc,phases   ] GC(339)   Merge Heap Roots: 0.1ms
[269.659s][info][gc,phases   ] GC(339)   Evacuate Collection Set: 1.8ms
[269.659s][info][gc,phases   ] GC(339)   Post Evacuate Collection Set: 0.2ms
[269.659s][info][gc,phases   ] GC(339)   Other: 0.0ms
[269.659s][info][gc,heap     ] GC(339) Eden regions: 33->0(33)
[269.659s][info][gc,heap     ] GC(339) Survivor regions: 1->1(5)
[269.659s][info][gc,heap     ] GC(339) Old regions: 12->12
[269.659s][info][gc,heap     ] GC(339) Humongous regions: 1->1
[269.659s][info][gc,metaspace] GC(339) Metaspace: 54588K(56000K)->54588K(56000K) NonClass: 47395K(48256K)->47395K(48256K) Class: 7193K(7744K)->7193K(7744K)
[269.659s][info][gc          ] GC(339) Pause Young (Normal) (G1 Evacuation Pause) 178M->46M(228M) 2.314ms
[269.659s][info][gc,cpu      ] GC(339) User=0.01s Sys=0.00s Real=0.00s
[269.977s][info][gc,start    ] GC(340) Pause Young (Normal) (G1 Evacuation Pause)
[269.977s][info][gc,task     ] GC(340) Using 8 workers of 8 for evacuation
[269.979s][info][gc,phases   ] GC(340)   Pre Evacuate Collection Set: 0.1ms
[269.979s][info][gc,phases   ] GC(340)   Merge Heap Roots: 0.1ms
[269.979s][info][gc,phases   ] GC(340)   Evacuate Collection Set: 1.6ms
[269.979s][info][gc,phases   ] GC(340)   Post Evacuate Collection Set: 0.2ms
[269.979s][info][gc,phases   ] GC(340)   Other: 0.0ms
[269.979s][info][gc,heap     ] GC(340) Eden regions: 33->0(33)
[269.979s][info][gc,heap     ] GC(340) Survivor regions: 1->1(5)
[269.979s][info][gc,heap     ] GC(340) Old regions: 12->12
[269.979s][info][gc,heap     ] GC(340) Humongous regions: 1->1
[269.979s][info][gc,metaspace] GC(340) Metaspace: 54588K(56000K)->54588K(56000K) NonClass: 47395K(48256K)->47395K(48256K) Class: 7193K(7744K)->7193K(7744K)
[269.979s][info][gc          ] GC(340) Pause Young (Normal) (G1 Evacuation Pause) 178M->46M(228M) 2.180ms
[269.979s][info][gc,cpu      ] GC(340) User=0.01s Sys=0.00s Real=0.00s
[270.353s][info][gc,start    ] GC(341) Pause Young (Normal) (G1 Evacuation Pause)
[270.353s][info][gc,task     ] GC(341) Using 8 workers of 8 for evacuation
[270.355s][info][gc,phases   ] GC(341)   Pre Evacuate Collection Set: 0.1ms
[270.355s][info][gc,phases   ] GC(341)   Merge Heap Roots: 0.1ms
[270.355s][info][gc,phases   ] GC(341)   Evacuate Collection Set: 1.6ms
[270.355s][info][gc,phases   ] GC(341)   Post Evacuate Collection Set: 0.3ms
[270.355s][info][gc,phases   ] GC(341)   Other: 0.0ms
[270.355s][info][gc,heap     ] GC(341) Eden regions: 33->0(33)
[270.355s][info][gc,heap     ] GC(341) Survivor regions: 1->1(5)
[270.355s][info][gc,heap     ] GC(341) Old regions: 12->12
[270.355s][info][gc,heap     ] GC(341) Humongous regions: 1->1
[270.355s][info][gc,metaspace] GC(341) Metaspace: 54588K(56000K)->54588K(56000K) NonClass: 47395K(48256K)->47395K(48256K) Class: 7193K(7744K)->7193K(7744K)
[270.355s][info][gc          ] GC(341) Pause Young (Normal) (G1 Evacuation Pause) 178M->46M(228M) 2.288ms
[270.356s][info][gc,cpu      ] GC(341) User=0.01s Sys=0.01s Real=0.00s
[270.679s][info][gc,start    ] GC(342) Pause Young (Normal) (G1 Evacuation Pause)
[270.679s][info][gc,task     ] GC(342) Using 8 workers of 8 for evacuation
[270.681s][info][gc,phases   ] GC(342)   Pre Evacuate Collection Set: 0.1ms
[270.681s][info][gc,phases   ] GC(342)   Merge Heap Roots: 0.1ms
[270.681s][info][gc,phases   ] GC(342)   Evacuate Collection Set: 1.5ms
[270.681s][info][gc,phases   ] GC(342)   Post Evacuate Collection Set: 0.3ms
[270.681s][info][gc,phases   ] GC(342)   Other: 0.1ms
[270.681s][info][gc,heap     ] GC(342) Eden regions: 33->0(33)
[270.681s][info][gc,heap     ] GC(342) Survivor regions: 1->1(5)
[270.681s][info][gc,heap     ] GC(342) Old regions: 12->12
[270.681s][info][gc,heap     ] GC(342) Humongous regions: 1->1
[270.681s][info][gc,metaspace] GC(342) Metaspace: 54588K(56000K)->54588K(56000K) NonClass: 47395K(48256K)->47395K(48256K) Class: 7193K(7744K)->7193K(7744K)
[270.681s][info][gc          ] GC(342) Pause Young (Normal) (G1 Evacuation Pause) 178M->46M(228M) 2.226ms
[270.681s][info][gc,cpu      ] GC(342) User=0.01s Sys=0.00s Real=0.00s
[271.033s][info][gc,start    ] GC(343) Pause Young (Normal) (G1 Evacuation Pause)
[271.033s][info][gc,task     ] GC(343) Using 8 workers of 8 for evacuation
[271.035s][info][gc,phases   ] GC(343)   Pre Evacuate Collection Set: 0.1ms
[271.035s][info][gc,phases   ] GC(343)   Merge Heap Roots: 0.1ms
[271.035s][info][gc,phases   ] GC(343)   Evacuate Collection Set: 1.8ms
[271.035s][info][gc,phases   ] GC(343)   Post Evacuate Collection Set: 0.3ms
[271.035s][info][gc,phases   ] GC(343)   Other: 0.0ms
[271.035s][info][gc,heap     ] GC(343) Eden regions: 33->0(33)
[271.035s][info][gc,heap     ] GC(343) Survivor regions: 1->1(5)
[271.035s][info][gc,heap     ] GC(343) Old regions: 12->12
[271.035s][info][gc,heap     ] GC(343) Humongous regions: 1->1
[271.035s][info][gc,metaspace] GC(343) Metaspace: 54588K(56000K)->54588K(56000K) NonClass: 47395K(48256K)->47395K(48256K) Class: 7193K(7744K)->7193K(7744K)
[271.035s][info][gc          ] GC(343) Pause Young (Normal) (G1 Evacuation Pause) 178M->46M(228M) 2.534ms
[271.035s][info][gc,cpu      ] GC(343) User=0.01s Sys=0.00s Real=0.00s
[271.489s][info][gc,start    ] GC(344) Pause Young (Normal) (G1 Evacuation Pause)
[271.489s][info][gc,task     ] GC(344) Using 8 workers of 8 for evacuation
[271.493s][info][gc,phases   ] GC(344)   Pre Evacuate Collection Set: 0.1ms
[271.493s][info][gc,phases   ] GC(344)   Merge Heap Roots: 0.1ms
[271.493s][info][gc,phases   ] GC(344)   Evacuate Collection Set: 2.6ms
[271.493s][info][gc,phases   ] GC(344)   Post Evacuate Collection Set: 0.3ms
[271.493s][info][gc,phases   ] GC(344)   Other: 0.0ms
[271.493s][info][gc,heap     ] GC(344) Eden regions: 33->0(33)
[271.493s][info][gc,heap     ] GC(344) Survivor regions: 1->1(5)
[271.493s][info][gc,heap     ] GC(344) Old regions: 12->12
[271.493s][info][gc,heap     ] GC(344) Humongous regions: 1->1
[271.493s][info][gc,metaspace] GC(344) Metaspace: 54588K(56000K)->54588K(56000K) NonClass: 47395K(48256K)->47395K(48256K) Class: 7193K(7744K)->7193K(7744K)
[271.493s][info][gc          ] GC(344) Pause Young (Normal) (G1 Evacuation Pause) 178M->46M(228M) 3.383ms
[271.493s][info][gc,cpu      ] GC(344) User=0.01s Sys=0.00s Real=0.01s
[271.809s][info][gc,start    ] GC(345) Pause Young (Normal) (G1 Evacuation Pause)
[271.809s][info][gc,task     ] GC(345) Using 8 workers of 8 for evacuation
[271.812s][info][gc,phases   ] GC(345)   Pre Evacuate Collection Set: 0.1ms
[271.812s][info][gc,phases   ] GC(345)   Merge Heap Roots: 0.1ms
[271.812s][info][gc,phases   ] GC(345)   Evacuate Collection Set: 1.8ms
[271.812s][info][gc,phases   ] GC(345)   Post Evacuate Collection Set: 0.3ms
[271.812s][info][gc,phases   ] GC(345)   Other: 0.1ms
[271.812s][info][gc,heap     ] GC(345) Eden regions: 33->0(33)
[271.812s][info][gc,heap     ] GC(345) Survivor regions: 1->1(5)
[271.812s][info][gc,heap     ] GC(345) Old regions: 12->12
[271.812s][info][gc,heap     ] GC(345) Humongous regions: 1->1
[271.812s][info][gc,metaspace] GC(345) Metaspace: 54588K(56000K)->54588K(56000K) NonClass: 47395K(48256K)->47395K(48256K) Class: 7193K(7744K)->7193K(7744K)
[271.812s][info][gc          ] GC(345) Pause Young (Normal) (G1 Evacuation Pause) 178M->46M(228M) 2.501ms
[271.812s][info][gc,cpu      ] GC(345) User=0.01s Sys=0.00s Real=0.01s
[272.211s][info][gc,start    ] GC(346) Pause Young (Normal) (G1 Evacuation Pause)
[272.211s][info][gc,task     ] GC(346) Using 8 workers of 8 for evacuation
[272.213s][info][gc,phases   ] GC(346)   Pre Evacuate Collection Set: 0.1ms
[272.213s][info][gc,phases   ] GC(346)   Merge Heap Roots: 0.1ms
[272.213s][info][gc,phases   ] GC(346)   Evacuate Collection Set: 1.6ms
[272.213s][info][gc,phases   ] GC(346)   Post Evacuate Collection Set: 0.3ms
[272.213s][info][gc,phases   ] GC(346)   Other: 0.0ms
[272.213s][info][gc,heap     ] GC(346) Eden regions: 33->0(33)
[272.213s][info][gc,heap     ] GC(346) Survivor regions: 1->1(5)
[272.213s][info][gc,heap     ] GC(346) Old regions: 12->12
[272.213s][info][gc,heap     ] GC(346) Humongous regions: 1->1
[272.213s][info][gc,metaspace] GC(346) Metaspace: 54588K(56000K)->54588K(56000K) NonClass: 47395K(48256K)->47395K(48256K) Class: 7193K(7744K)->7193K(7744K)
[272.213s][info][gc          ] GC(346) Pause Young (Normal) (G1 Evacuation Pause) 178M->46M(228M) 2.269ms
[272.213s][info][gc,cpu      ] GC(346) User=0.01s Sys=0.00s Real=0.01s
[272.527s][info][gc,start    ] GC(347) Pause Young (Normal) (G1 Evacuation Pause)
[272.527s][info][gc,task     ] GC(347) Using 8 workers of 8 for evacuation
[272.529s][info][gc,phases   ] GC(347)   Pre Evacuate Collection Set: 0.1ms
[272.529s][info][gc,phases   ] GC(347)   Merge Heap Roots: 0.1ms
[272.529s][info][gc,phases   ] GC(347)   Evacuate Collection Set: 1.7ms
[272.529s][info][gc,phases   ] GC(347)   Post Evacuate Collection Set: 0.3ms
[272.529s][info][gc,phases   ] GC(347)   Other: 0.0ms
[272.529s][info][gc,heap     ] GC(347) Eden regions: 33->0(33)
[272.529s][info][gc,heap     ] GC(347) Survivor regions: 1->1(5)
[272.529s][info][gc,heap     ] GC(347) Old regions: 12->12
[272.529s][info][gc,heap     ] GC(347) Humongous regions: 1->1
[272.529s][info][gc,metaspace] GC(347) Metaspace: 54588K(56000K)->54588K(56000K) NonClass: 47395K(48256K)->47395K(48256K) Class: 7193K(7744K)->7193K(7744K)
[272.529s][info][gc          ] GC(347) Pause Young (Normal) (G1 Evacuation Pause) 178M->47M(228M) 2.399ms
[272.529s][info][gc,cpu      ] GC(347) User=0.01s Sys=0.00s Real=0.00s
[276.401s][info][gc,start    ] GC(348) Pause Young (Normal) (G1 Evacuation Pause)
[276.402s][info][gc,task     ] GC(348) Using 8 workers of 8 for evacuation
[276.404s][info][gc,phases   ] GC(348)   Pre Evacuate Collection Set: 0.1ms
[276.404s][info][gc,phases   ] GC(348)   Merge Heap Roots: 0.1ms
[276.404s][info][gc,phases   ] GC(348)   Evacuate Collection Set: 1.6ms
[276.404s][info][gc,phases   ] GC(348)   Post Evacuate Collection Set: 0.3ms
[276.404s][info][gc,phases   ] GC(348)   Other: 0.1ms
[276.404s][info][gc,heap     ] GC(348) Eden regions: 33->0(33)
[276.404s][info][gc,heap     ] GC(348) Survivor regions: 1->1(5)
[276.404s][info][gc,heap     ] GC(348) Old regions: 12->12
[276.404s][info][gc,heap     ] GC(348) Humongous regions: 1->1
[276.404s][info][gc,metaspace] GC(348) Metaspace: 54588K(56000K)->54588K(56000K) NonClass: 47395K(48256K)->47395K(48256K) Class: 7193K(7744K)->7193K(7744K)
[276.404s][info][gc          ] GC(348) Pause Young (Normal) (G1 Evacuation Pause) 179M->47M(228M) 2.461ms
[276.404s][info][gc,cpu      ] GC(348) User=0.01s Sys=0.00s Real=0.00s
[276.678s][info][gc,start    ] GC(349) Pause Young (Normal) (G1 Evacuation Pause)
[276.678s][info][gc,task     ] GC(349) Using 8 workers of 8 for evacuation
[276.680s][info][gc,phases   ] GC(349)   Pre Evacuate Collection Set: 0.1ms
[276.680s][info][gc,phases   ] GC(349)   Merge Heap Roots: 0.1ms
[276.680s][info][gc,phases   ] GC(349)   Evacuate Collection Set: 1.6ms
[276.680s][info][gc,phases   ] GC(349)   Post Evacuate Collection Set: 0.3ms
[276.680s][info][gc,phases   ] GC(349)   Other: 0.0ms
[276.680s][info][gc,heap     ] GC(349) Eden regions: 33->0(33)
[276.680s][info][gc,heap     ] GC(349) Survivor regions: 1->1(5)
[276.680s][info][gc,heap     ] GC(349) Old regions: 12->12
[276.680s][info][gc,heap     ] GC(349) Humongous regions: 1->1
[276.680s][info][gc,metaspace] GC(349) Metaspace: 54588K(56000K)->54588K(56000K) NonClass: 47395K(48256K)->47395K(48256K) Class: 7193K(7744K)->7193K(7744K)
[276.680s][info][gc          ] GC(349) Pause Young (Normal) (G1 Evacuation Pause) 179M->47M(228M) 2.324ms
[276.680s][info][gc,cpu      ] GC(349) User=0.01s Sys=0.00s Real=0.00s
[276.913s][info][gc,start    ] GC(350) Pause Young (Normal) (G1 Evacuation Pause)
[276.913s][info][gc,task     ] GC(350) Using 8 workers of 8 for evacuation
[276.915s][info][gc,phases   ] GC(350)   Pre Evacuate Collection Set: 0.1ms
[276.915s][info][gc,phases   ] GC(350)   Merge Heap Roots: 0.1ms
[276.915s][info][gc,phases   ] GC(350)   Evacuate Collection Set: 1.7ms
[276.915s][info][gc,phases   ] GC(350)   Post Evacuate Collection Set: 0.3ms
[276.915s][info][gc,phases   ] GC(350)   Other: 0.0ms
[276.915s][info][gc,heap     ] GC(350) Eden regions: 33->0(33)
[276.915s][info][gc,heap     ] GC(350) Survivor regions: 1->1(5)
[276.915s][info][gc,heap     ] GC(350) Old regions: 12->12
[276.915s][info][gc,heap     ] GC(350) Humongous regions: 1->1
[276.915s][info][gc,metaspace] GC(350) Metaspace: 54588K(56000K)->54588K(56000K) NonClass: 47395K(48256K)->47395K(48256K) Class: 7193K(7744K)->7193K(7744K)
[276.915s][info][gc          ] GC(350) Pause Young (Normal) (G1 Evacuation Pause) 179M->47M(228M) 2.297ms
[276.915s][info][gc,cpu      ] GC(350) User=0.01s Sys=0.01s Real=0.00s
[277.171s][info][gc,start    ] GC(351) Pause Young (Normal) (G1 Evacuation Pause)
[277.171s][info][gc,task     ] GC(351) Using 8 workers of 8 for evacuation
[277.173s][info][gc,phases   ] GC(351)   Pre Evacuate Collection Set: 0.1ms
[277.173s][info][gc,phases   ] GC(351)   Merge Heap Roots: 0.1ms
[277.173s][info][gc,phases   ] GC(351)   Evacuate Collection Set: 1.8ms
[277.173s][info][gc,phases   ] GC(351)   Post Evacuate Collection Set: 0.3ms
[277.173s][info][gc,phases   ] GC(351)   Other: 0.0ms
[277.174s][info][gc,heap     ] GC(351) Eden regions: 33->0(33)
[277.174s][info][gc,heap     ] GC(351) Survivor regions: 1->1(5)
[277.174s][info][gc,heap     ] GC(351) Old regions: 12->12
[277.174s][info][gc,heap     ] GC(351) Humongous regions: 1->1
[277.174s][info][gc,metaspace] GC(351) Metaspace: 54588K(56000K)->54588K(56000K) NonClass: 47395K(48256K)->47395K(48256K) Class: 7193K(7744K)->7193K(7744K)
[277.174s][info][gc          ] GC(351) Pause Young (Normal) (G1 Evacuation Pause) 179M->47M(228M) 2.557ms
[277.174s][info][gc,cpu      ] GC(351) User=0.01s Sys=0.00s Real=0.01s
[277.433s][info][gc,start    ] GC(352) Pause Young (Normal) (G1 Evacuation Pause)
[277.433s][info][gc,task     ] GC(352) Using 8 workers of 8 for evacuation
[277.435s][info][gc,phases   ] GC(352)   Pre Evacuate Collection Set: 0.1ms
[277.435s][info][gc,phases   ] GC(352)   Merge Heap Roots: 0.1ms
[277.435s][info][gc,phases   ] GC(352)   Evacuate Collection Set: 1.8ms
[277.435s][info][gc,phases   ] GC(352)   Post Evacuate Collection Set: 0.2ms
[277.435s][info][gc,phases   ] GC(352)   Other: 0.1ms
[277.435s][info][gc,heap     ] GC(352) Eden regions: 33->0(33)
[277.435s][info][gc,heap     ] GC(352) Survivor regions: 1->1(5)
[277.435s][info][gc,heap     ] GC(352) Old regions: 12->12
[277.435s][info][gc,heap     ] GC(352) Humongous regions: 1->1
[277.435s][info][gc,metaspace] GC(352) Metaspace: 54588K(56000K)->54588K(56000K) NonClass: 47395K(48256K)->47395K(48256K) Class: 7193K(7744K)->7193K(7744K)
[277.435s][info][gc          ] GC(352) Pause Young (Normal) (G1 Evacuation Pause) 179M->47M(228M) 2.372ms
[277.435s][info][gc,cpu      ] GC(352) User=0.01s Sys=0.00s Real=0.00s
[277.787s][info][gc,start    ] GC(353) Pause Young (Normal) (G1 Evacuation Pause)
[277.787s][info][gc,task     ] GC(353) Using 8 workers of 8 for evacuation
[277.789s][info][gc,phases   ] GC(353)   Pre Evacuate Collection Set: 0.1ms
[277.789s][info][gc,phases   ] GC(353)   Merge Heap Roots: 0.1ms
[277.789s][info][gc,phases   ] GC(353)   Evacuate Collection Set: 1.5ms
[277.789s][info][gc,phases   ] GC(353)   Post Evacuate Collection Set: 0.3ms
[277.789s][info][gc,phases   ] GC(353)   Other: 0.0ms
[277.789s][info][gc,heap     ] GC(353) Eden regions: 33->0(33)
[277.789s][info][gc,heap     ] GC(353) Survivor regions: 1->1(5)
[277.789s][info][gc,heap     ] GC(353) Old regions: 12->12
[277.789s][info][gc,heap     ] GC(353) Humongous regions: 1->1
[277.789s][info][gc,metaspace] GC(353) Metaspace: 54588K(56000K)->54588K(56000K) NonClass: 47395K(48256K)->47395K(48256K) Class: 7193K(7744K)->7193K(7744K)
[277.789s][info][gc          ] GC(353) Pause Young (Normal) (G1 Evacuation Pause) 179M->47M(228M) 2.100ms
[277.789s][info][gc,cpu      ] GC(353) User=0.01s Sys=0.00s Real=0.00s
[278.262s][info][gc,start    ] GC(354) Pause Young (Normal) (G1 Evacuation Pause)
[278.262s][info][gc,task     ] GC(354) Using 8 workers of 8 for evacuation
[278.264s][info][gc,phases   ] GC(354)   Pre Evacuate Collection Set: 0.1ms
[278.264s][info][gc,phases   ] GC(354)   Merge Heap Roots: 0.1ms
[278.264s][info][gc,phases   ] GC(354)   Evacuate Collection Set: 1.8ms
[278.264s][info][gc,phases   ] GC(354)   Post Evacuate Collection Set: 0.3ms
[278.264s][info][gc,phases   ] GC(354)   Other: 0.0ms
[278.264s][info][gc,heap     ] GC(354) Eden regions: 33->0(33)
[278.264s][info][gc,heap     ] GC(354) Survivor regions: 1->1(5)
[278.264s][info][gc,heap     ] GC(354) Old regions: 12->12
[278.264s][info][gc,heap     ] GC(354) Humongous regions: 1->1
[278.264s][info][gc,metaspace] GC(354) Metaspace: 54588K(56000K)->54588K(56000K) NonClass: 47395K(48256K)->47395K(48256K) Class: 7193K(7744K)->7193K(7744K)
[278.264s][info][gc          ] GC(354) Pause Young (Normal) (G1 Evacuation Pause) 179M->47M(228M) 2.405ms
[278.264s][info][gc,cpu      ] GC(354) User=0.01s Sys=0.01s Real=0.00s
[278.734s][info][gc,start    ] GC(355) Pause Young (Normal) (G1 Evacuation Pause)
[278.734s][info][gc,task     ] GC(355) Using 8 workers of 8 for evacuation
[278.737s][info][gc,phases   ] GC(355)   Pre Evacuate Collection Set: 0.1ms
[278.737s][info][gc,phases   ] GC(355)   Merge Heap Roots: 0.1ms
[278.737s][info][gc,phases   ] GC(355)   Evacuate Collection Set: 2.0ms
[278.737s][info][gc,phases   ] GC(355)   Post Evacuate Collection Set: 0.3ms
[278.737s][info][gc,phases   ] GC(355)   Other: 0.0ms
[278.737s][info][gc,heap     ] GC(355) Eden regions: 33->0(33)
[278.737s][info][gc,heap     ] GC(355) Survivor regions: 1->1(5)
[278.737s][info][gc,heap     ] GC(355) Old regions: 12->12
[278.737s][info][gc,heap     ] GC(355) Humongous regions: 1->1
[278.737s][info][gc,metaspace] GC(355) Metaspace: 54588K(56000K)->54588K(56000K) NonClass: 47395K(48256K)->47395K(48256K) Class: 7193K(7744K)->7193K(7744K)
[278.737s][info][gc          ] GC(355) Pause Young (Normal) (G1 Evacuation Pause) 179M->47M(228M) 2.566ms
[278.737s][info][gc,cpu      ] GC(355) User=0.01s Sys=0.00s Real=0.00s
[279.090s][info][gc,start    ] GC(356) Pause Young (Normal) (G1 Evacuation Pause)
[279.090s][info][gc,task     ] GC(356) Using 8 workers of 8 for evacuation
[279.092s][info][gc,phases   ] GC(356)   Pre Evacuate Collection Set: 0.1ms
[279.092s][info][gc,phases   ] GC(356)   Merge Heap Roots: 0.1ms
[279.092s][info][gc,phases   ] GC(356)   Evacuate Collection Set: 1.7ms
[279.092s][info][gc,phases   ] GC(356)   Post Evacuate Collection Set: 0.3ms
[279.092s][info][gc,phases   ] GC(356)   Other: 0.0ms
[279.092s][info][gc,heap     ] GC(356) Eden regions: 33->0(33)
[279.092s][info][gc,heap     ] GC(356) Survivor regions: 1->1(5)
[279.092s][info][gc,heap     ] GC(356) Old regions: 12->12
[279.092s][info][gc,heap     ] GC(356) Humongous regions: 1->1
[279.092s][info][gc,metaspace] GC(356) Metaspace: 54588K(56000K)->54588K(56000K) NonClass: 47395K(48256K)->47395K(48256K) Class: 7193K(7744K)->7193K(7744K)
[279.092s][info][gc          ] GC(356) Pause Young (Normal) (G1 Evacuation Pause) 179M->47M(228M) 2.371ms
[279.092s][info][gc,cpu      ] GC(356) User=0.01s Sys=0.00s Real=0.01s
[279.528s][info][gc,start    ] GC(357) Pause Young (Normal) (G1 Evacuation Pause)
[279.528s][info][gc,task     ] GC(357) Using 8 workers of 8 for evacuation
[279.531s][info][gc,phases   ] GC(357)   Pre Evacuate Collection Set: 0.1ms
[279.531s][info][gc,phases   ] GC(357)   Merge Heap Roots: 0.1ms
[279.531s][info][gc,phases   ] GC(357)   Evacuate Collection Set: 2.0ms
[279.531s][info][gc,phases   ] GC(357)   Post Evacuate Collection Set: 0.3ms
[279.531s][info][gc,phases   ] GC(357)   Other: 0.0ms
[279.531s][info][gc,heap     ] GC(357) Eden regions: 33->0(33)
[279.531s][info][gc,heap     ] GC(357) Survivor regions: 1->1(5)
[279.531s][info][gc,heap     ] GC(357) Old regions: 12->12
[279.531s][info][gc,heap     ] GC(357) Humongous regions: 1->1
[279.531s][info][gc,metaspace] GC(357) Metaspace: 54588K(56000K)->54588K(56000K) NonClass: 47395K(48256K)->47395K(48256K) Class: 7193K(7744K)->7193K(7744K)
[279.531s][info][gc          ] GC(357) Pause Young (Normal) (G1 Evacuation Pause) 179M->47M(228M) 2.687ms
[279.531s][info][gc,cpu      ] GC(357) User=0.01s Sys=0.00s Real=0.00s
[279.890s][info][gc,start    ] GC(358) Pause Young (Normal) (G1 Evacuation Pause)
[279.890s][info][gc,task     ] GC(358) Using 8 workers of 8 for evacuation
[279.892s][info][gc,phases   ] GC(358)   Pre Evacuate Collection Set: 0.1ms
[279.892s][info][gc,phases   ] GC(358)   Merge Heap Roots: 0.1ms
[279.892s][info][gc,phases   ] GC(358)   Evacuate Collection Set: 1.7ms
[279.892s][info][gc,phases   ] GC(358)   Post Evacuate Collection Set: 0.3ms
[279.892s][info][gc,phases   ] GC(358)   Other: 0.1ms
[279.892s][info][gc,heap     ] GC(358) Eden regions: 33->0(33)
[279.892s][info][gc,heap     ] GC(358) Survivor regions: 1->1(5)
[279.892s][info][gc,heap     ] GC(358) Old regions: 12->12
[279.892s][info][gc,heap     ] GC(358) Humongous regions: 1->1
[279.892s][info][gc,metaspace] GC(358) Metaspace: 54588K(56000K)->54588K(56000K) NonClass: 47395K(48256K)->47395K(48256K) Class: 7193K(7744K)->7193K(7744K)
[279.892s][info][gc          ] GC(358) Pause Young (Normal) (G1 Evacuation Pause) 179M->47M(228M) 2.394ms
[279.892s][info][gc,cpu      ] GC(358) User=0.01s Sys=0.00s Real=0.01s
[280.297s][info][gc,start    ] GC(359) Pause Young (Normal) (G1 Evacuation Pause)
[280.297s][info][gc,task     ] GC(359) Using 8 workers of 8 for evacuation
[280.300s][info][gc,phases   ] GC(359)   Pre Evacuate Collection Set: 0.1ms
[280.300s][info][gc,phases   ] GC(359)   Merge Heap Roots: 0.1ms
[280.300s][info][gc,phases   ] GC(359)   Evacuate Collection Set: 1.6ms
[280.300s][info][gc,phases   ] GC(359)   Post Evacuate Collection Set: 0.4ms
[280.300s][info][gc,phases   ] GC(359)   Other: 0.3ms
[280.300s][info][gc,heap     ] GC(359) Eden regions: 33->0(33)
[280.300s][info][gc,heap     ] GC(359) Survivor regions: 1->1(5)
[280.300s][info][gc,heap     ] GC(359) Old regions: 12->12
[280.300s][info][gc,heap     ] GC(359) Humongous regions: 1->1
[280.300s][info][gc,metaspace] GC(359) Metaspace: 54588K(56000K)->54588K(56000K) NonClass: 47395K(48256K)->47395K(48256K) Class: 7193K(7744K)->7193K(7744K)
[280.300s][info][gc          ] GC(359) Pause Young (Normal) (G1 Evacuation Pause) 179M->47M(228M) 2.628ms
[280.300s][info][gc,cpu      ] GC(359) User=0.01s Sys=0.00s Real=0.00s
[280.755s][info][gc,start    ] GC(360) Pause Young (Normal) (G1 Evacuation Pause)
[280.755s][info][gc,task     ] GC(360) Using 8 workers of 8 for evacuation
[280.758s][info][gc,phases   ] GC(360)   Pre Evacuate Collection Set: 0.1ms
[280.758s][info][gc,phases   ] GC(360)   Merge Heap Roots: 0.1ms
[280.758s][info][gc,phases   ] GC(360)   Evacuate Collection Set: 1.9ms
[280.758s][info][gc,phases   ] GC(360)   Post Evacuate Collection Set: 0.3ms
[280.758s][info][gc,phases   ] GC(360)   Other: 0.0ms
[280.758s][info][gc,heap     ] GC(360) Eden regions: 33->0(33)
[280.758s][info][gc,heap     ] GC(360) Survivor regions: 1->1(5)
[280.758s][info][gc,heap     ] GC(360) Old regions: 12->12
[280.758s][info][gc,heap     ] GC(360) Humongous regions: 1->1
[280.758s][info][gc,metaspace] GC(360) Metaspace: 54588K(56000K)->54588K(56000K) NonClass: 47395K(48256K)->47395K(48256K) Class: 7193K(7744K)->7193K(7744K)
[280.758s][info][gc          ] GC(360) Pause Young (Normal) (G1 Evacuation Pause) 179M->47M(228M) 2.663ms
[280.758s][info][gc,cpu      ] GC(360) User=0.01s Sys=0.00s Real=0.00s
[285.270s][info][gc,start    ] GC(361) Pause Young (Normal) (G1 Evacuation Pause)
[285.270s][info][gc,task     ] GC(361) Using 8 workers of 8 for evacuation
[285.272s][info][gc,phases   ] GC(361)   Pre Evacuate Collection Set: 0.1ms
[285.272s][info][gc,phases   ] GC(361)   Merge Heap Roots: 0.1ms
[285.272s][info][gc,phases   ] GC(361)   Evacuate Collection Set: 1.6ms
[285.272s][info][gc,phases   ] GC(361)   Post Evacuate Collection Set: 0.3ms
[285.272s][info][gc,phases   ] GC(361)   Other: 0.1ms
[285.272s][info][gc,heap     ] GC(361) Eden regions: 33->0(33)
[285.272s][info][gc,heap     ] GC(361) Survivor regions: 1->1(5)
[285.272s][info][gc,heap     ] GC(361) Old regions: 12->12
[285.272s][info][gc,heap     ] GC(361) Humongous regions: 1->1
[285.272s][info][gc,metaspace] GC(361) Metaspace: 54588K(56000K)->54588K(56000K) NonClass: 47395K(48256K)->47395K(48256K) Class: 7193K(7744K)->7193K(7744K)
[285.272s][info][gc          ] GC(361) Pause Young (Normal) (G1 Evacuation Pause) 179M->48M(228M) 2.640ms
[285.272s][info][gc,cpu      ] GC(361) User=0.01s Sys=0.00s Real=0.01s
[285.609s][info][gc,start    ] GC(362) Pause Young (Normal) (G1 Evacuation Pause)
[285.609s][info][gc,task     ] GC(362) Using 8 workers of 8 for evacuation
[285.611s][info][gc,phases   ] GC(362)   Pre Evacuate Collection Set: 0.1ms
[285.611s][info][gc,phases   ] GC(362)   Merge Heap Roots: 0.1ms
[285.611s][info][gc,phases   ] GC(362)   Evacuate Collection Set: 1.7ms
[285.611s][info][gc,phases   ] GC(362)   Post Evacuate Collection Set: 0.3ms
[285.611s][info][gc,phases   ] GC(362)   Other: 0.0ms
[285.611s][info][gc,heap     ] GC(362) Eden regions: 33->0(33)
[285.611s][info][gc,heap     ] GC(362) Survivor regions: 1->1(5)
[285.611s][info][gc,heap     ] GC(362) Old regions: 12->12
[285.611s][info][gc,heap     ] GC(362) Humongous regions: 1->1
[285.611s][info][gc,metaspace] GC(362) Metaspace: 54588K(56000K)->54588K(56000K) NonClass: 47395K(48256K)->47395K(48256K) Class: 7193K(7744K)->7193K(7744K)
[285.611s][info][gc          ] GC(362) Pause Young (Normal) (G1 Evacuation Pause) 180M->48M(228M) 2.390ms
[285.611s][info][gc,cpu      ] GC(362) User=0.01s Sys=0.00s Real=0.00s
[285.903s][info][gc,start    ] GC(363) Pause Young (Normal) (G1 Evacuation Pause)
[285.903s][info][gc,task     ] GC(363) Using 8 workers of 8 for evacuation
[285.905s][info][gc,phases   ] GC(363)   Pre Evacuate Collection Set: 0.1ms
[285.905s][info][gc,phases   ] GC(363)   Merge Heap Roots: 0.1ms
[285.905s][info][gc,phases   ] GC(363)   Evacuate Collection Set: 1.6ms
[285.905s][info][gc,phases   ] GC(363)   Post Evacuate Collection Set: 0.2ms
[285.905s][info][gc,phases   ] GC(363)   Other: 0.0ms
[285.905s][info][gc,heap     ] GC(363) Eden regions: 33->0(33)
[285.905s][info][gc,heap     ] GC(363) Survivor regions: 1->1(5)
[285.905s][info][gc,heap     ] GC(363) Old regions: 12->12
[285.905s][info][gc,heap     ] GC(363) Humongous regions: 1->1
[285.905s][info][gc,metaspace] GC(363) Metaspace: 54588K(56000K)->54588K(56000K) NonClass: 47395K(48256K)->47395K(48256K) Class: 7193K(7744K)->7193K(7744K)
[285.906s][info][gc          ] GC(363) Pause Young (Normal) (G1 Evacuation Pause) 180M->48M(228M) 2.166ms
[285.906s][info][gc,cpu      ] GC(363) User=0.01s Sys=0.00s Real=0.00s
[286.279s][info][gc,start    ] GC(364) Pause Young (Normal) (G1 Evacuation Pause)
[286.279s][info][gc,task     ] GC(364) Using 8 workers of 8 for evacuation
[286.281s][info][gc,phases   ] GC(364)   Pre Evacuate Collection Set: 0.1ms
[286.281s][info][gc,phases   ] GC(364)   Merge Heap Roots: 0.1ms
[286.281s][info][gc,phases   ] GC(364)   Evacuate Collection Set: 1.6ms
[286.281s][info][gc,phases   ] GC(364)   Post Evacuate Collection Set: 0.3ms
[286.281s][info][gc,phases   ] GC(364)   Other: 0.0ms
[286.281s][info][gc,heap     ] GC(364) Eden regions: 33->0(33)
[286.282s][info][gc,heap     ] GC(364) Survivor regions: 1->1(5)
[286.282s][info][gc,heap     ] GC(364) Old regions: 12->12
[286.282s][info][gc,heap     ] GC(364) Humongous regions: 1->1
[286.282s][info][gc,metaspace] GC(364) Metaspace: 54588K(56000K)->54588K(56000K) NonClass: 47395K(48256K)->47395K(48256K) Class: 7193K(7744K)->7193K(7744K)
[286.282s][info][gc          ] GC(364) Pause Young (Normal) (G1 Evacuation Pause) 180M->48M(228M) 2.280ms
[286.282s][info][gc,cpu      ] GC(364) User=0.01s Sys=0.00s Real=0.01s
[286.735s][info][gc,start    ] GC(365) Pause Young (Normal) (G1 Evacuation Pause)
[286.735s][info][gc,task     ] GC(365) Using 8 workers of 8 for evacuation
[286.737s][info][gc,phases   ] GC(365)   Pre Evacuate Collection Set: 0.1ms
[286.737s][info][gc,phases   ] GC(365)   Merge Heap Roots: 0.1ms
[286.737s][info][gc,phases   ] GC(365)   Evacuate Collection Set: 1.6ms
[286.737s][info][gc,phases   ] GC(365)   Post Evacuate Collection Set: 0.3ms
[286.737s][info][gc,phases   ] GC(365)   Other: 0.0ms
[286.737s][info][gc,heap     ] GC(365) Eden regions: 33->0(33)
[286.737s][info][gc,heap     ] GC(365) Survivor regions: 1->1(5)
[286.737s][info][gc,heap     ] GC(365) Old regions: 12->12
[286.737s][info][gc,heap     ] GC(365) Humongous regions: 1->1
[286.737s][info][gc,metaspace] GC(365) Metaspace: 54588K(56000K)->54588K(56000K) NonClass: 47395K(48256K)->47395K(48256K) Class: 7193K(7744K)->7193K(7744K)
[286.737s][info][gc          ] GC(365) Pause Young (Normal) (G1 Evacuation Pause) 180M->48M(228M) 2.243ms
[286.737s][info][gc,cpu      ] GC(365) User=0.01s Sys=0.00s Real=0.00s
[287.218s][info][gc,start    ] GC(366) Pause Young (Normal) (G1 Evacuation Pause)
[287.218s][info][gc,task     ] GC(366) Using 8 workers of 8 for evacuation
[287.220s][info][gc,phases   ] GC(366)   Pre Evacuate Collection Set: 0.1ms
[287.220s][info][gc,phases   ] GC(366)   Merge Heap Roots: 0.1ms
[287.220s][info][gc,phases   ] GC(366)   Evacuate Collection Set: 1.6ms
[287.220s][info][gc,phases   ] GC(366)   Post Evacuate Collection Set: 0.3ms
[287.220s][info][gc,phases   ] GC(366)   Other: 0.0ms
[287.220s][info][gc,heap     ] GC(366) Eden regions: 33->0(33)
[287.220s][info][gc,heap     ] GC(366) Survivor regions: 1->1(5)
[287.220s][info][gc,heap     ] GC(366) Old regions: 12->12
[287.220s][info][gc,heap     ] GC(366) Humongous regions: 1->1
[287.220s][info][gc,metaspace] GC(366) Metaspace: 54588K(56000K)->54588K(56000K) NonClass: 47395K(48256K)->47395K(48256K) Class: 7193K(7744K)->7193K(7744K)
[287.220s][info][gc          ] GC(366) Pause Young (Normal) (G1 Evacuation Pause) 180M->48M(228M) 2.261ms
[287.220s][info][gc,cpu      ] GC(366) User=0.00s Sys=0.01s Real=0.00s
[287.539s][info][gc,start    ] GC(367) Pause Young (Normal) (G1 Evacuation Pause)
[287.539s][info][gc,task     ] GC(367) Using 8 workers of 8 for evacuation
[287.542s][info][gc,phases   ] GC(367)   Pre Evacuate Collection Set: 0.1ms
[287.542s][info][gc,phases   ] GC(367)   Merge Heap Roots: 0.1ms
[287.542s][info][gc,phases   ] GC(367)   Evacuate Collection Set: 2.1ms
[287.542s][info][gc,phases   ] GC(367)   Post Evacuate Collection Set: 0.3ms
[287.542s][info][gc,phases   ] GC(367)   Other: 0.1ms
[287.542s][info][gc,heap     ] GC(367) Eden regions: 33->0(33)
[287.542s][info][gc,heap     ] GC(367) Survivor regions: 1->1(5)
[287.542s][info][gc,heap     ] GC(367) Old regions: 12->12
[287.542s][info][gc,heap     ] GC(367) Humongous regions: 1->1
[287.542s][info][gc,metaspace] GC(367) Metaspace: 54588K(56000K)->54588K(56000K) NonClass: 47395K(48256K)->47395K(48256K) Class: 7193K(7744K)->7193K(7744K)
[287.542s][info][gc          ] GC(367) Pause Young (Normal) (G1 Evacuation Pause) 180M->48M(228M) 2.745ms
[287.542s][info][gc,cpu      ] GC(367) User=0.01s Sys=0.00s Real=0.01s
[287.813s][info][gc,start    ] GC(368) Pause Young (Normal) (G1 Evacuation Pause)
[287.813s][info][gc,task     ] GC(368) Using 8 workers of 8 for evacuation
[287.816s][info][gc,phases   ] GC(368)   Pre Evacuate Collection Set: 0.1ms
[287.816s][info][gc,phases   ] GC(368)   Merge Heap Roots: 0.1ms
[287.816s][info][gc,phases   ] GC(368)   Evacuate Collection Set: 1.6ms
[287.816s][info][gc,phases   ] GC(368)   Post Evacuate Collection Set: 0.3ms
[287.816s][info][gc,phases   ] GC(368)   Other: 0.0ms
[287.816s][info][gc,heap     ] GC(368) Eden regions: 33->0(33)
[287.816s][info][gc,heap     ] GC(368) Survivor regions: 1->1(5)
[287.816s][info][gc,heap     ] GC(368) Old regions: 12->12
[287.816s][info][gc,heap     ] GC(368) Humongous regions: 1->1
[287.816s][info][gc,metaspace] GC(368) Metaspace: 54588K(56000K)->54588K(56000K) NonClass: 47395K(48256K)->47395K(48256K) Class: 7193K(7744K)->7193K(7744K)
[287.816s][info][gc          ] GC(368) Pause Young (Normal) (G1 Evacuation Pause) 180M->48M(228M) 2.264ms
[287.816s][info][gc,cpu      ] GC(368) User=0.01s Sys=0.00s Real=0.00s
[288.193s][info][gc,start    ] GC(369) Pause Young (Normal) (G1 Evacuation Pause)
[288.193s][info][gc,task     ] GC(369) Using 8 workers of 8 for evacuation
[288.195s][info][gc,phases   ] GC(369)   Pre Evacuate Collection Set: 0.1ms
[288.195s][info][gc,phases   ] GC(369)   Merge Heap Roots: 0.1ms
[288.195s][info][gc,phases   ] GC(369)   Evacuate Collection Set: 1.9ms
[288.195s][info][gc,phases   ] GC(369)   Post Evacuate Collection Set: 0.3ms
[288.195s][info][gc,phases   ] GC(369)   Other: 0.0ms
[288.195s][info][gc,heap     ] GC(369) Eden regions: 33->0(33)
[288.195s][info][gc,heap     ] GC(369) Survivor regions: 1->1(5)
[288.195s][info][gc,heap     ] GC(369) Old regions: 12->12
[288.195s][info][gc,heap     ] GC(369) Humongous regions: 1->1
[288.195s][info][gc,metaspace] GC(369) Metaspace: 54588K(56000K)->54588K(56000K) NonClass: 47395K(48256K)->47395K(48256K) Class: 7193K(7744K)->7193K(7744K)
[288.195s][info][gc          ] GC(369) Pause Young (Normal) (G1 Evacuation Pause) 180M->48M(228M) 2.502ms
[288.195s][info][gc,cpu      ] GC(369) User=0.00s Sys=0.00s Real=0.00s
[288.538s][info][gc,start    ] GC(370) Pause Young (Normal) (G1 Evacuation Pause)
[288.538s][info][gc,task     ] GC(370) Using 8 workers of 8 for evacuation
[288.540s][info][gc,phases   ] GC(370)   Pre Evacuate Collection Set: 0.1ms
[288.540s][info][gc,phases   ] GC(370)   Merge Heap Roots: 0.1ms
[288.540s][info][gc,phases   ] GC(370)   Evacuate Collection Set: 1.9ms
[288.540s][info][gc,phases   ] GC(370)   Post Evacuate Collection Set: 0.3ms
[288.540s][info][gc,phases   ] GC(370)   Other: 0.0ms
[288.540s][info][gc,heap     ] GC(370) Eden regions: 33->0(33)
[288.540s][info][gc,heap     ] GC(370) Survivor regions: 1->1(5)
[288.540s][info][gc,heap     ] GC(370) Old regions: 12->12
[288.540s][info][gc,heap     ] GC(370) Humongous regions: 1->1
[288.540s][info][gc,metaspace] GC(370) Metaspace: 54588K(56000K)->54588K(56000K) NonClass: 47395K(48256K)->47395K(48256K) Class: 7193K(7744K)->7193K(7744K)
[288.540s][info][gc          ] GC(370) Pause Young (Normal) (G1 Evacuation Pause) 180M->48M(228M) 2.483ms
[288.540s][info][gc,cpu      ] GC(370) User=0.01s Sys=0.00s Real=0.00s
[288.897s][info][gc,start    ] GC(371) Pause Young (Normal) (G1 Evacuation Pause)
[288.897s][info][gc,task     ] GC(371) Using 8 workers of 8 for evacuation
[288.900s][info][gc,phases   ] GC(371)   Pre Evacuate Collection Set: 0.1ms
[288.900s][info][gc,phases   ] GC(371)   Merge Heap Roots: 0.1ms
[288.900s][info][gc,phases   ] GC(371)   Evacuate Collection Set: 1.9ms
[288.900s][info][gc,phases   ] GC(371)   Post Evacuate Collection Set: 0.3ms
[288.900s][info][gc,phases   ] GC(371)   Other: 0.0ms
[288.900s][info][gc,heap     ] GC(371) Eden regions: 33->0(33)
[288.900s][info][gc,heap     ] GC(371) Survivor regions: 1->1(5)
[288.900s][info][gc,heap     ] GC(371) Old regions: 12->12
[288.900s][info][gc,heap     ] GC(371) Humongous regions: 1->1
[288.900s][info][gc,metaspace] GC(371) Metaspace: 54588K(56000K)->54588K(56000K) NonClass: 47395K(48256K)->47395K(48256K) Class: 7193K(7744K)->7193K(7744K)
[288.900s][info][gc          ] GC(371) Pause Young (Normal) (G1 Evacuation Pause) 180M->48M(228M) 2.553ms
[288.900s][info][gc,cpu      ] GC(371) User=0.01s Sys=0.00s Real=0.00s
[289.263s][info][gc,start    ] GC(372) Pause Young (Normal) (G1 Evacuation Pause)
[289.263s][info][gc,task     ] GC(372) Using 8 workers of 8 for evacuation
[289.265s][info][gc,phases   ] GC(372)   Pre Evacuate Collection Set: 0.1ms
[289.266s][info][gc,phases   ] GC(372)   Merge Heap Roots: 0.1ms
[289.266s][info][gc,phases   ] GC(372)   Evacuate Collection Set: 1.9ms
[289.266s][info][gc,phases   ] GC(372)   Post Evacuate Collection Set: 0.4ms
[289.266s][info][gc,phases   ] GC(372)   Other: 0.1ms
[289.266s][info][gc,heap     ] GC(372) Eden regions: 33->0(33)
[289.266s][info][gc,heap     ] GC(372) Survivor regions: 1->1(5)
[289.266s][info][gc,heap     ] GC(372) Old regions: 12->12
[289.266s][info][gc,heap     ] GC(372) Humongous regions: 1->1
[289.266s][info][gc,metaspace] GC(372) Metaspace: 54588K(56000K)->54588K(56000K) NonClass: 47395K(48256K)->47395K(48256K) Class: 7193K(7744K)->7193K(7744K)
[289.266s][info][gc          ] GC(372) Pause Young (Normal) (G1 Evacuation Pause) 180M->48M(228M) 2.603ms
[289.266s][info][gc,cpu      ] GC(372) User=0.01s Sys=0.00s Real=0.00s
[289.801s][info][gc,start    ] GC(373) Pause Young (Normal) (G1 Evacuation Pause)
[289.801s][info][gc,task     ] GC(373) Using 8 workers of 8 for evacuation
[289.803s][info][gc,phases   ] GC(373)   Pre Evacuate Collection Set: 0.1ms
[289.803s][info][gc,phases   ] GC(373)   Merge Heap Roots: 0.1ms
[289.803s][info][gc,phases   ] GC(373)   Evacuate Collection Set: 2.0ms
[289.803s][info][gc,phases   ] GC(373)   Post Evacuate Collection Set: 0.3ms
[289.803s][info][gc,phases   ] GC(373)   Other: 0.1ms
[289.803s][info][gc,heap     ] GC(373) Eden regions: 33->0(33)
[289.803s][info][gc,heap     ] GC(373) Survivor regions: 1->1(5)
[289.803s][info][gc,heap     ] GC(373) Old regions: 12->12
[289.803s][info][gc,heap     ] GC(373) Humongous regions: 1->1
[289.803s][info][gc,metaspace] GC(373) Metaspace: 54588K(56000K)->54588K(56000K) NonClass: 47395K(48256K)->47395K(48256K) Class: 7193K(7744K)->7193K(7744K)
[289.803s][info][gc          ] GC(373) Pause Young (Normal) (G1 Evacuation Pause) 180M->48M(228M) 2.705ms
[289.803s][info][gc,cpu      ] GC(373) User=0.01s Sys=0.01s Real=0.01s
[290.200s][info][gc,start    ] GC(374) Pause Young (Normal) (G1 Evacuation Pause)
[290.200s][info][gc,task     ] GC(374) Using 8 workers of 8 for evacuation
[290.203s][info][gc,phases   ] GC(374)   Pre Evacuate Collection Set: 0.1ms
[290.203s][info][gc,phases   ] GC(374)   Merge Heap Roots: 0.1ms
[290.203s][info][gc,phases   ] GC(374)   Evacuate Collection Set: 1.9ms
[290.203s][info][gc,phases   ] GC(374)   Post Evacuate Collection Set: 0.2ms
[290.203s][info][gc,phases   ] GC(374)   Other: 0.2ms
[290.203s][info][gc,heap     ] GC(374) Eden regions: 33->0(33)
[290.203s][info][gc,heap     ] GC(374) Survivor regions: 1->1(5)
[290.203s][info][gc,heap     ] GC(374) Old regions: 12->12
[290.203s][info][gc,heap     ] GC(374) Humongous regions: 1->1
[290.203s][info][gc,metaspace] GC(374) Metaspace: 54588K(56000K)->54588K(56000K) NonClass: 47395K(48256K)->47395K(48256K) Class: 7193K(7744K)->7193K(7744K)
[290.203s][info][gc          ] GC(374) Pause Young (Normal) (G1 Evacuation Pause) 180M->48M(228M) 2.812ms
[290.203s][info][gc,cpu      ] GC(374) User=0.01s Sys=0.00s Real=0.01s
[290.535s][info][gc,start    ] GC(375) Pause Young (Normal) (G1 Evacuation Pause)
[290.535s][info][gc,task     ] GC(375) Using 8 workers of 8 for evacuation
[290.538s][info][gc,phases   ] GC(375)   Pre Evacuate Collection Set: 0.1ms
[290.538s][info][gc,phases   ] GC(375)   Merge Heap Roots: 0.1ms
[290.538s][info][gc,phases   ] GC(375)   Evacuate Collection Set: 1.8ms
[290.538s][info][gc,phases   ] GC(375)   Post Evacuate Collection Set: 0.3ms
[290.538s][info][gc,phases   ] GC(375)   Other: 0.1ms
[290.538s][info][gc,heap     ] GC(375) Eden regions: 33->0(33)
[290.538s][info][gc,heap     ] GC(375) Survivor regions: 1->1(5)
[290.538s][info][gc,heap     ] GC(375) Old regions: 12->12
[290.538s][info][gc,heap     ] GC(375) Humongous regions: 1->1
[290.538s][info][gc,metaspace] GC(375) Metaspace: 54588K(56000K)->54588K(56000K) NonClass: 47395K(48256K)->47395K(48256K) Class: 7193K(7744K)->7193K(7744K)
[290.538s][info][gc          ] GC(375) Pause Young (Normal) (G1 Evacuation Pause) 180M->48M(228M) 2.577ms
[290.538s][info][gc,cpu      ] GC(375) User=0.01s Sys=0.01s Real=0.00s
[290.816s][info][gc,start    ] GC(376) Pause Young (Normal) (G1 Evacuation Pause)
[290.816s][info][gc,task     ] GC(376) Using 8 workers of 8 for evacuation
[290.818s][info][gc,phases   ] GC(376)   Pre Evacuate Collection Set: 0.1ms
[290.818s][info][gc,phases   ] GC(376)   Merge Heap Roots: 0.1ms
[290.818s][info][gc,phases   ] GC(376)   Evacuate Collection Set: 1.7ms
[290.818s][info][gc,phases   ] GC(376)   Post Evacuate Collection Set: 0.3ms
[290.818s][info][gc,phases   ] GC(376)   Other: 0.0ms
[290.818s][info][gc,heap     ] GC(376) Eden regions: 33->0(33)
[290.818s][info][gc,heap     ] GC(376) Survivor regions: 1->1(5)
[290.818s][info][gc,heap     ] GC(376) Old regions: 12->12
[290.818s][info][gc,heap     ] GC(376) Humongous regions: 1->1
[290.818s][info][gc,metaspace] GC(376) Metaspace: 54588K(56000K)->54588K(56000K) NonClass: 47395K(48256K)->47395K(48256K) Class: 7193K(7744K)->7193K(7744K)
[290.818s][info][gc          ] GC(376) Pause Young (Normal) (G1 Evacuation Pause) 180M->48M(228M) 2.257ms
[290.818s][info][gc,cpu      ] GC(376) User=0.01s Sys=0.00s Real=0.00s
[291.241s][info][gc,start    ] GC(377) Pause Young (Normal) (G1 Evacuation Pause)
[291.241s][info][gc,task     ] GC(377) Using 8 workers of 8 for evacuation
[291.243s][info][gc,phases   ] GC(377)   Pre Evacuate Collection Set: 0.1ms
[291.243s][info][gc,phases   ] GC(377)   Merge Heap Roots: 0.1ms
[291.243s][info][gc,phases   ] GC(377)   Evacuate Collection Set: 1.9ms
[291.243s][info][gc,phases   ] GC(377)   Post Evacuate Collection Set: 0.3ms
[291.243s][info][gc,phases   ] GC(377)   Other: 0.0ms
[291.243s][info][gc,heap     ] GC(377) Eden regions: 33->0(33)
[291.243s][info][gc,heap     ] GC(377) Survivor regions: 1->1(5)
[291.243s][info][gc,heap     ] GC(377) Old regions: 12->12
[291.243s][info][gc,heap     ] GC(377) Humongous regions: 1->1
[291.243s][info][gc,metaspace] GC(377) Metaspace: 54588K(56000K)->54588K(56000K) NonClass: 47395K(48256K)->47395K(48256K) Class: 7193K(7744K)->7193K(7744K)
[291.243s][info][gc          ] GC(377) Pause Young (Normal) (G1 Evacuation Pause) 180M->49M(228M) 2.594ms
[291.243s][info][gc,cpu      ] GC(377) User=0.01s Sys=0.00s Real=0.01s
[291.570s][info][gc,start    ] GC(378) Pause Young (Normal) (G1 Evacuation Pause)
[291.570s][info][gc,task     ] GC(378) Using 8 workers of 8 for evacuation
[291.573s][info][gc,phases   ] GC(378)   Pre Evacuate Collection Set: 0.1ms
[291.573s][info][gc,phases   ] GC(378)   Merge Heap Roots: 0.1ms
[291.573s][info][gc,phases   ] GC(378)   Evacuate Collection Set: 2.4ms
[291.573s][info][gc,phases   ] GC(378)   Post Evacuate Collection Set: 0.3ms
[291.573s][info][gc,phases   ] GC(378)   Other: 0.0ms
[291.573s][info][gc,heap     ] GC(378) Eden regions: 33->0(33)
[291.573s][info][gc,heap     ] GC(378) Survivor regions: 1->1(5)
[291.573s][info][gc,heap     ] GC(378) Old regions: 12->12
[291.573s][info][gc,heap     ] GC(378) Humongous regions: 1->1
[291.573s][info][gc,metaspace] GC(378) Metaspace: 54588K(56000K)->54588K(56000K) NonClass: 47395K(48256K)->47395K(48256K) Class: 7193K(7744K)->7193K(7744K)
[291.573s][info][gc          ] GC(378) Pause Young (Normal) (G1 Evacuation Pause) 181M->49M(228M) 3.074ms
[291.573s][info][gc,cpu      ] GC(378) User=0.01s Sys=0.00s Real=0.01s
[292.037s][info][gc,start    ] GC(379) Pause Young (Normal) (G1 Evacuation Pause)
[292.037s][info][gc,task     ] GC(379) Using 8 workers of 8 for evacuation
[292.040s][info][gc,phases   ] GC(379)   Pre Evacuate Collection Set: 0.1ms
[292.040s][info][gc,phases   ] GC(379)   Merge Heap Roots: 0.1ms
[292.040s][info][gc,phases   ] GC(379)   Evacuate Collection Set: 1.8ms
[292.040s][info][gc,phases   ] GC(379)   Post Evacuate Collection Set: 0.3ms
[292.040s][info][gc,phases   ] GC(379)   Other: 0.0ms
[292.040s][info][gc,heap     ] GC(379) Eden regions: 33->0(33)
[292.040s][info][gc,heap     ] GC(379) Survivor regions: 1->1(5)
[292.040s][info][gc,heap     ] GC(379) Old regions: 12->12
[292.040s][info][gc,heap     ] GC(379) Humongous regions: 1->1
[292.040s][info][gc,metaspace] GC(379) Metaspace: 54588K(56000K)->54588K(56000K) NonClass: 47395K(48256K)->47395K(48256K) Class: 7193K(7744K)->7193K(7744K)
[292.040s][info][gc          ] GC(379) Pause Young (Normal) (G1 Evacuation Pause) 181M->49M(228M) 2.411ms
[292.040s][info][gc,cpu      ] GC(379) User=0.01s Sys=0.01s Real=0.00s
[297.647s][info][gc,start    ] GC(380) Pause Young (Normal) (G1 Evacuation Pause)
[297.647s][info][gc,task     ] GC(380) Using 8 workers of 8 for evacuation
[297.651s][info][gc,phases   ] GC(380)   Pre Evacuate Collection Set: 0.2ms
[297.651s][info][gc,phases   ] GC(380)   Merge Heap Roots: 0.1ms
[297.651s][info][gc,phases   ] GC(380)   Evacuate Collection Set: 2.5ms
[297.651s][info][gc,phases   ] GC(380)   Post Evacuate Collection Set: 0.3ms
[297.651s][info][gc,phases   ] GC(380)   Other: 0.0ms
[297.651s][info][gc,heap     ] GC(380) Eden regions: 33->0(33)
[297.651s][info][gc,heap     ] GC(380) Survivor regions: 1->1(5)
[297.651s][info][gc,heap     ] GC(380) Old regions: 12->12
[297.651s][info][gc,heap     ] GC(380) Humongous regions: 1->1
[297.651s][info][gc,metaspace] GC(380) Metaspace: 54588K(56000K)->54588K(56000K) NonClass: 47395K(48256K)->47395K(48256K) Class: 7193K(7744K)->7193K(7744K)
[297.651s][info][gc          ] GC(380) Pause Young (Normal) (G1 Evacuation Pause) 181M->49M(228M) 3.434ms
[297.651s][info][gc,cpu      ] GC(380) User=0.01s Sys=0.01s Real=0.00s
[298.222s][info][gc,start    ] GC(381) Pause Young (Normal) (G1 Evacuation Pause)
[298.222s][info][gc,task     ] GC(381) Using 8 workers of 8 for evacuation
[298.225s][info][gc,phases   ] GC(381)   Pre Evacuate Collection Set: 0.1ms
[298.225s][info][gc,phases   ] GC(381)   Merge Heap Roots: 0.1ms
[298.225s][info][gc,phases   ] GC(381)   Evacuate Collection Set: 2.1ms
[298.225s][info][gc,phases   ] GC(381)   Post Evacuate Collection Set: 0.3ms
[298.225s][info][gc,phases   ] GC(381)   Other: 0.0ms
[298.225s][info][gc,heap     ] GC(381) Eden regions: 33->0(33)
[298.225s][info][gc,heap     ] GC(381) Survivor regions: 1->1(5)
[298.225s][info][gc,heap     ] GC(381) Old regions: 12->12
[298.225s][info][gc,heap     ] GC(381) Humongous regions: 1->1
[298.225s][info][gc,metaspace] GC(381) Metaspace: 54588K(56000K)->54588K(56000K) NonClass: 47395K(48256K)->47395K(48256K) Class: 7193K(7744K)->7193K(7744K)
[298.225s][info][gc          ] GC(381) Pause Young (Normal) (G1 Evacuation Pause) 181M->49M(228M) 2.737ms
[298.225s][info][gc,cpu      ] GC(381) User=0.01s Sys=0.00s Real=0.00s
[298.521s][info][gc,start    ] GC(382) Pause Young (Normal) (G1 Evacuation Pause)
[298.521s][info][gc,task     ] GC(382) Using 8 workers of 8 for evacuation
[298.523s][info][gc,phases   ] GC(382)   Pre Evacuate Collection Set: 0.1ms
[298.523s][info][gc,phases   ] GC(382)   Merge Heap Roots: 0.1ms
[298.523s][info][gc,phases   ] GC(382)   Evacuate Collection Set: 1.9ms
[298.523s][info][gc,phases   ] GC(382)   Post Evacuate Collection Set: 0.3ms
[298.523s][info][gc,phases   ] GC(382)   Other: 0.1ms
[298.523s][info][gc,heap     ] GC(382) Eden regions: 33->0(33)
[298.523s][info][gc,heap     ] GC(382) Survivor regions: 1->1(5)
[298.523s][info][gc,heap     ] GC(382) Old regions: 12->12
[298.523s][info][gc,heap     ] GC(382) Humongous regions: 1->1
[298.523s][info][gc,metaspace] GC(382) Metaspace: 54588K(56000K)->54588K(56000K) NonClass: 47395K(48256K)->47395K(48256K) Class: 7193K(7744K)->7193K(7744K)
[298.523s][info][gc          ] GC(382) Pause Young (Normal) (G1 Evacuation Pause) 181M->49M(228M) 2.576ms
[298.523s][info][gc,cpu      ] GC(382) User=0.02s Sys=0.01s Real=0.01s
[298.925s][info][gc,start    ] GC(383) Pause Young (Normal) (G1 Evacuation Pause)
[298.925s][info][gc,task     ] GC(383) Using 8 workers of 8 for evacuation
[298.927s][info][gc,phases   ] GC(383)   Pre Evacuate Collection Set: 0.1ms
[298.927s][info][gc,phases   ] GC(383)   Merge Heap Roots: 0.1ms
[298.927s][info][gc,phases   ] GC(383)   Evacuate Collection Set: 2.0ms
[298.927s][info][gc,phases   ] GC(383)   Post Evacuate Collection Set: 0.3ms
[298.927s][info][gc,phases   ] GC(383)   Other: 0.0ms
[298.927s][info][gc,heap     ] GC(383) Eden regions: 33->0(33)
[298.927s][info][gc,heap     ] GC(383) Survivor regions: 1->1(5)
[298.927s][info][gc,heap     ] GC(383) Old regions: 12->12
[298.927s][info][gc,heap     ] GC(383) Humongous regions: 1->1
[298.927s][info][gc,metaspace] GC(383) Metaspace: 54588K(56000K)->54588K(56000K) NonClass: 47395K(48256K)->47395K(48256K) Class: 7193K(7744K)->7193K(7744K)
[298.927s][info][gc          ] GC(383) Pause Young (Normal) (G1 Evacuation Pause) 181M->49M(228M) 2.663ms
[298.927s][info][gc,cpu      ] GC(383) User=0.01s Sys=0.01s Real=0.00s
[299.281s][info][gc,start    ] GC(384) Pause Young (Normal) (G1 Evacuation Pause)
[299.281s][info][gc,task     ] GC(384) Using 8 workers of 8 for evacuation
[299.283s][info][gc,phases   ] GC(384)   Pre Evacuate Collection Set: 0.1ms
[299.283s][info][gc,phases   ] GC(384)   Merge Heap Roots: 0.1ms
[299.283s][info][gc,phases   ] GC(384)   Evacuate Collection Set: 1.6ms
[299.283s][info][gc,phases   ] GC(384)   Post Evacuate Collection Set: 0.2ms
[299.283s][info][gc,phases   ] GC(384)   Other: 0.0ms
[299.283s][info][gc,heap     ] GC(384) Eden regions: 33->0(33)
[299.283s][info][gc,heap     ] GC(384) Survivor regions: 1->1(5)
[299.283s][info][gc,heap     ] GC(384) Old regions: 12->12
[299.283s][info][gc,heap     ] GC(384) Humongous regions: 1->1
[299.283s][info][gc,metaspace] GC(384) Metaspace: 54588K(56000K)->54588K(56000K) NonClass: 47395K(48256K)->47395K(48256K) Class: 7193K(7744K)->7193K(7744K)
[299.283s][info][gc          ] GC(384) Pause Young (Normal) (G1 Evacuation Pause) 181M->49M(228M) 2.171ms
[299.283s][info][gc,cpu      ] GC(384) User=0.01s Sys=0.00s Real=0.01s
[299.660s][info][gc,start    ] GC(385) Pause Young (Normal) (G1 Evacuation Pause)
[299.660s][info][gc,task     ] GC(385) Using 8 workers of 8 for evacuation
[299.663s][info][gc,phases   ] GC(385)   Pre Evacuate Collection Set: 0.1ms
[299.663s][info][gc,phases   ] GC(385)   Merge Heap Roots: 0.1ms
[299.663s][info][gc,phases   ] GC(385)   Evacuate Collection Set: 2.5ms
[299.663s][info][gc,phases   ] GC(385)   Post Evacuate Collection Set: 0.3ms
[299.663s][info][gc,phases   ] GC(385)   Other: 0.0ms
[299.663s][info][gc,heap     ] GC(385) Eden regions: 33->0(33)
[299.663s][info][gc,heap     ] GC(385) Survivor regions: 1->1(5)
[299.663s][info][gc,heap     ] GC(385) Old regions: 12->12
[299.663s][info][gc,heap     ] GC(385) Humongous regions: 1->1
[299.663s][info][gc,metaspace] GC(385) Metaspace: 54588K(56000K)->54588K(56000K) NonClass: 47395K(48256K)->47395K(48256K) Class: 7193K(7744K)->7193K(7744K)
[299.663s][info][gc          ] GC(385) Pause Young (Normal) (G1 Evacuation Pause) 181M->49M(228M) 3.143ms
[299.663s][info][gc,cpu      ] GC(385) User=0.01s Sys=0.00s Real=0.01s
[300.085s][info][gc,start    ] GC(386) Pause Young (Normal) (G1 Evacuation Pause)
[300.085s][info][gc,task     ] GC(386) Using 8 workers of 8 for evacuation
[300.087s][info][gc,phases   ] GC(386)   Pre Evacuate Collection Set: 0.1ms
[300.087s][info][gc,phases   ] GC(386)   Merge Heap Roots: 0.1ms
[300.087s][info][gc,phases   ] GC(386)   Evacuate Collection Set: 1.7ms
[300.087s][info][gc,phases   ] GC(386)   Post Evacuate Collection Set: 0.2ms
[300.087s][info][gc,phases   ] GC(386)   Other: 0.0ms
[300.087s][info][gc,heap     ] GC(386) Eden regions: 33->0(33)
[300.087s][info][gc,heap     ] GC(386) Survivor regions: 1->1(5)
[300.087s][info][gc,heap     ] GC(386) Old regions: 12->12
[300.087s][info][gc,heap     ] GC(386) Humongous regions: 1->1
[300.087s][info][gc,metaspace] GC(386) Metaspace: 54588K(56000K)->54588K(56000K) NonClass: 47395K(48256K)->47395K(48256K) Class: 7193K(7744K)->7193K(7744K)
[300.087s][info][gc          ] GC(386) Pause Young (Normal) (G1 Evacuation Pause) 181M->49M(228M) 2.244ms
[300.087s][info][gc,cpu      ] GC(386) User=0.01s Sys=0.00s Real=0.00s
[300.552s][info][gc,start    ] GC(387) Pause Young (Normal) (G1 Evacuation Pause)
[300.552s][info][gc,task     ] GC(387) Using 8 workers of 8 for evacuation
[300.554s][info][gc,phases   ] GC(387)   Pre Evacuate Collection Set: 0.1ms
[300.554s][info][gc,phases   ] GC(387)   Merge Heap Roots: 0.1ms
[300.554s][info][gc,phases   ] GC(387)   Evacuate Collection Set: 1.8ms
[300.554s][info][gc,phases   ] GC(387)   Post Evacuate Collection Set: 0.2ms
[300.554s][info][gc,phases   ] GC(387)   Other: 0.0ms
[300.554s][info][gc,heap     ] GC(387) Eden regions: 33->0(33)
[300.554s][info][gc,heap     ] GC(387) Survivor regions: 1->1(5)
[300.554s][info][gc,heap     ] GC(387) Old regions: 12->12
[300.554s][info][gc,heap     ] GC(387) Humongous regions: 1->1
[300.554s][info][gc,metaspace] GC(387) Metaspace: 54588K(56000K)->54588K(56000K) NonClass: 47395K(48256K)->47395K(48256K) Class: 7193K(7744K)->7193K(7744K)
[300.554s][info][gc          ] GC(387) Pause Young (Normal) (G1 Evacuation Pause) 181M->49M(228M) 2.420ms
[300.554s][info][gc,cpu      ] GC(387) User=0.01s Sys=0.00s Real=0.00s
[300.906s][info][gc,start    ] GC(388) Pause Young (Normal) (G1 Evacuation Pause)
[300.906s][info][gc,task     ] GC(388) Using 8 workers of 8 for evacuation
[300.909s][info][gc,phases   ] GC(388)   Pre Evacuate Collection Set: 0.1ms
[300.909s][info][gc,phases   ] GC(388)   Merge Heap Roots: 0.1ms
[300.909s][info][gc,phases   ] GC(388)   Evacuate Collection Set: 2.5ms
[300.909s][info][gc,phases   ] GC(388)   Post Evacuate Collection Set: 0.3ms
[300.909s][info][gc,phases   ] GC(388)   Other: 0.0ms
[300.909s][info][gc,heap     ] GC(388) Eden regions: 33->0(33)
[300.909s][info][gc,heap     ] GC(388) Survivor regions: 1->1(5)
[300.909s][info][gc,heap     ] GC(388) Old regions: 12->13
[300.909s][info][gc,heap     ] GC(388) Humongous regions: 1->1
[300.909s][info][gc,metaspace] GC(388) Metaspace: 54588K(56000K)->54588K(56000K) NonClass: 47395K(48256K)->47395K(48256K) Class: 7193K(7744K)->7193K(7744K)
[300.909s][info][gc          ] GC(388) Pause Young (Normal) (G1 Evacuation Pause) 181M->49M(228M) 3.132ms
[300.909s][info][gc,cpu      ] GC(388) User=0.01s Sys=0.00s Real=0.00s
[301.229s][info][gc,start    ] GC(389) Pause Young (Normal) (G1 Evacuation Pause)
[301.229s][info][gc,task     ] GC(389) Using 8 workers of 8 for evacuation
[301.231s][info][gc,phases   ] GC(389)   Pre Evacuate Collection Set: 0.1ms
[301.231s][info][gc,phases   ] GC(389)   Merge Heap Roots: 0.1ms
[301.231s][info][gc,phases   ] GC(389)   Evacuate Collection Set: 1.9ms
[301.231s][info][gc,phases   ] GC(389)   Post Evacuate Collection Set: 0.4ms
[301.231s][info][gc,phases   ] GC(389)   Other: 0.1ms
[301.231s][info][gc,heap     ] GC(389) Eden regions: 33->0(33)
[301.231s][info][gc,heap     ] GC(389) Survivor regions: 1->1(5)
[301.231s][info][gc,heap     ] GC(389) Old regions: 13->13
[301.231s][info][gc,heap     ] GC(389) Humongous regions: 1->1
[301.231s][info][gc,metaspace] GC(389) Metaspace: 54588K(56000K)->54588K(56000K) NonClass: 47395K(48256K)->47395K(48256K) Class: 7193K(7744K)->7193K(7744K)
[301.231s][info][gc          ] GC(389) Pause Young (Normal) (G1 Evacuation Pause) 181M->49M(228M) 2.699ms
[301.231s][info][gc,cpu      ] GC(389) User=0.01s Sys=0.01s Real=0.00s
[301.630s][info][gc,start    ] GC(390) Pause Young (Normal) (G1 Evacuation Pause)
[301.630s][info][gc,task     ] GC(390) Using 8 workers of 8 for evacuation
[301.632s][info][gc,phases   ] GC(390)   Pre Evacuate Collection Set: 0.1ms
[301.632s][info][gc,phases   ] GC(390)   Merge Heap Roots: 0.1ms
[301.632s][info][gc,phases   ] GC(390)   Evacuate Collection Set: 1.7ms
[301.632s][info][gc,phases   ] GC(390)   Post Evacuate Collection Set: 0.3ms
[301.632s][info][gc,phases   ] GC(390)   Other: 0.0ms
[301.632s][info][gc,heap     ] GC(390) Eden regions: 33->0(33)
[301.632s][info][gc,heap     ] GC(390) Survivor regions: 1->1(5)
[301.632s][info][gc,heap     ] GC(390) Old regions: 13->13
[301.632s][info][gc,heap     ] GC(390) Humongous regions: 1->1
[301.632s][info][gc,metaspace] GC(390) Metaspace: 54588K(56000K)->54588K(56000K) NonClass: 47395K(48256K)->47395K(48256K) Class: 7193K(7744K)->7193K(7744K)
[301.632s][info][gc          ] GC(390) Pause Young (Normal) (G1 Evacuation Pause) 181M->50M(228M) 2.316ms
[301.632s][info][gc,cpu      ] GC(390) User=0.01s Sys=0.00s Real=0.01s
[304.916s][info][gc,start    ] GC(391) Pause Young (Normal) (G1 Evacuation Pause)
[304.917s][info][gc,task     ] GC(391) Using 8 workers of 8 for evacuation
[304.919s][info][gc,phases   ] GC(391)   Pre Evacuate Collection Set: 0.1ms
[304.919s][info][gc,phases   ] GC(391)   Merge Heap Roots: 0.1ms
[304.919s][info][gc,phases   ] GC(391)   Evacuate Collection Set: 1.9ms
[304.919s][info][gc,phases   ] GC(391)   Post Evacuate Collection Set: 0.3ms
[304.919s][info][gc,phases   ] GC(391)   Other: 0.1ms
[304.919s][info][gc,heap     ] GC(391) Eden regions: 33->0(33)
[304.919s][info][gc,heap     ] GC(391) Survivor regions: 1->1(5)
[304.919s][info][gc,heap     ] GC(391) Old regions: 13->13
[304.919s][info][gc,heap     ] GC(391) Humongous regions: 1->1
[304.919s][info][gc,metaspace] GC(391) Metaspace: 54591K(56000K)->54591K(56000K) NonClass: 47398K(48256K)->47398K(48256K) Class: 7193K(7744K)->7193K(7744K)
[304.919s][info][gc          ] GC(391) Pause Young (Normal) (G1 Evacuation Pause) 182M->50M(228M) 3.409ms
[304.919s][info][gc,cpu      ] GC(391) User=0.01s Sys=0.00s Real=0.00s
[305.266s][info][gc,start    ] GC(392) Pause Young (Normal) (G1 Evacuation Pause)
[305.266s][info][gc,task     ] GC(392) Using 8 workers of 8 for evacuation
[305.268s][info][gc,phases   ] GC(392)   Pre Evacuate Collection Set: 0.1ms
[305.268s][info][gc,phases   ] GC(392)   Merge Heap Roots: 0.1ms
[305.268s][info][gc,phases   ] GC(392)   Evacuate Collection Set: 1.8ms
[305.268s][info][gc,phases   ] GC(392)   Post Evacuate Collection Set: 0.3ms
[305.268s][info][gc,phases   ] GC(392)   Other: 0.0ms
[305.268s][info][gc,heap     ] GC(392) Eden regions: 33->0(33)
[305.268s][info][gc,heap     ] GC(392) Survivor regions: 1->1(5)
[305.268s][info][gc,heap     ] GC(392) Old regions: 13->13
[305.268s][info][gc,heap     ] GC(392) Humongous regions: 1->1
[305.268s][info][gc,metaspace] GC(392) Metaspace: 54591K(56000K)->54591K(56000K) NonClass: 47398K(48256K)->47398K(48256K) Class: 7193K(7744K)->7193K(7744K)
[305.268s][info][gc          ] GC(392) Pause Young (Normal) (G1 Evacuation Pause) 182M->50M(228M) 2.487ms
[305.268s][info][gc,cpu      ] GC(392) User=0.01s Sys=0.00s Real=0.00s
[305.555s][info][gc,start    ] GC(393) Pause Young (Normal) (G1 Evacuation Pause)
[305.555s][info][gc,task     ] GC(393) Using 8 workers of 8 for evacuation
[305.558s][info][gc,phases   ] GC(393)   Pre Evacuate Collection Set: 0.1ms
[305.558s][info][gc,phases   ] GC(393)   Merge Heap Roots: 0.1ms
[305.558s][info][gc,phases   ] GC(393)   Evacuate Collection Set: 1.8ms
[305.558s][info][gc,phases   ] GC(393)   Post Evacuate Collection Set: 0.3ms
[305.558s][info][gc,phases   ] GC(393)   Other: 0.1ms
[305.558s][info][gc,heap     ] GC(393) Eden regions: 33->0(33)
[305.558s][info][gc,heap     ] GC(393) Survivor regions: 1->1(5)
[305.558s][info][gc,heap     ] GC(393) Old regions: 13->13
[305.558s][info][gc,heap     ] GC(393) Humongous regions: 1->1
[305.558s][info][gc,metaspace] GC(393) Metaspace: 54591K(56000K)->54591K(56000K) NonClass: 47398K(48256K)->47398K(48256K) Class: 7193K(7744K)->7193K(7744K)
[305.558s][info][gc          ] GC(393) Pause Young (Normal) (G1 Evacuation Pause) 182M->50M(228M) 2.399ms
[305.558s][info][gc,cpu      ] GC(393) User=0.01s Sys=0.00s Real=0.00s
[305.813s][info][gc,start    ] GC(394) Pause Young (Normal) (G1 Evacuation Pause)
[305.813s][info][gc,task     ] GC(394) Using 8 workers of 8 for evacuation
[305.816s][info][gc,phases   ] GC(394)   Pre Evacuate Collection Set: 0.1ms
[305.816s][info][gc,phases   ] GC(394)   Merge Heap Roots: 0.1ms
[305.816s][info][gc,phases   ] GC(394)   Evacuate Collection Set: 2.2ms
[305.816s][info][gc,phases   ] GC(394)   Post Evacuate Collection Set: 0.3ms
[305.816s][info][gc,phases   ] GC(394)   Other: 0.0ms
[305.816s][info][gc,heap     ] GC(394) Eden regions: 33->0(33)
[305.816s][info][gc,heap     ] GC(394) Survivor regions: 1->1(5)
[305.816s][info][gc,heap     ] GC(394) Old regions: 13->13
[305.816s][info][gc,heap     ] GC(394) Humongous regions: 1->1
[305.816s][info][gc,metaspace] GC(394) Metaspace: 54591K(56000K)->54591K(56000K) NonClass: 47398K(48256K)->47398K(48256K) Class: 7193K(7744K)->7193K(7744K)
[305.816s][info][gc          ] GC(394) Pause Young (Normal) (G1 Evacuation Pause) 182M->50M(228M) 2.910ms
[305.816s][info][gc,cpu      ] GC(394) User=0.01s Sys=0.00s Real=0.00s
[306.109s][info][gc,start    ] GC(395) Pause Young (Normal) (G1 Evacuation Pause)
[306.109s][info][gc,task     ] GC(395) Using 8 workers of 8 for evacuation
[306.111s][info][gc,phases   ] GC(395)   Pre Evacuate Collection Set: 0.1ms
[306.111s][info][gc,phases   ] GC(395)   Merge Heap Roots: 0.1ms
[306.111s][info][gc,phases   ] GC(395)   Evacuate Collection Set: 1.6ms
[306.111s][info][gc,phases   ] GC(395)   Post Evacuate Collection Set: 0.2ms
[306.111s][info][gc,phases   ] GC(395)   Other: 0.0ms
[306.111s][info][gc,heap     ] GC(395) Eden regions: 33->0(33)
[306.111s][info][gc,heap     ] GC(395) Survivor regions: 1->1(5)
[306.111s][info][gc,heap     ] GC(395) Old regions: 13->13
[306.111s][info][gc,heap     ] GC(395) Humongous regions: 1->1
[306.111s][info][gc,metaspace] GC(395) Metaspace: 54591K(56000K)->54591K(56000K) NonClass: 47398K(48256K)->47398K(48256K) Class: 7193K(7744K)->7193K(7744K)
[306.111s][info][gc          ] GC(395) Pause Young (Normal) (G1 Evacuation Pause) 182M->50M(228M) 2.165ms
[306.111s][info][gc,cpu      ] GC(395) User=0.01s Sys=0.00s Real=0.00s
[306.496s][info][gc,start    ] GC(396) Pause Young (Normal) (G1 Evacuation Pause)
[306.496s][info][gc,task     ] GC(396) Using 8 workers of 8 for evacuation
[306.498s][info][gc,phases   ] GC(396)   Pre Evacuate Collection Set: 0.1ms
[306.498s][info][gc,phases   ] GC(396)   Merge Heap Roots: 0.1ms
[306.498s][info][gc,phases   ] GC(396)   Evacuate Collection Set: 1.7ms
[306.498s][info][gc,phases   ] GC(396)   Post Evacuate Collection Set: 0.3ms
[306.498s][info][gc,phases   ] GC(396)   Other: 0.1ms
[306.498s][info][gc,heap     ] GC(396) Eden regions: 33->0(33)
[306.498s][info][gc,heap     ] GC(396) Survivor regions: 1->1(5)
[306.498s][info][gc,heap     ] GC(396) Old regions: 13->13
[306.498s][info][gc,heap     ] GC(396) Humongous regions: 1->1
[306.498s][info][gc,metaspace] GC(396) Metaspace: 54591K(56000K)->54591K(56000K) NonClass: 47398K(48256K)->47398K(48256K) Class: 7193K(7744K)->7193K(7744K)
[306.498s][info][gc          ] GC(396) Pause Young (Normal) (G1 Evacuation Pause) 182M->50M(228M) 2.350ms
[306.498s][info][gc,cpu      ] GC(396) User=0.01s Sys=0.01s Real=0.00s
[306.752s][info][gc,start    ] GC(397) Pause Young (Normal) (G1 Evacuation Pause)
[306.752s][info][gc,task     ] GC(397) Using 8 workers of 8 for evacuation
[306.754s][info][gc,phases   ] GC(397)   Pre Evacuate Collection Set: 0.1ms
[306.754s][info][gc,phases   ] GC(397)   Merge Heap Roots: 0.1ms
[306.754s][info][gc,phases   ] GC(397)   Evacuate Collection Set: 1.6ms
[306.754s][info][gc,phases   ] GC(397)   Post Evacuate Collection Set: 0.3ms
[306.754s][info][gc,phases   ] GC(397)   Other: 0.0ms
[306.754s][info][gc,heap     ] GC(397) Eden regions: 33->0(33)
[306.754s][info][gc,heap     ] GC(397) Survivor regions: 1->1(5)
[306.754s][info][gc,heap     ] GC(397) Old regions: 13->13
[306.754s][info][gc,heap     ] GC(397) Humongous regions: 1->1
[306.754s][info][gc,metaspace] GC(397) Metaspace: 54591K(56000K)->54591K(56000K) NonClass: 47398K(48256K)->47398K(48256K) Class: 7193K(7744K)->7193K(7744K)
[306.754s][info][gc          ] GC(397) Pause Young (Normal) (G1 Evacuation Pause) 182M->50M(228M) 2.181ms
[306.754s][info][gc,cpu      ] GC(397) User=0.01s Sys=0.00s Real=0.00s
[307.071s][info][gc,start    ] GC(398) Pause Young (Normal) (G1 Evacuation Pause)
[307.071s][info][gc,task     ] GC(398) Using 8 workers of 8 for evacuation
[307.073s][info][gc,phases   ] GC(398)   Pre Evacuate Collection Set: 0.1ms
[307.073s][info][gc,phases   ] GC(398)   Merge Heap Roots: 0.1ms
[307.073s][info][gc,phases   ] GC(398)   Evacuate Collection Set: 1.5ms
[307.073s][info][gc,phases   ] GC(398)   Post Evacuate Collection Set: 0.2ms
[307.073s][info][gc,phases   ] GC(398)   Other: 0.0ms
[307.073s][info][gc,heap     ] GC(398) Eden regions: 33->0(33)
[307.073s][info][gc,heap     ] GC(398) Survivor regions: 1->1(5)
[307.073s][info][gc,heap     ] GC(398) Old regions: 13->13
[307.073s][info][gc,heap     ] GC(398) Humongous regions: 1->1
[307.073s][info][gc,metaspace] GC(398) Metaspace: 54591K(56000K)->54591K(56000K) NonClass: 47398K(48256K)->47398K(48256K) Class: 7193K(7744K)->7193K(7744K)
[307.073s][info][gc          ] GC(398) Pause Young (Normal) (G1 Evacuation Pause) 182M->50M(228M) 2.082ms
[307.073s][info][gc,cpu      ] GC(398) User=0.01s Sys=0.00s Real=0.01s
[307.448s][info][gc,start    ] GC(399) Pause Young (Normal) (G1 Evacuation Pause)
[307.448s][info][gc,task     ] GC(399) Using 8 workers of 8 for evacuation
[307.451s][info][gc,phases   ] GC(399)   Pre Evacuate Collection Set: 0.1ms
[307.451s][info][gc,phases   ] GC(399)   Merge Heap Roots: 0.1ms
[307.451s][info][gc,phases   ] GC(399)   Evacuate Collection Set: 1.9ms
[307.451s][info][gc,phases   ] GC(399)   Post Evacuate Collection Set: 0.3ms
[307.451s][info][gc,phases   ] GC(399)   Other: 0.0ms
[307.451s][info][gc,heap     ] GC(399) Eden regions: 33->0(33)
[307.451s][info][gc,heap     ] GC(399) Survivor regions: 1->1(5)
[307.451s][info][gc,heap     ] GC(399) Old regions: 13->13
[307.451s][info][gc,heap     ] GC(399) Humongous regions: 1->1
[307.451s][info][gc,metaspace] GC(399) Metaspace: 54592K(56000K)->54592K(56000K) NonClass: 47398K(48256K)->47398K(48256K) Class: 7193K(7744K)->7193K(7744K)
[307.451s][info][gc          ] GC(399) Pause Young (Normal) (G1 Evacuation Pause) 182M->50M(228M) 2.611ms
[307.451s][info][gc,cpu      ] GC(399) User=0.01s Sys=0.01s Real=0.00s
[307.842s][info][gc,start    ] GC(400) Pause Young (Normal) (G1 Evacuation Pause)
[307.842s][info][gc,task     ] GC(400) Using 8 workers of 8 for evacuation
[307.844s][info][gc,phases   ] GC(400)   Pre Evacuate Collection Set: 0.1ms
[307.844s][info][gc,phases   ] GC(400)   Merge Heap Roots: 0.1ms
[307.844s][info][gc,phases   ] GC(400)   Evacuate Collection Set: 1.6ms
[307.844s][info][gc,phases   ] GC(400)   Post Evacuate Collection Set: 0.2ms
[307.844s][info][gc,phases   ] GC(400)   Other: 0.0ms
[307.844s][info][gc,heap     ] GC(400) Eden regions: 33->0(33)
[307.844s][info][gc,heap     ] GC(400) Survivor regions: 1->1(5)
[307.844s][info][gc,heap     ] GC(400) Old regions: 13->13
[307.845s][info][gc,heap     ] GC(400) Humongous regions: 1->1
[307.845s][info][gc,metaspace] GC(400) Metaspace: 54592K(56000K)->54592K(56000K) NonClass: 47398K(48256K)->47398K(48256K) Class: 7193K(7744K)->7193K(7744K)
[307.845s][info][gc          ] GC(400) Pause Young (Normal) (G1 Evacuation Pause) 182M->50M(228M) 2.215ms
[307.845s][info][gc,cpu      ] GC(400) User=0.01s Sys=0.00s Real=0.00s
[308.115s][info][gc,start    ] GC(401) Pause Young (Normal) (G1 Evacuation Pause)
[308.115s][info][gc,task     ] GC(401) Using 8 workers of 8 for evacuation
[308.117s][info][gc,phases   ] GC(401)   Pre Evacuate Collection Set: 0.1ms
[308.117s][info][gc,phases   ] GC(401)   Merge Heap Roots: 0.1ms
[308.117s][info][gc,phases   ] GC(401)   Evacuate Collection Set: 1.7ms
[308.117s][info][gc,phases   ] GC(401)   Post Evacuate Collection Set: 0.3ms
[308.117s][info][gc,phases   ] GC(401)   Other: 0.0ms
[308.117s][info][gc,heap     ] GC(401) Eden regions: 33->0(33)
[308.117s][info][gc,heap     ] GC(401) Survivor regions: 1->1(5)
[308.117s][info][gc,heap     ] GC(401) Old regions: 13->13
[308.117s][info][gc,heap     ] GC(401) Humongous regions: 1->1
[308.117s][info][gc,metaspace] GC(401) Metaspace: 54592K(56000K)->54592K(56000K) NonClass: 47398K(48256K)->47398K(48256K) Class: 7193K(7744K)->7193K(7744K)
[308.117s][info][gc          ] GC(401) Pause Young (Normal) (G1 Evacuation Pause) 182M->50M(228M) 2.341ms
[308.117s][info][gc,cpu      ] GC(401) User=0.01s Sys=0.00s Real=0.00s
[308.439s][info][gc,start    ] GC(402) Pause Young (Normal) (G1 Evacuation Pause)
[308.439s][info][gc,task     ] GC(402) Using 8 workers of 8 for evacuation
[308.442s][info][gc,phases   ] GC(402)   Pre Evacuate Collection Set: 0.1ms
[308.442s][info][gc,phases   ] GC(402)   Merge Heap Roots: 0.1ms
[308.442s][info][gc,phases   ] GC(402)   Evacuate Collection Set: 1.7ms
[308.442s][info][gc,phases   ] GC(402)   Post Evacuate Collection Set: 0.3ms
[308.442s][info][gc,phases   ] GC(402)   Other: 0.0ms
[308.442s][info][gc,heap     ] GC(402) Eden regions: 33->0(33)
[308.442s][info][gc,heap     ] GC(402) Survivor regions: 1->1(5)
[308.442s][info][gc,heap     ] GC(402) Old regions: 13->13
[308.442s][info][gc,heap     ] GC(402) Humongous regions: 1->1
[308.442s][info][gc,metaspace] GC(402) Metaspace: 54592K(56000K)->54592K(56000K) NonClass: 47398K(48256K)->47398K(48256K) Class: 7193K(7744K)->7193K(7744K)
[308.442s][info][gc          ] GC(402) Pause Young (Normal) (G1 Evacuation Pause) 182M->50M(228M) 2.406ms
[308.442s][info][gc,cpu      ] GC(402) User=0.01s Sys=0.00s Real=0.01s
[308.686s][info][gc,start    ] GC(403) Pause Young (Normal) (G1 Evacuation Pause)
[308.686s][info][gc,task     ] GC(403) Using 8 workers of 8 for evacuation
[308.688s][info][gc,phases   ] GC(403)   Pre Evacuate Collection Set: 0.1ms
[308.688s][info][gc,phases   ] GC(403)   Merge Heap Roots: 0.1ms
[308.688s][info][gc,phases   ] GC(403)   Evacuate Collection Set: 1.6ms
[308.688s][info][gc,phases   ] GC(403)   Post Evacuate Collection Set: 0.3ms
[308.688s][info][gc,phases   ] GC(403)   Other: 0.0ms
[308.688s][info][gc,heap     ] GC(403) Eden regions: 33->0(33)
[308.688s][info][gc,heap     ] GC(403) Survivor regions: 1->1(5)
[308.688s][info][gc,heap     ] GC(403) Old regions: 13->13
[308.688s][info][gc,heap     ] GC(403) Humongous regions: 1->1
[308.688s][info][gc,metaspace] GC(403) Metaspace: 54592K(56000K)->54592K(56000K) NonClass: 47398K(48256K)->47398K(48256K) Class: 7193K(7744K)->7193K(7744K)
[308.688s][info][gc          ] GC(403) Pause Young (Normal) (G1 Evacuation Pause) 182M->50M(228M) 2.158ms
[308.688s][info][gc,cpu      ] GC(403) User=0.01s Sys=0.01s Real=0.00s
[317.193s][info][gc,start    ] GC(404) Pause Young (Normal) (G1 Evacuation Pause)
[317.193s][info][gc,task     ] GC(404) Using 8 workers of 8 for evacuation
[317.196s][info][gc,phases   ] GC(404)   Pre Evacuate Collection Set: 0.1ms
[317.196s][info][gc,phases   ] GC(404)   Merge Heap Roots: 0.1ms
[317.196s][info][gc,phases   ] GC(404)   Evacuate Collection Set: 2.1ms
[317.196s][info][gc,phases   ] GC(404)   Post Evacuate Collection Set: 0.2ms
[317.196s][info][gc,phases   ] GC(404)   Other: 0.0ms
[317.196s][info][gc,heap     ] GC(404) Eden regions: 33->0(33)
[317.196s][info][gc,heap     ] GC(404) Survivor regions: 1->1(5)
[317.196s][info][gc,heap     ] GC(404) Old regions: 13->13
[317.196s][info][gc,heap     ] GC(404) Humongous regions: 1->1
[317.196s][info][gc,metaspace] GC(404) Metaspace: 54592K(56000K)->54592K(56000K) NonClass: 47398K(48256K)->47398K(48256K) Class: 7193K(7744K)->7193K(7744K)
[317.196s][info][gc          ] GC(404) Pause Young (Normal) (G1 Evacuation Pause) 182M->50M(228M) 2.886ms
[317.196s][info][gc,cpu      ] GC(404) User=0.01s Sys=0.00s Real=0.00s
[317.538s][info][gc,start    ] GC(405) Pause Young (Normal) (G1 Evacuation Pause)
[317.538s][info][gc,task     ] GC(405) Using 8 workers of 8 for evacuation
[317.540s][info][gc,phases   ] GC(405)   Pre Evacuate Collection Set: 0.1ms
[317.540s][info][gc,phases   ] GC(405)   Merge Heap Roots: 0.1ms
[317.540s][info][gc,phases   ] GC(405)   Evacuate Collection Set: 1.6ms
[317.540s][info][gc,phases   ] GC(405)   Post Evacuate Collection Set: 0.3ms
[317.540s][info][gc,phases   ] GC(405)   Other: 0.0ms
[317.540s][info][gc,heap     ] GC(405) Eden regions: 33->0(33)
[317.540s][info][gc,heap     ] GC(405) Survivor regions: 1->1(5)
[317.540s][info][gc,heap     ] GC(405) Old regions: 13->13
[317.540s][info][gc,heap     ] GC(405) Humongous regions: 1->1
[317.540s][info][gc,metaspace] GC(405) Metaspace: 54592K(56000K)->54592K(56000K) NonClass: 47398K(48256K)->47398K(48256K) Class: 7193K(7744K)->7193K(7744K)
[317.540s][info][gc          ] GC(405) Pause Young (Normal) (G1 Evacuation Pause) 182M->50M(228M) 2.257ms
[317.540s][info][gc,cpu      ] GC(405) User=0.01s Sys=0.00s Real=0.00s
[317.948s][info][gc,start    ] GC(406) Pause Young (Normal) (G1 Evacuation Pause)
[317.948s][info][gc,task     ] GC(406) Using 8 workers of 8 for evacuation
[317.950s][info][gc,phases   ] GC(406)   Pre Evacuate Collection Set: 0.1ms
[317.950s][info][gc,phases   ] GC(406)   Merge Heap Roots: 0.1ms
[317.950s][info][gc,phases   ] GC(406)   Evacuate Collection Set: 1.6ms
[317.950s][info][gc,phases   ] GC(406)   Post Evacuate Collection Set: 0.3ms
[317.950s][info][gc,phases   ] GC(406)   Other: 0.0ms
[317.950s][info][gc,heap     ] GC(406) Eden regions: 33->0(33)
[317.950s][info][gc,heap     ] GC(406) Survivor regions: 1->1(5)
[317.950s][info][gc,heap     ] GC(406) Old regions: 13->13
[317.950s][info][gc,heap     ] GC(406) Humongous regions: 1->1
[317.950s][info][gc,metaspace] GC(406) Metaspace: 54592K(56000K)->54592K(56000K) NonClass: 47398K(48256K)->47398K(48256K) Class: 7193K(7744K)->7193K(7744K)
[317.950s][info][gc          ] GC(406) Pause Young (Normal) (G1 Evacuation Pause) 182M->50M(228M) 2.283ms
[317.950s][info][gc,cpu      ] GC(406) User=0.01s Sys=0.00s Real=0.00s
[318.356s][info][gc,start    ] GC(407) Pause Young (Normal) (G1 Evacuation Pause)
[318.356s][info][gc,task     ] GC(407) Using 8 workers of 8 for evacuation
[318.358s][info][gc,phases   ] GC(407)   Pre Evacuate Collection Set: 0.1ms
[318.358s][info][gc,phases   ] GC(407)   Merge Heap Roots: 0.1ms
[318.358s][info][gc,phases   ] GC(407)   Evacuate Collection Set: 1.6ms
[318.358s][info][gc,phases   ] GC(407)   Post Evacuate Collection Set: 0.2ms
[318.358s][info][gc,phases   ] GC(407)   Other: 0.0ms
[318.358s][info][gc,heap     ] GC(407) Eden regions: 33->0(33)
[318.358s][info][gc,heap     ] GC(407) Survivor regions: 1->1(5)
[318.358s][info][gc,heap     ] GC(407) Old regions: 13->13
[318.358s][info][gc,heap     ] GC(407) Humongous regions: 1->1
[318.358s][info][gc,metaspace] GC(407) Metaspace: 54592K(56000K)->54592K(56000K) NonClass: 47398K(48256K)->47398K(48256K) Class: 7193K(7744K)->7193K(7744K)
[318.358s][info][gc          ] GC(407) Pause Young (Normal) (G1 Evacuation Pause) 182M->51M(228M) 2.287ms
[318.358s][info][gc,cpu      ] GC(407) User=0.01s Sys=0.00s Real=0.00s
[318.721s][info][gc,start    ] GC(408) Pause Young (Normal) (G1 Evacuation Pause)
[318.721s][info][gc,task     ] GC(408) Using 8 workers of 8 for evacuation
[318.723s][info][gc,phases   ] GC(408)   Pre Evacuate Collection Set: 0.1ms
[318.723s][info][gc,phases   ] GC(408)   Merge Heap Roots: 0.1ms
[318.723s][info][gc,phases   ] GC(408)   Evacuate Collection Set: 1.7ms
[318.723s][info][gc,phases   ] GC(408)   Post Evacuate Collection Set: 0.3ms
[318.723s][info][gc,phases   ] GC(408)   Other: 0.0ms
[318.723s][info][gc,heap     ] GC(408) Eden regions: 33->0(33)
[318.723s][info][gc,heap     ] GC(408) Survivor regions: 1->1(5)
[318.723s][info][gc,heap     ] GC(408) Old regions: 13->13
[318.723s][info][gc,heap     ] GC(408) Humongous regions: 1->1
[318.723s][info][gc,metaspace] GC(408) Metaspace: 54592K(56000K)->54592K(56000K) NonClass: 47398K(48256K)->47398K(48256K) Class: 7193K(7744K)->7193K(7744K)
[318.723s][info][gc          ] GC(408) Pause Young (Normal) (G1 Evacuation Pause) 183M->51M(228M) 2.278ms
[318.723s][info][gc,cpu      ] GC(408) User=0.01s Sys=0.00s Real=0.01s
[319.048s][info][gc,start    ] GC(409) Pause Young (Normal) (G1 Evacuation Pause)
[319.048s][info][gc,task     ] GC(409) Using 8 workers of 8 for evacuation
[319.050s][info][gc,phases   ] GC(409)   Pre Evacuate Collection Set: 0.1ms
[319.050s][info][gc,phases   ] GC(409)   Merge Heap Roots: 0.1ms
[319.050s][info][gc,phases   ] GC(409)   Evacuate Collection Set: 1.6ms
[319.050s][info][gc,phases   ] GC(409)   Post Evacuate Collection Set: 0.2ms
[319.050s][info][gc,phases   ] GC(409)   Other: 0.0ms
[319.050s][info][gc,heap     ] GC(409) Eden regions: 33->0(33)
[319.050s][info][gc,heap     ] GC(409) Survivor regions: 1->1(5)
[319.050s][info][gc,heap     ] GC(409) Old regions: 13->13
[319.050s][info][gc,heap     ] GC(409) Humongous regions: 1->1
[319.050s][info][gc,metaspace] GC(409) Metaspace: 54592K(56000K)->54592K(56000K) NonClass: 47398K(48256K)->47398K(48256K) Class: 7193K(7744K)->7193K(7744K)
[319.051s][info][gc          ] GC(409) Pause Young (Normal) (G1 Evacuation Pause) 183M->51M(228M) 2.245ms
[319.051s][info][gc,cpu      ] GC(409) User=0.01s Sys=0.00s Real=0.00s
[319.390s][info][gc,start    ] GC(410) Pause Young (Normal) (G1 Evacuation Pause)
[319.390s][info][gc,task     ] GC(410) Using 8 workers of 8 for evacuation
[319.392s][info][gc,phases   ] GC(410)   Pre Evacuate Collection Set: 0.1ms
[319.392s][info][gc,phases   ] GC(410)   Merge Heap Roots: 0.1ms
[319.392s][info][gc,phases   ] GC(410)   Evacuate Collection Set: 2.0ms
[319.392s][info][gc,phases   ] GC(410)   Post Evacuate Collection Set: 0.3ms
[319.392s][info][gc,phases   ] GC(410)   Other: 0.0ms
[319.392s][info][gc,heap     ] GC(410) Eden regions: 33->0(33)
[319.392s][info][gc,heap     ] GC(410) Survivor regions: 1->1(5)
[319.392s][info][gc,heap     ] GC(410) Old regions: 13->13
[319.392s][info][gc,heap     ] GC(410) Humongous regions: 1->1
[319.392s][info][gc,metaspace] GC(410) Metaspace: 54592K(56000K)->54592K(56000K) NonClass: 47398K(48256K)->47398K(48256K) Class: 7193K(7744K)->7193K(7744K)
[319.392s][info][gc          ] GC(410) Pause Young (Normal) (G1 Evacuation Pause) 183M->51M(228M) 2.638ms
[319.392s][info][gc,cpu      ] GC(410) User=0.01s Sys=0.00s Real=0.01s
[319.706s][info][gc,start    ] GC(411) Pause Young (Normal) (G1 Evacuation Pause)
[319.706s][info][gc,task     ] GC(411) Using 8 workers of 8 for evacuation
[319.709s][info][gc,phases   ] GC(411)   Pre Evacuate Collection Set: 0.2ms
[319.709s][info][gc,phases   ] GC(411)   Merge Heap Roots: 0.1ms
[319.709s][info][gc,phases   ] GC(411)   Evacuate Collection Set: 1.9ms
[319.709s][info][gc,phases   ] GC(411)   Post Evacuate Collection Set: 0.3ms
[319.709s][info][gc,phases   ] GC(411)   Other: 0.0ms
[319.709s][info][gc,heap     ] GC(411) Eden regions: 33->0(33)
[319.709s][info][gc,heap     ] GC(411) Survivor regions: 1->1(5)
[319.709s][info][gc,heap     ] GC(411) Old regions: 13->13
[319.709s][info][gc,heap     ] GC(411) Humongous regions: 1->1
[319.709s][info][gc,metaspace] GC(411) Metaspace: 54592K(56000K)->54592K(56000K) NonClass: 47398K(48256K)->47398K(48256K) Class: 7193K(7744K)->7193K(7744K)
[319.709s][info][gc          ] GC(411) Pause Young (Normal) (G1 Evacuation Pause) 183M->51M(228M) 2.714ms
[319.709s][info][gc,cpu      ] GC(411) User=0.01s Sys=0.00s Real=0.00s
[320.305s][info][gc,start    ] GC(412) Pause Young (Normal) (G1 Evacuation Pause)
[320.305s][info][gc,task     ] GC(412) Using 8 workers of 8 for evacuation
[320.309s][info][gc,phases   ] GC(412)   Pre Evacuate Collection Set: 0.1ms
[320.309s][info][gc,phases   ] GC(412)   Merge Heap Roots: 0.1ms
[320.309s][info][gc,phases   ] GC(412)   Evacuate Collection Set: 2.8ms
[320.309s][info][gc,phases   ] GC(412)   Post Evacuate Collection Set: 0.5ms
[320.309s][info][gc,phases   ] GC(412)   Other: 0.1ms
[320.309s][info][gc,heap     ] GC(412) Eden regions: 33->0(33)
[320.309s][info][gc,heap     ] GC(412) Survivor regions: 1->1(5)
[320.309s][info][gc,heap     ] GC(412) Old regions: 13->13
[320.309s][info][gc,heap     ] GC(412) Humongous regions: 1->1
[320.309s][info][gc,metaspace] GC(412) Metaspace: 54592K(56000K)->54592K(56000K) NonClass: 47398K(48256K)->47398K(48256K) Class: 7193K(7744K)->7193K(7744K)
[320.309s][info][gc          ] GC(412) Pause Young (Normal) (G1 Evacuation Pause) 183M->51M(228M) 3.944ms
[320.309s][info][gc,cpu      ] GC(412) User=0.01s Sys=0.00s Real=0.00s
[321.086s][info][gc,start    ] GC(413) Pause Young (Normal) (G1 Evacuation Pause)
[321.086s][info][gc,task     ] GC(413) Using 8 workers of 8 for evacuation
[321.088s][info][gc,phases   ] GC(413)   Pre Evacuate Collection Set: 0.1ms
[321.088s][info][gc,phases   ] GC(413)   Merge Heap Roots: 0.1ms
[321.088s][info][gc,phases   ] GC(413)   Evacuate Collection Set: 2.0ms
[321.088s][info][gc,phases   ] GC(413)   Post Evacuate Collection Set: 0.3ms
[321.088s][info][gc,phases   ] GC(413)   Other: 0.1ms
[321.088s][info][gc,heap     ] GC(413) Eden regions: 33->0(33)
[321.088s][info][gc,heap     ] GC(413) Survivor regions: 1->1(5)
[321.088s][info][gc,heap     ] GC(413) Old regions: 13->13
[321.088s][info][gc,heap     ] GC(413) Humongous regions: 1->1
[321.088s][info][gc,metaspace] GC(413) Metaspace: 54592K(56000K)->54592K(56000K) NonClass: 47398K(48256K)->47398K(48256K) Class: 7193K(7744K)->7193K(7744K)
[321.088s][info][gc          ] GC(413) Pause Young (Normal) (G1 Evacuation Pause) 183M->51M(228M) 2.720ms
[321.088s][info][gc,cpu      ] GC(413) User=0.01s Sys=0.00s Real=0.00s
[321.432s][info][gc,start    ] GC(414) Pause Young (Normal) (G1 Evacuation Pause)
[321.432s][info][gc,task     ] GC(414) Using 8 workers of 8 for evacuation
[321.435s][info][gc,phases   ] GC(414)   Pre Evacuate Collection Set: 0.1ms
[321.435s][info][gc,phases   ] GC(414)   Merge Heap Roots: 0.1ms
[321.435s][info][gc,phases   ] GC(414)   Evacuate Collection Set: 1.8ms
[321.435s][info][gc,phases   ] GC(414)   Post Evacuate Collection Set: 0.2ms
[321.435s][info][gc,phases   ] GC(414)   Other: 0.0ms
[321.435s][info][gc,heap     ] GC(414) Eden regions: 33->0(33)
[321.435s][info][gc,heap     ] GC(414) Survivor regions: 1->1(5)
[321.435s][info][gc,heap     ] GC(414) Old regions: 13->13
[321.435s][info][gc,heap     ] GC(414) Humongous regions: 1->1
[321.435s][info][gc,metaspace] GC(414) Metaspace: 54592K(56000K)->54592K(56000K) NonClass: 47398K(48256K)->47398K(48256K) Class: 7193K(7744K)->7193K(7744K)
[321.435s][info][gc          ] GC(414) Pause Young (Normal) (G1 Evacuation Pause) 183M->51M(228M) 2.356ms
[321.435s][info][gc,cpu      ] GC(414) User=0.01s Sys=0.00s Real=0.00s
[321.896s][info][gc,start    ] GC(415) Pause Young (Normal) (G1 Evacuation Pause)
[321.896s][info][gc,task     ] GC(415) Using 8 workers of 8 for evacuation
[321.898s][info][gc,phases   ] GC(415)   Pre Evacuate Collection Set: 0.1ms
[321.898s][info][gc,phases   ] GC(415)   Merge Heap Roots: 0.1ms
[321.898s][info][gc,phases   ] GC(415)   Evacuate Collection Set: 2.0ms
[321.898s][info][gc,phases   ] GC(415)   Post Evacuate Collection Set: 0.3ms
[321.898s][info][gc,phases   ] GC(415)   Other: 0.0ms
[321.898s][info][gc,heap     ] GC(415) Eden regions: 33->0(33)
[321.898s][info][gc,heap     ] GC(415) Survivor regions: 1->1(5)
[321.898s][info][gc,heap     ] GC(415) Old regions: 13->13
[321.898s][info][gc,heap     ] GC(415) Humongous regions: 1->1
[321.898s][info][gc,metaspace] GC(415) Metaspace: 54592K(56000K)->54592K(56000K) NonClass: 47398K(48256K)->47398K(48256K) Class: 7193K(7744K)->7193K(7744K)
[321.899s][info][gc          ] GC(415) Pause Young (Normal) (G1 Evacuation Pause) 183M->51M(228M) 2.643ms
[321.899s][info][gc,cpu      ] GC(415) User=0.01s Sys=0.01s Real=0.00s
[322.461s][info][gc,start    ] GC(416) Pause Young (Normal) (G1 Evacuation Pause)
[322.462s][info][gc,task     ] GC(416) Using 8 workers of 8 for evacuation
[322.464s][info][gc,phases   ] GC(416)   Pre Evacuate Collection Set: 0.1ms
[322.464s][info][gc,phases   ] GC(416)   Merge Heap Roots: 0.1ms
[322.464s][info][gc,phases   ] GC(416)   Evacuate Collection Set: 1.9ms
[322.464s][info][gc,phases   ] GC(416)   Post Evacuate Collection Set: 0.3ms
[322.464s][info][gc,phases   ] GC(416)   Other: 0.0ms
[322.464s][info][gc,heap     ] GC(416) Eden regions: 33->0(33)
[322.464s][info][gc,heap     ] GC(416) Survivor regions: 1->1(5)
[322.464s][info][gc,heap     ] GC(416) Old regions: 13->13
[322.464s][info][gc,heap     ] GC(416) Humongous regions: 1->1
[322.464s][info][gc,metaspace] GC(416) Metaspace: 54592K(56000K)->54592K(56000K) NonClass: 47398K(48256K)->47398K(48256K) Class: 7193K(7744K)->7193K(7744K)
[322.464s][info][gc          ] GC(416) Pause Young (Normal) (G1 Evacuation Pause) 183M->51M(228M) 2.726ms
[322.464s][info][gc,cpu      ] GC(416) User=0.01s Sys=0.00s Real=0.01s
[322.854s][info][gc,start    ] GC(417) Pause Young (Normal) (G1 Evacuation Pause)
[322.854s][info][gc,task     ] GC(417) Using 8 workers of 8 for evacuation
[322.856s][info][gc,phases   ] GC(417)   Pre Evacuate Collection Set: 0.1ms
[322.856s][info][gc,phases   ] GC(417)   Merge Heap Roots: 0.1ms
[322.856s][info][gc,phases   ] GC(417)   Evacuate Collection Set: 2.2ms
[322.856s][info][gc,phases   ] GC(417)   Post Evacuate Collection Set: 0.3ms
[322.857s][info][gc,phases   ] GC(417)   Other: 0.0ms
[322.857s][info][gc,heap     ] GC(417) Eden regions: 33->0(33)
[322.857s][info][gc,heap     ] GC(417) Survivor regions: 1->1(5)
[322.857s][info][gc,heap     ] GC(417) Old regions: 13->13
[322.857s][info][gc,heap     ] GC(417) Humongous regions: 1->1
[322.857s][info][gc,metaspace] GC(417) Metaspace: 54592K(56000K)->54592K(56000K) NonClass: 47398K(48256K)->47398K(48256K) Class: 7193K(7744K)->7193K(7744K)
[322.857s][info][gc          ] GC(417) Pause Young (Normal) (G1 Evacuation Pause) 183M->51M(228M) 2.829ms
[322.857s][info][gc,cpu      ] GC(417) User=0.01s Sys=0.00s Real=0.00s
[323.171s][info][gc,start    ] GC(418) Pause Young (Normal) (G1 Evacuation Pause)
[323.171s][info][gc,task     ] GC(418) Using 8 workers of 8 for evacuation
[323.173s][info][gc,phases   ] GC(418)   Pre Evacuate Collection Set: 0.1ms
[323.173s][info][gc,phases   ] GC(418)   Merge Heap Roots: 0.1ms
[323.173s][info][gc,phases   ] GC(418)   Evacuate Collection Set: 1.8ms
[323.173s][info][gc,phases   ] GC(418)   Post Evacuate Collection Set: 0.3ms
[323.173s][info][gc,phases   ] GC(418)   Other: 0.0ms
[323.173s][info][gc,heap     ] GC(418) Eden regions: 33->0(33)
[323.173s][info][gc,heap     ] GC(418) Survivor regions: 1->1(5)
[323.173s][info][gc,heap     ] GC(418) Old regions: 13->13
[323.173s][info][gc,heap     ] GC(418) Humongous regions: 1->1
[323.173s][info][gc,metaspace] GC(418) Metaspace: 54592K(56000K)->54592K(56000K) NonClass: 47398K(48256K)->47398K(48256K) Class: 7193K(7744K)->7193K(7744K)
[323.173s][info][gc          ] GC(418) Pause Young (Normal) (G1 Evacuation Pause) 183M->51M(228M) 2.402ms
[323.173s][info][gc,cpu      ] GC(418) User=0.01s Sys=0.00s Real=0.01s
[323.531s][info][gc,start    ] GC(419) Pause Young (Normal) (G1 Evacuation Pause)
[323.531s][info][gc,task     ] GC(419) Using 8 workers of 8 for evacuation
[323.533s][info][gc,phases   ] GC(419)   Pre Evacuate Collection Set: 0.1ms
[323.533s][info][gc,phases   ] GC(419)   Merge Heap Roots: 0.1ms
[323.533s][info][gc,phases   ] GC(419)   Evacuate Collection Set: 1.6ms
[323.533s][info][gc,phases   ] GC(419)   Post Evacuate Collection Set: 0.3ms
[323.533s][info][gc,phases   ] GC(419)   Other: 0.0ms
[323.533s][info][gc,heap     ] GC(419) Eden regions: 33->0(33)
[323.533s][info][gc,heap     ] GC(419) Survivor regions: 1->1(5)
[323.533s][info][gc,heap     ] GC(419) Old regions: 13->13
[323.533s][info][gc,heap     ] GC(419) Humongous regions: 1->1
[323.533s][info][gc,metaspace] GC(419) Metaspace: 54592K(56000K)->54592K(56000K) NonClass: 47398K(48256K)->47398K(48256K) Class: 7193K(7744K)->7193K(7744K)
[323.533s][info][gc          ] GC(419) Pause Young (Normal) (G1 Evacuation Pause) 183M->51M(228M) 2.170ms
[323.533s][info][gc,cpu      ] GC(419) User=0.01s Sys=0.00s Real=0.01s
[323.870s][info][gc,start    ] GC(420) Pause Young (Normal) (G1 Evacuation Pause)
[323.870s][info][gc,task     ] GC(420) Using 8 workers of 8 for evacuation
[323.872s][info][gc,phases   ] GC(420)   Pre Evacuate Collection Set: 0.1ms
[323.872s][info][gc,phases   ] GC(420)   Merge Heap Roots: 0.1ms
[323.872s][info][gc,phases   ] GC(420)   Evacuate Collection Set: 1.4ms
[323.872s][info][gc,phases   ] GC(420)   Post Evacuate Collection Set: 0.2ms
[323.872s][info][gc,phases   ] GC(420)   Other: 0.0ms
[323.872s][info][gc,heap     ] GC(420) Eden regions: 33->0(33)
[323.872s][info][gc,heap     ] GC(420) Survivor regions: 1->1(5)
[323.872s][info][gc,heap     ] GC(420) Old regions: 13->13
[323.872s][info][gc,heap     ] GC(420) Humongous regions: 1->1
[323.872s][info][gc,metaspace] GC(420) Metaspace: 54592K(56000K)->54592K(56000K) NonClass: 47398K(48256K)->47398K(48256K) Class: 7193K(7744K)->7193K(7744K)
[323.872s][info][gc          ] GC(420) Pause Young (Normal) (G1 Evacuation Pause) 183M->51M(228M) 1.919ms
[323.872s][info][gc,cpu      ] GC(420) User=0.01s Sys=0.00s Real=0.01s
[324.174s][info][gc,start    ] GC(421) Pause Young (Normal) (G1 Evacuation Pause)
[324.174s][info][gc,task     ] GC(421) Using 8 workers of 8 for evacuation
[324.176s][info][gc,phases   ] GC(421)   Pre Evacuate Collection Set: 0.1ms
[324.176s][info][gc,phases   ] GC(421)   Merge Heap Roots: 0.1ms
[324.176s][info][gc,phases   ] GC(421)   Evacuate Collection Set: 1.5ms
[324.176s][info][gc,phases   ] GC(421)   Post Evacuate Collection Set: 0.3ms
[324.176s][info][gc,phases   ] GC(421)   Other: 0.0ms
[324.176s][info][gc,heap     ] GC(421) Eden regions: 33->0(33)
[324.176s][info][gc,heap     ] GC(421) Survivor regions: 1->1(5)
[324.176s][info][gc,heap     ] GC(421) Old regions: 13->13
[324.176s][info][gc,heap     ] GC(421) Humongous regions: 1->1
[324.176s][info][gc,metaspace] GC(421) Metaspace: 54592K(56000K)->54592K(56000K) NonClass: 47398K(48256K)->47398K(48256K) Class: 7193K(7744K)->7193K(7744K)
[324.176s][info][gc          ] GC(421) Pause Young (Normal) (G1 Evacuation Pause) 183M->51M(228M) 2.189ms
[324.176s][info][gc,cpu      ] GC(421) User=0.01s Sys=0.00s Real=0.00s
[324.523s][info][gc,start    ] GC(422) Pause Young (Normal) (G1 Evacuation Pause)
[324.523s][info][gc,task     ] GC(422) Using 8 workers of 8 for evacuation
[324.525s][info][gc,phases   ] GC(422)   Pre Evacuate Collection Set: 0.1ms
[324.525s][info][gc,phases   ] GC(422)   Merge Heap Roots: 0.1ms
[324.525s][info][gc,phases   ] GC(422)   Evacuate Collection Set: 1.7ms
[324.525s][info][gc,phases   ] GC(422)   Post Evacuate Collection Set: 0.2ms
[324.525s][info][gc,phases   ] GC(422)   Other: 0.0ms
[324.525s][info][gc,heap     ] GC(422) Eden regions: 33->0(33)
[324.525s][info][gc,heap     ] GC(422) Survivor regions: 1->1(5)
[324.525s][info][gc,heap     ] GC(422) Old regions: 13->13
[324.525s][info][gc,heap     ] GC(422) Humongous regions: 1->1
[324.525s][info][gc,metaspace] GC(422) Metaspace: 54592K(56000K)->54592K(56000K) NonClass: 47398K(48256K)->47398K(48256K) Class: 7193K(7744K)->7193K(7744K)
[324.525s][info][gc          ] GC(422) Pause Young (Normal) (G1 Evacuation Pause) 183M->51M(228M) 2.227ms
[324.525s][info][gc,cpu      ] GC(422) User=0.01s Sys=0.01s Real=0.00s
[324.836s][info][gc,start    ] GC(423) Pause Young (Normal) (G1 Evacuation Pause)
[324.836s][info][gc,task     ] GC(423) Using 8 workers of 8 for evacuation
[324.837s][info][gc,phases   ] GC(423)   Pre Evacuate Collection Set: 0.1ms
[324.837s][info][gc,phases   ] GC(423)   Merge Heap Roots: 0.1ms
[324.837s][info][gc,phases   ] GC(423)   Evacuate Collection Set: 1.4ms
[324.837s][info][gc,phases   ] GC(423)   Post Evacuate Collection Set: 0.2ms
[324.837s][info][gc,phases   ] GC(423)   Other: 0.0ms
[324.837s][info][gc,heap     ] GC(423) Eden regions: 33->0(33)
[324.837s][info][gc,heap     ] GC(423) Survivor regions: 1->1(5)
[324.837s][info][gc,heap     ] GC(423) Old regions: 13->13
[324.837s][info][gc,heap     ] GC(423) Humongous regions: 1->1
[324.837s][info][gc,metaspace] GC(423) Metaspace: 54592K(56000K)->54592K(56000K) NonClass: 47398K(48256K)->47398K(48256K) Class: 7193K(7744K)->7193K(7744K)
[324.838s][info][gc          ] GC(423) Pause Young (Normal) (G1 Evacuation Pause) 183M->51M(228M) 1.950ms
[324.838s][info][gc,cpu      ] GC(423) User=0.01s Sys=0.01s Real=0.00s
[325.153s][info][gc,start    ] GC(424) Pause Young (Normal) (G1 Evacuation Pause)
[325.153s][info][gc,task     ] GC(424) Using 8 workers of 8 for evacuation
[325.155s][info][gc,phases   ] GC(424)   Pre Evacuate Collection Set: 0.1ms
[325.155s][info][gc,phases   ] GC(424)   Merge Heap Roots: 0.1ms
[325.155s][info][gc,phases   ] GC(424)   Evacuate Collection Set: 1.8ms
[325.155s][info][gc,phases   ] GC(424)   Post Evacuate Collection Set: 0.3ms
[325.155s][info][gc,phases   ] GC(424)   Other: 0.0ms
[325.155s][info][gc,heap     ] GC(424) Eden regions: 33->0(33)
[325.155s][info][gc,heap     ] GC(424) Survivor regions: 1->1(5)
[325.155s][info][gc,heap     ] GC(424) Old regions: 13->13
[325.155s][info][gc,heap     ] GC(424) Humongous regions: 1->1
[325.155s][info][gc,metaspace] GC(424) Metaspace: 54592K(56000K)->54592K(56000K) NonClass: 47398K(48256K)->47398K(48256K) Class: 7193K(7744K)->7193K(7744K)
[325.155s][info][gc          ] GC(424) Pause Young (Normal) (G1 Evacuation Pause) 183M->51M(228M) 2.438ms
[325.155s][info][gc,cpu      ] GC(424) User=0.01s Sys=0.00s Real=0.00s
[325.623s][info][gc,start    ] GC(425) Pause Young (Normal) (G1 Evacuation Pause)
[325.624s][info][gc,task     ] GC(425) Using 8 workers of 8 for evacuation
[325.626s][info][gc,phases   ] GC(425)   Pre Evacuate Collection Set: 0.1ms
[325.626s][info][gc,phases   ] GC(425)   Merge Heap Roots: 0.1ms
[325.626s][info][gc,phases   ] GC(425)   Evacuate Collection Set: 1.7ms
[325.626s][info][gc,phases   ] GC(425)   Post Evacuate Collection Set: 0.3ms
[325.626s][info][gc,phases   ] GC(425)   Other: 0.0ms
[325.626s][info][gc,heap     ] GC(425) Eden regions: 33->0(33)
[325.626s][info][gc,heap     ] GC(425) Survivor regions: 1->1(5)
[325.626s][info][gc,heap     ] GC(425) Old regions: 13->13
[325.626s][info][gc,heap     ] GC(425) Humongous regions: 1->1
[325.626s][info][gc,metaspace] GC(425) Metaspace: 54592K(56000K)->54592K(56000K) NonClass: 47398K(48256K)->47398K(48256K) Class: 7193K(7744K)->7193K(7744K)
[325.626s][info][gc          ] GC(425) Pause Young (Normal) (G1 Evacuation Pause) 183M->51M(228M) 2.377ms
[325.626s][info][gc,cpu      ] GC(425) User=0.01s Sys=0.00s Real=0.00s
[325.977s][info][gc,start    ] GC(426) Pause Young (Normal) (G1 Evacuation Pause)
[325.977s][info][gc,task     ] GC(426) Using 8 workers of 8 for evacuation
[325.980s][info][gc,phases   ] GC(426)   Pre Evacuate Collection Set: 0.1ms
[325.980s][info][gc,phases   ] GC(426)   Merge Heap Roots: 0.1ms
[325.980s][info][gc,phases   ] GC(426)   Evacuate Collection Set: 1.6ms
[325.980s][info][gc,phases   ] GC(426)   Post Evacuate Collection Set: 0.2ms
[325.980s][info][gc,phases   ] GC(426)   Other: 0.0ms
[325.980s][info][gc,heap     ] GC(426) Eden regions: 33->0(33)
[325.980s][info][gc,heap     ] GC(426) Survivor regions: 1->1(5)
[325.980s][info][gc,heap     ] GC(426) Old regions: 13->13
[325.980s][info][gc,heap     ] GC(426) Humongous regions: 1->1
[325.980s][info][gc,metaspace] GC(426) Metaspace: 54592K(56000K)->54592K(56000K) NonClass: 47398K(48256K)->47398K(48256K) Class: 7193K(7744K)->7193K(7744K)
[325.980s][info][gc          ] GC(426) Pause Young (Normal) (G1 Evacuation Pause) 183M->51M(228M) 2.195ms
[325.980s][info][gc,cpu      ] GC(426) User=0.00s Sys=0.00s Real=0.00s
[326.399s][info][gc,start    ] GC(427) Pause Young (Normal) (G1 Evacuation Pause)
[326.399s][info][gc,task     ] GC(427) Using 8 workers of 8 for evacuation
[326.402s][info][gc,phases   ] GC(427)   Pre Evacuate Collection Set: 0.1ms
[326.402s][info][gc,phases   ] GC(427)   Merge Heap Roots: 0.1ms
[326.402s][info][gc,phases   ] GC(427)   Evacuate Collection Set: 2.0ms
[326.402s][info][gc,phases   ] GC(427)   Post Evacuate Collection Set: 0.3ms
[326.402s][info][gc,phases   ] GC(427)   Other: 0.0ms
[326.402s][info][gc,heap     ] GC(427) Eden regions: 33->0(33)
[326.402s][info][gc,heap     ] GC(427) Survivor regions: 1->1(5)
[326.402s][info][gc,heap     ] GC(427) Old regions: 13->13
[326.402s][info][gc,heap     ] GC(427) Humongous regions: 1->1
[326.402s][info][gc,metaspace] GC(427) Metaspace: 54592K(56000K)->54592K(56000K) NonClass: 47398K(48256K)->47398K(48256K) Class: 7193K(7744K)->7193K(7744K)
[326.402s][info][gc          ] GC(427) Pause Young (Normal) (G1 Evacuation Pause) 183M->52M(228M) 2.542ms
[326.402s][info][gc,cpu      ] GC(427) User=0.01s Sys=0.01s Real=0.01s
[326.818s][info][gc,start    ] GC(428) Pause Young (Normal) (G1 Evacuation Pause)
[326.818s][info][gc,task     ] GC(428) Using 8 workers of 8 for evacuation
[326.820s][info][gc,phases   ] GC(428)   Pre Evacuate Collection Set: 0.1ms
[326.820s][info][gc,phases   ] GC(428)   Merge Heap Roots: 0.1ms
[326.820s][info][gc,phases   ] GC(428)   Evacuate Collection Set: 1.8ms
[326.820s][info][gc,phases   ] GC(428)   Post Evacuate Collection Set: 0.3ms
[326.820s][info][gc,phases   ] GC(428)   Other: 0.0ms
[326.820s][info][gc,heap     ] GC(428) Eden regions: 33->0(33)
[326.820s][info][gc,heap     ] GC(428) Survivor regions: 1->1(5)
[326.820s][info][gc,heap     ] GC(428) Old regions: 13->13
[326.820s][info][gc,heap     ] GC(428) Humongous regions: 1->1
[326.820s][info][gc,metaspace] GC(428) Metaspace: 54592K(56000K)->54592K(56000K) NonClass: 47398K(48256K)->47398K(48256K) Class: 7193K(7744K)->7193K(7744K)
[326.820s][info][gc          ] GC(428) Pause Young (Normal) (G1 Evacuation Pause) 184M->52M(228M) 2.387ms
[326.820s][info][gc,cpu      ] GC(428) User=0.01s Sys=0.00s Real=0.00s
[327.127s][info][gc,start    ] GC(429) Pause Young (Normal) (G1 Evacuation Pause)
[327.127s][info][gc,task     ] GC(429) Using 8 workers of 8 for evacuation
[327.129s][info][gc,phases   ] GC(429)   Pre Evacuate Collection Set: 0.1ms
[327.129s][info][gc,phases   ] GC(429)   Merge Heap Roots: 0.1ms
[327.129s][info][gc,phases   ] GC(429)   Evacuate Collection Set: 1.5ms
[327.129s][info][gc,phases   ] GC(429)   Post Evacuate Collection Set: 0.2ms
[327.129s][info][gc,phases   ] GC(429)   Other: 0.0ms
[327.129s][info][gc,heap     ] GC(429) Eden regions: 33->0(33)
[327.129s][info][gc,heap     ] GC(429) Survivor regions: 1->1(5)
[327.129s][info][gc,heap     ] GC(429) Old regions: 13->13
[327.129s][info][gc,heap     ] GC(429) Humongous regions: 1->1
[327.129s][info][gc,metaspace] GC(429) Metaspace: 54592K(56000K)->54592K(56000K) NonClass: 47398K(48256K)->47398K(48256K) Class: 7193K(7744K)->7193K(7744K)
[327.129s][info][gc          ] GC(429) Pause Young (Normal) (G1 Evacuation Pause) 184M->52M(228M) 2.009ms
[327.129s][info][gc,cpu      ] GC(429) User=0.01s Sys=0.00s Real=0.00s
[327.544s][info][gc,start    ] GC(430) Pause Young (Normal) (G1 Evacuation Pause)
[327.545s][info][gc,task     ] GC(430) Using 8 workers of 8 for evacuation
[327.547s][info][gc,phases   ] GC(430)   Pre Evacuate Collection Set: 0.1ms
[327.547s][info][gc,phases   ] GC(430)   Merge Heap Roots: 0.1ms
[327.547s][info][gc,phases   ] GC(430)   Evacuate Collection Set: 1.7ms
[327.547s][info][gc,phases   ] GC(430)   Post Evacuate Collection Set: 0.3ms
[327.547s][info][gc,phases   ] GC(430)   Other: 0.0ms
[327.547s][info][gc,heap     ] GC(430) Eden regions: 33->0(33)
[327.547s][info][gc,heap     ] GC(430) Survivor regions: 1->1(5)
[327.547s][info][gc,heap     ] GC(430) Old regions: 13->13
[327.547s][info][gc,heap     ] GC(430) Humongous regions: 1->1
[327.547s][info][gc,metaspace] GC(430) Metaspace: 54592K(56000K)->54592K(56000K) NonClass: 47398K(48256K)->47398K(48256K) Class: 7193K(7744K)->7193K(7744K)
[327.547s][info][gc          ] GC(430) Pause Young (Normal) (G1 Evacuation Pause) 184M->52M(228M) 2.208ms
[327.547s][info][gc,cpu      ] GC(430) User=0.00s Sys=0.00s Real=0.00s
[327.877s][info][gc,start    ] GC(431) Pause Young (Normal) (G1 Evacuation Pause)
[327.877s][info][gc,task     ] GC(431) Using 8 workers of 8 for evacuation
[327.879s][info][gc,phases   ] GC(431)   Pre Evacuate Collection Set: 0.1ms
[327.879s][info][gc,phases   ] GC(431)   Merge Heap Roots: 0.1ms
[327.879s][info][gc,phases   ] GC(431)   Evacuate Collection Set: 1.7ms
[327.879s][info][gc,phases   ] GC(431)   Post Evacuate Collection Set: 0.3ms
[327.879s][info][gc,phases   ] GC(431)   Other: 0.0ms
[327.879s][info][gc,heap     ] GC(431) Eden regions: 33->0(33)
[327.879s][info][gc,heap     ] GC(431) Survivor regions: 1->1(5)
[327.879s][info][gc,heap     ] GC(431) Old regions: 13->13
[327.879s][info][gc,heap     ] GC(431) Humongous regions: 1->1
[327.879s][info][gc,metaspace] GC(431) Metaspace: 54592K(56000K)->54592K(56000K) NonClass: 47398K(48256K)->47398K(48256K) Class: 7193K(7744K)->7193K(7744K)
[327.879s][info][gc          ] GC(431) Pause Young (Normal) (G1 Evacuation Pause) 184M->52M(228M) 2.299ms
[327.879s][info][gc,cpu      ] GC(431) User=0.01s Sys=0.00s Real=0.00s
[328.326s][info][gc,start    ] GC(432) Pause Young (Normal) (G1 Evacuation Pause)
[328.326s][info][gc,task     ] GC(432) Using 8 workers of 8 for evacuation
[328.328s][info][gc,phases   ] GC(432)   Pre Evacuate Collection Set: 0.1ms
[328.328s][info][gc,phases   ] GC(432)   Merge Heap Roots: 0.1ms
[328.328s][info][gc,phases   ] GC(432)   Evacuate Collection Set: 1.6ms
[328.328s][info][gc,phases   ] GC(432)   Post Evacuate Collection Set: 0.3ms
[328.328s][info][gc,phases   ] GC(432)   Other: 0.1ms
[328.328s][info][gc,heap     ] GC(432) Eden regions: 33->0(33)
[328.328s][info][gc,heap     ] GC(432) Survivor regions: 1->1(5)
[328.328s][info][gc,heap     ] GC(432) Old regions: 13->13
[328.328s][info][gc,heap     ] GC(432) Humongous regions: 1->1
[328.328s][info][gc,metaspace] GC(432) Metaspace: 54592K(56000K)->54592K(56000K) NonClass: 47398K(48256K)->47398K(48256K) Class: 7193K(7744K)->7193K(7744K)
[328.328s][info][gc          ] GC(432) Pause Young (Normal) (G1 Evacuation Pause) 184M->52M(228M) 2.366ms
[328.328s][info][gc,cpu      ] GC(432) User=0.01s Sys=0.01s Real=0.00s
[328.697s][info][gc,start    ] GC(433) Pause Young (Normal) (G1 Evacuation Pause)
[328.697s][info][gc,task     ] GC(433) Using 8 workers of 8 for evacuation
[328.699s][info][gc,phases   ] GC(433)   Pre Evacuate Collection Set: 0.1ms
[328.699s][info][gc,phases   ] GC(433)   Merge Heap Roots: 0.1ms
[328.699s][info][gc,phases   ] GC(433)   Evacuate Collection Set: 1.6ms
[328.699s][info][gc,phases   ] GC(433)   Post Evacuate Collection Set: 0.3ms
[328.699s][info][gc,phases   ] GC(433)   Other: 0.1ms
[328.699s][info][gc,heap     ] GC(433) Eden regions: 33->0(33)
[328.699s][info][gc,heap     ] GC(433) Survivor regions: 1->1(5)
[328.699s][info][gc,heap     ] GC(433) Old regions: 13->13
[328.699s][info][gc,heap     ] GC(433) Humongous regions: 1->1
[328.699s][info][gc,metaspace] GC(433) Metaspace: 54592K(56000K)->54592K(56000K) NonClass: 47398K(48256K)->47398K(48256K) Class: 7193K(7744K)->7193K(7744K)
[328.699s][info][gc          ] GC(433) Pause Young (Normal) (G1 Evacuation Pause) 184M->52M(228M) 2.282ms
[328.699s][info][gc,cpu      ] GC(433) User=0.01s Sys=0.00s Real=0.00s
[333.085s][info][gc,start    ] GC(434) Pause Young (Normal) (G1 Evacuation Pause)
[333.085s][info][gc,task     ] GC(434) Using 8 workers of 8 for evacuation
[333.087s][info][gc,phases   ] GC(434)   Pre Evacuate Collection Set: 0.1ms
[333.087s][info][gc,phases   ] GC(434)   Merge Heap Roots: 0.1ms
[333.087s][info][gc,phases   ] GC(434)   Evacuate Collection Set: 1.6ms
[333.087s][info][gc,phases   ] GC(434)   Post Evacuate Collection Set: 0.2ms
[333.087s][info][gc,phases   ] GC(434)   Other: 0.0ms
[333.087s][info][gc,heap     ] GC(434) Eden regions: 33->0(33)
[333.087s][info][gc,heap     ] GC(434) Survivor regions: 1->1(5)
[333.087s][info][gc,heap     ] GC(434) Old regions: 13->13
[333.087s][info][gc,heap     ] GC(434) Humongous regions: 1->1
[333.087s][info][gc,metaspace] GC(434) Metaspace: 54624K(56000K)->54624K(56000K) NonClass: 47425K(48256K)->47425K(48256K) Class: 7199K(7744K)->7199K(7744K)
[333.087s][info][gc          ] GC(434) Pause Young (Normal) (G1 Evacuation Pause) 184M->52M(228M) 2.167ms
[333.087s][info][gc,cpu      ] GC(434) User=0.01s Sys=0.00s Real=0.00s
[333.443s][info][gc,start    ] GC(435) Pause Young (Normal) (G1 Evacuation Pause)
[333.443s][info][gc,task     ] GC(435) Using 8 workers of 8 for evacuation
[333.445s][info][gc,phases   ] GC(435)   Pre Evacuate Collection Set: 0.1ms
[333.445s][info][gc,phases   ] GC(435)   Merge Heap Roots: 0.1ms
[333.445s][info][gc,phases   ] GC(435)   Evacuate Collection Set: 1.6ms
[333.445s][info][gc,phases   ] GC(435)   Post Evacuate Collection Set: 0.2ms
[333.445s][info][gc,phases   ] GC(435)   Other: 0.1ms
[333.445s][info][gc,heap     ] GC(435) Eden regions: 33->0(33)
[333.445s][info][gc,heap     ] GC(435) Survivor regions: 1->1(5)
[333.445s][info][gc,heap     ] GC(435) Old regions: 13->13
[333.445s][info][gc,heap     ] GC(435) Humongous regions: 1->1
[333.445s][info][gc,metaspace] GC(435) Metaspace: 54624K(56000K)->54624K(56000K) NonClass: 47425K(48256K)->47425K(48256K) Class: 7199K(7744K)->7199K(7744K)
[333.445s][info][gc          ] GC(435) Pause Young (Normal) (G1 Evacuation Pause) 184M->52M(228M) 2.656ms
[333.445s][info][gc,cpu      ] GC(435) User=0.01s Sys=0.00s Real=0.00s
[333.708s][info][gc,start    ] GC(436) Pause Young (Normal) (G1 Evacuation Pause)
[333.708s][info][gc,task     ] GC(436) Using 8 workers of 8 for evacuation
[333.710s][info][gc,phases   ] GC(436)   Pre Evacuate Collection Set: 0.1ms
[333.710s][info][gc,phases   ] GC(436)   Merge Heap Roots: 0.1ms
[333.710s][info][gc,phases   ] GC(436)   Evacuate Collection Set: 1.7ms
[333.710s][info][gc,phases   ] GC(436)   Post Evacuate Collection Set: 0.2ms
[333.710s][info][gc,phases   ] GC(436)   Other: 0.0ms
[333.710s][info][gc,heap     ] GC(436) Eden regions: 33->0(33)
[333.710s][info][gc,heap     ] GC(436) Survivor regions: 1->1(5)
[333.710s][info][gc,heap     ] GC(436) Old regions: 13->13
[333.710s][info][gc,heap     ] GC(436) Humongous regions: 1->1
[333.710s][info][gc,metaspace] GC(436) Metaspace: 54624K(56000K)->54624K(56000K) NonClass: 47425K(48256K)->47425K(48256K) Class: 7199K(7744K)->7199K(7744K)
[333.710s][info][gc          ] GC(436) Pause Young (Normal) (G1 Evacuation Pause) 184M->52M(228M) 2.288ms
[333.710s][info][gc,cpu      ] GC(436) User=0.01s Sys=0.00s Real=0.00s
[334.014s][info][gc,start    ] GC(437) Pause Young (Normal) (G1 Evacuation Pause)
[334.014s][info][gc,task     ] GC(437) Using 8 workers of 8 for evacuation
[334.016s][info][gc,phases   ] GC(437)   Pre Evacuate Collection Set: 0.1ms
[334.016s][info][gc,phases   ] GC(437)   Merge Heap Roots: 0.1ms
[334.016s][info][gc,phases   ] GC(437)   Evacuate Collection Set: 1.8ms
[334.016s][info][gc,phases   ] GC(437)   Post Evacuate Collection Set: 0.3ms
[334.016s][info][gc,phases   ] GC(437)   Other: 0.1ms
[334.016s][info][gc,heap     ] GC(437) Eden regions: 33->0(33)
[334.016s][info][gc,heap     ] GC(437) Survivor regions: 1->1(5)
[334.016s][info][gc,heap     ] GC(437) Old regions: 13->13
[334.016s][info][gc,heap     ] GC(437) Humongous regions: 1->1
[334.016s][info][gc,metaspace] GC(437) Metaspace: 54624K(56000K)->54624K(56000K) NonClass: 47425K(48256K)->47425K(48256K) Class: 7199K(7744K)->7199K(7744K)
[334.017s][info][gc          ] GC(437) Pause Young (Normal) (G1 Evacuation Pause) 184M->52M(228M) 2.538ms
[334.017s][info][gc,cpu      ] GC(437) User=0.01s Sys=0.00s Real=0.00s
[334.438s][info][gc,start    ] GC(438) Pause Young (Normal) (G1 Evacuation Pause)
[334.438s][info][gc,task     ] GC(438) Using 8 workers of 8 for evacuation
[334.441s][info][gc,phases   ] GC(438)   Pre Evacuate Collection Set: 0.2ms
[334.441s][info][gc,phases   ] GC(438)   Merge Heap Roots: 0.1ms
[334.441s][info][gc,phases   ] GC(438)   Evacuate Collection Set: 2.2ms
[334.441s][info][gc,phases   ] GC(438)   Post Evacuate Collection Set: 0.2ms
[334.441s][info][gc,phases   ] GC(438)   Other: 0.0ms
[334.441s][info][gc,heap     ] GC(438) Eden regions: 33->0(33)
[334.441s][info][gc,heap     ] GC(438) Survivor regions: 1->1(5)
[334.441s][info][gc,heap     ] GC(438) Old regions: 13->13
[334.441s][info][gc,heap     ] GC(438) Humongous regions: 1->1
[334.441s][info][gc,metaspace] GC(438) Metaspace: 54624K(56000K)->54624K(56000K) NonClass: 47425K(48256K)->47425K(48256K) Class: 7199K(7744K)->7199K(7744K)
[334.441s][info][gc          ] GC(438) Pause Young (Normal) (G1 Evacuation Pause) 184M->52M(228M) 2.903ms
[334.441s][info][gc,cpu      ] GC(438) User=0.01s Sys=0.00s Real=0.00s
[334.850s][info][gc,start    ] GC(439) Pause Young (Normal) (G1 Evacuation Pause)
[334.850s][info][gc,task     ] GC(439) Using 8 workers of 8 for evacuation
[334.853s][info][gc,phases   ] GC(439)   Pre Evacuate Collection Set: 0.1ms
[334.853s][info][gc,phases   ] GC(439)   Merge Heap Roots: 0.1ms
[334.853s][info][gc,phases   ] GC(439)   Evacuate Collection Set: 2.2ms
[334.853s][info][gc,phases   ] GC(439)   Post Evacuate Collection Set: 0.2ms
[334.853s][info][gc,phases   ] GC(439)   Other: 0.0ms
[334.853s][info][gc,heap     ] GC(439) Eden regions: 33->0(33)
[334.853s][info][gc,heap     ] GC(439) Survivor regions: 1->1(5)
[334.853s][info][gc,heap     ] GC(439) Old regions: 13->13
[334.853s][info][gc,heap     ] GC(439) Humongous regions: 1->1
[334.853s][info][gc,metaspace] GC(439) Metaspace: 54624K(56000K)->54624K(56000K) NonClass: 47425K(48256K)->47425K(48256K) Class: 7199K(7744K)->7199K(7744K)
[334.853s][info][gc          ] GC(439) Pause Young (Normal) (G1 Evacuation Pause) 184M->52M(228M) 2.798ms
[334.853s][info][gc,cpu      ] GC(439) User=0.01s Sys=0.00s Real=0.01s
[335.397s][info][gc,start    ] GC(440) Pause Young (Normal) (G1 Evacuation Pause)
[335.397s][info][gc,task     ] GC(440) Using 8 workers of 8 for evacuation
[335.399s][info][gc,phases   ] GC(440)   Pre Evacuate Collection Set: 0.1ms
[335.399s][info][gc,phases   ] GC(440)   Merge Heap Roots: 0.1ms
[335.399s][info][gc,phases   ] GC(440)   Evacuate Collection Set: 1.6ms
[335.399s][info][gc,phases   ] GC(440)   Post Evacuate Collection Set: 0.3ms
[335.399s][info][gc,phases   ] GC(440)   Other: 0.0ms
[335.399s][info][gc,heap     ] GC(440) Eden regions: 33->0(33)
[335.400s][info][gc,heap     ] GC(440) Survivor regions: 1->1(5)
[335.400s][info][gc,heap     ] GC(440) Old regions: 13->13
[335.400s][info][gc,heap     ] GC(440) Humongous regions: 1->1
[335.400s][info][gc,metaspace] GC(440) Metaspace: 54624K(56000K)->54624K(56000K) NonClass: 47425K(48256K)->47425K(48256K) Class: 7199K(7744K)->7199K(7744K)
[335.400s][info][gc          ] GC(440) Pause Young (Normal) (G1 Evacuation Pause) 184M->52M(228M) 2.315ms
[335.400s][info][gc,cpu      ] GC(440) User=0.01s Sys=0.00s Real=0.00s
[335.918s][info][gc,start    ] GC(441) Pause Young (Normal) (G1 Evacuation Pause)
[335.919s][info][gc,task     ] GC(441) Using 8 workers of 8 for evacuation
[335.921s][info][gc,phases   ] GC(441)   Pre Evacuate Collection Set: 0.1ms
[335.921s][info][gc,phases   ] GC(441)   Merge Heap Roots: 0.1ms
[335.921s][info][gc,phases   ] GC(441)   Evacuate Collection Set: 2.2ms
[335.921s][info][gc,phases   ] GC(441)   Post Evacuate Collection Set: 0.3ms
[335.921s][info][gc,phases   ] GC(441)   Other: 0.0ms
[335.921s][info][gc,heap     ] GC(441) Eden regions: 33->0(33)
[335.921s][info][gc,heap     ] GC(441) Survivor regions: 1->1(5)
[335.921s][info][gc,heap     ] GC(441) Old regions: 13->13
[335.921s][info][gc,heap     ] GC(441) Humongous regions: 1->1
[335.921s][info][gc,metaspace] GC(441) Metaspace: 54624K(56000K)->54624K(56000K) NonClass: 47425K(48256K)->47425K(48256K) Class: 7199K(7744K)->7199K(7744K)
[335.921s][info][gc          ] GC(441) Pause Young (Normal) (G1 Evacuation Pause) 184M->52M(228M) 2.750ms
[335.921s][info][gc,cpu      ] GC(441) User=0.01s Sys=0.00s Real=0.00s
[336.373s][info][gc,start    ] GC(442) Pause Young (Normal) (G1 Evacuation Pause)
[336.373s][info][gc,task     ] GC(442) Using 8 workers of 8 for evacuation
[336.378s][info][gc,phases   ] GC(442)   Pre Evacuate Collection Set: 0.1ms
[336.378s][info][gc,phases   ] GC(442)   Merge Heap Roots: 0.1ms
[336.378s][info][gc,phases   ] GC(442)   Evacuate Collection Set: 4.8ms
[336.378s][info][gc,phases   ] GC(442)   Post Evacuate Collection Set: 0.4ms
[336.378s][info][gc,phases   ] GC(442)   Other: 0.1ms
[336.378s][info][gc,heap     ] GC(442) Eden regions: 33->0(33)
[336.378s][info][gc,heap     ] GC(442) Survivor regions: 1->1(5)
[336.378s][info][gc,heap     ] GC(442) Old regions: 13->13
[336.378s][info][gc,heap     ] GC(442) Humongous regions: 1->1
[336.378s][info][gc,metaspace] GC(442) Metaspace: 54624K(56000K)->54624K(56000K) NonClass: 47425K(48256K)->47425K(48256K) Class: 7199K(7744K)->7199K(7744K)
[336.378s][info][gc          ] GC(442) Pause Young (Normal) (G1 Evacuation Pause) 184M->52M(228M) 5.660ms
[336.378s][info][gc,cpu      ] GC(442) User=0.01s Sys=0.00s Real=0.00s
[336.868s][info][gc,start    ] GC(443) Pause Young (Normal) (G1 Evacuation Pause)
[336.868s][info][gc,task     ] GC(443) Using 8 workers of 8 for evacuation
[336.870s][info][gc,phases   ] GC(443)   Pre Evacuate Collection Set: 0.1ms
[336.870s][info][gc,phases   ] GC(443)   Merge Heap Roots: 0.1ms
[336.870s][info][gc,phases   ] GC(443)   Evacuate Collection Set: 2.0ms
[336.870s][info][gc,phases   ] GC(443)   Post Evacuate Collection Set: 0.3ms
[336.870s][info][gc,phases   ] GC(443)   Other: 0.0ms
[336.870s][info][gc,heap     ] GC(443) Eden regions: 33->0(33)
[336.870s][info][gc,heap     ] GC(443) Survivor regions: 1->1(5)
[336.870s][info][gc,heap     ] GC(443) Old regions: 13->13
[336.870s][info][gc,heap     ] GC(443) Humongous regions: 1->1
[336.870s][info][gc,metaspace] GC(443) Metaspace: 54624K(56000K)->54624K(56000K) NonClass: 47425K(48256K)->47425K(48256K) Class: 7199K(7744K)->7199K(7744K)
[336.870s][info][gc          ] GC(443) Pause Young (Normal) (G1 Evacuation Pause) 184M->52M(228M) 2.629ms
[336.870s][info][gc,cpu      ] GC(443) User=0.01s Sys=0.00s Real=0.00s
[337.242s][info][gc,start    ] GC(444) Pause Young (Normal) (G1 Evacuation Pause)
[337.242s][info][gc,task     ] GC(444) Using 8 workers of 8 for evacuation
[337.244s][info][gc,phases   ] GC(444)   Pre Evacuate Collection Set: 0.1ms
[337.244s][info][gc,phases   ] GC(444)   Merge Heap Roots: 0.1ms
[337.244s][info][gc,phases   ] GC(444)   Evacuate Collection Set: 1.7ms
[337.244s][info][gc,phases   ] GC(444)   Post Evacuate Collection Set: 0.2ms
[337.244s][info][gc,phases   ] GC(444)   Other: 0.0ms
[337.244s][info][gc,heap     ] GC(444) Eden regions: 33->0(33)
[337.244s][info][gc,heap     ] GC(444) Survivor regions: 1->1(5)
[337.244s][info][gc,heap     ] GC(444) Old regions: 13->13
[337.244s][info][gc,heap     ] GC(444) Humongous regions: 1->1
[337.244s][info][gc,metaspace] GC(444) Metaspace: 54624K(56000K)->54624K(56000K) NonClass: 47425K(48256K)->47425K(48256K) Class: 7199K(7744K)->7199K(7744K)
[337.244s][info][gc          ] GC(444) Pause Young (Normal) (G1 Evacuation Pause) 184M->52M(228M) 2.257ms
[337.244s][info][gc,cpu      ] GC(444) User=0.01s Sys=0.00s Real=0.00s
[337.644s][info][gc,start    ] GC(445) Pause Young (Normal) (G1 Evacuation Pause)
[337.644s][info][gc,task     ] GC(445) Using 8 workers of 8 for evacuation
[337.647s][info][gc,phases   ] GC(445)   Pre Evacuate Collection Set: 0.1ms
[337.647s][info][gc,phases   ] GC(445)   Merge Heap Roots: 0.1ms
[337.647s][info][gc,phases   ] GC(445)   Evacuate Collection Set: 2.2ms
[337.647s][info][gc,phases   ] GC(445)   Post Evacuate Collection Set: 0.3ms
[337.647s][info][gc,phases   ] GC(445)   Other: 0.0ms
[337.647s][info][gc,heap     ] GC(445) Eden regions: 33->0(33)
[337.647s][info][gc,heap     ] GC(445) Survivor regions: 1->1(5)
[337.647s][info][gc,heap     ] GC(445) Old regions: 13->13
[337.647s][info][gc,heap     ] GC(445) Humongous regions: 1->1
[337.647s][info][gc,metaspace] GC(445) Metaspace: 54624K(56000K)->54624K(56000K) NonClass: 47425K(48256K)->47425K(48256K) Class: 7199K(7744K)->7199K(7744K)
[337.647s][info][gc          ] GC(445) Pause Young (Normal) (G1 Evacuation Pause) 184M->53M(228M) 2.845ms
[337.647s][info][gc,cpu      ] GC(445) User=0.01s Sys=0.00s Real=0.00s
[338.753s][info][gc,start    ] GC(446) Pause Young (Normal) (G1 Evacuation Pause)
[338.753s][info][gc,task     ] GC(446) Using 8 workers of 8 for evacuation
[338.756s][info][gc,phases   ] GC(446)   Pre Evacuate Collection Set: 0.1ms
[338.756s][info][gc,phases   ] GC(446)   Merge Heap Roots: 0.1ms
[338.756s][info][gc,phases   ] GC(446)   Evacuate Collection Set: 2.5ms
[338.756s][info][gc,phases   ] GC(446)   Post Evacuate Collection Set: 0.3ms
[338.756s][info][gc,phases   ] GC(446)   Other: 0.0ms
[338.756s][info][gc,heap     ] GC(446) Eden regions: 33->0(33)
[338.756s][info][gc,heap     ] GC(446) Survivor regions: 1->1(5)
[338.756s][info][gc,heap     ] GC(446) Old regions: 13->13
[338.757s][info][gc,heap     ] GC(446) Humongous regions: 1->1
[338.757s][info][gc,metaspace] GC(446) Metaspace: 54624K(56000K)->54624K(56000K) NonClass: 47425K(48256K)->47425K(48256K) Class: 7199K(7744K)->7199K(7744K)
[338.757s][info][gc          ] GC(446) Pause Young (Normal) (G1 Evacuation Pause) 185M->53M(228M) 3.341ms
[338.757s][info][gc,cpu      ] GC(446) User=0.01s Sys=0.00s Real=0.00s
[339.149s][info][gc,start    ] GC(447) Pause Young (Normal) (G1 Evacuation Pause)
[339.149s][info][gc,task     ] GC(447) Using 8 workers of 8 for evacuation
[339.151s][info][gc,phases   ] GC(447)   Pre Evacuate Collection Set: 0.1ms
[339.151s][info][gc,phases   ] GC(447)   Merge Heap Roots: 0.1ms
[339.151s][info][gc,phases   ] GC(447)   Evacuate Collection Set: 1.6ms
[339.151s][info][gc,phases   ] GC(447)   Post Evacuate Collection Set: 0.3ms
[339.151s][info][gc,phases   ] GC(447)   Other: 0.0ms
[339.151s][info][gc,heap     ] GC(447) Eden regions: 33->0(33)
[339.151s][info][gc,heap     ] GC(447) Survivor regions: 1->1(5)
[339.151s][info][gc,heap     ] GC(447) Old regions: 13->13
[339.151s][info][gc,heap     ] GC(447) Humongous regions: 1->1
[339.151s][info][gc,metaspace] GC(447) Metaspace: 54624K(56000K)->54624K(56000K) NonClass: 47425K(48256K)->47425K(48256K) Class: 7199K(7744K)->7199K(7744K)
[339.151s][info][gc          ] GC(447) Pause Young (Normal) (G1 Evacuation Pause) 185M->53M(228M) 2.137ms
[339.151s][info][gc,cpu      ] GC(447) User=0.01s Sys=0.00s Real=0.00s
[339.591s][info][gc,start    ] GC(448) Pause Young (Normal) (G1 Evacuation Pause)
[339.591s][info][gc,task     ] GC(448) Using 8 workers of 8 for evacuation
[339.594s][info][gc,phases   ] GC(448)   Pre Evacuate Collection Set: 0.1ms
[339.594s][info][gc,phases   ] GC(448)   Merge Heap Roots: 0.1ms
[339.594s][info][gc,phases   ] GC(448)   Evacuate Collection Set: 2.2ms
[339.594s][info][gc,phases   ] GC(448)   Post Evacuate Collection Set: 0.4ms
[339.594s][info][gc,phases   ] GC(448)   Other: 0.1ms
[339.594s][info][gc,heap     ] GC(448) Eden regions: 33->0(33)
[339.594s][info][gc,heap     ] GC(448) Survivor regions: 1->1(5)
[339.594s][info][gc,heap     ] GC(448) Old regions: 13->13
[339.594s][info][gc,heap     ] GC(448) Humongous regions: 1->1
[339.594s][info][gc,metaspace] GC(448) Metaspace: 54624K(56000K)->54624K(56000K) NonClass: 47425K(48256K)->47425K(48256K) Class: 7199K(7744K)->7199K(7744K)
[339.594s][info][gc          ] GC(448) Pause Young (Normal) (G1 Evacuation Pause) 185M->53M(228M) 2.989ms
[339.594s][info][gc,cpu      ] GC(448) User=0.01s Sys=0.01s Real=0.01s
[340.064s][info][gc,start    ] GC(449) Pause Young (Normal) (G1 Evacuation Pause)
[340.064s][info][gc,task     ] GC(449) Using 8 workers of 8 for evacuation
[340.067s][info][gc,phases   ] GC(449)   Pre Evacuate Collection Set: 0.1ms
[340.067s][info][gc,phases   ] GC(449)   Merge Heap Roots: 0.1ms
[340.067s][info][gc,phases   ] GC(449)   Evacuate Collection Set: 1.7ms
[340.067s][info][gc,phases   ] GC(449)   Post Evacuate Collection Set: 0.3ms
[340.067s][info][gc,phases   ] GC(449)   Other: 0.1ms
[340.067s][info][gc,heap     ] GC(449) Eden regions: 33->0(33)
[340.067s][info][gc,heap     ] GC(449) Survivor regions: 1->1(5)
[340.067s][info][gc,heap     ] GC(449) Old regions: 13->13
[340.067s][info][gc,heap     ] GC(449) Humongous regions: 1->1
[340.067s][info][gc,metaspace] GC(449) Metaspace: 54624K(56000K)->54624K(56000K) NonClass: 47425K(48256K)->47425K(48256K) Class: 7199K(7744K)->7199K(7744K)
[340.067s][info][gc          ] GC(449) Pause Young (Normal) (G1 Evacuation Pause) 185M->53M(228M) 2.416ms
[340.067s][info][gc,cpu      ] GC(449) User=0.01s Sys=0.00s Real=0.00s
[340.390s][info][gc,start    ] GC(450) Pause Young (Normal) (G1 Evacuation Pause)
[340.390s][info][gc,task     ] GC(450) Using 8 workers of 8 for evacuation
[340.392s][info][gc,phases   ] GC(450)   Pre Evacuate Collection Set: 0.1ms
[340.392s][info][gc,phases   ] GC(450)   Merge Heap Roots: 0.0ms
[340.392s][info][gc,phases   ] GC(450)   Evacuate Collection Set: 1.8ms
[340.392s][info][gc,phases   ] GC(450)   Post Evacuate Collection Set: 0.3ms
[340.392s][info][gc,phases   ] GC(450)   Other: 0.1ms
[340.392s][info][gc,heap     ] GC(450) Eden regions: 33->0(33)
[340.392s][info][gc,heap     ] GC(450) Survivor regions: 1->1(5)
[340.392s][info][gc,heap     ] GC(450) Old regions: 13->13
[340.392s][info][gc,heap     ] GC(450) Humongous regions: 1->1
[340.392s][info][gc,metaspace] GC(450) Metaspace: 54624K(56000K)->54624K(56000K) NonClass: 47425K(48256K)->47425K(48256K) Class: 7199K(7744K)->7199K(7744K)
[340.392s][info][gc          ] GC(450) Pause Young (Normal) (G1 Evacuation Pause) 185M->53M(228M) 2.453ms
[340.392s][info][gc,cpu      ] GC(450) User=0.01s Sys=0.00s Real=0.01s
[340.691s][info][gc,start    ] GC(451) Pause Young (Normal) (G1 Evacuation Pause)
[340.691s][info][gc,task     ] GC(451) Using 8 workers of 8 for evacuation
[340.693s][info][gc,phases   ] GC(451)   Pre Evacuate Collection Set: 0.1ms
[340.693s][info][gc,phases   ] GC(451)   Merge Heap Roots: 0.1ms
[340.693s][info][gc,phases   ] GC(451)   Evacuate Collection Set: 1.5ms
[340.693s][info][gc,phases   ] GC(451)   Post Evacuate Collection Set: 0.2ms
[340.693s][info][gc,phases   ] GC(451)   Other: 0.0ms
[340.693s][info][gc,heap     ] GC(451) Eden regions: 33->0(33)
[340.693s][info][gc,heap     ] GC(451) Survivor regions: 1->1(5)
[340.693s][info][gc,heap     ] GC(451) Old regions: 13->13
[340.693s][info][gc,heap     ] GC(451) Humongous regions: 1->1
[340.693s][info][gc,metaspace] GC(451) Metaspace: 54624K(56000K)->54624K(56000K) NonClass: 47425K(48256K)->47425K(48256K) Class: 7199K(7744K)->7199K(7744K)
[340.693s][info][gc          ] GC(451) Pause Young (Normal) (G1 Evacuation Pause) 185M->53M(228M) 2.157ms
[340.693s][info][gc,cpu      ] GC(451) User=0.01s Sys=0.01s Real=0.01s
[340.969s][info][gc,start    ] GC(452) Pause Young (Normal) (G1 Evacuation Pause)
[340.969s][info][gc,task     ] GC(452) Using 8 workers of 8 for evacuation
[340.971s][info][gc,phases   ] GC(452)   Pre Evacuate Collection Set: 0.1ms
[340.971s][info][gc,phases   ] GC(452)   Merge Heap Roots: 0.1ms
[340.971s][info][gc,phases   ] GC(452)   Evacuate Collection Set: 1.7ms
[340.971s][info][gc,phases   ] GC(452)   Post Evacuate Collection Set: 0.3ms
[340.971s][info][gc,phases   ] GC(452)   Other: 0.0ms
[340.971s][info][gc,heap     ] GC(452) Eden regions: 33->0(33)
[340.971s][info][gc,heap     ] GC(452) Survivor regions: 1->1(5)
[340.971s][info][gc,heap     ] GC(452) Old regions: 13->13
[340.971s][info][gc,heap     ] GC(452) Humongous regions: 1->1
[340.971s][info][gc,metaspace] GC(452) Metaspace: 54624K(56000K)->54624K(56000K) NonClass: 47425K(48256K)->47425K(48256K) Class: 7199K(7744K)->7199K(7744K)
[340.971s][info][gc          ] GC(452) Pause Young (Normal) (G1 Evacuation Pause) 185M->53M(228M) 2.273ms
[340.971s][info][gc,cpu      ] GC(452) User=0.01s Sys=0.00s Real=0.00s
[341.280s][info][gc,start    ] GC(453) Pause Young (Normal) (G1 Evacuation Pause)
[341.280s][info][gc,task     ] GC(453) Using 8 workers of 8 for evacuation
[341.282s][info][gc,phases   ] GC(453)   Pre Evacuate Collection Set: 0.1ms
[341.282s][info][gc,phases   ] GC(453)   Merge Heap Roots: 0.1ms
[341.282s][info][gc,phases   ] GC(453)   Evacuate Collection Set: 1.7ms
[341.282s][info][gc,phases   ] GC(453)   Post Evacuate Collection Set: 0.3ms
[341.282s][info][gc,phases   ] GC(453)   Other: 0.0ms
[341.282s][info][gc,heap     ] GC(453) Eden regions: 33->0(33)
[341.282s][info][gc,heap     ] GC(453) Survivor regions: 1->1(5)
[341.282s][info][gc,heap     ] GC(453) Old regions: 13->13
[341.282s][info][gc,heap     ] GC(453) Humongous regions: 1->1
[341.282s][info][gc,metaspace] GC(453) Metaspace: 54624K(56000K)->54624K(56000K) NonClass: 47425K(48256K)->47425K(48256K) Class: 7199K(7744K)->7199K(7744K)
[341.282s][info][gc          ] GC(453) Pause Young (Normal) (G1 Evacuation Pause) 185M->53M(228M) 2.314ms
[341.282s][info][gc,cpu      ] GC(453) User=0.01s Sys=0.00s Real=0.01s
[341.603s][info][gc,start    ] GC(454) Pause Young (Normal) (G1 Evacuation Pause)
[341.603s][info][gc,task     ] GC(454) Using 8 workers of 8 for evacuation
[341.606s][info][gc,phases   ] GC(454)   Pre Evacuate Collection Set: 0.1ms
[341.606s][info][gc,phases   ] GC(454)   Merge Heap Roots: 0.1ms
[341.606s][info][gc,phases   ] GC(454)   Evacuate Collection Set: 1.7ms
[341.606s][info][gc,phases   ] GC(454)   Post Evacuate Collection Set: 0.3ms
[341.606s][info][gc,phases   ] GC(454)   Other: 0.0ms
[341.606s][info][gc,heap     ] GC(454) Eden regions: 33->0(33)
[341.606s][info][gc,heap     ] GC(454) Survivor regions: 1->1(5)
[341.606s][info][gc,heap     ] GC(454) Old regions: 13->13
[341.606s][info][gc,heap     ] GC(454) Humongous regions: 1->1
[341.606s][info][gc,metaspace] GC(454) Metaspace: 54624K(56000K)->54624K(56000K) NonClass: 47425K(48256K)->47425K(48256K) Class: 7199K(7744K)->7199K(7744K)
[341.606s][info][gc          ] GC(454) Pause Young (Normal) (G1 Evacuation Pause) 185M->53M(228M) 2.334ms
[341.606s][info][gc,cpu      ] GC(454) User=0.01s Sys=0.00s Real=0.00s
[341.863s][info][gc,start    ] GC(455) Pause Young (Normal) (G1 Evacuation Pause)
[341.863s][info][gc,task     ] GC(455) Using 8 workers of 8 for evacuation
[341.864s][info][gc,phases   ] GC(455)   Pre Evacuate Collection Set: 0.1ms
[341.864s][info][gc,phases   ] GC(455)   Merge Heap Roots: 0.1ms
[341.864s][info][gc,phases   ] GC(455)   Evacuate Collection Set: 1.4ms
[341.864s][info][gc,phases   ] GC(455)   Post Evacuate Collection Set: 0.3ms
[341.864s][info][gc,phases   ] GC(455)   Other: 0.0ms
[341.865s][info][gc,heap     ] GC(455) Eden regions: 33->0(33)
[341.865s][info][gc,heap     ] GC(455) Survivor regions: 1->1(5)
[341.865s][info][gc,heap     ] GC(455) Old regions: 13->14
[341.865s][info][gc,heap     ] GC(455) Humongous regions: 1->1
[341.865s][info][gc,metaspace] GC(455) Metaspace: 54624K(56000K)->54624K(56000K) NonClass: 47425K(48256K)->47425K(48256K) Class: 7199K(7744K)->7199K(7744K)
[341.865s][info][gc          ] GC(455) Pause Young (Normal) (G1 Evacuation Pause) 185M->53M(228M) 1.989ms
[341.865s][info][gc,cpu      ] GC(455) User=0.01s Sys=0.00s Real=0.00s
[342.121s][info][gc,start    ] GC(456) Pause Young (Normal) (G1 Evacuation Pause)
[342.121s][info][gc,task     ] GC(456) Using 8 workers of 8 for evacuation
[342.122s][info][gc,phases   ] GC(456)   Pre Evacuate Collection Set: 0.1ms
[342.122s][info][gc,phases   ] GC(456)   Merge Heap Roots: 0.1ms
[342.122s][info][gc,phases   ] GC(456)   Evacuate Collection Set: 1.4ms
[342.122s][info][gc,phases   ] GC(456)   Post Evacuate Collection Set: 0.2ms
[342.122s][info][gc,phases   ] GC(456)   Other: 0.0ms
[342.122s][info][gc,heap     ] GC(456) Eden regions: 33->0(33)
[342.122s][info][gc,heap     ] GC(456) Survivor regions: 1->1(5)
[342.122s][info][gc,heap     ] GC(456) Old regions: 14->14
[342.122s][info][gc,heap     ] GC(456) Humongous regions: 1->1
[342.122s][info][gc,metaspace] GC(456) Metaspace: 54624K(56000K)->54624K(56000K) NonClass: 47425K(48256K)->47425K(48256K) Class: 7199K(7744K)->7199K(7744K)
[342.122s][info][gc          ] GC(456) Pause Young (Normal) (G1 Evacuation Pause) 185M->53M(228M) 1.917ms
[342.122s][info][gc,cpu      ] GC(456) User=0.00s Sys=0.00s Real=0.01s
[342.525s][info][gc,start    ] GC(457) Pause Young (Normal) (G1 Evacuation Pause)
[342.525s][info][gc,task     ] GC(457) Using 8 workers of 8 for evacuation
[342.528s][info][gc,phases   ] GC(457)   Pre Evacuate Collection Set: 0.1ms
[342.528s][info][gc,phases   ] GC(457)   Merge Heap Roots: 0.1ms
[342.528s][info][gc,phases   ] GC(457)   Evacuate Collection Set: 2.0ms
[342.528s][info][gc,phases   ] GC(457)   Post Evacuate Collection Set: 0.3ms
[342.528s][info][gc,phases   ] GC(457)   Other: 0.0ms
[342.528s][info][gc,heap     ] GC(457) Eden regions: 33->0(33)
[342.528s][info][gc,heap     ] GC(457) Survivor regions: 1->1(5)
[342.528s][info][gc,heap     ] GC(457) Old regions: 14->14
[342.528s][info][gc,heap     ] GC(457) Humongous regions: 1->1
[342.528s][info][gc,metaspace] GC(457) Metaspace: 54624K(56000K)->54624K(56000K) NonClass: 47425K(48256K)->47425K(48256K) Class: 7199K(7744K)->7199K(7744K)
[342.528s][info][gc          ] GC(457) Pause Young (Normal) (G1 Evacuation Pause) 185M->53M(228M) 2.665ms
[342.528s][info][gc,cpu      ] GC(457) User=0.01s Sys=0.00s Real=0.00s
[342.871s][info][gc,start    ] GC(458) Pause Young (Normal) (G1 Evacuation Pause)
[342.871s][info][gc,task     ] GC(458) Using 8 workers of 8 for evacuation
[342.873s][info][gc,phases   ] GC(458)   Pre Evacuate Collection Set: 0.1ms
[342.873s][info][gc,phases   ] GC(458)   Merge Heap Roots: 0.1ms
[342.873s][info][gc,phases   ] GC(458)   Evacuate Collection Set: 1.9ms
[342.873s][info][gc,phases   ] GC(458)   Post Evacuate Collection Set: 0.2ms
[342.873s][info][gc,phases   ] GC(458)   Other: 0.0ms
[342.873s][info][gc,heap     ] GC(458) Eden regions: 33->0(33)
[342.873s][info][gc,heap     ] GC(458) Survivor regions: 1->1(5)
[342.873s][info][gc,heap     ] GC(458) Old regions: 14->14
[342.873s][info][gc,heap     ] GC(458) Humongous regions: 1->1
[342.873s][info][gc,metaspace] GC(458) Metaspace: 54624K(56000K)->54624K(56000K) NonClass: 47425K(48256K)->47425K(48256K) Class: 7199K(7744K)->7199K(7744K)
[342.873s][info][gc          ] GC(458) Pause Young (Normal) (G1 Evacuation Pause) 185M->53M(228M) 2.500ms
[342.873s][info][gc,cpu      ] GC(458) User=0.01s Sys=0.01s Real=0.01s
[343.217s][info][gc,start    ] GC(459) Pause Young (Normal) (G1 Evacuation Pause)
[343.218s][info][gc,task     ] GC(459) Using 8 workers of 8 for evacuation
[343.219s][info][gc,phases   ] GC(459)   Pre Evacuate Collection Set: 0.1ms
[343.219s][info][gc,phases   ] GC(459)   Merge Heap Roots: 0.1ms
[343.219s][info][gc,phases   ] GC(459)   Evacuate Collection Set: 1.4ms
[343.219s][info][gc,phases   ] GC(459)   Post Evacuate Collection Set: 0.3ms
[343.219s][info][gc,phases   ] GC(459)   Other: 0.0ms
[343.219s][info][gc,heap     ] GC(459) Eden regions: 33->0(33)
[343.219s][info][gc,heap     ] GC(459) Survivor regions: 1->1(5)
[343.219s][info][gc,heap     ] GC(459) Old regions: 14->14
[343.219s][info][gc,heap     ] GC(459) Humongous regions: 1->1
[343.219s][info][gc,metaspace] GC(459) Metaspace: 54624K(56000K)->54624K(56000K) NonClass: 47425K(48256K)->47425K(48256K) Class: 7199K(7744K)->7199K(7744K)
[343.219s][info][gc          ] GC(459) Pause Young (Normal) (G1 Evacuation Pause) 185M->53M(228M) 2.009ms
[343.219s][info][gc,cpu      ] GC(459) User=0.00s Sys=0.00s Real=0.00s
[343.538s][info][gc,start    ] GC(460) Pause Young (Normal) (G1 Evacuation Pause)
[343.538s][info][gc,task     ] GC(460) Using 8 workers of 8 for evacuation
[343.540s][info][gc,phases   ] GC(460)   Pre Evacuate Collection Set: 0.1ms
[343.540s][info][gc,phases   ] GC(460)   Merge Heap Roots: 0.1ms
[343.540s][info][gc,phases   ] GC(460)   Evacuate Collection Set: 1.4ms
[343.540s][info][gc,phases   ] GC(460)   Post Evacuate Collection Set: 0.2ms
[343.540s][info][gc,phases   ] GC(460)   Other: 0.0ms
[343.540s][info][gc,heap     ] GC(460) Eden regions: 33->0(33)
[343.540s][info][gc,heap     ] GC(460) Survivor regions: 1->1(5)
[343.540s][info][gc,heap     ] GC(460) Old regions: 14->14
[343.540s][info][gc,heap     ] GC(460) Humongous regions: 1->1
[343.540s][info][gc,metaspace] GC(460) Metaspace: 54624K(56000K)->54624K(56000K) NonClass: 47425K(48256K)->47425K(48256K) Class: 7199K(7744K)->7199K(7744K)
[343.540s][info][gc          ] GC(460) Pause Young (Normal) (G1 Evacuation Pause) 185M->53M(228M) 1.971ms
[343.540s][info][gc,cpu      ] GC(460) User=0.01s Sys=0.00s Real=0.00s
[343.993s][info][gc,start    ] GC(461) Pause Young (Normal) (G1 Evacuation Pause)
[343.993s][info][gc,task     ] GC(461) Using 8 workers of 8 for evacuation
[343.995s][info][gc,phases   ] GC(461)   Pre Evacuate Collection Set: 0.1ms
[343.995s][info][gc,phases   ] GC(461)   Merge Heap Roots: 0.1ms
[343.996s][info][gc,phases   ] GC(461)   Evacuate Collection Set: 1.8ms
[343.996s][info][gc,phases   ] GC(461)   Post Evacuate Collection Set: 0.5ms
[343.996s][info][gc,phases   ] GC(461)   Other: 0.0ms
[343.996s][info][gc,heap     ] GC(461) Eden regions: 33->0(33)
[343.996s][info][gc,heap     ] GC(461) Survivor regions: 1->1(5)
[343.996s][info][gc,heap     ] GC(461) Old regions: 14->14
[343.996s][info][gc,heap     ] GC(461) Humongous regions: 1->1
[343.996s][info][gc,metaspace] GC(461) Metaspace: 54624K(56000K)->54624K(56000K) NonClass: 47425K(48256K)->47425K(48256K) Class: 7199K(7744K)->7199K(7744K)
[343.996s][info][gc          ] GC(461) Pause Young (Normal) (G1 Evacuation Pause) 185M->53M(228M) 2.809ms
[343.996s][info][gc,cpu      ] GC(461) User=0.01s Sys=0.00s Real=0.00s
[347.976s][info][gc,start    ] GC(462) Pause Young (Normal) (G1 Evacuation Pause)
[347.976s][info][gc,task     ] GC(462) Using 8 workers of 8 for evacuation
[347.979s][info][gc,phases   ] GC(462)   Pre Evacuate Collection Set: 0.2ms
[347.979s][info][gc,phases   ] GC(462)   Merge Heap Roots: 0.1ms
[347.979s][info][gc,phases   ] GC(462)   Evacuate Collection Set: 2.0ms
[347.979s][info][gc,phases   ] GC(462)   Post Evacuate Collection Set: 0.5ms
[347.979s][info][gc,phases   ] GC(462)   Other: 0.1ms
[347.979s][info][gc,heap     ] GC(462) Eden regions: 33->0(33)
[347.979s][info][gc,heap     ] GC(462) Survivor regions: 1->1(5)
[347.979s][info][gc,heap     ] GC(462) Old regions: 14->14
[347.979s][info][gc,heap     ] GC(462) Humongous regions: 1->1
[347.979s][info][gc,metaspace] GC(462) Metaspace: 54624K(56000K)->54624K(56000K) NonClass: 47425K(48256K)->47425K(48256K) Class: 7199K(7744K)->7199K(7744K)
[347.979s][info][gc          ] GC(462) Pause Young (Normal) (G1 Evacuation Pause) 185M->53M(228M) 3.088ms
[347.979s][info][gc,cpu      ] GC(462) User=0.01s Sys=0.00s Real=0.00s
[348.271s][info][gc,start    ] GC(463) Pause Young (Normal) (G1 Evacuation Pause)
[348.271s][info][gc,task     ] GC(463) Using 8 workers of 8 for evacuation
[348.274s][info][gc,phases   ] GC(463)   Pre Evacuate Collection Set: 0.1ms
[348.274s][info][gc,phases   ] GC(463)   Merge Heap Roots: 0.1ms
[348.274s][info][gc,phases   ] GC(463)   Evacuate Collection Set: 1.7ms
[348.274s][info][gc,phases   ] GC(463)   Post Evacuate Collection Set: 0.2ms
[348.274s][info][gc,phases   ] GC(463)   Other: 0.0ms
[348.274s][info][gc,heap     ] GC(463) Eden regions: 33->0(33)
[348.274s][info][gc,heap     ] GC(463) Survivor regions: 1->1(5)
[348.274s][info][gc,heap     ] GC(463) Old regions: 14->14
[348.274s][info][gc,heap     ] GC(463) Humongous regions: 1->1
[348.274s][info][gc,metaspace] GC(463) Metaspace: 54624K(56000K)->54624K(56000K) NonClass: 47425K(48256K)->47425K(48256K) Class: 7199K(7744K)->7199K(7744K)
[348.274s][info][gc          ] GC(463) Pause Young (Normal) (G1 Evacuation Pause) 185M->54M(228M) 2.354ms
[348.274s][info][gc,cpu      ] GC(463) User=0.01s Sys=0.00s Real=0.01s
[348.583s][info][gc,start    ] GC(464) Pause Young (Normal) (G1 Evacuation Pause)
[348.583s][info][gc,task     ] GC(464) Using 8 workers of 8 for evacuation
[348.585s][info][gc,phases   ] GC(464)   Pre Evacuate Collection Set: 0.1ms
[348.585s][info][gc,phases   ] GC(464)   Merge Heap Roots: 0.1ms
[348.585s][info][gc,phases   ] GC(464)   Evacuate Collection Set: 1.7ms
[348.585s][info][gc,phases   ] GC(464)   Post Evacuate Collection Set: 0.3ms
[348.585s][info][gc,phases   ] GC(464)   Other: 0.1ms
[348.585s][info][gc,heap     ] GC(464) Eden regions: 33->0(33)
[348.585s][info][gc,heap     ] GC(464) Survivor regions: 1->1(5)
[348.585s][info][gc,heap     ] GC(464) Old regions: 14->14
[348.585s][info][gc,heap     ] GC(464) Humongous regions: 1->1
[348.585s][info][gc,metaspace] GC(464) Metaspace: 54624K(56000K)->54624K(56000K) NonClass: 47425K(48256K)->47425K(48256K) Class: 7199K(7744K)->7199K(7744K)
[348.585s][info][gc          ] GC(464) Pause Young (Normal) (G1 Evacuation Pause) 186M->54M(228M) 2.419ms
[348.585s][info][gc,cpu      ] GC(464) User=0.00s Sys=0.00s Real=0.00s
[348.846s][info][gc,start    ] GC(465) Pause Young (Normal) (G1 Evacuation Pause)
[348.846s][info][gc,task     ] GC(465) Using 8 workers of 8 for evacuation
[348.848s][info][gc,phases   ] GC(465)   Pre Evacuate Collection Set: 0.1ms
[348.848s][info][gc,phases   ] GC(465)   Merge Heap Roots: 0.1ms
[348.848s][info][gc,phases   ] GC(465)   Evacuate Collection Set: 1.7ms
[348.848s][info][gc,phases   ] GC(465)   Post Evacuate Collection Set: 0.3ms
[348.848s][info][gc,phases   ] GC(465)   Other: 0.1ms
[348.848s][info][gc,heap     ] GC(465) Eden regions: 33->0(33)
[348.848s][info][gc,heap     ] GC(465) Survivor regions: 1->1(5)
[348.848s][info][gc,heap     ] GC(465) Old regions: 14->14
[348.848s][info][gc,heap     ] GC(465) Humongous regions: 1->1
[348.848s][info][gc,metaspace] GC(465) Metaspace: 54624K(56000K)->54624K(56000K) NonClass: 47425K(48256K)->47425K(48256K) Class: 7199K(7744K)->7199K(7744K)
[348.848s][info][gc          ] GC(465) Pause Young (Normal) (G1 Evacuation Pause) 186M->54M(228M) 2.358ms
[348.848s][info][gc,cpu      ] GC(465) User=0.01s Sys=0.01s Real=0.00s
[349.127s][info][gc,start    ] GC(466) Pause Young (Normal) (G1 Evacuation Pause)
[349.127s][info][gc,task     ] GC(466) Using 8 workers of 8 for evacuation
[349.129s][info][gc,phases   ] GC(466)   Pre Evacuate Collection Set: 0.1ms
[349.129s][info][gc,phases   ] GC(466)   Merge Heap Roots: 0.1ms
[349.129s][info][gc,phases   ] GC(466)   Evacuate Collection Set: 2.1ms
[349.129s][info][gc,phases   ] GC(466)   Post Evacuate Collection Set: 0.3ms
[349.129s][info][gc,phases   ] GC(466)   Other: 0.1ms
[349.129s][info][gc,heap     ] GC(466) Eden regions: 33->0(33)
[349.129s][info][gc,heap     ] GC(466) Survivor regions: 1->1(5)
[349.129s][info][gc,heap     ] GC(466) Old regions: 14->14
[349.129s][info][gc,heap     ] GC(466) Humongous regions: 1->1
[349.129s][info][gc,metaspace] GC(466) Metaspace: 54624K(56000K)->54624K(56000K) NonClass: 47425K(48256K)->47425K(48256K) Class: 7199K(7744K)->7199K(7744K)
[349.129s][info][gc          ] GC(466) Pause Young (Normal) (G1 Evacuation Pause) 186M->54M(228M) 2.796ms
[349.129s][info][gc,cpu      ] GC(466) User=0.00s Sys=0.00s Real=0.00s
[349.467s][info][gc,start    ] GC(467) Pause Young (Normal) (G1 Evacuation Pause)
[349.467s][info][gc,task     ] GC(467) Using 8 workers of 8 for evacuation
[349.469s][info][gc,phases   ] GC(467)   Pre Evacuate Collection Set: 0.1ms
[349.469s][info][gc,phases   ] GC(467)   Merge Heap Roots: 0.1ms
[349.469s][info][gc,phases   ] GC(467)   Evacuate Collection Set: 1.7ms
[349.469s][info][gc,phases   ] GC(467)   Post Evacuate Collection Set: 0.2ms
[349.469s][info][gc,phases   ] GC(467)   Other: 0.0ms
[349.469s][info][gc,heap     ] GC(467) Eden regions: 33->0(33)
[349.469s][info][gc,heap     ] GC(467) Survivor regions: 1->1(5)
[349.469s][info][gc,heap     ] GC(467) Old regions: 14->14
[349.469s][info][gc,heap     ] GC(467) Humongous regions: 1->1
[349.469s][info][gc,metaspace] GC(467) Metaspace: 54624K(56000K)->54624K(56000K) NonClass: 47425K(48256K)->47425K(48256K) Class: 7199K(7744K)->7199K(7744K)
[349.469s][info][gc          ] GC(467) Pause Young (Normal) (G1 Evacuation Pause) 186M->54M(228M) 2.307ms
[349.469s][info][gc,cpu      ] GC(467) User=0.01s Sys=0.00s Real=0.00s
[349.704s][info][gc,start    ] GC(468) Pause Young (Normal) (G1 Evacuation Pause)
[349.704s][info][gc,task     ] GC(468) Using 8 workers of 8 for evacuation
[349.706s][info][gc,phases   ] GC(468)   Pre Evacuate Collection Set: 0.1ms
[349.706s][info][gc,phases   ] GC(468)   Merge Heap Roots: 0.2ms
[349.706s][info][gc,phases   ] GC(468)   Evacuate Collection Set: 1.5ms
[349.706s][info][gc,phases   ] GC(468)   Post Evacuate Collection Set: 0.3ms
[349.706s][info][gc,phases   ] GC(468)   Other: 0.0ms
[349.706s][info][gc,heap     ] GC(468) Eden regions: 33->0(33)
[349.706s][info][gc,heap     ] GC(468) Survivor regions: 1->1(5)
[349.706s][info][gc,heap     ] GC(468) Old regions: 14->14
[349.706s][info][gc,heap     ] GC(468) Humongous regions: 1->1
[349.706s][info][gc,metaspace] GC(468) Metaspace: 54624K(56000K)->54624K(56000K) NonClass: 47425K(48256K)->47425K(48256K) Class: 7199K(7744K)->7199K(7744K)
[349.706s][info][gc          ] GC(468) Pause Young (Normal) (G1 Evacuation Pause) 186M->54M(228M) 2.228ms
[349.706s][info][gc,cpu      ] GC(468) User=0.01s Sys=0.00s Real=0.00s
[350.011s][info][gc,start    ] GC(469) Pause Young (Normal) (G1 Evacuation Pause)
[350.011s][info][gc,task     ] GC(469) Using 8 workers of 8 for evacuation
[350.013s][info][gc,phases   ] GC(469)   Pre Evacuate Collection Set: 0.1ms
[350.013s][info][gc,phases   ] GC(469)   Merge Heap Roots: 0.1ms
[350.013s][info][gc,phases   ] GC(469)   Evacuate Collection Set: 1.4ms
[350.013s][info][gc,phases   ] GC(469)   Post Evacuate Collection Set: 0.2ms
[350.013s][info][gc,phases   ] GC(469)   Other: 0.0ms
[350.013s][info][gc,heap     ] GC(469) Eden regions: 33->0(33)
[350.013s][info][gc,heap     ] GC(469) Survivor regions: 1->1(5)
[350.013s][info][gc,heap     ] GC(469) Old regions: 14->14
[350.013s][info][gc,heap     ] GC(469) Humongous regions: 1->1
[350.013s][info][gc,metaspace] GC(469) Metaspace: 54624K(56000K)->54624K(56000K) NonClass: 47425K(48256K)->47425K(48256K) Class: 7199K(7744K)->7199K(7744K)
[350.013s][info][gc          ] GC(469) Pause Young (Normal) (G1 Evacuation Pause) 186M->54M(228M) 1.945ms
[350.013s][info][gc,cpu      ] GC(469) User=0.01s Sys=0.00s Real=0.01s
[350.358s][info][gc,start    ] GC(470) Pause Young (Normal) (G1 Evacuation Pause)
[350.358s][info][gc,task     ] GC(470) Using 8 workers of 8 for evacuation
[350.361s][info][gc,phases   ] GC(470)   Pre Evacuate Collection Set: 0.1ms
[350.361s][info][gc,phases   ] GC(470)   Merge Heap Roots: 0.1ms
[350.361s][info][gc,phases   ] GC(470)   Evacuate Collection Set: 1.8ms
[350.361s][info][gc,phases   ] GC(470)   Post Evacuate Collection Set: 0.3ms
[350.361s][info][gc,phases   ] GC(470)   Other: 0.0ms
[350.361s][info][gc,heap     ] GC(470) Eden regions: 33->0(33)
[350.361s][info][gc,heap     ] GC(470) Survivor regions: 1->1(5)
[350.361s][info][gc,heap     ] GC(470) Old regions: 14->14
[350.361s][info][gc,heap     ] GC(470) Humongous regions: 1->1
[350.361s][info][gc,metaspace] GC(470) Metaspace: 54624K(56000K)->54624K(56000K) NonClass: 47425K(48256K)->47425K(48256K) Class: 7199K(7744K)->7199K(7744K)
[350.361s][info][gc          ] GC(470) Pause Young (Normal) (G1 Evacuation Pause) 186M->54M(228M) 2.439ms
[350.361s][info][gc,cpu      ] GC(470) User=0.00s Sys=0.00s Real=0.00s
[350.698s][info][gc,start    ] GC(471) Pause Young (Normal) (G1 Evacuation Pause)
[350.698s][info][gc,task     ] GC(471) Using 8 workers of 8 for evacuation
[350.699s][info][gc,phases   ] GC(471)   Pre Evacuate Collection Set: 0.1ms
[350.699s][info][gc,phases   ] GC(471)   Merge Heap Roots: 0.1ms
[350.699s][info][gc,phases   ] GC(471)   Evacuate Collection Set: 1.3ms
[350.699s][info][gc,phases   ] GC(471)   Post Evacuate Collection Set: 0.2ms
[350.699s][info][gc,phases   ] GC(471)   Other: 0.0ms
[350.699s][info][gc,heap     ] GC(471) Eden regions: 33->0(33)
[350.699s][info][gc,heap     ] GC(471) Survivor regions: 1->1(5)
[350.699s][info][gc,heap     ] GC(471) Old regions: 14->14
[350.699s][info][gc,heap     ] GC(471) Humongous regions: 1->1
[350.699s][info][gc,metaspace] GC(471) Metaspace: 54624K(56000K)->54624K(56000K) NonClass: 47425K(48256K)->47425K(48256K) Class: 7199K(7744K)->7199K(7744K)
[350.699s][info][gc          ] GC(471) Pause Young (Normal) (G1 Evacuation Pause) 186M->54M(228M) 1.921ms
[350.699s][info][gc,cpu      ] GC(471) User=0.01s Sys=0.00s Real=0.00s
[351.061s][info][gc,start    ] GC(472) Pause Young (Normal) (G1 Evacuation Pause)
[351.061s][info][gc,task     ] GC(472) Using 8 workers of 8 for evacuation
[351.063s][info][gc,phases   ] GC(472)   Pre Evacuate Collection Set: 0.1ms
[351.063s][info][gc,phases   ] GC(472)   Merge Heap Roots: 0.1ms
[351.063s][info][gc,phases   ] GC(472)   Evacuate Collection Set: 1.6ms
[351.063s][info][gc,phases   ] GC(472)   Post Evacuate Collection Set: 0.3ms
[351.063s][info][gc,phases   ] GC(472)   Other: 0.0ms
[351.063s][info][gc,heap     ] GC(472) Eden regions: 33->0(33)
[351.063s][info][gc,heap     ] GC(472) Survivor regions: 1->1(5)
[351.063s][info][gc,heap     ] GC(472) Old regions: 14->14
[351.063s][info][gc,heap     ] GC(472) Humongous regions: 1->1
[351.063s][info][gc,metaspace] GC(472) Metaspace: 54624K(56000K)->54624K(56000K) NonClass: 47425K(48256K)->47425K(48256K) Class: 7199K(7744K)->7199K(7744K)
[351.063s][info][gc          ] GC(472) Pause Young (Normal) (G1 Evacuation Pause) 186M->54M(228M) 2.245ms
[351.063s][info][gc,cpu      ] GC(472) User=0.01s Sys=0.00s Real=0.01s
[351.343s][info][gc,start    ] GC(473) Pause Young (Normal) (G1 Evacuation Pause)
[351.343s][info][gc,task     ] GC(473) Using 8 workers of 8 for evacuation
[351.345s][info][gc,phases   ] GC(473)   Pre Evacuate Collection Set: 0.1ms
[351.345s][info][gc,phases   ] GC(473)   Merge Heap Roots: 0.1ms
[351.345s][info][gc,phases   ] GC(473)   Evacuate Collection Set: 1.7ms
[351.345s][info][gc,phases   ] GC(473)   Post Evacuate Collection Set: 0.2ms
[351.345s][info][gc,phases   ] GC(473)   Other: 0.0ms
[351.345s][info][gc,heap     ] GC(473) Eden regions: 33->0(33)
[351.345s][info][gc,heap     ] GC(473) Survivor regions: 1->1(5)
[351.345s][info][gc,heap     ] GC(473) Old regions: 14->14
[351.345s][info][gc,heap     ] GC(473) Humongous regions: 1->1
[351.345s][info][gc,metaspace] GC(473) Metaspace: 54624K(56000K)->54624K(56000K) NonClass: 47425K(48256K)->47425K(48256K) Class: 7199K(7744K)->7199K(7744K)
[351.345s][info][gc          ] GC(473) Pause Young (Normal) (G1 Evacuation Pause) 186M->54M(228M) 2.349ms
[351.345s][info][gc,cpu      ] GC(473) User=0.00s Sys=0.00s Real=0.00s
[351.691s][info][gc,start    ] GC(474) Pause Young (Normal) (G1 Evacuation Pause)
[351.692s][info][gc,task     ] GC(474) Using 8 workers of 8 for evacuation
[351.694s][info][gc,phases   ] GC(474)   Pre Evacuate Collection Set: 0.1ms
[351.694s][info][gc,phases   ] GC(474)   Merge Heap Roots: 0.1ms
[351.694s][info][gc,phases   ] GC(474)   Evacuate Collection Set: 1.8ms
[351.694s][info][gc,phases   ] GC(474)   Post Evacuate Collection Set: 0.3ms
[351.694s][info][gc,phases   ] GC(474)   Other: 0.0ms
[351.694s][info][gc,heap     ] GC(474) Eden regions: 33->0(33)
[351.694s][info][gc,heap     ] GC(474) Survivor regions: 1->1(5)
[351.694s][info][gc,heap     ] GC(474) Old regions: 14->14
[351.694s][info][gc,heap     ] GC(474) Humongous regions: 1->1
[351.694s][info][gc,metaspace] GC(474) Metaspace: 54624K(56000K)->54624K(56000K) NonClass: 47425K(48256K)->47425K(48256K) Class: 7199K(7744K)->7199K(7744K)
[351.694s][info][gc          ] GC(474) Pause Young (Normal) (G1 Evacuation Pause) 186M->54M(228M) 2.397ms
[351.694s][info][gc,cpu      ] GC(474) User=0.01s Sys=0.00s Real=0.01s
[352.009s][info][gc,start    ] GC(475) Pause Young (Normal) (G1 Evacuation Pause)
[352.009s][info][gc,task     ] GC(475) Using 8 workers of 8 for evacuation
[352.011s][info][gc,phases   ] GC(475)   Pre Evacuate Collection Set: 0.1ms
[352.011s][info][gc,phases   ] GC(475)   Merge Heap Roots: 0.0ms
[352.011s][info][gc,phases   ] GC(475)   Evacuate Collection Set: 1.4ms
[352.011s][info][gc,phases   ] GC(475)   Post Evacuate Collection Set: 0.2ms
[352.011s][info][gc,phases   ] GC(475)   Other: 0.0ms
[352.011s][info][gc,heap     ] GC(475) Eden regions: 33->0(33)
[352.011s][info][gc,heap     ] GC(475) Survivor regions: 1->1(5)
[352.011s][info][gc,heap     ] GC(475) Old regions: 14->14
[352.011s][info][gc,heap     ] GC(475) Humongous regions: 1->1
[352.011s][info][gc,metaspace] GC(475) Metaspace: 54624K(56000K)->54624K(56000K) NonClass: 47425K(48256K)->47425K(48256K) Class: 7199K(7744K)->7199K(7744K)
[352.011s][info][gc          ] GC(475) Pause Young (Normal) (G1 Evacuation Pause) 186M->54M(228M) 2.032ms
[352.011s][info][gc,cpu      ] GC(475) User=0.01s Sys=0.00s Real=0.00s
[352.282s][info][gc,start    ] GC(476) Pause Young (Normal) (G1 Evacuation Pause)
[352.282s][info][gc,task     ] GC(476) Using 8 workers of 8 for evacuation
[352.285s][info][gc,phases   ] GC(476)   Pre Evacuate Collection Set: 0.1ms
[352.285s][info][gc,phases   ] GC(476)   Merge Heap Roots: 0.1ms
[352.285s][info][gc,phases   ] GC(476)   Evacuate Collection Set: 2.2ms
[352.285s][info][gc,phases   ] GC(476)   Post Evacuate Collection Set: 0.3ms
[352.285s][info][gc,phases   ] GC(476)   Other: 0.0ms
[352.285s][info][gc,heap     ] GC(476) Eden regions: 33->0(33)
[352.285s][info][gc,heap     ] GC(476) Survivor regions: 1->1(5)
[352.285s][info][gc,heap     ] GC(476) Old regions: 14->14
[352.285s][info][gc,heap     ] GC(476) Humongous regions: 1->1
[352.285s][info][gc,metaspace] GC(476) Metaspace: 54624K(56000K)->54624K(56000K) NonClass: 47425K(48256K)->47425K(48256K) Class: 7199K(7744K)->7199K(7744K)
[352.285s][info][gc          ] GC(476) Pause Young (Normal) (G1 Evacuation Pause) 186M->54M(228M) 2.867ms
[352.285s][info][gc,cpu      ] GC(476) User=0.01s Sys=0.01s Real=0.00s
[352.801s][info][gc,start    ] GC(477) Pause Young (Normal) (G1 Evacuation Pause)
[352.801s][info][gc,task     ] GC(477) Using 8 workers of 8 for evacuation
[352.803s][info][gc,phases   ] GC(477)   Pre Evacuate Collection Set: 0.1ms
[352.803s][info][gc,phases   ] GC(477)   Merge Heap Roots: 0.1ms
[352.803s][info][gc,phases   ] GC(477)   Evacuate Collection Set: 1.7ms
[352.803s][info][gc,phases   ] GC(477)   Post Evacuate Collection Set: 0.2ms
[352.803s][info][gc,phases   ] GC(477)   Other: 0.0ms
[352.803s][info][gc,heap     ] GC(477) Eden regions: 33->0(33)
[352.803s][info][gc,heap     ] GC(477) Survivor regions: 1->1(5)
[352.803s][info][gc,heap     ] GC(477) Old regions: 14->14
[352.803s][info][gc,heap     ] GC(477) Humongous regions: 1->1
[352.803s][info][gc,metaspace] GC(477) Metaspace: 54624K(56000K)->54624K(56000K) NonClass: 47425K(48256K)->47425K(48256K) Class: 7199K(7744K)->7199K(7744K)
[352.803s][info][gc          ] GC(477) Pause Young (Normal) (G1 Evacuation Pause) 186M->54M(228M) 2.251ms
[352.803s][info][gc,cpu      ] GC(477) User=0.01s Sys=0.00s Real=0.01s
[353.044s][info][gc,start    ] GC(478) Pause Young (Normal) (G1 Evacuation Pause)
[353.044s][info][gc,task     ] GC(478) Using 8 workers of 8 for evacuation
[353.046s][info][gc,phases   ] GC(478)   Pre Evacuate Collection Set: 0.1ms
[353.046s][info][gc,phases   ] GC(478)   Merge Heap Roots: 0.1ms
[353.046s][info][gc,phases   ] GC(478)   Evacuate Collection Set: 1.5ms
[353.046s][info][gc,phases   ] GC(478)   Post Evacuate Collection Set: 0.2ms
[353.046s][info][gc,phases   ] GC(478)   Other: 0.0ms
[353.046s][info][gc,heap     ] GC(478) Eden regions: 33->0(33)
[353.046s][info][gc,heap     ] GC(478) Survivor regions: 1->1(5)
[353.046s][info][gc,heap     ] GC(478) Old regions: 14->14
[353.046s][info][gc,heap     ] GC(478) Humongous regions: 1->1
[353.046s][info][gc,metaspace] GC(478) Metaspace: 54624K(56000K)->54624K(56000K) NonClass: 47425K(48256K)->47425K(48256K) Class: 7199K(7744K)->7199K(7744K)
[353.046s][info][gc          ] GC(478) Pause Young (Normal) (G1 Evacuation Pause) 186M->54M(228M) 2.189ms
[353.046s][info][gc,cpu      ] GC(478) User=0.01s Sys=0.00s Real=0.00s
[353.341s][info][gc,start    ] GC(479) Pause Young (Normal) (G1 Evacuation Pause)
[353.341s][info][gc,task     ] GC(479) Using 8 workers of 8 for evacuation
[353.343s][info][gc,phases   ] GC(479)   Pre Evacuate Collection Set: 0.1ms
[353.343s][info][gc,phases   ] GC(479)   Merge Heap Roots: 0.1ms
[353.343s][info][gc,phases   ] GC(479)   Evacuate Collection Set: 1.8ms
[353.343s][info][gc,phases   ] GC(479)   Post Evacuate Collection Set: 0.3ms
[353.343s][info][gc,phases   ] GC(479)   Other: 0.0ms
[353.343s][info][gc,heap     ] GC(479) Eden regions: 33->0(33)
[353.343s][info][gc,heap     ] GC(479) Survivor regions: 1->1(5)
[353.343s][info][gc,heap     ] GC(479) Old regions: 14->14
[353.343s][info][gc,heap     ] GC(479) Humongous regions: 1->1
[353.343s][info][gc,metaspace] GC(479) Metaspace: 54624K(56000K)->54624K(56000K) NonClass: 47425K(48256K)->47425K(48256K) Class: 7199K(7744K)->7199K(7744K)
[353.343s][info][gc          ] GC(479) Pause Young (Normal) (G1 Evacuation Pause) 186M->54M(228M) 2.546ms
[353.343s][info][gc,cpu      ] GC(479) User=0.00s Sys=0.01s Real=0.01s
[353.751s][info][gc,start    ] GC(480) Pause Young (Normal) (G1 Evacuation Pause)
[353.751s][info][gc,task     ] GC(480) Using 8 workers of 8 for evacuation
[353.753s][info][gc,phases   ] GC(480)   Pre Evacuate Collection Set: 0.1ms
[353.753s][info][gc,phases   ] GC(480)   Merge Heap Roots: 0.1ms
[353.753s][info][gc,phases   ] GC(480)   Evacuate Collection Set: 1.8ms
[353.753s][info][gc,phases   ] GC(480)   Post Evacuate Collection Set: 0.2ms
[353.753s][info][gc,phases   ] GC(480)   Other: 0.0ms
[353.753s][info][gc,heap     ] GC(480) Eden regions: 33->0(33)
[353.753s][info][gc,heap     ] GC(480) Survivor regions: 1->1(5)
[353.753s][info][gc,heap     ] GC(480) Old regions: 14->14
[353.753s][info][gc,heap     ] GC(480) Humongous regions: 1->1
[353.753s][info][gc,metaspace] GC(480) Metaspace: 54624K(56000K)->54624K(56000K) NonClass: 47425K(48256K)->47425K(48256K) Class: 7199K(7744K)->7199K(7744K)
[353.753s][info][gc          ] GC(480) Pause Young (Normal) (G1 Evacuation Pause) 186M->54M(228M) 2.392ms
[353.753s][info][gc,cpu      ] GC(480) User=0.01s Sys=0.00s Real=0.01s
[354.047s][info][gc,start    ] GC(481) Pause Young (Normal) (G1 Evacuation Pause)
[354.047s][info][gc,task     ] GC(481) Using 8 workers of 8 for evacuation
[354.049s][info][gc,phases   ] GC(481)   Pre Evacuate Collection Set: 0.1ms
[354.049s][info][gc,phases   ] GC(481)   Merge Heap Roots: 0.1ms
[354.049s][info][gc,phases   ] GC(481)   Evacuate Collection Set: 1.6ms
[354.049s][info][gc,phases   ] GC(481)   Post Evacuate Collection Set: 0.2ms
[354.049s][info][gc,phases   ] GC(481)   Other: 0.0ms
[354.049s][info][gc,heap     ] GC(481) Eden regions: 33->0(33)
[354.049s][info][gc,heap     ] GC(481) Survivor regions: 1->1(5)
[354.049s][info][gc,heap     ] GC(481) Old regions: 14->14
[354.049s][info][gc,heap     ] GC(481) Humongous regions: 1->1
[354.049s][info][gc,metaspace] GC(481) Metaspace: 54624K(56000K)->54624K(56000K) NonClass: 47425K(48256K)->47425K(48256K) Class: 7199K(7744K)->7199K(7744K)
[354.049s][info][gc          ] GC(481) Pause Young (Normal) (G1 Evacuation Pause) 186M->54M(228M) 2.230ms
[354.049s][info][gc,cpu      ] GC(481) User=0.01s Sys=0.00s Real=0.00s
[354.475s][info][gc,start    ] GC(482) Pause Young (Normal) (G1 Evacuation Pause)
[354.475s][info][gc,task     ] GC(482) Using 8 workers of 8 for evacuation
[354.477s][info][gc,phases   ] GC(482)   Pre Evacuate Collection Set: 0.1ms
[354.477s][info][gc,phases   ] GC(482)   Merge Heap Roots: 0.1ms
[354.477s][info][gc,phases   ] GC(482)   Evacuate Collection Set: 1.6ms
[354.477s][info][gc,phases   ] GC(482)   Post Evacuate Collection Set: 0.3ms
[354.477s][info][gc,phases   ] GC(482)   Other: 0.1ms
[354.477s][info][gc,heap     ] GC(482) Eden regions: 33->0(33)
[354.477s][info][gc,heap     ] GC(482) Survivor regions: 1->1(5)
[354.477s][info][gc,heap     ] GC(482) Old regions: 14->14
[354.477s][info][gc,heap     ] GC(482) Humongous regions: 1->1
[354.477s][info][gc,metaspace] GC(482) Metaspace: 54624K(56000K)->54624K(56000K) NonClass: 47425K(48256K)->47425K(48256K) Class: 7199K(7744K)->7199K(7744K)
[354.477s][info][gc          ] GC(482) Pause Young (Normal) (G1 Evacuation Pause) 186M->54M(228M) 2.331ms
[354.477s][info][gc,cpu      ] GC(482) User=0.01s Sys=0.00s Real=0.00s
[354.741s][info][gc,start    ] GC(483) Pause Young (Normal) (G1 Evacuation Pause)
[354.741s][info][gc,task     ] GC(483) Using 8 workers of 8 for evacuation
[354.743s][info][gc,phases   ] GC(483)   Pre Evacuate Collection Set: 0.1ms
[354.743s][info][gc,phases   ] GC(483)   Merge Heap Roots: 0.1ms
[354.743s][info][gc,phases   ] GC(483)   Evacuate Collection Set: 1.5ms
[354.743s][info][gc,phases   ] GC(483)   Post Evacuate Collection Set: 0.2ms
[354.743s][info][gc,phases   ] GC(483)   Other: 0.0ms
[354.743s][info][gc,heap     ] GC(483) Eden regions: 33->0(33)
[354.743s][info][gc,heap     ] GC(483) Survivor regions: 1->1(5)
[354.743s][info][gc,heap     ] GC(483) Old regions: 14->14
[354.743s][info][gc,heap     ] GC(483) Humongous regions: 1->1
[354.743s][info][gc,metaspace] GC(483) Metaspace: 54624K(56000K)->54624K(56000K) NonClass: 47425K(48256K)->47425K(48256K) Class: 7199K(7744K)->7199K(7744K)
[354.743s][info][gc          ] GC(483) Pause Young (Normal) (G1 Evacuation Pause) 186M->54M(228M) 2.100ms
[354.743s][info][gc,cpu      ] GC(483) User=0.01s Sys=0.00s Real=0.01s
[355.018s][info][gc,start    ] GC(484) Pause Young (Normal) (G1 Evacuation Pause)
[355.018s][info][gc,task     ] GC(484) Using 8 workers of 8 for evacuation
[355.021s][info][gc,phases   ] GC(484)   Pre Evacuate Collection Set: 0.1ms
[355.021s][info][gc,phases   ] GC(484)   Merge Heap Roots: 0.1ms
[355.021s][info][gc,phases   ] GC(484)   Evacuate Collection Set: 2.4ms
[355.021s][info][gc,phases   ] GC(484)   Post Evacuate Collection Set: 0.3ms
[355.021s][info][gc,phases   ] GC(484)   Other: 0.0ms
[355.021s][info][gc,heap     ] GC(484) Eden regions: 33->0(33)
[355.021s][info][gc,heap     ] GC(484) Survivor regions: 1->1(5)
[355.021s][info][gc,heap     ] GC(484) Old regions: 14->14
[355.021s][info][gc,heap     ] GC(484) Humongous regions: 1->1
[355.021s][info][gc,metaspace] GC(484) Metaspace: 54624K(56000K)->54624K(56000K) NonClass: 47425K(48256K)->47425K(48256K) Class: 7199K(7744K)->7199K(7744K)
[355.021s][info][gc          ] GC(484) Pause Young (Normal) (G1 Evacuation Pause) 186M->55M(228M) 3.129ms
[355.021s][info][gc,cpu      ] GC(484) User=0.01s Sys=0.00s Real=0.00s
[355.409s][info][gc,start    ] GC(485) Pause Young (Normal) (G1 Evacuation Pause)
[355.409s][info][gc,task     ] GC(485) Using 8 workers of 8 for evacuation
[355.411s][info][gc,phases   ] GC(485)   Pre Evacuate Collection Set: 0.1ms
[355.411s][info][gc,phases   ] GC(485)   Merge Heap Roots: 0.1ms
[355.411s][info][gc,phases   ] GC(485)   Evacuate Collection Set: 1.7ms
[355.411s][info][gc,phases   ] GC(485)   Post Evacuate Collection Set: 0.2ms
[355.411s][info][gc,phases   ] GC(485)   Other: 0.0ms
[355.411s][info][gc,heap     ] GC(485) Eden regions: 33->0(33)
[355.411s][info][gc,heap     ] GC(485) Survivor regions: 1->1(5)
[355.411s][info][gc,heap     ] GC(485) Old regions: 14->14
[355.411s][info][gc,heap     ] GC(485) Humongous regions: 1->1
[355.411s][info][gc,metaspace] GC(485) Metaspace: 54624K(56000K)->54624K(56000K) NonClass: 47425K(48256K)->47425K(48256K) Class: 7199K(7744K)->7199K(7744K)
[355.411s][info][gc          ] GC(485) Pause Young (Normal) (G1 Evacuation Pause) 187M->55M(228M) 2.265ms
[355.411s][info][gc,cpu      ] GC(485) User=0.01s Sys=0.01s Real=0.00s
[355.773s][info][gc,start    ] GC(486) Pause Young (Normal) (G1 Evacuation Pause)
[355.773s][info][gc,task     ] GC(486) Using 8 workers of 8 for evacuation
[355.775s][info][gc,phases   ] GC(486)   Pre Evacuate Collection Set: 0.1ms
[355.775s][info][gc,phases   ] GC(486)   Merge Heap Roots: 0.1ms
[355.775s][info][gc,phases   ] GC(486)   Evacuate Collection Set: 1.5ms
[355.775s][info][gc,phases   ] GC(486)   Post Evacuate Collection Set: 0.3ms
[355.775s][info][gc,phases   ] GC(486)   Other: 0.0ms
[355.775s][info][gc,heap     ] GC(486) Eden regions: 33->0(33)
[355.775s][info][gc,heap     ] GC(486) Survivor regions: 1->1(5)
[355.775s][info][gc,heap     ] GC(486) Old regions: 14->14
[355.775s][info][gc,heap     ] GC(486) Humongous regions: 1->1
[355.775s][info][gc,metaspace] GC(486) Metaspace: 54624K(56000K)->54624K(56000K) NonClass: 47425K(48256K)->47425K(48256K) Class: 7199K(7744K)->7199K(7744K)
[355.775s][info][gc          ] GC(486) Pause Young (Normal) (G1 Evacuation Pause) 187M->55M(228M) 2.228ms
[355.775s][info][gc,cpu      ] GC(486) User=0.01s Sys=0.01s Real=0.00s
[356.076s][info][gc,start    ] GC(487) Pause Young (Normal) (G1 Evacuation Pause)
[356.076s][info][gc,task     ] GC(487) Using 8 workers of 8 for evacuation
[356.078s][info][gc,phases   ] GC(487)   Pre Evacuate Collection Set: 0.1ms
[356.078s][info][gc,phases   ] GC(487)   Merge Heap Roots: 0.1ms
[356.078s][info][gc,phases   ] GC(487)   Evacuate Collection Set: 1.6ms
[356.078s][info][gc,phases   ] GC(487)   Post Evacuate Collection Set: 0.2ms
[356.078s][info][gc,phases   ] GC(487)   Other: 0.0ms
[356.078s][info][gc,heap     ] GC(487) Eden regions: 33->0(33)
[356.078s][info][gc,heap     ] GC(487) Survivor regions: 1->1(5)
[356.078s][info][gc,heap     ] GC(487) Old regions: 14->14
[356.078s][info][gc,heap     ] GC(487) Humongous regions: 1->1
[356.078s][info][gc,metaspace] GC(487) Metaspace: 54624K(56000K)->54624K(56000K) NonClass: 47425K(48256K)->47425K(48256K) Class: 7199K(7744K)->7199K(7744K)
[356.078s][info][gc          ] GC(487) Pause Young (Normal) (G1 Evacuation Pause) 187M->55M(228M) 2.199ms
[356.078s][info][gc,cpu      ] GC(487) User=0.01s Sys=0.00s Real=0.00s
[356.372s][info][gc,start    ] GC(488) Pause Young (Normal) (G1 Evacuation Pause)
[356.373s][info][gc,task     ] GC(488) Using 8 workers of 8 for evacuation
[356.374s][info][gc,phases   ] GC(488)   Pre Evacuate Collection Set: 0.1ms
[356.374s][info][gc,phases   ] GC(488)   Merge Heap Roots: 0.1ms
[356.374s][info][gc,phases   ] GC(488)   Evacuate Collection Set: 1.5ms
[356.374s][info][gc,phases   ] GC(488)   Post Evacuate Collection Set: 0.2ms
[356.374s][info][gc,phases   ] GC(488)   Other: 0.1ms
[356.374s][info][gc,heap     ] GC(488) Eden regions: 33->0(33)
[356.374s][info][gc,heap     ] GC(488) Survivor regions: 1->1(5)
[356.374s][info][gc,heap     ] GC(488) Old regions: 14->14
[356.374s][info][gc,heap     ] GC(488) Humongous regions: 1->1
[356.374s][info][gc,metaspace] GC(488) Metaspace: 54624K(56000K)->54624K(56000K) NonClass: 47425K(48256K)->47425K(48256K) Class: 7199K(7744K)->7199K(7744K)
[356.375s][info][gc          ] GC(488) Pause Young (Normal) (G1 Evacuation Pause) 187M->55M(228M) 2.056ms
[356.375s][info][gc,cpu      ] GC(488) User=0.00s Sys=0.00s Real=0.00s
[356.759s][info][gc,start    ] GC(489) Pause Young (Normal) (G1 Evacuation Pause)
[356.759s][info][gc,task     ] GC(489) Using 8 workers of 8 for evacuation
[356.761s][info][gc,phases   ] GC(489)   Pre Evacuate Collection Set: 0.1ms
[356.761s][info][gc,phases   ] GC(489)   Merge Heap Roots: 0.1ms
[356.761s][info][gc,phases   ] GC(489)   Evacuate Collection Set: 1.5ms
[356.761s][info][gc,phases   ] GC(489)   Post Evacuate Collection Set: 0.2ms
[356.761s][info][gc,phases   ] GC(489)   Other: 0.0ms
[356.761s][info][gc,heap     ] GC(489) Eden regions: 33->0(33)
[356.761s][info][gc,heap     ] GC(489) Survivor regions: 1->1(5)
[356.761s][info][gc,heap     ] GC(489) Old regions: 14->14
[356.761s][info][gc,heap     ] GC(489) Humongous regions: 1->1
[356.761s][info][gc,metaspace] GC(489) Metaspace: 54624K(56000K)->54624K(56000K) NonClass: 47425K(48256K)->47425K(48256K) Class: 7199K(7744K)->7199K(7744K)
[356.761s][info][gc          ] GC(489) Pause Young (Normal) (G1 Evacuation Pause) 187M->55M(228M) 2.100ms
[356.761s][info][gc,cpu      ] GC(489) User=0.01s Sys=0.00s Real=0.00s
[357.073s][info][gc,start    ] GC(490) Pause Young (Normal) (G1 Evacuation Pause)
[357.073s][info][gc,task     ] GC(490) Using 8 workers of 8 for evacuation
[357.075s][info][gc,phases   ] GC(490)   Pre Evacuate Collection Set: 0.1ms
[357.075s][info][gc,phases   ] GC(490)   Merge Heap Roots: 0.1ms
[357.075s][info][gc,phases   ] GC(490)   Evacuate Collection Set: 1.9ms
[357.075s][info][gc,phases   ] GC(490)   Post Evacuate Collection Set: 0.2ms
[357.075s][info][gc,phases   ] GC(490)   Other: 0.0ms
[357.075s][info][gc,heap     ] GC(490) Eden regions: 33->0(33)
[357.075s][info][gc,heap     ] GC(490) Survivor regions: 1->1(5)
[357.075s][info][gc,heap     ] GC(490) Old regions: 14->14
[357.075s][info][gc,heap     ] GC(490) Humongous regions: 1->1
[357.075s][info][gc,metaspace] GC(490) Metaspace: 54624K(56000K)->54624K(56000K) NonClass: 47425K(48256K)->47425K(48256K) Class: 7199K(7744K)->7199K(7744K)
[357.075s][info][gc          ] GC(490) Pause Young (Normal) (G1 Evacuation Pause) 187M->55M(228M) 2.488ms
[357.075s][info][gc,cpu      ] GC(490) User=0.01s Sys=0.00s Real=0.00s
[357.343s][info][gc,start    ] GC(491) Pause Young (Normal) (G1 Evacuation Pause)
[357.343s][info][gc,task     ] GC(491) Using 8 workers of 8 for evacuation
[357.345s][info][gc,phases   ] GC(491)   Pre Evacuate Collection Set: 0.1ms
[357.345s][info][gc,phases   ] GC(491)   Merge Heap Roots: 0.1ms
[357.345s][info][gc,phases   ] GC(491)   Evacuate Collection Set: 1.4ms
[357.345s][info][gc,phases   ] GC(491)   Post Evacuate Collection Set: 0.2ms
[357.345s][info][gc,phases   ] GC(491)   Other: 0.1ms
[357.345s][info][gc,heap     ] GC(491) Eden regions: 33->0(33)
[357.345s][info][gc,heap     ] GC(491) Survivor regions: 1->1(5)
[357.345s][info][gc,heap     ] GC(491) Old regions: 14->14
[357.345s][info][gc,heap     ] GC(491) Humongous regions: 1->1
[357.345s][info][gc,metaspace] GC(491) Metaspace: 54624K(56000K)->54624K(56000K) NonClass: 47425K(48256K)->47425K(48256K) Class: 7199K(7744K)->7199K(7744K)
[357.345s][info][gc          ] GC(491) Pause Young (Normal) (G1 Evacuation Pause) 187M->55M(228M) 2.017ms
[357.345s][info][gc,cpu      ] GC(491) User=0.01s Sys=0.00s Real=0.00s
[357.718s][info][gc,start    ] GC(492) Pause Young (Normal) (G1 Evacuation Pause)
[357.718s][info][gc,task     ] GC(492) Using 8 workers of 8 for evacuation
[357.721s][info][gc,phases   ] GC(492)   Pre Evacuate Collection Set: 0.1ms
[357.721s][info][gc,phases   ] GC(492)   Merge Heap Roots: 0.1ms
[357.721s][info][gc,phases   ] GC(492)   Evacuate Collection Set: 1.9ms
[357.721s][info][gc,phases   ] GC(492)   Post Evacuate Collection Set: 0.3ms
[357.721s][info][gc,phases   ] GC(492)   Other: 0.1ms
[357.721s][info][gc,heap     ] GC(492) Eden regions: 33->0(33)
[357.721s][info][gc,heap     ] GC(492) Survivor regions: 1->1(5)
[357.721s][info][gc,heap     ] GC(492) Old regions: 14->14
[357.721s][info][gc,heap     ] GC(492) Humongous regions: 1->1
[357.721s][info][gc,metaspace] GC(492) Metaspace: 54624K(56000K)->54624K(56000K) NonClass: 47425K(48256K)->47425K(48256K) Class: 7199K(7744K)->7199K(7744K)
[357.721s][info][gc          ] GC(492) Pause Young (Normal) (G1 Evacuation Pause) 187M->55M(228M) 2.561ms
[357.721s][info][gc,cpu      ] GC(492) User=0.00s Sys=0.00s Real=0.00s
[358.214s][info][gc,start    ] GC(493) Pause Young (Normal) (G1 Evacuation Pause)
[358.214s][info][gc,task     ] GC(493) Using 8 workers of 8 for evacuation
[358.216s][info][gc,phases   ] GC(493)   Pre Evacuate Collection Set: 0.1ms
[358.216s][info][gc,phases   ] GC(493)   Merge Heap Roots: 0.1ms
[358.216s][info][gc,phases   ] GC(493)   Evacuate Collection Set: 1.4ms
[358.216s][info][gc,phases   ] GC(493)   Post Evacuate Collection Set: 0.2ms
[358.216s][info][gc,phases   ] GC(493)   Other: 0.0ms
[358.216s][info][gc,heap     ] GC(493) Eden regions: 33->0(33)
[358.216s][info][gc,heap     ] GC(493) Survivor regions: 1->1(5)
[358.216s][info][gc,heap     ] GC(493) Old regions: 14->14
[358.216s][info][gc,heap     ] GC(493) Humongous regions: 1->1
[358.216s][info][gc,metaspace] GC(493) Metaspace: 54624K(56000K)->54624K(56000K) NonClass: 47425K(48256K)->47425K(48256K) Class: 7199K(7744K)->7199K(7744K)
[358.216s][info][gc          ] GC(493) Pause Young (Normal) (G1 Evacuation Pause) 187M->55M(228M) 1.912ms
[358.216s][info][gc,cpu      ] GC(493) User=0.01s Sys=0.00s Real=0.00s
[358.621s][info][gc,start    ] GC(494) Pause Young (Normal) (G1 Evacuation Pause)
[358.621s][info][gc,task     ] GC(494) Using 8 workers of 8 for evacuation
[358.624s][info][gc,phases   ] GC(494)   Pre Evacuate Collection Set: 0.1ms
[358.624s][info][gc,phases   ] GC(494)   Merge Heap Roots: 0.1ms
[358.624s][info][gc,phases   ] GC(494)   Evacuate Collection Set: 2.0ms
[358.624s][info][gc,phases   ] GC(494)   Post Evacuate Collection Set: 0.3ms
[358.624s][info][gc,phases   ] GC(494)   Other: 0.0ms
[358.624s][info][gc,heap     ] GC(494) Eden regions: 33->0(33)
[358.624s][info][gc,heap     ] GC(494) Survivor regions: 1->1(5)
[358.624s][info][gc,heap     ] GC(494) Old regions: 14->14
[358.624s][info][gc,heap     ] GC(494) Humongous regions: 1->1
[358.624s][info][gc,metaspace] GC(494) Metaspace: 54624K(56000K)->54624K(56000K) NonClass: 47425K(48256K)->47425K(48256K) Class: 7199K(7744K)->7199K(7744K)
[358.624s][info][gc          ] GC(494) Pause Young (Normal) (G1 Evacuation Pause) 187M->55M(228M) 2.567ms
[358.624s][info][gc,cpu      ] GC(494) User=0.01s Sys=0.00s Real=0.01s
[358.900s][info][gc,start    ] GC(495) Pause Young (Normal) (G1 Evacuation Pause)
[358.900s][info][gc,task     ] GC(495) Using 8 workers of 8 for evacuation
[358.902s][info][gc,phases   ] GC(495)   Pre Evacuate Collection Set: 0.1ms
[358.902s][info][gc,phases   ] GC(495)   Merge Heap Roots: 0.1ms
[358.902s][info][gc,phases   ] GC(495)   Evacuate Collection Set: 1.8ms
[358.902s][info][gc,phases   ] GC(495)   Post Evacuate Collection Set: 0.2ms
[358.902s][info][gc,phases   ] GC(495)   Other: 0.0ms
[358.902s][info][gc,heap     ] GC(495) Eden regions: 33->0(33)
[358.902s][info][gc,heap     ] GC(495) Survivor regions: 1->1(5)
[358.902s][info][gc,heap     ] GC(495) Old regions: 14->14
[358.902s][info][gc,heap     ] GC(495) Humongous regions: 1->1
[358.902s][info][gc,metaspace] GC(495) Metaspace: 54624K(56000K)->54624K(56000K) NonClass: 47425K(48256K)->47425K(48256K) Class: 7199K(7744K)->7199K(7744K)
[358.902s][info][gc          ] GC(495) Pause Young (Normal) (G1 Evacuation Pause) 187M->55M(228M) 2.368ms
[358.902s][info][gc,cpu      ] GC(495) User=0.01s Sys=0.00s Real=0.01s
[359.223s][info][gc,start    ] GC(496) Pause Young (Normal) (G1 Evacuation Pause)
[359.223s][info][gc,task     ] GC(496) Using 8 workers of 8 for evacuation
[359.226s][info][gc,phases   ] GC(496)   Pre Evacuate Collection Set: 0.1ms
[359.226s][info][gc,phases   ] GC(496)   Merge Heap Roots: 0.1ms
[359.226s][info][gc,phases   ] GC(496)   Evacuate Collection Set: 2.9ms
[359.226s][info][gc,phases   ] GC(496)   Post Evacuate Collection Set: 0.3ms
[359.226s][info][gc,phases   ] GC(496)   Other: 0.0ms
[359.226s][info][gc,heap     ] GC(496) Eden regions: 33->0(33)
[359.226s][info][gc,heap     ] GC(496) Survivor regions: 1->1(5)
[359.226s][info][gc,heap     ] GC(496) Old regions: 14->14
[359.226s][info][gc,heap     ] GC(496) Humongous regions: 1->1
[359.226s][info][gc,metaspace] GC(496) Metaspace: 54624K(56000K)->54624K(56000K) NonClass: 47425K(48256K)->47425K(48256K) Class: 7199K(7744K)->7199K(7744K)
[359.226s][info][gc          ] GC(496) Pause Young (Normal) (G1 Evacuation Pause) 187M->55M(228M) 3.506ms
[359.226s][info][gc,cpu      ] GC(496) User=0.01s Sys=0.00s Real=0.00s
[359.600s][info][gc,start    ] GC(497) Pause Young (Normal) (G1 Evacuation Pause)
[359.600s][info][gc,task     ] GC(497) Using 8 workers of 8 for evacuation
[359.602s][info][gc,phases   ] GC(497)   Pre Evacuate Collection Set: 0.2ms
[359.602s][info][gc,phases   ] GC(497)   Merge Heap Roots: 0.1ms
[359.602s][info][gc,phases   ] GC(497)   Evacuate Collection Set: 1.6ms
[359.602s][info][gc,phases   ] GC(497)   Post Evacuate Collection Set: 0.3ms
[359.602s][info][gc,phases   ] GC(497)   Other: 0.0ms
[359.602s][info][gc,heap     ] GC(497) Eden regions: 33->0(33)
[359.602s][info][gc,heap     ] GC(497) Survivor regions: 1->1(5)
[359.602s][info][gc,heap     ] GC(497) Old regions: 14->14
[359.602s][info][gc,heap     ] GC(497) Humongous regions: 1->1
[359.602s][info][gc,metaspace] GC(497) Metaspace: 54624K(56000K)->54624K(56000K) NonClass: 47425K(48256K)->47425K(48256K) Class: 7199K(7744K)->7199K(7744K)
[359.602s][info][gc          ] GC(497) Pause Young (Normal) (G1 Evacuation Pause) 187M->55M(228M) 2.344ms
[359.602s][info][gc,cpu      ] GC(497) User=0.01s Sys=0.00s Real=0.01s
[359.915s][info][gc,start    ] GC(498) Pause Young (Normal) (G1 Evacuation Pause)
[359.915s][info][gc,task     ] GC(498) Using 8 workers of 8 for evacuation
[359.917s][info][gc,phases   ] GC(498)   Pre Evacuate Collection Set: 0.2ms
[359.917s][info][gc,phases   ] GC(498)   Merge Heap Roots: 0.1ms
[359.917s][info][gc,phases   ] GC(498)   Evacuate Collection Set: 1.8ms
[359.917s][info][gc,phases   ] GC(498)   Post Evacuate Collection Set: 0.3ms
[359.917s][info][gc,phases   ] GC(498)   Other: 0.1ms
[359.917s][info][gc,heap     ] GC(498) Eden regions: 33->0(33)
[359.917s][info][gc,heap     ] GC(498) Survivor regions: 1->1(5)
[359.917s][info][gc,heap     ] GC(498) Old regions: 14->14
[359.917s][info][gc,heap     ] GC(498) Humongous regions: 1->1
[359.917s][info][gc,metaspace] GC(498) Metaspace: 54624K(56000K)->54624K(56000K) NonClass: 47425K(48256K)->47425K(48256K) Class: 7199K(7744K)->7199K(7744K)
[359.917s][info][gc          ] GC(498) Pause Young (Normal) (G1 Evacuation Pause) 187M->55M(228M) 2.568ms
[359.917s][info][gc,cpu      ] GC(498) User=0.01s Sys=0.00s Real=0.00s
[360.262s][info][gc,start    ] GC(499) Pause Young (Normal) (G1 Evacuation Pause)
[360.262s][info][gc,task     ] GC(499) Using 8 workers of 8 for evacuation
[360.264s][info][gc,phases   ] GC(499)   Pre Evacuate Collection Set: 0.1ms
[360.264s][info][gc,phases   ] GC(499)   Merge Heap Roots: 0.1ms
[360.264s][info][gc,phases   ] GC(499)   Evacuate Collection Set: 1.4ms
[360.264s][info][gc,phases   ] GC(499)   Post Evacuate Collection Set: 0.2ms
[360.264s][info][gc,phases   ] GC(499)   Other: 0.0ms
[360.264s][info][gc,heap     ] GC(499) Eden regions: 33->0(33)
[360.264s][info][gc,heap     ] GC(499) Survivor regions: 1->1(5)
[360.264s][info][gc,heap     ] GC(499) Old regions: 14->14
[360.264s][info][gc,heap     ] GC(499) Humongous regions: 1->1
[360.264s][info][gc,metaspace] GC(499) Metaspace: 54624K(56000K)->54624K(56000K) NonClass: 47425K(48256K)->47425K(48256K) Class: 7199K(7744K)->7199K(7744K)
[360.264s][info][gc          ] GC(499) Pause Young (Normal) (G1 Evacuation Pause) 187M->55M(228M) 2.004ms
[360.264s][info][gc,cpu      ] GC(499) User=0.01s Sys=0.00s Real=0.00s
[360.680s][info][gc,start    ] GC(500) Pause Young (Normal) (G1 Evacuation Pause)
[360.680s][info][gc,task     ] GC(500) Using 8 workers of 8 for evacuation
[360.682s][info][gc,phases   ] GC(500)   Pre Evacuate Collection Set: 0.1ms
[360.682s][info][gc,phases   ] GC(500)   Merge Heap Roots: 0.1ms
[360.682s][info][gc,phases   ] GC(500)   Evacuate Collection Set: 1.6ms
[360.682s][info][gc,phases   ] GC(500)   Post Evacuate Collection Set: 0.3ms
[360.682s][info][gc,phases   ] GC(500)   Other: 0.0ms
[360.682s][info][gc,heap     ] GC(500) Eden regions: 33->0(33)
[360.682s][info][gc,heap     ] GC(500) Survivor regions: 1->1(5)
[360.682s][info][gc,heap     ] GC(500) Old regions: 14->14
[360.682s][info][gc,heap     ] GC(500) Humongous regions: 1->1
[360.682s][info][gc,metaspace] GC(500) Metaspace: 54624K(56000K)->54624K(56000K) NonClass: 47425K(48256K)->47425K(48256K) Class: 7199K(7744K)->7199K(7744K)
[360.682s][info][gc          ] GC(500) Pause Young (Normal) (G1 Evacuation Pause) 187M->55M(228M) 2.269ms
[360.682s][info][gc,cpu      ] GC(500) User=0.01s Sys=0.00s Real=0.01s
[361.040s][info][gc,start    ] GC(501) Pause Young (Normal) (G1 Evacuation Pause)
[361.040s][info][gc,task     ] GC(501) Using 8 workers of 8 for evacuation
[361.042s][info][gc,phases   ] GC(501)   Pre Evacuate Collection Set: 0.1ms
[361.042s][info][gc,phases   ] GC(501)   Merge Heap Roots: 0.1ms
[361.042s][info][gc,phases   ] GC(501)   Evacuate Collection Set: 1.9ms
[361.042s][info][gc,phases   ] GC(501)   Post Evacuate Collection Set: 0.4ms
[361.042s][info][gc,phases   ] GC(501)   Other: 0.0ms
[361.042s][info][gc,heap     ] GC(501) Eden regions: 33->0(33)
[361.042s][info][gc,heap     ] GC(501) Survivor regions: 1->1(5)
[361.042s][info][gc,heap     ] GC(501) Old regions: 14->14
[361.042s][info][gc,heap     ] GC(501) Humongous regions: 1->1
[361.042s][info][gc,metaspace] GC(501) Metaspace: 54624K(56000K)->54624K(56000K) NonClass: 47425K(48256K)->47425K(48256K) Class: 7199K(7744K)->7199K(7744K)
[361.042s][info][gc          ] GC(501) Pause Young (Normal) (G1 Evacuation Pause) 187M->55M(228M) 2.640ms
[361.042s][info][gc,cpu      ] GC(501) User=0.01s Sys=0.00s Real=0.01s
[361.421s][info][gc,start    ] GC(502) Pause Young (Normal) (G1 Evacuation Pause)
[361.421s][info][gc,task     ] GC(502) Using 8 workers of 8 for evacuation
[361.423s][info][gc,phases   ] GC(502)   Pre Evacuate Collection Set: 0.1ms
[361.424s][info][gc,phases   ] GC(502)   Merge Heap Roots: 0.1ms
[361.424s][info][gc,phases   ] GC(502)   Evacuate Collection Set: 2.1ms
[361.424s][info][gc,phases   ] GC(502)   Post Evacuate Collection Set: 0.2ms
[361.424s][info][gc,phases   ] GC(502)   Other: 0.0ms
[361.424s][info][gc,heap     ] GC(502) Eden regions: 33->0(33)
[361.424s][info][gc,heap     ] GC(502) Survivor regions: 1->1(5)
[361.424s][info][gc,heap     ] GC(502) Old regions: 14->14
[361.424s][info][gc,heap     ] GC(502) Humongous regions: 1->1
[361.424s][info][gc,metaspace] GC(502) Metaspace: 54624K(56000K)->54624K(56000K) NonClass: 47425K(48256K)->47425K(48256K) Class: 7199K(7744K)->7199K(7744K)
[361.424s][info][gc          ] GC(502) Pause Young (Normal) (G1 Evacuation Pause) 187M->55M(228M) 2.666ms
[361.424s][info][gc,cpu      ] GC(502) User=0.01s Sys=0.00s Real=0.01s
[361.787s][info][gc,start    ] GC(503) Pause Young (Normal) (G1 Evacuation Pause)
[361.787s][info][gc,task     ] GC(503) Using 8 workers of 8 for evacuation
[361.789s][info][gc,phases   ] GC(503)   Pre Evacuate Collection Set: 0.1ms
[361.789s][info][gc,phases   ] GC(503)   Merge Heap Roots: 0.1ms
[361.789s][info][gc,phases   ] GC(503)   Evacuate Collection Set: 1.7ms
[361.789s][info][gc,phases   ] GC(503)   Post Evacuate Collection Set: 0.2ms
[361.789s][info][gc,phases   ] GC(503)   Other: 0.0ms
[361.789s][info][gc,heap     ] GC(503) Eden regions: 33->0(33)
[361.789s][info][gc,heap     ] GC(503) Survivor regions: 1->1(5)
[361.789s][info][gc,heap     ] GC(503) Old regions: 14->14
[361.789s][info][gc,heap     ] GC(503) Humongous regions: 1->1
[361.789s][info][gc,metaspace] GC(503) Metaspace: 54624K(56000K)->54624K(56000K) NonClass: 47425K(48256K)->47425K(48256K) Class: 7199K(7744K)->7199K(7744K)
[361.789s][info][gc          ] GC(503) Pause Young (Normal) (G1 Evacuation Pause) 187M->55M(228M) 2.374ms
[361.789s][info][gc,cpu      ] GC(503) User=0.01s Sys=0.00s Real=0.00s
[362.106s][info][gc,start    ] GC(504) Pause Young (Normal) (G1 Evacuation Pause)
[362.106s][info][gc,task     ] GC(504) Using 8 workers of 8 for evacuation
[362.108s][info][gc,phases   ] GC(504)   Pre Evacuate Collection Set: 0.1ms
[362.108s][info][gc,phases   ] GC(504)   Merge Heap Roots: 0.1ms
[362.108s][info][gc,phases   ] GC(504)   Evacuate Collection Set: 1.6ms
[362.108s][info][gc,phases   ] GC(504)   Post Evacuate Collection Set: 0.2ms
[362.108s][info][gc,phases   ] GC(504)   Other: 0.0ms
[362.108s][info][gc,heap     ] GC(504) Eden regions: 33->0(33)
[362.108s][info][gc,heap     ] GC(504) Survivor regions: 1->1(5)
[362.108s][info][gc,heap     ] GC(504) Old regions: 14->14
[362.108s][info][gc,heap     ] GC(504) Humongous regions: 1->1
[362.108s][info][gc,metaspace] GC(504) Metaspace: 54624K(56000K)->54624K(56000K) NonClass: 47425K(48256K)->47425K(48256K) Class: 7199K(7744K)->7199K(7744K)
[362.108s][info][gc          ] GC(504) Pause Young (Normal) (G1 Evacuation Pause) 187M->56M(228M) 2.189ms
[362.108s][info][gc,cpu      ] GC(504) User=0.01s Sys=0.00s Real=0.00s
[362.395s][info][gc,start    ] GC(505) Pause Young (Normal) (G1 Evacuation Pause)
[362.395s][info][gc,task     ] GC(505) Using 8 workers of 8 for evacuation
[362.397s][info][gc,phases   ] GC(505)   Pre Evacuate Collection Set: 0.1ms
[362.397s][info][gc,phases   ] GC(505)   Merge Heap Roots: 0.1ms
[362.397s][info][gc,phases   ] GC(505)   Evacuate Collection Set: 1.5ms
[362.397s][info][gc,phases   ] GC(505)   Post Evacuate Collection Set: 0.3ms
[362.397s][info][gc,phases   ] GC(505)   Other: 0.0ms
[362.397s][info][gc,heap     ] GC(505) Eden regions: 33->0(33)
[362.397s][info][gc,heap     ] GC(505) Survivor regions: 1->1(5)
[362.397s][info][gc,heap     ] GC(505) Old regions: 14->14
[362.397s][info][gc,heap     ] GC(505) Humongous regions: 1->1
[362.397s][info][gc,metaspace] GC(505) Metaspace: 54624K(56000K)->54624K(56000K) NonClass: 47425K(48256K)->47425K(48256K) Class: 7199K(7744K)->7199K(7744K)
[362.397s][info][gc          ] GC(505) Pause Young (Normal) (G1 Evacuation Pause) 188M->56M(228M) 2.125ms
[362.397s][info][gc,cpu      ] GC(505) User=0.01s Sys=0.00s Real=0.00s
[362.741s][info][gc,start    ] GC(506) Pause Young (Normal) (G1 Evacuation Pause)
[362.741s][info][gc,task     ] GC(506) Using 8 workers of 8 for evacuation
[362.743s][info][gc,phases   ] GC(506)   Pre Evacuate Collection Set: 0.1ms
[362.743s][info][gc,phases   ] GC(506)   Merge Heap Roots: 0.1ms
[362.743s][info][gc,phases   ] GC(506)   Evacuate Collection Set: 1.7ms
[362.743s][info][gc,phases   ] GC(506)   Post Evacuate Collection Set: 0.3ms
[362.743s][info][gc,phases   ] GC(506)   Other: 0.0ms
[362.743s][info][gc,heap     ] GC(506) Eden regions: 33->0(33)
[362.743s][info][gc,heap     ] GC(506) Survivor regions: 1->1(5)
[362.743s][info][gc,heap     ] GC(506) Old regions: 14->14
[362.743s][info][gc,heap     ] GC(506) Humongous regions: 1->1
[362.743s][info][gc,metaspace] GC(506) Metaspace: 54624K(56000K)->54624K(56000K) NonClass: 47425K(48256K)->47425K(48256K) Class: 7199K(7744K)->7199K(7744K)
[362.743s][info][gc          ] GC(506) Pause Young (Normal) (G1 Evacuation Pause) 188M->56M(228M) 2.350ms
[362.743s][info][gc,cpu      ] GC(506) User=0.01s Sys=0.00s Real=0.01s
[363.006s][info][gc,start    ] GC(507) Pause Young (Normal) (G1 Evacuation Pause)
[363.007s][info][gc,task     ] GC(507) Using 8 workers of 8 for evacuation
[363.009s][info][gc,phases   ] GC(507)   Pre Evacuate Collection Set: 0.1ms
[363.009s][info][gc,phases   ] GC(507)   Merge Heap Roots: 0.1ms
[363.009s][info][gc,phases   ] GC(507)   Evacuate Collection Set: 1.5ms
[363.009s][info][gc,phases   ] GC(507)   Post Evacuate Collection Set: 0.2ms
[363.009s][info][gc,phases   ] GC(507)   Other: 0.0ms
[363.009s][info][gc,heap     ] GC(507) Eden regions: 33->0(33)
[363.009s][info][gc,heap     ] GC(507) Survivor regions: 1->1(5)
[363.009s][info][gc,heap     ] GC(507) Old regions: 14->14
[363.009s][info][gc,heap     ] GC(507) Humongous regions: 1->1
[363.009s][info][gc,metaspace] GC(507) Metaspace: 54624K(56000K)->54624K(56000K) NonClass: 47425K(48256K)->47425K(48256K) Class: 7199K(7744K)->7199K(7744K)
[363.009s][info][gc          ] GC(507) Pause Young (Normal) (G1 Evacuation Pause) 188M->56M(228M) 2.810ms
[363.009s][info][gc,cpu      ] GC(507) User=0.01s Sys=0.00s Real=0.00s
[363.334s][info][gc,start    ] GC(508) Pause Young (Normal) (G1 Evacuation Pause)
[363.334s][info][gc,task     ] GC(508) Using 8 workers of 8 for evacuation
[363.336s][info][gc,phases   ] GC(508)   Pre Evacuate Collection Set: 0.1ms
[363.336s][info][gc,phases   ] GC(508)   Merge Heap Roots: 0.1ms
[363.336s][info][gc,phases   ] GC(508)   Evacuate Collection Set: 1.6ms
[363.336s][info][gc,phases   ] GC(508)   Post Evacuate Collection Set: 0.2ms
[363.336s][info][gc,phases   ] GC(508)   Other: 0.0ms
[363.336s][info][gc,heap     ] GC(508) Eden regions: 33->0(33)
[363.336s][info][gc,heap     ] GC(508) Survivor regions: 1->1(5)
[363.336s][info][gc,heap     ] GC(508) Old regions: 14->14
[363.336s][info][gc,heap     ] GC(508) Humongous regions: 1->1
[363.336s][info][gc,metaspace] GC(508) Metaspace: 54624K(56000K)->54624K(56000K) NonClass: 47425K(48256K)->47425K(48256K) Class: 7199K(7744K)->7199K(7744K)
[363.336s][info][gc          ] GC(508) Pause Young (Normal) (G1 Evacuation Pause) 188M->56M(228M) 2.248ms
[363.336s][info][gc,cpu      ] GC(508) User=0.01s Sys=0.01s Real=0.00s
[363.698s][info][gc,start    ] GC(509) Pause Young (Normal) (G1 Evacuation Pause)
[363.698s][info][gc,task     ] GC(509) Using 8 workers of 8 for evacuation
[363.700s][info][gc,phases   ] GC(509)   Pre Evacuate Collection Set: 0.1ms
[363.700s][info][gc,phases   ] GC(509)   Merge Heap Roots: 0.1ms
[363.700s][info][gc,phases   ] GC(509)   Evacuate Collection Set: 1.6ms
[363.700s][info][gc,phases   ] GC(509)   Post Evacuate Collection Set: 0.2ms
[363.700s][info][gc,phases   ] GC(509)   Other: 0.0ms
[363.700s][info][gc,heap     ] GC(509) Eden regions: 33->0(33)
[363.700s][info][gc,heap     ] GC(509) Survivor regions: 1->1(5)
[363.700s][info][gc,heap     ] GC(509) Old regions: 14->14
[363.700s][info][gc,heap     ] GC(509) Humongous regions: 1->1
[363.700s][info][gc,metaspace] GC(509) Metaspace: 54624K(56000K)->54624K(56000K) NonClass: 47425K(48256K)->47425K(48256K) Class: 7199K(7744K)->7199K(7744K)
[363.700s][info][gc          ] GC(509) Pause Young (Normal) (G1 Evacuation Pause) 188M->56M(228M) 2.178ms
[363.700s][info][gc,cpu      ] GC(509) User=0.00s Sys=0.00s Real=0.00s
[363.951s][info][gc,start    ] GC(510) Pause Young (Normal) (G1 Evacuation Pause)
[363.952s][info][gc,task     ] GC(510) Using 8 workers of 8 for evacuation
[363.953s][info][gc,phases   ] GC(510)   Pre Evacuate Collection Set: 0.1ms
[363.953s][info][gc,phases   ] GC(510)   Merge Heap Roots: 0.1ms
[363.953s][info][gc,phases   ] GC(510)   Evacuate Collection Set: 1.4ms
[363.953s][info][gc,phases   ] GC(510)   Post Evacuate Collection Set: 0.2ms
[363.953s][info][gc,phases   ] GC(510)   Other: 0.0ms
[363.953s][info][gc,heap     ] GC(510) Eden regions: 33->0(33)
[363.953s][info][gc,heap     ] GC(510) Survivor regions: 1->1(5)
[363.953s][info][gc,heap     ] GC(510) Old regions: 14->14
[363.953s][info][gc,heap     ] GC(510) Humongous regions: 1->1
[363.953s][info][gc,metaspace] GC(510) Metaspace: 54624K(56000K)->54624K(56000K) NonClass: 47425K(48256K)->47425K(48256K) Class: 7199K(7744K)->7199K(7744K)
[363.953s][info][gc          ] GC(510) Pause Young (Normal) (G1 Evacuation Pause) 188M->56M(228M) 2.139ms
[363.953s][info][gc,cpu      ] GC(510) User=0.01s Sys=0.00s Real=0.01s
[364.264s][info][gc,start    ] GC(511) Pause Young (Normal) (G1 Evacuation Pause)
[364.264s][info][gc,task     ] GC(511) Using 8 workers of 8 for evacuation
[364.267s][info][gc,phases   ] GC(511)   Pre Evacuate Collection Set: 0.1ms
[364.267s][info][gc,phases   ] GC(511)   Merge Heap Roots: 0.1ms
[364.267s][info][gc,phases   ] GC(511)   Evacuate Collection Set: 1.8ms
[364.267s][info][gc,phases   ] GC(511)   Post Evacuate Collection Set: 0.3ms
[364.267s][info][gc,phases   ] GC(511)   Other: 0.0ms
[364.267s][info][gc,heap     ] GC(511) Eden regions: 33->0(33)
[364.267s][info][gc,heap     ] GC(511) Survivor regions: 1->1(5)
[364.267s][info][gc,heap     ] GC(511) Old regions: 14->14
[364.267s][info][gc,heap     ] GC(511) Humongous regions: 1->1
[364.267s][info][gc,metaspace] GC(511) Metaspace: 54624K(56000K)->54624K(56000K) NonClass: 47425K(48256K)->47425K(48256K) Class: 7199K(7744K)->7199K(7744K)
[364.267s][info][gc          ] GC(511) Pause Young (Normal) (G1 Evacuation Pause) 188M->56M(228M) 2.445ms
[364.267s][info][gc,cpu      ] GC(511) User=0.00s Sys=0.00s Real=0.00s
[364.698s][info][gc,start    ] GC(512) Pause Young (Normal) (G1 Evacuation Pause)
[364.698s][info][gc,task     ] GC(512) Using 8 workers of 8 for evacuation
[364.700s][info][gc,phases   ] GC(512)   Pre Evacuate Collection Set: 0.1ms
[364.700s][info][gc,phases   ] GC(512)   Merge Heap Roots: 0.1ms
[364.700s][info][gc,phases   ] GC(512)   Evacuate Collection Set: 1.7ms
[364.700s][info][gc,phases   ] GC(512)   Post Evacuate Collection Set: 0.2ms
[364.700s][info][gc,phases   ] GC(512)   Other: 0.0ms
[364.700s][info][gc,heap     ] GC(512) Eden regions: 33->0(33)
[364.700s][info][gc,heap     ] GC(512) Survivor regions: 1->1(5)
[364.700s][info][gc,heap     ] GC(512) Old regions: 14->14
[364.700s][info][gc,heap     ] GC(512) Humongous regions: 1->1
[364.700s][info][gc,metaspace] GC(512) Metaspace: 54624K(56000K)->54624K(56000K) NonClass: 47425K(48256K)->47425K(48256K) Class: 7199K(7744K)->7199K(7744K)
[364.700s][info][gc          ] GC(512) Pause Young (Normal) (G1 Evacuation Pause) 188M->56M(228M) 2.320ms
[364.700s][info][gc,cpu      ] GC(512) User=0.01s Sys=0.00s Real=0.00s
[364.961s][info][gc,start    ] GC(513) Pause Young (Normal) (G1 Evacuation Pause)
[364.961s][info][gc,task     ] GC(513) Using 8 workers of 8 for evacuation
[364.963s][info][gc,phases   ] GC(513)   Pre Evacuate Collection Set: 0.1ms
[364.963s][info][gc,phases   ] GC(513)   Merge Heap Roots: 0.1ms
[364.963s][info][gc,phases   ] GC(513)   Evacuate Collection Set: 1.5ms
[364.963s][info][gc,phases   ] GC(513)   Post Evacuate Collection Set: 0.2ms
[364.963s][info][gc,phases   ] GC(513)   Other: 0.0ms
[364.963s][info][gc,heap     ] GC(513) Eden regions: 33->0(33)
[364.963s][info][gc,heap     ] GC(513) Survivor regions: 1->1(5)
[364.963s][info][gc,heap     ] GC(513) Old regions: 14->14
[364.963s][info][gc,heap     ] GC(513) Humongous regions: 1->1
[364.963s][info][gc,metaspace] GC(513) Metaspace: 54624K(56000K)->54624K(56000K) NonClass: 47425K(48256K)->47425K(48256K) Class: 7199K(7744K)->7199K(7744K)
[364.963s][info][gc          ] GC(513) Pause Young (Normal) (G1 Evacuation Pause) 188M->56M(228M) 2.085ms
[364.963s][info][gc,cpu      ] GC(513) User=0.01s Sys=0.00s Real=0.01s
[365.377s][info][gc,start    ] GC(514) Pause Young (Normal) (G1 Evacuation Pause)
[365.378s][info][gc,task     ] GC(514) Using 8 workers of 8 for evacuation
[365.379s][info][gc,phases   ] GC(514)   Pre Evacuate Collection Set: 0.1ms
[365.379s][info][gc,phases   ] GC(514)   Merge Heap Roots: 0.1ms
[365.379s][info][gc,phases   ] GC(514)   Evacuate Collection Set: 1.5ms
[365.379s][info][gc,phases   ] GC(514)   Post Evacuate Collection Set: 0.2ms
[365.379s][info][gc,phases   ] GC(514)   Other: 0.0ms
[365.379s][info][gc,heap     ] GC(514) Eden regions: 33->0(33)
[365.379s][info][gc,heap     ] GC(514) Survivor regions: 1->1(5)
[365.379s][info][gc,heap     ] GC(514) Old regions: 14->14
[365.379s][info][gc,heap     ] GC(514) Humongous regions: 1->1
[365.380s][info][gc,metaspace] GC(514) Metaspace: 54624K(56000K)->54624K(56000K) NonClass: 47425K(48256K)->47425K(48256K) Class: 7199K(7744K)->7199K(7744K)
[365.380s][info][gc          ] GC(514) Pause Young (Normal) (G1 Evacuation Pause) 188M->56M(228M) 2.096ms
[365.380s][info][gc,cpu      ] GC(514) User=0.01s Sys=0.00s Real=0.00s
[365.653s][info][gc,start    ] GC(515) Pause Young (Normal) (G1 Evacuation Pause)
[365.653s][info][gc,task     ] GC(515) Using 8 workers of 8 for evacuation
[365.657s][info][gc,phases   ] GC(515)   Pre Evacuate Collection Set: 0.1ms
[365.657s][info][gc,phases   ] GC(515)   Merge Heap Roots: 0.1ms
[365.657s][info][gc,phases   ] GC(515)   Evacuate Collection Set: 3.6ms
[365.657s][info][gc,phases   ] GC(515)   Post Evacuate Collection Set: 0.5ms
[365.657s][info][gc,phases   ] GC(515)   Other: 0.0ms
[365.657s][info][gc,heap     ] GC(515) Eden regions: 33->0(33)
[365.657s][info][gc,heap     ] GC(515) Survivor regions: 1->1(5)
[365.657s][info][gc,heap     ] GC(515) Old regions: 14->14
[365.657s][info][gc,heap     ] GC(515) Humongous regions: 1->1
[365.657s][info][gc,metaspace] GC(515) Metaspace: 54624K(56000K)->54624K(56000K) NonClass: 47425K(48256K)->47425K(48256K) Class: 7199K(7744K)->7199K(7744K)
[365.657s][info][gc          ] GC(515) Pause Young (Normal) (G1 Evacuation Pause) 188M->56M(228M) 4.459ms
[365.657s][info][gc,cpu      ] GC(515) User=0.01s Sys=0.00s Real=0.00s
[365.928s][info][gc,start    ] GC(516) Pause Young (Normal) (G1 Evacuation Pause)
[365.928s][info][gc,task     ] GC(516) Using 8 workers of 8 for evacuation
[365.930s][info][gc,phases   ] GC(516)   Pre Evacuate Collection Set: 0.1ms
[365.930s][info][gc,phases   ] GC(516)   Merge Heap Roots: 0.1ms
[365.930s][info][gc,phases   ] GC(516)   Evacuate Collection Set: 1.9ms
[365.930s][info][gc,phases   ] GC(516)   Post Evacuate Collection Set: 0.3ms
[365.930s][info][gc,phases   ] GC(516)   Other: 0.0ms
[365.930s][info][gc,heap     ] GC(516) Eden regions: 33->0(33)
[365.930s][info][gc,heap     ] GC(516) Survivor regions: 1->1(5)
[365.930s][info][gc,heap     ] GC(516) Old regions: 14->14
[365.930s][info][gc,heap     ] GC(516) Humongous regions: 1->1
[365.930s][info][gc,metaspace] GC(516) Metaspace: 54624K(56000K)->54624K(56000K) NonClass: 47425K(48256K)->47425K(48256K) Class: 7199K(7744K)->7199K(7744K)
[365.930s][info][gc          ] GC(516) Pause Young (Normal) (G1 Evacuation Pause) 188M->56M(228M) 2.499ms
[365.930s][info][gc,cpu      ] GC(516) User=0.01s Sys=0.00s Real=0.00s
[366.331s][info][gc,start    ] GC(517) Pause Young (Normal) (G1 Evacuation Pause)
[366.331s][info][gc,task     ] GC(517) Using 8 workers of 8 for evacuation
[366.333s][info][gc,phases   ] GC(517)   Pre Evacuate Collection Set: 0.1ms
[366.333s][info][gc,phases   ] GC(517)   Merge Heap Roots: 0.1ms
[366.333s][info][gc,phases   ] GC(517)   Evacuate Collection Set: 2.0ms
[366.333s][info][gc,phases   ] GC(517)   Post Evacuate Collection Set: 0.2ms
[366.333s][info][gc,phases   ] GC(517)   Other: 0.0ms
[366.333s][info][gc,heap     ] GC(517) Eden regions: 33->0(33)
[366.333s][info][gc,heap     ] GC(517) Survivor regions: 1->1(5)
[366.333s][info][gc,heap     ] GC(517) Old regions: 14->14
[366.333s][info][gc,heap     ] GC(517) Humongous regions: 1->1
[366.333s][info][gc,metaspace] GC(517) Metaspace: 54624K(56000K)->54624K(56000K) NonClass: 47425K(48256K)->47425K(48256K) Class: 7199K(7744K)->7199K(7744K)
[366.333s][info][gc          ] GC(517) Pause Young (Normal) (G1 Evacuation Pause) 188M->56M(228M) 2.608ms
[366.333s][info][gc,cpu      ] GC(517) User=0.01s Sys=0.00s Real=0.01s
[366.660s][info][gc,start    ] GC(518) Pause Young (Normal) (G1 Evacuation Pause)
[366.660s][info][gc,task     ] GC(518) Using 8 workers of 8 for evacuation
[366.662s][info][gc,phases   ] GC(518)   Pre Evacuate Collection Set: 0.1ms
[366.662s][info][gc,phases   ] GC(518)   Merge Heap Roots: 0.1ms
[366.662s][info][gc,phases   ] GC(518)   Evacuate Collection Set: 1.7ms
[366.662s][info][gc,phases   ] GC(518)   Post Evacuate Collection Set: 0.3ms
[366.662s][info][gc,phases   ] GC(518)   Other: 0.0ms
[366.662s][info][gc,heap     ] GC(518) Eden regions: 33->0(33)
[366.662s][info][gc,heap     ] GC(518) Survivor regions: 1->1(5)
[366.662s][info][gc,heap     ] GC(518) Old regions: 14->14
[366.662s][info][gc,heap     ] GC(518) Humongous regions: 1->1
[366.662s][info][gc,metaspace] GC(518) Metaspace: 54624K(56000K)->54624K(56000K) NonClass: 47425K(48256K)->47425K(48256K) Class: 7199K(7744K)->7199K(7744K)
[366.662s][info][gc          ] GC(518) Pause Young (Normal) (G1 Evacuation Pause) 188M->56M(228M) 2.432ms
[366.662s][info][gc,cpu      ] GC(518) User=0.01s Sys=0.00s Real=0.01s
[367.043s][info][gc,start    ] GC(519) Pause Young (Normal) (G1 Evacuation Pause)
[367.043s][info][gc,task     ] GC(519) Using 8 workers of 8 for evacuation
[367.045s][info][gc,phases   ] GC(519)   Pre Evacuate Collection Set: 0.1ms
[367.045s][info][gc,phases   ] GC(519)   Merge Heap Roots: 0.2ms
[367.045s][info][gc,phases   ] GC(519)   Evacuate Collection Set: 1.8ms
[367.045s][info][gc,phases   ] GC(519)   Post Evacuate Collection Set: 0.2ms
[367.045s][info][gc,phases   ] GC(519)   Other: 0.0ms
[367.045s][info][gc,heap     ] GC(519) Eden regions: 33->0(33)
[367.045s][info][gc,heap     ] GC(519) Survivor regions: 1->1(5)
[367.045s][info][gc,heap     ] GC(519) Old regions: 14->14
[367.045s][info][gc,heap     ] GC(519) Humongous regions: 1->1
[367.045s][info][gc,metaspace] GC(519) Metaspace: 54624K(56000K)->54624K(56000K) NonClass: 47425K(48256K)->47425K(48256K) Class: 7199K(7744K)->7199K(7744K)
[367.045s][info][gc          ] GC(519) Pause Young (Normal) (G1 Evacuation Pause) 188M->56M(228M) 2.472ms
[367.045s][info][gc,cpu      ] GC(519) User=0.01s Sys=0.00s Real=0.00s
[367.329s][info][gc,start    ] GC(520) Pause Young (Normal) (G1 Evacuation Pause)
[367.329s][info][gc,task     ] GC(520) Using 8 workers of 8 for evacuation
[367.331s][info][gc,phases   ] GC(520)   Pre Evacuate Collection Set: 0.2ms
[367.331s][info][gc,phases   ] GC(520)   Merge Heap Roots: 0.1ms
[367.331s][info][gc,phases   ] GC(520)   Evacuate Collection Set: 1.6ms
[367.331s][info][gc,phases   ] GC(520)   Post Evacuate Collection Set: 0.3ms
[367.331s][info][gc,phases   ] GC(520)   Other: 0.1ms
[367.331s][info][gc,heap     ] GC(520) Eden regions: 33->0(33)
[367.331s][info][gc,heap     ] GC(520) Survivor regions: 1->1(5)
[367.331s][info][gc,heap     ] GC(520) Old regions: 14->14
[367.331s][info][gc,heap     ] GC(520) Humongous regions: 1->1
[367.331s][info][gc,metaspace] GC(520) Metaspace: 54624K(56000K)->54624K(56000K) NonClass: 47425K(48256K)->47425K(48256K) Class: 7199K(7744K)->7199K(7744K)
[367.331s][info][gc          ] GC(520) Pause Young (Normal) (G1 Evacuation Pause) 188M->56M(228M) 2.403ms
[367.331s][info][gc,cpu      ] GC(520) User=0.01s Sys=0.00s Real=0.00s
[367.697s][info][gc,start    ] GC(521) Pause Young (Normal) (G1 Evacuation Pause)
[367.697s][info][gc,task     ] GC(521) Using 8 workers of 8 for evacuation
[367.699s][info][gc,phases   ] GC(521)   Pre Evacuate Collection Set: 0.1ms
[367.699s][info][gc,phases   ] GC(521)   Merge Heap Roots: 0.1ms
[367.700s][info][gc,phases   ] GC(521)   Evacuate Collection Set: 1.9ms
[367.700s][info][gc,phases   ] GC(521)   Post Evacuate Collection Set: 0.2ms
[367.700s][info][gc,phases   ] GC(521)   Other: 0.0ms
[367.700s][info][gc,heap     ] GC(521) Eden regions: 33->0(33)
[367.700s][info][gc,heap     ] GC(521) Survivor regions: 1->1(5)
[367.700s][info][gc,heap     ] GC(521) Old regions: 14->14
[367.700s][info][gc,heap     ] GC(521) Humongous regions: 1->1
[367.700s][info][gc,metaspace] GC(521) Metaspace: 54624K(56000K)->54624K(56000K) NonClass: 47425K(48256K)->47425K(48256K) Class: 7199K(7744K)->7199K(7744K)
[367.700s][info][gc          ] GC(521) Pause Young (Normal) (G1 Evacuation Pause) 188M->56M(228M) 2.429ms
[367.700s][info][gc,cpu      ] GC(521) User=0.01s Sys=0.00s Real=0.00s
[368.055s][info][gc,start    ] GC(522) Pause Young (Normal) (G1 Evacuation Pause)
[368.055s][info][gc,task     ] GC(522) Using 8 workers of 8 for evacuation
[368.057s][info][gc,phases   ] GC(522)   Pre Evacuate Collection Set: 0.1ms
[368.057s][info][gc,phases   ] GC(522)   Merge Heap Roots: 0.1ms
[368.057s][info][gc,phases   ] GC(522)   Evacuate Collection Set: 1.7ms
[368.057s][info][gc,phases   ] GC(522)   Post Evacuate Collection Set: 0.3ms
[368.057s][info][gc,phases   ] GC(522)   Other: 0.0ms
[368.057s][info][gc,heap     ] GC(522) Eden regions: 33->0(33)
[368.057s][info][gc,heap     ] GC(522) Survivor regions: 1->1(5)
[368.057s][info][gc,heap     ] GC(522) Old regions: 14->14
[368.057s][info][gc,heap     ] GC(522) Humongous regions: 1->1
[368.057s][info][gc,metaspace] GC(522) Metaspace: 54624K(56000K)->54624K(56000K) NonClass: 47425K(48256K)->47425K(48256K) Class: 7199K(7744K)->7199K(7744K)
[368.057s][info][gc          ] GC(522) Pause Young (Normal) (G1 Evacuation Pause) 188M->56M(228M) 2.263ms
[368.057s][info][gc,cpu      ] GC(522) User=0.01s Sys=0.01s Real=0.00s
[368.357s][info][gc,start    ] GC(523) Pause Young (Normal) (G1 Evacuation Pause)
[368.357s][info][gc,task     ] GC(523) Using 8 workers of 8 for evacuation
[368.359s][info][gc,phases   ] GC(523)   Pre Evacuate Collection Set: 0.1ms
[368.359s][info][gc,phases   ] GC(523)   Merge Heap Roots: 0.1ms
[368.359s][info][gc,phases   ] GC(523)   Evacuate Collection Set: 1.5ms
[368.359s][info][gc,phases   ] GC(523)   Post Evacuate Collection Set: 0.2ms
[368.359s][info][gc,phases   ] GC(523)   Other: 0.0ms
[368.359s][info][gc,heap     ] GC(523) Eden regions: 33->0(33)
[368.359s][info][gc,heap     ] GC(523) Survivor regions: 1->1(5)
[368.359s][info][gc,heap     ] GC(523) Old regions: 14->14
[368.359s][info][gc,heap     ] GC(523) Humongous regions: 1->1
[368.359s][info][gc,metaspace] GC(523) Metaspace: 54624K(56000K)->54624K(56000K) NonClass: 47425K(48256K)->47425K(48256K) Class: 7199K(7744K)->7199K(7744K)
[368.359s][info][gc          ] GC(523) Pause Young (Normal) (G1 Evacuation Pause) 188M->56M(228M) 2.039ms
[368.359s][info][gc,cpu      ] GC(523) User=0.01s Sys=0.00s Real=0.00s
[368.777s][info][gc,start    ] GC(524) Pause Young (Normal) (G1 Evacuation Pause)
[368.777s][info][gc,task     ] GC(524) Using 8 workers of 8 for evacuation
[368.780s][info][gc,phases   ] GC(524)   Pre Evacuate Collection Set: 0.1ms
[368.780s][info][gc,phases   ] GC(524)   Merge Heap Roots: 0.1ms
[368.780s][info][gc,phases   ] GC(524)   Evacuate Collection Set: 2.1ms
[368.780s][info][gc,phases   ] GC(524)   Post Evacuate Collection Set: 0.4ms
[368.780s][info][gc,phases   ] GC(524)   Other: 0.1ms
[368.780s][info][gc,heap     ] GC(524) Eden regions: 33->0(33)
[368.780s][info][gc,heap     ] GC(524) Survivor regions: 1->1(5)
[368.780s][info][gc,heap     ] GC(524) Old regions: 14->14
[368.780s][info][gc,heap     ] GC(524) Humongous regions: 1->1
[368.780s][info][gc,metaspace] GC(524) Metaspace: 54624K(56000K)->54624K(56000K) NonClass: 47425K(48256K)->47425K(48256K) Class: 7199K(7744K)->7199K(7744K)
[368.780s][info][gc          ] GC(524) Pause Young (Normal) (G1 Evacuation Pause) 188M->56M(228M) 2.905ms
[368.780s][info][gc,cpu      ] GC(524) User=0.01s Sys=0.00s Real=0.00s
[369.067s][info][gc,start    ] GC(525) Pause Young (Normal) (G1 Evacuation Pause)
[369.067s][info][gc,task     ] GC(525) Using 8 workers of 8 for evacuation
[369.069s][info][gc,phases   ] GC(525)   Pre Evacuate Collection Set: 0.1ms
[369.069s][info][gc,phases   ] GC(525)   Merge Heap Roots: 0.1ms
[369.069s][info][gc,phases   ] GC(525)   Evacuate Collection Set: 1.6ms
[369.069s][info][gc,phases   ] GC(525)   Post Evacuate Collection Set: 0.3ms
[369.069s][info][gc,phases   ] GC(525)   Other: 0.0ms
[369.069s][info][gc,heap     ] GC(525) Eden regions: 33->0(33)
[369.069s][info][gc,heap     ] GC(525) Survivor regions: 1->1(5)
[369.069s][info][gc,heap     ] GC(525) Old regions: 14->14
[369.069s][info][gc,heap     ] GC(525) Humongous regions: 1->1
[369.069s][info][gc,metaspace] GC(525) Metaspace: 54624K(56000K)->54624K(56000K) NonClass: 47425K(48256K)->47425K(48256K) Class: 7199K(7744K)->7199K(7744K)
[369.069s][info][gc          ] GC(525) Pause Young (Normal) (G1 Evacuation Pause) 188M->57M(228M) 2.184ms
[369.069s][info][gc,cpu      ] GC(525) User=0.01s Sys=0.00s Real=0.00s
[369.394s][info][gc,start    ] GC(526) Pause Young (Normal) (G1 Evacuation Pause)
[369.394s][info][gc,task     ] GC(526) Using 8 workers of 8 for evacuation
[369.397s][info][gc,phases   ] GC(526)   Pre Evacuate Collection Set: 0.1ms
[369.397s][info][gc,phases   ] GC(526)   Merge Heap Roots: 0.1ms
[369.397s][info][gc,phases   ] GC(526)   Evacuate Collection Set: 2.3ms
[369.397s][info][gc,phases   ] GC(526)   Post Evacuate Collection Set: 0.2ms
[369.397s][info][gc,phases   ] GC(526)   Other: 0.1ms
[369.397s][info][gc,heap     ] GC(526) Eden regions: 33->0(33)
[369.397s][info][gc,heap     ] GC(526) Survivor regions: 1->1(5)
[369.397s][info][gc,heap     ] GC(526) Old regions: 14->14
[369.397s][info][gc,heap     ] GC(526) Humongous regions: 1->1
[369.397s][info][gc,metaspace] GC(526) Metaspace: 54624K(56000K)->54624K(56000K) NonClass: 47425K(48256K)->47425K(48256K) Class: 7199K(7744K)->7199K(7744K)
[369.397s][info][gc          ] GC(526) Pause Young (Normal) (G1 Evacuation Pause) 189M->57M(228M) 2.906ms
[369.397s][info][gc,cpu      ] GC(526) User=0.01s Sys=0.00s Real=0.00s
[369.952s][info][gc,start    ] GC(527) Pause Young (Normal) (G1 Evacuation Pause)
[369.952s][info][gc,task     ] GC(527) Using 8 workers of 8 for evacuation
[369.955s][info][gc,phases   ] GC(527)   Pre Evacuate Collection Set: 0.3ms
[369.955s][info][gc,phases   ] GC(527)   Merge Heap Roots: 0.1ms
[369.955s][info][gc,phases   ] GC(527)   Evacuate Collection Set: 2.1ms
[369.955s][info][gc,phases   ] GC(527)   Post Evacuate Collection Set: 0.5ms
[369.955s][info][gc,phases   ] GC(527)   Other: 0.1ms
[369.955s][info][gc,heap     ] GC(527) Eden regions: 33->0(33)
[369.955s][info][gc,heap     ] GC(527) Survivor regions: 1->1(5)
[369.955s][info][gc,heap     ] GC(527) Old regions: 14->14
[369.955s][info][gc,heap     ] GC(527) Humongous regions: 1->1
[369.955s][info][gc,metaspace] GC(527) Metaspace: 54624K(56000K)->54624K(56000K) NonClass: 47425K(48256K)->47425K(48256K) Class: 7199K(7744K)->7199K(7744K)
[369.955s][info][gc          ] GC(527) Pause Young (Normal) (G1 Evacuation Pause) 189M->57M(228M) 3.335ms
[369.955s][info][gc,cpu      ] GC(527) User=0.01s Sys=0.01s Real=0.01s
[370.289s][info][gc,start    ] GC(528) Pause Young (Normal) (G1 Evacuation Pause)
[370.289s][info][gc,task     ] GC(528) Using 8 workers of 8 for evacuation
[370.292s][info][gc,phases   ] GC(528)   Pre Evacuate Collection Set: 0.1ms
[370.292s][info][gc,phases   ] GC(528)   Merge Heap Roots: 0.1ms
[370.292s][info][gc,phases   ] GC(528)   Evacuate Collection Set: 1.9ms
[370.292s][info][gc,phases   ] GC(528)   Post Evacuate Collection Set: 0.3ms
[370.292s][info][gc,phases   ] GC(528)   Other: 0.0ms
[370.292s][info][gc,heap     ] GC(528) Eden regions: 33->0(33)
[370.292s][info][gc,heap     ] GC(528) Survivor regions: 1->1(5)
[370.292s][info][gc,heap     ] GC(528) Old regions: 14->14
[370.292s][info][gc,heap     ] GC(528) Humongous regions: 1->1
[370.292s][info][gc,metaspace] GC(528) Metaspace: 54624K(56000K)->54624K(56000K) NonClass: 47425K(48256K)->47425K(48256K) Class: 7199K(7744K)->7199K(7744K)
[370.292s][info][gc          ] GC(528) Pause Young (Normal) (G1 Evacuation Pause) 189M->57M(228M) 2.602ms
[370.292s][info][gc,cpu      ] GC(528) User=0.01s Sys=0.00s Real=0.01s
[370.698s][info][gc,start    ] GC(529) Pause Young (Normal) (G1 Evacuation Pause)
[370.698s][info][gc,task     ] GC(529) Using 8 workers of 8 for evacuation
[370.701s][info][gc,phases   ] GC(529)   Pre Evacuate Collection Set: 0.1ms
[370.701s][info][gc,phases   ] GC(529)   Merge Heap Roots: 0.1ms
[370.701s][info][gc,phases   ] GC(529)   Evacuate Collection Set: 2.2ms
[370.701s][info][gc,phases   ] GC(529)   Post Evacuate Collection Set: 0.3ms
[370.701s][info][gc,phases   ] GC(529)   Other: 0.0ms
[370.701s][info][gc,heap     ] GC(529) Eden regions: 33->0(33)
[370.701s][info][gc,heap     ] GC(529) Survivor regions: 1->1(5)
[370.701s][info][gc,heap     ] GC(529) Old regions: 14->14
[370.701s][info][gc,heap     ] GC(529) Humongous regions: 1->1
[370.701s][info][gc,metaspace] GC(529) Metaspace: 54624K(56000K)->54624K(56000K) NonClass: 47425K(48256K)->47425K(48256K) Class: 7199K(7744K)->7199K(7744K)
[370.701s][info][gc          ] GC(529) Pause Young (Normal) (G1 Evacuation Pause) 189M->57M(228M) 2.767ms
[370.701s][info][gc,cpu      ] GC(529) User=0.01s Sys=0.00s Real=0.00s
[370.983s][info][gc,start    ] GC(530) Pause Young (Normal) (G1 Evacuation Pause)
[370.983s][info][gc,task     ] GC(530) Using 8 workers of 8 for evacuation
[370.986s][info][gc,phases   ] GC(530)   Pre Evacuate Collection Set: 0.1ms
[370.986s][info][gc,phases   ] GC(530)   Merge Heap Roots: 0.1ms
[370.986s][info][gc,phases   ] GC(530)   Evacuate Collection Set: 2.0ms
[370.986s][info][gc,phases   ] GC(530)   Post Evacuate Collection Set: 0.3ms
[370.986s][info][gc,phases   ] GC(530)   Other: 0.0ms
[370.986s][info][gc,heap     ] GC(530) Eden regions: 33->0(33)
[370.986s][info][gc,heap     ] GC(530) Survivor regions: 1->1(5)
[370.986s][info][gc,heap     ] GC(530) Old regions: 14->14
[370.986s][info][gc,heap     ] GC(530) Humongous regions: 1->1
[370.986s][info][gc,metaspace] GC(530) Metaspace: 54624K(56000K)->54624K(56000K) NonClass: 47425K(48256K)->47425K(48256K) Class: 7199K(7744K)->7199K(7744K)
[370.986s][info][gc          ] GC(530) Pause Young (Normal) (G1 Evacuation Pause) 189M->57M(228M) 2.626ms
[370.986s][info][gc,cpu      ] GC(530) User=0.02s Sys=0.00s Real=0.00s
[371.343s][info][gc,start    ] GC(531) Pause Young (Normal) (G1 Evacuation Pause)
[371.343s][info][gc,task     ] GC(531) Using 8 workers of 8 for evacuation
[371.346s][info][gc,phases   ] GC(531)   Pre Evacuate Collection Set: 0.1ms
[371.346s][info][gc,phases   ] GC(531)   Merge Heap Roots: 0.1ms
[371.346s][info][gc,phases   ] GC(531)   Evacuate Collection Set: 1.7ms
[371.346s][info][gc,phases   ] GC(531)   Post Evacuate Collection Set: 0.3ms
[371.346s][info][gc,phases   ] GC(531)   Other: 0.1ms
[371.346s][info][gc,heap     ] GC(531) Eden regions: 33->0(33)
[371.346s][info][gc,heap     ] GC(531) Survivor regions: 1->1(5)
[371.346s][info][gc,heap     ] GC(531) Old regions: 14->14
[371.346s][info][gc,heap     ] GC(531) Humongous regions: 1->1
[371.346s][info][gc,metaspace] GC(531) Metaspace: 54624K(56000K)->54624K(56000K) NonClass: 47425K(48256K)->47425K(48256K) Class: 7199K(7744K)->7199K(7744K)
[371.346s][info][gc          ] GC(531) Pause Young (Normal) (G1 Evacuation Pause) 189M->57M(228M) 2.362ms
[371.346s][info][gc,cpu      ] GC(531) User=0.01s Sys=0.01s Real=0.00s
[371.692s][info][gc,start    ] GC(532) Pause Young (Normal) (G1 Evacuation Pause)
[371.692s][info][gc,task     ] GC(532) Using 8 workers of 8 for evacuation
[371.695s][info][gc,phases   ] GC(532)   Pre Evacuate Collection Set: 0.1ms
[371.695s][info][gc,phases   ] GC(532)   Merge Heap Roots: 0.1ms
[371.695s][info][gc,phases   ] GC(532)   Evacuate Collection Set: 2.2ms
[371.695s][info][gc,phases   ] GC(532)   Post Evacuate Collection Set: 0.2ms
[371.695s][info][gc,phases   ] GC(532)   Other: 0.0ms
[371.695s][info][gc,heap     ] GC(532) Eden regions: 33->0(33)
[371.695s][info][gc,heap     ] GC(532) Survivor regions: 1->1(5)
[371.695s][info][gc,heap     ] GC(532) Old regions: 14->14
[371.695s][info][gc,heap     ] GC(532) Humongous regions: 1->1
[371.695s][info][gc,metaspace] GC(532) Metaspace: 54624K(56000K)->54624K(56000K) NonClass: 47425K(48256K)->47425K(48256K) Class: 7199K(7744K)->7199K(7744K)
[371.695s][info][gc          ] GC(532) Pause Young (Normal) (G1 Evacuation Pause) 189M->57M(228M) 2.891ms
[371.695s][info][gc,cpu      ] GC(532) User=0.01s Sys=0.00s Real=0.00s
[372.015s][info][gc,start    ] GC(533) Pause Young (Normal) (G1 Evacuation Pause)
[372.015s][info][gc,task     ] GC(533) Using 8 workers of 8 for evacuation
[372.017s][info][gc,phases   ] GC(533)   Pre Evacuate Collection Set: 0.1ms
[372.017s][info][gc,phases   ] GC(533)   Merge Heap Roots: 0.1ms
[372.017s][info][gc,phases   ] GC(533)   Evacuate Collection Set: 2.0ms
[372.017s][info][gc,phases   ] GC(533)   Post Evacuate Collection Set: 0.2ms
[372.017s][info][gc,phases   ] GC(533)   Other: 0.0ms
[372.017s][info][gc,heap     ] GC(533) Eden regions: 33->0(33)
[372.017s][info][gc,heap     ] GC(533) Survivor regions: 1->1(5)
[372.017s][info][gc,heap     ] GC(533) Old regions: 14->14
[372.017s][info][gc,heap     ] GC(533) Humongous regions: 1->1
[372.017s][info][gc,metaspace] GC(533) Metaspace: 54624K(56000K)->54624K(56000K) NonClass: 47425K(48256K)->47425K(48256K) Class: 7199K(7744K)->7199K(7744K)
[372.017s][info][gc          ] GC(533) Pause Young (Normal) (G1 Evacuation Pause) 189M->57M(228M) 2.644ms
[372.017s][info][gc,cpu      ] GC(533) User=0.01s Sys=0.00s Real=0.00s
[372.327s][info][gc,start    ] GC(534) Pause Young (Normal) (G1 Evacuation Pause)
[372.327s][info][gc,task     ] GC(534) Using 8 workers of 8 for evacuation
[372.330s][info][gc,phases   ] GC(534)   Pre Evacuate Collection Set: 0.1ms
[372.330s][info][gc,phases   ] GC(534)   Merge Heap Roots: 0.1ms
[372.330s][info][gc,phases   ] GC(534)   Evacuate Collection Set: 2.4ms
[372.330s][info][gc,phases   ] GC(534)   Post Evacuate Collection Set: 0.4ms
[372.330s][info][gc,phases   ] GC(534)   Other: 0.0ms
[372.330s][info][gc,heap     ] GC(534) Eden regions: 33->0(33)
[372.330s][info][gc,heap     ] GC(534) Survivor regions: 1->1(5)
[372.330s][info][gc,heap     ] GC(534) Old regions: 14->14
[372.330s][info][gc,heap     ] GC(534) Humongous regions: 1->1
[372.330s][info][gc,metaspace] GC(534) Metaspace: 54624K(56000K)->54624K(56000K) NonClass: 47425K(48256K)->47425K(48256K) Class: 7199K(7744K)->7199K(7744K)
[372.330s][info][gc          ] GC(534) Pause Young (Normal) (G1 Evacuation Pause) 189M->57M(228M) 3.249ms
[372.330s][info][gc,cpu      ] GC(534) User=0.01s Sys=0.00s Real=0.00s
[372.777s][info][gc,start    ] GC(535) Pause Young (Normal) (G1 Evacuation Pause)
[372.777s][info][gc,task     ] GC(535) Using 8 workers of 8 for evacuation
[372.780s][info][gc,phases   ] GC(535)   Pre Evacuate Collection Set: 0.1ms
[372.780s][info][gc,phases   ] GC(535)   Merge Heap Roots: 0.1ms
[372.780s][info][gc,phases   ] GC(535)   Evacuate Collection Set: 1.9ms
[372.780s][info][gc,phases   ] GC(535)   Post Evacuate Collection Set: 0.4ms
[372.780s][info][gc,phases   ] GC(535)   Other: 0.1ms
[372.780s][info][gc,heap     ] GC(535) Eden regions: 33->0(33)
[372.780s][info][gc,heap     ] GC(535) Survivor regions: 1->1(5)
[372.780s][info][gc,heap     ] GC(535) Old regions: 14->14
[372.780s][info][gc,heap     ] GC(535) Humongous regions: 1->1
[372.780s][info][gc,metaspace] GC(535) Metaspace: 54624K(56000K)->54624K(56000K) NonClass: 47425K(48256K)->47425K(48256K) Class: 7199K(7744K)->7199K(7744K)
[372.780s][info][gc          ] GC(535) Pause Young (Normal) (G1 Evacuation Pause) 189M->57M(228M) 2.751ms
[372.780s][info][gc,cpu      ] GC(535) User=0.01s Sys=0.00s Real=0.00s
[373.223s][info][gc,start    ] GC(536) Pause Young (Normal) (G1 Evacuation Pause)
[373.223s][info][gc,task     ] GC(536) Using 8 workers of 8 for evacuation
[373.225s][info][gc,phases   ] GC(536)   Pre Evacuate Collection Set: 0.1ms
[373.225s][info][gc,phases   ] GC(536)   Merge Heap Roots: 0.1ms
[373.225s][info][gc,phases   ] GC(536)   Evacuate Collection Set: 1.5ms
[373.225s][info][gc,phases   ] GC(536)   Post Evacuate Collection Set: 0.3ms
[373.225s][info][gc,phases   ] GC(536)   Other: 0.0ms
[373.225s][info][gc,heap     ] GC(536) Eden regions: 33->0(33)
[373.225s][info][gc,heap     ] GC(536) Survivor regions: 1->1(5)
[373.225s][info][gc,heap     ] GC(536) Old regions: 14->15
[373.225s][info][gc,heap     ] GC(536) Humongous regions: 1->1
[373.225s][info][gc,metaspace] GC(536) Metaspace: 54624K(56000K)->54624K(56000K) NonClass: 47425K(48256K)->47425K(48256K) Class: 7199K(7744K)->7199K(7744K)
[373.225s][info][gc          ] GC(536) Pause Young (Normal) (G1 Evacuation Pause) 189M->57M(228M) 2.112ms
[373.225s][info][gc,cpu      ] GC(536) User=0.01s Sys=0.00s Real=0.00s
[373.842s][info][gc,start    ] GC(537) Pause Young (Normal) (G1 Evacuation Pause)
[373.842s][info][gc,task     ] GC(537) Using 8 workers of 8 for evacuation
[373.845s][info][gc,phases   ] GC(537)   Pre Evacuate Collection Set: 0.2ms
[373.845s][info][gc,phases   ] GC(537)   Merge Heap Roots: 0.1ms
[373.845s][info][gc,phases   ] GC(537)   Evacuate Collection Set: 2.1ms
[373.845s][info][gc,phases   ] GC(537)   Post Evacuate Collection Set: 0.3ms
[373.845s][info][gc,phases   ] GC(537)   Other: 0.1ms
[373.845s][info][gc,heap     ] GC(537) Eden regions: 33->0(33)
[373.845s][info][gc,heap     ] GC(537) Survivor regions: 1->1(5)
[373.845s][info][gc,heap     ] GC(537) Old regions: 15->15
[373.845s][info][gc,heap     ] GC(537) Humongous regions: 1->1
[373.845s][info][gc,metaspace] GC(537) Metaspace: 54624K(56000K)->54624K(56000K) NonClass: 47425K(48256K)->47425K(48256K) Class: 7199K(7744K)->7199K(7744K)
[373.845s][info][gc          ] GC(537) Pause Young (Normal) (G1 Evacuation Pause) 189M->57M(228M) 2.842ms
[373.845s][info][gc,cpu      ] GC(537) User=0.02s Sys=0.00s Real=0.00s
[374.093s][info][gc,start    ] GC(538) Pause Young (Normal) (G1 Evacuation Pause)
[374.093s][info][gc,task     ] GC(538) Using 8 workers of 8 for evacuation
[374.095s][info][gc,phases   ] GC(538)   Pre Evacuate Collection Set: 0.1ms
[374.095s][info][gc,phases   ] GC(538)   Merge Heap Roots: 0.1ms
[374.095s][info][gc,phases   ] GC(538)   Evacuate Collection Set: 1.8ms
[374.095s][info][gc,phases   ] GC(538)   Post Evacuate Collection Set: 0.2ms
[374.095s][info][gc,phases   ] GC(538)   Other: 0.0ms
[374.095s][info][gc,heap     ] GC(538) Eden regions: 33->0(33)
[374.095s][info][gc,heap     ] GC(538) Survivor regions: 1->1(5)
[374.095s][info][gc,heap     ] GC(538) Old regions: 15->15
[374.095s][info][gc,heap     ] GC(538) Humongous regions: 1->1
[374.095s][info][gc,metaspace] GC(538) Metaspace: 54624K(56000K)->54624K(56000K) NonClass: 47425K(48256K)->47425K(48256K) Class: 7199K(7744K)->7199K(7744K)
[374.095s][info][gc          ] GC(538) Pause Young (Normal) (G1 Evacuation Pause) 189M->57M(228M) 2.415ms
[374.095s][info][gc,cpu      ] GC(538) User=0.01s Sys=0.01s Real=0.00s
[374.393s][info][gc,start    ] GC(539) Pause Young (Normal) (G1 Evacuation Pause)
[374.393s][info][gc,task     ] GC(539) Using 8 workers of 8 for evacuation
[374.396s][info][gc,phases   ] GC(539)   Pre Evacuate Collection Set: 0.1ms
[374.396s][info][gc,phases   ] GC(539)   Merge Heap Roots: 0.1ms
[374.396s][info][gc,phases   ] GC(539)   Evacuate Collection Set: 2.1ms
[374.396s][info][gc,phases   ] GC(539)   Post Evacuate Collection Set: 0.4ms
[374.396s][info][gc,phases   ] GC(539)   Other: 0.0ms
[374.396s][info][gc,heap     ] GC(539) Eden regions: 33->0(33)
[374.396s][info][gc,heap     ] GC(539) Survivor regions: 1->1(5)
[374.396s][info][gc,heap     ] GC(539) Old regions: 15->15
[374.396s][info][gc,heap     ] GC(539) Humongous regions: 1->1
[374.396s][info][gc,metaspace] GC(539) Metaspace: 54624K(56000K)->54624K(56000K) NonClass: 47425K(48256K)->47425K(48256K) Class: 7199K(7744K)->7199K(7744K)
[374.396s][info][gc          ] GC(539) Pause Young (Normal) (G1 Evacuation Pause) 189M->57M(228M) 2.768ms
[374.396s][info][gc,cpu      ] GC(539) User=0.01s Sys=0.00s Real=0.00s
[374.710s][info][gc,start    ] GC(540) Pause Young (Normal) (G1 Evacuation Pause)
[374.710s][info][gc,task     ] GC(540) Using 8 workers of 8 for evacuation
[374.712s][info][gc,phases   ] GC(540)   Pre Evacuate Collection Set: 0.1ms
[374.712s][info][gc,phases   ] GC(540)   Merge Heap Roots: 0.1ms
[374.712s][info][gc,phases   ] GC(540)   Evacuate Collection Set: 1.7ms
[374.712s][info][gc,phases   ] GC(540)   Post Evacuate Collection Set: 0.3ms
[374.712s][info][gc,phases   ] GC(540)   Other: 0.0ms
[374.712s][info][gc,heap     ] GC(540) Eden regions: 33->0(33)
[374.712s][info][gc,heap     ] GC(540) Survivor regions: 1->1(5)
[374.712s][info][gc,heap     ] GC(540) Old regions: 15->15
[374.712s][info][gc,heap     ] GC(540) Humongous regions: 1->1
[374.712s][info][gc,metaspace] GC(540) Metaspace: 54624K(56000K)->54624K(56000K) NonClass: 47425K(48256K)->47425K(48256K) Class: 7199K(7744K)->7199K(7744K)
[374.712s][info][gc          ] GC(540) Pause Young (Normal) (G1 Evacuation Pause) 189M->57M(228M) 2.308ms
[374.712s][info][gc,cpu      ] GC(540) User=0.01s Sys=0.00s Real=0.01s
[374.996s][info][gc,start    ] GC(541) Pause Young (Normal) (G1 Evacuation Pause)
[374.996s][info][gc,task     ] GC(541) Using 8 workers of 8 for evacuation
[374.998s][info][gc,phases   ] GC(541)   Pre Evacuate Collection Set: 0.1ms
[374.998s][info][gc,phases   ] GC(541)   Merge Heap Roots: 0.1ms
[374.998s][info][gc,phases   ] GC(541)   Evacuate Collection Set: 1.6ms
[374.998s][info][gc,phases   ] GC(541)   Post Evacuate Collection Set: 0.3ms
[374.998s][info][gc,phases   ] GC(541)   Other: 0.0ms
[374.998s][info][gc,heap     ] GC(541) Eden regions: 33->0(33)
[374.998s][info][gc,heap     ] GC(541) Survivor regions: 1->1(5)
[374.998s][info][gc,heap     ] GC(541) Old regions: 15->15
[374.998s][info][gc,heap     ] GC(541) Humongous regions: 1->1
[374.998s][info][gc,metaspace] GC(541) Metaspace: 54624K(56000K)->54624K(56000K) NonClass: 47425K(48256K)->47425K(48256K) Class: 7199K(7744K)->7199K(7744K)
[374.998s][info][gc          ] GC(541) Pause Young (Normal) (G1 Evacuation Pause) 189M->57M(228M) 2.256ms
[374.998s][info][gc,cpu      ] GC(541) User=0.01s Sys=0.00s Real=0.00s
[375.444s][info][gc,start    ] GC(542) Pause Young (Normal) (G1 Evacuation Pause)
[375.444s][info][gc,task     ] GC(542) Using 8 workers of 8 for evacuation
[375.446s][info][gc,phases   ] GC(542)   Pre Evacuate Collection Set: 0.1ms
[375.446s][info][gc,phases   ] GC(542)   Merge Heap Roots: 0.1ms
[375.446s][info][gc,phases   ] GC(542)   Evacuate Collection Set: 1.6ms
[375.446s][info][gc,phases   ] GC(542)   Post Evacuate Collection Set: 0.2ms
[375.446s][info][gc,phases   ] GC(542)   Other: 0.0ms
[375.446s][info][gc,heap     ] GC(542) Eden regions: 33->0(33)
[375.446s][info][gc,heap     ] GC(542) Survivor regions: 1->1(5)
[375.446s][info][gc,heap     ] GC(542) Old regions: 15->15
[375.446s][info][gc,heap     ] GC(542) Humongous regions: 1->1
[375.446s][info][gc,metaspace] GC(542) Metaspace: 54624K(56000K)->54624K(56000K) NonClass: 47425K(48256K)->47425K(48256K) Class: 7199K(7744K)->7199K(7744K)
[375.446s][info][gc          ] GC(542) Pause Young (Normal) (G1 Evacuation Pause) 189M->58M(228M) 2.364ms
[375.446s][info][gc,cpu      ] GC(542) User=0.01s Sys=0.00s Real=0.00s
[375.747s][info][gc,start    ] GC(543) Pause Young (Normal) (G1 Evacuation Pause)
[375.747s][info][gc,task     ] GC(543) Using 8 workers of 8 for evacuation
[375.750s][info][gc,phases   ] GC(543)   Pre Evacuate Collection Set: 0.1ms
[375.750s][info][gc,phases   ] GC(543)   Merge Heap Roots: 0.1ms
[375.750s][info][gc,phases   ] GC(543)   Evacuate Collection Set: 1.7ms
[375.750s][info][gc,phases   ] GC(543)   Post Evacuate Collection Set: 0.3ms
[375.750s][info][gc,phases   ] GC(543)   Other: 0.0ms
[375.750s][info][gc,heap     ] GC(543) Eden regions: 33->0(33)
[375.750s][info][gc,heap     ] GC(543) Survivor regions: 1->1(5)
[375.750s][info][gc,heap     ] GC(543) Old regions: 15->15
[375.750s][info][gc,heap     ] GC(543) Humongous regions: 1->1
[375.750s][info][gc,metaspace] GC(543) Metaspace: 54624K(56000K)->54624K(56000K) NonClass: 47425K(48256K)->47425K(48256K) Class: 7199K(7744K)->7199K(7744K)
[375.750s][info][gc          ] GC(543) Pause Young (Normal) (G1 Evacuation Pause) 190M->58M(228M) 2.439ms
[375.750s][info][gc,cpu      ] GC(543) User=0.00s Sys=0.00s Real=0.00s
[376.070s][info][gc,start    ] GC(544) Pause Young (Normal) (G1 Evacuation Pause)
[376.070s][info][gc,task     ] GC(544) Using 8 workers of 8 for evacuation
[376.072s][info][gc,phases   ] GC(544)   Pre Evacuate Collection Set: 0.1ms
[376.073s][info][gc,phases   ] GC(544)   Merge Heap Roots: 0.1ms
[376.073s][info][gc,phases   ] GC(544)   Evacuate Collection Set: 2.1ms
[376.073s][info][gc,phases   ] GC(544)   Post Evacuate Collection Set: 0.3ms
[376.073s][info][gc,phases   ] GC(544)   Other: 0.1ms
[376.073s][info][gc,heap     ] GC(544) Eden regions: 33->0(33)
[376.073s][info][gc,heap     ] GC(544) Survivor regions: 1->1(5)
[376.073s][info][gc,heap     ] GC(544) Old regions: 15->15
[376.073s][info][gc,heap     ] GC(544) Humongous regions: 1->1
[376.073s][info][gc,metaspace] GC(544) Metaspace: 54624K(56000K)->54624K(56000K) NonClass: 47425K(48256K)->47425K(48256K) Class: 7199K(7744K)->7199K(7744K)
[376.073s][info][gc          ] GC(544) Pause Young (Normal) (G1 Evacuation Pause) 190M->58M(228M) 2.813ms
[376.073s][info][gc,cpu      ] GC(544) User=0.01s Sys=0.00s Real=0.01s
[376.381s][info][gc,start    ] GC(545) Pause Young (Normal) (G1 Evacuation Pause)
[376.381s][info][gc,task     ] GC(545) Using 8 workers of 8 for evacuation
[376.385s][info][gc,phases   ] GC(545)   Pre Evacuate Collection Set: 0.1ms
[376.385s][info][gc,phases   ] GC(545)   Merge Heap Roots: 1.4ms
[376.385s][info][gc,phases   ] GC(545)   Evacuate Collection Set: 2.0ms
[376.385s][info][gc,phases   ] GC(545)   Post Evacuate Collection Set: 0.2ms
[376.385s][info][gc,phases   ] GC(545)   Other: 0.0ms
[376.385s][info][gc,heap     ] GC(545) Eden regions: 33->0(33)
[376.385s][info][gc,heap     ] GC(545) Survivor regions: 1->1(5)
[376.385s][info][gc,heap     ] GC(545) Old regions: 15->15
[376.385s][info][gc,heap     ] GC(545) Humongous regions: 1->1
[376.385s][info][gc,metaspace] GC(545) Metaspace: 54624K(56000K)->54624K(56000K) NonClass: 47425K(48256K)->47425K(48256K) Class: 7199K(7744K)->7199K(7744K)
[376.385s][info][gc          ] GC(545) Pause Young (Normal) (G1 Evacuation Pause) 190M->58M(228M) 3.911ms
[376.385s][info][gc,cpu      ] GC(545) User=0.01s Sys=0.01s Real=0.01s
[376.746s][info][gc,start    ] GC(546) Pause Young (Normal) (G1 Evacuation Pause)
[376.746s][info][gc,task     ] GC(546) Using 8 workers of 8 for evacuation
[376.748s][info][gc,phases   ] GC(546)   Pre Evacuate Collection Set: 0.1ms
[376.748s][info][gc,phases   ] GC(546)   Merge Heap Roots: 0.1ms
[376.748s][info][gc,phases   ] GC(546)   Evacuate Collection Set: 1.8ms
[376.748s][info][gc,phases   ] GC(546)   Post Evacuate Collection Set: 0.3ms
[376.748s][info][gc,phases   ] GC(546)   Other: 0.0ms
[376.748s][info][gc,heap     ] GC(546) Eden regions: 33->0(33)
[376.748s][info][gc,heap     ] GC(546) Survivor regions: 1->1(5)
[376.748s][info][gc,heap     ] GC(546) Old regions: 15->15
[376.748s][info][gc,heap     ] GC(546) Humongous regions: 1->1
[376.748s][info][gc,metaspace] GC(546) Metaspace: 54624K(56000K)->54624K(56000K) NonClass: 47425K(48256K)->47425K(48256K) Class: 7199K(7744K)->7199K(7744K)
[376.748s][info][gc          ] GC(546) Pause Young (Normal) (G1 Evacuation Pause) 190M->58M(228M) 2.376ms
[376.748s][info][gc,cpu      ] GC(546) User=0.01s Sys=0.00s Real=0.00s
[377.104s][info][gc,start    ] GC(547) Pause Young (Normal) (G1 Evacuation Pause)
[377.104s][info][gc,task     ] GC(547) Using 8 workers of 8 for evacuation
[377.106s][info][gc,phases   ] GC(547)   Pre Evacuate Collection Set: 0.1ms
[377.106s][info][gc,phases   ] GC(547)   Merge Heap Roots: 0.1ms
[377.106s][info][gc,phases   ] GC(547)   Evacuate Collection Set: 1.7ms
[377.106s][info][gc,phases   ] GC(547)   Post Evacuate Collection Set: 0.3ms
[377.106s][info][gc,phases   ] GC(547)   Other: 0.1ms
[377.106s][info][gc,heap     ] GC(547) Eden regions: 33->0(33)
[377.106s][info][gc,heap     ] GC(547) Survivor regions: 1->1(5)
[377.106s][info][gc,heap     ] GC(547) Old regions: 15->15
[377.106s][info][gc,heap     ] GC(547) Humongous regions: 1->1
[377.106s][info][gc,metaspace] GC(547) Metaspace: 54624K(56000K)->54624K(56000K) NonClass: 47425K(48256K)->47425K(48256K) Class: 7199K(7744K)->7199K(7744K)
[377.106s][info][gc          ] GC(547) Pause Young (Normal) (G1 Evacuation Pause) 190M->58M(228M) 2.351ms
[377.106s][info][gc,cpu      ] GC(547) User=0.01s Sys=0.00s Real=0.00s
[377.521s][info][gc,start    ] GC(548) Pause Young (Normal) (G1 Evacuation Pause)
[377.521s][info][gc,task     ] GC(548) Using 8 workers of 8 for evacuation
[377.524s][info][gc,phases   ] GC(548)   Pre Evacuate Collection Set: 0.1ms
[377.524s][info][gc,phases   ] GC(548)   Merge Heap Roots: 0.1ms
[377.524s][info][gc,phases   ] GC(548)   Evacuate Collection Set: 1.8ms
[377.524s][info][gc,phases   ] GC(548)   Post Evacuate Collection Set: 0.3ms
[377.524s][info][gc,phases   ] GC(548)   Other: 0.0ms
[377.524s][info][gc,heap     ] GC(548) Eden regions: 33->0(33)
[377.524s][info][gc,heap     ] GC(548) Survivor regions: 1->1(5)
[377.524s][info][gc,heap     ] GC(548) Old regions: 15->15
[377.524s][info][gc,heap     ] GC(548) Humongous regions: 1->1
[377.524s][info][gc,metaspace] GC(548) Metaspace: 54624K(56000K)->54624K(56000K) NonClass: 47425K(48256K)->47425K(48256K) Class: 7199K(7744K)->7199K(7744K)
[377.524s][info][gc          ] GC(548) Pause Young (Normal) (G1 Evacuation Pause) 190M->58M(228M) 2.526ms
[377.524s][info][gc,cpu      ] GC(548) User=0.01s Sys=0.00s Real=0.01s
[377.990s][info][gc,start    ] GC(549) Pause Young (Normal) (G1 Evacuation Pause)
[377.990s][info][gc,task     ] GC(549) Using 8 workers of 8 for evacuation
[377.993s][info][gc,phases   ] GC(549)   Pre Evacuate Collection Set: 0.1ms
[377.993s][info][gc,phases   ] GC(549)   Merge Heap Roots: 0.1ms
[377.993s][info][gc,phases   ] GC(549)   Evacuate Collection Set: 2.0ms
[377.993s][info][gc,phases   ] GC(549)   Post Evacuate Collection Set: 0.3ms
[377.993s][info][gc,phases   ] GC(549)   Other: 0.0ms
[377.993s][info][gc,heap     ] GC(549) Eden regions: 33->0(33)
[377.993s][info][gc,heap     ] GC(549) Survivor regions: 1->1(5)
[377.993s][info][gc,heap     ] GC(549) Old regions: 15->15
[377.993s][info][gc,heap     ] GC(549) Humongous regions: 1->1
[377.993s][info][gc,metaspace] GC(549) Metaspace: 54624K(56000K)->54624K(56000K) NonClass: 47425K(48256K)->47425K(48256K) Class: 7199K(7744K)->7199K(7744K)
[377.993s][info][gc          ] GC(549) Pause Young (Normal) (G1 Evacuation Pause) 190M->58M(228M) 2.722ms
[377.993s][info][gc,cpu      ] GC(549) User=0.01s Sys=0.00s Real=0.01s
[378.340s][info][gc,start    ] GC(550) Pause Young (Normal) (G1 Evacuation Pause)
[378.340s][info][gc,task     ] GC(550) Using 8 workers of 8 for evacuation
[378.342s][info][gc,phases   ] GC(550)   Pre Evacuate Collection Set: 0.1ms
[378.342s][info][gc,phases   ] GC(550)   Merge Heap Roots: 0.1ms
[378.342s][info][gc,phases   ] GC(550)   Evacuate Collection Set: 1.7ms
[378.342s][info][gc,phases   ] GC(550)   Post Evacuate Collection Set: 0.3ms
[378.342s][info][gc,phases   ] GC(550)   Other: 0.0ms
[378.342s][info][gc,heap     ] GC(550) Eden regions: 33->0(33)
[378.342s][info][gc,heap     ] GC(550) Survivor regions: 1->1(5)
[378.342s][info][gc,heap     ] GC(550) Old regions: 15->15
[378.342s][info][gc,heap     ] GC(550) Humongous regions: 1->1
[378.342s][info][gc,metaspace] GC(550) Metaspace: 54624K(56000K)->54624K(56000K) NonClass: 47425K(48256K)->47425K(48256K) Class: 7199K(7744K)->7199K(7744K)
[378.342s][info][gc          ] GC(550) Pause Young (Normal) (G1 Evacuation Pause) 190M->58M(228M) 2.385ms
[378.342s][info][gc,cpu      ] GC(550) User=0.01s Sys=0.00s Real=0.01s
[378.709s][info][gc,start    ] GC(551) Pause Young (Normal) (G1 Evacuation Pause)
[378.709s][info][gc,task     ] GC(551) Using 8 workers of 8 for evacuation
[378.711s][info][gc,phases   ] GC(551)   Pre Evacuate Collection Set: 0.1ms
[378.711s][info][gc,phases   ] GC(551)   Merge Heap Roots: 0.1ms
[378.711s][info][gc,phases   ] GC(551)   Evacuate Collection Set: 1.9ms
[378.711s][info][gc,phases   ] GC(551)   Post Evacuate Collection Set: 0.3ms
[378.711s][info][gc,phases   ] GC(551)   Other: 0.0ms
[378.711s][info][gc,heap     ] GC(551) Eden regions: 33->0(33)
[378.711s][info][gc,heap     ] GC(551) Survivor regions: 1->1(5)
[378.711s][info][gc,heap     ] GC(551) Old regions: 15->15
[378.711s][info][gc,heap     ] GC(551) Humongous regions: 1->1
[378.711s][info][gc,metaspace] GC(551) Metaspace: 54624K(56000K)->54624K(56000K) NonClass: 47425K(48256K)->47425K(48256K) Class: 7199K(7744K)->7199K(7744K)
[378.711s][info][gc          ] GC(551) Pause Young (Normal) (G1 Evacuation Pause) 190M->58M(228M) 2.536ms
[378.711s][info][gc,cpu      ] GC(551) User=0.01s Sys=0.00s Real=0.00s
[379.085s][info][gc,start    ] GC(552) Pause Young (Normal) (G1 Evacuation Pause)
[379.085s][info][gc,task     ] GC(552) Using 8 workers of 8 for evacuation
[379.087s][info][gc,phases   ] GC(552)   Pre Evacuate Collection Set: 0.1ms
[379.087s][info][gc,phases   ] GC(552)   Merge Heap Roots: 0.1ms
[379.087s][info][gc,phases   ] GC(552)   Evacuate Collection Set: 1.6ms
[379.087s][info][gc,phases   ] GC(552)   Post Evacuate Collection Set: 0.2ms
[379.087s][info][gc,phases   ] GC(552)   Other: 0.0ms
[379.087s][info][gc,heap     ] GC(552) Eden regions: 33->0(33)
[379.087s][info][gc,heap     ] GC(552) Survivor regions: 1->1(5)
[379.088s][info][gc,heap     ] GC(552) Old regions: 15->15
[379.088s][info][gc,heap     ] GC(552) Humongous regions: 1->1
[379.088s][info][gc,metaspace] GC(552) Metaspace: 54624K(56000K)->54624K(56000K) NonClass: 47425K(48256K)->47425K(48256K) Class: 7199K(7744K)->7199K(7744K)
[379.088s][info][gc          ] GC(552) Pause Young (Normal) (G1 Evacuation Pause) 190M->58M(228M) 2.205ms
[379.088s][info][gc,cpu      ] GC(552) User=0.01s Sys=0.00s Real=0.00s
[379.527s][info][gc,start    ] GC(553) Pause Young (Normal) (G1 Evacuation Pause)
[379.527s][info][gc,task     ] GC(553) Using 8 workers of 8 for evacuation
[379.529s][info][gc,phases   ] GC(553)   Pre Evacuate Collection Set: 0.1ms
[379.529s][info][gc,phases   ] GC(553)   Merge Heap Roots: 0.1ms
[379.529s][info][gc,phases   ] GC(553)   Evacuate Collection Set: 1.9ms
[379.529s][info][gc,phases   ] GC(553)   Post Evacuate Collection Set: 0.4ms
[379.529s][info][gc,phases   ] GC(553)   Other: 0.0ms
[379.529s][info][gc,heap     ] GC(553) Eden regions: 33->0(33)
[379.529s][info][gc,heap     ] GC(553) Survivor regions: 1->1(5)
[379.529s][info][gc,heap     ] GC(553) Old regions: 15->15
[379.529s][info][gc,heap     ] GC(553) Humongous regions: 1->1
[379.529s][info][gc,metaspace] GC(553) Metaspace: 54624K(56000K)->54624K(56000K) NonClass: 47425K(48256K)->47425K(48256K) Class: 7199K(7744K)->7199K(7744K)
[379.529s][info][gc          ] GC(553) Pause Young (Normal) (G1 Evacuation Pause) 190M->58M(228M) 2.621ms
[379.529s][info][gc,cpu      ] GC(553) User=0.01s Sys=0.00s Real=0.00s
[379.960s][info][gc,start    ] GC(554) Pause Young (Normal) (G1 Evacuation Pause)
[379.960s][info][gc,task     ] GC(554) Using 8 workers of 8 for evacuation
[379.962s][info][gc,phases   ] GC(554)   Pre Evacuate Collection Set: 0.1ms
[379.962s][info][gc,phases   ] GC(554)   Merge Heap Roots: 0.1ms
[379.962s][info][gc,phases   ] GC(554)   Evacuate Collection Set: 1.8ms
[379.962s][info][gc,phases   ] GC(554)   Post Evacuate Collection Set: 0.3ms
[379.962s][info][gc,phases   ] GC(554)   Other: 0.0ms
[379.962s][info][gc,heap     ] GC(554) Eden regions: 33->0(33)
[379.962s][info][gc,heap     ] GC(554) Survivor regions: 1->1(5)
[379.962s][info][gc,heap     ] GC(554) Old regions: 15->15
[379.962s][info][gc,heap     ] GC(554) Humongous regions: 1->1
[379.962s][info][gc,metaspace] GC(554) Metaspace: 54624K(56000K)->54624K(56000K) NonClass: 47425K(48256K)->47425K(48256K) Class: 7199K(7744K)->7199K(7744K)
[379.962s][info][gc          ] GC(554) Pause Young (Normal) (G1 Evacuation Pause) 190M->58M(228M) 2.526ms
[379.962s][info][gc,cpu      ] GC(554) User=0.01s Sys=0.00s Real=0.01s
[380.231s][info][gc,start    ] GC(555) Pause Young (Normal) (G1 Evacuation Pause)
[380.231s][info][gc,task     ] GC(555) Using 8 workers of 8 for evacuation
[380.233s][info][gc,phases   ] GC(555)   Pre Evacuate Collection Set: 0.1ms
[380.233s][info][gc,phases   ] GC(555)   Merge Heap Roots: 0.1ms
[380.233s][info][gc,phases   ] GC(555)   Evacuate Collection Set: 1.9ms
[380.233s][info][gc,phases   ] GC(555)   Post Evacuate Collection Set: 0.2ms
[380.233s][info][gc,phases   ] GC(555)   Other: 0.1ms
[380.233s][info][gc,heap     ] GC(555) Eden regions: 33->0(33)
[380.233s][info][gc,heap     ] GC(555) Survivor regions: 1->1(5)
[380.233s][info][gc,heap     ] GC(555) Old regions: 15->15
[380.233s][info][gc,heap     ] GC(555) Humongous regions: 1->1
[380.233s][info][gc,metaspace] GC(555) Metaspace: 54624K(56000K)->54624K(56000K) NonClass: 47425K(48256K)->47425K(48256K) Class: 7199K(7744K)->7199K(7744K)
[380.233s][info][gc          ] GC(555) Pause Young (Normal) (G1 Evacuation Pause) 190M->58M(228M) 2.455ms
[380.233s][info][gc,cpu      ] GC(555) User=0.01s Sys=0.00s Real=0.01s
[380.649s][info][gc,start    ] GC(556) Pause Young (Normal) (G1 Evacuation Pause)
[380.649s][info][gc,task     ] GC(556) Using 8 workers of 8 for evacuation
[380.651s][info][gc,phases   ] GC(556)   Pre Evacuate Collection Set: 0.1ms
[380.651s][info][gc,phases   ] GC(556)   Merge Heap Roots: 0.1ms
[380.651s][info][gc,phases   ] GC(556)   Evacuate Collection Set: 1.4ms
[380.651s][info][gc,phases   ] GC(556)   Post Evacuate Collection Set: 0.2ms
[380.651s][info][gc,phases   ] GC(556)   Other: 0.0ms
[380.651s][info][gc,heap     ] GC(556) Eden regions: 33->0(33)
[380.651s][info][gc,heap     ] GC(556) Survivor regions: 1->1(5)
[380.651s][info][gc,heap     ] GC(556) Old regions: 15->15
[380.651s][info][gc,heap     ] GC(556) Humongous regions: 1->1
[380.651s][info][gc,metaspace] GC(556) Metaspace: 54624K(56000K)->54624K(56000K) NonClass: 47425K(48256K)->47425K(48256K) Class: 7199K(7744K)->7199K(7744K)
[380.651s][info][gc          ] GC(556) Pause Young (Normal) (G1 Evacuation Pause) 190M->58M(228M) 2.051ms
[380.651s][info][gc,cpu      ] GC(556) User=0.01s Sys=0.00s Real=0.00s
[380.928s][info][gc,start    ] GC(557) Pause Young (Normal) (G1 Evacuation Pause)
[380.928s][info][gc,task     ] GC(557) Using 8 workers of 8 for evacuation
[380.930s][info][gc,phases   ] GC(557)   Pre Evacuate Collection Set: 0.1ms
[380.930s][info][gc,phases   ] GC(557)   Merge Heap Roots: 0.1ms
[380.930s][info][gc,phases   ] GC(557)   Evacuate Collection Set: 1.6ms
[380.930s][info][gc,phases   ] GC(557)   Post Evacuate Collection Set: 0.2ms
[380.930s][info][gc,phases   ] GC(557)   Other: 0.0ms
[380.930s][info][gc,heap     ] GC(557) Eden regions: 33->0(33)
[380.930s][info][gc,heap     ] GC(557) Survivor regions: 1->1(5)
[380.930s][info][gc,heap     ] GC(557) Old regions: 15->15
[380.930s][info][gc,heap     ] GC(557) Humongous regions: 1->1
[380.930s][info][gc,metaspace] GC(557) Metaspace: 54624K(56000K)->54624K(56000K) NonClass: 47425K(48256K)->47425K(48256K) Class: 7199K(7744K)->7199K(7744K)
[380.930s][info][gc          ] GC(557) Pause Young (Normal) (G1 Evacuation Pause) 190M->58M(228M) 2.143ms
[380.930s][info][gc,cpu      ] GC(557) User=0.01s Sys=0.00s Real=0.00s
[381.235s][info][gc,start    ] GC(558) Pause Young (Normal) (G1 Evacuation Pause)
[381.235s][info][gc,task     ] GC(558) Using 8 workers of 8 for evacuation
[381.237s][info][gc,phases   ] GC(558)   Pre Evacuate Collection Set: 0.1ms
[381.237s][info][gc,phases   ] GC(558)   Merge Heap Roots: 0.1ms
[381.237s][info][gc,phases   ] GC(558)   Evacuate Collection Set: 2.1ms
[381.237s][info][gc,phases   ] GC(558)   Post Evacuate Collection Set: 0.2ms
[381.237s][info][gc,phases   ] GC(558)   Other: 0.0ms
[381.237s][info][gc,heap     ] GC(558) Eden regions: 33->0(33)
[381.237s][info][gc,heap     ] GC(558) Survivor regions: 1->1(5)
[381.237s][info][gc,heap     ] GC(558) Old regions: 15->15
[381.237s][info][gc,heap     ] GC(558) Humongous regions: 1->1
[381.237s][info][gc,metaspace] GC(558) Metaspace: 54624K(56000K)->54624K(56000K) NonClass: 47425K(48256K)->47425K(48256K) Class: 7199K(7744K)->7199K(7744K)
[381.237s][info][gc          ] GC(558) Pause Young (Normal) (G1 Evacuation Pause) 190M->58M(228M) 2.710ms
[381.237s][info][gc,cpu      ] GC(558) User=0.01s Sys=0.00s Real=0.00s
[381.641s][info][gc,start    ] GC(559) Pause Young (Normal) (G1 Evacuation Pause)
[381.641s][info][gc,task     ] GC(559) Using 8 workers of 8 for evacuation
[381.643s][info][gc,phases   ] GC(559)   Pre Evacuate Collection Set: 0.1ms
[381.643s][info][gc,phases   ] GC(559)   Merge Heap Roots: 0.1ms
[381.643s][info][gc,phases   ] GC(559)   Evacuate Collection Set: 1.6ms
[381.643s][info][gc,phases   ] GC(559)   Post Evacuate Collection Set: 0.2ms
[381.643s][info][gc,phases   ] GC(559)   Other: 0.0ms
[381.643s][info][gc,heap     ] GC(559) Eden regions: 33->0(33)
[381.643s][info][gc,heap     ] GC(559) Survivor regions: 1->1(5)
[381.643s][info][gc,heap     ] GC(559) Old regions: 15->15
[381.643s][info][gc,heap     ] GC(559) Humongous regions: 1->1
[381.643s][info][gc,metaspace] GC(559) Metaspace: 54624K(56000K)->54624K(56000K) NonClass: 47425K(48256K)->47425K(48256K) Class: 7199K(7744K)->7199K(7744K)
[381.643s][info][gc          ] GC(559) Pause Young (Normal) (G1 Evacuation Pause) 190M->58M(228M) 2.244ms
[381.643s][info][gc,cpu      ] GC(559) User=0.01s Sys=0.00s Real=0.01s
[381.932s][info][gc,start    ] GC(560) Pause Young (Normal) (G1 Evacuation Pause)
[381.932s][info][gc,task     ] GC(560) Using 8 workers of 8 for evacuation
[381.935s][info][gc,phases   ] GC(560)   Pre Evacuate Collection Set: 0.1ms
[381.935s][info][gc,phases   ] GC(560)   Merge Heap Roots: 0.1ms
[381.935s][info][gc,phases   ] GC(560)   Evacuate Collection Set: 2.0ms
[381.935s][info][gc,phases   ] GC(560)   Post Evacuate Collection Set: 0.2ms
[381.935s][info][gc,phases   ] GC(560)   Other: 0.1ms
[381.935s][info][gc,heap     ] GC(560) Eden regions: 33->0(33)
[381.935s][info][gc,heap     ] GC(560) Survivor regions: 1->1(5)
[381.935s][info][gc,heap     ] GC(560) Old regions: 15->15
[381.935s][info][gc,heap     ] GC(560) Humongous regions: 1->1
[381.935s][info][gc,metaspace] GC(560) Metaspace: 54624K(56000K)->54624K(56000K) NonClass: 47425K(48256K)->47425K(48256K) Class: 7199K(7744K)->7199K(7744K)
[381.935s][info][gc          ] GC(560) Pause Young (Normal) (G1 Evacuation Pause) 190M->58M(228M) 2.621ms
[381.935s][info][gc,cpu      ] GC(560) User=0.01s Sys=0.00s Real=0.00s
[382.291s][info][gc,start    ] GC(561) Pause Young (Normal) (G1 Evacuation Pause)
[382.291s][info][gc,task     ] GC(561) Using 8 workers of 8 for evacuation
[382.293s][info][gc,phases   ] GC(561)   Pre Evacuate Collection Set: 0.1ms
[382.293s][info][gc,phases   ] GC(561)   Merge Heap Roots: 0.1ms
[382.293s][info][gc,phases   ] GC(561)   Evacuate Collection Set: 1.9ms
[382.293s][info][gc,phases   ] GC(561)   Post Evacuate Collection Set: 0.3ms
[382.293s][info][gc,phases   ] GC(561)   Other: 0.0ms
[382.293s][info][gc,heap     ] GC(561) Eden regions: 33->0(33)
[382.293s][info][gc,heap     ] GC(561) Survivor regions: 1->1(5)
[382.293s][info][gc,heap     ] GC(561) Old regions: 15->15
[382.293s][info][gc,heap     ] GC(561) Humongous regions: 1->1
[382.293s][info][gc,metaspace] GC(561) Metaspace: 54624K(56000K)->54624K(56000K) NonClass: 47425K(48256K)->47425K(48256K) Class: 7199K(7744K)->7199K(7744K)
[382.293s][info][gc          ] GC(561) Pause Young (Normal) (G1 Evacuation Pause) 190M->58M(228M) 2.556ms
[382.293s][info][gc,cpu      ] GC(561) User=0.01s Sys=0.01s Real=0.01s
[382.533s][info][gc,start    ] GC(562) Pause Young (Normal) (G1 Evacuation Pause)
[382.533s][info][gc,task     ] GC(562) Using 8 workers of 8 for evacuation
[382.535s][info][gc,phases   ] GC(562)   Pre Evacuate Collection Set: 0.1ms
[382.535s][info][gc,phases   ] GC(562)   Merge Heap Roots: 0.1ms
[382.535s][info][gc,phases   ] GC(562)   Evacuate Collection Set: 1.6ms
[382.536s][info][gc,phases   ] GC(562)   Post Evacuate Collection Set: 0.3ms
[382.536s][info][gc,phases   ] GC(562)   Other: 0.0ms
[382.536s][info][gc,heap     ] GC(562) Eden regions: 33->0(33)
[382.536s][info][gc,heap     ] GC(562) Survivor regions: 1->1(5)
[382.536s][info][gc,heap     ] GC(562) Old regions: 15->15
[382.536s][info][gc,heap     ] GC(562) Humongous regions: 1->1
[382.536s][info][gc,metaspace] GC(562) Metaspace: 54624K(56000K)->54624K(56000K) NonClass: 47425K(48256K)->47425K(48256K) Class: 7199K(7744K)->7199K(7744K)
[382.536s][info][gc          ] GC(562) Pause Young (Normal) (G1 Evacuation Pause) 190M->58M(228M) 2.320ms
[382.536s][info][gc,cpu      ] GC(562) User=0.01s Sys=0.00s Real=0.00s
[382.874s][info][gc,start    ] GC(563) Pause Young (Normal) (G1 Evacuation Pause)
[382.874s][info][gc,task     ] GC(563) Using 8 workers of 8 for evacuation
[382.876s][info][gc,phases   ] GC(563)   Pre Evacuate Collection Set: 0.1ms
[382.877s][info][gc,phases   ] GC(563)   Merge Heap Roots: 0.1ms
[382.877s][info][gc,phases   ] GC(563)   Evacuate Collection Set: 1.9ms
[382.877s][info][gc,phases   ] GC(563)   Post Evacuate Collection Set: 0.3ms
[382.877s][info][gc,phases   ] GC(563)   Other: 0.1ms
[382.877s][info][gc,heap     ] GC(563) Eden regions: 33->0(33)
[382.877s][info][gc,heap     ] GC(563) Survivor regions: 1->1(5)
[382.877s][info][gc,heap     ] GC(563) Old regions: 15->15
[382.877s][info][gc,heap     ] GC(563) Humongous regions: 1->1
[382.877s][info][gc,metaspace] GC(563) Metaspace: 54624K(56000K)->54624K(56000K) NonClass: 47425K(48256K)->47425K(48256K) Class: 7199K(7744K)->7199K(7744K)
[382.877s][info][gc          ] GC(563) Pause Young (Normal) (G1 Evacuation Pause) 190M->59M(228M) 2.592ms
[382.877s][info][gc,cpu      ] GC(563) User=0.01s Sys=0.00s Real=0.00s
[383.145s][info][gc,start    ] GC(564) Pause Young (Normal) (G1 Evacuation Pause)
[383.145s][info][gc,task     ] GC(564) Using 8 workers of 8 for evacuation
[383.147s][info][gc,phases   ] GC(564)   Pre Evacuate Collection Set: 0.1ms
[383.147s][info][gc,phases   ] GC(564)   Merge Heap Roots: 0.1ms
[383.147s][info][gc,phases   ] GC(564)   Evacuate Collection Set: 1.7ms
[383.147s][info][gc,phases   ] GC(564)   Post Evacuate Collection Set: 0.3ms
[383.147s][info][gc,phases   ] GC(564)   Other: 0.0ms
[383.147s][info][gc,heap     ] GC(564) Eden regions: 33->0(33)
[383.147s][info][gc,heap     ] GC(564) Survivor regions: 1->1(5)
[383.147s][info][gc,heap     ] GC(564) Old regions: 15->15
[383.147s][info][gc,heap     ] GC(564) Humongous regions: 1->1
[383.147s][info][gc,metaspace] GC(564) Metaspace: 54624K(56000K)->54624K(56000K) NonClass: 47425K(48256K)->47425K(48256K) Class: 7199K(7744K)->7199K(7744K)
[383.147s][info][gc          ] GC(564) Pause Young (Normal) (G1 Evacuation Pause) 191M->59M(228M) 2.290ms
[383.147s][info][gc,cpu      ] GC(564) User=0.01s Sys=0.00s Real=0.00s
[383.411s][info][gc,start    ] GC(565) Pause Young (Normal) (G1 Evacuation Pause)
[383.411s][info][gc,task     ] GC(565) Using 8 workers of 8 for evacuation
[383.414s][info][gc,phases   ] GC(565)   Pre Evacuate Collection Set: 0.4ms
[383.414s][info][gc,phases   ] GC(565)   Merge Heap Roots: 0.1ms
[383.414s][info][gc,phases   ] GC(565)   Evacuate Collection Set: 1.8ms
[383.414s][info][gc,phases   ] GC(565)   Post Evacuate Collection Set: 0.3ms
[383.414s][info][gc,phases   ] GC(565)   Other: 0.0ms
[383.414s][info][gc,heap     ] GC(565) Eden regions: 33->0(33)
[383.414s][info][gc,heap     ] GC(565) Survivor regions: 1->1(5)
[383.414s][info][gc,heap     ] GC(565) Old regions: 15->15
[383.414s][info][gc,heap     ] GC(565) Humongous regions: 1->1
[383.414s][info][gc,metaspace] GC(565) Metaspace: 54624K(56000K)->54624K(56000K) NonClass: 47425K(48256K)->47425K(48256K) Class: 7199K(7744K)->7199K(7744K)
[383.414s][info][gc          ] GC(565) Pause Young (Normal) (G1 Evacuation Pause) 191M->59M(228M) 2.653ms
[383.414s][info][gc,cpu      ] GC(565) User=0.01s Sys=0.00s Real=0.01s
[383.725s][info][gc,start    ] GC(566) Pause Young (Normal) (G1 Evacuation Pause)
[383.725s][info][gc,task     ] GC(566) Using 8 workers of 8 for evacuation
[383.727s][info][gc,phases   ] GC(566)   Pre Evacuate Collection Set: 0.2ms
[383.727s][info][gc,phases   ] GC(566)   Merge Heap Roots: 0.1ms
[383.727s][info][gc,phases   ] GC(566)   Evacuate Collection Set: 1.5ms
[383.727s][info][gc,phases   ] GC(566)   Post Evacuate Collection Set: 0.2ms
[383.727s][info][gc,phases   ] GC(566)   Other: 0.0ms
[383.727s][info][gc,heap     ] GC(566) Eden regions: 33->0(33)
[383.727s][info][gc,heap     ] GC(566) Survivor regions: 1->1(5)
[383.727s][info][gc,heap     ] GC(566) Old regions: 15->15
[383.727s][info][gc,heap     ] GC(566) Humongous regions: 1->1
[383.727s][info][gc,metaspace] GC(566) Metaspace: 54624K(56000K)->54624K(56000K) NonClass: 47425K(48256K)->47425K(48256K) Class: 7199K(7744K)->7199K(7744K)
[383.727s][info][gc          ] GC(566) Pause Young (Normal) (G1 Evacuation Pause) 191M->59M(228M) 2.181ms
[383.727s][info][gc,cpu      ] GC(566) User=0.01s Sys=0.00s Real=0.00s
[383.975s][info][gc,start    ] GC(567) Pause Young (Normal) (G1 Evacuation Pause)
[383.975s][info][gc,task     ] GC(567) Using 8 workers of 8 for evacuation
[383.977s][info][gc,phases   ] GC(567)   Pre Evacuate Collection Set: 0.1ms
[383.977s][info][gc,phases   ] GC(567)   Merge Heap Roots: 0.0ms
[383.977s][info][gc,phases   ] GC(567)   Evacuate Collection Set: 1.4ms
[383.977s][info][gc,phases   ] GC(567)   Post Evacuate Collection Set: 0.3ms
[383.977s][info][gc,phases   ] GC(567)   Other: 0.1ms
[383.977s][info][gc,heap     ] GC(567) Eden regions: 33->0(33)
[383.977s][info][gc,heap     ] GC(567) Survivor regions: 1->1(5)
[383.977s][info][gc,heap     ] GC(567) Old regions: 15->15
[383.977s][info][gc,heap     ] GC(567) Humongous regions: 1->1
[383.977s][info][gc,metaspace] GC(567) Metaspace: 54624K(56000K)->54624K(56000K) NonClass: 47425K(48256K)->47425K(48256K) Class: 7199K(7744K)->7199K(7744K)
[383.977s][info][gc          ] GC(567) Pause Young (Normal) (G1 Evacuation Pause) 191M->59M(228M) 2.044ms
[383.977s][info][gc,cpu      ] GC(567) User=0.00s Sys=0.00s Real=0.00s
[384.217s][info][gc,start    ] GC(568) Pause Young (Normal) (G1 Evacuation Pause)
[384.217s][info][gc,task     ] GC(568) Using 8 workers of 8 for evacuation
[384.219s][info][gc,phases   ] GC(568)   Pre Evacuate Collection Set: 0.1ms
[384.219s][info][gc,phases   ] GC(568)   Merge Heap Roots: 0.1ms
[384.219s][info][gc,phases   ] GC(568)   Evacuate Collection Set: 1.5ms
[384.219s][info][gc,phases   ] GC(568)   Post Evacuate Collection Set: 0.3ms
[384.219s][info][gc,phases   ] GC(568)   Other: 0.0ms
[384.219s][info][gc,heap     ] GC(568) Eden regions: 33->0(33)
[384.219s][info][gc,heap     ] GC(568) Survivor regions: 1->1(5)
[384.219s][info][gc,heap     ] GC(568) Old regions: 15->15
[384.219s][info][gc,heap     ] GC(568) Humongous regions: 1->1
[384.219s][info][gc,metaspace] GC(568) Metaspace: 54624K(56000K)->54624K(56000K) NonClass: 47425K(48256K)->47425K(48256K) Class: 7199K(7744K)->7199K(7744K)
[384.219s][info][gc          ] GC(568) Pause Young (Normal) (G1 Evacuation Pause) 191M->59M(228M) 2.117ms
[384.219s][info][gc,cpu      ] GC(568) User=0.01s Sys=0.00s Real=0.00s
[384.582s][info][gc,start    ] GC(569) Pause Young (Normal) (G1 Evacuation Pause)
[384.582s][info][gc,task     ] GC(569) Using 8 workers of 8 for evacuation
[384.585s][info][gc,phases   ] GC(569)   Pre Evacuate Collection Set: 0.1ms
[384.585s][info][gc,phases   ] GC(569)   Merge Heap Roots: 0.1ms
[384.585s][info][gc,phases   ] GC(569)   Evacuate Collection Set: 1.8ms
[384.585s][info][gc,phases   ] GC(569)   Post Evacuate Collection Set: 0.3ms
[384.585s][info][gc,phases   ] GC(569)   Other: 0.0ms
[384.585s][info][gc,heap     ] GC(569) Eden regions: 33->0(33)
[384.585s][info][gc,heap     ] GC(569) Survivor regions: 1->1(5)
[384.585s][info][gc,heap     ] GC(569) Old regions: 15->15
[384.585s][info][gc,heap     ] GC(569) Humongous regions: 1->1
[384.585s][info][gc,metaspace] GC(569) Metaspace: 54624K(56000K)->54624K(56000K) NonClass: 47425K(48256K)->47425K(48256K) Class: 7199K(7744K)->7199K(7744K)
[384.585s][info][gc          ] GC(569) Pause Young (Normal) (G1 Evacuation Pause) 191M->59M(228M) 2.436ms
[384.585s][info][gc,cpu      ] GC(569) User=0.00s Sys=0.00s Real=0.00s
[384.895s][info][gc,start    ] GC(570) Pause Young (Normal) (G1 Evacuation Pause)
[384.895s][info][gc,task     ] GC(570) Using 8 workers of 8 for evacuation
[384.897s][info][gc,phases   ] GC(570)   Pre Evacuate Collection Set: 0.1ms
[384.897s][info][gc,phases   ] GC(570)   Merge Heap Roots: 0.1ms
[384.897s][info][gc,phases   ] GC(570)   Evacuate Collection Set: 1.7ms
[384.897s][info][gc,phases   ] GC(570)   Post Evacuate Collection Set: 0.3ms
[384.897s][info][gc,phases   ] GC(570)   Other: 0.1ms
[384.897s][info][gc,heap     ] GC(570) Eden regions: 33->0(33)
[384.897s][info][gc,heap     ] GC(570) Survivor regions: 1->1(5)
[384.897s][info][gc,heap     ] GC(570) Old regions: 15->15
[384.897s][info][gc,heap     ] GC(570) Humongous regions: 1->1
[384.897s][info][gc,metaspace] GC(570) Metaspace: 54624K(56000K)->54624K(56000K) NonClass: 47425K(48256K)->47425K(48256K) Class: 7199K(7744K)->7199K(7744K)
[384.897s][info][gc          ] GC(570) Pause Young (Normal) (G1 Evacuation Pause) 191M->59M(228M) 2.301ms
[384.897s][info][gc,cpu      ] GC(570) User=0.01s Sys=0.01s Real=0.00s
[385.173s][info][gc,start    ] GC(571) Pause Young (Normal) (G1 Evacuation Pause)
[385.173s][info][gc,task     ] GC(571) Using 8 workers of 8 for evacuation
[385.175s][info][gc,phases   ] GC(571)   Pre Evacuate Collection Set: 0.1ms
[385.175s][info][gc,phases   ] GC(571)   Merge Heap Roots: 0.1ms
[385.175s][info][gc,phases   ] GC(571)   Evacuate Collection Set: 2.0ms
[385.175s][info][gc,phases   ] GC(571)   Post Evacuate Collection Set: 0.2ms
[385.175s][info][gc,phases   ] GC(571)   Other: 0.0ms
[385.175s][info][gc,heap     ] GC(571) Eden regions: 33->0(33)
[385.175s][info][gc,heap     ] GC(571) Survivor regions: 1->1(5)
[385.175s][info][gc,heap     ] GC(571) Old regions: 15->15
[385.175s][info][gc,heap     ] GC(571) Humongous regions: 1->1
[385.175s][info][gc,metaspace] GC(571) Metaspace: 54624K(56000K)->54624K(56000K) NonClass: 47425K(48256K)->47425K(48256K) Class: 7199K(7744K)->7199K(7744K)
[385.175s][info][gc          ] GC(571) Pause Young (Normal) (G1 Evacuation Pause) 191M->59M(228M) 2.545ms
[385.175s][info][gc,cpu      ] GC(571) User=0.01s Sys=0.00s Real=0.00s
[385.483s][info][gc,start    ] GC(572) Pause Young (Normal) (G1 Evacuation Pause)
[385.483s][info][gc,task     ] GC(572) Using 8 workers of 8 for evacuation
[385.485s][info][gc,phases   ] GC(572)   Pre Evacuate Collection Set: 0.1ms
[385.485s][info][gc,phases   ] GC(572)   Merge Heap Roots: 0.1ms
[385.485s][info][gc,phases   ] GC(572)   Evacuate Collection Set: 1.6ms
[385.485s][info][gc,phases   ] GC(572)   Post Evacuate Collection Set: 0.3ms
[385.485s][info][gc,phases   ] GC(572)   Other: 0.0ms
[385.485s][info][gc,heap     ] GC(572) Eden regions: 33->0(33)
[385.485s][info][gc,heap     ] GC(572) Survivor regions: 1->1(5)
[385.485s][info][gc,heap     ] GC(572) Old regions: 15->15
[385.485s][info][gc,heap     ] GC(572) Humongous regions: 1->1
[385.485s][info][gc,metaspace] GC(572) Metaspace: 54624K(56000K)->54624K(56000K) NonClass: 47425K(48256K)->47425K(48256K) Class: 7199K(7744K)->7199K(7744K)
[385.485s][info][gc          ] GC(572) Pause Young (Normal) (G1 Evacuation Pause) 191M->59M(228M) 2.223ms
[385.485s][info][gc,cpu      ] GC(572) User=0.01s Sys=0.00s Real=0.00s
[385.826s][info][gc,start    ] GC(573) Pause Young (Normal) (G1 Evacuation Pause)
[385.826s][info][gc,task     ] GC(573) Using 8 workers of 8 for evacuation
[385.828s][info][gc,phases   ] GC(573)   Pre Evacuate Collection Set: 0.1ms
[385.828s][info][gc,phases   ] GC(573)   Merge Heap Roots: 0.1ms
[385.828s][info][gc,phases   ] GC(573)   Evacuate Collection Set: 1.5ms
[385.828s][info][gc,phases   ] GC(573)   Post Evacuate Collection Set: 0.3ms
[385.828s][info][gc,phases   ] GC(573)   Other: 0.0ms
[385.828s][info][gc,heap     ] GC(573) Eden regions: 33->0(33)
[385.828s][info][gc,heap     ] GC(573) Survivor regions: 1->1(5)
[385.828s][info][gc,heap     ] GC(573) Old regions: 15->15
[385.828s][info][gc,heap     ] GC(573) Humongous regions: 1->1
[385.828s][info][gc,metaspace] GC(573) Metaspace: 54624K(56000K)->54624K(56000K) NonClass: 47425K(48256K)->47425K(48256K) Class: 7199K(7744K)->7199K(7744K)
[385.828s][info][gc          ] GC(573) Pause Young (Normal) (G1 Evacuation Pause) 191M->59M(228M) 2.135ms
[385.828s][info][gc,cpu      ] GC(573) User=0.01s Sys=0.01s Real=0.00s
[386.115s][info][gc,start    ] GC(574) Pause Young (Normal) (G1 Evacuation Pause)
[386.115s][info][gc,task     ] GC(574) Using 8 workers of 8 for evacuation
[386.118s][info][gc,phases   ] GC(574)   Pre Evacuate Collection Set: 0.1ms
[386.118s][info][gc,phases   ] GC(574)   Merge Heap Roots: 0.1ms
[386.118s][info][gc,phases   ] GC(574)   Evacuate Collection Set: 2.0ms
[386.118s][info][gc,phases   ] GC(574)   Post Evacuate Collection Set: 0.3ms
[386.118s][info][gc,phases   ] GC(574)   Other: 0.0ms
[386.118s][info][gc,heap     ] GC(574) Eden regions: 33->0(33)
[386.118s][info][gc,heap     ] GC(574) Survivor regions: 1->1(5)
[386.118s][info][gc,heap     ] GC(574) Old regions: 15->15
[386.118s][info][gc,heap     ] GC(574) Humongous regions: 1->1
[386.118s][info][gc,metaspace] GC(574) Metaspace: 54624K(56000K)->54624K(56000K) NonClass: 47425K(48256K)->47425K(48256K) Class: 7199K(7744K)->7199K(7744K)
[386.118s][info][gc          ] GC(574) Pause Young (Normal) (G1 Evacuation Pause) 191M->59M(228M) 2.651ms
[386.118s][info][gc,cpu      ] GC(574) User=0.01s Sys=0.00s Real=0.00s
[386.386s][info][gc,start    ] GC(575) Pause Young (Normal) (G1 Evacuation Pause)
[386.386s][info][gc,task     ] GC(575) Using 8 workers of 8 for evacuation
[386.388s][info][gc,phases   ] GC(575)   Pre Evacuate Collection Set: 0.1ms
[386.388s][info][gc,phases   ] GC(575)   Merge Heap Roots: 0.1ms
[386.388s][info][gc,phases   ] GC(575)   Evacuate Collection Set: 1.8ms
[386.388s][info][gc,phases   ] GC(575)   Post Evacuate Collection Set: 0.2ms
[386.388s][info][gc,phases   ] GC(575)   Other: 0.0ms
[386.388s][info][gc,heap     ] GC(575) Eden regions: 33->0(33)
[386.388s][info][gc,heap     ] GC(575) Survivor regions: 1->1(5)
[386.388s][info][gc,heap     ] GC(575) Old regions: 15->15
[386.388s][info][gc,heap     ] GC(575) Humongous regions: 1->1
[386.388s][info][gc,metaspace] GC(575) Metaspace: 54624K(56000K)->54624K(56000K) NonClass: 47425K(48256K)->47425K(48256K) Class: 7199K(7744K)->7199K(7744K)
[386.388s][info][gc          ] GC(575) Pause Young (Normal) (G1 Evacuation Pause) 191M->59M(228M) 2.373ms
[386.388s][info][gc,cpu      ] GC(575) User=0.01s Sys=0.00s Real=0.00s
[386.763s][info][gc,start    ] GC(576) Pause Young (Normal) (G1 Evacuation Pause)
[386.763s][info][gc,task     ] GC(576) Using 8 workers of 8 for evacuation
[386.765s][info][gc,phases   ] GC(576)   Pre Evacuate Collection Set: 0.1ms
[386.765s][info][gc,phases   ] GC(576)   Merge Heap Roots: 0.1ms
[386.765s][info][gc,phases   ] GC(576)   Evacuate Collection Set: 1.4ms
[386.765s][info][gc,phases   ] GC(576)   Post Evacuate Collection Set: 0.3ms
[386.765s][info][gc,phases   ] GC(576)   Other: 0.0ms
[386.765s][info][gc,heap     ] GC(576) Eden regions: 33->0(33)
[386.765s][info][gc,heap     ] GC(576) Survivor regions: 1->1(5)
[386.765s][info][gc,heap     ] GC(576) Old regions: 15->15
[386.765s][info][gc,heap     ] GC(576) Humongous regions: 1->1
[386.765s][info][gc,metaspace] GC(576) Metaspace: 54624K(56000K)->54624K(56000K) NonClass: 47425K(48256K)->47425K(48256K) Class: 7199K(7744K)->7199K(7744K)
[386.765s][info][gc          ] GC(576) Pause Young (Normal) (G1 Evacuation Pause) 191M->59M(228M) 2.072ms
[386.765s][info][gc,cpu      ] GC(576) User=0.01s Sys=0.00s Real=0.00s
[387.034s][info][gc,start    ] GC(577) Pause Young (Normal) (G1 Evacuation Pause)
[387.035s][info][gc,task     ] GC(577) Using 8 workers of 8 for evacuation
[387.036s][info][gc,phases   ] GC(577)   Pre Evacuate Collection Set: 0.1ms
[387.036s][info][gc,phases   ] GC(577)   Merge Heap Roots: 0.1ms
[387.036s][info][gc,phases   ] GC(577)   Evacuate Collection Set: 1.3ms
[387.036s][info][gc,phases   ] GC(577)   Post Evacuate Collection Set: 0.2ms
[387.036s][info][gc,phases   ] GC(577)   Other: 0.0ms
[387.036s][info][gc,heap     ] GC(577) Eden regions: 33->0(33)
[387.036s][info][gc,heap     ] GC(577) Survivor regions: 1->1(5)
[387.036s][info][gc,heap     ] GC(577) Old regions: 15->15
[387.036s][info][gc,heap     ] GC(577) Humongous regions: 1->1
[387.036s][info][gc,metaspace] GC(577) Metaspace: 54624K(56000K)->54624K(56000K) NonClass: 47425K(48256K)->47425K(48256K) Class: 7199K(7744K)->7199K(7744K)
[387.036s][info][gc          ] GC(577) Pause Young (Normal) (G1 Evacuation Pause) 191M->59M(228M) 1.823ms
[387.036s][info][gc,cpu      ] GC(577) User=0.01s Sys=0.00s Real=0.00s
[387.293s][info][gc,start    ] GC(578) Pause Young (Normal) (G1 Evacuation Pause)
[387.293s][info][gc,task     ] GC(578) Using 8 workers of 8 for evacuation
[387.295s][info][gc,phases   ] GC(578)   Pre Evacuate Collection Set: 0.1ms
[387.295s][info][gc,phases   ] GC(578)   Merge Heap Roots: 0.1ms
[387.295s][info][gc,phases   ] GC(578)   Evacuate Collection Set: 1.6ms
[387.295s][info][gc,phases   ] GC(578)   Post Evacuate Collection Set: 0.3ms
[387.295s][info][gc,phases   ] GC(578)   Other: 0.0ms
[387.295s][info][gc,heap     ] GC(578) Eden regions: 33->0(33)
[387.295s][info][gc,heap     ] GC(578) Survivor regions: 1->1(5)
[387.295s][info][gc,heap     ] GC(578) Old regions: 15->15
[387.295s][info][gc,heap     ] GC(578) Humongous regions: 1->1
[387.295s][info][gc,metaspace] GC(578) Metaspace: 54624K(56000K)->54624K(56000K) NonClass: 47425K(48256K)->47425K(48256K) Class: 7199K(7744K)->7199K(7744K)
[387.296s][info][gc          ] GC(578) Pause Young (Normal) (G1 Evacuation Pause) 191M->59M(228M) 2.252ms
[387.296s][info][gc,cpu      ] GC(578) User=0.01s Sys=0.01s Real=0.00s
[387.595s][info][gc,start    ] GC(579) Pause Young (Normal) (G1 Evacuation Pause)
[387.595s][info][gc,task     ] GC(579) Using 8 workers of 8 for evacuation
[387.597s][info][gc,phases   ] GC(579)   Pre Evacuate Collection Set: 0.1ms
[387.597s][info][gc,phases   ] GC(579)   Merge Heap Roots: 0.1ms
[387.597s][info][gc,phases   ] GC(579)   Evacuate Collection Set: 1.4ms
[387.597s][info][gc,phases   ] GC(579)   Post Evacuate Collection Set: 0.2ms
[387.597s][info][gc,phases   ] GC(579)   Other: 0.0ms
[387.597s][info][gc,heap     ] GC(579) Eden regions: 33->0(33)
[387.597s][info][gc,heap     ] GC(579) Survivor regions: 1->1(5)
[387.597s][info][gc,heap     ] GC(579) Old regions: 15->15
[387.597s][info][gc,heap     ] GC(579) Humongous regions: 1->1
[387.597s][info][gc,metaspace] GC(579) Metaspace: 54624K(56000K)->54624K(56000K) NonClass: 47425K(48256K)->47425K(48256K) Class: 7199K(7744K)->7199K(7744K)
[387.597s][info][gc          ] GC(579) Pause Young (Normal) (G1 Evacuation Pause) 191M->59M(228M) 1.983ms
[387.597s][info][gc,cpu      ] GC(579) User=0.00s Sys=0.00s Real=0.00s
[387.943s][info][gc,start    ] GC(580) Pause Young (Normal) (G1 Evacuation Pause)
[387.943s][info][gc,task     ] GC(580) Using 8 workers of 8 for evacuation
[387.945s][info][gc,phases   ] GC(580)   Pre Evacuate Collection Set: 0.1ms
[387.945s][info][gc,phases   ] GC(580)   Merge Heap Roots: 0.1ms
[387.945s][info][gc,phases   ] GC(580)   Evacuate Collection Set: 1.5ms
[387.945s][info][gc,phases   ] GC(580)   Post Evacuate Collection Set: 0.3ms
[387.945s][info][gc,phases   ] GC(580)   Other: 0.0ms
[387.945s][info][gc,heap     ] GC(580) Eden regions: 33->0(33)
[387.945s][info][gc,heap     ] GC(580) Survivor regions: 1->1(5)
[387.945s][info][gc,heap     ] GC(580) Old regions: 15->15
[387.945s][info][gc,heap     ] GC(580) Humongous regions: 1->1
[387.945s][info][gc,metaspace] GC(580) Metaspace: 54624K(56000K)->54624K(56000K) NonClass: 47425K(48256K)->47425K(48256K) Class: 7199K(7744K)->7199K(7744K)
[387.945s][info][gc          ] GC(580) Pause Young (Normal) (G1 Evacuation Pause) 191M->59M(228M) 2.099ms
[387.945s][info][gc,cpu      ] GC(580) User=0.00s Sys=0.00s Real=0.00s
[388.189s][info][gc,start    ] GC(581) Pause Young (Normal) (G1 Evacuation Pause)
[388.189s][info][gc,task     ] GC(581) Using 8 workers of 8 for evacuation
[388.191s][info][gc,phases   ] GC(581)   Pre Evacuate Collection Set: 0.1ms
[388.191s][info][gc,phases   ] GC(581)   Merge Heap Roots: 0.1ms
[388.191s][info][gc,phases   ] GC(581)   Evacuate Collection Set: 1.6ms
[388.191s][info][gc,phases   ] GC(581)   Post Evacuate Collection Set: 0.2ms
[388.191s][info][gc,phases   ] GC(581)   Other: 0.0ms
[388.191s][info][gc,heap     ] GC(581) Eden regions: 33->0(33)
[388.191s][info][gc,heap     ] GC(581) Survivor regions: 1->1(5)
[388.191s][info][gc,heap     ] GC(581) Old regions: 15->15
[388.191s][info][gc,heap     ] GC(581) Humongous regions: 1->1
[388.191s][info][gc,metaspace] GC(581) Metaspace: 54624K(56000K)->54624K(56000K) NonClass: 47425K(48256K)->47425K(48256K) Class: 7199K(7744K)->7199K(7744K)
[388.191s][info][gc          ] GC(581) Pause Young (Normal) (G1 Evacuation Pause) 191M->59M(228M) 2.147ms
[388.191s][info][gc,cpu      ] GC(581) User=0.00s Sys=0.00s Real=0.00s
[388.454s][info][gc,start    ] GC(582) Pause Young (Normal) (G1 Evacuation Pause)
[388.454s][info][gc,task     ] GC(582) Using 8 workers of 8 for evacuation
[388.456s][info][gc,phases   ] GC(582)   Pre Evacuate Collection Set: 0.1ms
[388.456s][info][gc,phases   ] GC(582)   Merge Heap Roots: 0.1ms
[388.456s][info][gc,phases   ] GC(582)   Evacuate Collection Set: 1.9ms
[388.456s][info][gc,phases   ] GC(582)   Post Evacuate Collection Set: 0.2ms
[388.456s][info][gc,phases   ] GC(582)   Other: 0.0ms
[388.456s][info][gc,heap     ] GC(582) Eden regions: 33->0(33)
[388.456s][info][gc,heap     ] GC(582) Survivor regions: 1->1(5)
[388.456s][info][gc,heap     ] GC(582) Old regions: 15->15
[388.456s][info][gc,heap     ] GC(582) Humongous regions: 1->1
[388.456s][info][gc,metaspace] GC(582) Metaspace: 54624K(56000K)->54624K(56000K) NonClass: 47425K(48256K)->47425K(48256K) Class: 7199K(7744K)->7199K(7744K)
[388.456s][info][gc          ] GC(582) Pause Young (Normal) (G1 Evacuation Pause) 191M->59M(228M) 2.535ms
[388.456s][info][gc,cpu      ] GC(582) User=0.01s Sys=0.00s Real=0.00s
[388.739s][info][gc,start    ] GC(583) Pause Young (Normal) (G1 Evacuation Pause)
[388.739s][info][gc,task     ] GC(583) Using 8 workers of 8 for evacuation
[388.741s][info][gc,phases   ] GC(583)   Pre Evacuate Collection Set: 0.1ms
[388.741s][info][gc,phases   ] GC(583)   Merge Heap Roots: 0.1ms
[388.741s][info][gc,phases   ] GC(583)   Evacuate Collection Set: 1.8ms
[388.741s][info][gc,phases   ] GC(583)   Post Evacuate Collection Set: 0.2ms
[388.741s][info][gc,phases   ] GC(583)   Other: 0.0ms
[388.741s][info][gc,heap     ] GC(583) Eden regions: 33->0(33)
[388.741s][info][gc,heap     ] GC(583) Survivor regions: 1->1(5)
[388.741s][info][gc,heap     ] GC(583) Old regions: 15->15
[388.741s][info][gc,heap     ] GC(583) Humongous regions: 1->1
[388.741s][info][gc,metaspace] GC(583) Metaspace: 54624K(56000K)->54624K(56000K) NonClass: 47425K(48256K)->47425K(48256K) Class: 7199K(7744K)->7199K(7744K)
[388.741s][info][gc          ] GC(583) Pause Young (Normal) (G1 Evacuation Pause) 191M->59M(228M) 2.364ms
[388.741s][info][gc,cpu      ] GC(583) User=0.01s Sys=0.01s Real=0.00s
[388.992s][info][gc,start    ] GC(584) Pause Young (Normal) (G1 Evacuation Pause)
[388.992s][info][gc,task     ] GC(584) Using 8 workers of 8 for evacuation
[388.994s][info][gc,phases   ] GC(584)   Pre Evacuate Collection Set: 0.1ms
[388.994s][info][gc,phases   ] GC(584)   Merge Heap Roots: 0.1ms
[388.994s][info][gc,phases   ] GC(584)   Evacuate Collection Set: 1.7ms
[388.994s][info][gc,phases   ] GC(584)   Post Evacuate Collection Set: 0.3ms
[388.994s][info][gc,phases   ] GC(584)   Other: 0.1ms
[388.994s][info][gc,heap     ] GC(584) Eden regions: 33->0(33)
[388.994s][info][gc,heap     ] GC(584) Survivor regions: 1->1(5)
[388.994s][info][gc,heap     ] GC(584) Old regions: 15->15
[388.994s][info][gc,heap     ] GC(584) Humongous regions: 1->1
[388.995s][info][gc,metaspace] GC(584) Metaspace: 54624K(56000K)->54624K(56000K) NonClass: 47425K(48256K)->47425K(48256K) Class: 7199K(7744K)->7199K(7744K)
[388.995s][info][gc          ] GC(584) Pause Young (Normal) (G1 Evacuation Pause) 191M->59M(228M) 2.297ms
[388.995s][info][gc,cpu      ] GC(584) User=0.00s Sys=0.00s Real=0.00s
[389.274s][info][gc,start    ] GC(585) Pause Young (Normal) (G1 Evacuation Pause)
[389.274s][info][gc,task     ] GC(585) Using 8 workers of 8 for evacuation
[389.276s][info][gc,phases   ] GC(585)   Pre Evacuate Collection Set: 0.1ms
[389.276s][info][gc,phases   ] GC(585)   Merge Heap Roots: 0.1ms
[389.276s][info][gc,phases   ] GC(585)   Evacuate Collection Set: 1.2ms
[389.276s][info][gc,phases   ] GC(585)   Post Evacuate Collection Set: 0.3ms
[389.276s][info][gc,phases   ] GC(585)   Other: 0.0ms
[389.276s][info][gc,heap     ] GC(585) Eden regions: 33->0(33)
[389.276s][info][gc,heap     ] GC(585) Survivor regions: 1->1(5)
[389.276s][info][gc,heap     ] GC(585) Old regions: 15->15
[389.276s][info][gc,heap     ] GC(585) Humongous regions: 1->1
[389.276s][info][gc,metaspace] GC(585) Metaspace: 54624K(56000K)->54624K(56000K) NonClass: 47425K(48256K)->47425K(48256K) Class: 7199K(7744K)->7199K(7744K)
[389.276s][info][gc          ] GC(585) Pause Young (Normal) (G1 Evacuation Pause) 191M->59M(228M) 1.813ms
[389.276s][info][gc,cpu      ] GC(585) User=0.01s Sys=0.00s Real=0.00s
[389.616s][info][gc,start    ] GC(586) Pause Young (Normal) (G1 Evacuation Pause)
[389.616s][info][gc,task     ] GC(586) Using 8 workers of 8 for evacuation
[389.618s][info][gc,phases   ] GC(586)   Pre Evacuate Collection Set: 0.1ms
[389.618s][info][gc,phases   ] GC(586)   Merge Heap Roots: 0.2ms
[389.618s][info][gc,phases   ] GC(586)   Evacuate Collection Set: 1.4ms
[389.618s][info][gc,phases   ] GC(586)   Post Evacuate Collection Set: 0.3ms
[389.618s][info][gc,phases   ] GC(586)   Other: 0.0ms
[389.618s][info][gc,heap     ] GC(586) Eden regions: 33->0(33)
[389.618s][info][gc,heap     ] GC(586) Survivor regions: 1->1(5)
[389.618s][info][gc,heap     ] GC(586) Old regions: 15->15
[389.618s][info][gc,heap     ] GC(586) Humongous regions: 1->1
[389.618s][info][gc,metaspace] GC(586) Metaspace: 54624K(56000K)->54624K(56000K) NonClass: 47425K(48256K)->47425K(48256K) Class: 7199K(7744K)->7199K(7744K)
[389.618s][info][gc          ] GC(586) Pause Young (Normal) (G1 Evacuation Pause) 191M->59M(228M) 2.171ms
[389.618s][info][gc,cpu      ] GC(586) User=0.01s Sys=0.01s Real=0.00s
[389.927s][info][gc,start    ] GC(587) Pause Young (Normal) (G1 Evacuation Pause)
[389.927s][info][gc,task     ] GC(587) Using 8 workers of 8 for evacuation
[389.929s][info][gc,phases   ] GC(587)   Pre Evacuate Collection Set: 0.1ms
[389.929s][info][gc,phases   ] GC(587)   Merge Heap Roots: 0.1ms
[389.929s][info][gc,phases   ] GC(587)   Evacuate Collection Set: 1.5ms
[389.929s][info][gc,phases   ] GC(587)   Post Evacuate Collection Set: 0.3ms
[389.929s][info][gc,phases   ] GC(587)   Other: 0.0ms
[389.929s][info][gc,heap     ] GC(587) Eden regions: 33->0(33)
[389.929s][info][gc,heap     ] GC(587) Survivor regions: 1->1(5)
[389.929s][info][gc,heap     ] GC(587) Old regions: 15->15
[389.929s][info][gc,heap     ] GC(587) Humongous regions: 1->1
[389.929s][info][gc,metaspace] GC(587) Metaspace: 54624K(56000K)->54624K(56000K) NonClass: 47425K(48256K)->47425K(48256K) Class: 7199K(7744K)->7199K(7744K)
[389.929s][info][gc          ] GC(587) Pause Young (Normal) (G1 Evacuation Pause) 191M->59M(228M) 2.122ms
[389.929s][info][gc,cpu      ] GC(587) User=0.01s Sys=0.00s Real=0.00s
[390.184s][info][gc,start    ] GC(588) Pause Young (Normal) (G1 Evacuation Pause)
[390.184s][info][gc,task     ] GC(588) Using 8 workers of 8 for evacuation
[390.187s][info][gc,phases   ] GC(588)   Pre Evacuate Collection Set: 0.1ms
[390.187s][info][gc,phases   ] GC(588)   Merge Heap Roots: 0.1ms
[390.187s][info][gc,phases   ] GC(588)   Evacuate Collection Set: 2.0ms
[390.187s][info][gc,phases   ] GC(588)   Post Evacuate Collection Set: 0.3ms
[390.187s][info][gc,phases   ] GC(588)   Other: 0.0ms
[390.187s][info][gc,heap     ] GC(588) Eden regions: 33->0(33)
[390.187s][info][gc,heap     ] GC(588) Survivor regions: 1->1(5)
[390.187s][info][gc,heap     ] GC(588) Old regions: 15->15
[390.187s][info][gc,heap     ] GC(588) Humongous regions: 1->1
[390.187s][info][gc,metaspace] GC(588) Metaspace: 54624K(56000K)->54624K(56000K) NonClass: 47425K(48256K)->47425K(48256K) Class: 7199K(7744K)->7199K(7744K)
[390.187s][info][gc          ] GC(588) Pause Young (Normal) (G1 Evacuation Pause) 191M->59M(228M) 2.626ms
[390.187s][info][gc,cpu      ] GC(588) User=0.01s Sys=0.01s Real=0.00s
[390.687s][info][gc,start    ] GC(589) Pause Young (Normal) (G1 Evacuation Pause)
[390.687s][info][gc,task     ] GC(589) Using 8 workers of 8 for evacuation
[390.689s][info][gc,phases   ] GC(589)   Pre Evacuate Collection Set: 0.1ms
[390.689s][info][gc,phases   ] GC(589)   Merge Heap Roots: 0.1ms
[390.689s][info][gc,phases   ] GC(589)   Evacuate Collection Set: 1.6ms
[390.689s][info][gc,phases   ] GC(589)   Post Evacuate Collection Set: 0.2ms
[390.689s][info][gc,phases   ] GC(589)   Other: 0.0ms
[390.689s][info][gc,heap     ] GC(589) Eden regions: 33->0(33)
[390.689s][info][gc,heap     ] GC(589) Survivor regions: 1->1(5)
[390.689s][info][gc,heap     ] GC(589) Old regions: 15->15
[390.689s][info][gc,heap     ] GC(589) Humongous regions: 1->1
[390.689s][info][gc,metaspace] GC(589) Metaspace: 54624K(56000K)->54624K(56000K) NonClass: 47425K(48256K)->47425K(48256K) Class: 7199K(7744K)->7199K(7744K)
[390.689s][info][gc          ] GC(589) Pause Young (Normal) (G1 Evacuation Pause) 191M->60M(228M) 2.297ms
[390.689s][info][gc,cpu      ] GC(589) User=0.01s Sys=0.00s Real=0.00s
[391.011s][info][gc,start    ] GC(590) Pause Young (Normal) (G1 Evacuation Pause)
[391.011s][info][gc,task     ] GC(590) Using 8 workers of 8 for evacuation
[391.013s][info][gc,phases   ] GC(590)   Pre Evacuate Collection Set: 0.1ms
[391.013s][info][gc,phases   ] GC(590)   Merge Heap Roots: 0.1ms
[391.013s][info][gc,phases   ] GC(590)   Evacuate Collection Set: 1.4ms
[391.013s][info][gc,phases   ] GC(590)   Post Evacuate Collection Set: 0.2ms
[391.013s][info][gc,phases   ] GC(590)   Other: 0.0ms
[391.013s][info][gc,heap     ] GC(590) Eden regions: 33->0(33)
[391.013s][info][gc,heap     ] GC(590) Survivor regions: 1->1(5)
[391.013s][info][gc,heap     ] GC(590) Old regions: 15->15
[391.013s][info][gc,heap     ] GC(590) Humongous regions: 1->1
[391.013s][info][gc,metaspace] GC(590) Metaspace: 54624K(56000K)->54624K(56000K) NonClass: 47425K(48256K)->47425K(48256K) Class: 7199K(7744K)->7199K(7744K)
[391.013s][info][gc          ] GC(590) Pause Young (Normal) (G1 Evacuation Pause) 192M->60M(228M) 2.014ms
[391.013s][info][gc,cpu      ] GC(590) User=0.01s Sys=0.00s Real=0.01s
[391.295s][info][gc,start    ] GC(591) Pause Young (Normal) (G1 Evacuation Pause)
[391.295s][info][gc,task     ] GC(591) Using 8 workers of 8 for evacuation
[391.297s][info][gc,phases   ] GC(591)   Pre Evacuate Collection Set: 0.1ms
[391.297s][info][gc,phases   ] GC(591)   Merge Heap Roots: 0.1ms
[391.297s][info][gc,phases   ] GC(591)   Evacuate Collection Set: 1.3ms
[391.297s][info][gc,phases   ] GC(591)   Post Evacuate Collection Set: 0.2ms
[391.297s][info][gc,phases   ] GC(591)   Other: 0.0ms
[391.297s][info][gc,heap     ] GC(591) Eden regions: 33->0(33)
[391.297s][info][gc,heap     ] GC(591) Survivor regions: 1->1(5)
[391.297s][info][gc,heap     ] GC(591) Old regions: 15->15
[391.297s][info][gc,heap     ] GC(591) Humongous regions: 1->1
[391.297s][info][gc,metaspace] GC(591) Metaspace: 54624K(56000K)->54624K(56000K) NonClass: 47425K(48256K)->47425K(48256K) Class: 7199K(7744K)->7199K(7744K)
[391.297s][info][gc          ] GC(591) Pause Young (Normal) (G1 Evacuation Pause) 192M->60M(228M) 1.803ms
[391.297s][info][gc,cpu      ] GC(591) User=0.00s Sys=0.00s Real=0.00s
[391.602s][info][gc,start    ] GC(592) Pause Young (Normal) (G1 Evacuation Pause)
[391.602s][info][gc,task     ] GC(592) Using 8 workers of 8 for evacuation
[391.604s][info][gc,phases   ] GC(592)   Pre Evacuate Collection Set: 0.1ms
[391.604s][info][gc,phases   ] GC(592)   Merge Heap Roots: 0.1ms
[391.604s][info][gc,phases   ] GC(592)   Evacuate Collection Set: 1.4ms
[391.604s][info][gc,phases   ] GC(592)   Post Evacuate Collection Set: 0.2ms
[391.604s][info][gc,phases   ] GC(592)   Other: 0.0ms
[391.604s][info][gc,heap     ] GC(592) Eden regions: 33->0(33)
[391.604s][info][gc,heap     ] GC(592) Survivor regions: 1->1(5)
[391.604s][info][gc,heap     ] GC(592) Old regions: 15->15
[391.604s][info][gc,heap     ] GC(592) Humongous regions: 1->1
[391.604s][info][gc,metaspace] GC(592) Metaspace: 54624K(56000K)->54624K(56000K) NonClass: 47425K(48256K)->47425K(48256K) Class: 7199K(7744K)->7199K(7744K)
[391.604s][info][gc          ] GC(592) Pause Young (Normal) (G1 Evacuation Pause) 192M->60M(228M) 1.962ms
[391.604s][info][gc,cpu      ] GC(592) User=0.01s Sys=0.00s Real=0.00s
[391.950s][info][gc,start    ] GC(593) Pause Young (Normal) (G1 Evacuation Pause)
[391.950s][info][gc,task     ] GC(593) Using 8 workers of 8 for evacuation
[391.952s][info][gc,phases   ] GC(593)   Pre Evacuate Collection Set: 0.1ms
[391.952s][info][gc,phases   ] GC(593)   Merge Heap Roots: 0.1ms
[391.952s][info][gc,phases   ] GC(593)   Evacuate Collection Set: 1.5ms
[391.952s][info][gc,phases   ] GC(593)   Post Evacuate Collection Set: 0.2ms
[391.952s][info][gc,phases   ] GC(593)   Other: 0.0ms
[391.952s][info][gc,heap     ] GC(593) Eden regions: 33->0(33)
[391.952s][info][gc,heap     ] GC(593) Survivor regions: 1->1(5)
[391.952s][info][gc,heap     ] GC(593) Old regions: 15->15
[391.952s][info][gc,heap     ] GC(593) Humongous regions: 1->1
[391.952s][info][gc,metaspace] GC(593) Metaspace: 54624K(56000K)->54624K(56000K) NonClass: 47425K(48256K)->47425K(48256K) Class: 7199K(7744K)->7199K(7744K)
[391.952s][info][gc          ] GC(593) Pause Young (Normal) (G1 Evacuation Pause) 192M->60M(228M) 2.142ms
[391.952s][info][gc,cpu      ] GC(593) User=0.00s Sys=0.00s Real=0.01s
[392.183s][info][gc,start    ] GC(594) Pause Young (Normal) (G1 Evacuation Pause)
[392.183s][info][gc,task     ] GC(594) Using 8 workers of 8 for evacuation
[392.185s][info][gc,phases   ] GC(594)   Pre Evacuate Collection Set: 0.1ms
[392.185s][info][gc,phases   ] GC(594)   Merge Heap Roots: 0.1ms
[392.185s][info][gc,phases   ] GC(594)   Evacuate Collection Set: 1.3ms
[392.185s][info][gc,phases   ] GC(594)   Post Evacuate Collection Set: 0.2ms
[392.185s][info][gc,phases   ] GC(594)   Other: 0.0ms
[392.185s][info][gc,heap     ] GC(594) Eden regions: 33->0(33)
[392.185s][info][gc,heap     ] GC(594) Survivor regions: 1->1(5)
[392.185s][info][gc,heap     ] GC(594) Old regions: 15->15
[392.185s][info][gc,heap     ] GC(594) Humongous regions: 1->1
[392.185s][info][gc,metaspace] GC(594) Metaspace: 54624K(56000K)->54624K(56000K) NonClass: 47425K(48256K)->47425K(48256K) Class: 7199K(7744K)->7199K(7744K)
[392.185s][info][gc          ] GC(594) Pause Young (Normal) (G1 Evacuation Pause) 192M->60M(228M) 1.929ms
[392.185s][info][gc,cpu      ] GC(594) User=0.01s Sys=0.00s Real=0.00s
[392.424s][info][gc,start    ] GC(595) Pause Young (Normal) (G1 Evacuation Pause)
[392.424s][info][gc,task     ] GC(595) Using 8 workers of 8 for evacuation
[392.426s][info][gc,phases   ] GC(595)   Pre Evacuate Collection Set: 0.1ms
[392.426s][info][gc,phases   ] GC(595)   Merge Heap Roots: 0.1ms
[392.426s][info][gc,phases   ] GC(595)   Evacuate Collection Set: 1.5ms
[392.426s][info][gc,phases   ] GC(595)   Post Evacuate Collection Set: 0.3ms
[392.426s][info][gc,phases   ] GC(595)   Other: 0.1ms
[392.426s][info][gc,heap     ] GC(595) Eden regions: 33->0(33)
[392.426s][info][gc,heap     ] GC(595) Survivor regions: 1->1(5)
[392.426s][info][gc,heap     ] GC(595) Old regions: 15->15
[392.426s][info][gc,heap     ] GC(595) Humongous regions: 1->1
[392.426s][info][gc,metaspace] GC(595) Metaspace: 54624K(56000K)->54624K(56000K) NonClass: 47425K(48256K)->47425K(48256K) Class: 7199K(7744K)->7199K(7744K)
[392.426s][info][gc          ] GC(595) Pause Young (Normal) (G1 Evacuation Pause) 192M->60M(228M) 2.117ms
[392.426s][info][gc,cpu      ] GC(595) User=0.01s Sys=0.01s Real=0.00s
[392.759s][info][gc,start    ] GC(596) Pause Young (Normal) (G1 Evacuation Pause)
[392.759s][info][gc,task     ] GC(596) Using 8 workers of 8 for evacuation
[392.761s][info][gc,phases   ] GC(596)   Pre Evacuate Collection Set: 0.1ms
[392.761s][info][gc,phases   ] GC(596)   Merge Heap Roots: 0.1ms
[392.761s][info][gc,phases   ] GC(596)   Evacuate Collection Set: 1.4ms
[392.761s][info][gc,phases   ] GC(596)   Post Evacuate Collection Set: 0.2ms
[392.761s][info][gc,phases   ] GC(596)   Other: 0.0ms
[392.761s][info][gc,heap     ] GC(596) Eden regions: 33->0(33)
[392.761s][info][gc,heap     ] GC(596) Survivor regions: 1->1(5)
[392.761s][info][gc,heap     ] GC(596) Old regions: 15->15
[392.761s][info][gc,heap     ] GC(596) Humongous regions: 1->1
[392.761s][info][gc,metaspace] GC(596) Metaspace: 54624K(56000K)->54624K(56000K) NonClass: 47425K(48256K)->47425K(48256K) Class: 7199K(7744K)->7199K(7744K)
[392.761s][info][gc          ] GC(596) Pause Young (Normal) (G1 Evacuation Pause) 192M->60M(228M) 1.959ms
[392.761s][info][gc,cpu      ] GC(596) User=0.01s Sys=0.00s Real=0.00s
[393.080s][info][gc,start    ] GC(597) Pause Young (Normal) (G1 Evacuation Pause)
[393.080s][info][gc,task     ] GC(597) Using 8 workers of 8 for evacuation
[393.081s][info][gc,phases   ] GC(597)   Pre Evacuate Collection Set: 0.2ms
[393.081s][info][gc,phases   ] GC(597)   Merge Heap Roots: 0.1ms
[393.081s][info][gc,phases   ] GC(597)   Evacuate Collection Set: 1.3ms
[393.081s][info][gc,phases   ] GC(597)   Post Evacuate Collection Set: 0.2ms
[393.081s][info][gc,phases   ] GC(597)   Other: 0.0ms
[393.081s][info][gc,heap     ] GC(597) Eden regions: 33->0(33)
[393.081s][info][gc,heap     ] GC(597) Survivor regions: 1->1(5)
[393.081s][info][gc,heap     ] GC(597) Old regions: 15->15
[393.081s][info][gc,heap     ] GC(597) Humongous regions: 1->1
[393.081s][info][gc,metaspace] GC(597) Metaspace: 54624K(56000K)->54624K(56000K) NonClass: 47425K(48256K)->47425K(48256K) Class: 7199K(7744K)->7199K(7744K)
[393.081s][info][gc          ] GC(597) Pause Young (Normal) (G1 Evacuation Pause) 192M->60M(228M) 1.932ms
[393.081s][info][gc,cpu      ] GC(597) User=0.00s Sys=0.00s Real=0.00s
[393.338s][info][gc,start    ] GC(598) Pause Young (Normal) (G1 Evacuation Pause)
[393.338s][info][gc,task     ] GC(598) Using 8 workers of 8 for evacuation
[393.340s][info][gc,phases   ] GC(598)   Pre Evacuate Collection Set: 0.1ms
[393.340s][info][gc,phases   ] GC(598)   Merge Heap Roots: 0.2ms
[393.340s][info][gc,phases   ] GC(598)   Evacuate Collection Set: 1.6ms
[393.340s][info][gc,phases   ] GC(598)   Post Evacuate Collection Set: 0.2ms
[393.340s][info][gc,phases   ] GC(598)   Other: 0.0ms
[393.340s][info][gc,heap     ] GC(598) Eden regions: 33->0(33)
[393.340s][info][gc,heap     ] GC(598) Survivor regions: 1->1(5)
[393.340s][info][gc,heap     ] GC(598) Old regions: 15->15
[393.340s][info][gc,heap     ] GC(598) Humongous regions: 1->1
[393.340s][info][gc,metaspace] GC(598) Metaspace: 54624K(56000K)->54624K(56000K) NonClass: 47425K(48256K)->47425K(48256K) Class: 7199K(7744K)->7199K(7744K)
[393.340s][info][gc          ] GC(598) Pause Young (Normal) (G1 Evacuation Pause) 192M->60M(228M) 2.296ms
[393.340s][info][gc,cpu      ] GC(598) User=0.01s Sys=0.00s Real=0.00s
[393.657s][info][gc,start    ] GC(599) Pause Young (Normal) (G1 Evacuation Pause)
[393.657s][info][gc,task     ] GC(599) Using 8 workers of 8 for evacuation
[393.660s][info][gc,phases   ] GC(599)   Pre Evacuate Collection Set: 0.1ms
[393.660s][info][gc,phases   ] GC(599)   Merge Heap Roots: 0.1ms
[393.660s][info][gc,phases   ] GC(599)   Evacuate Collection Set: 2.1ms
[393.660s][info][gc,phases   ] GC(599)   Post Evacuate Collection Set: 0.2ms
[393.660s][info][gc,phases   ] GC(599)   Other: 0.0ms
[393.660s][info][gc,heap     ] GC(599) Eden regions: 33->0(33)
[393.660s][info][gc,heap     ] GC(599) Survivor regions: 1->1(5)
[393.660s][info][gc,heap     ] GC(599) Old regions: 15->15
[393.660s][info][gc,heap     ] GC(599) Humongous regions: 1->1
[393.660s][info][gc,metaspace] GC(599) Metaspace: 54624K(56000K)->54624K(56000K) NonClass: 47425K(48256K)->47425K(48256K) Class: 7199K(7744K)->7199K(7744K)
[393.660s][info][gc          ] GC(599) Pause Young (Normal) (G1 Evacuation Pause) 192M->60M(228M) 2.639ms
[393.660s][info][gc,cpu      ] GC(599) User=0.01s Sys=0.00s Real=0.00s
[393.946s][info][gc,start    ] GC(600) Pause Young (Normal) (G1 Evacuation Pause)
[393.946s][info][gc,task     ] GC(600) Using 8 workers of 8 for evacuation
[393.948s][info][gc,phases   ] GC(600)   Pre Evacuate Collection Set: 0.1ms
[393.948s][info][gc,phases   ] GC(600)   Merge Heap Roots: 0.1ms
[393.948s][info][gc,phases   ] GC(600)   Evacuate Collection Set: 1.8ms
[393.948s][info][gc,phases   ] GC(600)   Post Evacuate Collection Set: 0.2ms
[393.948s][info][gc,phases   ] GC(600)   Other: 0.0ms
[393.948s][info][gc,heap     ] GC(600) Eden regions: 33->0(33)
[393.948s][info][gc,heap     ] GC(600) Survivor regions: 1->1(5)
[393.948s][info][gc,heap     ] GC(600) Old regions: 15->15
[393.948s][info][gc,heap     ] GC(600) Humongous regions: 1->1
[393.948s][info][gc,metaspace] GC(600) Metaspace: 54624K(56000K)->54624K(56000K) NonClass: 47425K(48256K)->47425K(48256K) Class: 7199K(7744K)->7199K(7744K)
[393.948s][info][gc          ] GC(600) Pause Young (Normal) (G1 Evacuation Pause) 192M->60M(228M) 2.353ms
[393.948s][info][gc,cpu      ] GC(600) User=0.00s Sys=0.00s Real=0.00s
[394.201s][info][gc,start    ] GC(601) Pause Young (Normal) (G1 Evacuation Pause)
[394.201s][info][gc,task     ] GC(601) Using 8 workers of 8 for evacuation
[394.203s][info][gc,phases   ] GC(601)   Pre Evacuate Collection Set: 0.1ms
[394.203s][info][gc,phases   ] GC(601)   Merge Heap Roots: 0.1ms
[394.203s][info][gc,phases   ] GC(601)   Evacuate Collection Set: 1.6ms
[394.203s][info][gc,phases   ] GC(601)   Post Evacuate Collection Set: 0.3ms
[394.203s][info][gc,phases   ] GC(601)   Other: 0.0ms
[394.203s][info][gc,heap     ] GC(601) Eden regions: 33->0(33)
[394.203s][info][gc,heap     ] GC(601) Survivor regions: 1->1(5)
[394.203s][info][gc,heap     ] GC(601) Old regions: 15->15
[394.203s][info][gc,heap     ] GC(601) Humongous regions: 1->1
[394.203s][info][gc,metaspace] GC(601) Metaspace: 54624K(56000K)->54624K(56000K) NonClass: 47425K(48256K)->47425K(48256K) Class: 7199K(7744K)->7199K(7744K)
[394.203s][info][gc          ] GC(601) Pause Young (Normal) (G1 Evacuation Pause) 192M->60M(228M) 2.316ms
[394.203s][info][gc,cpu      ] GC(601) User=0.01s Sys=0.00s Real=0.01s
[394.822s][info][gc,start    ] GC(602) Pause Young (Normal) (G1 Evacuation Pause)
[394.822s][info][gc,task     ] GC(602) Using 8 workers of 8 for evacuation
[394.824s][info][gc,phases   ] GC(602)   Pre Evacuate Collection Set: 0.1ms
[394.824s][info][gc,phases   ] GC(602)   Merge Heap Roots: 0.1ms
[394.824s][info][gc,phases   ] GC(602)   Evacuate Collection Set: 1.5ms
[394.824s][info][gc,phases   ] GC(602)   Post Evacuate Collection Set: 0.3ms
[394.824s][info][gc,phases   ] GC(602)   Other: 0.1ms
[394.824s][info][gc,heap     ] GC(602) Eden regions: 33->0(33)
[394.824s][info][gc,heap     ] GC(602) Survivor regions: 1->1(5)
[394.824s][info][gc,heap     ] GC(602) Old regions: 15->15
[394.824s][info][gc,heap     ] GC(602) Humongous regions: 1->1
[394.824s][info][gc,metaspace] GC(602) Metaspace: 54624K(56000K)->54624K(56000K) NonClass: 47425K(48256K)->47425K(48256K) Class: 7199K(7744K)->7199K(7744K)
[394.824s][info][gc          ] GC(602) Pause Young (Normal) (G1 Evacuation Pause) 192M->60M(228M) 2.084ms
[394.824s][info][gc,cpu      ] GC(602) User=0.01s Sys=0.00s Real=0.00s
[395.130s][info][gc,start    ] GC(603) Pause Young (Normal) (G1 Evacuation Pause)
[395.130s][info][gc,task     ] GC(603) Using 8 workers of 8 for evacuation
[395.132s][info][gc,phases   ] GC(603)   Pre Evacuate Collection Set: 0.1ms
[395.132s][info][gc,phases   ] GC(603)   Merge Heap Roots: 0.1ms
[395.132s][info][gc,phases   ] GC(603)   Evacuate Collection Set: 1.4ms
[395.132s][info][gc,phases   ] GC(603)   Post Evacuate Collection Set: 0.3ms
[395.132s][info][gc,phases   ] GC(603)   Other: 0.0ms
[395.132s][info][gc,heap     ] GC(603) Eden regions: 33->0(33)
[395.132s][info][gc,heap     ] GC(603) Survivor regions: 1->1(5)
[395.132s][info][gc,heap     ] GC(603) Old regions: 15->15
[395.132s][info][gc,heap     ] GC(603) Humongous regions: 1->1
[395.132s][info][gc,metaspace] GC(603) Metaspace: 54624K(56000K)->54624K(56000K) NonClass: 47425K(48256K)->47425K(48256K) Class: 7199K(7744K)->7199K(7744K)
[395.133s][info][gc          ] GC(603) Pause Young (Normal) (G1 Evacuation Pause) 192M->60M(228M) 2.099ms
[395.133s][info][gc,cpu      ] GC(603) User=0.01s Sys=0.01s Real=0.01s
[395.737s][info][gc,start    ] GC(604) Pause Young (Normal) (G1 Evacuation Pause)
[395.738s][info][gc,task     ] GC(604) Using 8 workers of 8 for evacuation
[395.740s][info][gc,phases   ] GC(604)   Pre Evacuate Collection Set: 0.1ms
[395.740s][info][gc,phases   ] GC(604)   Merge Heap Roots: 0.1ms
[395.740s][info][gc,phases   ] GC(604)   Evacuate Collection Set: 1.7ms
[395.740s][info][gc,phases   ] GC(604)   Post Evacuate Collection Set: 0.3ms
[395.740s][info][gc,phases   ] GC(604)   Other: 0.0ms
[395.740s][info][gc,heap     ] GC(604) Eden regions: 33->0(33)
[395.740s][info][gc,heap     ] GC(604) Survivor regions: 1->1(5)
[395.740s][info][gc,heap     ] GC(604) Old regions: 15->15
[395.740s][info][gc,heap     ] GC(604) Humongous regions: 1->1
[395.740s][info][gc,metaspace] GC(604) Metaspace: 54624K(56000K)->54624K(56000K) NonClass: 47425K(48256K)->47425K(48256K) Class: 7199K(7744K)->7199K(7744K)
[395.740s][info][gc          ] GC(604) Pause Young (Normal) (G1 Evacuation Pause) 192M->60M(228M) 2.345ms
[395.740s][info][gc,cpu      ] GC(604) User=0.00s Sys=0.00s Real=0.00s
[396.088s][info][gc,start    ] GC(605) Pause Young (Normal) (G1 Evacuation Pause)
[396.088s][info][gc,task     ] GC(605) Using 8 workers of 8 for evacuation
[396.091s][info][gc,phases   ] GC(605)   Pre Evacuate Collection Set: 0.1ms
[396.091s][info][gc,phases   ] GC(605)   Merge Heap Roots: 0.1ms
[396.091s][info][gc,phases   ] GC(605)   Evacuate Collection Set: 1.7ms
[396.091s][info][gc,phases   ] GC(605)   Post Evacuate Collection Set: 0.3ms
[396.091s][info][gc,phases   ] GC(605)   Other: 0.0ms
[396.091s][info][gc,heap     ] GC(605) Eden regions: 33->0(33)
[396.091s][info][gc,heap     ] GC(605) Survivor regions: 1->1(5)
[396.091s][info][gc,heap     ] GC(605) Old regions: 15->15
[396.091s][info][gc,heap     ] GC(605) Humongous regions: 1->1
[396.091s][info][gc,metaspace] GC(605) Metaspace: 54624K(56000K)->54624K(56000K) NonClass: 47425K(48256K)->47425K(48256K) Class: 7199K(7744K)->7199K(7744K)
[396.091s][info][gc          ] GC(605) Pause Young (Normal) (G1 Evacuation Pause) 192M->60M(228M) 2.406ms
[396.091s][info][gc,cpu      ] GC(605) User=0.01s Sys=0.00s Real=0.00s
[396.438s][info][gc,start    ] GC(606) Pause Young (Normal) (G1 Evacuation Pause)
[396.438s][info][gc,task     ] GC(606) Using 8 workers of 8 for evacuation
[396.440s][info][gc,phases   ] GC(606)   Pre Evacuate Collection Set: 0.1ms
[396.440s][info][gc,phases   ] GC(606)   Merge Heap Roots: 0.1ms
[396.440s][info][gc,phases   ] GC(606)   Evacuate Collection Set: 1.7ms
[396.440s][info][gc,phases   ] GC(606)   Post Evacuate Collection Set: 0.4ms
[396.440s][info][gc,phases   ] GC(606)   Other: 0.1ms
[396.440s][info][gc,heap     ] GC(606) Eden regions: 33->0(33)
[396.440s][info][gc,heap     ] GC(606) Survivor regions: 1->1(5)
[396.440s][info][gc,heap     ] GC(606) Old regions: 15->15
[396.440s][info][gc,heap     ] GC(606) Humongous regions: 1->1
[396.440s][info][gc,metaspace] GC(606) Metaspace: 54624K(56000K)->54624K(56000K) NonClass: 47425K(48256K)->47425K(48256K) Class: 7199K(7744K)->7199K(7744K)
[396.440s][info][gc          ] GC(606) Pause Young (Normal) (G1 Evacuation Pause) 192M->60M(228M) 2.444ms
[396.440s][info][gc,cpu      ] GC(606) User=0.01s Sys=0.01s Real=0.00s
[396.772s][info][gc,start    ] GC(607) Pause Young (Normal) (G1 Evacuation Pause)
[396.772s][info][gc,task     ] GC(607) Using 8 workers of 8 for evacuation
[396.774s][info][gc,phases   ] GC(607)   Pre Evacuate Collection Set: 0.1ms
[396.774s][info][gc,phases   ] GC(607)   Merge Heap Roots: 0.1ms
[396.774s][info][gc,phases   ] GC(607)   Evacuate Collection Set: 1.4ms
[396.774s][info][gc,phases   ] GC(607)   Post Evacuate Collection Set: 0.2ms
[396.774s][info][gc,phases   ] GC(607)   Other: 0.0ms
[396.774s][info][gc,heap     ] GC(607) Eden regions: 33->0(33)
[396.774s][info][gc,heap     ] GC(607) Survivor regions: 1->1(5)
[396.774s][info][gc,heap     ] GC(607) Old regions: 15->15
[396.774s][info][gc,heap     ] GC(607) Humongous regions: 1->1
[396.774s][info][gc,metaspace] GC(607) Metaspace: 54624K(56000K)->54624K(56000K) NonClass: 47425K(48256K)->47425K(48256K) Class: 7199K(7744K)->7199K(7744K)
[396.774s][info][gc          ] GC(607) Pause Young (Normal) (G1 Evacuation Pause) 192M->60M(228M) 1.940ms
[396.774s][info][gc,cpu      ] GC(607) User=0.01s Sys=0.00s Real=0.00s
[397.084s][info][gc,start    ] GC(608) Pause Young (Normal) (G1 Evacuation Pause)
[397.084s][info][gc,task     ] GC(608) Using 8 workers of 8 for evacuation
[397.086s][info][gc,phases   ] GC(608)   Pre Evacuate Collection Set: 0.1ms
[397.086s][info][gc,phases   ] GC(608)   Merge Heap Roots: 0.1ms
[397.086s][info][gc,phases   ] GC(608)   Evacuate Collection Set: 1.7ms
[397.086s][info][gc,phases   ] GC(608)   Post Evacuate Collection Set: 0.3ms
[397.086s][info][gc,phases   ] GC(608)   Other: 0.0ms
[397.086s][info][gc,heap     ] GC(608) Eden regions: 33->0(33)
[397.086s][info][gc,heap     ] GC(608) Survivor regions: 1->1(5)
[397.086s][info][gc,heap     ] GC(608) Old regions: 15->15
[397.086s][info][gc,heap     ] GC(608) Humongous regions: 1->1
[397.086s][info][gc,metaspace] GC(608) Metaspace: 54624K(56000K)->54624K(56000K) NonClass: 47425K(48256K)->47425K(48256K) Class: 7199K(7744K)->7199K(7744K)
[397.086s][info][gc          ] GC(608) Pause Young (Normal) (G1 Evacuation Pause) 192M->60M(228M) 2.546ms
[397.086s][info][gc,cpu      ] GC(608) User=0.01s Sys=0.01s Real=0.00s
[397.387s][info][gc,start    ] GC(609) Pause Young (Normal) (G1 Evacuation Pause)
[397.387s][info][gc,task     ] GC(609) Using 8 workers of 8 for evacuation
[397.390s][info][gc,phases   ] GC(609)   Pre Evacuate Collection Set: 0.1ms
[397.390s][info][gc,phases   ] GC(609)   Merge Heap Roots: 0.1ms
[397.390s][info][gc,phases   ] GC(609)   Evacuate Collection Set: 1.7ms
[397.390s][info][gc,phases   ] GC(609)   Post Evacuate Collection Set: 0.2ms
[397.390s][info][gc,phases   ] GC(609)   Other: 0.2ms
[397.390s][info][gc,heap     ] GC(609) Eden regions: 33->0(33)
[397.390s][info][gc,heap     ] GC(609) Survivor regions: 1->1(5)
[397.390s][info][gc,heap     ] GC(609) Old regions: 15->15
[397.390s][info][gc,heap     ] GC(609) Humongous regions: 1->1
[397.390s][info][gc,metaspace] GC(609) Metaspace: 54624K(56000K)->54624K(56000K) NonClass: 47425K(48256K)->47425K(48256K) Class: 7199K(7744K)->7199K(7744K)
[397.390s][info][gc          ] GC(609) Pause Young (Normal) (G1 Evacuation Pause) 192M->60M(228M) 2.504ms
[397.390s][info][gc,cpu      ] GC(609) User=0.01s Sys=0.00s Real=0.00s
[397.694s][info][gc,start    ] GC(610) Pause Young (Normal) (G1 Evacuation Pause)
[397.695s][info][gc,task     ] GC(610) Using 8 workers of 8 for evacuation
[397.697s][info][gc,phases   ] GC(610)   Pre Evacuate Collection Set: 0.1ms
[397.697s][info][gc,phases   ] GC(610)   Merge Heap Roots: 0.1ms
[397.697s][info][gc,phases   ] GC(610)   Evacuate Collection Set: 1.5ms
[397.697s][info][gc,phases   ] GC(610)   Post Evacuate Collection Set: 0.3ms
[397.697s][info][gc,phases   ] GC(610)   Other: 0.0ms
[397.697s][info][gc,heap     ] GC(610) Eden regions: 33->0(33)
[397.697s][info][gc,heap     ] GC(610) Survivor regions: 1->1(5)
[397.697s][info][gc,heap     ] GC(610) Old regions: 15->15
[397.697s][info][gc,heap     ] GC(610) Humongous regions: 1->1
[397.697s][info][gc,metaspace] GC(610) Metaspace: 54624K(56000K)->54624K(56000K) NonClass: 47425K(48256K)->47425K(48256K) Class: 7199K(7744K)->7199K(7744K)
[397.697s][info][gc          ] GC(610) Pause Young (Normal) (G1 Evacuation Pause) 192M->60M(228M) 2.152ms
[397.697s][info][gc,cpu      ] GC(610) User=0.01s Sys=0.00s Real=0.00s
[397.972s][info][gc,start    ] GC(611) Pause Young (Normal) (G1 Evacuation Pause)
[397.972s][info][gc,task     ] GC(611) Using 8 workers of 8 for evacuation
[397.974s][info][gc,phases   ] GC(611)   Pre Evacuate Collection Set: 0.1ms
[397.975s][info][gc,phases   ] GC(611)   Merge Heap Roots: 0.1ms
[397.975s][info][gc,phases   ] GC(611)   Evacuate Collection Set: 2.0ms
[397.975s][info][gc,phases   ] GC(611)   Post Evacuate Collection Set: 0.3ms
[397.975s][info][gc,phases   ] GC(611)   Other: 0.1ms
[397.975s][info][gc,heap     ] GC(611) Eden regions: 33->0(33)
[397.975s][info][gc,heap     ] GC(611) Survivor regions: 1->1(5)
[397.975s][info][gc,heap     ] GC(611) Old regions: 15->15
[397.975s][info][gc,heap     ] GC(611) Humongous regions: 1->1
[397.975s][info][gc,metaspace] GC(611) Metaspace: 54624K(56000K)->54624K(56000K) NonClass: 47425K(48256K)->47425K(48256K) Class: 7199K(7744K)->7199K(7744K)
[397.975s][info][gc          ] GC(611) Pause Young (Normal) (G1 Evacuation Pause) 192M->60M(228M) 2.831ms
[397.975s][info][gc,cpu      ] GC(611) User=0.01s Sys=0.00s Real=0.00s
[398.337s][info][gc,start    ] GC(612) Pause Young (Normal) (G1 Evacuation Pause)
[398.337s][info][gc,task     ] GC(612) Using 8 workers of 8 for evacuation
[398.339s][info][gc,phases   ] GC(612)   Pre Evacuate Collection Set: 0.1ms
[398.339s][info][gc,phases   ] GC(612)   Merge Heap Roots: 0.1ms
[398.339s][info][gc,phases   ] GC(612)   Evacuate Collection Set: 1.4ms
[398.339s][info][gc,phases   ] GC(612)   Post Evacuate Collection Set: 0.2ms
[398.339s][info][gc,phases   ] GC(612)   Other: 0.0ms
[398.339s][info][gc,heap     ] GC(612) Eden regions: 33->0(33)
[398.339s][info][gc,heap     ] GC(612) Survivor regions: 1->1(5)
[398.339s][info][gc,heap     ] GC(612) Old regions: 15->15
[398.339s][info][gc,heap     ] GC(612) Humongous regions: 1->1
[398.339s][info][gc,metaspace] GC(612) Metaspace: 54624K(56000K)->54624K(56000K) NonClass: 47425K(48256K)->47425K(48256K) Class: 7199K(7744K)->7199K(7744K)
[398.339s][info][gc          ] GC(612) Pause Young (Normal) (G1 Evacuation Pause) 192M->60M(228M) 2.012ms
[398.339s][info][gc,cpu      ] GC(612) User=0.01s Sys=0.00s Real=0.00s
[398.584s][info][gc,start    ] GC(613) Pause Young (Normal) (G1 Evacuation Pause)
[398.585s][info][gc,task     ] GC(613) Using 8 workers of 8 for evacuation
[398.586s][info][gc,phases   ] GC(613)   Pre Evacuate Collection Set: 0.1ms
[398.586s][info][gc,phases   ] GC(613)   Merge Heap Roots: 0.1ms
[398.586s][info][gc,phases   ] GC(613)   Evacuate Collection Set: 1.5ms
[398.587s][info][gc,phases   ] GC(613)   Post Evacuate Collection Set: 0.3ms
[398.587s][info][gc,phases   ] GC(613)   Other: 0.0ms
[398.587s][info][gc,heap     ] GC(613) Eden regions: 33->0(33)
[398.587s][info][gc,heap     ] GC(613) Survivor regions: 1->1(5)
[398.587s][info][gc,heap     ] GC(613) Old regions: 15->15
[398.587s][info][gc,heap     ] GC(613) Humongous regions: 1->1
[398.587s][info][gc,metaspace] GC(613) Metaspace: 54624K(56000K)->54624K(56000K) NonClass: 47425K(48256K)->47425K(48256K) Class: 7199K(7744K)->7199K(7744K)
[398.587s][info][gc          ] GC(613) Pause Young (Normal) (G1 Evacuation Pause) 192M->60M(228M) 2.106ms
[398.587s][info][gc,cpu      ] GC(613) User=0.01s Sys=0.00s Real=0.00s
[398.927s][info][gc,start    ] GC(614) Pause Young (Normal) (G1 Evacuation Pause)
[398.927s][info][gc,task     ] GC(614) Using 8 workers of 8 for evacuation
[398.929s][info][gc,phases   ] GC(614)   Pre Evacuate Collection Set: 0.1ms
[398.929s][info][gc,phases   ] GC(614)   Merge Heap Roots: 0.1ms
[398.929s][info][gc,phases   ] GC(614)   Evacuate Collection Set: 1.5ms
[398.929s][info][gc,phases   ] GC(614)   Post Evacuate Collection Set: 0.2ms
[398.929s][info][gc,phases   ] GC(614)   Other: 0.0ms
[398.929s][info][gc,heap     ] GC(614) Eden regions: 33->0(33)
[398.929s][info][gc,heap     ] GC(614) Survivor regions: 1->1(5)
[398.929s][info][gc,heap     ] GC(614) Old regions: 15->15
[398.929s][info][gc,heap     ] GC(614) Humongous regions: 1->1
[398.929s][info][gc,metaspace] GC(614) Metaspace: 54624K(56000K)->54624K(56000K) NonClass: 47425K(48256K)->47425K(48256K) Class: 7199K(7744K)->7199K(7744K)
[398.929s][info][gc          ] GC(614) Pause Young (Normal) (G1 Evacuation Pause) 192M->60M(228M) 2.042ms
[398.929s][info][gc,cpu      ] GC(614) User=0.01s Sys=0.00s Real=0.00s
[399.251s][info][gc,start    ] GC(615) Pause Young (Normal) (G1 Evacuation Pause)
[399.251s][info][gc,task     ] GC(615) Using 8 workers of 8 for evacuation
[399.253s][info][gc,phases   ] GC(615)   Pre Evacuate Collection Set: 0.1ms
[399.253s][info][gc,phases   ] GC(615)   Merge Heap Roots: 0.1ms
[399.253s][info][gc,phases   ] GC(615)   Evacuate Collection Set: 1.5ms
[399.253s][info][gc,phases   ] GC(615)   Post Evacuate Collection Set: 0.3ms
[399.253s][info][gc,phases   ] GC(615)   Other: 0.1ms
[399.253s][info][gc,heap     ] GC(615) Eden regions: 33->0(33)
[399.253s][info][gc,heap     ] GC(615) Survivor regions: 1->1(5)
[399.253s][info][gc,heap     ] GC(615) Old regions: 15->15
[399.253s][info][gc,heap     ] GC(615) Humongous regions: 1->1
[399.253s][info][gc,metaspace] GC(615) Metaspace: 54624K(56000K)->54624K(56000K) NonClass: 47425K(48256K)->47425K(48256K) Class: 7199K(7744K)->7199K(7744K)
[399.253s][info][gc          ] GC(615) Pause Young (Normal) (G1 Evacuation Pause) 192M->61M(228M) 2.223ms
[399.253s][info][gc,cpu      ] GC(615) User=0.01s Sys=0.00s Real=0.01s
[399.847s][info][gc,start    ] GC(616) Pause Young (Normal) (G1 Evacuation Pause)
[399.848s][info][gc,task     ] GC(616) Using 8 workers of 8 for evacuation
[399.850s][info][gc,phases   ] GC(616)   Pre Evacuate Collection Set: 0.1ms
[399.850s][info][gc,phases   ] GC(616)   Merge Heap Roots: 0.1ms
[399.850s][info][gc,phases   ] GC(616)   Evacuate Collection Set: 1.8ms
[399.850s][info][gc,phases   ] GC(616)   Post Evacuate Collection Set: 0.3ms
[399.850s][info][gc,phases   ] GC(616)   Other: 0.1ms
[399.850s][info][gc,heap     ] GC(616) Eden regions: 33->0(33)
[399.850s][info][gc,heap     ] GC(616) Survivor regions: 1->1(5)
[399.850s][info][gc,heap     ] GC(616) Old regions: 15->15
[399.850s][info][gc,heap     ] GC(616) Humongous regions: 1->1
[399.850s][info][gc,metaspace] GC(616) Metaspace: 54624K(56000K)->54624K(56000K) NonClass: 47425K(48256K)->47425K(48256K) Class: 7199K(7744K)->7199K(7744K)
[399.850s][info][gc          ] GC(616) Pause Young (Normal) (G1 Evacuation Pause) 193M->61M(228M) 2.645ms
[399.850s][info][gc,cpu      ] GC(616) User=0.01s Sys=0.00s Real=0.00s
[400.447s][info][gc,start    ] GC(617) Pause Young (Normal) (G1 Evacuation Pause)
[400.447s][info][gc,task     ] GC(617) Using 8 workers of 8 for evacuation
[400.449s][info][gc,phases   ] GC(617)   Pre Evacuate Collection Set: 0.1ms
[400.449s][info][gc,phases   ] GC(617)   Merge Heap Roots: 0.1ms
[400.449s][info][gc,phases   ] GC(617)   Evacuate Collection Set: 1.9ms
[400.449s][info][gc,phases   ] GC(617)   Post Evacuate Collection Set: 0.3ms
[400.449s][info][gc,phases   ] GC(617)   Other: 0.0ms
[400.449s][info][gc,heap     ] GC(617) Eden regions: 33->0(33)
[400.449s][info][gc,heap     ] GC(617) Survivor regions: 1->1(5)
[400.449s][info][gc,heap     ] GC(617) Old regions: 15->15
[400.449s][info][gc,heap     ] GC(617) Humongous regions: 1->1
[400.449s][info][gc,metaspace] GC(617) Metaspace: 54624K(56000K)->54624K(56000K) NonClass: 47425K(48256K)->47425K(48256K) Class: 7199K(7744K)->7199K(7744K)
[400.449s][info][gc          ] GC(617) Pause Young (Normal) (G1 Evacuation Pause) 193M->61M(228M) 2.586ms
[400.449s][info][gc,cpu      ] GC(617) User=0.01s Sys=0.01s Real=0.00s
[400.844s][info][gc,start    ] GC(618) Pause Young (Normal) (G1 Evacuation Pause)
[400.844s][info][gc,task     ] GC(618) Using 8 workers of 8 for evacuation
[400.846s][info][gc,phases   ] GC(618)   Pre Evacuate Collection Set: 0.1ms
[400.846s][info][gc,phases   ] GC(618)   Merge Heap Roots: 0.1ms
[400.846s][info][gc,phases   ] GC(618)   Evacuate Collection Set: 1.8ms
[400.846s][info][gc,phases   ] GC(618)   Post Evacuate Collection Set: 0.3ms
[400.846s][info][gc,phases   ] GC(618)   Other: 0.0ms
[400.846s][info][gc,heap     ] GC(618) Eden regions: 33->0(33)
[400.846s][info][gc,heap     ] GC(618) Survivor regions: 1->1(5)
[400.846s][info][gc,heap     ] GC(618) Old regions: 15->15
[400.846s][info][gc,heap     ] GC(618) Humongous regions: 1->1
[400.846s][info][gc,metaspace] GC(618) Metaspace: 54624K(56000K)->54624K(56000K) NonClass: 47425K(48256K)->47425K(48256K) Class: 7199K(7744K)->7199K(7744K)
[400.846s][info][gc          ] GC(618) Pause Young (Normal) (G1 Evacuation Pause) 193M->61M(228M) 2.447ms
[400.846s][info][gc,cpu      ] GC(618) User=0.01s Sys=0.00s Real=0.00s
[401.184s][info][gc,start    ] GC(619) Pause Young (Normal) (G1 Evacuation Pause)
[401.184s][info][gc,task     ] GC(619) Using 8 workers of 8 for evacuation
[401.186s][info][gc,phases   ] GC(619)   Pre Evacuate Collection Set: 0.1ms
[401.186s][info][gc,phases   ] GC(619)   Merge Heap Roots: 0.1ms
[401.186s][info][gc,phases   ] GC(619)   Evacuate Collection Set: 1.5ms
[401.186s][info][gc,phases   ] GC(619)   Post Evacuate Collection Set: 0.3ms
[401.186s][info][gc,phases   ] GC(619)   Other: 0.0ms
[401.186s][info][gc,heap     ] GC(619) Eden regions: 33->0(33)
[401.186s][info][gc,heap     ] GC(619) Survivor regions: 1->1(5)
[401.186s][info][gc,heap     ] GC(619) Old regions: 15->15
[401.186s][info][gc,heap     ] GC(619) Humongous regions: 1->1
[401.186s][info][gc,metaspace] GC(619) Metaspace: 54624K(56000K)->54624K(56000K) NonClass: 47425K(48256K)->47425K(48256K) Class: 7199K(7744K)->7199K(7744K)
[401.186s][info][gc          ] GC(619) Pause Young (Normal) (G1 Evacuation Pause) 193M->61M(228M) 2.108ms
[401.186s][info][gc,cpu      ] GC(619) User=0.01s Sys=0.00s Real=0.00s
[401.495s][info][gc,start    ] GC(620) Pause Young (Normal) (G1 Evacuation Pause)
[401.495s][info][gc,task     ] GC(620) Using 8 workers of 8 for evacuation
[401.497s][info][gc,phases   ] GC(620)   Pre Evacuate Collection Set: 0.1ms
[401.497s][info][gc,phases   ] GC(620)   Merge Heap Roots: 0.1ms
[401.497s][info][gc,phases   ] GC(620)   Evacuate Collection Set: 1.9ms
[401.497s][info][gc,phases   ] GC(620)   Post Evacuate Collection Set: 0.2ms
[401.497s][info][gc,phases   ] GC(620)   Other: 0.0ms
[401.497s][info][gc,heap     ] GC(620) Eden regions: 33->0(33)
[401.497s][info][gc,heap     ] GC(620) Survivor regions: 1->1(5)
[401.497s][info][gc,heap     ] GC(620) Old regions: 15->15
[401.497s][info][gc,heap     ] GC(620) Humongous regions: 1->1
[401.497s][info][gc,metaspace] GC(620) Metaspace: 54624K(56000K)->54624K(56000K) NonClass: 47425K(48256K)->47425K(48256K) Class: 7199K(7744K)->7199K(7744K)
[401.498s][info][gc          ] GC(620) Pause Young (Normal) (G1 Evacuation Pause) 193M->61M(228M) 2.478ms
[401.498s][info][gc,cpu      ] GC(620) User=0.01s Sys=0.00s Real=0.00s
[401.870s][info][gc,start    ] GC(621) Pause Young (Normal) (G1 Evacuation Pause)
[401.870s][info][gc,task     ] GC(621) Using 8 workers of 8 for evacuation
[401.872s][info][gc,phases   ] GC(621)   Pre Evacuate Collection Set: 0.1ms
[401.872s][info][gc,phases   ] GC(621)   Merge Heap Roots: 0.1ms
[401.872s][info][gc,phases   ] GC(621)   Evacuate Collection Set: 1.5ms
[401.872s][info][gc,phases   ] GC(621)   Post Evacuate Collection Set: 0.3ms
[401.872s][info][gc,phases   ] GC(621)   Other: 0.0ms
[401.872s][info][gc,heap     ] GC(621) Eden regions: 33->0(33)
[401.872s][info][gc,heap     ] GC(621) Survivor regions: 1->1(5)
[401.872s][info][gc,heap     ] GC(621) Old regions: 15->15
[401.872s][info][gc,heap     ] GC(621) Humongous regions: 1->1
[401.872s][info][gc,metaspace] GC(621) Metaspace: 54624K(56000K)->54624K(56000K) NonClass: 47425K(48256K)->47425K(48256K) Class: 7199K(7744K)->7199K(7744K)
[401.872s][info][gc          ] GC(621) Pause Young (Normal) (G1 Evacuation Pause) 193M->61M(228M) 2.151ms
[401.872s][info][gc,cpu      ] GC(621) User=0.01s Sys=0.00s Real=0.01s
[402.137s][info][gc,start    ] GC(622) Pause Young (Normal) (G1 Evacuation Pause)
[402.137s][info][gc,task     ] GC(622) Using 8 workers of 8 for evacuation
[402.139s][info][gc,phases   ] GC(622)   Pre Evacuate Collection Set: 0.1ms
[402.139s][info][gc,phases   ] GC(622)   Merge Heap Roots: 0.1ms
[402.139s][info][gc,phases   ] GC(622)   Evacuate Collection Set: 1.5ms
[402.139s][info][gc,phases   ] GC(622)   Post Evacuate Collection Set: 0.3ms
[402.139s][info][gc,phases   ] GC(622)   Other: 0.1ms
[402.139s][info][gc,heap     ] GC(622) Eden regions: 33->0(33)
[402.139s][info][gc,heap     ] GC(622) Survivor regions: 1->1(5)
[402.139s][info][gc,heap     ] GC(622) Old regions: 15->16
[402.139s][info][gc,heap     ] GC(622) Humongous regions: 1->1
[402.139s][info][gc,metaspace] GC(622) Metaspace: 54624K(56000K)->54624K(56000K) NonClass: 47425K(48256K)->47425K(48256K) Class: 7199K(7744K)->7199K(7744K)
[402.139s][info][gc          ] GC(622) Pause Young (Normal) (G1 Evacuation Pause) 193M->61M(228M) 2.091ms
[402.139s][info][gc,cpu      ] GC(622) User=0.01s Sys=0.00s Real=0.00s
[402.572s][info][gc,start    ] GC(623) Pause Young (Normal) (G1 Evacuation Pause)
[402.572s][info][gc,task     ] GC(623) Using 8 workers of 8 for evacuation
[402.574s][info][gc,phases   ] GC(623)   Pre Evacuate Collection Set: 0.1ms
[402.574s][info][gc,phases   ] GC(623)   Merge Heap Roots: 0.1ms
[402.574s][info][gc,phases   ] GC(623)   Evacuate Collection Set: 1.4ms
[402.574s][info][gc,phases   ] GC(623)   Post Evacuate Collection Set: 0.3ms
[402.574s][info][gc,phases   ] GC(623)   Other: 0.1ms
[402.574s][info][gc,heap     ] GC(623) Eden regions: 33->0(33)
[402.574s][info][gc,heap     ] GC(623) Survivor regions: 1->1(5)
[402.574s][info][gc,heap     ] GC(623) Old regions: 16->16
[402.574s][info][gc,heap     ] GC(623) Humongous regions: 1->1
[402.574s][info][gc,metaspace] GC(623) Metaspace: 54624K(56000K)->54624K(56000K) NonClass: 47425K(48256K)->47425K(48256K) Class: 7199K(7744K)->7199K(7744K)
[402.574s][info][gc          ] GC(623) Pause Young (Normal) (G1 Evacuation Pause) 193M->61M(228M) 2.216ms
[402.574s][info][gc,cpu      ] GC(623) User=0.01s Sys=0.00s Real=0.01s
[402.913s][info][gc,start    ] GC(624) Pause Young (Normal) (G1 Evacuation Pause)
[402.913s][info][gc,task     ] GC(624) Using 8 workers of 8 for evacuation
[402.915s][info][gc,phases   ] GC(624)   Pre Evacuate Collection Set: 0.1ms
[402.915s][info][gc,phases   ] GC(624)   Merge Heap Roots: 0.1ms
[402.915s][info][gc,phases   ] GC(624)   Evacuate Collection Set: 1.5ms
[402.915s][info][gc,phases   ] GC(624)   Post Evacuate Collection Set: 0.3ms
[402.915s][info][gc,phases   ] GC(624)   Other: 0.0ms
[402.915s][info][gc,heap     ] GC(624) Eden regions: 33->0(33)
[402.915s][info][gc,heap     ] GC(624) Survivor regions: 1->1(5)
[402.915s][info][gc,heap     ] GC(624) Old regions: 16->16
[402.915s][info][gc,heap     ] GC(624) Humongous regions: 1->1
[402.915s][info][gc,metaspace] GC(624) Metaspace: 54624K(56000K)->54624K(56000K) NonClass: 47425K(48256K)->47425K(48256K) Class: 7199K(7744K)->7199K(7744K)
[402.915s][info][gc          ] GC(624) Pause Young (Normal) (G1 Evacuation Pause) 193M->61M(228M) 2.082ms
[402.915s][info][gc,cpu      ] GC(624) User=0.01s Sys=0.00s Real=0.00s
[403.260s][info][gc,start    ] GC(625) Pause Young (Normal) (G1 Evacuation Pause)
[403.260s][info][gc,task     ] GC(625) Using 8 workers of 8 for evacuation
[403.261s][info][gc,phases   ] GC(625)   Pre Evacuate Collection Set: 0.1ms
[403.261s][info][gc,phases   ] GC(625)   Merge Heap Roots: 0.1ms
[403.261s][info][gc,phases   ] GC(625)   Evacuate Collection Set: 1.3ms
[403.261s][info][gc,phases   ] GC(625)   Post Evacuate Collection Set: 0.2ms
[403.261s][info][gc,phases   ] GC(625)   Other: 0.0ms
[403.261s][info][gc,heap     ] GC(625) Eden regions: 33->0(33)
[403.261s][info][gc,heap     ] GC(625) Survivor regions: 1->1(5)
[403.261s][info][gc,heap     ] GC(625) Old regions: 16->16
[403.261s][info][gc,heap     ] GC(625) Humongous regions: 1->1
[403.261s][info][gc,metaspace] GC(625) Metaspace: 54624K(56000K)->54624K(56000K) NonClass: 47425K(48256K)->47425K(48256K) Class: 7199K(7744K)->7199K(7744K)
[403.261s][info][gc          ] GC(625) Pause Young (Normal) (G1 Evacuation Pause) 193M->61M(228M) 1.888ms
[403.261s][info][gc,cpu      ] GC(625) User=0.01s Sys=0.00s Real=0.00s
[403.545s][info][gc,start    ] GC(626) Pause Young (Normal) (G1 Evacuation Pause)
[403.545s][info][gc,task     ] GC(626) Using 8 workers of 8 for evacuation
[403.547s][info][gc,phases   ] GC(626)   Pre Evacuate Collection Set: 0.1ms
[403.547s][info][gc,phases   ] GC(626)   Merge Heap Roots: 0.1ms
[403.547s][info][gc,phases   ] GC(626)   Evacuate Collection Set: 1.6ms
[403.547s][info][gc,phases   ] GC(626)   Post Evacuate Collection Set: 0.2ms
[403.547s][info][gc,phases   ] GC(626)   Other: 0.0ms
[403.547s][info][gc,heap     ] GC(626) Eden regions: 33->0(33)
[403.547s][info][gc,heap     ] GC(626) Survivor regions: 1->1(5)
[403.547s][info][gc,heap     ] GC(626) Old regions: 16->16
[403.547s][info][gc,heap     ] GC(626) Humongous regions: 1->1
[403.547s][info][gc,metaspace] GC(626) Metaspace: 54624K(56000K)->54624K(56000K) NonClass: 47425K(48256K)->47425K(48256K) Class: 7199K(7744K)->7199K(7744K)
[403.547s][info][gc          ] GC(626) Pause Young (Normal) (G1 Evacuation Pause) 193M->61M(228M) 2.203ms
[403.547s][info][gc,cpu      ] GC(626) User=0.01s Sys=0.00s Real=0.00s
[403.845s][info][gc,start    ] GC(627) Pause Young (Normal) (G1 Evacuation Pause)
[403.845s][info][gc,task     ] GC(627) Using 8 workers of 8 for evacuation
[403.847s][info][gc,phases   ] GC(627)   Pre Evacuate Collection Set: 0.1ms
[403.847s][info][gc,phases   ] GC(627)   Merge Heap Roots: 0.1ms
[403.847s][info][gc,phases   ] GC(627)   Evacuate Collection Set: 1.5ms
[403.847s][info][gc,phases   ] GC(627)   Post Evacuate Collection Set: 0.2ms
[403.847s][info][gc,phases   ] GC(627)   Other: 0.1ms
[403.847s][info][gc,heap     ] GC(627) Eden regions: 33->0(33)
[403.847s][info][gc,heap     ] GC(627) Survivor regions: 1->1(5)
[403.847s][info][gc,heap     ] GC(627) Old regions: 16->16
[403.847s][info][gc,heap     ] GC(627) Humongous regions: 1->1
[403.847s][info][gc,metaspace] GC(627) Metaspace: 54624K(56000K)->54624K(56000K) NonClass: 47425K(48256K)->47425K(48256K) Class: 7199K(7744K)->7199K(7744K)
[403.847s][info][gc          ] GC(627) Pause Young (Normal) (G1 Evacuation Pause) 193M->61M(228M) 2.124ms
[403.847s][info][gc,cpu      ] GC(627) User=0.01s Sys=0.00s Real=0.00s
[404.169s][info][gc,start    ] GC(628) Pause Young (Normal) (G1 Evacuation Pause)
[404.169s][info][gc,task     ] GC(628) Using 8 workers of 8 for evacuation
[404.172s][info][gc,phases   ] GC(628)   Pre Evacuate Collection Set: 0.1ms
[404.172s][info][gc,phases   ] GC(628)   Merge Heap Roots: 0.1ms
[404.172s][info][gc,phases   ] GC(628)   Evacuate Collection Set: 1.8ms
[404.172s][info][gc,phases   ] GC(628)   Post Evacuate Collection Set: 0.2ms
[404.172s][info][gc,phases   ] GC(628)   Other: 0.0ms
[404.172s][info][gc,heap     ] GC(628) Eden regions: 33->0(33)
[404.172s][info][gc,heap     ] GC(628) Survivor regions: 1->1(5)
[404.172s][info][gc,heap     ] GC(628) Old regions: 16->16
[404.172s][info][gc,heap     ] GC(628) Humongous regions: 1->1
[404.172s][info][gc,metaspace] GC(628) Metaspace: 54624K(56000K)->54624K(56000K) NonClass: 47425K(48256K)->47425K(48256K) Class: 7199K(7744K)->7199K(7744K)
[404.172s][info][gc          ] GC(628) Pause Young (Normal) (G1 Evacuation Pause) 193M->61M(228M) 2.371ms
[404.172s][info][gc,cpu      ] GC(628) User=0.00s Sys=0.00s Real=0.01s
[404.691s][info][gc,start    ] GC(629) Pause Young (Normal) (G1 Evacuation Pause)
[404.691s][info][gc,task     ] GC(629) Using 8 workers of 8 for evacuation
[404.693s][info][gc,phases   ] GC(629)   Pre Evacuate Collection Set: 0.1ms
[404.693s][info][gc,phases   ] GC(629)   Merge Heap Roots: 0.1ms
[404.693s][info][gc,phases   ] GC(629)   Evacuate Collection Set: 1.8ms
[404.693s][info][gc,phases   ] GC(629)   Post Evacuate Collection Set: 0.3ms
[404.693s][info][gc,phases   ] GC(629)   Other: 0.1ms
[404.693s][info][gc,heap     ] GC(629) Eden regions: 33->0(33)
[404.693s][info][gc,heap     ] GC(629) Survivor regions: 1->1(5)
[404.693s][info][gc,heap     ] GC(629) Old regions: 16->16
[404.693s][info][gc,heap     ] GC(629) Humongous regions: 1->1
[404.693s][info][gc,metaspace] GC(629) Metaspace: 54624K(56000K)->54624K(56000K) NonClass: 47425K(48256K)->47425K(48256K) Class: 7199K(7744K)->7199K(7744K)
[404.693s][info][gc          ] GC(629) Pause Young (Normal) (G1 Evacuation Pause) 193M->61M(228M) 2.439ms
[404.693s][info][gc,cpu      ] GC(629) User=0.01s Sys=0.00s Real=0.01s
[405.035s][info][gc,start    ] GC(630) Pause Young (Normal) (G1 Evacuation Pause)
[405.035s][info][gc,task     ] GC(630) Using 8 workers of 8 for evacuation
[405.037s][info][gc,phases   ] GC(630)   Pre Evacuate Collection Set: 0.1ms
[405.037s][info][gc,phases   ] GC(630)   Merge Heap Roots: 0.0ms
[405.037s][info][gc,phases   ] GC(630)   Evacuate Collection Set: 1.4ms
[405.037s][info][gc,phases   ] GC(630)   Post Evacuate Collection Set: 0.3ms
[405.037s][info][gc,phases   ] GC(630)   Other: 0.0ms
[405.037s][info][gc,heap     ] GC(630) Eden regions: 33->0(33)
[405.037s][info][gc,heap     ] GC(630) Survivor regions: 1->1(5)
[405.037s][info][gc,heap     ] GC(630) Old regions: 16->16
[405.037s][info][gc,heap     ] GC(630) Humongous regions: 1->1
[405.037s][info][gc,metaspace] GC(630) Metaspace: 54624K(56000K)->54624K(56000K) NonClass: 47425K(48256K)->47425K(48256K) Class: 7199K(7744K)->7199K(7744K)
[405.037s][info][gc          ] GC(630) Pause Young (Normal) (G1 Evacuation Pause) 193M->61M(228M) 1.974ms
[405.037s][info][gc,cpu      ] GC(630) User=0.01s Sys=0.00s Real=0.00s
[405.363s][info][gc,start    ] GC(631) Pause Young (Normal) (G1 Evacuation Pause)
[405.363s][info][gc,task     ] GC(631) Using 8 workers of 8 for evacuation
[405.365s][info][gc,phases   ] GC(631)   Pre Evacuate Collection Set: 0.1ms
[405.365s][info][gc,phases   ] GC(631)   Merge Heap Roots: 0.1ms
[405.365s][info][gc,phases   ] GC(631)   Evacuate Collection Set: 1.6ms
[405.365s][info][gc,phases   ] GC(631)   Post Evacuate Collection Set: 0.2ms
[405.365s][info][gc,phases   ] GC(631)   Other: 0.1ms
[405.365s][info][gc,heap     ] GC(631) Eden regions: 33->0(33)
[405.365s][info][gc,heap     ] GC(631) Survivor regions: 1->1(5)
[405.365s][info][gc,heap     ] GC(631) Old regions: 16->16
[405.365s][info][gc,heap     ] GC(631) Humongous regions: 1->1
[405.365s][info][gc,metaspace] GC(631) Metaspace: 54624K(56000K)->54624K(56000K) NonClass: 47425K(48256K)->47425K(48256K) Class: 7199K(7744K)->7199K(7744K)
[405.365s][info][gc          ] GC(631) Pause Young (Normal) (G1 Evacuation Pause) 193M->61M(228M) 2.199ms
[405.365s][info][gc,cpu      ] GC(631) User=0.01s Sys=0.00s Real=0.00s
[405.732s][info][gc,start    ] GC(632) Pause Young (Normal) (G1 Evacuation Pause)
[405.732s][info][gc,task     ] GC(632) Using 8 workers of 8 for evacuation
[405.734s][info][gc,phases   ] GC(632)   Pre Evacuate Collection Set: 0.1ms
[405.734s][info][gc,phases   ] GC(632)   Merge Heap Roots: 0.1ms
[405.734s][info][gc,phases   ] GC(632)   Evacuate Collection Set: 1.5ms
[405.734s][info][gc,phases   ] GC(632)   Post Evacuate Collection Set: 0.3ms
[405.734s][info][gc,phases   ] GC(632)   Other: 0.0ms
[405.734s][info][gc,heap     ] GC(632) Eden regions: 33->0(33)
[405.734s][info][gc,heap     ] GC(632) Survivor regions: 1->1(5)
[405.734s][info][gc,heap     ] GC(632) Old regions: 16->16
[405.734s][info][gc,heap     ] GC(632) Humongous regions: 1->1
[405.734s][info][gc,metaspace] GC(632) Metaspace: 54624K(56000K)->54624K(56000K) NonClass: 47425K(48256K)->47425K(48256K) Class: 7199K(7744K)->7199K(7744K)
[405.734s][info][gc          ] GC(632) Pause Young (Normal) (G1 Evacuation Pause) 193M->61M(228M) 2.234ms
[405.734s][info][gc,cpu      ] GC(632) User=0.01s Sys=0.00s Real=0.00s
[406.100s][info][gc,start    ] GC(633) Pause Young (Normal) (G1 Evacuation Pause)
[406.100s][info][gc,task     ] GC(633) Using 8 workers of 8 for evacuation
[406.102s][info][gc,phases   ] GC(633)   Pre Evacuate Collection Set: 0.1ms
[406.103s][info][gc,phases   ] GC(633)   Merge Heap Roots: 0.1ms
[406.103s][info][gc,phases   ] GC(633)   Evacuate Collection Set: 1.6ms
[406.103s][info][gc,phases   ] GC(633)   Post Evacuate Collection Set: 0.4ms
[406.103s][info][gc,phases   ] GC(633)   Other: 0.0ms
[406.103s][info][gc,heap     ] GC(633) Eden regions: 33->0(33)
[406.103s][info][gc,heap     ] GC(633) Survivor regions: 1->1(5)
[406.103s][info][gc,heap     ] GC(633) Old regions: 16->16
[406.103s][info][gc,heap     ] GC(633) Humongous regions: 1->1
[406.103s][info][gc,metaspace] GC(633) Metaspace: 54624K(56000K)->54624K(56000K) NonClass: 47425K(48256K)->47425K(48256K) Class: 7199K(7744K)->7199K(7744K)
[406.103s][info][gc          ] GC(633) Pause Young (Normal) (G1 Evacuation Pause) 193M->61M(228M) 2.372ms
[406.103s][info][gc,cpu      ] GC(633) User=0.01s Sys=0.00s Real=0.01s
[406.402s][info][gc,start    ] GC(634) Pause Young (Normal) (G1 Evacuation Pause)
[406.402s][info][gc,task     ] GC(634) Using 8 workers of 8 for evacuation
[406.404s][info][gc,phases   ] GC(634)   Pre Evacuate Collection Set: 0.1ms
[406.404s][info][gc,phases   ] GC(634)   Merge Heap Roots: 0.1ms
[406.404s][info][gc,phases   ] GC(634)   Evacuate Collection Set: 1.5ms
[406.404s][info][gc,phases   ] GC(634)   Post Evacuate Collection Set: 0.3ms
[406.404s][info][gc,phases   ] GC(634)   Other: 0.0ms
[406.404s][info][gc,heap     ] GC(634) Eden regions: 33->0(33)
[406.404s][info][gc,heap     ] GC(634) Survivor regions: 1->1(5)
[406.404s][info][gc,heap     ] GC(634) Old regions: 16->16
[406.404s][info][gc,heap     ] GC(634) Humongous regions: 1->1
[406.404s][info][gc,metaspace] GC(634) Metaspace: 54624K(56000K)->54624K(56000K) NonClass: 47425K(48256K)->47425K(48256K) Class: 7199K(7744K)->7199K(7744K)
[406.404s][info][gc          ] GC(634) Pause Young (Normal) (G1 Evacuation Pause) 193M->61M(228M) 2.094ms
[406.404s][info][gc,cpu      ] GC(634) User=0.00s Sys=0.00s Real=0.00s
[406.814s][info][gc,start    ] GC(635) Pause Young (Normal) (G1 Evacuation Pause)
[406.814s][info][gc,task     ] GC(635) Using 8 workers of 8 for evacuation
[406.816s][info][gc,phases   ] GC(635)   Pre Evacuate Collection Set: 0.1ms
[406.816s][info][gc,phases   ] GC(635)   Merge Heap Roots: 0.1ms
[406.816s][info][gc,phases   ] GC(635)   Evacuate Collection Set: 1.8ms
[406.816s][info][gc,phases   ] GC(635)   Post Evacuate Collection Set: 0.3ms
[406.816s][info][gc,phases   ] GC(635)   Other: 0.0ms
[406.816s][info][gc,heap     ] GC(635) Eden regions: 33->0(33)
[406.816s][info][gc,heap     ] GC(635) Survivor regions: 1->1(5)
[406.816s][info][gc,heap     ] GC(635) Old regions: 16->16
[406.816s][info][gc,heap     ] GC(635) Humongous regions: 1->1
[406.816s][info][gc,metaspace] GC(635) Metaspace: 54624K(56000K)->54624K(56000K) NonClass: 47425K(48256K)->47425K(48256K) Class: 7199K(7744K)->7199K(7744K)
[406.816s][info][gc          ] GC(635) Pause Young (Normal) (G1 Evacuation Pause) 193M->61M(228M) 2.390ms
[406.816s][info][gc,cpu      ] GC(635) User=0.01s Sys=0.01s Real=0.00s
[407.254s][info][gc,start    ] GC(636) Pause Young (Normal) (G1 Evacuation Pause)
[407.254s][info][gc,task     ] GC(636) Using 8 workers of 8 for evacuation
[407.256s][info][gc,phases   ] GC(636)   Pre Evacuate Collection Set: 0.1ms
[407.256s][info][gc,phases   ] GC(636)   Merge Heap Roots: 0.1ms
[407.256s][info][gc,phases   ] GC(636)   Evacuate Collection Set: 1.4ms
[407.256s][info][gc,phases   ] GC(636)   Post Evacuate Collection Set: 0.2ms
[407.256s][info][gc,phases   ] GC(636)   Other: 0.0ms
[407.256s][info][gc,heap     ] GC(636) Eden regions: 33->0(33)
[407.256s][info][gc,heap     ] GC(636) Survivor regions: 1->1(5)
[407.256s][info][gc,heap     ] GC(636) Old regions: 16->16
[407.256s][info][gc,heap     ] GC(636) Humongous regions: 1->1
[407.256s][info][gc,metaspace] GC(636) Metaspace: 54624K(56000K)->54624K(56000K) NonClass: 47425K(48256K)->47425K(48256K) Class: 7199K(7744K)->7199K(7744K)
[407.256s][info][gc          ] GC(636) Pause Young (Normal) (G1 Evacuation Pause) 193M->61M(228M) 1.982ms
[407.256s][info][gc,cpu      ] GC(636) User=0.01s Sys=0.00s Real=0.00s
[407.606s][info][gc,start    ] GC(637) Pause Young (Normal) (G1 Evacuation Pause)
[407.606s][info][gc,task     ] GC(637) Using 8 workers of 8 for evacuation
[407.609s][info][gc,phases   ] GC(637)   Pre Evacuate Collection Set: 0.1ms
[407.609s][info][gc,phases   ] GC(637)   Merge Heap Roots: 0.1ms
[407.609s][info][gc,phases   ] GC(637)   Evacuate Collection Set: 2.1ms
[407.609s][info][gc,phases   ] GC(637)   Post Evacuate Collection Set: 0.3ms
[407.609s][info][gc,phases   ] GC(637)   Other: 0.0ms
[407.609s][info][gc,heap     ] GC(637) Eden regions: 33->0(33)
[407.609s][info][gc,heap     ] GC(637) Survivor regions: 1->1(5)
[407.609s][info][gc,heap     ] GC(637) Old regions: 16->16
[407.609s][info][gc,heap     ] GC(637) Humongous regions: 1->1
[407.609s][info][gc,metaspace] GC(637) Metaspace: 54624K(56000K)->54624K(56000K) NonClass: 47425K(48256K)->47425K(48256K) Class: 7199K(7744K)->7199K(7744K)
[407.609s][info][gc          ] GC(637) Pause Young (Normal) (G1 Evacuation Pause) 193M->61M(228M) 2.713ms
[407.609s][info][gc,cpu      ] GC(637) User=0.01s Sys=0.00s Real=0.00s
[407.921s][info][gc,start    ] GC(638) Pause Young (Normal) (G1 Evacuation Pause)
[407.921s][info][gc,task     ] GC(638) Using 8 workers of 8 for evacuation
[407.924s][info][gc,phases   ] GC(638)   Pre Evacuate Collection Set: 0.1ms
[407.924s][info][gc,phases   ] GC(638)   Merge Heap Roots: 0.1ms
[407.924s][info][gc,phases   ] GC(638)   Evacuate Collection Set: 2.0ms
[407.924s][info][gc,phases   ] GC(638)   Post Evacuate Collection Set: 0.2ms
[407.924s][info][gc,phases   ] GC(638)   Other: 0.1ms
[407.924s][info][gc,heap     ] GC(638) Eden regions: 33->0(33)
[407.924s][info][gc,heap     ] GC(638) Survivor regions: 1->1(5)
[407.924s][info][gc,heap     ] GC(638) Old regions: 16->16
[407.924s][info][gc,heap     ] GC(638) Humongous regions: 1->1
[407.924s][info][gc,metaspace] GC(638) Metaspace: 54624K(56000K)->54624K(56000K) NonClass: 47425K(48256K)->47425K(48256K) Class: 7199K(7744K)->7199K(7744K)
[407.924s][info][gc          ] GC(638) Pause Young (Normal) (G1 Evacuation Pause) 193M->62M(228M) 2.807ms
[407.924s][info][gc,cpu      ] GC(638) User=0.01s Sys=0.00s Real=0.01s
[408.290s][info][gc,start    ] GC(639) Pause Young (Normal) (G1 Evacuation Pause)
[408.290s][info][gc,task     ] GC(639) Using 8 workers of 8 for evacuation
[408.292s][info][gc,phases   ] GC(639)   Pre Evacuate Collection Set: 0.1ms
[408.292s][info][gc,phases   ] GC(639)   Merge Heap Roots: 0.1ms
[408.292s][info][gc,phases   ] GC(639)   Evacuate Collection Set: 1.5ms
[408.292s][info][gc,phases   ] GC(639)   Post Evacuate Collection Set: 0.3ms
[408.292s][info][gc,phases   ] GC(639)   Other: 0.0ms
[408.292s][info][gc,heap     ] GC(639) Eden regions: 33->0(33)
[408.292s][info][gc,heap     ] GC(639) Survivor regions: 1->1(5)
[408.292s][info][gc,heap     ] GC(639) Old regions: 16->16
[408.292s][info][gc,heap     ] GC(639) Humongous regions: 1->1
[408.292s][info][gc,metaspace] GC(639) Metaspace: 54624K(56000K)->54624K(56000K) NonClass: 47425K(48256K)->47425K(48256K) Class: 7199K(7744K)->7199K(7744K)
[408.292s][info][gc          ] GC(639) Pause Young (Normal) (G1 Evacuation Pause) 194M->62M(228M) 2.107ms
[408.292s][info][gc,cpu      ] GC(639) User=0.01s Sys=0.00s Real=0.01s
[408.605s][info][gc,start    ] GC(640) Pause Young (Normal) (G1 Evacuation Pause)
[408.605s][info][gc,task     ] GC(640) Using 8 workers of 8 for evacuation
[408.607s][info][gc,phases   ] GC(640)   Pre Evacuate Collection Set: 0.1ms
[408.607s][info][gc,phases   ] GC(640)   Merge Heap Roots: 0.1ms
[408.607s][info][gc,phases   ] GC(640)   Evacuate Collection Set: 1.6ms
[408.607s][info][gc,phases   ] GC(640)   Post Evacuate Collection Set: 0.2ms
[408.607s][info][gc,phases   ] GC(640)   Other: 0.0ms
[408.608s][info][gc,heap     ] GC(640) Eden regions: 33->0(33)
[408.608s][info][gc,heap     ] GC(640) Survivor regions: 1->1(5)
[408.608s][info][gc,heap     ] GC(640) Old regions: 16->16
[408.608s][info][gc,heap     ] GC(640) Humongous regions: 1->1
[408.608s][info][gc,metaspace] GC(640) Metaspace: 54624K(56000K)->54624K(56000K) NonClass: 47425K(48256K)->47425K(48256K) Class: 7199K(7744K)->7199K(7744K)
[408.608s][info][gc          ] GC(640) Pause Young (Normal) (G1 Evacuation Pause) 194M->62M(228M) 2.188ms
[408.608s][info][gc,cpu      ] GC(640) User=0.01s Sys=0.00s Real=0.00s
[408.989s][info][gc,start    ] GC(641) Pause Young (Normal) (G1 Evacuation Pause)
[408.989s][info][gc,task     ] GC(641) Using 8 workers of 8 for evacuation
[408.991s][info][gc,phases   ] GC(641)   Pre Evacuate Collection Set: 0.1ms
[408.991s][info][gc,phases   ] GC(641)   Merge Heap Roots: 0.1ms
[408.991s][info][gc,phases   ] GC(641)   Evacuate Collection Set: 1.4ms
[408.991s][info][gc,phases   ] GC(641)   Post Evacuate Collection Set: 0.3ms
[408.991s][info][gc,phases   ] GC(641)   Other: 0.0ms
[408.991s][info][gc,heap     ] GC(641) Eden regions: 33->0(33)
[408.991s][info][gc,heap     ] GC(641) Survivor regions: 1->1(5)
[408.991s][info][gc,heap     ] GC(641) Old regions: 16->16
[408.991s][info][gc,heap     ] GC(641) Humongous regions: 1->1
[408.991s][info][gc,metaspace] GC(641) Metaspace: 54624K(56000K)->54624K(56000K) NonClass: 47425K(48256K)->47425K(48256K) Class: 7199K(7744K)->7199K(7744K)
[408.991s][info][gc          ] GC(641) Pause Young (Normal) (G1 Evacuation Pause) 194M->62M(228M) 2.120ms
[408.991s][info][gc,cpu      ] GC(641) User=0.00s Sys=0.00s Real=0.00s
[409.359s][info][gc,start    ] GC(642) Pause Young (Normal) (G1 Evacuation Pause)
[409.359s][info][gc,task     ] GC(642) Using 8 workers of 8 for evacuation
[409.361s][info][gc,phases   ] GC(642)   Pre Evacuate Collection Set: 0.1ms
[409.361s][info][gc,phases   ] GC(642)   Merge Heap Roots: 0.1ms
[409.361s][info][gc,phases   ] GC(642)   Evacuate Collection Set: 1.8ms
[409.361s][info][gc,phases   ] GC(642)   Post Evacuate Collection Set: 0.3ms
[409.361s][info][gc,phases   ] GC(642)   Other: 0.1ms
[409.361s][info][gc,heap     ] GC(642) Eden regions: 33->0(33)
[409.361s][info][gc,heap     ] GC(642) Survivor regions: 1->1(5)
[409.361s][info][gc,heap     ] GC(642) Old regions: 16->16
[409.361s][info][gc,heap     ] GC(642) Humongous regions: 1->1
[409.361s][info][gc,metaspace] GC(642) Metaspace: 54624K(56000K)->54624K(56000K) NonClass: 47425K(48256K)->47425K(48256K) Class: 7199K(7744K)->7199K(7744K)
[409.361s][info][gc          ] GC(642) Pause Young (Normal) (G1 Evacuation Pause) 194M->62M(228M) 2.671ms
[409.361s][info][gc,cpu      ] GC(642) User=0.00s Sys=0.00s Real=0.00s
[409.709s][info][gc,start    ] GC(643) Pause Young (Normal) (G1 Evacuation Pause)
[409.709s][info][gc,task     ] GC(643) Using 8 workers of 8 for evacuation
[409.713s][info][gc,phases   ] GC(643)   Pre Evacuate Collection Set: 0.1ms
[409.713s][info][gc,phases   ] GC(643)   Merge Heap Roots: 0.1ms
[409.713s][info][gc,phases   ] GC(643)   Evacuate Collection Set: 3.5ms
[409.713s][info][gc,phases   ] GC(643)   Post Evacuate Collection Set: 0.2ms
[409.713s][info][gc,phases   ] GC(643)   Other: 0.0ms
[409.713s][info][gc,heap     ] GC(643) Eden regions: 33->0(33)
[409.713s][info][gc,heap     ] GC(643) Survivor regions: 1->1(5)
[409.713s][info][gc,heap     ] GC(643) Old regions: 16->16
[409.713s][info][gc,heap     ] GC(643) Humongous regions: 1->1
[409.713s][info][gc,metaspace] GC(643) Metaspace: 54624K(56000K)->54624K(56000K) NonClass: 47425K(48256K)->47425K(48256K) Class: 7199K(7744K)->7199K(7744K)
[409.713s][info][gc          ] GC(643) Pause Young (Normal) (G1 Evacuation Pause) 194M->62M(228M) 4.071ms
[409.713s][info][gc,cpu      ] GC(643) User=0.01s Sys=0.00s Real=0.01s
[409.997s][info][gc,start    ] GC(644) Pause Young (Normal) (G1 Evacuation Pause)
[409.997s][info][gc,task     ] GC(644) Using 8 workers of 8 for evacuation
[409.999s][info][gc,phases   ] GC(644)   Pre Evacuate Collection Set: 0.1ms
[409.999s][info][gc,phases   ] GC(644)   Merge Heap Roots: 0.1ms
[409.999s][info][gc,phases   ] GC(644)   Evacuate Collection Set: 1.4ms
[409.999s][info][gc,phases   ] GC(644)   Post Evacuate Collection Set: 0.2ms
[409.999s][info][gc,phases   ] GC(644)   Other: 0.0ms
[409.999s][info][gc,heap     ] GC(644) Eden regions: 33->0(33)
[409.999s][info][gc,heap     ] GC(644) Survivor regions: 1->1(5)
[409.999s][info][gc,heap     ] GC(644) Old regions: 16->16
[409.999s][info][gc,heap     ] GC(644) Humongous regions: 1->1
[409.999s][info][gc,metaspace] GC(644) Metaspace: 54624K(56000K)->54624K(56000K) NonClass: 47425K(48256K)->47425K(48256K) Class: 7199K(7744K)->7199K(7744K)
[409.999s][info][gc          ] GC(644) Pause Young (Normal) (G1 Evacuation Pause) 194M->62M(228M) 1.958ms
[409.999s][info][gc,cpu      ] GC(644) User=0.01s Sys=0.00s Real=0.00s
[410.353s][info][gc,start    ] GC(645) Pause Young (Normal) (G1 Evacuation Pause)
[410.353s][info][gc,task     ] GC(645) Using 8 workers of 8 for evacuation
[410.358s][info][gc,phases   ] GC(645)   Pre Evacuate Collection Set: 0.1ms
[410.359s][info][gc,phases   ] GC(645)   Merge Heap Roots: 0.1ms
[410.359s][info][gc,phases   ] GC(645)   Evacuate Collection Set: 4.7ms
[410.359s][info][gc,phases   ] GC(645)   Post Evacuate Collection Set: 0.6ms
[410.359s][info][gc,phases   ] GC(645)   Other: 0.1ms
[410.359s][info][gc,heap     ] GC(645) Eden regions: 33->0(33)
[410.359s][info][gc,heap     ] GC(645) Survivor regions: 1->1(5)
[410.359s][info][gc,heap     ] GC(645) Old regions: 16->16
[410.359s][info][gc,heap     ] GC(645) Humongous regions: 1->1
[410.359s][info][gc,metaspace] GC(645) Metaspace: 54624K(56000K)->54624K(56000K) NonClass: 47425K(48256K)->47425K(48256K) Class: 7199K(7744K)->7199K(7744K)
[410.359s][info][gc          ] GC(645) Pause Young (Normal) (G1 Evacuation Pause) 194M->62M(228M) 5.701ms
[410.359s][info][gc,cpu      ] GC(645) User=0.01s Sys=0.00s Real=0.00s
[410.693s][info][gc,start    ] GC(646) Pause Young (Normal) (G1 Evacuation Pause)
[410.693s][info][gc,task     ] GC(646) Using 8 workers of 8 for evacuation
[410.696s][info][gc,phases   ] GC(646)   Pre Evacuate Collection Set: 0.1ms
[410.696s][info][gc,phases   ] GC(646)   Merge Heap Roots: 0.1ms
[410.696s][info][gc,phases   ] GC(646)   Evacuate Collection Set: 2.3ms
[410.696s][info][gc,phases   ] GC(646)   Post Evacuate Collection Set: 0.2ms
[410.696s][info][gc,phases   ] GC(646)   Other: 0.0ms
[410.696s][info][gc,heap     ] GC(646) Eden regions: 33->0(33)
[410.696s][info][gc,heap     ] GC(646) Survivor regions: 1->1(5)
[410.696s][info][gc,heap     ] GC(646) Old regions: 16->16
[410.696s][info][gc,heap     ] GC(646) Humongous regions: 1->1
[410.696s][info][gc,metaspace] GC(646) Metaspace: 54624K(56000K)->54624K(56000K) NonClass: 47425K(48256K)->47425K(48256K) Class: 7199K(7744K)->7199K(7744K)
[410.696s][info][gc          ] GC(646) Pause Young (Normal) (G1 Evacuation Pause) 194M->62M(228M) 2.950ms
[410.696s][info][gc,cpu      ] GC(646) User=0.01s Sys=0.00s Real=0.00s
[410.984s][info][gc,start    ] GC(647) Pause Young (Normal) (G1 Evacuation Pause)
[410.984s][info][gc,task     ] GC(647) Using 8 workers of 8 for evacuation
[410.987s][info][gc,phases   ] GC(647)   Pre Evacuate Collection Set: 0.1ms
[410.987s][info][gc,phases   ] GC(647)   Merge Heap Roots: 0.1ms
[410.987s][info][gc,phases   ] GC(647)   Evacuate Collection Set: 1.6ms
[410.987s][info][gc,phases   ] GC(647)   Post Evacuate Collection Set: 0.3ms
[410.987s][info][gc,phases   ] GC(647)   Other: 0.3ms
[410.987s][info][gc,heap     ] GC(647) Eden regions: 33->0(33)
[410.987s][info][gc,heap     ] GC(647) Survivor regions: 1->1(5)
[410.987s][info][gc,heap     ] GC(647) Old regions: 16->16
[410.987s][info][gc,heap     ] GC(647) Humongous regions: 1->1
[410.987s][info][gc,metaspace] GC(647) Metaspace: 54624K(56000K)->54624K(56000K) NonClass: 47425K(48256K)->47425K(48256K) Class: 7199K(7744K)->7199K(7744K)
[410.987s][info][gc          ] GC(647) Pause Young (Normal) (G1 Evacuation Pause) 194M->62M(228M) 2.521ms
[410.987s][info][gc,cpu      ] GC(647) User=0.00s Sys=0.00s Real=0.00s
[411.382s][info][gc,start    ] GC(648) Pause Young (Normal) (G1 Evacuation Pause)
[411.382s][info][gc,task     ] GC(648) Using 8 workers of 8 for evacuation
[411.384s][info][gc,phases   ] GC(648)   Pre Evacuate Collection Set: 0.1ms
[411.384s][info][gc,phases   ] GC(648)   Merge Heap Roots: 0.1ms
[411.384s][info][gc,phases   ] GC(648)   Evacuate Collection Set: 1.8ms
[411.384s][info][gc,phases   ] GC(648)   Post Evacuate Collection Set: 0.3ms
[411.384s][info][gc,phases   ] GC(648)   Other: 0.1ms
[411.384s][info][gc,heap     ] GC(648) Eden regions: 33->0(33)
[411.384s][info][gc,heap     ] GC(648) Survivor regions: 1->1(5)
[411.384s][info][gc,heap     ] GC(648) Old regions: 16->16
[411.384s][info][gc,heap     ] GC(648) Humongous regions: 1->1
[411.384s][info][gc,metaspace] GC(648) Metaspace: 54624K(56000K)->54624K(56000K) NonClass: 47425K(48256K)->47425K(48256K) Class: 7199K(7744K)->7199K(7744K)
[411.384s][info][gc          ] GC(648) Pause Young (Normal) (G1 Evacuation Pause) 194M->62M(228M) 2.491ms
[411.384s][info][gc,cpu      ] GC(648) User=0.01s Sys=0.00s Real=0.00s
[411.755s][info][gc,start    ] GC(649) Pause Young (Normal) (G1 Evacuation Pause)
[411.755s][info][gc,task     ] GC(649) Using 8 workers of 8 for evacuation
[411.757s][info][gc,phases   ] GC(649)   Pre Evacuate Collection Set: 0.1ms
[411.757s][info][gc,phases   ] GC(649)   Merge Heap Roots: 0.1ms
[411.757s][info][gc,phases   ] GC(649)   Evacuate Collection Set: 1.7ms
[411.757s][info][gc,phases   ] GC(649)   Post Evacuate Collection Set: 0.3ms
[411.757s][info][gc,phases   ] GC(649)   Other: 0.0ms
[411.757s][info][gc,heap     ] GC(649) Eden regions: 33->0(33)
[411.757s][info][gc,heap     ] GC(649) Survivor regions: 1->1(5)
[411.757s][info][gc,heap     ] GC(649) Old regions: 16->16
[411.757s][info][gc,heap     ] GC(649) Humongous regions: 1->1
[411.757s][info][gc,metaspace] GC(649) Metaspace: 54624K(56000K)->54624K(56000K) NonClass: 47425K(48256K)->47425K(48256K) Class: 7199K(7744K)->7199K(7744K)
[411.757s][info][gc          ] GC(649) Pause Young (Normal) (G1 Evacuation Pause) 194M->62M(228M) 2.451ms
[411.757s][info][gc,cpu      ] GC(649) User=0.01s Sys=0.00s Real=0.00s
[412.113s][info][gc,start    ] GC(650) Pause Young (Normal) (G1 Evacuation Pause)
[412.114s][info][gc,task     ] GC(650) Using 8 workers of 8 for evacuation
[412.115s][info][gc,phases   ] GC(650)   Pre Evacuate Collection Set: 0.1ms
[412.115s][info][gc,phases   ] GC(650)   Merge Heap Roots: 0.1ms
[412.115s][info][gc,phases   ] GC(650)   Evacuate Collection Set: 1.3ms
[412.115s][info][gc,phases   ] GC(650)   Post Evacuate Collection Set: 0.2ms
[412.115s][info][gc,phases   ] GC(650)   Other: 0.0ms
[412.115s][info][gc,heap     ] GC(650) Eden regions: 33->0(33)
[412.115s][info][gc,heap     ] GC(650) Survivor regions: 1->1(5)
[412.115s][info][gc,heap     ] GC(650) Old regions: 16->16
[412.115s][info][gc,heap     ] GC(650) Humongous regions: 1->1
[412.115s][info][gc,metaspace] GC(650) Metaspace: 54624K(56000K)->54624K(56000K) NonClass: 47425K(48256K)->47425K(48256K) Class: 7199K(7744K)->7199K(7744K)
[412.115s][info][gc          ] GC(650) Pause Young (Normal) (G1 Evacuation Pause) 194M->62M(228M) 1.969ms
[412.115s][info][gc,cpu      ] GC(650) User=0.00s Sys=0.00s Real=0.00s
[412.918s][info][gc,start    ] GC(651) Pause Young (Normal) (G1 Evacuation Pause)
[412.918s][info][gc,task     ] GC(651) Using 8 workers of 8 for evacuation
[412.922s][info][gc,phases   ] GC(651)   Pre Evacuate Collection Set: 0.1ms
[412.922s][info][gc,phases   ] GC(651)   Merge Heap Roots: 0.1ms
[412.922s][info][gc,phases   ] GC(651)   Evacuate Collection Set: 2.8ms
[412.922s][info][gc,phases   ] GC(651)   Post Evacuate Collection Set: 0.4ms
[412.922s][info][gc,phases   ] GC(651)   Other: 0.1ms
[412.922s][info][gc,heap     ] GC(651) Eden regions: 33->0(33)
[412.922s][info][gc,heap     ] GC(651) Survivor regions: 1->1(5)
[412.922s][info][gc,heap     ] GC(651) Old regions: 16->16
[412.922s][info][gc,heap     ] GC(651) Humongous regions: 1->1
[412.922s][info][gc,metaspace] GC(651) Metaspace: 54624K(56000K)->54624K(56000K) NonClass: 47425K(48256K)->47425K(48256K) Class: 7199K(7744K)->7199K(7744K)
[412.922s][info][gc          ] GC(651) Pause Young (Normal) (G1 Evacuation Pause) 194M->62M(228M) 3.593ms
[412.922s][info][gc,cpu      ] GC(651) User=0.00s Sys=0.00s Real=0.01s
[413.225s][info][gc,start    ] GC(652) Pause Young (Normal) (G1 Evacuation Pause)
[413.225s][info][gc,task     ] GC(652) Using 8 workers of 8 for evacuation
[413.227s][info][gc,phases   ] GC(652)   Pre Evacuate Collection Set: 0.1ms
[413.227s][info][gc,phases   ] GC(652)   Merge Heap Roots: 0.1ms
[413.227s][info][gc,phases   ] GC(652)   Evacuate Collection Set: 1.3ms
[413.227s][info][gc,phases   ] GC(652)   Post Evacuate Collection Set: 0.2ms
[413.227s][info][gc,phases   ] GC(652)   Other: 0.1ms
[413.227s][info][gc,heap     ] GC(652) Eden regions: 33->0(33)
[413.227s][info][gc,heap     ] GC(652) Survivor regions: 1->1(5)
[413.227s][info][gc,heap     ] GC(652) Old regions: 16->16
[413.227s][info][gc,heap     ] GC(652) Humongous regions: 1->1
[413.227s][info][gc,metaspace] GC(652) Metaspace: 54624K(56000K)->54624K(56000K) NonClass: 47425K(48256K)->47425K(48256K) Class: 7199K(7744K)->7199K(7744K)
[413.227s][info][gc          ] GC(652) Pause Young (Normal) (G1 Evacuation Pause) 194M->62M(228M) 1.953ms
[413.227s][info][gc,cpu      ] GC(652) User=0.01s Sys=0.00s Real=0.00s
[413.523s][info][gc,start    ] GC(653) Pause Young (Normal) (G1 Evacuation Pause)
[413.523s][info][gc,task     ] GC(653) Using 8 workers of 8 for evacuation
[413.525s][info][gc,phases   ] GC(653)   Pre Evacuate Collection Set: 0.1ms
[413.525s][info][gc,phases   ] GC(653)   Merge Heap Roots: 0.1ms
[413.525s][info][gc,phases   ] GC(653)   Evacuate Collection Set: 1.9ms
[413.525s][info][gc,phases   ] GC(653)   Post Evacuate Collection Set: 0.3ms
[413.525s][info][gc,phases   ] GC(653)   Other: 0.1ms
[413.525s][info][gc,heap     ] GC(653) Eden regions: 33->0(33)
[413.525s][info][gc,heap     ] GC(653) Survivor regions: 1->1(5)
[413.525s][info][gc,heap     ] GC(653) Old regions: 16->16
[413.525s][info][gc,heap     ] GC(653) Humongous regions: 1->1
[413.525s][info][gc,metaspace] GC(653) Metaspace: 54624K(56000K)->54624K(56000K) NonClass: 47425K(48256K)->47425K(48256K) Class: 7199K(7744K)->7199K(7744K)
[413.525s][info][gc          ] GC(653) Pause Young (Normal) (G1 Evacuation Pause) 194M->62M(228M) 2.718ms
[413.525s][info][gc,cpu      ] GC(653) User=0.01s Sys=0.00s Real=0.00s
[413.819s][info][gc,start    ] GC(654) Pause Young (Normal) (G1 Evacuation Pause)
[413.819s][info][gc,task     ] GC(654) Using 8 workers of 8 for evacuation
[413.821s][info][gc,phases   ] GC(654)   Pre Evacuate Collection Set: 0.1ms
[413.821s][info][gc,phases   ] GC(654)   Merge Heap Roots: 0.1ms
[413.821s][info][gc,phases   ] GC(654)   Evacuate Collection Set: 1.6ms
[413.821s][info][gc,phases   ] GC(654)   Post Evacuate Collection Set: 0.3ms
[413.821s][info][gc,phases   ] GC(654)   Other: 0.1ms
[413.821s][info][gc,heap     ] GC(654) Eden regions: 33->0(33)
[413.821s][info][gc,heap     ] GC(654) Survivor regions: 1->1(5)
[413.821s][info][gc,heap     ] GC(654) Old regions: 16->16
[413.821s][info][gc,heap     ] GC(654) Humongous regions: 1->1
[413.821s][info][gc,metaspace] GC(654) Metaspace: 54624K(56000K)->54624K(56000K) NonClass: 47425K(48256K)->47425K(48256K) Class: 7199K(7744K)->7199K(7744K)
[413.821s][info][gc          ] GC(654) Pause Young (Normal) (G1 Evacuation Pause) 194M->62M(228M) 2.250ms
[413.821s][info][gc,cpu      ] GC(654) User=0.01s Sys=0.00s Real=0.00s
[414.155s][info][gc,start    ] GC(655) Pause Young (Normal) (G1 Evacuation Pause)
[414.155s][info][gc,task     ] GC(655) Using 8 workers of 8 for evacuation
[414.157s][info][gc,phases   ] GC(655)   Pre Evacuate Collection Set: 0.1ms
[414.157s][info][gc,phases   ] GC(655)   Merge Heap Roots: 0.1ms
[414.157s][info][gc,phases   ] GC(655)   Evacuate Collection Set: 1.5ms
[414.157s][info][gc,phases   ] GC(655)   Post Evacuate Collection Set: 0.3ms
[414.157s][info][gc,phases   ] GC(655)   Other: 0.0ms
[414.157s][info][gc,heap     ] GC(655) Eden regions: 33->0(33)
[414.157s][info][gc,heap     ] GC(655) Survivor regions: 1->1(5)
[414.157s][info][gc,heap     ] GC(655) Old regions: 16->16
[414.157s][info][gc,heap     ] GC(655) Humongous regions: 1->1
[414.157s][info][gc,metaspace] GC(655) Metaspace: 54624K(56000K)->54624K(56000K) NonClass: 47425K(48256K)->47425K(48256K) Class: 7199K(7744K)->7199K(7744K)
[414.157s][info][gc          ] GC(655) Pause Young (Normal) (G1 Evacuation Pause) 194M->62M(228M) 2.043ms
[414.157s][info][gc,cpu      ] GC(655) User=0.00s Sys=0.00s Real=0.00s
[414.413s][info][gc,start    ] GC(656) Pause Young (Normal) (G1 Evacuation Pause)
[414.413s][info][gc,task     ] GC(656) Using 8 workers of 8 for evacuation
[414.418s][info][gc,phases   ] GC(656)   Pre Evacuate Collection Set: 0.1ms
[414.418s][info][gc,phases   ] GC(656)   Merge Heap Roots: 0.2ms
[414.418s][info][gc,phases   ] GC(656)   Evacuate Collection Set: 3.7ms
[414.418s][info][gc,phases   ] GC(656)   Post Evacuate Collection Set: 0.6ms
[414.418s][info][gc,phases   ] GC(656)   Other: 0.1ms
[414.418s][info][gc,heap     ] GC(656) Eden regions: 33->0(33)
[414.418s][info][gc,heap     ] GC(656) Survivor regions: 1->1(5)
[414.418s][info][gc,heap     ] GC(656) Old regions: 16->16
[414.418s][info][gc,heap     ] GC(656) Humongous regions: 1->1
[414.418s][info][gc,metaspace] GC(656) Metaspace: 54624K(56000K)->54624K(56000K) NonClass: 47425K(48256K)->47425K(48256K) Class: 7199K(7744K)->7199K(7744K)
[414.418s][info][gc          ] GC(656) Pause Young (Normal) (G1 Evacuation Pause) 194M->62M(228M) 4.940ms
[414.418s][info][gc,cpu      ] GC(656) User=0.01s Sys=0.00s Real=0.00s
[414.755s][info][gc,start    ] GC(657) Pause Young (Normal) (G1 Evacuation Pause)
[414.755s][info][gc,task     ] GC(657) Using 8 workers of 8 for evacuation
[414.763s][info][gc,phases   ] GC(657)   Pre Evacuate Collection Set: 0.1ms
[414.763s][info][gc,phases   ] GC(657)   Merge Heap Roots: 0.1ms
[414.763s][info][gc,phases   ] GC(657)   Evacuate Collection Set: 7.5ms
[414.763s][info][gc,phases   ] GC(657)   Post Evacuate Collection Set: 0.3ms
[414.763s][info][gc,phases   ] GC(657)   Other: 0.0ms
[414.763s][info][gc,heap     ] GC(657) Eden regions: 33->0(33)
[414.763s][info][gc,heap     ] GC(657) Survivor regions: 1->1(5)
[414.763s][info][gc,heap     ] GC(657) Old regions: 16->16
[414.763s][info][gc,heap     ] GC(657) Humongous regions: 1->1
[414.763s][info][gc,metaspace] GC(657) Metaspace: 54624K(56000K)->54624K(56000K) NonClass: 47425K(48256K)->47425K(48256K) Class: 7199K(7744K)->7199K(7744K)
[414.763s][info][gc          ] GC(657) Pause Young (Normal) (G1 Evacuation Pause) 194M->62M(228M) 8.127ms
[414.763s][info][gc,cpu      ] GC(657) User=0.01s Sys=0.00s Real=0.01s
[415.036s][info][gc,start    ] GC(658) Pause Young (Normal) (G1 Evacuation Pause)
[415.036s][info][gc,task     ] GC(658) Using 8 workers of 8 for evacuation
[415.038s][info][gc,phases   ] GC(658)   Pre Evacuate Collection Set: 0.1ms
[415.038s][info][gc,phases   ] GC(658)   Merge Heap Roots: 0.1ms
[415.038s][info][gc,phases   ] GC(658)   Evacuate Collection Set: 1.5ms
[415.038s][info][gc,phases   ] GC(658)   Post Evacuate Collection Set: 0.2ms
[415.038s][info][gc,phases   ] GC(658)   Other: 0.0ms
[415.038s][info][gc,heap     ] GC(658) Eden regions: 33->0(33)
[415.038s][info][gc,heap     ] GC(658) Survivor regions: 1->1(5)
[415.038s][info][gc,heap     ] GC(658) Old regions: 16->16
[415.038s][info][gc,heap     ] GC(658) Humongous regions: 1->1
[415.038s][info][gc,metaspace] GC(658) Metaspace: 54624K(56000K)->54624K(56000K) NonClass: 47425K(48256K)->47425K(48256K) Class: 7199K(7744K)->7199K(7744K)
[415.038s][info][gc          ] GC(658) Pause Young (Normal) (G1 Evacuation Pause) 194M->62M(228M) 2.060ms
[415.038s][info][gc,cpu      ] GC(658) User=0.01s Sys=0.00s Real=0.00s
[415.382s][info][gc,start    ] GC(659) Pause Young (Normal) (G1 Evacuation Pause)
[415.382s][info][gc,task     ] GC(659) Using 8 workers of 8 for evacuation
[415.385s][info][gc,phases   ] GC(659)   Pre Evacuate Collection Set: 0.1ms
[415.385s][info][gc,phases   ] GC(659)   Merge Heap Roots: 0.1ms
[415.385s][info][gc,phases   ] GC(659)   Evacuate Collection Set: 1.7ms
[415.385s][info][gc,phases   ] GC(659)   Post Evacuate Collection Set: 0.4ms
[415.385s][info][gc,phases   ] GC(659)   Other: 0.1ms
[415.385s][info][gc,heap     ] GC(659) Eden regions: 33->0(33)
[415.385s][info][gc,heap     ] GC(659) Survivor regions: 1->1(5)
[415.385s][info][gc,heap     ] GC(659) Old regions: 16->16
[415.385s][info][gc,heap     ] GC(659) Humongous regions: 1->1
[415.385s][info][gc,metaspace] GC(659) Metaspace: 54624K(56000K)->54624K(56000K) NonClass: 47425K(48256K)->47425K(48256K) Class: 7199K(7744K)->7199K(7744K)
[415.385s][info][gc          ] GC(659) Pause Young (Normal) (G1 Evacuation Pause) 194M->62M(228M) 2.444ms
[415.385s][info][gc,cpu      ] GC(659) User=0.01s Sys=0.00s Real=0.00s
[415.661s][info][gc,start    ] GC(660) Pause Young (Normal) (G1 Evacuation Pause)
[415.661s][info][gc,task     ] GC(660) Using 8 workers of 8 for evacuation
[415.663s][info][gc,phases   ] GC(660)   Pre Evacuate Collection Set: 0.1ms
[415.663s][info][gc,phases   ] GC(660)   Merge Heap Roots: 0.0ms
[415.663s][info][gc,phases   ] GC(660)   Evacuate Collection Set: 1.4ms
[415.663s][info][gc,phases   ] GC(660)   Post Evacuate Collection Set: 0.3ms
[415.663s][info][gc,phases   ] GC(660)   Other: 0.1ms
[415.663s][info][gc,heap     ] GC(660) Eden regions: 33->0(33)
[415.663s][info][gc,heap     ] GC(660) Survivor regions: 1->1(5)
[415.663s][info][gc,heap     ] GC(660) Old regions: 16->16
[415.663s][info][gc,heap     ] GC(660) Humongous regions: 1->1
[415.663s][info][gc,metaspace] GC(660) Metaspace: 54624K(56000K)->54624K(56000K) NonClass: 47425K(48256K)->47425K(48256K) Class: 7199K(7744K)->7199K(7744K)
[415.663s][info][gc          ] GC(660) Pause Young (Normal) (G1 Evacuation Pause) 194M->62M(228M) 1.985ms
[415.663s][info][gc,cpu      ] GC(660) User=0.01s Sys=0.01s Real=0.01s
[416.003s][info][gc,start    ] GC(661) Pause Young (Normal) (G1 Evacuation Pause)
[416.003s][info][gc,task     ] GC(661) Using 8 workers of 8 for evacuation
[416.005s][info][gc,phases   ] GC(661)   Pre Evacuate Collection Set: 0.1ms
[416.005s][info][gc,phases   ] GC(661)   Merge Heap Roots: 0.1ms
[416.005s][info][gc,phases   ] GC(661)   Evacuate Collection Set: 1.6ms
[416.005s][info][gc,phases   ] GC(661)   Post Evacuate Collection Set: 0.2ms
[416.005s][info][gc,phases   ] GC(661)   Other: 0.0ms
[416.005s][info][gc,heap     ] GC(661) Eden regions: 33->0(33)
[416.005s][info][gc,heap     ] GC(661) Survivor regions: 1->1(5)
[416.005s][info][gc,heap     ] GC(661) Old regions: 16->16
[416.005s][info][gc,heap     ] GC(661) Humongous regions: 1->1
[416.005s][info][gc,metaspace] GC(661) Metaspace: 54624K(56000K)->54624K(56000K) NonClass: 47425K(48256K)->47425K(48256K) Class: 7199K(7744K)->7199K(7744K)
[416.005s][info][gc          ] GC(661) Pause Young (Normal) (G1 Evacuation Pause) 194M->62M(228M) 2.183ms
[416.005s][info][gc,cpu      ] GC(661) User=0.01s Sys=0.00s Real=0.00s
[416.327s][info][gc,start    ] GC(662) Pause Young (Normal) (G1 Evacuation Pause)
[416.327s][info][gc,task     ] GC(662) Using 8 workers of 8 for evacuation
[416.329s][info][gc,phases   ] GC(662)   Pre Evacuate Collection Set: 0.1ms
[416.329s][info][gc,phases   ] GC(662)   Merge Heap Roots: 0.1ms
[416.329s][info][gc,phases   ] GC(662)   Evacuate Collection Set: 1.6ms
[416.329s][info][gc,phases   ] GC(662)   Post Evacuate Collection Set: 0.3ms
[416.329s][info][gc,phases   ] GC(662)   Other: 0.1ms
[416.329s][info][gc,heap     ] GC(662) Eden regions: 33->0(33)
[416.329s][info][gc,heap     ] GC(662) Survivor regions: 1->1(5)
[416.329s][info][gc,heap     ] GC(662) Old regions: 16->16
[416.329s][info][gc,heap     ] GC(662) Humongous regions: 1->1
[416.329s][info][gc,metaspace] GC(662) Metaspace: 54624K(56000K)->54624K(56000K) NonClass: 47425K(48256K)->47425K(48256K) Class: 7199K(7744K)->7199K(7744K)
[416.329s][info][gc          ] GC(662) Pause Young (Normal) (G1 Evacuation Pause) 194M->62M(228M) 2.267ms
[416.329s][info][gc,cpu      ] GC(662) User=0.01s Sys=0.00s Real=0.00s
[416.586s][info][gc,start    ] GC(663) Pause Young (Normal) (G1 Evacuation Pause)
[416.586s][info][gc,task     ] GC(663) Using 8 workers of 8 for evacuation
[416.589s][info][gc,phases   ] GC(663)   Pre Evacuate Collection Set: 0.2ms
[416.589s][info][gc,phases   ] GC(663)   Merge Heap Roots: 0.1ms
[416.589s][info][gc,phases   ] GC(663)   Evacuate Collection Set: 1.9ms
[416.589s][info][gc,phases   ] GC(663)   Post Evacuate Collection Set: 0.3ms
[416.589s][info][gc,phases   ] GC(663)   Other: 0.0ms
[416.589s][info][gc,heap     ] GC(663) Eden regions: 33->0(33)
[416.589s][info][gc,heap     ] GC(663) Survivor regions: 1->1(5)
[416.589s][info][gc,heap     ] GC(663) Old regions: 16->16
[416.589s][info][gc,heap     ] GC(663) Humongous regions: 1->1
[416.589s][info][gc,metaspace] GC(663) Metaspace: 54624K(56000K)->54624K(56000K) NonClass: 47425K(48256K)->47425K(48256K) Class: 7199K(7744K)->7199K(7744K)
[416.589s][info][gc          ] GC(663) Pause Young (Normal) (G1 Evacuation Pause) 194M->62M(228M) 2.627ms
[416.589s][info][gc,cpu      ] GC(663) User=0.01s Sys=0.00s Real=0.00s
[416.881s][info][gc,start    ] GC(664) Pause Young (Normal) (G1 Evacuation Pause)
[416.881s][info][gc,task     ] GC(664) Using 8 workers of 8 for evacuation
[416.883s][info][gc,phases   ] GC(664)   Pre Evacuate Collection Set: 0.1ms
[416.883s][info][gc,phases   ] GC(664)   Merge Heap Roots: 0.1ms
[416.883s][info][gc,phases   ] GC(664)   Evacuate Collection Set: 1.4ms
[416.883s][info][gc,phases   ] GC(664)   Post Evacuate Collection Set: 0.3ms
[416.883s][info][gc,phases   ] GC(664)   Other: 0.0ms
[416.883s][info][gc,heap     ] GC(664) Eden regions: 33->0(33)
[416.883s][info][gc,heap     ] GC(664) Survivor regions: 1->1(5)
[416.883s][info][gc,heap     ] GC(664) Old regions: 16->16
[416.883s][info][gc,heap     ] GC(664) Humongous regions: 1->1
[416.883s][info][gc,metaspace] GC(664) Metaspace: 54624K(56000K)->54624K(56000K) NonClass: 47425K(48256K)->47425K(48256K) Class: 7199K(7744K)->7199K(7744K)
[416.883s][info][gc          ] GC(664) Pause Young (Normal) (G1 Evacuation Pause) 194M->62M(228M) 2.015ms
[416.883s][info][gc,cpu      ] GC(664) User=0.01s Sys=0.00s Real=0.01s
[417.190s][info][gc,start    ] GC(665) Pause Young (Normal) (G1 Evacuation Pause)
[417.190s][info][gc,task     ] GC(665) Using 8 workers of 8 for evacuation
[417.192s][info][gc,phases   ] GC(665)   Pre Evacuate Collection Set: 0.1ms
[417.192s][info][gc,phases   ] GC(665)   Merge Heap Roots: 0.1ms
[417.192s][info][gc,phases   ] GC(665)   Evacuate Collection Set: 1.7ms
[417.192s][info][gc,phases   ] GC(665)   Post Evacuate Collection Set: 0.3ms
[417.192s][info][gc,phases   ] GC(665)   Other: 0.1ms
[417.192s][info][gc,heap     ] GC(665) Eden regions: 33->0(33)
[417.192s][info][gc,heap     ] GC(665) Survivor regions: 1->1(5)
[417.192s][info][gc,heap     ] GC(665) Old regions: 16->16
[417.192s][info][gc,heap     ] GC(665) Humongous regions: 1->1
[417.192s][info][gc,metaspace] GC(665) Metaspace: 54624K(56000K)->54624K(56000K) NonClass: 47425K(48256K)->47425K(48256K) Class: 7199K(7744K)->7199K(7744K)
[417.192s][info][gc          ] GC(665) Pause Young (Normal) (G1 Evacuation Pause) 194M->63M(228M) 2.356ms
[417.192s][info][gc,cpu      ] GC(665) User=0.01s Sys=0.00s Real=0.01s
[417.501s][info][gc,start    ] GC(666) Pause Young (Normal) (G1 Evacuation Pause)
[417.501s][info][gc,task     ] GC(666) Using 8 workers of 8 for evacuation
[417.503s][info][gc,phases   ] GC(666)   Pre Evacuate Collection Set: 0.1ms
[417.503s][info][gc,phases   ] GC(666)   Merge Heap Roots: 0.1ms
[417.503s][info][gc,phases   ] GC(666)   Evacuate Collection Set: 1.4ms
[417.503s][info][gc,phases   ] GC(666)   Post Evacuate Collection Set: 0.2ms
[417.503s][info][gc,phases   ] GC(666)   Other: 0.0ms
[417.503s][info][gc,heap     ] GC(666) Eden regions: 33->0(33)
[417.503s][info][gc,heap     ] GC(666) Survivor regions: 1->1(5)
[417.503s][info][gc,heap     ] GC(666) Old regions: 16->16
[417.503s][info][gc,heap     ] GC(666) Humongous regions: 1->1
[417.503s][info][gc,metaspace] GC(666) Metaspace: 54624K(56000K)->54624K(56000K) NonClass: 47425K(48256K)->47425K(48256K) Class: 7199K(7744K)->7199K(7744K)
[417.503s][info][gc          ] GC(666) Pause Young (Normal) (G1 Evacuation Pause) 195M->63M(228M) 1.938ms
[417.503s][info][gc,cpu      ] GC(666) User=0.01s Sys=0.00s Real=0.01s
[417.817s][info][gc,start    ] GC(667) Pause Young (Normal) (G1 Evacuation Pause)
[417.817s][info][gc,task     ] GC(667) Using 8 workers of 8 for evacuation
[417.819s][info][gc,phases   ] GC(667)   Pre Evacuate Collection Set: 0.1ms
[417.820s][info][gc,phases   ] GC(667)   Merge Heap Roots: 0.1ms
[417.820s][info][gc,phases   ] GC(667)   Evacuate Collection Set: 2.3ms
[417.820s][info][gc,phases   ] GC(667)   Post Evacuate Collection Set: 0.2ms
[417.820s][info][gc,phases   ] GC(667)   Other: 0.0ms
[417.820s][info][gc,heap     ] GC(667) Eden regions: 33->0(33)
[417.820s][info][gc,heap     ] GC(667) Survivor regions: 1->1(5)
[417.820s][info][gc,heap     ] GC(667) Old regions: 16->16
[417.820s][info][gc,heap     ] GC(667) Humongous regions: 1->1
[417.820s][info][gc,metaspace] GC(667) Metaspace: 54624K(56000K)->54624K(56000K) NonClass: 47425K(48256K)->47425K(48256K) Class: 7199K(7744K)->7199K(7744K)
[417.820s][info][gc          ] GC(667) Pause Young (Normal) (G1 Evacuation Pause) 195M->63M(228M) 2.900ms
[417.820s][info][gc,cpu      ] GC(667) User=0.01s Sys=0.00s Real=0.00s
[418.242s][info][gc,start    ] GC(668) Pause Young (Normal) (G1 Evacuation Pause)
[418.242s][info][gc,task     ] GC(668) Using 8 workers of 8 for evacuation
[418.244s][info][gc,phases   ] GC(668)   Pre Evacuate Collection Set: 0.1ms
[418.244s][info][gc,phases   ] GC(668)   Merge Heap Roots: 0.1ms
[418.244s][info][gc,phases   ] GC(668)   Evacuate Collection Set: 1.5ms
[418.244s][info][gc,phases   ] GC(668)   Post Evacuate Collection Set: 0.3ms
[418.244s][info][gc,phases   ] GC(668)   Other: 0.0ms
[418.244s][info][gc,heap     ] GC(668) Eden regions: 33->0(33)
[418.244s][info][gc,heap     ] GC(668) Survivor regions: 1->1(5)
[418.244s][info][gc,heap     ] GC(668) Old regions: 16->16
[418.244s][info][gc,heap     ] GC(668) Humongous regions: 1->1
[418.244s][info][gc,metaspace] GC(668) Metaspace: 54624K(56000K)->54624K(56000K) NonClass: 47425K(48256K)->47425K(48256K) Class: 7199K(7744K)->7199K(7744K)
[418.244s][info][gc          ] GC(668) Pause Young (Normal) (G1 Evacuation Pause) 195M->63M(228M) 2.061ms
[418.244s][info][gc,cpu      ] GC(668) User=0.01s Sys=0.00s Real=0.00s
[418.538s][info][gc,start    ] GC(669) Pause Young (Normal) (G1 Evacuation Pause)
[418.539s][info][gc,task     ] GC(669) Using 8 workers of 8 for evacuation
[418.540s][info][gc,phases   ] GC(669)   Pre Evacuate Collection Set: 0.1ms
[418.540s][info][gc,phases   ] GC(669)   Merge Heap Roots: 0.1ms
[418.540s][info][gc,phases   ] GC(669)   Evacuate Collection Set: 1.4ms
[418.540s][info][gc,phases   ] GC(669)   Post Evacuate Collection Set: 0.3ms
[418.540s][info][gc,phases   ] GC(669)   Other: 0.0ms
[418.540s][info][gc,heap     ] GC(669) Eden regions: 33->0(33)
[418.540s][info][gc,heap     ] GC(669) Survivor regions: 1->1(5)
[418.540s][info][gc,heap     ] GC(669) Old regions: 16->16
[418.540s][info][gc,heap     ] GC(669) Humongous regions: 1->1
[418.540s][info][gc,metaspace] GC(669) Metaspace: 54624K(56000K)->54624K(56000K) NonClass: 47425K(48256K)->47425K(48256K) Class: 7199K(7744K)->7199K(7744K)
[418.540s][info][gc          ] GC(669) Pause Young (Normal) (G1 Evacuation Pause) 195M->63M(228M) 1.924ms
[418.540s][info][gc,cpu      ] GC(669) User=0.01s Sys=0.00s Real=0.00s
[418.926s][info][gc,start    ] GC(670) Pause Young (Normal) (G1 Evacuation Pause)
[418.926s][info][gc,task     ] GC(670) Using 8 workers of 8 for evacuation
[418.928s][info][gc,phases   ] GC(670)   Pre Evacuate Collection Set: 0.2ms
[418.928s][info][gc,phases   ] GC(670)   Merge Heap Roots: 0.1ms
[418.928s][info][gc,phases   ] GC(670)   Evacuate Collection Set: 1.4ms
[418.928s][info][gc,phases   ] GC(670)   Post Evacuate Collection Set: 0.3ms
[418.928s][info][gc,phases   ] GC(670)   Other: 0.1ms
[418.928s][info][gc,heap     ] GC(670) Eden regions: 33->0(33)
[418.928s][info][gc,heap     ] GC(670) Survivor regions: 1->1(5)
[418.928s][info][gc,heap     ] GC(670) Old regions: 16->16
[418.928s][info][gc,heap     ] GC(670) Humongous regions: 1->1
[418.928s][info][gc,metaspace] GC(670) Metaspace: 54624K(56000K)->54624K(56000K) NonClass: 47425K(48256K)->47425K(48256K) Class: 7199K(7744K)->7199K(7744K)
[418.928s][info][gc          ] GC(670) Pause Young (Normal) (G1 Evacuation Pause) 195M->63M(228M) 2.289ms
[418.928s][info][gc,cpu      ] GC(670) User=0.01s Sys=0.01s Real=0.00s
[419.243s][info][gc,start    ] GC(671) Pause Young (Normal) (G1 Evacuation Pause)
[419.243s][info][gc,task     ] GC(671) Using 8 workers of 8 for evacuation
[419.245s][info][gc,phases   ] GC(671)   Pre Evacuate Collection Set: 0.1ms
[419.245s][info][gc,phases   ] GC(671)   Merge Heap Roots: 0.1ms
[419.245s][info][gc,phases   ] GC(671)   Evacuate Collection Set: 1.5ms
[419.245s][info][gc,phases   ] GC(671)   Post Evacuate Collection Set: 0.3ms
[419.245s][info][gc,phases   ] GC(671)   Other: 0.1ms
[419.245s][info][gc,heap     ] GC(671) Eden regions: 33->0(33)
[419.245s][info][gc,heap     ] GC(671) Survivor regions: 1->1(5)
[419.245s][info][gc,heap     ] GC(671) Old regions: 16->16
[419.245s][info][gc,heap     ] GC(671) Humongous regions: 1->1
[419.245s][info][gc,metaspace] GC(671) Metaspace: 54624K(56000K)->54624K(56000K) NonClass: 47425K(48256K)->47425K(48256K) Class: 7199K(7744K)->7199K(7744K)
[419.245s][info][gc          ] GC(671) Pause Young (Normal) (G1 Evacuation Pause) 195M->63M(228M) 2.163ms
[419.245s][info][gc,cpu      ] GC(671) User=0.01s Sys=0.00s Real=0.00s
[419.530s][info][gc,start    ] GC(672) Pause Young (Normal) (G1 Evacuation Pause)
[419.530s][info][gc,task     ] GC(672) Using 8 workers of 8 for evacuation
[419.532s][info][gc,phases   ] GC(672)   Pre Evacuate Collection Set: 0.1ms
[419.532s][info][gc,phases   ] GC(672)   Merge Heap Roots: 0.1ms
[419.532s][info][gc,phases   ] GC(672)   Evacuate Collection Set: 1.4ms
[419.532s][info][gc,phases   ] GC(672)   Post Evacuate Collection Set: 0.3ms
[419.532s][info][gc,phases   ] GC(672)   Other: 0.1ms
[419.532s][info][gc,heap     ] GC(672) Eden regions: 33->0(33)
[419.532s][info][gc,heap     ] GC(672) Survivor regions: 1->1(5)
[419.532s][info][gc,heap     ] GC(672) Old regions: 16->16
[419.532s][info][gc,heap     ] GC(672) Humongous regions: 1->1
[419.532s][info][gc,metaspace] GC(672) Metaspace: 54624K(56000K)->54624K(56000K) NonClass: 47425K(48256K)->47425K(48256K) Class: 7199K(7744K)->7199K(7744K)
[419.532s][info][gc          ] GC(672) Pause Young (Normal) (G1 Evacuation Pause) 195M->63M(228M) 2.058ms
[419.532s][info][gc,cpu      ] GC(672) User=0.01s Sys=0.00s Real=0.01s
[420.027s][info][gc,start    ] GC(673) Pause Young (Normal) (G1 Evacuation Pause)
[420.027s][info][gc,task     ] GC(673) Using 8 workers of 8 for evacuation
[420.028s][info][gc,phases   ] GC(673)   Pre Evacuate Collection Set: 0.1ms
[420.029s][info][gc,phases   ] GC(673)   Merge Heap Roots: 0.1ms
[420.029s][info][gc,phases   ] GC(673)   Evacuate Collection Set: 1.4ms
[420.029s][info][gc,phases   ] GC(673)   Post Evacuate Collection Set: 0.3ms
[420.029s][info][gc,phases   ] GC(673)   Other: 0.0ms
[420.029s][info][gc,heap     ] GC(673) Eden regions: 33->0(33)
[420.029s][info][gc,heap     ] GC(673) Survivor regions: 1->1(5)
[420.029s][info][gc,heap     ] GC(673) Old regions: 16->16
[420.029s][info][gc,heap     ] GC(673) Humongous regions: 1->1
[420.029s][info][gc,metaspace] GC(673) Metaspace: 54624K(56000K)->54624K(56000K) NonClass: 47425K(48256K)->47425K(48256K) Class: 7199K(7744K)->7199K(7744K)
[420.029s][info][gc          ] GC(673) Pause Young (Normal) (G1 Evacuation Pause) 195M->63M(228M) 2.023ms
[420.029s][info][gc,cpu      ] GC(673) User=0.01s Sys=0.00s Real=0.00s
[420.337s][info][gc,start    ] GC(674) Pause Young (Normal) (G1 Evacuation Pause)
[420.337s][info][gc,task     ] GC(674) Using 8 workers of 8 for evacuation
[420.339s][info][gc,phases   ] GC(674)   Pre Evacuate Collection Set: 0.1ms
[420.339s][info][gc,phases   ] GC(674)   Merge Heap Roots: 0.0ms
[420.339s][info][gc,phases   ] GC(674)   Evacuate Collection Set: 1.5ms
[420.339s][info][gc,phases   ] GC(674)   Post Evacuate Collection Set: 0.3ms
[420.339s][info][gc,phases   ] GC(674)   Other: 0.0ms
[420.339s][info][gc,heap     ] GC(674) Eden regions: 33->0(33)
[420.339s][info][gc,heap     ] GC(674) Survivor regions: 1->1(5)
[420.339s][info][gc,heap     ] GC(674) Old regions: 16->16
[420.339s][info][gc,heap     ] GC(674) Humongous regions: 1->1
[420.339s][info][gc,metaspace] GC(674) Metaspace: 54624K(56000K)->54624K(56000K) NonClass: 47425K(48256K)->47425K(48256K) Class: 7199K(7744K)->7199K(7744K)
[420.339s][info][gc          ] GC(674) Pause Young (Normal) (G1 Evacuation Pause) 195M->63M(228M) 2.104ms
[420.339s][info][gc,cpu      ] GC(674) User=0.01s Sys=0.00s Real=0.00s
[420.702s][info][gc,start    ] GC(675) Pause Young (Normal) (G1 Evacuation Pause)
[420.702s][info][gc,task     ] GC(675) Using 8 workers of 8 for evacuation
[420.705s][info][gc,phases   ] GC(675)   Pre Evacuate Collection Set: 0.1ms
[420.705s][info][gc,phases   ] GC(675)   Merge Heap Roots: 0.1ms
[420.705s][info][gc,phases   ] GC(675)   Evacuate Collection Set: 1.6ms
[420.705s][info][gc,phases   ] GC(675)   Post Evacuate Collection Set: 0.3ms
[420.705s][info][gc,phases   ] GC(675)   Other: 0.0ms
[420.705s][info][gc,heap     ] GC(675) Eden regions: 33->0(33)
[420.705s][info][gc,heap     ] GC(675) Survivor regions: 1->1(5)
[420.705s][info][gc,heap     ] GC(675) Old regions: 16->16
[420.705s][info][gc,heap     ] GC(675) Humongous regions: 1->1
[420.705s][info][gc,metaspace] GC(675) Metaspace: 54624K(56000K)->54624K(56000K) NonClass: 47425K(48256K)->47425K(48256K) Class: 7199K(7744K)->7199K(7744K)
[420.705s][info][gc          ] GC(675) Pause Young (Normal) (G1 Evacuation Pause) 195M->63M(228M) 2.323ms
[420.705s][info][gc,cpu      ] GC(675) User=0.01s Sys=0.00s Real=0.00s
[421.180s][info][gc,start    ] GC(676) Pause Young (Normal) (G1 Evacuation Pause)
[421.180s][info][gc,task     ] GC(676) Using 8 workers of 8 for evacuation
[421.183s][info][gc,phases   ] GC(676)   Pre Evacuate Collection Set: 0.1ms
[421.183s][info][gc,phases   ] GC(676)   Merge Heap Roots: 0.1ms
[421.183s][info][gc,phases   ] GC(676)   Evacuate Collection Set: 1.8ms
[421.183s][info][gc,phases   ] GC(676)   Post Evacuate Collection Set: 0.4ms
[421.183s][info][gc,phases   ] GC(676)   Other: 0.0ms
[421.183s][info][gc,heap     ] GC(676) Eden regions: 33->0(33)
[421.183s][info][gc,heap     ] GC(676) Survivor regions: 1->1(5)
[421.183s][info][gc,heap     ] GC(676) Old regions: 16->16
[421.183s][info][gc,heap     ] GC(676) Humongous regions: 1->1
[421.183s][info][gc,metaspace] GC(676) Metaspace: 54624K(56000K)->54624K(56000K) NonClass: 47425K(48256K)->47425K(48256K) Class: 7199K(7744K)->7199K(7744K)
[421.183s][info][gc          ] GC(676) Pause Young (Normal) (G1 Evacuation Pause) 195M->63M(228M) 2.591ms
[421.183s][info][gc,cpu      ] GC(676) User=0.00s Sys=0.00s Real=0.01s
[421.604s][info][gc,start    ] GC(677) Pause Young (Normal) (G1 Evacuation Pause)
[421.604s][info][gc,task     ] GC(677) Using 8 workers of 8 for evacuation
[421.606s][info][gc,phases   ] GC(677)   Pre Evacuate Collection Set: 0.1ms
[421.607s][info][gc,phases   ] GC(677)   Merge Heap Roots: 0.1ms
[421.607s][info][gc,phases   ] GC(677)   Evacuate Collection Set: 1.5ms
[421.607s][info][gc,phases   ] GC(677)   Post Evacuate Collection Set: 0.3ms
[421.607s][info][gc,phases   ] GC(677)   Other: 0.0ms
[421.607s][info][gc,heap     ] GC(677) Eden regions: 33->0(33)
[421.607s][info][gc,heap     ] GC(677) Survivor regions: 1->1(5)
[421.607s][info][gc,heap     ] GC(677) Old regions: 16->16
[421.607s][info][gc,heap     ] GC(677) Humongous regions: 1->1
[421.607s][info][gc,metaspace] GC(677) Metaspace: 54624K(56000K)->54624K(56000K) NonClass: 47425K(48256K)->47425K(48256K) Class: 7199K(7744K)->7199K(7744K)
[421.607s][info][gc          ] GC(677) Pause Young (Normal) (G1 Evacuation Pause) 195M->63M(228M) 2.268ms
[421.607s][info][gc,cpu      ] GC(677) User=0.01s Sys=0.00s Real=0.00s
[422.077s][info][gc,start    ] GC(678) Pause Young (Normal) (G1 Evacuation Pause)
[422.077s][info][gc,task     ] GC(678) Using 8 workers of 8 for evacuation
[422.080s][info][gc,phases   ] GC(678)   Pre Evacuate Collection Set: 0.1ms
[422.080s][info][gc,phases   ] GC(678)   Merge Heap Roots: 0.1ms
[422.080s][info][gc,phases   ] GC(678)   Evacuate Collection Set: 2.0ms
[422.080s][info][gc,phases   ] GC(678)   Post Evacuate Collection Set: 0.2ms
[422.080s][info][gc,phases   ] GC(678)   Other: 0.1ms
[422.080s][info][gc,heap     ] GC(678) Eden regions: 33->0(33)
[422.080s][info][gc,heap     ] GC(678) Survivor regions: 1->1(5)
[422.080s][info][gc,heap     ] GC(678) Old regions: 16->16
[422.080s][info][gc,heap     ] GC(678) Humongous regions: 1->1
[422.080s][info][gc,metaspace] GC(678) Metaspace: 54624K(56000K)->54624K(56000K) NonClass: 47425K(48256K)->47425K(48256K) Class: 7199K(7744K)->7199K(7744K)
[422.080s][info][gc          ] GC(678) Pause Young (Normal) (G1 Evacuation Pause) 195M->63M(228M) 2.667ms
[422.080s][info][gc,cpu      ] GC(678) User=0.01s Sys=0.00s Real=0.00s
[422.353s][info][gc,start    ] GC(679) Pause Young (Normal) (G1 Evacuation Pause)
[422.353s][info][gc,task     ] GC(679) Using 8 workers of 8 for evacuation
[422.355s][info][gc,phases   ] GC(679)   Pre Evacuate Collection Set: 0.1ms
[422.355s][info][gc,phases   ] GC(679)   Merge Heap Roots: 0.1ms
[422.355s][info][gc,phases   ] GC(679)   Evacuate Collection Set: 2.1ms
[422.355s][info][gc,phases   ] GC(679)   Post Evacuate Collection Set: 0.3ms
[422.355s][info][gc,phases   ] GC(679)   Other: 0.0ms
[422.355s][info][gc,heap     ] GC(679) Eden regions: 33->0(33)
[422.355s][info][gc,heap     ] GC(679) Survivor regions: 1->1(5)
[422.355s][info][gc,heap     ] GC(679) Old regions: 16->16
[422.355s][info][gc,heap     ] GC(679) Humongous regions: 1->1
[422.355s][info][gc,metaspace] GC(679) Metaspace: 54624K(56000K)->54624K(56000K) NonClass: 47425K(48256K)->47425K(48256K) Class: 7199K(7744K)->7199K(7744K)
[422.355s][info][gc          ] GC(679) Pause Young (Normal) (G1 Evacuation Pause) 195M->63M(228M) 2.629ms
[422.355s][info][gc,cpu      ] GC(679) User=0.01s Sys=0.01s Real=0.00s
[422.708s][info][gc,start    ] GC(680) Pause Young (Normal) (G1 Evacuation Pause)
[422.708s][info][gc,task     ] GC(680) Using 8 workers of 8 for evacuation
[422.710s][info][gc,phases   ] GC(680)   Pre Evacuate Collection Set: 0.1ms
[422.710s][info][gc,phases   ] GC(680)   Merge Heap Roots: 0.1ms
[422.710s][info][gc,phases   ] GC(680)   Evacuate Collection Set: 1.4ms
[422.710s][info][gc,phases   ] GC(680)   Post Evacuate Collection Set: 0.3ms
[422.710s][info][gc,phases   ] GC(680)   Other: 0.0ms
[422.710s][info][gc,heap     ] GC(680) Eden regions: 33->0(33)
[422.710s][info][gc,heap     ] GC(680) Survivor regions: 1->1(5)
[422.710s][info][gc,heap     ] GC(680) Old regions: 16->16
[422.710s][info][gc,heap     ] GC(680) Humongous regions: 1->1
[422.710s][info][gc,metaspace] GC(680) Metaspace: 54624K(56000K)->54624K(56000K) NonClass: 47425K(48256K)->47425K(48256K) Class: 7199K(7744K)->7199K(7744K)
[422.710s][info][gc          ] GC(680) Pause Young (Normal) (G1 Evacuation Pause) 195M->63M(228M) 2.026ms
[422.710s][info][gc,cpu      ] GC(680) User=0.01s Sys=0.00s Real=0.00s
[423.082s][info][gc,start    ] GC(681) Pause Young (Normal) (G1 Evacuation Pause)
[423.082s][info][gc,task     ] GC(681) Using 8 workers of 8 for evacuation
[423.084s][info][gc,phases   ] GC(681)   Pre Evacuate Collection Set: 0.1ms
[423.084s][info][gc,phases   ] GC(681)   Merge Heap Roots: 0.1ms
[423.084s][info][gc,phases   ] GC(681)   Evacuate Collection Set: 1.8ms
[423.084s][info][gc,phases   ] GC(681)   Post Evacuate Collection Set: 0.3ms
[423.084s][info][gc,phases   ] GC(681)   Other: 0.1ms
[423.084s][info][gc,heap     ] GC(681) Eden regions: 33->0(33)
[423.084s][info][gc,heap     ] GC(681) Survivor regions: 1->1(5)
[423.084s][info][gc,heap     ] GC(681) Old regions: 16->16
[423.084s][info][gc,heap     ] GC(681) Humongous regions: 1->1
[423.084s][info][gc,metaspace] GC(681) Metaspace: 54624K(56000K)->54624K(56000K) NonClass: 47425K(48256K)->47425K(48256K) Class: 7199K(7744K)->7199K(7744K)
[423.085s][info][gc          ] GC(681) Pause Young (Normal) (G1 Evacuation Pause) 195M->63M(228M) 2.375ms
[423.085s][info][gc,cpu      ] GC(681) User=0.01s Sys=0.00s Real=0.00s
[423.449s][info][gc,start    ] GC(682) Pause Young (Normal) (G1 Evacuation Pause)
[423.449s][info][gc,task     ] GC(682) Using 8 workers of 8 for evacuation
[423.451s][info][gc,phases   ] GC(682)   Pre Evacuate Collection Set: 0.1ms
[423.451s][info][gc,phases   ] GC(682)   Merge Heap Roots: 0.1ms
[423.451s][info][gc,phases   ] GC(682)   Evacuate Collection Set: 1.7ms
[423.451s][info][gc,phases   ] GC(682)   Post Evacuate Collection Set: 0.3ms
[423.452s][info][gc,phases   ] GC(682)   Other: 0.0ms
[423.452s][info][gc,heap     ] GC(682) Eden regions: 33->0(33)
[423.452s][info][gc,heap     ] GC(682) Survivor regions: 1->1(5)
[423.452s][info][gc,heap     ] GC(682) Old regions: 16->16
[423.452s][info][gc,heap     ] GC(682) Humongous regions: 1->1
[423.452s][info][gc,metaspace] GC(682) Metaspace: 54624K(56000K)->54624K(56000K) NonClass: 47425K(48256K)->47425K(48256K) Class: 7199K(7744K)->7199K(7744K)
[423.452s][info][gc          ] GC(682) Pause Young (Normal) (G1 Evacuation Pause) 195M->63M(228M) 2.472ms
[423.452s][info][gc,cpu      ] GC(682) User=0.01s Sys=0.00s Real=0.00s
[423.855s][info][gc,start    ] GC(683) Pause Young (Normal) (G1 Evacuation Pause)
[423.855s][info][gc,task     ] GC(683) Using 8 workers of 8 for evacuation
[423.857s][info][gc,phases   ] GC(683)   Pre Evacuate Collection Set: 0.1ms
[423.857s][info][gc,phases   ] GC(683)   Merge Heap Roots: 0.1ms
[423.857s][info][gc,phases   ] GC(683)   Evacuate Collection Set: 1.4ms
[423.857s][info][gc,phases   ] GC(683)   Post Evacuate Collection Set: 0.3ms
[423.857s][info][gc,phases   ] GC(683)   Other: 0.0ms
[423.857s][info][gc,heap     ] GC(683) Eden regions: 33->0(33)
[423.857s][info][gc,heap     ] GC(683) Survivor regions: 1->1(5)
[423.857s][info][gc,heap     ] GC(683) Old regions: 16->16
[423.857s][info][gc,heap     ] GC(683) Humongous regions: 1->1
[423.857s][info][gc,metaspace] GC(683) Metaspace: 54624K(56000K)->54624K(56000K) NonClass: 47425K(48256K)->47425K(48256K) Class: 7199K(7744K)->7199K(7744K)
[423.857s][info][gc          ] GC(683) Pause Young (Normal) (G1 Evacuation Pause) 195M->63M(228M) 2.087ms
[423.857s][info][gc,cpu      ] GC(683) User=0.01s Sys=0.00s Real=0.00s
[424.332s][info][gc,start    ] GC(684) Pause Young (Normal) (G1 Evacuation Pause)
[424.332s][info][gc,task     ] GC(684) Using 8 workers of 8 for evacuation
[424.335s][info][gc,phases   ] GC(684)   Pre Evacuate Collection Set: 0.1ms
[424.335s][info][gc,phases   ] GC(684)   Merge Heap Roots: 0.2ms
[424.335s][info][gc,phases   ] GC(684)   Evacuate Collection Set: 2.4ms
[424.335s][info][gc,phases   ] GC(684)   Post Evacuate Collection Set: 0.3ms
[424.335s][info][gc,phases   ] GC(684)   Other: 0.0ms
[424.335s][info][gc,heap     ] GC(684) Eden regions: 33->0(33)
[424.335s][info][gc,heap     ] GC(684) Survivor regions: 1->1(5)
[424.335s][info][gc,heap     ] GC(684) Old regions: 16->16
[424.335s][info][gc,heap     ] GC(684) Humongous regions: 1->1
[424.335s][info][gc,metaspace] GC(684) Metaspace: 54624K(56000K)->54624K(56000K) NonClass: 47425K(48256K)->47425K(48256K) Class: 7199K(7744K)->7199K(7744K)
[424.335s][info][gc          ] GC(684) Pause Young (Normal) (G1 Evacuation Pause) 195M->63M(228M) 3.213ms
[424.335s][info][gc,cpu      ] GC(684) User=0.00s Sys=0.00s Real=0.00s
[424.760s][info][gc,start    ] GC(685) Pause Young (Normal) (G1 Evacuation Pause)
[424.760s][info][gc,task     ] GC(685) Using 8 workers of 8 for evacuation
[424.762s][info][gc,phases   ] GC(685)   Pre Evacuate Collection Set: 0.1ms
[424.762s][info][gc,phases   ] GC(685)   Merge Heap Roots: 0.1ms
[424.762s][info][gc,phases   ] GC(685)   Evacuate Collection Set: 1.4ms
[424.762s][info][gc,phases   ] GC(685)   Post Evacuate Collection Set: 0.3ms
[424.762s][info][gc,phases   ] GC(685)   Other: 0.0ms
[424.762s][info][gc,heap     ] GC(685) Eden regions: 33->0(33)
[424.762s][info][gc,heap     ] GC(685) Survivor regions: 1->1(5)
[424.762s][info][gc,heap     ] GC(685) Old regions: 16->16
[424.762s][info][gc,heap     ] GC(685) Humongous regions: 1->1
[424.762s][info][gc,metaspace] GC(685) Metaspace: 54624K(56000K)->54624K(56000K) NonClass: 47425K(48256K)->47425K(48256K) Class: 7199K(7744K)->7199K(7744K)
[424.762s][info][gc          ] GC(685) Pause Young (Normal) (G1 Evacuation Pause) 195M->63M(228M) 2.047ms
[424.762s][info][gc,cpu      ] GC(685) User=0.01s Sys=0.00s Real=0.01s
[425.191s][info][gc,start    ] GC(686) Pause Young (Normal) (G1 Evacuation Pause)
[425.191s][info][gc,task     ] GC(686) Using 8 workers of 8 for evacuation
[425.194s][info][gc,phases   ] GC(686)   Pre Evacuate Collection Set: 0.1ms
[425.194s][info][gc,phases   ] GC(686)   Merge Heap Roots: 0.1ms
[425.194s][info][gc,phases   ] GC(686)   Evacuate Collection Set: 2.3ms
[425.194s][info][gc,phases   ] GC(686)   Post Evacuate Collection Set: 0.3ms
[425.194s][info][gc,phases   ] GC(686)   Other: 0.0ms
[425.194s][info][gc,heap     ] GC(686) Eden regions: 33->0(33)
[425.194s][info][gc,heap     ] GC(686) Survivor regions: 1->1(5)
[425.194s][info][gc,heap     ] GC(686) Old regions: 16->16
[425.194s][info][gc,heap     ] GC(686) Humongous regions: 1->1
[425.194s][info][gc,metaspace] GC(686) Metaspace: 54624K(56000K)->54624K(56000K) NonClass: 47425K(48256K)->47425K(48256K) Class: 7199K(7744K)->7199K(7744K)
[425.194s][info][gc          ] GC(686) Pause Young (Normal) (G1 Evacuation Pause) 195M->63M(228M) 3.239ms
[425.195s][info][gc,cpu      ] GC(686) User=0.01s Sys=0.00s Real=0.01s
[425.508s][info][gc,start    ] GC(687) Pause Young (Normal) (G1 Evacuation Pause)
[425.508s][info][gc,task     ] GC(687) Using 8 workers of 8 for evacuation
[425.510s][info][gc,phases   ] GC(687)   Pre Evacuate Collection Set: 0.1ms
[425.510s][info][gc,phases   ] GC(687)   Merge Heap Roots: 0.1ms
[425.510s][info][gc,phases   ] GC(687)   Evacuate Collection Set: 1.6ms
[425.510s][info][gc,phases   ] GC(687)   Post Evacuate Collection Set: 0.3ms
[425.510s][info][gc,phases   ] GC(687)   Other: 0.0ms
[425.510s][info][gc,heap     ] GC(687) Eden regions: 33->0(33)
[425.510s][info][gc,heap     ] GC(687) Survivor regions: 1->1(5)
[425.510s][info][gc,heap     ] GC(687) Old regions: 16->16
[425.510s][info][gc,heap     ] GC(687) Humongous regions: 1->1
[425.510s][info][gc,metaspace] GC(687) Metaspace: 54624K(56000K)->54624K(56000K) NonClass: 47425K(48256K)->47425K(48256K) Class: 7199K(7744K)->7199K(7744K)
[425.510s][info][gc          ] GC(687) Pause Young (Normal) (G1 Evacuation Pause) 195M->63M(228M) 2.225ms
[425.510s][info][gc,cpu      ] GC(687) User=0.01s Sys=0.00s Real=0.00s
[425.775s][info][gc,start    ] GC(688) Pause Young (Normal) (G1 Evacuation Pause)
[425.775s][info][gc,task     ] GC(688) Using 8 workers of 8 for evacuation
[425.777s][info][gc,phases   ] GC(688)   Pre Evacuate Collection Set: 0.1ms
[425.777s][info][gc,phases   ] GC(688)   Merge Heap Roots: 0.1ms
[425.777s][info][gc,phases   ] GC(688)   Evacuate Collection Set: 1.6ms
[425.777s][info][gc,phases   ] GC(688)   Post Evacuate Collection Set: 0.2ms
[425.778s][info][gc,phases   ] GC(688)   Other: 0.0ms
[425.778s][info][gc,heap     ] GC(688) Eden regions: 33->0(33)
[425.778s][info][gc,heap     ] GC(688) Survivor regions: 1->1(5)
[425.778s][info][gc,heap     ] GC(688) Old regions: 16->16
[425.778s][info][gc,heap     ] GC(688) Humongous regions: 1->1
[425.778s][info][gc,metaspace] GC(688) Metaspace: 54624K(56000K)->54624K(56000K) NonClass: 47425K(48256K)->47425K(48256K) Class: 7199K(7744K)->7199K(7744K)
[425.778s][info][gc          ] GC(688) Pause Young (Normal) (G1 Evacuation Pause) 195M->63M(228M) 2.275ms
[425.778s][info][gc,cpu      ] GC(688) User=0.01s Sys=0.00s Real=0.00s
[426.216s][info][gc,start    ] GC(689) Pause Young (Normal) (G1 Evacuation Pause)
[426.216s][info][gc,task     ] GC(689) Using 8 workers of 8 for evacuation
[426.218s][info][gc,phases   ] GC(689)   Pre Evacuate Collection Set: 0.1ms
[426.218s][info][gc,phases   ] GC(689)   Merge Heap Roots: 0.1ms
[426.218s][info][gc,phases   ] GC(689)   Evacuate Collection Set: 1.5ms
[426.218s][info][gc,phases   ] GC(689)   Post Evacuate Collection Set: 0.2ms
[426.218s][info][gc,phases   ] GC(689)   Other: 0.1ms
[426.218s][info][gc,heap     ] GC(689) Eden regions: 33->0(33)
[426.218s][info][gc,heap     ] GC(689) Survivor regions: 1->1(5)
[426.218s][info][gc,heap     ] GC(689) Old regions: 16->16
[426.218s][info][gc,heap     ] GC(689) Humongous regions: 1->1
[426.218s][info][gc,metaspace] GC(689) Metaspace: 54624K(56000K)->54624K(56000K) NonClass: 47425K(48256K)->47425K(48256K) Class: 7199K(7744K)->7199K(7744K)
[426.218s][info][gc          ] GC(689) Pause Young (Normal) (G1 Evacuation Pause) 195M->63M(228M) 2.130ms
[426.218s][info][gc,cpu      ] GC(689) User=0.00s Sys=0.00s Real=0.00s
[426.454s][info][gc,start    ] GC(690) Pause Young (Normal) (G1 Evacuation Pause)
[426.454s][info][gc,task     ] GC(690) Using 8 workers of 8 for evacuation
[426.456s][info][gc,phases   ] GC(690)   Pre Evacuate Collection Set: 0.1ms
[426.456s][info][gc,phases   ] GC(690)   Merge Heap Roots: 0.1ms
[426.456s][info][gc,phases   ] GC(690)   Evacuate Collection Set: 1.4ms
[426.456s][info][gc,phases   ] GC(690)   Post Evacuate Collection Set: 0.3ms
[426.456s][info][gc,phases   ] GC(690)   Other: 0.0ms
[426.456s][info][gc,heap     ] GC(690) Eden regions: 33->0(33)
[426.456s][info][gc,heap     ] GC(690) Survivor regions: 1->1(5)
[426.456s][info][gc,heap     ] GC(690) Old regions: 16->16
[426.456s][info][gc,heap     ] GC(690) Humongous regions: 1->1
[426.456s][info][gc,metaspace] GC(690) Metaspace: 54624K(56000K)->54624K(56000K) NonClass: 47425K(48256K)->47425K(48256K) Class: 7199K(7744K)->7199K(7744K)
[426.457s][info][gc          ] GC(690) Pause Young (Normal) (G1 Evacuation Pause) 195M->64M(228M) 2.125ms
[426.457s][info][gc,cpu      ] GC(690) User=0.01s Sys=0.00s Real=0.00s
[426.831s][info][gc,start    ] GC(691) Pause Young (Normal) (G1 Evacuation Pause)
[426.831s][info][gc,task     ] GC(691) Using 8 workers of 8 for evacuation
[426.844s][info][gc,phases   ] GC(691)   Pre Evacuate Collection Set: 0.1ms
[426.844s][info][gc,phases   ] GC(691)   Merge Heap Roots: 0.1ms
[426.844s][info][gc,phases   ] GC(691)   Evacuate Collection Set: 13.0ms
[426.844s][info][gc,phases   ] GC(691)   Post Evacuate Collection Set: 0.4ms
[426.844s][info][gc,phases   ] GC(691)   Other: 0.1ms
[426.844s][info][gc,heap     ] GC(691) Eden regions: 33->0(33)
[426.844s][info][gc,heap     ] GC(691) Survivor regions: 1->1(5)
[426.844s][info][gc,heap     ] GC(691) Old regions: 16->16
[426.844s][info][gc,heap     ] GC(691) Humongous regions: 1->1
[426.844s][info][gc,metaspace] GC(691) Metaspace: 54624K(56000K)->54624K(56000K) NonClass: 47425K(48256K)->47425K(48256K) Class: 7199K(7744K)->7199K(7744K)
[426.845s][info][gc          ] GC(691) Pause Young (Normal) (G1 Evacuation Pause) 196M->64M(228M) 13.832ms
[426.845s][info][gc,cpu      ] GC(691) User=0.01s Sys=0.00s Real=0.02s
[427.205s][info][gc,start    ] GC(692) Pause Young (Normal) (G1 Evacuation Pause)
[427.206s][info][gc,task     ] GC(692) Using 8 workers of 8 for evacuation
[427.209s][info][gc,phases   ] GC(692)   Pre Evacuate Collection Set: 0.3ms
[427.209s][info][gc,phases   ] GC(692)   Merge Heap Roots: 0.1ms
[427.209s][info][gc,phases   ] GC(692)   Evacuate Collection Set: 2.3ms
[427.209s][info][gc,phases   ] GC(692)   Post Evacuate Collection Set: 0.3ms
[427.209s][info][gc,phases   ] GC(692)   Other: 0.1ms
[427.209s][info][gc,heap     ] GC(692) Eden regions: 33->0(33)
[427.209s][info][gc,heap     ] GC(692) Survivor regions: 1->1(5)
[427.209s][info][gc,heap     ] GC(692) Old regions: 16->16
[427.209s][info][gc,heap     ] GC(692) Humongous regions: 1->1
[427.209s][info][gc,metaspace] GC(692) Metaspace: 54624K(56000K)->54624K(56000K) NonClass: 47425K(48256K)->47425K(48256K) Class: 7199K(7744K)->7199K(7744K)
[427.209s][info][gc          ] GC(692) Pause Young (Normal) (G1 Evacuation Pause) 196M->64M(228M) 3.993ms
[427.209s][info][gc,cpu      ] GC(692) User=0.01s Sys=0.00s Real=0.00s
[427.499s][info][gc,start    ] GC(693) Pause Young (Normal) (G1 Evacuation Pause)
[427.499s][info][gc,task     ] GC(693) Using 8 workers of 8 for evacuation
[427.501s][info][gc,phases   ] GC(693)   Pre Evacuate Collection Set: 0.1ms
[427.501s][info][gc,phases   ] GC(693)   Merge Heap Roots: 0.1ms
[427.501s][info][gc,phases   ] GC(693)   Evacuate Collection Set: 1.4ms
[427.501s][info][gc,phases   ] GC(693)   Post Evacuate Collection Set: 0.3ms
[427.501s][info][gc,phases   ] GC(693)   Other: 0.0ms
[427.501s][info][gc,heap     ] GC(693) Eden regions: 33->0(33)
[427.501s][info][gc,heap     ] GC(693) Survivor regions: 1->1(5)
[427.501s][info][gc,heap     ] GC(693) Old regions: 16->16
[427.501s][info][gc,heap     ] GC(693) Humongous regions: 1->1
[427.501s][info][gc,metaspace] GC(693) Metaspace: 54624K(56000K)->54624K(56000K) NonClass: 47425K(48256K)->47425K(48256K) Class: 7199K(7744K)->7199K(7744K)
[427.501s][info][gc          ] GC(693) Pause Young (Normal) (G1 Evacuation Pause) 196M->64M(228M) 2.054ms
[427.501s][info][gc,cpu      ] GC(693) User=0.00s Sys=0.00s Real=0.00s
[427.833s][info][gc,start    ] GC(694) Pause Young (Normal) (G1 Evacuation Pause)
[427.833s][info][gc,task     ] GC(694) Using 8 workers of 8 for evacuation
[427.834s][info][gc,phases   ] GC(694)   Pre Evacuate Collection Set: 0.1ms
[427.834s][info][gc,phases   ] GC(694)   Merge Heap Roots: 0.1ms
[427.834s][info][gc,phases   ] GC(694)   Evacuate Collection Set: 1.3ms
[427.834s][info][gc,phases   ] GC(694)   Post Evacuate Collection Set: 0.2ms
[427.834s][info][gc,phases   ] GC(694)   Other: 0.0ms
[427.834s][info][gc,heap     ] GC(694) Eden regions: 33->0(33)
[427.834s][info][gc,heap     ] GC(694) Survivor regions: 1->1(5)
[427.834s][info][gc,heap     ] GC(694) Old regions: 16->16
[427.834s][info][gc,heap     ] GC(694) Humongous regions: 1->1
[427.834s][info][gc,metaspace] GC(694) Metaspace: 54624K(56000K)->54624K(56000K) NonClass: 47425K(48256K)->47425K(48256K) Class: 7199K(7744K)->7199K(7744K)
[427.835s][info][gc          ] GC(694) Pause Young (Normal) (G1 Evacuation Pause) 196M->64M(228M) 1.826ms
[427.835s][info][gc,cpu      ] GC(694) User=0.01s Sys=0.00s Real=0.00s
[428.253s][info][gc,start    ] GC(695) Pause Young (Normal) (G1 Evacuation Pause)
[428.254s][info][gc,task     ] GC(695) Using 8 workers of 8 for evacuation
[428.255s][info][gc,phases   ] GC(695)   Pre Evacuate Collection Set: 0.1ms
[428.255s][info][gc,phases   ] GC(695)   Merge Heap Roots: 0.1ms
[428.255s][info][gc,phases   ] GC(695)   Evacuate Collection Set: 1.3ms
[428.255s][info][gc,phases   ] GC(695)   Post Evacuate Collection Set: 0.2ms
[428.255s][info][gc,phases   ] GC(695)   Other: 0.0ms
[428.255s][info][gc,heap     ] GC(695) Eden regions: 33->0(33)
[428.255s][info][gc,heap     ] GC(695) Survivor regions: 1->1(5)
[428.255s][info][gc,heap     ] GC(695) Old regions: 16->16
[428.255s][info][gc,heap     ] GC(695) Humongous regions: 1->1
[428.255s][info][gc,metaspace] GC(695) Metaspace: 54624K(56000K)->54624K(56000K) NonClass: 47425K(48256K)->47425K(48256K) Class: 7199K(7744K)->7199K(7744K)
[428.255s][info][gc          ] GC(695) Pause Young (Normal) (G1 Evacuation Pause) 196M->64M(228M) 1.870ms
[428.255s][info][gc,cpu      ] GC(695) User=0.01s Sys=0.00s Real=0.00s
[428.676s][info][gc,start    ] GC(696) Pause Young (Normal) (G1 Evacuation Pause)
[428.676s][info][gc,task     ] GC(696) Using 8 workers of 8 for evacuation
[428.678s][info][gc,phases   ] GC(696)   Pre Evacuate Collection Set: 0.1ms
[428.678s][info][gc,phases   ] GC(696)   Merge Heap Roots: 0.1ms
[428.678s][info][gc,phases   ] GC(696)   Evacuate Collection Set: 1.3ms
[428.678s][info][gc,phases   ] GC(696)   Post Evacuate Collection Set: 0.3ms
[428.678s][info][gc,phases   ] GC(696)   Other: 0.0ms
[428.678s][info][gc,heap     ] GC(696) Eden regions: 33->0(33)
[428.678s][info][gc,heap     ] GC(696) Survivor regions: 1->1(5)
[428.678s][info][gc,heap     ] GC(696) Old regions: 16->16
[428.678s][info][gc,heap     ] GC(696) Humongous regions: 1->1
[428.678s][info][gc,metaspace] GC(696) Metaspace: 54624K(56000K)->54624K(56000K) NonClass: 47425K(48256K)->47425K(48256K) Class: 7199K(7744K)->7199K(7744K)
[428.678s][info][gc          ] GC(696) Pause Young (Normal) (G1 Evacuation Pause) 196M->64M(228M) 1.944ms
[428.678s][info][gc,cpu      ] GC(696) User=0.01s Sys=0.00s Real=0.00s
[428.999s][info][gc,start    ] GC(697) Pause Young (Normal) (G1 Evacuation Pause)
[428.999s][info][gc,task     ] GC(697) Using 8 workers of 8 for evacuation
[429.001s][info][gc,phases   ] GC(697)   Pre Evacuate Collection Set: 0.1ms
[429.001s][info][gc,phases   ] GC(697)   Merge Heap Roots: 0.1ms
[429.001s][info][gc,phases   ] GC(697)   Evacuate Collection Set: 1.5ms
[429.001s][info][gc,phases   ] GC(697)   Post Evacuate Collection Set: 0.3ms
[429.001s][info][gc,phases   ] GC(697)   Other: 0.1ms
[429.001s][info][gc,heap     ] GC(697) Eden regions: 33->0(33)
[429.001s][info][gc,heap     ] GC(697) Survivor regions: 1->1(5)
[429.001s][info][gc,heap     ] GC(697) Old regions: 16->16
[429.001s][info][gc,heap     ] GC(697) Humongous regions: 1->1
[429.001s][info][gc,metaspace] GC(697) Metaspace: 54624K(56000K)->54624K(56000K) NonClass: 47425K(48256K)->47425K(48256K) Class: 7199K(7744K)->7199K(7744K)
[429.001s][info][gc          ] GC(697) Pause Young (Normal) (G1 Evacuation Pause) 196M->64M(228M) 2.266ms
[429.001s][info][gc,cpu      ] GC(697) User=0.01s Sys=0.00s Real=0.00s
[429.326s][info][gc,start    ] GC(698) Pause Young (Normal) (G1 Evacuation Pause)
[429.326s][info][gc,task     ] GC(698) Using 8 workers of 8 for evacuation
[429.328s][info][gc,phases   ] GC(698)   Pre Evacuate Collection Set: 0.1ms
[429.328s][info][gc,phases   ] GC(698)   Merge Heap Roots: 0.1ms
[429.328s][info][gc,phases   ] GC(698)   Evacuate Collection Set: 1.4ms
[429.328s][info][gc,phases   ] GC(698)   Post Evacuate Collection Set: 0.3ms
[429.328s][info][gc,phases   ] GC(698)   Other: 0.0ms
[429.328s][info][gc,heap     ] GC(698) Eden regions: 33->0(33)
[429.328s][info][gc,heap     ] GC(698) Survivor regions: 1->1(5)
[429.328s][info][gc,heap     ] GC(698) Old regions: 16->16
[429.328s][info][gc,heap     ] GC(698) Humongous regions: 1->1
[429.328s][info][gc,metaspace] GC(698) Metaspace: 54624K(56000K)->54624K(56000K) NonClass: 47425K(48256K)->47425K(48256K) Class: 7199K(7744K)->7199K(7744K)
[429.328s][info][gc          ] GC(698) Pause Young (Normal) (G1 Evacuation Pause) 196M->64M(228M) 1.956ms
[429.328s][info][gc,cpu      ] GC(698) User=0.01s Sys=0.00s Real=0.00s
[429.611s][info][gc,start    ] GC(699) Pause Young (Normal) (G1 Evacuation Pause)
[429.611s][info][gc,task     ] GC(699) Using 8 workers of 8 for evacuation
[429.614s][info][gc,phases   ] GC(699)   Pre Evacuate Collection Set: 0.1ms
[429.614s][info][gc,phases   ] GC(699)   Merge Heap Roots: 0.1ms
[429.614s][info][gc,phases   ] GC(699)   Evacuate Collection Set: 1.5ms
[429.614s][info][gc,phases   ] GC(699)   Post Evacuate Collection Set: 0.4ms
[429.614s][info][gc,phases   ] GC(699)   Other: 0.0ms
[429.614s][info][gc,heap     ] GC(699) Eden regions: 33->0(33)
[429.614s][info][gc,heap     ] GC(699) Survivor regions: 1->1(5)
[429.614s][info][gc,heap     ] GC(699) Old regions: 16->16
[429.614s][info][gc,heap     ] GC(699) Humongous regions: 1->1
[429.614s][info][gc,metaspace] GC(699) Metaspace: 54624K(56000K)->54624K(56000K) NonClass: 47425K(48256K)->47425K(48256K) Class: 7199K(7744K)->7199K(7744K)
[429.614s][info][gc          ] GC(699) Pause Young (Normal) (G1 Evacuation Pause) 196M->64M(228M) 2.298ms
[429.614s][info][gc,cpu      ] GC(699) User=0.01s Sys=0.00s Real=0.01s
[429.970s][info][gc,start    ] GC(700) Pause Young (Normal) (G1 Evacuation Pause)
[429.970s][info][gc,task     ] GC(700) Using 8 workers of 8 for evacuation
[429.972s][info][gc,phases   ] GC(700)   Pre Evacuate Collection Set: 0.1ms
[429.972s][info][gc,phases   ] GC(700)   Merge Heap Roots: 0.1ms
[429.972s][info][gc,phases   ] GC(700)   Evacuate Collection Set: 1.6ms
[429.972s][info][gc,phases   ] GC(700)   Post Evacuate Collection Set: 0.4ms
[429.972s][info][gc,phases   ] GC(700)   Other: 0.0ms
[429.972s][info][gc,heap     ] GC(700) Eden regions: 33->0(33)
[429.972s][info][gc,heap     ] GC(700) Survivor regions: 1->1(5)
[429.972s][info][gc,heap     ] GC(700) Old regions: 16->16
[429.972s][info][gc,heap     ] GC(700) Humongous regions: 1->1
[429.972s][info][gc,metaspace] GC(700) Metaspace: 54624K(56000K)->54624K(56000K) NonClass: 47425K(48256K)->47425K(48256K) Class: 7199K(7744K)->7199K(7744K)
[429.972s][info][gc          ] GC(700) Pause Young (Normal) (G1 Evacuation Pause) 196M->64M(228M) 2.323ms
[429.972s][info][gc,cpu      ] GC(700) User=0.01s Sys=0.00s Real=0.01s
[430.323s][info][gc,start    ] GC(701) Pause Young (Normal) (G1 Evacuation Pause)
[430.323s][info][gc,task     ] GC(701) Using 8 workers of 8 for evacuation
[430.325s][info][gc,phases   ] GC(701)   Pre Evacuate Collection Set: 0.1ms
[430.325s][info][gc,phases   ] GC(701)   Merge Heap Roots: 0.1ms
[430.325s][info][gc,phases   ] GC(701)   Evacuate Collection Set: 1.6ms
[430.325s][info][gc,phases   ] GC(701)   Post Evacuate Collection Set: 0.3ms
[430.325s][info][gc,phases   ] GC(701)   Other: 0.0ms
[430.325s][info][gc,heap     ] GC(701) Eden regions: 33->0(33)
[430.325s][info][gc,heap     ] GC(701) Survivor regions: 1->1(5)
[430.325s][info][gc,heap     ] GC(701) Old regions: 16->16
[430.325s][info][gc,heap     ] GC(701) Humongous regions: 1->1
[430.325s][info][gc,metaspace] GC(701) Metaspace: 54624K(56000K)->54624K(56000K) NonClass: 47425K(48256K)->47425K(48256K) Class: 7199K(7744K)->7199K(7744K)
[430.325s][info][gc          ] GC(701) Pause Young (Normal) (G1 Evacuation Pause) 196M->64M(228M) 2.248ms
[430.325s][info][gc,cpu      ] GC(701) User=0.00s Sys=0.00s Real=0.00s
[430.699s][info][gc,start    ] GC(702) Pause Young (Normal) (G1 Evacuation Pause)
[430.699s][info][gc,task     ] GC(702) Using 8 workers of 8 for evacuation
[430.701s][info][gc,phases   ] GC(702)   Pre Evacuate Collection Set: 0.1ms
[430.701s][info][gc,phases   ] GC(702)   Merge Heap Roots: 0.1ms
[430.701s][info][gc,phases   ] GC(702)   Evacuate Collection Set: 1.7ms
[430.701s][info][gc,phases   ] GC(702)   Post Evacuate Collection Set: 0.2ms
[430.701s][info][gc,phases   ] GC(702)   Other: 0.0ms
[430.701s][info][gc,heap     ] GC(702) Eden regions: 33->0(33)
[430.701s][info][gc,heap     ] GC(702) Survivor regions: 1->1(5)
[430.701s][info][gc,heap     ] GC(702) Old regions: 16->16
[430.701s][info][gc,heap     ] GC(702) Humongous regions: 1->1
[430.701s][info][gc,metaspace] GC(702) Metaspace: 54624K(56000K)->54624K(56000K) NonClass: 47425K(48256K)->47425K(48256K) Class: 7199K(7744K)->7199K(7744K)
[430.701s][info][gc          ] GC(702) Pause Young (Normal) (G1 Evacuation Pause) 196M->64M(228M) 2.227ms
[430.701s][info][gc,cpu      ] GC(702) User=0.01s Sys=0.00s Real=0.00s
[430.971s][info][gc,start    ] GC(703) Pause Young (Normal) (G1 Evacuation Pause)
[430.972s][info][gc,task     ] GC(703) Using 8 workers of 8 for evacuation
[430.974s][info][gc,phases   ] GC(703)   Pre Evacuate Collection Set: 0.1ms
[430.974s][info][gc,phases   ] GC(703)   Merge Heap Roots: 0.1ms
[430.974s][info][gc,phases   ] GC(703)   Evacuate Collection Set: 1.8ms
[430.974s][info][gc,phases   ] GC(703)   Post Evacuate Collection Set: 0.3ms
[430.974s][info][gc,phases   ] GC(703)   Other: 0.0ms
[430.974s][info][gc,heap     ] GC(703) Eden regions: 33->0(33)
[430.974s][info][gc,heap     ] GC(703) Survivor regions: 1->1(5)
[430.974s][info][gc,heap     ] GC(703) Old regions: 16->16
[430.974s][info][gc,heap     ] GC(703) Humongous regions: 1->1
[430.974s][info][gc,metaspace] GC(703) Metaspace: 54624K(56000K)->54624K(56000K) NonClass: 47425K(48256K)->47425K(48256K) Class: 7199K(7744K)->7199K(7744K)
[430.974s][info][gc          ] GC(703) Pause Young (Normal) (G1 Evacuation Pause) 196M->64M(228M) 2.467ms
[430.974s][info][gc,cpu      ] GC(703) User=0.01s Sys=0.00s Real=0.01s
[431.282s][info][gc,start    ] GC(704) Pause Young (Normal) (G1 Evacuation Pause)
[431.282s][info][gc,task     ] GC(704) Using 8 workers of 8 for evacuation
[431.285s][info][gc,phases   ] GC(704)   Pre Evacuate Collection Set: 0.1ms
[431.285s][info][gc,phases   ] GC(704)   Merge Heap Roots: 0.1ms
[431.285s][info][gc,phases   ] GC(704)   Evacuate Collection Set: 2.4ms
[431.285s][info][gc,phases   ] GC(704)   Post Evacuate Collection Set: 0.3ms
[431.285s][info][gc,phases   ] GC(704)   Other: 0.0ms
[431.285s][info][gc,heap     ] GC(704) Eden regions: 33->0(33)
[431.285s][info][gc,heap     ] GC(704) Survivor regions: 1->1(5)
[431.285s][info][gc,heap     ] GC(704) Old regions: 16->16
[431.285s][info][gc,heap     ] GC(704) Humongous regions: 1->1
[431.285s][info][gc,metaspace] GC(704) Metaspace: 54624K(56000K)->54624K(56000K) NonClass: 47425K(48256K)->47425K(48256K) Class: 7199K(7744K)->7199K(7744K)
[431.285s][info][gc          ] GC(704) Pause Young (Normal) (G1 Evacuation Pause) 196M->64M(228M) 3.221ms
[431.285s][info][gc,cpu      ] GC(704) User=0.01s Sys=0.00s Real=0.00s
[431.533s][info][gc,start    ] GC(705) Pause Young (Normal) (G1 Evacuation Pause)
[431.533s][info][gc,task     ] GC(705) Using 8 workers of 8 for evacuation
[431.535s][info][gc,phases   ] GC(705)   Pre Evacuate Collection Set: 0.1ms
[431.535s][info][gc,phases   ] GC(705)   Merge Heap Roots: 0.1ms
[431.535s][info][gc,phases   ] GC(705)   Evacuate Collection Set: 1.5ms
[431.535s][info][gc,phases   ] GC(705)   Post Evacuate Collection Set: 0.3ms
[431.535s][info][gc,phases   ] GC(705)   Other: 0.0ms
[431.535s][info][gc,heap     ] GC(705) Eden regions: 33->0(33)
[431.535s][info][gc,heap     ] GC(705) Survivor regions: 1->1(5)
[431.535s][info][gc,heap     ] GC(705) Old regions: 16->16
[431.535s][info][gc,heap     ] GC(705) Humongous regions: 1->1
[431.535s][info][gc,metaspace] GC(705) Metaspace: 54624K(56000K)->54624K(56000K) NonClass: 47425K(48256K)->47425K(48256K) Class: 7199K(7744K)->7199K(7744K)
[431.535s][info][gc          ] GC(705) Pause Young (Normal) (G1 Evacuation Pause) 196M->64M(228M) 2.109ms
[431.535s][info][gc,cpu      ] GC(705) User=0.01s Sys=0.00s Real=0.00s
[431.910s][info][gc,start    ] GC(706) Pause Young (Normal) (G1 Evacuation Pause)
[431.910s][info][gc,task     ] GC(706) Using 8 workers of 8 for evacuation
[431.912s][info][gc,phases   ] GC(706)   Pre Evacuate Collection Set: 0.1ms
[431.912s][info][gc,phases   ] GC(706)   Merge Heap Roots: 0.1ms
[431.912s][info][gc,phases   ] GC(706)   Evacuate Collection Set: 1.7ms
[431.912s][info][gc,phases   ] GC(706)   Post Evacuate Collection Set: 0.2ms
[431.912s][info][gc,phases   ] GC(706)   Other: 0.0ms
[431.912s][info][gc,heap     ] GC(706) Eden regions: 33->0(33)
[431.912s][info][gc,heap     ] GC(706) Survivor regions: 1->1(5)
[431.912s][info][gc,heap     ] GC(706) Old regions: 16->16
[431.912s][info][gc,heap     ] GC(706) Humongous regions: 1->1
[431.912s][info][gc,metaspace] GC(706) Metaspace: 54624K(56000K)->54624K(56000K) NonClass: 47425K(48256K)->47425K(48256K) Class: 7199K(7744K)->7199K(7744K)
[431.912s][info][gc          ] GC(706) Pause Young (Normal) (G1 Evacuation Pause) 196M->64M(228M) 2.314ms
[431.912s][info][gc,cpu      ] GC(706) User=0.01s Sys=0.00s Real=0.01s
[432.246s][info][gc,start    ] GC(707) Pause Young (Normal) (G1 Evacuation Pause)
[432.246s][info][gc,task     ] GC(707) Using 8 workers of 8 for evacuation
[432.251s][info][gc,phases   ] GC(707)   Pre Evacuate Collection Set: 0.1ms
[432.251s][info][gc,phases   ] GC(707)   Merge Heap Roots: 0.1ms
[432.251s][info][gc,phases   ] GC(707)   Evacuate Collection Set: 4.5ms
[432.251s][info][gc,phases   ] GC(707)   Post Evacuate Collection Set: 0.3ms
[432.251s][info][gc,phases   ] GC(707)   Other: 0.0ms
[432.251s][info][gc,heap     ] GC(707) Eden regions: 33->0(33)
[432.251s][info][gc,heap     ] GC(707) Survivor regions: 1->1(5)
[432.251s][info][gc,heap     ] GC(707) Old regions: 16->16
[432.251s][info][gc,heap     ] GC(707) Humongous regions: 1->1
[432.251s][info][gc,metaspace] GC(707) Metaspace: 54624K(56000K)->54624K(56000K) NonClass: 47425K(48256K)->47425K(48256K) Class: 7199K(7744K)->7199K(7744K)
[432.251s][info][gc          ] GC(707) Pause Young (Normal) (G1 Evacuation Pause) 196M->64M(228M) 5.237ms
[432.251s][info][gc,cpu      ] GC(707) User=0.01s Sys=0.00s Real=0.00s
[432.882s][info][gc,start    ] GC(708) Pause Young (Normal) (G1 Evacuation Pause)
[432.882s][info][gc,task     ] GC(708) Using 8 workers of 8 for evacuation
[432.884s][info][gc,phases   ] GC(708)   Pre Evacuate Collection Set: 0.1ms
[432.885s][info][gc,phases   ] GC(708)   Merge Heap Roots: 0.1ms
[432.885s][info][gc,phases   ] GC(708)   Evacuate Collection Set: 1.5ms
[432.885s][info][gc,phases   ] GC(708)   Post Evacuate Collection Set: 0.3ms
[432.885s][info][gc,phases   ] GC(708)   Other: 0.1ms
[432.885s][info][gc,heap     ] GC(708) Eden regions: 33->0(33)
[432.885s][info][gc,heap     ] GC(708) Survivor regions: 1->1(5)
[432.885s][info][gc,heap     ] GC(708) Old regions: 16->16
[432.885s][info][gc,heap     ] GC(708) Humongous regions: 1->1
[432.885s][info][gc,metaspace] GC(708) Metaspace: 54624K(56000K)->54624K(56000K) NonClass: 47425K(48256K)->47425K(48256K) Class: 7199K(7744K)->7199K(7744K)
[432.885s][info][gc          ] GC(708) Pause Young (Normal) (G1 Evacuation Pause) 196M->64M(228M) 2.222ms
[432.885s][info][gc,cpu      ] GC(708) User=0.01s Sys=0.00s Real=0.00s
[433.177s][info][gc,start    ] GC(709) Pause Young (Normal) (G1 Evacuation Pause)
[433.177s][info][gc,task     ] GC(709) Using 8 workers of 8 for evacuation
[433.179s][info][gc,phases   ] GC(709)   Pre Evacuate Collection Set: 0.1ms
[433.179s][info][gc,phases   ] GC(709)   Merge Heap Roots: 0.0ms
[433.179s][info][gc,phases   ] GC(709)   Evacuate Collection Set: 1.4ms
[433.179s][info][gc,phases   ] GC(709)   Post Evacuate Collection Set: 0.2ms
[433.179s][info][gc,phases   ] GC(709)   Other: 0.1ms
[433.179s][info][gc,heap     ] GC(709) Eden regions: 33->0(33)
[433.179s][info][gc,heap     ] GC(709) Survivor regions: 1->1(5)
[433.179s][info][gc,heap     ] GC(709) Old regions: 16->16
[433.179s][info][gc,heap     ] GC(709) Humongous regions: 1->1
[433.179s][info][gc,metaspace] GC(709) Metaspace: 54624K(56000K)->54624K(56000K) NonClass: 47425K(48256K)->47425K(48256K) Class: 7199K(7744K)->7199K(7744K)
[433.179s][info][gc          ] GC(709) Pause Young (Normal) (G1 Evacuation Pause) 196M->64M(228M) 1.986ms
[433.179s][info][gc,cpu      ] GC(709) User=0.01s Sys=0.00s Real=0.00s
[433.447s][info][gc,start    ] GC(710) Pause Young (Normal) (G1 Evacuation Pause)
[433.447s][info][gc,task     ] GC(710) Using 8 workers of 8 for evacuation
[433.449s][info][gc,phases   ] GC(710)   Pre Evacuate Collection Set: 0.1ms
[433.449s][info][gc,phases   ] GC(710)   Merge Heap Roots: 0.1ms
[433.449s][info][gc,phases   ] GC(710)   Evacuate Collection Set: 1.7ms
[433.449s][info][gc,phases   ] GC(710)   Post Evacuate Collection Set: 0.3ms
[433.449s][info][gc,phases   ] GC(710)   Other: 0.0ms
[433.449s][info][gc,heap     ] GC(710) Eden regions: 33->0(33)
[433.449s][info][gc,heap     ] GC(710) Survivor regions: 1->1(5)
[433.449s][info][gc,heap     ] GC(710) Old regions: 16->16
[433.449s][info][gc,heap     ] GC(710) Humongous regions: 1->1
[433.449s][info][gc,metaspace] GC(710) Metaspace: 54624K(56000K)->54624K(56000K) NonClass: 47425K(48256K)->47425K(48256K) Class: 7199K(7744K)->7199K(7744K)
[433.449s][info][gc          ] GC(710) Pause Young (Normal) (G1 Evacuation Pause) 196M->64M(228M) 2.424ms
[433.449s][info][gc,cpu      ] GC(710) User=0.01s Sys=0.00s Real=0.00s
[433.831s][info][gc,start    ] GC(711) Pause Young (Normal) (G1 Evacuation Pause)
[433.831s][info][gc,task     ] GC(711) Using 8 workers of 8 for evacuation
[433.834s][info][gc,phases   ] GC(711)   Pre Evacuate Collection Set: 0.1ms
[433.834s][info][gc,phases   ] GC(711)   Merge Heap Roots: 0.1ms
[433.834s][info][gc,phases   ] GC(711)   Evacuate Collection Set: 1.9ms
[433.834s][info][gc,phases   ] GC(711)   Post Evacuate Collection Set: 0.3ms
[433.834s][info][gc,phases   ] GC(711)   Other: 0.1ms
[433.834s][info][gc,heap     ] GC(711) Eden regions: 33->0(33)
[433.834s][info][gc,heap     ] GC(711) Survivor regions: 1->1(5)
[433.834s][info][gc,heap     ] GC(711) Old regions: 16->16
[433.834s][info][gc,heap     ] GC(711) Humongous regions: 1->1
[433.834s][info][gc,metaspace] GC(711) Metaspace: 54624K(56000K)->54624K(56000K) NonClass: 47425K(48256K)->47425K(48256K) Class: 7199K(7744K)->7199K(7744K)
[433.834s][info][gc          ] GC(711) Pause Young (Normal) (G1 Evacuation Pause) 196M->64M(228M) 2.667ms
[433.834s][info][gc,cpu      ] GC(711) User=0.01s Sys=0.00s Real=0.01s
[434.280s][info][gc,start    ] GC(712) Pause Young (Normal) (G1 Evacuation Pause)
[434.280s][info][gc,task     ] GC(712) Using 8 workers of 8 for evacuation
[434.282s][info][gc,phases   ] GC(712)   Pre Evacuate Collection Set: 0.1ms
[434.282s][info][gc,phases   ] GC(712)   Merge Heap Roots: 0.1ms
[434.282s][info][gc,phases   ] GC(712)   Evacuate Collection Set: 1.5ms
[434.282s][info][gc,phases   ] GC(712)   Post Evacuate Collection Set: 0.3ms
[434.282s][info][gc,phases   ] GC(712)   Other: 0.1ms
[434.282s][info][gc,heap     ] GC(712) Eden regions: 33->0(33)
[434.282s][info][gc,heap     ] GC(712) Survivor regions: 1->1(5)
[434.282s][info][gc,heap     ] GC(712) Old regions: 16->16
[434.282s][info][gc,heap     ] GC(712) Humongous regions: 1->1
[434.282s][info][gc,metaspace] GC(712) Metaspace: 54624K(56000K)->54624K(56000K) NonClass: 47425K(48256K)->47425K(48256K) Class: 7199K(7744K)->7199K(7744K)
[434.282s][info][gc          ] GC(712) Pause Young (Normal) (G1 Evacuation Pause) 196M->64M(228M) 2.228ms
[434.282s][info][gc,cpu      ] GC(712) User=0.01s Sys=0.00s Real=0.01s
[434.930s][info][gc,start    ] GC(713) Pause Young (Normal) (G1 Evacuation Pause)
[434.930s][info][gc,task     ] GC(713) Using 8 workers of 8 for evacuation
[434.932s][info][gc,phases   ] GC(713)   Pre Evacuate Collection Set: 0.1ms
[434.932s][info][gc,phases   ] GC(713)   Merge Heap Roots: 0.1ms
[434.932s][info][gc,phases   ] GC(713)   Evacuate Collection Set: 1.7ms
[434.932s][info][gc,phases   ] GC(713)   Post Evacuate Collection Set: 0.3ms
[434.932s][info][gc,phases   ] GC(713)   Other: 0.0ms
[434.932s][info][gc,heap     ] GC(713) Eden regions: 33->0(33)
[434.932s][info][gc,heap     ] GC(713) Survivor regions: 1->1(5)
[434.932s][info][gc,heap     ] GC(713) Old regions: 16->16
[434.932s][info][gc,heap     ] GC(713) Humongous regions: 1->1
[434.932s][info][gc,metaspace] GC(713) Metaspace: 54624K(56000K)->54624K(56000K) NonClass: 47425K(48256K)->47425K(48256K) Class: 7199K(7744K)->7199K(7744K)
[434.932s][info][gc          ] GC(713) Pause Young (Normal) (G1 Evacuation Pause) 196M->64M(228M) 2.363ms
[434.932s][info][gc,cpu      ] GC(713) User=0.01s Sys=0.00s Real=0.01s
[435.379s][info][gc,start    ] GC(714) Pause Young (Normal) (G1 Evacuation Pause)
[435.379s][info][gc,task     ] GC(714) Using 8 workers of 8 for evacuation
[435.380s][info][gc,phases   ] GC(714)   Pre Evacuate Collection Set: 0.1ms
[435.380s][info][gc,phases   ] GC(714)   Merge Heap Roots: 0.0ms
[435.380s][info][gc,phases   ] GC(714)   Evacuate Collection Set: 1.3ms
[435.380s][info][gc,phases   ] GC(714)   Post Evacuate Collection Set: 0.2ms
[435.380s][info][gc,phases   ] GC(714)   Other: 0.1ms
[435.380s][info][gc,heap     ] GC(714) Eden regions: 33->0(33)
[435.380s][info][gc,heap     ] GC(714) Survivor regions: 1->1(5)
[435.380s][info][gc,heap     ] GC(714) Old regions: 16->16
[435.380s][info][gc,heap     ] GC(714) Humongous regions: 1->1
[435.380s][info][gc,metaspace] GC(714) Metaspace: 54624K(56000K)->54624K(56000K) NonClass: 47425K(48256K)->47425K(48256K) Class: 7199K(7744K)->7199K(7744K)
[435.380s][info][gc          ] GC(714) Pause Young (Normal) (G1 Evacuation Pause) 196M->64M(228M) 1.950ms
[435.381s][info][gc,cpu      ] GC(714) User=0.01s Sys=0.00s Real=0.00s
[435.874s][info][gc,start    ] GC(715) Pause Young (Normal) (G1 Evacuation Pause)
[435.874s][info][gc,task     ] GC(715) Using 8 workers of 8 for evacuation
[435.876s][info][gc,phases   ] GC(715)   Pre Evacuate Collection Set: 0.1ms
[435.876s][info][gc,phases   ] GC(715)   Merge Heap Roots: 0.1ms
[435.876s][info][gc,phases   ] GC(715)   Evacuate Collection Set: 1.4ms
[435.876s][info][gc,phases   ] GC(715)   Post Evacuate Collection Set: 0.3ms
[435.876s][info][gc,phases   ] GC(715)   Other: 0.0ms
[435.876s][info][gc,heap     ] GC(715) Eden regions: 33->0(33)
[435.876s][info][gc,heap     ] GC(715) Survivor regions: 1->1(5)
[435.876s][info][gc,heap     ] GC(715) Old regions: 16->16
[435.876s][info][gc,heap     ] GC(715) Humongous regions: 1->1
[435.876s][info][gc,metaspace] GC(715) Metaspace: 54624K(56000K)->54624K(56000K) NonClass: 47425K(48256K)->47425K(48256K) Class: 7199K(7744K)->7199K(7744K)
[435.876s][info][gc          ] GC(715) Pause Young (Normal) (G1 Evacuation Pause) 196M->65M(228M) 2.035ms
[435.876s][info][gc,cpu      ] GC(715) User=0.01s Sys=0.01s Real=0.00s
[436.145s][info][gc,start    ] GC(716) Pause Young (Normal) (G1 Evacuation Pause)
[436.149s][info][gc,task     ] GC(716) Using 8 workers of 8 for evacuation
[436.151s][info][gc,phases   ] GC(716)   Pre Evacuate Collection Set: 0.1ms
[436.151s][info][gc,phases   ] GC(716)   Merge Heap Roots: 0.1ms
[436.151s][info][gc,phases   ] GC(716)   Evacuate Collection Set: 1.5ms
[436.151s][info][gc,phases   ] GC(716)   Post Evacuate Collection Set: 0.3ms
[436.151s][info][gc,phases   ] GC(716)   Other: 0.1ms
[436.151s][info][gc,heap     ] GC(716) Eden regions: 33->0(33)
[436.151s][info][gc,heap     ] GC(716) Survivor regions: 1->1(5)
[436.151s][info][gc,heap     ] GC(716) Old regions: 16->16
[436.151s][info][gc,heap     ] GC(716) Humongous regions: 1->1
[436.151s][info][gc,metaspace] GC(716) Metaspace: 54624K(56000K)->54624K(56000K) NonClass: 47425K(48256K)->47425K(48256K) Class: 7199K(7744K)->7199K(7744K)
[436.151s][info][gc          ] GC(716) Pause Young (Normal) (G1 Evacuation Pause) 197M->65M(228M) 5.562ms
[436.151s][info][gc,cpu      ] GC(716) User=0.01s Sys=0.00s Real=0.00s
[436.453s][info][gc,start    ] GC(717) Pause Young (Normal) (G1 Evacuation Pause)
[436.453s][info][gc,task     ] GC(717) Using 8 workers of 8 for evacuation
[436.455s][info][gc,phases   ] GC(717)   Pre Evacuate Collection Set: 0.1ms
[436.455s][info][gc,phases   ] GC(717)   Merge Heap Roots: 0.1ms
[436.455s][info][gc,phases   ] GC(717)   Evacuate Collection Set: 1.6ms
[436.455s][info][gc,phases   ] GC(717)   Post Evacuate Collection Set: 0.3ms
[436.456s][info][gc,phases   ] GC(717)   Other: 0.0ms
[436.456s][info][gc,heap     ] GC(717) Eden regions: 33->0(33)
[436.456s][info][gc,heap     ] GC(717) Survivor regions: 1->1(5)
[436.456s][info][gc,heap     ] GC(717) Old regions: 16->16
[436.456s][info][gc,heap     ] GC(717) Humongous regions: 1->1
[436.456s][info][gc,metaspace] GC(717) Metaspace: 54624K(56000K)->54624K(56000K) NonClass: 47425K(48256K)->47425K(48256K) Class: 7199K(7744K)->7199K(7744K)
[436.456s][info][gc          ] GC(717) Pause Young (Normal) (G1 Evacuation Pause) 197M->65M(228M) 2.251ms
[436.456s][info][gc,cpu      ] GC(717) User=0.01s Sys=0.00s Real=0.00s
[436.776s][info][gc,start    ] GC(718) Pause Young (Normal) (G1 Evacuation Pause)
[436.776s][info][gc,task     ] GC(718) Using 8 workers of 8 for evacuation
[436.778s][info][gc,phases   ] GC(718)   Pre Evacuate Collection Set: 0.1ms
[436.778s][info][gc,phases   ] GC(718)   Merge Heap Roots: 0.1ms
[436.778s][info][gc,phases   ] GC(718)   Evacuate Collection Set: 1.4ms
[436.778s][info][gc,phases   ] GC(718)   Post Evacuate Collection Set: 0.3ms
[436.778s][info][gc,phases   ] GC(718)   Other: 0.0ms
[436.778s][info][gc,heap     ] GC(718) Eden regions: 33->0(33)
[436.778s][info][gc,heap     ] GC(718) Survivor regions: 1->1(5)
[436.778s][info][gc,heap     ] GC(718) Old regions: 16->16
[436.778s][info][gc,heap     ] GC(718) Humongous regions: 1->1
[436.778s][info][gc,metaspace] GC(718) Metaspace: 54624K(56000K)->54624K(56000K) NonClass: 47425K(48256K)->47425K(48256K) Class: 7199K(7744K)->7199K(7744K)
[436.778s][info][gc          ] GC(718) Pause Young (Normal) (G1 Evacuation Pause) 197M->65M(228M) 2.000ms
[436.778s][info][gc,cpu      ] GC(718) User=0.01s Sys=0.00s Real=0.00s
[437.101s][info][gc,start    ] GC(719) Pause Young (Normal) (G1 Evacuation Pause)
[437.101s][info][gc,task     ] GC(719) Using 8 workers of 8 for evacuation
[437.104s][info][gc,phases   ] GC(719)   Pre Evacuate Collection Set: 0.1ms
[437.104s][info][gc,phases   ] GC(719)   Merge Heap Roots: 0.1ms
[437.104s][info][gc,phases   ] GC(719)   Evacuate Collection Set: 1.7ms
[437.104s][info][gc,phases   ] GC(719)   Post Evacuate Collection Set: 0.3ms
[437.104s][info][gc,phases   ] GC(719)   Other: 0.0ms
[437.104s][info][gc,heap     ] GC(719) Eden regions: 33->0(33)
[437.104s][info][gc,heap     ] GC(719) Survivor regions: 1->1(5)
[437.104s][info][gc,heap     ] GC(719) Old regions: 16->16
[437.104s][info][gc,heap     ] GC(719) Humongous regions: 1->1
[437.104s][info][gc,metaspace] GC(719) Metaspace: 54624K(56000K)->54624K(56000K) NonClass: 47425K(48256K)->47425K(48256K) Class: 7199K(7744K)->7199K(7744K)
[437.104s][info][gc          ] GC(719) Pause Young (Normal) (G1 Evacuation Pause) 197M->65M(228M) 2.306ms
[437.104s][info][gc,cpu      ] GC(719) User=0.01s Sys=0.00s Real=0.01s
[437.406s][info][gc,start    ] GC(720) Pause Young (Normal) (G1 Evacuation Pause)
[437.406s][info][gc,task     ] GC(720) Using 8 workers of 8 for evacuation
[437.408s][info][gc,phases   ] GC(720)   Pre Evacuate Collection Set: 0.1ms
[437.408s][info][gc,phases   ] GC(720)   Merge Heap Roots: 0.0ms
[437.408s][info][gc,phases   ] GC(720)   Evacuate Collection Set: 1.4ms
[437.408s][info][gc,phases   ] GC(720)   Post Evacuate Collection Set: 0.2ms
[437.408s][info][gc,phases   ] GC(720)   Other: 0.0ms
[437.408s][info][gc,heap     ] GC(720) Eden regions: 33->0(33)
[437.408s][info][gc,heap     ] GC(720) Survivor regions: 1->1(5)
[437.408s][info][gc,heap     ] GC(720) Old regions: 16->16
[437.408s][info][gc,heap     ] GC(720) Humongous regions: 1->1
[437.408s][info][gc,metaspace] GC(720) Metaspace: 54624K(56000K)->54624K(56000K) NonClass: 47425K(48256K)->47425K(48256K) Class: 7199K(7744K)->7199K(7744K)
[437.408s][info][gc          ] GC(720) Pause Young (Normal) (G1 Evacuation Pause) 197M->65M(228M) 1.974ms
[437.408s][info][gc,cpu      ] GC(720) User=0.01s Sys=0.01s Real=0.00s
[437.756s][info][gc,start    ] GC(721) Pause Young (Normal) (G1 Evacuation Pause)
[437.757s][info][gc,task     ] GC(721) Using 8 workers of 8 for evacuation
[437.759s][info][gc,phases   ] GC(721)   Pre Evacuate Collection Set: 0.1ms
[437.759s][info][gc,phases   ] GC(721)   Merge Heap Roots: 0.1ms
[437.759s][info][gc,phases   ] GC(721)   Evacuate Collection Set: 1.6ms
[437.759s][info][gc,phases   ] GC(721)   Post Evacuate Collection Set: 0.2ms
[437.759s][info][gc,phases   ] GC(721)   Other: 0.0ms
[437.759s][info][gc,heap     ] GC(721) Eden regions: 33->0(33)
[437.759s][info][gc,heap     ] GC(721) Survivor regions: 1->1(5)
[437.759s][info][gc,heap     ] GC(721) Old regions: 16->16
[437.759s][info][gc,heap     ] GC(721) Humongous regions: 1->1
[437.759s][info][gc,metaspace] GC(721) Metaspace: 54624K(56000K)->54624K(56000K) NonClass: 47425K(48256K)->47425K(48256K) Class: 7199K(7744K)->7199K(7744K)
[437.759s][info][gc          ] GC(721) Pause Young (Normal) (G1 Evacuation Pause) 197M->65M(228M) 2.164ms
[437.759s][info][gc,cpu      ] GC(721) User=0.01s Sys=0.00s Real=0.00s
[438.047s][info][gc,start    ] GC(722) Pause Young (Normal) (G1 Evacuation Pause)
[438.047s][info][gc,task     ] GC(722) Using 8 workers of 8 for evacuation
[438.049s][info][gc,phases   ] GC(722)   Pre Evacuate Collection Set: 0.1ms
[438.049s][info][gc,phases   ] GC(722)   Merge Heap Roots: 0.1ms
[438.049s][info][gc,phases   ] GC(722)   Evacuate Collection Set: 1.6ms
[438.049s][info][gc,phases   ] GC(722)   Post Evacuate Collection Set: 0.2ms
[438.049s][info][gc,phases   ] GC(722)   Other: 0.0ms
[438.049s][info][gc,heap     ] GC(722) Eden regions: 33->0(33)
[438.049s][info][gc,heap     ] GC(722) Survivor regions: 1->1(5)
[438.049s][info][gc,heap     ] GC(722) Old regions: 16->16
[438.049s][info][gc,heap     ] GC(722) Humongous regions: 1->1
[438.049s][info][gc,metaspace] GC(722) Metaspace: 54624K(56000K)->54624K(56000K) NonClass: 47425K(48256K)->47425K(48256K) Class: 7199K(7744K)->7199K(7744K)
[438.049s][info][gc          ] GC(722) Pause Young (Normal) (G1 Evacuation Pause) 197M->65M(228M) 2.246ms
[438.049s][info][gc,cpu      ] GC(722) User=0.01s Sys=0.00s Real=0.00s
[438.335s][info][gc,start    ] GC(723) Pause Young (Normal) (G1 Evacuation Pause)
[438.335s][info][gc,task     ] GC(723) Using 8 workers of 8 for evacuation
[438.338s][info][gc,phases   ] GC(723)   Pre Evacuate Collection Set: 0.1ms
[438.338s][info][gc,phases   ] GC(723)   Merge Heap Roots: 0.1ms
[438.338s][info][gc,phases   ] GC(723)   Evacuate Collection Set: 2.2ms
[438.338s][info][gc,phases   ] GC(723)   Post Evacuate Collection Set: 0.3ms
[438.338s][info][gc,phases   ] GC(723)   Other: 0.1ms
[438.338s][info][gc,heap     ] GC(723) Eden regions: 33->0(33)
[438.338s][info][gc,heap     ] GC(723) Survivor regions: 1->1(5)
[438.338s][info][gc,heap     ] GC(723) Old regions: 16->16
[438.338s][info][gc,heap     ] GC(723) Humongous regions: 1->1
[438.338s][info][gc,metaspace] GC(723) Metaspace: 54624K(56000K)->54624K(56000K) NonClass: 47425K(48256K)->47425K(48256K) Class: 7199K(7744K)->7199K(7744K)
[438.338s][info][gc          ] GC(723) Pause Young (Normal) (G1 Evacuation Pause) 197M->65M(228M) 2.850ms
[438.338s][info][gc,cpu      ] GC(723) User=0.01s Sys=0.00s Real=0.00s
[438.839s][info][gc,start    ] GC(724) Pause Young (Normal) (G1 Evacuation Pause)
[438.839s][info][gc,task     ] GC(724) Using 8 workers of 8 for evacuation
[438.841s][info][gc,phases   ] GC(724)   Pre Evacuate Collection Set: 0.1ms
[438.841s][info][gc,phases   ] GC(724)   Merge Heap Roots: 0.1ms
[438.841s][info][gc,phases   ] GC(724)   Evacuate Collection Set: 1.9ms
[438.841s][info][gc,phases   ] GC(724)   Post Evacuate Collection Set: 0.3ms
[438.841s][info][gc,phases   ] GC(724)   Other: 0.0ms
[438.841s][info][gc,heap     ] GC(724) Eden regions: 33->0(33)
[438.841s][info][gc,heap     ] GC(724) Survivor regions: 1->1(5)
[438.841s][info][gc,heap     ] GC(724) Old regions: 16->16
[438.841s][info][gc,heap     ] GC(724) Humongous regions: 1->1
[438.841s][info][gc,metaspace] GC(724) Metaspace: 54624K(56000K)->54624K(56000K) NonClass: 47425K(48256K)->47425K(48256K) Class: 7199K(7744K)->7199K(7744K)
[438.841s][info][gc          ] GC(724) Pause Young (Normal) (G1 Evacuation Pause) 197M->65M(228M) 2.632ms
[438.841s][info][gc,cpu      ] GC(724) User=0.01s Sys=0.01s Real=0.00s
[439.136s][info][gc,start    ] GC(725) Pause Young (Normal) (G1 Evacuation Pause)
[439.137s][info][gc,task     ] GC(725) Using 8 workers of 8 for evacuation
[439.139s][info][gc,phases   ] GC(725)   Pre Evacuate Collection Set: 0.1ms
[439.139s][info][gc,phases   ] GC(725)   Merge Heap Roots: 0.1ms
[439.139s][info][gc,phases   ] GC(725)   Evacuate Collection Set: 1.6ms
[439.139s][info][gc,phases   ] GC(725)   Post Evacuate Collection Set: 0.3ms
[439.139s][info][gc,phases   ] GC(725)   Other: 0.0ms
[439.139s][info][gc,heap     ] GC(725) Eden regions: 33->0(33)
[439.139s][info][gc,heap     ] GC(725) Survivor regions: 1->1(5)
[439.139s][info][gc,heap     ] GC(725) Old regions: 16->17
[439.139s][info][gc,heap     ] GC(725) Humongous regions: 1->1
[439.139s][info][gc,metaspace] GC(725) Metaspace: 54624K(56000K)->54624K(56000K) NonClass: 47425K(48256K)->47425K(48256K) Class: 7199K(7744K)->7199K(7744K)
[439.139s][info][gc          ] GC(725) Pause Young (Normal) (G1 Evacuation Pause) 197M->65M(228M) 2.165ms
[439.139s][info][gc,cpu      ] GC(725) User=0.00s Sys=0.00s Real=0.00s
[439.474s][info][gc,start    ] GC(726) Pause Young (Normal) (G1 Evacuation Pause)
[439.474s][info][gc,task     ] GC(726) Using 8 workers of 8 for evacuation
[439.476s][info][gc,phases   ] GC(726)   Pre Evacuate Collection Set: 0.1ms
[439.476s][info][gc,phases   ] GC(726)   Merge Heap Roots: 0.1ms
[439.476s][info][gc,phases   ] GC(726)   Evacuate Collection Set: 1.7ms
[439.476s][info][gc,phases   ] GC(726)   Post Evacuate Collection Set: 0.2ms
[439.476s][info][gc,phases   ] GC(726)   Other: 0.1ms
[439.476s][info][gc,heap     ] GC(726) Eden regions: 33->0(33)
[439.476s][info][gc,heap     ] GC(726) Survivor regions: 1->1(5)
[439.476s][info][gc,heap     ] GC(726) Old regions: 17->17
[439.476s][info][gc,heap     ] GC(726) Humongous regions: 1->1
[439.476s][info][gc,metaspace] GC(726) Metaspace: 54624K(56000K)->54624K(56000K) NonClass: 47425K(48256K)->47425K(48256K) Class: 7199K(7744K)->7199K(7744K)
[439.476s][info][gc          ] GC(726) Pause Young (Normal) (G1 Evacuation Pause) 197M->65M(228M) 2.452ms
[439.476s][info][gc,cpu      ] GC(726) User=0.01s Sys=0.00s Real=0.00s
[439.807s][info][gc,start    ] GC(727) Pause Young (Normal) (G1 Evacuation Pause)
[439.807s][info][gc,task     ] GC(727) Using 8 workers of 8 for evacuation
[439.810s][info][gc,phases   ] GC(727)   Pre Evacuate Collection Set: 0.1ms
[439.810s][info][gc,phases   ] GC(727)   Merge Heap Roots: 0.1ms
[439.810s][info][gc,phases   ] GC(727)   Evacuate Collection Set: 1.7ms
[439.810s][info][gc,phases   ] GC(727)   Post Evacuate Collection Set: 0.3ms
[439.810s][info][gc,phases   ] GC(727)   Other: 0.2ms
[439.810s][info][gc,heap     ] GC(727) Eden regions: 33->0(33)
[439.810s][info][gc,heap     ] GC(727) Survivor regions: 1->1(5)
[439.810s][info][gc,heap     ] GC(727) Old regions: 17->17
[439.810s][info][gc,heap     ] GC(727) Humongous regions: 1->1
[439.810s][info][gc,metaspace] GC(727) Metaspace: 54624K(56000K)->54624K(56000K) NonClass: 47425K(48256K)->47425K(48256K) Class: 7199K(7744K)->7199K(7744K)
[439.810s][info][gc          ] GC(727) Pause Young (Normal) (G1 Evacuation Pause) 197M->65M(228M) 2.583ms
[439.810s][info][gc,cpu      ] GC(727) User=0.01s Sys=0.00s Real=0.00s
[440.072s][info][gc,start    ] GC(728) Pause Young (Normal) (G1 Evacuation Pause)
[440.072s][info][gc,task     ] GC(728) Using 8 workers of 8 for evacuation
[440.074s][info][gc,phases   ] GC(728)   Pre Evacuate Collection Set: 0.1ms
[440.074s][info][gc,phases   ] GC(728)   Merge Heap Roots: 0.1ms
[440.074s][info][gc,phases   ] GC(728)   Evacuate Collection Set: 1.6ms
[440.074s][info][gc,phases   ] GC(728)   Post Evacuate Collection Set: 0.2ms
[440.074s][info][gc,phases   ] GC(728)   Other: 0.1ms
[440.074s][info][gc,heap     ] GC(728) Eden regions: 33->0(33)
[440.074s][info][gc,heap     ] GC(728) Survivor regions: 1->1(5)
[440.074s][info][gc,heap     ] GC(728) Old regions: 17->17
[440.074s][info][gc,heap     ] GC(728) Humongous regions: 1->1
[440.074s][info][gc,metaspace] GC(728) Metaspace: 54624K(56000K)->54624K(56000K) NonClass: 47425K(48256K)->47425K(48256K) Class: 7199K(7744K)->7199K(7744K)
[440.074s][info][gc          ] GC(728) Pause Young (Normal) (G1 Evacuation Pause) 197M->65M(228M) 2.125ms
[440.074s][info][gc,cpu      ] GC(728) User=0.01s Sys=0.00s Real=0.01s
[440.367s][info][gc,start    ] GC(729) Pause Young (Normal) (G1 Evacuation Pause)
[440.367s][info][gc,task     ] GC(729) Using 8 workers of 8 for evacuation
[440.369s][info][gc,phases   ] GC(729)   Pre Evacuate Collection Set: 0.1ms
[440.369s][info][gc,phases   ] GC(729)   Merge Heap Roots: 0.1ms
[440.369s][info][gc,phases   ] GC(729)   Evacuate Collection Set: 1.5ms
[440.369s][info][gc,phases   ] GC(729)   Post Evacuate Collection Set: 0.3ms
[440.369s][info][gc,phases   ] GC(729)   Other: 0.0ms
[440.369s][info][gc,heap     ] GC(729) Eden regions: 33->0(33)
[440.369s][info][gc,heap     ] GC(729) Survivor regions: 1->1(5)
[440.369s][info][gc,heap     ] GC(729) Old regions: 17->17
[440.369s][info][gc,heap     ] GC(729) Humongous regions: 1->1
[440.369s][info][gc,metaspace] GC(729) Metaspace: 54624K(56000K)->54624K(56000K) NonClass: 47425K(48256K)->47425K(48256K) Class: 7199K(7744K)->7199K(7744K)
[440.369s][info][gc          ] GC(729) Pause Young (Normal) (G1 Evacuation Pause) 197M->65M(228M) 2.107ms
[440.369s][info][gc,cpu      ] GC(729) User=0.01s Sys=0.00s Real=0.00s
[440.825s][info][gc,start    ] GC(730) Pause Young (Normal) (G1 Evacuation Pause)
[440.825s][info][gc,task     ] GC(730) Using 8 workers of 8 for evacuation
[440.827s][info][gc,phases   ] GC(730)   Pre Evacuate Collection Set: 0.1ms
[440.827s][info][gc,phases   ] GC(730)   Merge Heap Roots: 0.1ms
[440.827s][info][gc,phases   ] GC(730)   Evacuate Collection Set: 1.5ms
[440.827s][info][gc,phases   ] GC(730)   Post Evacuate Collection Set: 0.2ms
[440.827s][info][gc,phases   ] GC(730)   Other: 0.0ms
[440.827s][info][gc,heap     ] GC(730) Eden regions: 33->0(33)
[440.827s][info][gc,heap     ] GC(730) Survivor regions: 1->1(5)
[440.827s][info][gc,heap     ] GC(730) Old regions: 17->17
[440.827s][info][gc,heap     ] GC(730) Humongous regions: 1->1
[440.827s][info][gc,metaspace] GC(730) Metaspace: 54624K(56000K)->54624K(56000K) NonClass: 47425K(48256K)->47425K(48256K) Class: 7199K(7744K)->7199K(7744K)
[440.827s][info][gc          ] GC(730) Pause Young (Normal) (G1 Evacuation Pause) 197M->65M(228M) 2.066ms
[440.827s][info][gc,cpu      ] GC(730) User=0.00s Sys=0.00s Real=0.00s
[441.210s][info][gc,start    ] GC(731) Pause Young (Normal) (G1 Evacuation Pause)
[441.210s][info][gc,task     ] GC(731) Using 8 workers of 8 for evacuation
[441.212s][info][gc,phases   ] GC(731)   Pre Evacuate Collection Set: 0.1ms
[441.212s][info][gc,phases   ] GC(731)   Merge Heap Roots: 0.1ms
[441.212s][info][gc,phases   ] GC(731)   Evacuate Collection Set: 1.4ms
[441.212s][info][gc,phases   ] GC(731)   Post Evacuate Collection Set: 0.2ms
[441.212s][info][gc,phases   ] GC(731)   Other: 0.0ms
[441.212s][info][gc,heap     ] GC(731) Eden regions: 33->0(33)
[441.212s][info][gc,heap     ] GC(731) Survivor regions: 1->1(5)
[441.212s][info][gc,heap     ] GC(731) Old regions: 17->17
[441.212s][info][gc,heap     ] GC(731) Humongous regions: 1->1
[441.212s][info][gc,metaspace] GC(731) Metaspace: 54624K(56000K)->54624K(56000K) NonClass: 47425K(48256K)->47425K(48256K) Class: 7199K(7744K)->7199K(7744K)
[441.212s][info][gc          ] GC(731) Pause Young (Normal) (G1 Evacuation Pause) 197M->65M(228M) 1.946ms
[441.212s][info][gc,cpu      ] GC(731) User=0.01s Sys=0.00s Real=0.01s
[441.586s][info][gc,start    ] GC(732) Pause Young (Normal) (G1 Evacuation Pause)
[441.586s][info][gc,task     ] GC(732) Using 8 workers of 8 for evacuation
[441.588s][info][gc,phases   ] GC(732)   Pre Evacuate Collection Set: 0.2ms
[441.588s][info][gc,phases   ] GC(732)   Merge Heap Roots: 0.0ms
[441.588s][info][gc,phases   ] GC(732)   Evacuate Collection Set: 1.8ms
[441.588s][info][gc,phases   ] GC(732)   Post Evacuate Collection Set: 0.3ms
[441.588s][info][gc,phases   ] GC(732)   Other: 0.0ms
[441.588s][info][gc,heap     ] GC(732) Eden regions: 33->0(33)
[441.588s][info][gc,heap     ] GC(732) Survivor regions: 1->1(5)
[441.588s][info][gc,heap     ] GC(732) Old regions: 17->17
[441.588s][info][gc,heap     ] GC(732) Humongous regions: 1->1
[441.588s][info][gc,metaspace] GC(732) Metaspace: 54624K(56000K)->54624K(56000K) NonClass: 47425K(48256K)->47425K(48256K) Class: 7199K(7744K)->7199K(7744K)
[441.588s][info][gc          ] GC(732) Pause Young (Normal) (G1 Evacuation Pause) 197M->65M(228M) 2.500ms
[441.588s][info][gc,cpu      ] GC(732) User=0.01s Sys=0.00s Real=0.00s
[441.986s][info][gc,start    ] GC(733) Pause Young (Normal) (G1 Evacuation Pause)
[441.986s][info][gc,task     ] GC(733) Using 8 workers of 8 for evacuation
[441.988s][info][gc,phases   ] GC(733)   Pre Evacuate Collection Set: 0.1ms
[441.988s][info][gc,phases   ] GC(733)   Merge Heap Roots: 0.1ms
[441.988s][info][gc,phases   ] GC(733)   Evacuate Collection Set: 1.5ms
[441.988s][info][gc,phases   ] GC(733)   Post Evacuate Collection Set: 0.2ms
[441.988s][info][gc,phases   ] GC(733)   Other: 0.0ms
[441.988s][info][gc,heap     ] GC(733) Eden regions: 33->0(33)
[441.988s][info][gc,heap     ] GC(733) Survivor regions: 1->1(5)
[441.988s][info][gc,heap     ] GC(733) Old regions: 17->17
[441.988s][info][gc,heap     ] GC(733) Humongous regions: 1->1
[441.988s][info][gc,metaspace] GC(733) Metaspace: 54624K(56000K)->54624K(56000K) NonClass: 47425K(48256K)->47425K(48256K) Class: 7199K(7744K)->7199K(7744K)
[441.988s][info][gc          ] GC(733) Pause Young (Normal) (G1 Evacuation Pause) 197M->65M(228M) 2.097ms
[441.988s][info][gc,cpu      ] GC(733) User=0.01s Sys=0.00s Real=0.00s
[442.421s][info][gc,start    ] GC(734) Pause Young (Normal) (G1 Evacuation Pause)
[442.421s][info][gc,task     ] GC(734) Using 8 workers of 8 for evacuation
[442.423s][info][gc,phases   ] GC(734)   Pre Evacuate Collection Set: 0.1ms
[442.423s][info][gc,phases   ] GC(734)   Merge Heap Roots: 0.1ms
[442.423s][info][gc,phases   ] GC(734)   Evacuate Collection Set: 1.5ms
[442.423s][info][gc,phases   ] GC(734)   Post Evacuate Collection Set: 0.3ms
[442.423s][info][gc,phases   ] GC(734)   Other: 0.1ms
[442.423s][info][gc,heap     ] GC(734) Eden regions: 33->0(33)
[442.423s][info][gc,heap     ] GC(734) Survivor regions: 1->1(5)
[442.423s][info][gc,heap     ] GC(734) Old regions: 17->17
[442.423s][info][gc,heap     ] GC(734) Humongous regions: 1->1
[442.423s][info][gc,metaspace] GC(734) Metaspace: 54624K(56000K)->54624K(56000K) NonClass: 47425K(48256K)->47425K(48256K) Class: 7199K(7744K)->7199K(7744K)
[442.423s][info][gc          ] GC(734) Pause Young (Normal) (G1 Evacuation Pause) 197M->65M(228M) 2.176ms
[442.423s][info][gc,cpu      ] GC(734) User=0.00s Sys=0.00s Real=0.01s
[442.761s][info][gc,start    ] GC(735) Pause Young (Normal) (G1 Evacuation Pause)
[442.761s][info][gc,task     ] GC(735) Using 8 workers of 8 for evacuation
[442.763s][info][gc,phases   ] GC(735)   Pre Evacuate Collection Set: 0.1ms
[442.763s][info][gc,phases   ] GC(735)   Merge Heap Roots: 0.0ms
[442.763s][info][gc,phases   ] GC(735)   Evacuate Collection Set: 1.7ms
[442.763s][info][gc,phases   ] GC(735)   Post Evacuate Collection Set: 0.2ms
[442.763s][info][gc,phases   ] GC(735)   Other: 0.0ms
[442.763s][info][gc,heap     ] GC(735) Eden regions: 33->0(33)
[442.763s][info][gc,heap     ] GC(735) Survivor regions: 1->1(5)
[442.763s][info][gc,heap     ] GC(735) Old regions: 17->17
[442.763s][info][gc,heap     ] GC(735) Humongous regions: 1->1
[442.763s][info][gc,metaspace] GC(735) Metaspace: 54624K(56000K)->54624K(56000K) NonClass: 47425K(48256K)->47425K(48256K) Class: 7199K(7744K)->7199K(7744K)
[442.763s][info][gc          ] GC(735) Pause Young (Normal) (G1 Evacuation Pause) 197M->65M(228M) 2.240ms
[442.763s][info][gc,cpu      ] GC(735) User=0.01s Sys=0.00s Real=0.01s
[443.074s][info][gc,start    ] GC(736) Pause Young (Normal) (G1 Evacuation Pause)
[443.074s][info][gc,task     ] GC(736) Using 8 workers of 8 for evacuation
[443.076s][info][gc,phases   ] GC(736)   Pre Evacuate Collection Set: 0.1ms
[443.076s][info][gc,phases   ] GC(736)   Merge Heap Roots: 0.1ms
[443.076s][info][gc,phases   ] GC(736)   Evacuate Collection Set: 1.6ms
[443.076s][info][gc,phases   ] GC(736)   Post Evacuate Collection Set: 0.3ms
[443.076s][info][gc,phases   ] GC(736)   Other: 0.0ms
[443.076s][info][gc,heap     ] GC(736) Eden regions: 33->0(33)
[443.076s][info][gc,heap     ] GC(736) Survivor regions: 1->1(5)
[443.076s][info][gc,heap     ] GC(736) Old regions: 17->17
[443.076s][info][gc,heap     ] GC(736) Humongous regions: 1->1
[443.076s][info][gc,metaspace] GC(736) Metaspace: 54624K(56000K)->54624K(56000K) NonClass: 47425K(48256K)->47425K(48256K) Class: 7199K(7744K)->7199K(7744K)
[443.076s][info][gc          ] GC(736) Pause Young (Normal) (G1 Evacuation Pause) 197M->65M(228M) 2.184ms
[443.076s][info][gc,cpu      ] GC(736) User=0.01s Sys=0.01s Real=0.00s
[443.339s][info][gc,start    ] GC(737) Pause Young (Normal) (G1 Evacuation Pause)
[443.339s][info][gc,task     ] GC(737) Using 8 workers of 8 for evacuation
[443.341s][info][gc,phases   ] GC(737)   Pre Evacuate Collection Set: 0.1ms
[443.341s][info][gc,phases   ] GC(737)   Merge Heap Roots: 0.1ms
[443.341s][info][gc,phases   ] GC(737)   Evacuate Collection Set: 1.8ms
[443.341s][info][gc,phases   ] GC(737)   Post Evacuate Collection Set: 0.3ms
[443.341s][info][gc,phases   ] GC(737)   Other: 0.0ms
[443.341s][info][gc,heap     ] GC(737) Eden regions: 33->0(33)
[443.341s][info][gc,heap     ] GC(737) Survivor regions: 1->1(5)
[443.341s][info][gc,heap     ] GC(737) Old regions: 17->17
[443.341s][info][gc,heap     ] GC(737) Humongous regions: 1->1
[443.341s][info][gc,metaspace] GC(737) Metaspace: 54624K(56000K)->54624K(56000K) NonClass: 47425K(48256K)->47425K(48256K) Class: 7199K(7744K)->7199K(7744K)
[443.341s][info][gc          ] GC(737) Pause Young (Normal) (G1 Evacuation Pause) 197M->65M(228M) 2.394ms
[443.341s][info][gc,cpu      ] GC(737) User=0.01s Sys=0.00s Real=0.00s
[443.637s][info][gc,start    ] GC(738) Pause Young (Normal) (G1 Evacuation Pause)
[443.637s][info][gc,task     ] GC(738) Using 8 workers of 8 for evacuation
[443.640s][info][gc,phases   ] GC(738)   Pre Evacuate Collection Set: 0.1ms
[443.640s][info][gc,phases   ] GC(738)   Merge Heap Roots: 0.1ms
[443.640s][info][gc,phases   ] GC(738)   Evacuate Collection Set: 2.4ms
[443.640s][info][gc,phases   ] GC(738)   Post Evacuate Collection Set: 0.3ms
[443.640s][info][gc,phases   ] GC(738)   Other: 0.0ms
[443.640s][info][gc,heap     ] GC(738) Eden regions: 33->0(33)
[443.640s][info][gc,heap     ] GC(738) Survivor regions: 1->1(5)
[443.640s][info][gc,heap     ] GC(738) Old regions: 17->17
[443.640s][info][gc,heap     ] GC(738) Humongous regions: 1->1
[443.640s][info][gc,metaspace] GC(738) Metaspace: 54624K(56000K)->54624K(56000K) NonClass: 47425K(48256K)->47425K(48256K) Class: 7199K(7744K)->7199K(7744K)
[443.640s][info][gc          ] GC(738) Pause Young (Normal) (G1 Evacuation Pause) 197M->65M(228M) 3.052ms
[443.640s][info][gc,cpu      ] GC(738) User=0.01s Sys=0.00s Real=0.00s
[443.966s][info][gc,start    ] GC(739) Pause Young (Normal) (G1 Evacuation Pause)
[443.966s][info][gc,task     ] GC(739) Using 8 workers of 8 for evacuation
[443.969s][info][gc,phases   ] GC(739)   Pre Evacuate Collection Set: 0.1ms
[443.969s][info][gc,phases   ] GC(739)   Merge Heap Roots: 0.1ms
[443.969s][info][gc,phases   ] GC(739)   Evacuate Collection Set: 2.4ms
[443.969s][info][gc,phases   ] GC(739)   Post Evacuate Collection Set: 0.3ms
[443.969s][info][gc,phases   ] GC(739)   Other: 0.0ms
[443.969s][info][gc,heap     ] GC(739) Eden regions: 33->0(33)
[443.969s][info][gc,heap     ] GC(739) Survivor regions: 1->1(5)
[443.969s][info][gc,heap     ] GC(739) Old regions: 17->17
[443.969s][info][gc,heap     ] GC(739) Humongous regions: 1->1
[443.969s][info][gc,metaspace] GC(739) Metaspace: 54624K(56000K)->54624K(56000K) NonClass: 47425K(48256K)->47425K(48256K) Class: 7199K(7744K)->7199K(7744K)
[443.969s][info][gc          ] GC(739) Pause Young (Normal) (G1 Evacuation Pause) 197M->65M(228M) 3.225ms
[443.969s][info][gc,cpu      ] GC(739) User=0.01s Sys=0.00s Real=0.00s
[444.310s][info][gc,start    ] GC(740) Pause Young (Normal) (G1 Evacuation Pause)
[444.310s][info][gc,task     ] GC(740) Using 8 workers of 8 for evacuation
[444.312s][info][gc,phases   ] GC(740)   Pre Evacuate Collection Set: 0.1ms
[444.312s][info][gc,phases   ] GC(740)   Merge Heap Roots: 0.1ms
[444.312s][info][gc,phases   ] GC(740)   Evacuate Collection Set: 1.8ms
[444.312s][info][gc,phases   ] GC(740)   Post Evacuate Collection Set: 0.3ms
[444.312s][info][gc,phases   ] GC(740)   Other: 0.0ms
[444.312s][info][gc,heap     ] GC(740) Eden regions: 33->0(33)
[444.312s][info][gc,heap     ] GC(740) Survivor regions: 1->1(5)
[444.312s][info][gc,heap     ] GC(740) Old regions: 17->17
[444.312s][info][gc,heap     ] GC(740) Humongous regions: 1->1
[444.313s][info][gc,metaspace] GC(740) Metaspace: 54624K(56000K)->54624K(56000K) NonClass: 47425K(48256K)->47425K(48256K) Class: 7199K(7744K)->7199K(7744K)
[444.313s][info][gc          ] GC(740) Pause Young (Normal) (G1 Evacuation Pause) 197M->66M(228M) 2.418ms
[444.313s][info][gc,cpu      ] GC(740) User=0.00s Sys=0.01s Real=0.01s
[444.597s][info][gc,start    ] GC(741) Pause Young (Normal) (G1 Evacuation Pause)
[444.597s][info][gc,task     ] GC(741) Using 8 workers of 8 for evacuation
[444.599s][info][gc,phases   ] GC(741)   Pre Evacuate Collection Set: 0.1ms
[444.599s][info][gc,phases   ] GC(741)   Merge Heap Roots: 0.1ms
[444.599s][info][gc,phases   ] GC(741)   Evacuate Collection Set: 1.5ms
[444.599s][info][gc,phases   ] GC(741)   Post Evacuate Collection Set: 0.3ms
[444.599s][info][gc,phases   ] GC(741)   Other: 0.1ms
[444.599s][info][gc,heap     ] GC(741) Eden regions: 33->0(33)
[444.599s][info][gc,heap     ] GC(741) Survivor regions: 1->1(5)
[444.599s][info][gc,heap     ] GC(741) Old regions: 17->17
[444.599s][info][gc,heap     ] GC(741) Humongous regions: 1->1
[444.599s][info][gc,metaspace] GC(741) Metaspace: 54624K(56000K)->54624K(56000K) NonClass: 47425K(48256K)->47425K(48256K) Class: 7199K(7744K)->7199K(7744K)
[444.599s][info][gc          ] GC(741) Pause Young (Normal) (G1 Evacuation Pause) 198M->65M(228M) 2.248ms
[444.599s][info][gc,cpu      ] GC(741) User=0.01s Sys=0.00s Real=0.00s
[444.905s][info][gc,start    ] GC(742) Pause Young (Normal) (G1 Evacuation Pause)
[444.905s][info][gc,task     ] GC(742) Using 8 workers of 8 for evacuation
[444.907s][info][gc,phases   ] GC(742)   Pre Evacuate Collection Set: 0.1ms
[444.907s][info][gc,phases   ] GC(742)   Merge Heap Roots: 0.1ms
[444.907s][info][gc,phases   ] GC(742)   Evacuate Collection Set: 1.4ms
[444.907s][info][gc,phases   ] GC(742)   Post Evacuate Collection Set: 0.2ms
[444.907s][info][gc,phases   ] GC(742)   Other: 0.0ms
[444.907s][info][gc,heap     ] GC(742) Eden regions: 33->0(33)
[444.907s][info][gc,heap     ] GC(742) Survivor regions: 1->1(5)
[444.907s][info][gc,heap     ] GC(742) Old regions: 17->17
[444.907s][info][gc,heap     ] GC(742) Humongous regions: 1->1
[444.907s][info][gc,metaspace] GC(742) Metaspace: 54624K(56000K)->54624K(56000K) NonClass: 47425K(48256K)->47425K(48256K) Class: 7199K(7744K)->7199K(7744K)
[444.907s][info][gc          ] GC(742) Pause Young (Normal) (G1 Evacuation Pause) 197M->66M(228M) 2.011ms
[444.907s][info][gc,cpu      ] GC(742) User=0.01s Sys=0.00s Real=0.00s
[445.192s][info][gc,start    ] GC(743) Pause Young (Normal) (G1 Evacuation Pause)
[445.192s][info][gc,task     ] GC(743) Using 8 workers of 8 for evacuation
[445.194s][info][gc,phases   ] GC(743)   Pre Evacuate Collection Set: 0.1ms
[445.194s][info][gc,phases   ] GC(743)   Merge Heap Roots: 0.1ms
[445.194s][info][gc,phases   ] GC(743)   Evacuate Collection Set: 1.5ms
[445.194s][info][gc,phases   ] GC(743)   Post Evacuate Collection Set: 0.2ms
[445.194s][info][gc,phases   ] GC(743)   Other: 0.0ms
[445.194s][info][gc,heap     ] GC(743) Eden regions: 33->0(33)
[445.194s][info][gc,heap     ] GC(743) Survivor regions: 1->1(5)
[445.194s][info][gc,heap     ] GC(743) Old regions: 17->17
[445.194s][info][gc,heap     ] GC(743) Humongous regions: 1->1
[445.194s][info][gc,metaspace] GC(743) Metaspace: 54624K(56000K)->54624K(56000K) NonClass: 47425K(48256K)->47425K(48256K) Class: 7199K(7744K)->7199K(7744K)
[445.194s][info][gc          ] GC(743) Pause Young (Normal) (G1 Evacuation Pause) 198M->66M(228M) 2.049ms
[445.194s][info][gc,cpu      ] GC(743) User=0.01s Sys=0.00s Real=0.00s
[445.410s][info][gc,start    ] GC(744) Pause Young (Normal) (G1 Evacuation Pause)
[445.410s][info][gc,task     ] GC(744) Using 8 workers of 8 for evacuation
[445.412s][info][gc,phases   ] GC(744)   Pre Evacuate Collection Set: 0.1ms
[445.412s][info][gc,phases   ] GC(744)   Merge Heap Roots: 0.1ms
[445.412s][info][gc,phases   ] GC(744)   Evacuate Collection Set: 1.5ms
[445.412s][info][gc,phases   ] GC(744)   Post Evacuate Collection Set: 0.3ms
[445.412s][info][gc,phases   ] GC(744)   Other: 0.0ms
[445.412s][info][gc,heap     ] GC(744) Eden regions: 33->0(33)
[445.412s][info][gc,heap     ] GC(744) Survivor regions: 1->1(5)
[445.412s][info][gc,heap     ] GC(744) Old regions: 17->17
[445.412s][info][gc,heap     ] GC(744) Humongous regions: 1->1
[445.412s][info][gc,metaspace] GC(744) Metaspace: 54624K(56000K)->54624K(56000K) NonClass: 47425K(48256K)->47425K(48256K) Class: 7199K(7744K)->7199K(7744K)
[445.412s][info][gc          ] GC(744) Pause Young (Normal) (G1 Evacuation Pause) 198M->66M(228M) 2.119ms
[445.413s][info][gc,cpu      ] GC(744) User=0.00s Sys=0.00s Real=0.01s
[445.682s][info][gc,start    ] GC(745) Pause Young (Normal) (G1 Evacuation Pause)
[445.682s][info][gc,task     ] GC(745) Using 8 workers of 8 for evacuation
[445.684s][info][gc,phases   ] GC(745)   Pre Evacuate Collection Set: 0.1ms
[445.684s][info][gc,phases   ] GC(745)   Merge Heap Roots: 0.0ms
[445.684s][info][gc,phases   ] GC(745)   Evacuate Collection Set: 1.5ms
[445.684s][info][gc,phases   ] GC(745)   Post Evacuate Collection Set: 0.3ms
[445.684s][info][gc,phases   ] GC(745)   Other: 0.0ms
[445.684s][info][gc,heap     ] GC(745) Eden regions: 33->0(33)
[445.684s][info][gc,heap     ] GC(745) Survivor regions: 1->1(5)
[445.684s][info][gc,heap     ] GC(745) Old regions: 17->17
[445.684s][info][gc,heap     ] GC(745) Humongous regions: 1->1
[445.684s][info][gc,metaspace] GC(745) Metaspace: 54624K(56000K)->54624K(56000K) NonClass: 47425K(48256K)->47425K(48256K) Class: 7199K(7744K)->7199K(7744K)
[445.684s][info][gc          ] GC(745) Pause Young (Normal) (G1 Evacuation Pause) 198M->66M(228M) 2.095ms
[445.684s][info][gc,cpu      ] GC(745) User=0.01s Sys=0.00s Real=0.01s
[445.989s][info][gc,start    ] GC(746) Pause Young (Normal) (G1 Evacuation Pause)
[445.989s][info][gc,task     ] GC(746) Using 8 workers of 8 for evacuation
[445.991s][info][gc,phases   ] GC(746)   Pre Evacuate Collection Set: 0.1ms
[445.991s][info][gc,phases   ] GC(746)   Merge Heap Roots: 0.1ms
[445.991s][info][gc,phases   ] GC(746)   Evacuate Collection Set: 1.8ms
[445.991s][info][gc,phases   ] GC(746)   Post Evacuate Collection Set: 0.2ms
[445.991s][info][gc,phases   ] GC(746)   Other: 0.0ms
[445.991s][info][gc,heap     ] GC(746) Eden regions: 33->0(33)
[445.991s][info][gc,heap     ] GC(746) Survivor regions: 1->1(5)
[445.991s][info][gc,heap     ] GC(746) Old regions: 17->17
[445.991s][info][gc,heap     ] GC(746) Humongous regions: 1->1
[445.991s][info][gc,metaspace] GC(746) Metaspace: 54624K(56000K)->54624K(56000K) NonClass: 47425K(48256K)->47425K(48256K) Class: 7199K(7744K)->7199K(7744K)
[445.991s][info][gc          ] GC(746) Pause Young (Normal) (G1 Evacuation Pause) 198M->66M(228M) 2.527ms
[445.991s][info][gc,cpu      ] GC(746) User=0.01s Sys=0.01s Real=0.00s
[446.296s][info][gc,start    ] GC(747) Pause Young (Normal) (G1 Evacuation Pause)
[446.296s][info][gc,task     ] GC(747) Using 8 workers of 8 for evacuation
[446.298s][info][gc,phases   ] GC(747)   Pre Evacuate Collection Set: 0.1ms
[446.298s][info][gc,phases   ] GC(747)   Merge Heap Roots: 0.1ms
[446.298s][info][gc,phases   ] GC(747)   Evacuate Collection Set: 1.4ms
[446.298s][info][gc,phases   ] GC(747)   Post Evacuate Collection Set: 0.3ms
[446.298s][info][gc,phases   ] GC(747)   Other: 0.1ms
[446.298s][info][gc,heap     ] GC(747) Eden regions: 33->0(33)
[446.298s][info][gc,heap     ] GC(747) Survivor regions: 1->1(5)
[446.298s][info][gc,heap     ] GC(747) Old regions: 17->17
[446.298s][info][gc,heap     ] GC(747) Humongous regions: 1->1
[446.298s][info][gc,metaspace] GC(747) Metaspace: 54624K(56000K)->54624K(56000K) NonClass: 47425K(48256K)->47425K(48256K) Class: 7199K(7744K)->7199K(7744K)
[446.298s][info][gc          ] GC(747) Pause Young (Normal) (G1 Evacuation Pause) 198M->66M(228M) 2.071ms
[446.298s][info][gc,cpu      ] GC(747) User=0.01s Sys=0.00s Real=0.00s
[446.754s][info][gc,start    ] GC(748) Pause Young (Normal) (G1 Evacuation Pause)
[446.754s][info][gc,task     ] GC(748) Using 8 workers of 8 for evacuation
[446.756s][info][gc,phases   ] GC(748)   Pre Evacuate Collection Set: 0.2ms
[446.756s][info][gc,phases   ] GC(748)   Merge Heap Roots: 0.1ms
[446.756s][info][gc,phases   ] GC(748)   Evacuate Collection Set: 1.7ms
[446.756s][info][gc,phases   ] GC(748)   Post Evacuate Collection Set: 0.3ms
[446.756s][info][gc,phases   ] GC(748)   Other: 0.0ms
[446.756s][info][gc,heap     ] GC(748) Eden regions: 33->0(33)
[446.756s][info][gc,heap     ] GC(748) Survivor regions: 1->1(5)
[446.757s][info][gc,heap     ] GC(748) Old regions: 17->17
[446.757s][info][gc,heap     ] GC(748) Humongous regions: 1->1
[446.757s][info][gc,metaspace] GC(748) Metaspace: 54624K(56000K)->54624K(56000K) NonClass: 47425K(48256K)->47425K(48256K) Class: 7199K(7744K)->7199K(7744K)
[446.757s][info][gc          ] GC(748) Pause Young (Normal) (G1 Evacuation Pause) 198M->66M(228M) 2.517ms
[446.757s][info][gc,cpu      ] GC(748) User=0.01s Sys=0.01s Real=0.00s
[446.988s][info][gc,start    ] GC(749) Pause Young (Normal) (G1 Evacuation Pause)
[446.988s][info][gc,task     ] GC(749) Using 8 workers of 8 for evacuation
[446.989s][info][gc,phases   ] GC(749)   Pre Evacuate Collection Set: 0.1ms
[446.989s][info][gc,phases   ] GC(749)   Merge Heap Roots: 0.1ms
[446.989s][info][gc,phases   ] GC(749)   Evacuate Collection Set: 1.1ms
[446.989s][info][gc,phases   ] GC(749)   Post Evacuate Collection Set: 0.2ms
[446.989s][info][gc,phases   ] GC(749)   Other: 0.0ms
[446.989s][info][gc,heap     ] GC(749) Eden regions: 33->0(33)
[446.990s][info][gc,heap     ] GC(749) Survivor regions: 1->1(5)
[446.990s][info][gc,heap     ] GC(749) Old regions: 17->17
[446.990s][info][gc,heap     ] GC(749) Humongous regions: 1->1
[446.990s][info][gc,metaspace] GC(749) Metaspace: 54624K(56000K)->54624K(56000K) NonClass: 47425K(48256K)->47425K(48256K) Class: 7199K(7744K)->7199K(7744K)
[446.990s][info][gc          ] GC(749) Pause Young (Normal) (G1 Evacuation Pause) 198M->66M(228M) 1.681ms
[446.990s][info][gc,cpu      ] GC(749) User=0.01s Sys=0.00s Real=0.00s
[447.233s][info][gc,start    ] GC(750) Pause Young (Normal) (G1 Evacuation Pause)
[447.233s][info][gc,task     ] GC(750) Using 8 workers of 8 for evacuation
[447.235s][info][gc,phases   ] GC(750)   Pre Evacuate Collection Set: 0.1ms
[447.235s][info][gc,phases   ] GC(750)   Merge Heap Roots: 0.1ms
[447.235s][info][gc,phases   ] GC(750)   Evacuate Collection Set: 1.6ms
[447.235s][info][gc,phases   ] GC(750)   Post Evacuate Collection Set: 0.3ms
[447.235s][info][gc,phases   ] GC(750)   Other: 0.1ms
[447.235s][info][gc,heap     ] GC(750) Eden regions: 33->0(33)
[447.235s][info][gc,heap     ] GC(750) Survivor regions: 1->1(5)
[447.235s][info][gc,heap     ] GC(750) Old regions: 17->17
[447.235s][info][gc,heap     ] GC(750) Humongous regions: 1->1
[447.235s][info][gc,metaspace] GC(750) Metaspace: 54624K(56000K)->54624K(56000K) NonClass: 47425K(48256K)->47425K(48256K) Class: 7199K(7744K)->7199K(7744K)
[447.235s][info][gc          ] GC(750) Pause Young (Normal) (G1 Evacuation Pause) 198M->66M(228M) 2.266ms
[447.235s][info][gc,cpu      ] GC(750) User=0.01s Sys=0.00s Real=0.00s
[447.444s][info][gc,start    ] GC(751) Pause Young (Normal) (G1 Evacuation Pause)
[447.444s][info][gc,task     ] GC(751) Using 8 workers of 8 for evacuation
[447.446s][info][gc,phases   ] GC(751)   Pre Evacuate Collection Set: 0.1ms
[447.447s][info][gc,phases   ] GC(751)   Merge Heap Roots: 0.1ms
[447.447s][info][gc,phases   ] GC(751)   Evacuate Collection Set: 1.7ms
[447.447s][info][gc,phases   ] GC(751)   Post Evacuate Collection Set: 0.3ms
[447.447s][info][gc,phases   ] GC(751)   Other: 0.1ms
[447.447s][info][gc,heap     ] GC(751) Eden regions: 33->0(33)
[447.447s][info][gc,heap     ] GC(751) Survivor regions: 1->1(5)
[447.447s][info][gc,heap     ] GC(751) Old regions: 17->17
[447.447s][info][gc,heap     ] GC(751) Humongous regions: 1->1
[447.447s][info][gc,metaspace] GC(751) Metaspace: 54624K(56000K)->54624K(56000K) NonClass: 47425K(48256K)->47425K(48256K) Class: 7199K(7744K)->7199K(7744K)
[447.447s][info][gc          ] GC(751) Pause Young (Normal) (G1 Evacuation Pause) 198M->66M(228M) 2.293ms
[447.447s][info][gc,cpu      ] GC(751) User=0.01s Sys=0.00s Real=0.00s
[447.809s][info][gc,start    ] GC(752) Pause Young (Normal) (G1 Evacuation Pause)
[447.809s][info][gc,task     ] GC(752) Using 8 workers of 8 for evacuation
[447.812s][info][gc,phases   ] GC(752)   Pre Evacuate Collection Set: 0.1ms
[447.812s][info][gc,phases   ] GC(752)   Merge Heap Roots: 0.1ms
[447.812s][info][gc,phases   ] GC(752)   Evacuate Collection Set: 1.6ms
[447.812s][info][gc,phases   ] GC(752)   Post Evacuate Collection Set: 0.2ms
[447.812s][info][gc,phases   ] GC(752)   Other: 0.0ms
[447.812s][info][gc,heap     ] GC(752) Eden regions: 33->0(33)
[447.812s][info][gc,heap     ] GC(752) Survivor regions: 1->1(5)
[447.812s][info][gc,heap     ] GC(752) Old regions: 17->17
[447.812s][info][gc,heap     ] GC(752) Humongous regions: 1->1
[447.812s][info][gc,metaspace] GC(752) Metaspace: 54624K(56000K)->54624K(56000K) NonClass: 47425K(48256K)->47425K(48256K) Class: 7199K(7744K)->7199K(7744K)
[447.812s][info][gc          ] GC(752) Pause Young (Normal) (G1 Evacuation Pause) 198M->66M(228M) 2.231ms
[447.812s][info][gc,cpu      ] GC(752) User=0.01s Sys=0.00s Real=0.00s
[448.127s][info][gc,start    ] GC(753) Pause Young (Normal) (G1 Evacuation Pause)
[448.127s][info][gc,task     ] GC(753) Using 8 workers of 8 for evacuation
[448.129s][info][gc,phases   ] GC(753)   Pre Evacuate Collection Set: 0.1ms
[448.129s][info][gc,phases   ] GC(753)   Merge Heap Roots: 0.1ms
[448.129s][info][gc,phases   ] GC(753)   Evacuate Collection Set: 1.7ms
[448.129s][info][gc,phases   ] GC(753)   Post Evacuate Collection Set: 0.2ms
[448.129s][info][gc,phases   ] GC(753)   Other: 0.0ms
[448.129s][info][gc,heap     ] GC(753) Eden regions: 33->0(33)
[448.129s][info][gc,heap     ] GC(753) Survivor regions: 1->1(5)
[448.129s][info][gc,heap     ] GC(753) Old regions: 17->17
[448.129s][info][gc,heap     ] GC(753) Humongous regions: 1->1
[448.129s][info][gc,metaspace] GC(753) Metaspace: 54624K(56000K)->54624K(56000K) NonClass: 47425K(48256K)->47425K(48256K) Class: 7199K(7744K)->7199K(7744K)
[448.129s][info][gc          ] GC(753) Pause Young (Normal) (G1 Evacuation Pause) 198M->66M(228M) 2.322ms
[448.129s][info][gc,cpu      ] GC(753) User=0.01s Sys=0.00s Real=0.00s
[448.375s][info][gc,start    ] GC(754) Pause Young (Normal) (G1 Evacuation Pause)
[448.375s][info][gc,task     ] GC(754) Using 8 workers of 8 for evacuation
[448.377s][info][gc,phases   ] GC(754)   Pre Evacuate Collection Set: 0.1ms
[448.377s][info][gc,phases   ] GC(754)   Merge Heap Roots: 0.1ms
[448.377s][info][gc,phases   ] GC(754)   Evacuate Collection Set: 1.4ms
[448.377s][info][gc,phases   ] GC(754)   Post Evacuate Collection Set: 0.3ms
[448.377s][info][gc,phases   ] GC(754)   Other: 0.1ms
[448.377s][info][gc,heap     ] GC(754) Eden regions: 33->0(33)
[448.377s][info][gc,heap     ] GC(754) Survivor regions: 1->1(5)
[448.377s][info][gc,heap     ] GC(754) Old regions: 17->17
[448.377s][info][gc,heap     ] GC(754) Humongous regions: 1->1
[448.377s][info][gc,metaspace] GC(754) Metaspace: 54624K(56000K)->54624K(56000K) NonClass: 47425K(48256K)->47425K(48256K) Class: 7199K(7744K)->7199K(7744K)
[448.377s][info][gc          ] GC(754) Pause Young (Normal) (G1 Evacuation Pause) 198M->66M(228M) 2.096ms
[448.377s][info][gc,cpu      ] GC(754) User=0.01s Sys=0.00s Real=0.00s
[448.663s][info][gc,start    ] GC(755) Pause Young (Normal) (G1 Evacuation Pause)
[448.663s][info][gc,task     ] GC(755) Using 8 workers of 8 for evacuation
[448.664s][info][gc,phases   ] GC(755)   Pre Evacuate Collection Set: 0.1ms
[448.664s][info][gc,phases   ] GC(755)   Merge Heap Roots: 0.1ms
[448.664s][info][gc,phases   ] GC(755)   Evacuate Collection Set: 1.2ms
[448.664s][info][gc,phases   ] GC(755)   Post Evacuate Collection Set: 0.2ms
[448.664s][info][gc,phases   ] GC(755)   Other: 0.0ms
[448.664s][info][gc,heap     ] GC(755) Eden regions: 33->0(33)
[448.664s][info][gc,heap     ] GC(755) Survivor regions: 1->1(5)
[448.664s][info][gc,heap     ] GC(755) Old regions: 17->17
[448.664s][info][gc,heap     ] GC(755) Humongous regions: 1->1
[448.664s][info][gc,metaspace] GC(755) Metaspace: 54624K(56000K)->54624K(56000K) NonClass: 47425K(48256K)->47425K(48256K) Class: 7199K(7744K)->7199K(7744K)
[448.664s][info][gc          ] GC(755) Pause Young (Normal) (G1 Evacuation Pause) 198M->66M(228M) 1.872ms
[448.664s][info][gc,cpu      ] GC(755) User=0.00s Sys=0.00s Real=0.00s
[448.972s][info][gc,start    ] GC(756) Pause Young (Normal) (G1 Evacuation Pause)
[448.972s][info][gc,task     ] GC(756) Using 8 workers of 8 for evacuation
[448.974s][info][gc,phases   ] GC(756)   Pre Evacuate Collection Set: 0.1ms
[448.974s][info][gc,phases   ] GC(756)   Merge Heap Roots: 0.1ms
[448.974s][info][gc,phases   ] GC(756)   Evacuate Collection Set: 1.5ms
[448.974s][info][gc,phases   ] GC(756)   Post Evacuate Collection Set: 0.3ms
[448.974s][info][gc,phases   ] GC(756)   Other: 0.0ms
[448.974s][info][gc,heap     ] GC(756) Eden regions: 33->0(33)
[448.974s][info][gc,heap     ] GC(756) Survivor regions: 1->1(5)
[448.974s][info][gc,heap     ] GC(756) Old regions: 17->17
[448.974s][info][gc,heap     ] GC(756) Humongous regions: 1->1
[448.974s][info][gc,metaspace] GC(756) Metaspace: 54624K(56000K)->54624K(56000K) NonClass: 47425K(48256K)->47425K(48256K) Class: 7199K(7744K)->7199K(7744K)
[448.974s][info][gc          ] GC(756) Pause Young (Normal) (G1 Evacuation Pause) 198M->66M(228M) 2.105ms
[448.974s][info][gc,cpu      ] GC(756) User=0.01s Sys=0.00s Real=0.01s
[449.222s][info][gc,start    ] GC(757) Pause Young (Normal) (G1 Evacuation Pause)
[449.222s][info][gc,task     ] GC(757) Using 8 workers of 8 for evacuation
[449.224s][info][gc,phases   ] GC(757)   Pre Evacuate Collection Set: 0.1ms
[449.224s][info][gc,phases   ] GC(757)   Merge Heap Roots: 0.1ms
[449.224s][info][gc,phases   ] GC(757)   Evacuate Collection Set: 1.8ms
[449.224s][info][gc,phases   ] GC(757)   Post Evacuate Collection Set: 0.3ms
[449.224s][info][gc,phases   ] GC(757)   Other: 0.0ms
[449.224s][info][gc,heap     ] GC(757) Eden regions: 33->0(33)
[449.224s][info][gc,heap     ] GC(757) Survivor regions: 1->1(5)
[449.224s][info][gc,heap     ] GC(757) Old regions: 17->17
[449.224s][info][gc,heap     ] GC(757) Humongous regions: 1->1
[449.224s][info][gc,metaspace] GC(757) Metaspace: 54624K(56000K)->54624K(56000K) NonClass: 47425K(48256K)->47425K(48256K) Class: 7199K(7744K)->7199K(7744K)
[449.224s][info][gc          ] GC(757) Pause Young (Normal) (G1 Evacuation Pause) 198M->66M(228M) 2.419ms
[449.224s][info][gc,cpu      ] GC(757) User=0.01s Sys=0.00s Real=0.00s
[449.493s][info][gc,start    ] GC(758) Pause Young (Normal) (G1 Evacuation Pause)
[449.493s][info][gc,task     ] GC(758) Using 8 workers of 8 for evacuation
[449.495s][info][gc,phases   ] GC(758)   Pre Evacuate Collection Set: 0.1ms
[449.495s][info][gc,phases   ] GC(758)   Merge Heap Roots: 0.1ms
[449.495s][info][gc,phases   ] GC(758)   Evacuate Collection Set: 1.5ms
[449.495s][info][gc,phases   ] GC(758)   Post Evacuate Collection Set: 0.2ms
[449.495s][info][gc,phases   ] GC(758)   Other: 0.0ms
[449.495s][info][gc,heap     ] GC(758) Eden regions: 33->0(33)
[449.495s][info][gc,heap     ] GC(758) Survivor regions: 1->1(5)
[449.495s][info][gc,heap     ] GC(758) Old regions: 17->17
[449.495s][info][gc,heap     ] GC(758) Humongous regions: 1->1
[449.495s][info][gc,metaspace] GC(758) Metaspace: 54624K(56000K)->54624K(56000K) NonClass: 47425K(48256K)->47425K(48256K) Class: 7199K(7744K)->7199K(7744K)
[449.495s][info][gc          ] GC(758) Pause Young (Normal) (G1 Evacuation Pause) 198M->66M(228M) 2.054ms
[449.495s][info][gc,cpu      ] GC(758) User=0.01s Sys=0.00s Real=0.00s
[449.800s][info][gc,start    ] GC(759) Pause Young (Normal) (G1 Evacuation Pause)
[449.800s][info][gc,task     ] GC(759) Using 8 workers of 8 for evacuation
[449.803s][info][gc,phases   ] GC(759)   Pre Evacuate Collection Set: 0.1ms
[449.803s][info][gc,phases   ] GC(759)   Merge Heap Roots: 0.1ms
[449.803s][info][gc,phases   ] GC(759)   Evacuate Collection Set: 2.2ms
[449.803s][info][gc,phases   ] GC(759)   Post Evacuate Collection Set: 0.2ms
[449.803s][info][gc,phases   ] GC(759)   Other: 0.1ms
[449.803s][info][gc,heap     ] GC(759) Eden regions: 33->0(33)
[449.803s][info][gc,heap     ] GC(759) Survivor regions: 1->1(5)
[449.803s][info][gc,heap     ] GC(759) Old regions: 17->17
[449.803s][info][gc,heap     ] GC(759) Humongous regions: 1->1
[449.803s][info][gc,metaspace] GC(759) Metaspace: 54624K(56000K)->54624K(56000K) NonClass: 47425K(48256K)->47425K(48256K) Class: 7199K(7744K)->7199K(7744K)
[449.803s][info][gc          ] GC(759) Pause Young (Normal) (G1 Evacuation Pause) 198M->66M(228M) 2.811ms
[449.803s][info][gc,cpu      ] GC(759) User=0.01s Sys=0.00s Real=0.01s
[450.315s][info][gc,start    ] GC(760) Pause Young (Normal) (G1 Evacuation Pause)
[450.315s][info][gc,task     ] GC(760) Using 8 workers of 8 for evacuation
[450.317s][info][gc,phases   ] GC(760)   Pre Evacuate Collection Set: 0.1ms
[450.317s][info][gc,phases   ] GC(760)   Merge Heap Roots: 0.1ms
[450.317s][info][gc,phases   ] GC(760)   Evacuate Collection Set: 2.1ms
[450.317s][info][gc,phases   ] GC(760)   Post Evacuate Collection Set: 0.2ms
[450.317s][info][gc,phases   ] GC(760)   Other: 0.1ms
[450.317s][info][gc,heap     ] GC(760) Eden regions: 33->0(33)
[450.317s][info][gc,heap     ] GC(760) Survivor regions: 1->1(5)
[450.317s][info][gc,heap     ] GC(760) Old regions: 17->17
[450.317s][info][gc,heap     ] GC(760) Humongous regions: 1->1
[450.317s][info][gc,metaspace] GC(760) Metaspace: 54624K(56000K)->54624K(56000K) NonClass: 47425K(48256K)->47425K(48256K) Class: 7199K(7744K)->7199K(7744K)
[450.317s][info][gc          ] GC(760) Pause Young (Normal) (G1 Evacuation Pause) 198M->66M(228M) 2.902ms
[450.317s][info][gc,cpu      ] GC(760) User=0.01s Sys=0.01s Real=0.00s
[450.624s][info][gc,start    ] GC(761) Pause Young (Normal) (G1 Evacuation Pause)
[450.624s][info][gc,task     ] GC(761) Using 8 workers of 8 for evacuation
[450.626s][info][gc,phases   ] GC(761)   Pre Evacuate Collection Set: 0.1ms
[450.626s][info][gc,phases   ] GC(761)   Merge Heap Roots: 0.1ms
[450.626s][info][gc,phases   ] GC(761)   Evacuate Collection Set: 1.4ms
[450.626s][info][gc,phases   ] GC(761)   Post Evacuate Collection Set: 0.2ms
[450.626s][info][gc,phases   ] GC(761)   Other: 0.1ms
[450.626s][info][gc,heap     ] GC(761) Eden regions: 33->0(33)
[450.626s][info][gc,heap     ] GC(761) Survivor regions: 1->1(5)
[450.626s][info][gc,heap     ] GC(761) Old regions: 17->17
[450.626s][info][gc,heap     ] GC(761) Humongous regions: 1->1
[450.626s][info][gc,metaspace] GC(761) Metaspace: 54624K(56000K)->54624K(56000K) NonClass: 47425K(48256K)->47425K(48256K) Class: 7199K(7744K)->7199K(7744K)
[450.626s][info][gc          ] GC(761) Pause Young (Normal) (G1 Evacuation Pause) 198M->66M(228M) 2.061ms
[450.626s][info][gc,cpu      ] GC(761) User=0.01s Sys=0.00s Real=0.00s
[450.897s][info][gc,start    ] GC(762) Pause Young (Normal) (G1 Evacuation Pause)
[450.897s][info][gc,task     ] GC(762) Using 8 workers of 8 for evacuation
[450.899s][info][gc,phases   ] GC(762)   Pre Evacuate Collection Set: 0.1ms
[450.899s][info][gc,phases   ] GC(762)   Merge Heap Roots: 0.1ms
[450.899s][info][gc,phases   ] GC(762)   Evacuate Collection Set: 1.4ms
[450.899s][info][gc,phases   ] GC(762)   Post Evacuate Collection Set: 0.2ms
[450.899s][info][gc,phases   ] GC(762)   Other: 0.1ms
[450.899s][info][gc,heap     ] GC(762) Eden regions: 33->0(33)
[450.899s][info][gc,heap     ] GC(762) Survivor regions: 1->1(5)
[450.899s][info][gc,heap     ] GC(762) Old regions: 17->17
[450.899s][info][gc,heap     ] GC(762) Humongous regions: 1->1
[450.899s][info][gc,metaspace] GC(762) Metaspace: 54624K(56000K)->54624K(56000K) NonClass: 47425K(48256K)->47425K(48256K) Class: 7199K(7744K)->7199K(7744K)
[450.899s][info][gc          ] GC(762) Pause Young (Normal) (G1 Evacuation Pause) 198M->66M(228M) 2.017ms
[450.899s][info][gc,cpu      ] GC(762) User=0.01s Sys=0.00s Real=0.00s
[451.200s][info][gc,start    ] GC(763) Pause Young (Normal) (G1 Evacuation Pause)
[451.200s][info][gc,task     ] GC(763) Using 8 workers of 8 for evacuation
[451.202s][info][gc,phases   ] GC(763)   Pre Evacuate Collection Set: 0.1ms
[451.202s][info][gc,phases   ] GC(763)   Merge Heap Roots: 0.1ms
[451.202s][info][gc,phases   ] GC(763)   Evacuate Collection Set: 1.6ms
[451.202s][info][gc,phases   ] GC(763)   Post Evacuate Collection Set: 0.2ms
[451.202s][info][gc,phases   ] GC(763)   Other: 0.0ms
[451.202s][info][gc,heap     ] GC(763) Eden regions: 33->0(33)
[451.202s][info][gc,heap     ] GC(763) Survivor regions: 1->1(5)
[451.202s][info][gc,heap     ] GC(763) Old regions: 17->17
[451.202s][info][gc,heap     ] GC(763) Humongous regions: 1->1
[451.202s][info][gc,metaspace] GC(763) Metaspace: 54624K(56000K)->54624K(56000K) NonClass: 47425K(48256K)->47425K(48256K) Class: 7199K(7744K)->7199K(7744K)
[451.202s][info][gc          ] GC(763) Pause Young (Normal) (G1 Evacuation Pause) 198M->66M(228M) 2.142ms
[451.202s][info][gc,cpu      ] GC(763) User=0.01s Sys=0.00s Real=0.00s
[451.573s][info][gc,start    ] GC(764) Pause Young (Normal) (G1 Evacuation Pause)
[451.573s][info][gc,task     ] GC(764) Using 8 workers of 8 for evacuation
[451.576s][info][gc,phases   ] GC(764)   Pre Evacuate Collection Set: 0.1ms
[451.576s][info][gc,phases   ] GC(764)   Merge Heap Roots: 0.1ms
[451.576s][info][gc,phases   ] GC(764)   Evacuate Collection Set: 1.7ms
[451.576s][info][gc,phases   ] GC(764)   Post Evacuate Collection Set: 0.3ms
[451.576s][info][gc,phases   ] GC(764)   Other: 0.0ms
[451.576s][info][gc,heap     ] GC(764) Eden regions: 33->0(33)
[451.576s][info][gc,heap     ] GC(764) Survivor regions: 1->1(5)
[451.576s][info][gc,heap     ] GC(764) Old regions: 17->17
[451.576s][info][gc,heap     ] GC(764) Humongous regions: 1->1
[451.576s][info][gc,metaspace] GC(764) Metaspace: 54624K(56000K)->54624K(56000K) NonClass: 47425K(48256K)->47425K(48256K) Class: 7199K(7744K)->7199K(7744K)
[451.576s][info][gc          ] GC(764) Pause Young (Normal) (G1 Evacuation Pause) 198M->66M(228M) 2.305ms
[451.576s][info][gc,cpu      ] GC(764) User=0.01s Sys=0.00s Real=0.00s
[452.069s][info][gc,start    ] GC(765) Pause Young (Normal) (G1 Evacuation Pause)
[452.069s][info][gc,task     ] GC(765) Using 8 workers of 8 for evacuation
[452.071s][info][gc,phases   ] GC(765)   Pre Evacuate Collection Set: 0.1ms
[452.071s][info][gc,phases   ] GC(765)   Merge Heap Roots: 0.1ms
[452.071s][info][gc,phases   ] GC(765)   Evacuate Collection Set: 1.5ms
[452.071s][info][gc,phases   ] GC(765)   Post Evacuate Collection Set: 0.2ms
[452.071s][info][gc,phases   ] GC(765)   Other: 0.0ms
[452.071s][info][gc,heap     ] GC(765) Eden regions: 33->0(33)
[452.071s][info][gc,heap     ] GC(765) Survivor regions: 1->1(5)
[452.071s][info][gc,heap     ] GC(765) Old regions: 17->17
[452.071s][info][gc,heap     ] GC(765) Humongous regions: 1->1
[452.071s][info][gc,metaspace] GC(765) Metaspace: 54624K(56000K)->54624K(56000K) NonClass: 47425K(48256K)->47425K(48256K) Class: 7199K(7744K)->7199K(7744K)
[452.071s][info][gc          ] GC(765) Pause Young (Normal) (G1 Evacuation Pause) 198M->66M(228M) 2.143ms
[452.071s][info][gc,cpu      ] GC(765) User=0.00s Sys=0.00s Real=0.00s
[452.461s][info][gc,start    ] GC(766) Pause Young (Normal) (G1 Evacuation Pause)
[452.461s][info][gc,task     ] GC(766) Using 8 workers of 8 for evacuation
[452.463s][info][gc,phases   ] GC(766)   Pre Evacuate Collection Set: 0.1ms
[452.463s][info][gc,phases   ] GC(766)   Merge Heap Roots: 0.1ms
[452.463s][info][gc,phases   ] GC(766)   Evacuate Collection Set: 1.5ms
[452.463s][info][gc,phases   ] GC(766)   Post Evacuate Collection Set: 0.2ms
[452.463s][info][gc,phases   ] GC(766)   Other: 0.1ms
[452.463s][info][gc,heap     ] GC(766) Eden regions: 33->0(33)
[452.463s][info][gc,heap     ] GC(766) Survivor regions: 1->1(5)
[452.463s][info][gc,heap     ] GC(766) Old regions: 17->17
[452.463s][info][gc,heap     ] GC(766) Humongous regions: 1->1
[452.463s][info][gc,metaspace] GC(766) Metaspace: 54624K(56000K)->54624K(56000K) NonClass: 47425K(48256K)->47425K(48256K) Class: 7199K(7744K)->7199K(7744K)
[452.463s][info][gc          ] GC(766) Pause Young (Normal) (G1 Evacuation Pause) 198M->66M(228M) 2.179ms
[452.463s][info][gc,cpu      ] GC(766) User=0.01s Sys=0.00s Real=0.01s
[452.882s][info][gc,start    ] GC(767) Pause Young (Normal) (G1 Evacuation Pause)
[452.882s][info][gc,task     ] GC(767) Using 8 workers of 8 for evacuation
[452.884s][info][gc,phases   ] GC(767)   Pre Evacuate Collection Set: 0.1ms
[452.884s][info][gc,phases   ] GC(767)   Merge Heap Roots: 0.1ms
[452.884s][info][gc,phases   ] GC(767)   Evacuate Collection Set: 1.6ms
[452.884s][info][gc,phases   ] GC(767)   Post Evacuate Collection Set: 0.3ms
[452.884s][info][gc,phases   ] GC(767)   Other: 0.0ms
[452.884s][info][gc,heap     ] GC(767) Eden regions: 33->0(33)
[452.884s][info][gc,heap     ] GC(767) Survivor regions: 1->1(5)
[452.884s][info][gc,heap     ] GC(767) Old regions: 17->17
[452.884s][info][gc,heap     ] GC(767) Humongous regions: 1->1
[452.884s][info][gc,metaspace] GC(767) Metaspace: 54624K(56000K)->54624K(56000K) NonClass: 47425K(48256K)->47425K(48256K) Class: 7199K(7744K)->7199K(7744K)
[452.884s][info][gc          ] GC(767) Pause Young (Normal) (G1 Evacuation Pause) 198M->66M(228M) 2.269ms
[452.884s][info][gc,cpu      ] GC(767) User=0.01s Sys=0.00s Real=0.01s
[453.196s][info][gc,start    ] GC(768) Pause Young (Normal) (G1 Evacuation Pause)
[453.197s][info][gc,task     ] GC(768) Using 8 workers of 8 for evacuation
[453.198s][info][gc,phases   ] GC(768)   Pre Evacuate Collection Set: 0.1ms
[453.198s][info][gc,phases   ] GC(768)   Merge Heap Roots: 0.1ms
[453.198s][info][gc,phases   ] GC(768)   Evacuate Collection Set: 1.4ms
[453.198s][info][gc,phases   ] GC(768)   Post Evacuate Collection Set: 0.3ms
[453.198s][info][gc,phases   ] GC(768)   Other: 0.0ms
[453.199s][info][gc,heap     ] GC(768) Eden regions: 33->0(33)
[453.199s][info][gc,heap     ] GC(768) Survivor regions: 1->1(5)
[453.199s][info][gc,heap     ] GC(768) Old regions: 17->17
[453.199s][info][gc,heap     ] GC(768) Humongous regions: 1->1
[453.199s][info][gc,metaspace] GC(768) Metaspace: 54624K(56000K)->54624K(56000K) NonClass: 47425K(48256K)->47425K(48256K) Class: 7199K(7744K)->7199K(7744K)
[453.199s][info][gc          ] GC(768) Pause Young (Normal) (G1 Evacuation Pause) 198M->66M(228M) 2.095ms
[453.199s][info][gc,cpu      ] GC(768) User=0.01s Sys=0.00s Real=0.00s
[453.648s][info][gc,start    ] GC(769) Pause Young (Normal) (G1 Evacuation Pause)
[453.648s][info][gc,task     ] GC(769) Using 8 workers of 8 for evacuation
[453.650s][info][gc,phases   ] GC(769)   Pre Evacuate Collection Set: 0.1ms
[453.650s][info][gc,phases   ] GC(769)   Merge Heap Roots: 0.1ms
[453.650s][info][gc,phases   ] GC(769)   Evacuate Collection Set: 1.7ms
[453.650s][info][gc,phases   ] GC(769)   Post Evacuate Collection Set: 0.3ms
[453.650s][info][gc,phases   ] GC(769)   Other: 0.1ms
[453.650s][info][gc,heap     ] GC(769) Eden regions: 33->0(33)
[453.650s][info][gc,heap     ] GC(769) Survivor regions: 1->1(5)
[453.650s][info][gc,heap     ] GC(769) Old regions: 17->17
[453.650s][info][gc,heap     ] GC(769) Humongous regions: 1->1
[453.650s][info][gc,metaspace] GC(769) Metaspace: 54624K(56000K)->54624K(56000K) NonClass: 47425K(48256K)->47425K(48256K) Class: 7199K(7744K)->7199K(7744K)
[453.650s][info][gc          ] GC(769) Pause Young (Normal) (G1 Evacuation Pause) 198M->67M(228M) 2.451ms
[453.650s][info][gc,cpu      ] GC(769) User=0.01s Sys=0.00s Real=0.00s
[453.952s][info][gc,start    ] GC(770) Pause Young (Normal) (G1 Evacuation Pause)
[453.952s][info][gc,task     ] GC(770) Using 8 workers of 8 for evacuation
[453.955s][info][gc,phases   ] GC(770)   Pre Evacuate Collection Set: 0.1ms
[453.955s][info][gc,phases   ] GC(770)   Merge Heap Roots: 0.1ms
[453.955s][info][gc,phases   ] GC(770)   Evacuate Collection Set: 1.5ms
[453.955s][info][gc,phases   ] GC(770)   Post Evacuate Collection Set: 0.5ms
[453.955s][info][gc,phases   ] GC(770)   Other: 0.1ms
[453.955s][info][gc,heap     ] GC(770) Eden regions: 33->0(33)
[453.955s][info][gc,heap     ] GC(770) Survivor regions: 1->1(5)
[453.955s][info][gc,heap     ] GC(770) Old regions: 17->17
[453.955s][info][gc,heap     ] GC(770) Humongous regions: 1->1
[453.955s][info][gc,metaspace] GC(770) Metaspace: 54624K(56000K)->54624K(56000K) NonClass: 47425K(48256K)->47425K(48256K) Class: 7199K(7744K)->7199K(7744K)
[453.955s][info][gc          ] GC(770) Pause Young (Normal) (G1 Evacuation Pause) 199M->67M(228M) 2.651ms
[453.955s][info][gc,cpu      ] GC(770) User=0.01s Sys=0.00s Real=0.00s
[454.200s][info][gc,start    ] GC(771) Pause Young (Normal) (G1 Evacuation Pause)
[454.200s][info][gc,task     ] GC(771) Using 8 workers of 8 for evacuation
[454.202s][info][gc,phases   ] GC(771)   Pre Evacuate Collection Set: 0.1ms
[454.202s][info][gc,phases   ] GC(771)   Merge Heap Roots: 0.1ms
[454.202s][info][gc,phases   ] GC(771)   Evacuate Collection Set: 1.4ms
[454.202s][info][gc,phases   ] GC(771)   Post Evacuate Collection Set: 0.2ms
[454.202s][info][gc,phases   ] GC(771)   Other: 0.0ms
[454.202s][info][gc,heap     ] GC(771) Eden regions: 33->0(33)
[454.202s][info][gc,heap     ] GC(771) Survivor regions: 1->1(5)
[454.202s][info][gc,heap     ] GC(771) Old regions: 17->17
[454.202s][info][gc,heap     ] GC(771) Humongous regions: 1->1
[454.202s][info][gc,metaspace] GC(771) Metaspace: 54624K(56000K)->54624K(56000K) NonClass: 47425K(48256K)->47425K(48256K) Class: 7199K(7744K)->7199K(7744K)
[454.202s][info][gc          ] GC(771) Pause Young (Normal) (G1 Evacuation Pause) 199M->67M(228M) 1.982ms
[454.202s][info][gc,cpu      ] GC(771) User=0.01s Sys=0.00s Real=0.00s
[463.116s][info][gc,start    ] GC(772) Pause Young (Normal) (G1 Evacuation Pause)
[463.116s][info][gc,task     ] GC(772) Using 8 workers of 8 for evacuation
[463.118s][info][gc,phases   ] GC(772)   Pre Evacuate Collection Set: 0.1ms
[463.118s][info][gc,phases   ] GC(772)   Merge Heap Roots: 0.1ms
[463.118s][info][gc,phases   ] GC(772)   Evacuate Collection Set: 1.6ms
[463.118s][info][gc,phases   ] GC(772)   Post Evacuate Collection Set: 0.2ms
[463.118s][info][gc,phases   ] GC(772)   Other: 0.0ms
[463.118s][info][gc,heap     ] GC(772) Eden regions: 33->0(33)
[463.118s][info][gc,heap     ] GC(772) Survivor regions: 1->1(5)
[463.118s][info][gc,heap     ] GC(772) Old regions: 17->17
[463.118s][info][gc,heap     ] GC(772) Humongous regions: 1->1
[463.118s][info][gc,metaspace] GC(772) Metaspace: 54624K(56000K)->54624K(56000K) NonClass: 47425K(48256K)->47425K(48256K) Class: 7199K(7744K)->7199K(7744K)
[463.118s][info][gc          ] GC(772) Pause Young (Normal) (G1 Evacuation Pause) 199M->67M(228M) 2.373ms
[463.118s][info][gc,cpu      ] GC(772) User=0.01s Sys=0.00s Real=0.00s
[463.378s][info][gc,start    ] GC(773) Pause Young (Normal) (G1 Evacuation Pause)
[463.378s][info][gc,task     ] GC(773) Using 8 workers of 8 for evacuation
[463.380s][info][gc,phases   ] GC(773)   Pre Evacuate Collection Set: 0.1ms
[463.380s][info][gc,phases   ] GC(773)   Merge Heap Roots: 0.1ms
[463.380s][info][gc,phases   ] GC(773)   Evacuate Collection Set: 1.5ms
[463.380s][info][gc,phases   ] GC(773)   Post Evacuate Collection Set: 0.3ms
[463.380s][info][gc,phases   ] GC(773)   Other: 0.0ms
[463.380s][info][gc,heap     ] GC(773) Eden regions: 33->0(33)
[463.380s][info][gc,heap     ] GC(773) Survivor regions: 1->1(5)
[463.380s][info][gc,heap     ] GC(773) Old regions: 17->17
[463.380s][info][gc,heap     ] GC(773) Humongous regions: 1->1
[463.380s][info][gc,metaspace] GC(773) Metaspace: 54624K(56000K)->54624K(56000K) NonClass: 47425K(48256K)->47425K(48256K) Class: 7199K(7744K)->7199K(7744K)
[463.380s][info][gc          ] GC(773) Pause Young (Normal) (G1 Evacuation Pause) 199M->67M(228M) 2.105ms
[463.380s][info][gc,cpu      ] GC(773) User=0.00s Sys=0.00s Real=0.00s
[463.674s][info][gc,start    ] GC(774) Pause Young (Normal) (G1 Evacuation Pause)
[463.674s][info][gc,task     ] GC(774) Using 8 workers of 8 for evacuation
[463.676s][info][gc,phases   ] GC(774)   Pre Evacuate Collection Set: 0.1ms
[463.676s][info][gc,phases   ] GC(774)   Merge Heap Roots: 0.1ms
[463.676s][info][gc,phases   ] GC(774)   Evacuate Collection Set: 1.8ms
[463.676s][info][gc,phases   ] GC(774)   Post Evacuate Collection Set: 0.3ms
[463.676s][info][gc,phases   ] GC(774)   Other: 0.0ms
[463.676s][info][gc,heap     ] GC(774) Eden regions: 33->0(33)
[463.676s][info][gc,heap     ] GC(774) Survivor regions: 1->1(5)
[463.676s][info][gc,heap     ] GC(774) Old regions: 17->17
[463.676s][info][gc,heap     ] GC(774) Humongous regions: 1->1
[463.676s][info][gc,metaspace] GC(774) Metaspace: 54624K(56000K)->54624K(56000K) NonClass: 47425K(48256K)->47425K(48256K) Class: 7199K(7744K)->7199K(7744K)
[463.676s][info][gc          ] GC(774) Pause Young (Normal) (G1 Evacuation Pause) 199M->67M(228M) 2.479ms
[463.676s][info][gc,cpu      ] GC(774) User=0.01s Sys=0.00s Real=0.00s
[463.928s][info][gc,start    ] GC(775) Pause Young (Normal) (G1 Evacuation Pause)
[463.928s][info][gc,task     ] GC(775) Using 8 workers of 8 for evacuation
[463.929s][info][gc,phases   ] GC(775)   Pre Evacuate Collection Set: 0.1ms
[463.930s][info][gc,phases   ] GC(775)   Merge Heap Roots: 0.1ms
[463.930s][info][gc,phases   ] GC(775)   Evacuate Collection Set: 1.4ms
[463.930s][info][gc,phases   ] GC(775)   Post Evacuate Collection Set: 0.2ms
[463.930s][info][gc,phases   ] GC(775)   Other: 0.0ms
[463.930s][info][gc,heap     ] GC(775) Eden regions: 33->0(33)
[463.930s][info][gc,heap     ] GC(775) Survivor regions: 1->1(5)
[463.930s][info][gc,heap     ] GC(775) Old regions: 17->17
[463.930s][info][gc,heap     ] GC(775) Humongous regions: 1->1
[463.930s][info][gc,metaspace] GC(775) Metaspace: 54624K(56000K)->54624K(56000K) NonClass: 47425K(48256K)->47425K(48256K) Class: 7199K(7744K)->7199K(7744K)
[463.930s][info][gc          ] GC(775) Pause Young (Normal) (G1 Evacuation Pause) 199M->67M(228M) 1.926ms
[463.930s][info][gc,cpu      ] GC(775) User=0.01s Sys=0.00s Real=0.00s
[464.172s][info][gc,start    ] GC(776) Pause Young (Normal) (G1 Evacuation Pause)
[464.172s][info][gc,task     ] GC(776) Using 8 workers of 8 for evacuation
[464.174s][info][gc,phases   ] GC(776)   Pre Evacuate Collection Set: 0.1ms
[464.174s][info][gc,phases   ] GC(776)   Merge Heap Roots: 0.1ms
[464.174s][info][gc,phases   ] GC(776)   Evacuate Collection Set: 1.7ms
[464.174s][info][gc,phases   ] GC(776)   Post Evacuate Collection Set: 0.3ms
[464.174s][info][gc,phases   ] GC(776)   Other: 0.0ms
[464.174s][info][gc,heap     ] GC(776) Eden regions: 33->0(33)
[464.174s][info][gc,heap     ] GC(776) Survivor regions: 1->1(5)
[464.174s][info][gc,heap     ] GC(776) Old regions: 17->17
[464.174s][info][gc,heap     ] GC(776) Humongous regions: 1->1
[464.174s][info][gc,metaspace] GC(776) Metaspace: 54624K(56000K)->54624K(56000K) NonClass: 47425K(48256K)->47425K(48256K) Class: 7199K(7744K)->7199K(7744K)
[464.174s][info][gc          ] GC(776) Pause Young (Normal) (G1 Evacuation Pause) 199M->67M(228M) 2.313ms
[464.174s][info][gc,cpu      ] GC(776) User=0.01s Sys=0.01s Real=0.01s
[464.515s][info][gc,start    ] GC(777) Pause Young (Normal) (G1 Evacuation Pause)
[464.515s][info][gc,task     ] GC(777) Using 8 workers of 8 for evacuation
[464.517s][info][gc,phases   ] GC(777)   Pre Evacuate Collection Set: 0.1ms
[464.517s][info][gc,phases   ] GC(777)   Merge Heap Roots: 0.1ms
[464.517s][info][gc,phases   ] GC(777)   Evacuate Collection Set: 1.7ms
[464.517s][info][gc,phases   ] GC(777)   Post Evacuate Collection Set: 0.4ms
[464.517s][info][gc,phases   ] GC(777)   Other: 0.1ms
[464.517s][info][gc,heap     ] GC(777) Eden regions: 33->0(33)
[464.517s][info][gc,heap     ] GC(777) Survivor regions: 1->1(5)
[464.517s][info][gc,heap     ] GC(777) Old regions: 17->17
[464.517s][info][gc,heap     ] GC(777) Humongous regions: 1->1
[464.517s][info][gc,metaspace] GC(777) Metaspace: 54624K(56000K)->54624K(56000K) NonClass: 47425K(48256K)->47425K(48256K) Class: 7199K(7744K)->7199K(7744K)
[464.517s][info][gc          ] GC(777) Pause Young (Normal) (G1 Evacuation Pause) 199M->67M(228M) 2.580ms
[464.517s][info][gc,cpu      ] GC(777) User=0.01s Sys=0.01s Real=0.00s
[464.778s][info][gc,start    ] GC(778) Pause Young (Normal) (G1 Evacuation Pause)
[464.778s][info][gc,task     ] GC(778) Using 8 workers of 8 for evacuation
[464.780s][info][gc,phases   ] GC(778)   Pre Evacuate Collection Set: 0.1ms
[464.780s][info][gc,phases   ] GC(778)   Merge Heap Roots: 0.1ms
[464.780s][info][gc,phases   ] GC(778)   Evacuate Collection Set: 1.6ms
[464.780s][info][gc,phases   ] GC(778)   Post Evacuate Collection Set: 0.2ms
[464.780s][info][gc,phases   ] GC(778)   Other: 0.0ms
[464.780s][info][gc,heap     ] GC(778) Eden regions: 33->0(33)
[464.780s][info][gc,heap     ] GC(778) Survivor regions: 1->1(5)
[464.780s][info][gc,heap     ] GC(778) Old regions: 17->17
[464.780s][info][gc,heap     ] GC(778) Humongous regions: 1->1
[464.780s][info][gc,metaspace] GC(778) Metaspace: 54624K(56000K)->54624K(56000K) NonClass: 47425K(48256K)->47425K(48256K) Class: 7199K(7744K)->7199K(7744K)
[464.780s][info][gc          ] GC(778) Pause Young (Normal) (G1 Evacuation Pause) 199M->67M(228M) 2.126ms
[464.780s][info][gc,cpu      ] GC(778) User=0.00s Sys=0.01s Real=0.00s
[465.013s][info][gc,start    ] GC(779) Pause Young (Normal) (G1 Evacuation Pause)
[465.013s][info][gc,task     ] GC(779) Using 8 workers of 8 for evacuation
[465.015s][info][gc,phases   ] GC(779)   Pre Evacuate Collection Set: 0.1ms
[465.015s][info][gc,phases   ] GC(779)   Merge Heap Roots: 0.1ms
[465.015s][info][gc,phases   ] GC(779)   Evacuate Collection Set: 1.5ms
[465.015s][info][gc,phases   ] GC(779)   Post Evacuate Collection Set: 0.2ms
[465.015s][info][gc,phases   ] GC(779)   Other: 0.0ms
[465.015s][info][gc,heap     ] GC(779) Eden regions: 33->0(33)
[465.015s][info][gc,heap     ] GC(779) Survivor regions: 1->1(5)
[465.015s][info][gc,heap     ] GC(779) Old regions: 17->17
[465.015s][info][gc,heap     ] GC(779) Humongous regions: 1->1
[465.015s][info][gc,metaspace] GC(779) Metaspace: 54624K(56000K)->54624K(56000K) NonClass: 47425K(48256K)->47425K(48256K) Class: 7199K(7744K)->7199K(7744K)
[465.015s][info][gc          ] GC(779) Pause Young (Normal) (G1 Evacuation Pause) 199M->67M(228M) 2.047ms
[465.015s][info][gc,cpu      ] GC(779) User=0.01s Sys=0.00s Real=0.00s
[465.316s][info][gc,start    ] GC(780) Pause Young (Normal) (G1 Evacuation Pause)
[465.316s][info][gc,task     ] GC(780) Using 8 workers of 8 for evacuation
[465.318s][info][gc,phases   ] GC(780)   Pre Evacuate Collection Set: 0.1ms
[465.318s][info][gc,phases   ] GC(780)   Merge Heap Roots: 0.1ms
[465.318s][info][gc,phases   ] GC(780)   Evacuate Collection Set: 1.5ms
[465.318s][info][gc,phases   ] GC(780)   Post Evacuate Collection Set: 0.3ms
[465.318s][info][gc,phases   ] GC(780)   Other: 0.0ms
[465.318s][info][gc,heap     ] GC(780) Eden regions: 33->0(33)
[465.318s][info][gc,heap     ] GC(780) Survivor regions: 1->1(5)
[465.318s][info][gc,heap     ] GC(780) Old regions: 17->17
[465.318s][info][gc,heap     ] GC(780) Humongous regions: 1->1
[465.318s][info][gc,metaspace] GC(780) Metaspace: 54624K(56000K)->54624K(56000K) NonClass: 47425K(48256K)->47425K(48256K) Class: 7199K(7744K)->7199K(7744K)
[465.318s][info][gc          ] GC(780) Pause Young (Normal) (G1 Evacuation Pause) 199M->67M(228M) 2.101ms
[465.318s][info][gc,cpu      ] GC(780) User=0.01s Sys=0.00s Real=0.00s
[465.608s][info][gc,start    ] GC(781) Pause Young (Normal) (G1 Evacuation Pause)
[465.609s][info][gc,task     ] GC(781) Using 8 workers of 8 for evacuation
[465.611s][info][gc,phases   ] GC(781)   Pre Evacuate Collection Set: 0.1ms
[465.611s][info][gc,phases   ] GC(781)   Merge Heap Roots: 0.1ms
[465.611s][info][gc,phases   ] GC(781)   Evacuate Collection Set: 1.9ms
[465.611s][info][gc,phases   ] GC(781)   Post Evacuate Collection Set: 0.3ms
[465.611s][info][gc,phases   ] GC(781)   Other: 0.0ms
[465.611s][info][gc,heap     ] GC(781) Eden regions: 33->0(33)
[465.611s][info][gc,heap     ] GC(781) Survivor regions: 1->1(5)
[465.611s][info][gc,heap     ] GC(781) Old regions: 17->17
[465.611s][info][gc,heap     ] GC(781) Humongous regions: 1->1
[465.611s][info][gc,metaspace] GC(781) Metaspace: 54624K(56000K)->54624K(56000K) NonClass: 47425K(48256K)->47425K(48256K) Class: 7199K(7744K)->7199K(7744K)
[465.611s][info][gc          ] GC(781) Pause Young (Normal) (G1 Evacuation Pause) 199M->67M(228M) 2.471ms
[465.611s][info][gc,cpu      ] GC(781) User=0.01s Sys=0.00s Real=0.00s
[465.926s][info][gc,start    ] GC(782) Pause Young (Normal) (G1 Evacuation Pause)
[465.926s][info][gc,task     ] GC(782) Using 8 workers of 8 for evacuation
[465.928s][info][gc,phases   ] GC(782)   Pre Evacuate Collection Set: 0.1ms
[465.928s][info][gc,phases   ] GC(782)   Merge Heap Roots: 0.0ms
[465.928s][info][gc,phases   ] GC(782)   Evacuate Collection Set: 1.5ms
[465.928s][info][gc,phases   ] GC(782)   Post Evacuate Collection Set: 0.3ms
[465.928s][info][gc,phases   ] GC(782)   Other: 0.0ms
[465.928s][info][gc,heap     ] GC(782) Eden regions: 33->0(33)
[465.928s][info][gc,heap     ] GC(782) Survivor regions: 1->1(5)
[465.928s][info][gc,heap     ] GC(782) Old regions: 17->17
[465.928s][info][gc,heap     ] GC(782) Humongous regions: 1->1
[465.928s][info][gc,metaspace] GC(782) Metaspace: 54624K(56000K)->54624K(56000K) NonClass: 47425K(48256K)->47425K(48256K) Class: 7199K(7744K)->7199K(7744K)
[465.928s][info][gc          ] GC(782) Pause Young (Normal) (G1 Evacuation Pause) 199M->67M(228M) 2.060ms
[465.928s][info][gc,cpu      ] GC(782) User=0.01s Sys=0.00s Real=0.00s
[466.270s][info][gc,start    ] GC(783) Pause Young (Normal) (G1 Evacuation Pause)
[466.270s][info][gc,task     ] GC(783) Using 8 workers of 8 for evacuation
[466.272s][info][gc,phases   ] GC(783)   Pre Evacuate Collection Set: 0.1ms
[466.272s][info][gc,phases   ] GC(783)   Merge Heap Roots: 0.1ms
[466.272s][info][gc,phases   ] GC(783)   Evacuate Collection Set: 1.6ms
[466.272s][info][gc,phases   ] GC(783)   Post Evacuate Collection Set: 0.3ms
[466.272s][info][gc,phases   ] GC(783)   Other: 0.0ms
[466.272s][info][gc,heap     ] GC(783) Eden regions: 33->0(33)
[466.272s][info][gc,heap     ] GC(783) Survivor regions: 1->1(5)
[466.272s][info][gc,heap     ] GC(783) Old regions: 17->17
[466.272s][info][gc,heap     ] GC(783) Humongous regions: 1->1
[466.272s][info][gc,metaspace] GC(783) Metaspace: 54624K(56000K)->54624K(56000K) NonClass: 47425K(48256K)->47425K(48256K) Class: 7199K(7744K)->7199K(7744K)
[466.272s][info][gc          ] GC(783) Pause Young (Normal) (G1 Evacuation Pause) 199M->67M(228M) 2.237ms
[466.272s][info][gc,cpu      ] GC(783) User=0.01s Sys=0.00s Real=0.00s
[466.536s][info][gc,start    ] GC(784) Pause Young (Normal) (G1 Evacuation Pause)
[466.536s][info][gc,task     ] GC(784) Using 8 workers of 8 for evacuation
[466.538s][info][gc,phases   ] GC(784)   Pre Evacuate Collection Set: 0.1ms
[466.538s][info][gc,phases   ] GC(784)   Merge Heap Roots: 0.1ms
[466.538s][info][gc,phases   ] GC(784)   Evacuate Collection Set: 1.5ms
[466.538s][info][gc,phases   ] GC(784)   Post Evacuate Collection Set: 0.2ms
[466.538s][info][gc,phases   ] GC(784)   Other: 0.0ms
[466.538s][info][gc,heap     ] GC(784) Eden regions: 33->0(33)
[466.538s][info][gc,heap     ] GC(784) Survivor regions: 1->1(5)
[466.538s][info][gc,heap     ] GC(784) Old regions: 17->17
[466.538s][info][gc,heap     ] GC(784) Humongous regions: 1->1
[466.538s][info][gc,metaspace] GC(784) Metaspace: 54624K(56000K)->54624K(56000K) NonClass: 47425K(48256K)->47425K(48256K) Class: 7199K(7744K)->7199K(7744K)
[466.538s][info][gc          ] GC(784) Pause Young (Normal) (G1 Evacuation Pause) 199M->67M(228M) 2.041ms
[466.538s][info][gc,cpu      ] GC(784) User=0.01s Sys=0.00s Real=0.00s
[466.824s][info][gc,start    ] GC(785) Pause Young (Normal) (G1 Evacuation Pause)
[466.824s][info][gc,task     ] GC(785) Using 8 workers of 8 for evacuation
[466.827s][info][gc,phases   ] GC(785)   Pre Evacuate Collection Set: 0.1ms
[466.827s][info][gc,phases   ] GC(785)   Merge Heap Roots: 0.1ms
[466.827s][info][gc,phases   ] GC(785)   Evacuate Collection Set: 1.8ms
[466.827s][info][gc,phases   ] GC(785)   Post Evacuate Collection Set: 0.2ms
[466.827s][info][gc,phases   ] GC(785)   Other: 0.0ms
[466.827s][info][gc,heap     ] GC(785) Eden regions: 33->0(33)
[466.827s][info][gc,heap     ] GC(785) Survivor regions: 1->1(5)
[466.827s][info][gc,heap     ] GC(785) Old regions: 17->17
[466.827s][info][gc,heap     ] GC(785) Humongous regions: 1->1
[466.827s][info][gc,metaspace] GC(785) Metaspace: 54624K(56000K)->54624K(56000K) NonClass: 47425K(48256K)->47425K(48256K) Class: 7199K(7744K)->7199K(7744K)
[466.827s][info][gc          ] GC(785) Pause Young (Normal) (G1 Evacuation Pause) 199M->67M(228M) 2.342ms
[466.827s][info][gc,cpu      ] GC(785) User=0.01s Sys=0.00s Real=0.00s
[467.149s][info][gc,start    ] GC(786) Pause Young (Normal) (G1 Evacuation Pause)
[467.149s][info][gc,task     ] GC(786) Using 8 workers of 8 for evacuation
[467.151s][info][gc,phases   ] GC(786)   Pre Evacuate Collection Set: 0.1ms
[467.151s][info][gc,phases   ] GC(786)   Merge Heap Roots: 0.1ms
[467.151s][info][gc,phases   ] GC(786)   Evacuate Collection Set: 1.8ms
[467.151s][info][gc,phases   ] GC(786)   Post Evacuate Collection Set: 0.2ms
[467.151s][info][gc,phases   ] GC(786)   Other: 0.0ms
[467.151s][info][gc,heap     ] GC(786) Eden regions: 33->0(33)
[467.151s][info][gc,heap     ] GC(786) Survivor regions: 1->1(5)
[467.151s][info][gc,heap     ] GC(786) Old regions: 17->17
[467.151s][info][gc,heap     ] GC(786) Humongous regions: 1->1
[467.151s][info][gc,metaspace] GC(786) Metaspace: 54624K(56000K)->54624K(56000K) NonClass: 47425K(48256K)->47425K(48256K) Class: 7199K(7744K)->7199K(7744K)
[467.151s][info][gc          ] GC(786) Pause Young (Normal) (G1 Evacuation Pause) 199M->67M(228M) 2.469ms
[467.151s][info][gc,cpu      ] GC(786) User=0.01s Sys=0.00s Real=0.00s
[467.391s][info][gc,start    ] GC(787) Pause Young (Normal) (G1 Evacuation Pause)
[467.391s][info][gc,task     ] GC(787) Using 8 workers of 8 for evacuation
[467.393s][info][gc,phases   ] GC(787)   Pre Evacuate Collection Set: 0.1ms
[467.393s][info][gc,phases   ] GC(787)   Merge Heap Roots: 0.1ms
[467.393s][info][gc,phases   ] GC(787)   Evacuate Collection Set: 1.6ms
[467.393s][info][gc,phases   ] GC(787)   Post Evacuate Collection Set: 0.2ms
[467.393s][info][gc,phases   ] GC(787)   Other: 0.0ms
[467.393s][info][gc,heap     ] GC(787) Eden regions: 33->0(33)
[467.393s][info][gc,heap     ] GC(787) Survivor regions: 1->1(5)
[467.393s][info][gc,heap     ] GC(787) Old regions: 17->17
[467.393s][info][gc,heap     ] GC(787) Humongous regions: 1->1
[467.393s][info][gc,metaspace] GC(787) Metaspace: 54624K(56000K)->54624K(56000K) NonClass: 47425K(48256K)->47425K(48256K) Class: 7199K(7744K)->7199K(7744K)
[467.393s][info][gc          ] GC(787) Pause Young (Normal) (G1 Evacuation Pause) 199M->67M(228M) 2.135ms
[467.393s][info][gc,cpu      ] GC(787) User=0.01s Sys=0.00s Real=0.01s
[467.693s][info][gc,start    ] GC(788) Pause Young (Normal) (G1 Evacuation Pause)
[467.693s][info][gc,task     ] GC(788) Using 8 workers of 8 for evacuation
[467.695s][info][gc,phases   ] GC(788)   Pre Evacuate Collection Set: 0.1ms
[467.695s][info][gc,phases   ] GC(788)   Merge Heap Roots: 0.1ms
[467.695s][info][gc,phases   ] GC(788)   Evacuate Collection Set: 1.6ms
[467.695s][info][gc,phases   ] GC(788)   Post Evacuate Collection Set: 0.3ms
[467.695s][info][gc,phases   ] GC(788)   Other: 0.0ms
[467.695s][info][gc,heap     ] GC(788) Eden regions: 33->0(33)
[467.695s][info][gc,heap     ] GC(788) Survivor regions: 1->1(5)
[467.695s][info][gc,heap     ] GC(788) Old regions: 17->17
[467.695s][info][gc,heap     ] GC(788) Humongous regions: 1->1
[467.695s][info][gc,metaspace] GC(788) Metaspace: 54624K(56000K)->54624K(56000K) NonClass: 47425K(48256K)->47425K(48256K) Class: 7199K(7744K)->7199K(7744K)
[467.695s][info][gc          ] GC(788) Pause Young (Normal) (G1 Evacuation Pause) 199M->68M(228M) 2.181ms
[467.695s][info][gc,cpu      ] GC(788) User=0.01s Sys=0.00s Real=0.00s
[468.003s][info][gc,start    ] GC(789) Pause Young (Normal) (G1 Evacuation Pause)
[468.003s][info][gc,task     ] GC(789) Using 8 workers of 8 for evacuation
[468.005s][info][gc,phases   ] GC(789)   Pre Evacuate Collection Set: 0.1ms
[468.005s][info][gc,phases   ] GC(789)   Merge Heap Roots: 0.1ms
[468.005s][info][gc,phases   ] GC(789)   Evacuate Collection Set: 1.7ms
[468.005s][info][gc,phases   ] GC(789)   Post Evacuate Collection Set: 0.3ms
[468.005s][info][gc,phases   ] GC(789)   Other: 0.0ms
[468.005s][info][gc,heap     ] GC(789) Eden regions: 33->0(33)
[468.005s][info][gc,heap     ] GC(789) Survivor regions: 1->1(5)
[468.005s][info][gc,heap     ] GC(789) Old regions: 17->17
[468.005s][info][gc,heap     ] GC(789) Humongous regions: 1->1
[468.005s][info][gc,metaspace] GC(789) Metaspace: 54624K(56000K)->54624K(56000K) NonClass: 47425K(48256K)->47425K(48256K) Class: 7199K(7744K)->7199K(7744K)
[468.005s][info][gc          ] GC(789) Pause Young (Normal) (G1 Evacuation Pause) 200M->68M(228M) 2.321ms
[468.005s][info][gc,cpu      ] GC(789) User=0.01s Sys=0.00s Real=0.00s
[468.257s][info][gc,start    ] GC(790) Pause Young (Normal) (G1 Evacuation Pause)
[468.257s][info][gc,task     ] GC(790) Using 8 workers of 8 for evacuation
[468.259s][info][gc,phases   ] GC(790)   Pre Evacuate Collection Set: 0.1ms
[468.259s][info][gc,phases   ] GC(790)   Merge Heap Roots: 0.1ms
[468.259s][info][gc,phases   ] GC(790)   Evacuate Collection Set: 1.6ms
[468.259s][info][gc,phases   ] GC(790)   Post Evacuate Collection Set: 0.2ms
[468.259s][info][gc,phases   ] GC(790)   Other: 0.0ms
[468.259s][info][gc,heap     ] GC(790) Eden regions: 33->0(33)
[468.259s][info][gc,heap     ] GC(790) Survivor regions: 1->1(5)
[468.259s][info][gc,heap     ] GC(790) Old regions: 17->17
[468.259s][info][gc,heap     ] GC(790) Humongous regions: 1->1
[468.259s][info][gc,metaspace] GC(790) Metaspace: 54624K(56000K)->54624K(56000K) NonClass: 47425K(48256K)->47425K(48256K) Class: 7199K(7744K)->7199K(7744K)
[468.259s][info][gc          ] GC(790) Pause Young (Normal) (G1 Evacuation Pause) 200M->68M(228M) 2.128ms
[468.259s][info][gc,cpu      ] GC(790) User=0.01s Sys=0.00s Real=0.00s
[468.542s][info][gc,start    ] GC(791) Pause Young (Normal) (G1 Evacuation Pause)
[468.542s][info][gc,task     ] GC(791) Using 8 workers of 8 for evacuation
[468.544s][info][gc,phases   ] GC(791)   Pre Evacuate Collection Set: 0.1ms
[468.544s][info][gc,phases   ] GC(791)   Merge Heap Roots: 0.1ms
[468.544s][info][gc,phases   ] GC(791)   Evacuate Collection Set: 1.5ms
[468.544s][info][gc,phases   ] GC(791)   Post Evacuate Collection Set: 0.2ms
[468.544s][info][gc,phases   ] GC(791)   Other: 0.0ms
[468.544s][info][gc,heap     ] GC(791) Eden regions: 33->0(33)
[468.544s][info][gc,heap     ] GC(791) Survivor regions: 1->1(5)
[468.544s][info][gc,heap     ] GC(791) Old regions: 17->17
[468.544s][info][gc,heap     ] GC(791) Humongous regions: 1->1
[468.544s][info][gc,metaspace] GC(791) Metaspace: 54624K(56000K)->54624K(56000K) NonClass: 47425K(48256K)->47425K(48256K) Class: 7199K(7744K)->7199K(7744K)
[468.544s][info][gc          ] GC(791) Pause Young (Normal) (G1 Evacuation Pause) 200M->68M(228M) 2.054ms
[468.544s][info][gc,cpu      ] GC(791) User=0.01s Sys=0.00s Real=0.01s
[468.857s][info][gc,start    ] GC(792) Pause Young (Normal) (G1 Evacuation Pause)
[468.857s][info][gc,task     ] GC(792) Using 8 workers of 8 for evacuation
[468.859s][info][gc,phases   ] GC(792)   Pre Evacuate Collection Set: 0.1ms
[468.859s][info][gc,phases   ] GC(792)   Merge Heap Roots: 0.1ms
[468.859s][info][gc,phases   ] GC(792)   Evacuate Collection Set: 1.5ms
[468.859s][info][gc,phases   ] GC(792)   Post Evacuate Collection Set: 0.2ms
[468.859s][info][gc,phases   ] GC(792)   Other: 0.0ms
[468.859s][info][gc,heap     ] GC(792) Eden regions: 33->0(33)
[468.859s][info][gc,heap     ] GC(792) Survivor regions: 1->1(5)
[468.859s][info][gc,heap     ] GC(792) Old regions: 17->17
[468.859s][info][gc,heap     ] GC(792) Humongous regions: 1->1
[468.859s][info][gc,metaspace] GC(792) Metaspace: 54624K(56000K)->54624K(56000K) NonClass: 47425K(48256K)->47425K(48256K) Class: 7199K(7744K)->7199K(7744K)
[468.859s][info][gc          ] GC(792) Pause Young (Normal) (G1 Evacuation Pause) 200M->68M(228M) 2.030ms
[468.859s][info][gc,cpu      ] GC(792) User=0.01s Sys=0.00s Real=0.00s
[469.115s][info][gc,start    ] GC(793) Pause Young (Normal) (G1 Evacuation Pause)
[469.115s][info][gc,task     ] GC(793) Using 8 workers of 8 for evacuation
[469.117s][info][gc,phases   ] GC(793)   Pre Evacuate Collection Set: 0.1ms
[469.117s][info][gc,phases   ] GC(793)   Merge Heap Roots: 0.1ms
[469.117s][info][gc,phases   ] GC(793)   Evacuate Collection Set: 1.7ms
[469.117s][info][gc,phases   ] GC(793)   Post Evacuate Collection Set: 0.2ms
[469.117s][info][gc,phases   ] GC(793)   Other: 0.0ms
[469.117s][info][gc,heap     ] GC(793) Eden regions: 33->0(33)
[469.117s][info][gc,heap     ] GC(793) Survivor regions: 1->1(5)
[469.117s][info][gc,heap     ] GC(793) Old regions: 17->17
[469.117s][info][gc,heap     ] GC(793) Humongous regions: 1->1
[469.117s][info][gc,metaspace] GC(793) Metaspace: 54624K(56000K)->54624K(56000K) NonClass: 47425K(48256K)->47425K(48256K) Class: 7199K(7744K)->7199K(7744K)
[469.117s][info][gc          ] GC(793) Pause Young (Normal) (G1 Evacuation Pause) 200M->68M(228M) 2.294ms
[469.117s][info][gc,cpu      ] GC(793) User=0.01s Sys=0.01s Real=0.00s
[469.405s][info][gc,start    ] GC(794) Pause Young (Normal) (G1 Evacuation Pause)
[469.405s][info][gc,task     ] GC(794) Using 8 workers of 8 for evacuation
[469.408s][info][gc,phases   ] GC(794)   Pre Evacuate Collection Set: 0.1ms
[469.408s][info][gc,phases   ] GC(794)   Merge Heap Roots: 0.1ms
[469.408s][info][gc,phases   ] GC(794)   Evacuate Collection Set: 2.0ms
[469.408s][info][gc,phases   ] GC(794)   Post Evacuate Collection Set: 0.4ms
[469.408s][info][gc,phases   ] GC(794)   Other: 0.0ms
[469.408s][info][gc,heap     ] GC(794) Eden regions: 33->0(33)
[469.408s][info][gc,heap     ] GC(794) Survivor regions: 1->1(5)
[469.408s][info][gc,heap     ] GC(794) Old regions: 17->17
[469.408s][info][gc,heap     ] GC(794) Humongous regions: 1->1
[469.408s][info][gc,metaspace] GC(794) Metaspace: 54624K(56000K)->54624K(56000K) NonClass: 47425K(48256K)->47425K(48256K) Class: 7199K(7744K)->7199K(7744K)
[469.408s][info][gc          ] GC(794) Pause Young (Normal) (G1 Evacuation Pause) 200M->68M(228M) 2.765ms
[469.408s][info][gc,cpu      ] GC(794) User=0.01s Sys=0.00s Real=0.00s
[469.724s][info][gc,start    ] GC(795) Pause Young (Normal) (G1 Evacuation Pause)
[469.724s][info][gc,task     ] GC(795) Using 8 workers of 8 for evacuation
[469.727s][info][gc,phases   ] GC(795)   Pre Evacuate Collection Set: 0.1ms
[469.727s][info][gc,phases   ] GC(795)   Merge Heap Roots: 0.1ms
[469.727s][info][gc,phases   ] GC(795)   Evacuate Collection Set: 1.9ms
[469.727s][info][gc,phases   ] GC(795)   Post Evacuate Collection Set: 0.2ms
[469.727s][info][gc,phases   ] GC(795)   Other: 0.0ms
[469.727s][info][gc,heap     ] GC(795) Eden regions: 33->0(33)
[469.727s][info][gc,heap     ] GC(795) Survivor regions: 1->1(5)
[469.727s][info][gc,heap     ] GC(795) Old regions: 17->17
[469.727s][info][gc,heap     ] GC(795) Humongous regions: 1->1
[469.727s][info][gc,metaspace] GC(795) Metaspace: 54624K(56000K)->54624K(56000K) NonClass: 47425K(48256K)->47425K(48256K) Class: 7199K(7744K)->7199K(7744K)
[469.727s][info][gc          ] GC(795) Pause Young (Normal) (G1 Evacuation Pause) 200M->68M(228M) 2.548ms
[469.727s][info][gc,cpu      ] GC(795) User=0.01s Sys=0.00s Real=0.00s
[469.960s][info][gc,start    ] GC(796) Pause Young (Normal) (G1 Evacuation Pause)
[469.960s][info][gc,task     ] GC(796) Using 8 workers of 8 for evacuation
[469.962s][info][gc,phases   ] GC(796)   Pre Evacuate Collection Set: 0.1ms
[469.962s][info][gc,phases   ] GC(796)   Merge Heap Roots: 0.1ms
[469.962s][info][gc,phases   ] GC(796)   Evacuate Collection Set: 1.7ms
[469.962s][info][gc,phases   ] GC(796)   Post Evacuate Collection Set: 0.2ms
[469.962s][info][gc,phases   ] GC(796)   Other: 0.0ms
[469.962s][info][gc,heap     ] GC(796) Eden regions: 33->0(33)
[469.962s][info][gc,heap     ] GC(796) Survivor regions: 1->1(5)
[469.962s][info][gc,heap     ] GC(796) Old regions: 17->17
[469.962s][info][gc,heap     ] GC(796) Humongous regions: 1->1
[469.962s][info][gc,metaspace] GC(796) Metaspace: 54624K(56000K)->54624K(56000K) NonClass: 47425K(48256K)->47425K(48256K) Class: 7199K(7744K)->7199K(7744K)
[469.962s][info][gc          ] GC(796) Pause Young (Normal) (G1 Evacuation Pause) 200M->68M(228M) 2.248ms
[469.962s][info][gc,cpu      ] GC(796) User=0.01s Sys=0.00s Real=0.01s
[470.205s][info][gc,start    ] GC(797) Pause Young (Normal) (G1 Evacuation Pause)
[470.206s][info][gc,task     ] GC(797) Using 8 workers of 8 for evacuation
[470.207s][info][gc,phases   ] GC(797)   Pre Evacuate Collection Set: 0.1ms
[470.208s][info][gc,phases   ] GC(797)   Merge Heap Roots: 0.1ms
[470.208s][info][gc,phases   ] GC(797)   Evacuate Collection Set: 1.5ms
[470.208s][info][gc,phases   ] GC(797)   Post Evacuate Collection Set: 0.2ms
[470.208s][info][gc,phases   ] GC(797)   Other: 0.0ms
[470.208s][info][gc,heap     ] GC(797) Eden regions: 33->0(33)
[470.208s][info][gc,heap     ] GC(797) Survivor regions: 1->1(5)
[470.208s][info][gc,heap     ] GC(797) Old regions: 17->17
[470.208s][info][gc,heap     ] GC(797) Humongous regions: 1->1
[470.208s][info][gc,metaspace] GC(797) Metaspace: 54624K(56000K)->54624K(56000K) NonClass: 47425K(48256K)->47425K(48256K) Class: 7199K(7744K)->7199K(7744K)
[470.208s][info][gc          ] GC(797) Pause Young (Normal) (G1 Evacuation Pause) 200M->68M(228M) 2.118ms
[470.208s][info][gc,cpu      ] GC(797) User=0.01s Sys=0.01s Real=0.00s
[470.490s][info][gc,start    ] GC(798) Pause Young (Normal) (G1 Evacuation Pause)
[470.490s][info][gc,task     ] GC(798) Using 8 workers of 8 for evacuation
[470.492s][info][gc,phases   ] GC(798)   Pre Evacuate Collection Set: 0.1ms
[470.492s][info][gc,phases   ] GC(798)   Merge Heap Roots: 0.1ms
[470.492s][info][gc,phases   ] GC(798)   Evacuate Collection Set: 1.6ms
[470.492s][info][gc,phases   ] GC(798)   Post Evacuate Collection Set: 0.2ms
[470.492s][info][gc,phases   ] GC(798)   Other: 0.0ms
[470.492s][info][gc,heap     ] GC(798) Eden regions: 33->0(33)
[470.492s][info][gc,heap     ] GC(798) Survivor regions: 1->1(5)
[470.492s][info][gc,heap     ] GC(798) Old regions: 17->17
[470.492s][info][gc,heap     ] GC(798) Humongous regions: 1->1
[470.492s][info][gc,metaspace] GC(798) Metaspace: 54624K(56000K)->54624K(56000K) NonClass: 47425K(48256K)->47425K(48256K) Class: 7199K(7744K)->7199K(7744K)
[470.492s][info][gc          ] GC(798) Pause Young (Normal) (G1 Evacuation Pause) 200M->68M(228M) 2.244ms
[470.492s][info][gc,cpu      ] GC(798) User=0.01s Sys=0.00s Real=0.01s
[470.740s][info][gc,start    ] GC(799) Pause Young (Normal) (G1 Evacuation Pause)
[470.740s][info][gc,task     ] GC(799) Using 8 workers of 8 for evacuation
[470.742s][info][gc,phases   ] GC(799)   Pre Evacuate Collection Set: 0.1ms
[470.742s][info][gc,phases   ] GC(799)   Merge Heap Roots: 0.1ms
[470.742s][info][gc,phases   ] GC(799)   Evacuate Collection Set: 1.7ms
[470.742s][info][gc,phases   ] GC(799)   Post Evacuate Collection Set: 0.3ms
[470.742s][info][gc,phases   ] GC(799)   Other: 0.1ms
[470.742s][info][gc,heap     ] GC(799) Eden regions: 33->0(33)
[470.742s][info][gc,heap     ] GC(799) Survivor regions: 1->1(5)
[470.742s][info][gc,heap     ] GC(799) Old regions: 17->17
[470.742s][info][gc,heap     ] GC(799) Humongous regions: 1->1
[470.742s][info][gc,metaspace] GC(799) Metaspace: 54624K(56000K)->54624K(56000K) NonClass: 47425K(48256K)->47425K(48256K) Class: 7199K(7744K)->7199K(7744K)
[470.742s][info][gc          ] GC(799) Pause Young (Normal) (G1 Evacuation Pause) 200M->68M(228M) 2.329ms
[470.742s][info][gc,cpu      ] GC(799) User=0.01s Sys=0.00s Real=0.01s
[471.006s][info][gc,start    ] GC(800) Pause Young (Normal) (G1 Evacuation Pause)
[471.006s][info][gc,task     ] GC(800) Using 8 workers of 8 for evacuation
[471.008s][info][gc,phases   ] GC(800)   Pre Evacuate Collection Set: 0.1ms
[471.008s][info][gc,phases   ] GC(800)   Merge Heap Roots: 0.1ms
[471.008s][info][gc,phases   ] GC(800)   Evacuate Collection Set: 1.5ms
[471.008s][info][gc,phases   ] GC(800)   Post Evacuate Collection Set: 0.2ms
[471.008s][info][gc,phases   ] GC(800)   Other: 0.0ms
[471.008s][info][gc,heap     ] GC(800) Eden regions: 33->0(33)
[471.008s][info][gc,heap     ] GC(800) Survivor regions: 1->1(5)
[471.008s][info][gc,heap     ] GC(800) Old regions: 17->17
[471.008s][info][gc,heap     ] GC(800) Humongous regions: 1->1
[471.008s][info][gc,metaspace] GC(800) Metaspace: 54624K(56000K)->54624K(56000K) NonClass: 47425K(48256K)->47425K(48256K) Class: 7199K(7744K)->7199K(7744K)
[471.008s][info][gc          ] GC(800) Pause Young (Normal) (G1 Evacuation Pause) 200M->68M(228M) 2.063ms
[471.008s][info][gc,cpu      ] GC(800) User=0.01s Sys=0.00s Real=0.00s
[471.277s][info][gc,start    ] GC(801) Pause Young (Normal) (G1 Evacuation Pause)
[471.277s][info][gc,task     ] GC(801) Using 8 workers of 8 for evacuation
[471.279s][info][gc,phases   ] GC(801)   Pre Evacuate Collection Set: 0.1ms
[471.279s][info][gc,phases   ] GC(801)   Merge Heap Roots: 0.1ms
[471.279s][info][gc,phases   ] GC(801)   Evacuate Collection Set: 1.5ms
[471.279s][info][gc,phases   ] GC(801)   Post Evacuate Collection Set: 0.2ms
[471.279s][info][gc,phases   ] GC(801)   Other: 0.0ms
[471.279s][info][gc,heap     ] GC(801) Eden regions: 33->0(33)
[471.279s][info][gc,heap     ] GC(801) Survivor regions: 1->1(5)
[471.279s][info][gc,heap     ] GC(801) Old regions: 17->17
[471.279s][info][gc,heap     ] GC(801) Humongous regions: 1->1
[471.279s][info][gc,metaspace] GC(801) Metaspace: 54624K(56000K)->54624K(56000K) NonClass: 47425K(48256K)->47425K(48256K) Class: 7199K(7744K)->7199K(7744K)
[471.279s][info][gc          ] GC(801) Pause Young (Normal) (G1 Evacuation Pause) 200M->68M(228M) 2.092ms
[471.279s][info][gc,cpu      ] GC(801) User=0.01s Sys=0.00s Real=0.00s
[471.538s][info][gc,start    ] GC(802) Pause Young (Normal) (G1 Evacuation Pause)
[471.538s][info][gc,task     ] GC(802) Using 8 workers of 8 for evacuation
[471.540s][info][gc,phases   ] GC(802)   Pre Evacuate Collection Set: 0.1ms
[471.540s][info][gc,phases   ] GC(802)   Merge Heap Roots: 0.1ms
[471.540s][info][gc,phases   ] GC(802)   Evacuate Collection Set: 2.1ms
[471.540s][info][gc,phases   ] GC(802)   Post Evacuate Collection Set: 0.2ms
[471.540s][info][gc,phases   ] GC(802)   Other: 0.0ms
[471.540s][info][gc,heap     ] GC(802) Eden regions: 33->0(33)
[471.540s][info][gc,heap     ] GC(802) Survivor regions: 1->1(5)
[471.540s][info][gc,heap     ] GC(802) Old regions: 17->17
[471.540s][info][gc,heap     ] GC(802) Humongous regions: 1->1
[471.540s][info][gc,metaspace] GC(802) Metaspace: 54624K(56000K)->54624K(56000K) NonClass: 47425K(48256K)->47425K(48256K) Class: 7199K(7744K)->7199K(7744K)
[471.540s][info][gc          ] GC(802) Pause Young (Normal) (G1 Evacuation Pause) 200M->68M(228M) 2.710ms
[471.540s][info][gc,cpu      ] GC(802) User=0.01s Sys=0.01s Real=0.00s
[471.806s][info][gc,start    ] GC(803) Pause Young (Normal) (G1 Evacuation Pause)
[471.806s][info][gc,task     ] GC(803) Using 8 workers of 8 for evacuation
[471.808s][info][gc,phases   ] GC(803)   Pre Evacuate Collection Set: 0.1ms
[471.808s][info][gc,phases   ] GC(803)   Merge Heap Roots: 0.1ms
[471.808s][info][gc,phases   ] GC(803)   Evacuate Collection Set: 1.6ms
[471.808s][info][gc,phases   ] GC(803)   Post Evacuate Collection Set: 0.3ms
[471.808s][info][gc,phases   ] GC(803)   Other: 0.0ms
[471.808s][info][gc,heap     ] GC(803) Eden regions: 33->0(33)
[471.808s][info][gc,heap     ] GC(803) Survivor regions: 1->1(5)
[471.808s][info][gc,heap     ] GC(803) Old regions: 17->17
[471.808s][info][gc,heap     ] GC(803) Humongous regions: 1->1
[471.808s][info][gc,metaspace] GC(803) Metaspace: 54624K(56000K)->54624K(56000K) NonClass: 47425K(48256K)->47425K(48256K) Class: 7199K(7744K)->7199K(7744K)
[471.808s][info][gc          ] GC(803) Pause Young (Normal) (G1 Evacuation Pause) 200M->68M(228M) 2.233ms
[471.808s][info][gc,cpu      ] GC(803) User=0.01s Sys=0.01s Real=0.00s
[472.094s][info][gc,start    ] GC(804) Pause Young (Normal) (G1 Evacuation Pause)
[472.094s][info][gc,task     ] GC(804) Using 8 workers of 8 for evacuation
[472.096s][info][gc,phases   ] GC(804)   Pre Evacuate Collection Set: 0.1ms
[472.096s][info][gc,phases   ] GC(804)   Merge Heap Roots: 0.1ms
[472.096s][info][gc,phases   ] GC(804)   Evacuate Collection Set: 1.5ms
[472.096s][info][gc,phases   ] GC(804)   Post Evacuate Collection Set: 0.3ms
[472.096s][info][gc,phases   ] GC(804)   Other: 0.0ms
[472.096s][info][gc,heap     ] GC(804) Eden regions: 33->0(33)
[472.096s][info][gc,heap     ] GC(804) Survivor regions: 1->1(5)
[472.096s][info][gc,heap     ] GC(804) Old regions: 17->17
[472.096s][info][gc,heap     ] GC(804) Humongous regions: 1->1
[472.096s][info][gc,metaspace] GC(804) Metaspace: 54624K(56000K)->54624K(56000K) NonClass: 47425K(48256K)->47425K(48256K) Class: 7199K(7744K)->7199K(7744K)
[472.096s][info][gc          ] GC(804) Pause Young (Normal) (G1 Evacuation Pause) 200M->68M(228M) 2.089ms
[472.096s][info][gc,cpu      ] GC(804) User=0.01s Sys=0.00s Real=0.00s
[472.341s][info][gc,start    ] GC(805) Pause Young (Normal) (G1 Evacuation Pause)
[472.341s][info][gc,task     ] GC(805) Using 8 workers of 8 for evacuation
[472.343s][info][gc,phases   ] GC(805)   Pre Evacuate Collection Set: 0.1ms
[472.343s][info][gc,phases   ] GC(805)   Merge Heap Roots: 0.1ms
[472.343s][info][gc,phases   ] GC(805)   Evacuate Collection Set: 1.5ms
[472.343s][info][gc,phases   ] GC(805)   Post Evacuate Collection Set: 0.2ms
[472.343s][info][gc,phases   ] GC(805)   Other: 0.1ms
[472.343s][info][gc,heap     ] GC(805) Eden regions: 33->0(33)
[472.343s][info][gc,heap     ] GC(805) Survivor regions: 1->1(5)
[472.343s][info][gc,heap     ] GC(805) Old regions: 17->17
[472.343s][info][gc,heap     ] GC(805) Humongous regions: 1->1
[472.343s][info][gc,metaspace] GC(805) Metaspace: 54624K(56000K)->54624K(56000K) NonClass: 47425K(48256K)->47425K(48256K) Class: 7199K(7744K)->7199K(7744K)
[472.343s][info][gc          ] GC(805) Pause Young (Normal) (G1 Evacuation Pause) 200M->68M(228M) 2.164ms
[472.343s][info][gc,cpu      ] GC(805) User=0.01s Sys=0.01s Real=0.01s
[472.751s][info][gc,start    ] GC(806) Pause Young (Normal) (G1 Evacuation Pause)
[472.751s][info][gc,task     ] GC(806) Using 8 workers of 8 for evacuation
[472.754s][info][gc,phases   ] GC(806)   Pre Evacuate Collection Set: 0.2ms
[472.754s][info][gc,phases   ] GC(806)   Merge Heap Roots: 0.1ms
[472.755s][info][gc,phases   ] GC(806)   Evacuate Collection Set: 2.6ms
[472.755s][info][gc,phases   ] GC(806)   Post Evacuate Collection Set: 0.3ms
[472.755s][info][gc,phases   ] GC(806)   Other: 0.2ms
[472.755s][info][gc,heap     ] GC(806) Eden regions: 33->0(33)
[472.755s][info][gc,heap     ] GC(806) Survivor regions: 1->1(5)
[472.755s][info][gc,heap     ] GC(806) Old regions: 17->17
[472.755s][info][gc,heap     ] GC(806) Humongous regions: 1->1
[472.755s][info][gc,metaspace] GC(806) Metaspace: 54624K(56000K)->54624K(56000K) NonClass: 47425K(48256K)->47425K(48256K) Class: 7199K(7744K)->7199K(7744K)
[472.755s][info][gc          ] GC(806) Pause Young (Normal) (G1 Evacuation Pause) 200M->68M(228M) 3.357ms
[472.755s][info][gc,cpu      ] GC(806) User=0.01s Sys=0.01s Real=0.01s
[473.045s][info][gc,start    ] GC(807) Pause Young (Normal) (G1 Evacuation Pause)
[473.045s][info][gc,task     ] GC(807) Using 8 workers of 8 for evacuation
[473.047s][info][gc,phases   ] GC(807)   Pre Evacuate Collection Set: 0.1ms
[473.047s][info][gc,phases   ] GC(807)   Merge Heap Roots: 0.1ms
[473.047s][info][gc,phases   ] GC(807)   Evacuate Collection Set: 1.6ms
[473.047s][info][gc,phases   ] GC(807)   Post Evacuate Collection Set: 0.2ms
[473.047s][info][gc,phases   ] GC(807)   Other: 0.0ms
[473.047s][info][gc,heap     ] GC(807) Eden regions: 33->0(33)
[473.047s][info][gc,heap     ] GC(807) Survivor regions: 1->1(5)
[473.047s][info][gc,heap     ] GC(807) Old regions: 17->17
[473.047s][info][gc,heap     ] GC(807) Humongous regions: 1->1
[473.047s][info][gc,metaspace] GC(807) Metaspace: 54624K(56000K)->54624K(56000K) NonClass: 47425K(48256K)->47425K(48256K) Class: 7199K(7744K)->7199K(7744K)
[473.047s][info][gc          ] GC(807) Pause Young (Normal) (G1 Evacuation Pause) 200M->68M(228M) 2.132ms
[473.047s][info][gc,cpu      ] GC(807) User=0.01s Sys=0.00s Real=0.00s
[473.347s][info][gc,start    ] GC(808) Pause Young (Normal) (G1 Evacuation Pause)
[473.347s][info][gc,task     ] GC(808) Using 8 workers of 8 for evacuation
[473.349s][info][gc,phases   ] GC(808)   Pre Evacuate Collection Set: 0.1ms
[473.349s][info][gc,phases   ] GC(808)   Merge Heap Roots: 0.1ms
[473.349s][info][gc,phases   ] GC(808)   Evacuate Collection Set: 1.9ms
[473.349s][info][gc,phases   ] GC(808)   Post Evacuate Collection Set: 0.2ms
[473.349s][info][gc,phases   ] GC(808)   Other: 0.0ms
[473.349s][info][gc,heap     ] GC(808) Eden regions: 33->0(33)
[473.349s][info][gc,heap     ] GC(808) Survivor regions: 1->1(5)
[473.349s][info][gc,heap     ] GC(808) Old regions: 17->17
[473.349s][info][gc,heap     ] GC(808) Humongous regions: 1->1
[473.349s][info][gc,metaspace] GC(808) Metaspace: 54624K(56000K)->54624K(56000K) NonClass: 47425K(48256K)->47425K(48256K) Class: 7199K(7744K)->7199K(7744K)
[473.349s][info][gc          ] GC(808) Pause Young (Normal) (G1 Evacuation Pause) 200M->68M(228M) 2.419ms
[473.349s][info][gc,cpu      ] GC(808) User=0.01s Sys=0.00s Real=0.00s
[473.628s][info][gc,start    ] GC(809) Pause Young (Normal) (G1 Evacuation Pause)
[473.628s][info][gc,task     ] GC(809) Using 8 workers of 8 for evacuation
[473.630s][info][gc,phases   ] GC(809)   Pre Evacuate Collection Set: 0.1ms
[473.630s][info][gc,phases   ] GC(809)   Merge Heap Roots: 0.1ms
[473.630s][info][gc,phases   ] GC(809)   Evacuate Collection Set: 1.6ms
[473.630s][info][gc,phases   ] GC(809)   Post Evacuate Collection Set: 0.2ms
[473.630s][info][gc,phases   ] GC(809)   Other: 0.0ms
[473.630s][info][gc,heap     ] GC(809) Eden regions: 33->0(33)
[473.630s][info][gc,heap     ] GC(809) Survivor regions: 1->1(5)
[473.630s][info][gc,heap     ] GC(809) Old regions: 17->17
[473.630s][info][gc,heap     ] GC(809) Humongous regions: 1->1
[473.630s][info][gc,metaspace] GC(809) Metaspace: 54624K(56000K)->54624K(56000K) NonClass: 47425K(48256K)->47425K(48256K) Class: 7199K(7744K)->7199K(7744K)
[473.630s][info][gc          ] GC(809) Pause Young (Normal) (G1 Evacuation Pause) 200M->68M(228M) 2.102ms
[473.630s][info][gc,cpu      ] GC(809) User=0.01s Sys=0.00s Real=0.00s
[473.880s][info][gc,start    ] GC(810) Pause Young (Normal) (G1 Evacuation Pause)
[473.880s][info][gc,task     ] GC(810) Using 8 workers of 8 for evacuation
[473.882s][info][gc,phases   ] GC(810)   Pre Evacuate Collection Set: 0.1ms
[473.882s][info][gc,phases   ] GC(810)   Merge Heap Roots: 0.1ms
[473.882s][info][gc,phases   ] GC(810)   Evacuate Collection Set: 1.9ms
[473.882s][info][gc,phases   ] GC(810)   Post Evacuate Collection Set: 0.2ms
[473.882s][info][gc,phases   ] GC(810)   Other: 0.0ms
[473.882s][info][gc,heap     ] GC(810) Eden regions: 33->0(33)
[473.882s][info][gc,heap     ] GC(810) Survivor regions: 1->1(5)
[473.882s][info][gc,heap     ] GC(810) Old regions: 17->17
[473.882s][info][gc,heap     ] GC(810) Humongous regions: 1->1
[473.882s][info][gc,metaspace] GC(810) Metaspace: 54624K(56000K)->54624K(56000K) NonClass: 47425K(48256K)->47425K(48256K) Class: 7199K(7744K)->7199K(7744K)
[473.882s][info][gc          ] GC(810) Pause Young (Normal) (G1 Evacuation Pause) 200M->69M(228M) 2.472ms
[473.882s][info][gc,cpu      ] GC(810) User=0.01s Sys=0.00s Real=0.01s
[474.257s][info][gc,start    ] GC(811) Pause Young (Normal) (G1 Evacuation Pause)
[474.257s][info][gc,task     ] GC(811) Using 8 workers of 8 for evacuation
[474.259s][info][gc,phases   ] GC(811)   Pre Evacuate Collection Set: 0.1ms
[474.259s][info][gc,phases   ] GC(811)   Merge Heap Roots: 0.1ms
[474.259s][info][gc,phases   ] GC(811)   Evacuate Collection Set: 1.9ms
[474.259s][info][gc,phases   ] GC(811)   Post Evacuate Collection Set: 0.3ms
[474.259s][info][gc,phases   ] GC(811)   Other: 0.1ms
[474.259s][info][gc,heap     ] GC(811) Eden regions: 33->0(33)
[474.259s][info][gc,heap     ] GC(811) Survivor regions: 1->1(5)
[474.259s][info][gc,heap     ] GC(811) Old regions: 17->17
[474.259s][info][gc,heap     ] GC(811) Humongous regions: 1->1
[474.259s][info][gc,metaspace] GC(811) Metaspace: 54624K(56000K)->54624K(56000K) NonClass: 47425K(48256K)->47425K(48256K) Class: 7199K(7744K)->7199K(7744K)
[474.259s][info][gc          ] GC(811) Pause Young (Normal) (G1 Evacuation Pause) 201M->69M(228M) 2.593ms
[474.259s][info][gc,cpu      ] GC(811) User=0.01s Sys=0.00s Real=0.00s
[474.540s][info][gc,start    ] GC(812) Pause Young (Normal) (G1 Evacuation Pause)
[474.540s][info][gc,task     ] GC(812) Using 8 workers of 8 for evacuation
[474.542s][info][gc,phases   ] GC(812)   Pre Evacuate Collection Set: 0.1ms
[474.542s][info][gc,phases   ] GC(812)   Merge Heap Roots: 0.1ms
[474.542s][info][gc,phases   ] GC(812)   Evacuate Collection Set: 2.1ms
[474.542s][info][gc,phases   ] GC(812)   Post Evacuate Collection Set: 0.2ms
[474.542s][info][gc,phases   ] GC(812)   Other: 0.0ms
[474.542s][info][gc,heap     ] GC(812) Eden regions: 33->0(33)
[474.542s][info][gc,heap     ] GC(812) Survivor regions: 1->1(5)
[474.542s][info][gc,heap     ] GC(812) Old regions: 17->17
[474.542s][info][gc,heap     ] GC(812) Humongous regions: 1->1
[474.542s][info][gc,metaspace] GC(812) Metaspace: 54624K(56000K)->54624K(56000K) NonClass: 47425K(48256K)->47425K(48256K) Class: 7199K(7744K)->7199K(7744K)
[474.542s][info][gc          ] GC(812) Pause Young (Normal) (G1 Evacuation Pause) 201M->69M(228M) 2.762ms
[474.542s][info][gc,cpu      ] GC(812) User=0.01s Sys=0.00s Real=0.01s
[478.777s][info][gc,start    ] GC(813) Pause Young (Normal) (G1 Evacuation Pause)
[478.777s][info][gc,task     ] GC(813) Using 8 workers of 8 for evacuation
[478.779s][info][gc,phases   ] GC(813)   Pre Evacuate Collection Set: 0.1ms
[478.780s][info][gc,phases   ] GC(813)   Merge Heap Roots: 0.1ms
[478.780s][info][gc,phases   ] GC(813)   Evacuate Collection Set: 1.8ms
[478.780s][info][gc,phases   ] GC(813)   Post Evacuate Collection Set: 0.4ms
[478.780s][info][gc,phases   ] GC(813)   Other: 0.1ms
[478.780s][info][gc,heap     ] GC(813) Eden regions: 33->0(33)
[478.780s][info][gc,heap     ] GC(813) Survivor regions: 1->1(5)
[478.780s][info][gc,heap     ] GC(813) Old regions: 17->17
[478.780s][info][gc,heap     ] GC(813) Humongous regions: 1->1
[478.780s][info][gc,metaspace] GC(813) Metaspace: 54624K(56000K)->54624K(56000K) NonClass: 47425K(48256K)->47425K(48256K) Class: 7199K(7744K)->7199K(7744K)
[478.780s][info][gc          ] GC(813) Pause Young (Normal) (G1 Evacuation Pause) 201M->69M(228M) 2.595ms
[478.780s][info][gc,cpu      ] GC(813) User=0.01s Sys=0.00s Real=0.00s
[479.077s][info][gc,start    ] GC(814) Pause Young (Normal) (G1 Evacuation Pause)
[479.077s][info][gc,task     ] GC(814) Using 8 workers of 8 for evacuation
[479.079s][info][gc,phases   ] GC(814)   Pre Evacuate Collection Set: 0.1ms
[479.079s][info][gc,phases   ] GC(814)   Merge Heap Roots: 0.1ms
[479.079s][info][gc,phases   ] GC(814)   Evacuate Collection Set: 1.6ms
[479.079s][info][gc,phases   ] GC(814)   Post Evacuate Collection Set: 0.3ms
[479.079s][info][gc,phases   ] GC(814)   Other: 0.1ms
[479.080s][info][gc,heap     ] GC(814) Eden regions: 33->0(33)
[479.080s][info][gc,heap     ] GC(814) Survivor regions: 1->1(5)
[479.080s][info][gc,heap     ] GC(814) Old regions: 17->17
[479.080s][info][gc,heap     ] GC(814) Humongous regions: 1->1
[479.080s][info][gc,metaspace] GC(814) Metaspace: 54624K(56000K)->54624K(56000K) NonClass: 47425K(48256K)->47425K(48256K) Class: 7199K(7744K)->7199K(7744K)
[479.080s][info][gc          ] GC(814) Pause Young (Normal) (G1 Evacuation Pause) 201M->69M(228M) 2.236ms
[479.080s][info][gc,cpu      ] GC(814) User=0.01s Sys=0.00s Real=0.00s
[479.356s][info][gc,start    ] GC(815) Pause Young (Normal) (G1 Evacuation Pause)
[479.356s][info][gc,task     ] GC(815) Using 8 workers of 8 for evacuation
[479.358s][info][gc,phases   ] GC(815)   Pre Evacuate Collection Set: 0.1ms
[479.358s][info][gc,phases   ] GC(815)   Merge Heap Roots: 0.1ms
[479.358s][info][gc,phases   ] GC(815)   Evacuate Collection Set: 1.9ms
[479.358s][info][gc,phases   ] GC(815)   Post Evacuate Collection Set: 0.2ms
[479.358s][info][gc,phases   ] GC(815)   Other: 0.1ms
[479.358s][info][gc,heap     ] GC(815) Eden regions: 33->0(33)
[479.358s][info][gc,heap     ] GC(815) Survivor regions: 1->1(5)
[479.358s][info][gc,heap     ] GC(815) Old regions: 17->17
[479.358s][info][gc,heap     ] GC(815) Humongous regions: 1->1
[479.358s][info][gc,metaspace] GC(815) Metaspace: 54624K(56000K)->54624K(56000K) NonClass: 47425K(48256K)->47425K(48256K) Class: 7199K(7744K)->7199K(7744K)
[479.358s][info][gc          ] GC(815) Pause Young (Normal) (G1 Evacuation Pause) 201M->69M(228M) 2.572ms
[479.358s][info][gc,cpu      ] GC(815) User=0.01s Sys=0.00s Real=0.00s
[479.629s][info][gc,start    ] GC(816) Pause Young (Normal) (G1 Evacuation Pause)
[479.629s][info][gc,task     ] GC(816) Using 8 workers of 8 for evacuation
[479.631s][info][gc,phases   ] GC(816)   Pre Evacuate Collection Set: 0.1ms
[479.631s][info][gc,phases   ] GC(816)   Merge Heap Roots: 0.1ms
[479.631s][info][gc,phases   ] GC(816)   Evacuate Collection Set: 1.6ms
[479.631s][info][gc,phases   ] GC(816)   Post Evacuate Collection Set: 0.3ms
[479.631s][info][gc,phases   ] GC(816)   Other: 0.0ms
[479.631s][info][gc,heap     ] GC(816) Eden regions: 33->0(33)
[479.631s][info][gc,heap     ] GC(816) Survivor regions: 1->1(5)
[479.631s][info][gc,heap     ] GC(816) Old regions: 17->17
[479.631s][info][gc,heap     ] GC(816) Humongous regions: 1->1
[479.631s][info][gc,metaspace] GC(816) Metaspace: 54624K(56000K)->54624K(56000K) NonClass: 47425K(48256K)->47425K(48256K) Class: 7199K(7744K)->7199K(7744K)
[479.631s][info][gc          ] GC(816) Pause Young (Normal) (G1 Evacuation Pause) 201M->69M(228M) 2.306ms
[479.631s][info][gc,cpu      ] GC(816) User=0.01s Sys=0.00s Real=0.00s
[479.915s][info][gc,start    ] GC(817) Pause Young (Normal) (G1 Evacuation Pause)
[479.915s][info][gc,task     ] GC(817) Using 8 workers of 8 for evacuation
[479.918s][info][gc,phases   ] GC(817)   Pre Evacuate Collection Set: 0.1ms
[479.918s][info][gc,phases   ] GC(817)   Merge Heap Roots: 0.1ms
[479.918s][info][gc,phases   ] GC(817)   Evacuate Collection Set: 1.9ms
[479.918s][info][gc,phases   ] GC(817)   Post Evacuate Collection Set: 0.3ms
[479.918s][info][gc,phases   ] GC(817)   Other: 0.1ms
[479.918s][info][gc,heap     ] GC(817) Eden regions: 33->0(33)
[479.918s][info][gc,heap     ] GC(817) Survivor regions: 1->1(5)
[479.918s][info][gc,heap     ] GC(817) Old regions: 17->17
[479.918s][info][gc,heap     ] GC(817) Humongous regions: 1->1
[479.918s][info][gc,metaspace] GC(817) Metaspace: 54624K(56000K)->54624K(56000K) NonClass: 47425K(48256K)->47425K(48256K) Class: 7199K(7744K)->7199K(7744K)
[479.918s][info][gc          ] GC(817) Pause Young (Normal) (G1 Evacuation Pause) 201M->69M(228M) 2.674ms
[479.918s][info][gc,cpu      ] GC(817) User=0.01s Sys=0.00s Real=0.00s
[480.328s][info][gc,start    ] GC(818) Pause Young (Normal) (G1 Evacuation Pause)
[480.328s][info][gc,task     ] GC(818) Using 8 workers of 8 for evacuation
[480.330s][info][gc,phases   ] GC(818)   Pre Evacuate Collection Set: 0.1ms
[480.330s][info][gc,phases   ] GC(818)   Merge Heap Roots: 0.1ms
[480.330s][info][gc,phases   ] GC(818)   Evacuate Collection Set: 1.6ms
[480.330s][info][gc,phases   ] GC(818)   Post Evacuate Collection Set: 0.2ms
[480.330s][info][gc,phases   ] GC(818)   Other: 0.0ms
[480.330s][info][gc,heap     ] GC(818) Eden regions: 33->0(33)
[480.330s][info][gc,heap     ] GC(818) Survivor regions: 1->1(5)
[480.330s][info][gc,heap     ] GC(818) Old regions: 17->17
[480.330s][info][gc,heap     ] GC(818) Humongous regions: 1->1
[480.330s][info][gc,metaspace] GC(818) Metaspace: 54624K(56000K)->54624K(56000K) NonClass: 47425K(48256K)->47425K(48256K) Class: 7199K(7744K)->7199K(7744K)
[480.330s][info][gc          ] GC(818) Pause Young (Normal) (G1 Evacuation Pause) 201M->69M(228M) 2.181ms
[480.330s][info][gc,cpu      ] GC(818) User=0.01s Sys=0.01s Real=0.00s
[480.620s][info][gc,start    ] GC(819) Pause Young (Normal) (G1 Evacuation Pause)
[480.620s][info][gc,task     ] GC(819) Using 8 workers of 8 for evacuation
[480.622s][info][gc,phases   ] GC(819)   Pre Evacuate Collection Set: 0.1ms
[480.622s][info][gc,phases   ] GC(819)   Merge Heap Roots: 0.1ms
[480.622s][info][gc,phases   ] GC(819)   Evacuate Collection Set: 1.8ms
[480.622s][info][gc,phases   ] GC(819)   Post Evacuate Collection Set: 0.3ms
[480.622s][info][gc,phases   ] GC(819)   Other: 0.1ms
[480.622s][info][gc,heap     ] GC(819) Eden regions: 33->0(33)
[480.622s][info][gc,heap     ] GC(819) Survivor regions: 1->1(5)
[480.622s][info][gc,heap     ] GC(819) Old regions: 17->17
[480.622s][info][gc,heap     ] GC(819) Humongous regions: 1->1
[480.622s][info][gc,metaspace] GC(819) Metaspace: 54624K(56000K)->54624K(56000K) NonClass: 47425K(48256K)->47425K(48256K) Class: 7199K(7744K)->7199K(7744K)
[480.622s][info][gc          ] GC(819) Pause Young (Normal) (G1 Evacuation Pause) 201M->69M(228M) 2.468ms
[480.622s][info][gc,cpu      ] GC(819) User=0.01s Sys=0.00s Real=0.01s
[481.008s][info][gc,start    ] GC(820) Pause Young (Normal) (G1 Evacuation Pause)
[481.008s][info][gc,task     ] GC(820) Using 8 workers of 8 for evacuation
[481.011s][info][gc,phases   ] GC(820)   Pre Evacuate Collection Set: 0.1ms
[481.011s][info][gc,phases   ] GC(820)   Merge Heap Roots: 0.1ms
[481.011s][info][gc,phases   ] GC(820)   Evacuate Collection Set: 2.1ms
[481.011s][info][gc,phases   ] GC(820)   Post Evacuate Collection Set: 0.3ms
[481.011s][info][gc,phases   ] GC(820)   Other: 0.1ms
[481.011s][info][gc,heap     ] GC(820) Eden regions: 33->0(32)
[481.011s][info][gc,heap     ] GC(820) Survivor regions: 1->1(5)
[481.011s][info][gc,heap     ] GC(820) Old regions: 17->18
[481.011s][info][gc,heap     ] GC(820) Humongous regions: 1->1
[481.011s][info][gc,metaspace] GC(820) Metaspace: 54624K(56000K)->54624K(56000K) NonClass: 47425K(48256K)->47425K(48256K) Class: 7199K(7744K)->7199K(7744K)
[481.011s][info][gc          ] GC(820) Pause Young (Normal) (G1 Evacuation Pause) 201M->69M(228M) 2.977ms
[481.011s][info][gc,cpu      ] GC(820) User=0.01s Sys=0.00s Real=0.00s
[481.297s][info][gc,start    ] GC(821) Pause Young (Normal) (G1 Evacuation Pause)
[481.297s][info][gc,task     ] GC(821) Using 8 workers of 8 for evacuation
[481.299s][info][gc,phases   ] GC(821)   Pre Evacuate Collection Set: 0.1ms
[481.299s][info][gc,phases   ] GC(821)   Merge Heap Roots: 0.1ms
[481.299s][info][gc,phases   ] GC(821)   Evacuate Collection Set: 1.5ms
[481.299s][info][gc,phases   ] GC(821)   Post Evacuate Collection Set: 0.2ms
[481.299s][info][gc,phases   ] GC(821)   Other: 0.0ms
[481.299s][info][gc,heap     ] GC(821) Eden regions: 32->0(32)
[481.299s][info][gc,heap     ] GC(821) Survivor regions: 1->1(5)
[481.299s][info][gc,heap     ] GC(821) Old regions: 18->18
[481.299s][info][gc,heap     ] GC(821) Humongous regions: 1->1
[481.299s][info][gc,metaspace] GC(821) Metaspace: 54624K(56000K)->54624K(56000K) NonClass: 47425K(48256K)->47425K(48256K) Class: 7199K(7744K)->7199K(7744K)
[481.299s][info][gc          ] GC(821) Pause Young (Normal) (G1 Evacuation Pause) 197M->69M(228M) 2.075ms
[481.299s][info][gc,cpu      ] GC(821) User=0.01s Sys=0.00s Real=0.00s
[481.820s][info][gc,start    ] GC(822) Pause Young (Normal) (G1 Evacuation Pause)
[481.820s][info][gc,task     ] GC(822) Using 8 workers of 8 for evacuation
[481.823s][info][gc,phases   ] GC(822)   Pre Evacuate Collection Set: 0.1ms
[481.823s][info][gc,phases   ] GC(822)   Merge Heap Roots: 0.1ms
[481.823s][info][gc,phases   ] GC(822)   Evacuate Collection Set: 1.9ms
[481.823s][info][gc,phases   ] GC(822)   Post Evacuate Collection Set: 0.3ms
[481.823s][info][gc,phases   ] GC(822)   Other: 0.0ms
[481.823s][info][gc,heap     ] GC(822) Eden regions: 32->0(32)
[481.823s][info][gc,heap     ] GC(822) Survivor regions: 1->1(5)
[481.823s][info][gc,heap     ] GC(822) Old regions: 18->18
[481.823s][info][gc,heap     ] GC(822) Humongous regions: 1->1
[481.823s][info][gc,metaspace] GC(822) Metaspace: 54624K(56000K)->54624K(56000K) NonClass: 47425K(48256K)->47425K(48256K) Class: 7199K(7744K)->7199K(7744K)
[481.823s][info][gc          ] GC(822) Pause Young (Normal) (G1 Evacuation Pause) 197M->69M(228M) 2.588ms
[481.823s][info][gc,cpu      ] GC(822) User=0.01s Sys=0.00s Real=0.01s
[482.144s][info][gc,start    ] GC(823) Pause Young (Normal) (G1 Evacuation Pause)
[482.144s][info][gc,task     ] GC(823) Using 8 workers of 8 for evacuation
[482.146s][info][gc,phases   ] GC(823)   Pre Evacuate Collection Set: 0.1ms
[482.146s][info][gc,phases   ] GC(823)   Merge Heap Roots: 0.1ms
[482.146s][info][gc,phases   ] GC(823)   Evacuate Collection Set: 1.7ms
[482.146s][info][gc,phases   ] GC(823)   Post Evacuate Collection Set: 0.3ms
[482.146s][info][gc,phases   ] GC(823)   Other: 0.0ms
[482.146s][info][gc,heap     ] GC(823) Eden regions: 32->0(32)
[482.147s][info][gc,heap     ] GC(823) Survivor regions: 1->1(5)
[482.147s][info][gc,heap     ] GC(823) Old regions: 18->18
[482.147s][info][gc,heap     ] GC(823) Humongous regions: 1->1
[482.147s][info][gc,metaspace] GC(823) Metaspace: 54624K(56000K)->54624K(56000K) NonClass: 47425K(48256K)->47425K(48256K) Class: 7199K(7744K)->7199K(7744K)
[482.147s][info][gc          ] GC(823) Pause Young (Normal) (G1 Evacuation Pause) 197M->69M(228M) 2.361ms
[482.147s][info][gc,cpu      ] GC(823) User=0.01s Sys=0.01s Real=0.00s
[482.394s][info][gc,start    ] GC(824) Pause Young (Normal) (G1 Evacuation Pause)
[482.394s][info][gc,task     ] GC(824) Using 8 workers of 8 for evacuation
[482.396s][info][gc,phases   ] GC(824)   Pre Evacuate Collection Set: 0.1ms
[482.396s][info][gc,phases   ] GC(824)   Merge Heap Roots: 0.1ms
[482.396s][info][gc,phases   ] GC(824)   Evacuate Collection Set: 1.4ms
[482.396s][info][gc,phases   ] GC(824)   Post Evacuate Collection Set: 0.2ms
[482.396s][info][gc,phases   ] GC(824)   Other: 0.0ms
[482.396s][info][gc,heap     ] GC(824) Eden regions: 32->0(32)
[482.396s][info][gc,heap     ] GC(824) Survivor regions: 1->1(5)
[482.396s][info][gc,heap     ] GC(824) Old regions: 18->18
[482.396s][info][gc,heap     ] GC(824) Humongous regions: 1->1
[482.396s][info][gc,metaspace] GC(824) Metaspace: 54624K(56000K)->54624K(56000K) NonClass: 47425K(48256K)->47425K(48256K) Class: 7199K(7744K)->7199K(7744K)
[482.396s][info][gc          ] GC(824) Pause Young (Normal) (G1 Evacuation Pause) 197M->69M(228M) 1.965ms
[482.396s][info][gc,cpu      ] GC(824) User=0.01s Sys=0.00s Real=0.00s
[482.810s][info][gc,start    ] GC(825) Pause Young (Normal) (G1 Evacuation Pause)
[482.810s][info][gc,task     ] GC(825) Using 8 workers of 8 for evacuation
[482.812s][info][gc,phases   ] GC(825)   Pre Evacuate Collection Set: 0.1ms
[482.812s][info][gc,phases   ] GC(825)   Merge Heap Roots: 0.1ms
[482.812s][info][gc,phases   ] GC(825)   Evacuate Collection Set: 1.7ms
[482.812s][info][gc,phases   ] GC(825)   Post Evacuate Collection Set: 0.3ms
[482.812s][info][gc,phases   ] GC(825)   Other: 0.0ms
[482.812s][info][gc,heap     ] GC(825) Eden regions: 32->0(32)
[482.812s][info][gc,heap     ] GC(825) Survivor regions: 1->1(5)
[482.812s][info][gc,heap     ] GC(825) Old regions: 18->18
[482.813s][info][gc,heap     ] GC(825) Humongous regions: 1->1
[482.813s][info][gc,metaspace] GC(825) Metaspace: 54624K(56000K)->54624K(56000K) NonClass: 47425K(48256K)->47425K(48256K) Class: 7199K(7744K)->7199K(7744K)
[482.813s][info][gc          ] GC(825) Pause Young (Normal) (G1 Evacuation Pause) 197M->69M(228M) 2.462ms
[482.813s][info][gc,cpu      ] GC(825) User=0.01s Sys=0.01s Real=0.01s
[486.289s][info][gc,start    ] GC(826) Pause Young (Normal) (G1 Evacuation Pause)
[486.289s][info][gc,task     ] GC(826) Using 8 workers of 8 for evacuation
[486.291s][info][gc,phases   ] GC(826)   Pre Evacuate Collection Set: 0.1ms
[486.291s][info][gc,phases   ] GC(826)   Merge Heap Roots: 0.1ms
[486.291s][info][gc,phases   ] GC(826)   Evacuate Collection Set: 1.8ms
[486.291s][info][gc,phases   ] GC(826)   Post Evacuate Collection Set: 0.2ms
[486.291s][info][gc,phases   ] GC(826)   Other: 0.0ms
[486.291s][info][gc,heap     ] GC(826) Eden regions: 32->0(32)
[486.291s][info][gc,heap     ] GC(826) Survivor regions: 1->1(5)
[486.291s][info][gc,heap     ] GC(826) Old regions: 18->18
[486.291s][info][gc,heap     ] GC(826) Humongous regions: 1->1
[486.291s][info][gc,metaspace] GC(826) Metaspace: 54624K(56000K)->54624K(56000K) NonClass: 47425K(48256K)->47425K(48256K) Class: 7199K(7744K)->7199K(7744K)
[486.291s][info][gc          ] GC(826) Pause Young (Normal) (G1 Evacuation Pause) 197M->70M(228M) 2.520ms
[486.291s][info][gc,cpu      ] GC(826) User=0.01s Sys=0.00s Real=0.00s
[486.617s][info][gc,start    ] GC(827) Pause Young (Normal) (G1 Evacuation Pause)
[486.617s][info][gc,task     ] GC(827) Using 8 workers of 8 for evacuation
[486.619s][info][gc,phases   ] GC(827)   Pre Evacuate Collection Set: 0.1ms
[486.619s][info][gc,phases   ] GC(827)   Merge Heap Roots: 0.1ms
[486.619s][info][gc,phases   ] GC(827)   Evacuate Collection Set: 1.9ms
[486.619s][info][gc,phases   ] GC(827)   Post Evacuate Collection Set: 0.3ms
[486.619s][info][gc,phases   ] GC(827)   Other: 0.0ms
[486.619s][info][gc,heap     ] GC(827) Eden regions: 32->0(32)
[486.619s][info][gc,heap     ] GC(827) Survivor regions: 1->1(5)
[486.619s][info][gc,heap     ] GC(827) Old regions: 18->18
[486.619s][info][gc,heap     ] GC(827) Humongous regions: 1->1
[486.619s][info][gc,metaspace] GC(827) Metaspace: 54624K(56000K)->54624K(56000K) NonClass: 47425K(48256K)->47425K(48256K) Class: 7199K(7744K)->7199K(7744K)
[486.619s][info][gc          ] GC(827) Pause Young (Normal) (G1 Evacuation Pause) 198M->70M(228M) 2.572ms
[486.619s][info][gc,cpu      ] GC(827) User=0.01s Sys=0.00s Real=0.00s
[486.876s][info][gc,start    ] GC(828) Pause Young (Normal) (G1 Evacuation Pause)
[486.876s][info][gc,task     ] GC(828) Using 8 workers of 8 for evacuation
[486.879s][info][gc,phases   ] GC(828)   Pre Evacuate Collection Set: 0.2ms
[486.879s][info][gc,phases   ] GC(828)   Merge Heap Roots: 0.1ms
[486.879s][info][gc,phases   ] GC(828)   Evacuate Collection Set: 1.7ms
[486.879s][info][gc,phases   ] GC(828)   Post Evacuate Collection Set: 0.2ms
[486.879s][info][gc,phases   ] GC(828)   Other: 0.0ms
[486.879s][info][gc,heap     ] GC(828) Eden regions: 32->0(32)
[486.879s][info][gc,heap     ] GC(828) Survivor regions: 1->1(5)
[486.879s][info][gc,heap     ] GC(828) Old regions: 18->18
[486.879s][info][gc,heap     ] GC(828) Humongous regions: 1->1
[486.879s][info][gc,metaspace] GC(828) Metaspace: 54624K(56000K)->54624K(56000K) NonClass: 47425K(48256K)->47425K(48256K) Class: 7199K(7744K)->7199K(7744K)
[486.879s][info][gc          ] GC(828) Pause Young (Normal) (G1 Evacuation Pause) 198M->70M(228M) 2.356ms
[486.879s][info][gc,cpu      ] GC(828) User=0.01s Sys=0.00s Real=0.00s
[487.169s][info][gc,start    ] GC(829) Pause Young (Normal) (G1 Evacuation Pause)
[487.169s][info][gc,task     ] GC(829) Using 8 workers of 8 for evacuation
[487.171s][info][gc,phases   ] GC(829)   Pre Evacuate Collection Set: 0.1ms
[487.171s][info][gc,phases   ] GC(829)   Merge Heap Roots: 0.1ms
[487.171s][info][gc,phases   ] GC(829)   Evacuate Collection Set: 1.4ms
[487.171s][info][gc,phases   ] GC(829)   Post Evacuate Collection Set: 0.2ms
[487.171s][info][gc,phases   ] GC(829)   Other: 0.0ms
[487.171s][info][gc,heap     ] GC(829) Eden regions: 32->0(32)
[487.171s][info][gc,heap     ] GC(829) Survivor regions: 1->1(5)
[487.171s][info][gc,heap     ] GC(829) Old regions: 18->18
[487.171s][info][gc,heap     ] GC(829) Humongous regions: 1->1
[487.171s][info][gc,metaspace] GC(829) Metaspace: 54624K(56000K)->54624K(56000K) NonClass: 47425K(48256K)->47425K(48256K) Class: 7199K(7744K)->7199K(7744K)
[487.171s][info][gc          ] GC(829) Pause Young (Normal) (G1 Evacuation Pause) 198M->70M(228M) 1.996ms
[487.171s][info][gc,cpu      ] GC(829) User=0.01s Sys=0.00s Real=0.00s
[487.439s][info][gc,start    ] GC(830) Pause Young (Normal) (G1 Evacuation Pause)
[487.439s][info][gc,task     ] GC(830) Using 8 workers of 8 for evacuation
[487.442s][info][gc,phases   ] GC(830)   Pre Evacuate Collection Set: 0.1ms
[487.442s][info][gc,phases   ] GC(830)   Merge Heap Roots: 0.1ms
[487.442s][info][gc,phases   ] GC(830)   Evacuate Collection Set: 1.9ms
[487.442s][info][gc,phases   ] GC(830)   Post Evacuate Collection Set: 0.3ms
[487.442s][info][gc,phases   ] GC(830)   Other: 0.0ms
[487.442s][info][gc,heap     ] GC(830) Eden regions: 32->0(32)
[487.442s][info][gc,heap     ] GC(830) Survivor regions: 1->1(5)
[487.442s][info][gc,heap     ] GC(830) Old regions: 18->18
[487.442s][info][gc,heap     ] GC(830) Humongous regions: 1->1
[487.442s][info][gc,metaspace] GC(830) Metaspace: 54624K(56000K)->54624K(56000K) NonClass: 47425K(48256K)->47425K(48256K) Class: 7199K(7744K)->7199K(7744K)
[487.442s][info][gc          ] GC(830) Pause Young (Normal) (G1 Evacuation Pause) 198M->70M(228M) 2.641ms
[487.442s][info][gc,cpu      ] GC(830) User=0.00s Sys=0.00s Real=0.00s
[487.812s][info][gc,start    ] GC(831) Pause Young (Normal) (G1 Evacuation Pause)
[487.812s][info][gc,task     ] GC(831) Using 8 workers of 8 for evacuation
[487.814s][info][gc,phases   ] GC(831)   Pre Evacuate Collection Set: 0.1ms
[487.814s][info][gc,phases   ] GC(831)   Merge Heap Roots: 0.1ms
[487.814s][info][gc,phases   ] GC(831)   Evacuate Collection Set: 1.7ms
[487.814s][info][gc,phases   ] GC(831)   Post Evacuate Collection Set: 0.2ms
[487.814s][info][gc,phases   ] GC(831)   Other: 0.0ms
[487.814s][info][gc,heap     ] GC(831) Eden regions: 32->0(32)
[487.814s][info][gc,heap     ] GC(831) Survivor regions: 1->1(5)
[487.814s][info][gc,heap     ] GC(831) Old regions: 18->18
[487.814s][info][gc,heap     ] GC(831) Humongous regions: 1->1
[487.814s][info][gc,metaspace] GC(831) Metaspace: 54624K(56000K)->54624K(56000K) NonClass: 47425K(48256K)->47425K(48256K) Class: 7199K(7744K)->7199K(7744K)
[487.814s][info][gc          ] GC(831) Pause Young (Normal) (G1 Evacuation Pause) 198M->70M(228M) 2.285ms
[487.814s][info][gc,cpu      ] GC(831) User=0.01s Sys=0.00s Real=0.00s
[488.062s][info][gc,start    ] GC(832) Pause Young (Normal) (G1 Evacuation Pause)
[488.062s][info][gc,task     ] GC(832) Using 8 workers of 8 for evacuation
[488.064s][info][gc,phases   ] GC(832)   Pre Evacuate Collection Set: 0.1ms
[488.064s][info][gc,phases   ] GC(832)   Merge Heap Roots: 0.1ms
[488.064s][info][gc,phases   ] GC(832)   Evacuate Collection Set: 1.5ms
[488.064s][info][gc,phases   ] GC(832)   Post Evacuate Collection Set: 0.3ms
[488.064s][info][gc,phases   ] GC(832)   Other: 0.1ms
[488.064s][info][gc,heap     ] GC(832) Eden regions: 32->0(32)
[488.064s][info][gc,heap     ] GC(832) Survivor regions: 1->1(5)
[488.064s][info][gc,heap     ] GC(832) Old regions: 18->18
[488.064s][info][gc,heap     ] GC(832) Humongous regions: 1->1
[488.064s][info][gc,metaspace] GC(832) Metaspace: 54624K(56000K)->54624K(56000K) NonClass: 47425K(48256K)->47425K(48256K) Class: 7199K(7744K)->7199K(7744K)
[488.064s][info][gc          ] GC(832) Pause Young (Normal) (G1 Evacuation Pause) 198M->70M(228M) 2.118ms
[488.064s][info][gc,cpu      ] GC(832) User=0.01s Sys=0.00s Real=0.01s
[488.330s][info][gc,start    ] GC(833) Pause Young (Normal) (G1 Evacuation Pause)
[488.330s][info][gc,task     ] GC(833) Using 8 workers of 8 for evacuation
[488.332s][info][gc,phases   ] GC(833)   Pre Evacuate Collection Set: 0.1ms
[488.332s][info][gc,phases   ] GC(833)   Merge Heap Roots: 0.1ms
[488.332s][info][gc,phases   ] GC(833)   Evacuate Collection Set: 1.6ms
[488.332s][info][gc,phases   ] GC(833)   Post Evacuate Collection Set: 0.2ms
[488.332s][info][gc,phases   ] GC(833)   Other: 0.0ms
[488.332s][info][gc,heap     ] GC(833) Eden regions: 32->0(32)
[488.332s][info][gc,heap     ] GC(833) Survivor regions: 1->1(5)
[488.332s][info][gc,heap     ] GC(833) Old regions: 18->18
[488.332s][info][gc,heap     ] GC(833) Humongous regions: 1->1
[488.332s][info][gc,metaspace] GC(833) Metaspace: 54624K(56000K)->54624K(56000K) NonClass: 47425K(48256K)->47425K(48256K) Class: 7199K(7744K)->7199K(7744K)
[488.332s][info][gc          ] GC(833) Pause Young (Normal) (G1 Evacuation Pause) 198M->70M(228M) 2.196ms
[488.332s][info][gc,cpu      ] GC(833) User=0.01s Sys=0.00s Real=0.00s
[488.609s][info][gc,start    ] GC(834) Pause Young (Normal) (G1 Evacuation Pause)
[488.609s][info][gc,task     ] GC(834) Using 8 workers of 8 for evacuation
[488.612s][info][gc,phases   ] GC(834)   Pre Evacuate Collection Set: 0.1ms
[488.612s][info][gc,phases   ] GC(834)   Merge Heap Roots: 0.1ms
[488.612s][info][gc,phases   ] GC(834)   Evacuate Collection Set: 2.3ms
[488.612s][info][gc,phases   ] GC(834)   Post Evacuate Collection Set: 0.3ms
[488.612s][info][gc,phases   ] GC(834)   Other: 0.0ms
[488.612s][info][gc,heap     ] GC(834) Eden regions: 32->0(32)
[488.612s][info][gc,heap     ] GC(834) Survivor regions: 1->1(5)
[488.612s][info][gc,heap     ] GC(834) Old regions: 18->18
[488.612s][info][gc,heap     ] GC(834) Humongous regions: 1->1
[488.612s][info][gc,metaspace] GC(834) Metaspace: 54624K(56000K)->54624K(56000K) NonClass: 47425K(48256K)->47425K(48256K) Class: 7199K(7744K)->7199K(7744K)
[488.612s][info][gc          ] GC(834) Pause Young (Normal) (G1 Evacuation Pause) 198M->70M(228M) 2.977ms
[488.612s][info][gc,cpu      ] GC(834) User=0.01s Sys=0.00s Real=0.01s
[488.865s][info][gc,start    ] GC(835) Pause Young (Normal) (G1 Evacuation Pause)
[488.865s][info][gc,task     ] GC(835) Using 8 workers of 8 for evacuation
[488.867s][info][gc,phases   ] GC(835)   Pre Evacuate Collection Set: 0.1ms
[488.867s][info][gc,phases   ] GC(835)   Merge Heap Roots: 0.1ms
[488.867s][info][gc,phases   ] GC(835)   Evacuate Collection Set: 1.8ms
[488.867s][info][gc,phases   ] GC(835)   Post Evacuate Collection Set: 0.3ms
[488.867s][info][gc,phases   ] GC(835)   Other: 0.0ms
[488.867s][info][gc,heap     ] GC(835) Eden regions: 32->0(32)
[488.867s][info][gc,heap     ] GC(835) Survivor regions: 1->1(5)
[488.867s][info][gc,heap     ] GC(835) Old regions: 18->18
[488.867s][info][gc,heap     ] GC(835) Humongous regions: 1->1
[488.867s][info][gc,metaspace] GC(835) Metaspace: 54624K(56000K)->54624K(56000K) NonClass: 47425K(48256K)->47425K(48256K) Class: 7199K(7744K)->7199K(7744K)
[488.867s][info][gc          ] GC(835) Pause Young (Normal) (G1 Evacuation Pause) 198M->70M(228M) 2.432ms
[488.867s][info][gc,cpu      ] GC(835) User=0.01s Sys=0.00s Real=0.00s
[489.284s][info][gc,start    ] GC(836) Pause Young (Normal) (G1 Evacuation Pause)
[489.284s][info][gc,task     ] GC(836) Using 8 workers of 8 for evacuation
[489.286s][info][gc,phases   ] GC(836)   Pre Evacuate Collection Set: 0.1ms
[489.286s][info][gc,phases   ] GC(836)   Merge Heap Roots: 0.1ms
[489.286s][info][gc,phases   ] GC(836)   Evacuate Collection Set: 1.6ms
[489.286s][info][gc,phases   ] GC(836)   Post Evacuate Collection Set: 0.2ms
[489.286s][info][gc,phases   ] GC(836)   Other: 0.1ms
[489.286s][info][gc,heap     ] GC(836) Eden regions: 32->0(32)
[489.286s][info][gc,heap     ] GC(836) Survivor regions: 1->1(5)
[489.286s][info][gc,heap     ] GC(836) Old regions: 18->18
[489.286s][info][gc,heap     ] GC(836) Humongous regions: 1->1
[489.286s][info][gc,metaspace] GC(836) Metaspace: 54624K(56000K)->54624K(56000K) NonClass: 47425K(48256K)->47425K(48256K) Class: 7199K(7744K)->7199K(7744K)
[489.286s][info][gc          ] GC(836) Pause Young (Normal) (G1 Evacuation Pause) 198M->70M(228M) 2.347ms
[489.286s][info][gc,cpu      ] GC(836) User=0.01s Sys=0.01s Real=0.00s
[489.637s][info][gc,start    ] GC(837) Pause Young (Normal) (G1 Evacuation Pause)
[489.637s][info][gc,task     ] GC(837) Using 8 workers of 8 for evacuation
[489.639s][info][gc,phases   ] GC(837)   Pre Evacuate Collection Set: 0.1ms
[489.639s][info][gc,phases   ] GC(837)   Merge Heap Roots: 0.1ms
[489.639s][info][gc,phases   ] GC(837)   Evacuate Collection Set: 2.2ms
[489.639s][info][gc,phases   ] GC(837)   Post Evacuate Collection Set: 0.2ms
[489.639s][info][gc,phases   ] GC(837)   Other: 0.0ms
[489.639s][info][gc,heap     ] GC(837) Eden regions: 32->0(32)
[489.639s][info][gc,heap     ] GC(837) Survivor regions: 1->1(5)
[489.639s][info][gc,heap     ] GC(837) Old regions: 18->18
[489.639s][info][gc,heap     ] GC(837) Humongous regions: 1->1
[489.639s][info][gc,metaspace] GC(837) Metaspace: 54624K(56000K)->54624K(56000K) NonClass: 47425K(48256K)->47425K(48256K) Class: 7199K(7744K)->7199K(7744K)
[489.639s][info][gc          ] GC(837) Pause Young (Normal) (G1 Evacuation Pause) 198M->70M(228M) 2.843ms
[489.639s][info][gc,cpu      ] GC(837) User=0.01s Sys=0.00s Real=0.00s
[489.956s][info][gc,start    ] GC(838) Pause Young (Normal) (G1 Evacuation Pause)
[489.956s][info][gc,task     ] GC(838) Using 8 workers of 8 for evacuation
[489.958s][info][gc,phases   ] GC(838)   Pre Evacuate Collection Set: 0.1ms
[489.958s][info][gc,phases   ] GC(838)   Merge Heap Roots: 0.1ms
[489.958s][info][gc,phases   ] GC(838)   Evacuate Collection Set: 1.6ms
[489.958s][info][gc,phases   ] GC(838)   Post Evacuate Collection Set: 0.2ms
[489.958s][info][gc,phases   ] GC(838)   Other: 0.0ms
[489.958s][info][gc,heap     ] GC(838) Eden regions: 32->0(32)
[489.958s][info][gc,heap     ] GC(838) Survivor regions: 1->1(5)
[489.958s][info][gc,heap     ] GC(838) Old regions: 18->18
[489.958s][info][gc,heap     ] GC(838) Humongous regions: 1->1
[489.958s][info][gc,metaspace] GC(838) Metaspace: 54624K(56000K)->54624K(56000K) NonClass: 47425K(48256K)->47425K(48256K) Class: 7199K(7744K)->7199K(7744K)
[489.958s][info][gc          ] GC(838) Pause Young (Normal) (G1 Evacuation Pause) 198M->70M(228M) 2.338ms
[489.958s][info][gc,cpu      ] GC(838) User=0.01s Sys=0.00s Real=0.00s
[490.221s][info][gc,start    ] GC(839) Pause Young (Normal) (G1 Evacuation Pause)
[490.221s][info][gc,task     ] GC(839) Using 8 workers of 8 for evacuation
[490.223s][info][gc,phases   ] GC(839)   Pre Evacuate Collection Set: 0.1ms
[490.223s][info][gc,phases   ] GC(839)   Merge Heap Roots: 0.1ms
[490.223s][info][gc,phases   ] GC(839)   Evacuate Collection Set: 1.8ms
[490.223s][info][gc,phases   ] GC(839)   Post Evacuate Collection Set: 0.2ms
[490.223s][info][gc,phases   ] GC(839)   Other: 0.1ms
[490.223s][info][gc,heap     ] GC(839) Eden regions: 32->0(32)
[490.223s][info][gc,heap     ] GC(839) Survivor regions: 1->1(5)
[490.223s][info][gc,heap     ] GC(839) Old regions: 18->18
[490.223s][info][gc,heap     ] GC(839) Humongous regions: 1->1
[490.223s][info][gc,metaspace] GC(839) Metaspace: 54624K(56000K)->54624K(56000K) NonClass: 47425K(48256K)->47425K(48256K) Class: 7199K(7744K)->7199K(7744K)
[490.223s][info][gc          ] GC(839) Pause Young (Normal) (G1 Evacuation Pause) 198M->70M(228M) 2.443ms
[490.224s][info][gc,cpu      ] GC(839) User=0.01s Sys=0.00s Real=0.01s
[490.530s][info][gc,start    ] GC(840) Pause Young (Normal) (G1 Evacuation Pause)
[490.530s][info][gc,task     ] GC(840) Using 8 workers of 8 for evacuation
[490.532s][info][gc,phases   ] GC(840)   Pre Evacuate Collection Set: 0.1ms
[490.532s][info][gc,phases   ] GC(840)   Merge Heap Roots: 0.1ms
[490.532s][info][gc,phases   ] GC(840)   Evacuate Collection Set: 1.8ms
[490.532s][info][gc,phases   ] GC(840)   Post Evacuate Collection Set: 0.2ms
[490.532s][info][gc,phases   ] GC(840)   Other: 0.1ms
[490.532s][info][gc,heap     ] GC(840) Eden regions: 32->0(32)
[490.532s][info][gc,heap     ] GC(840) Survivor regions: 1->1(5)
[490.532s][info][gc,heap     ] GC(840) Old regions: 18->18
[490.532s][info][gc,heap     ] GC(840) Humongous regions: 1->1
[490.532s][info][gc,metaspace] GC(840) Metaspace: 54624K(56000K)->54624K(56000K) NonClass: 47425K(48256K)->47425K(48256K) Class: 7199K(7744K)->7199K(7744K)
[490.532s][info][gc          ] GC(840) Pause Young (Normal) (G1 Evacuation Pause) 198M->70M(228M) 2.524ms
[490.532s][info][gc,cpu      ] GC(840) User=0.01s Sys=0.00s Real=0.01s
[490.847s][info][gc,start    ] GC(841) Pause Young (Normal) (G1 Evacuation Pause)
[490.847s][info][gc,task     ] GC(841) Using 8 workers of 8 for evacuation
[490.849s][info][gc,phases   ] GC(841)   Pre Evacuate Collection Set: 0.1ms
[490.849s][info][gc,phases   ] GC(841)   Merge Heap Roots: 0.1ms
[490.849s][info][gc,phases   ] GC(841)   Evacuate Collection Set: 2.1ms
[490.849s][info][gc,phases   ] GC(841)   Post Evacuate Collection Set: 0.3ms
[490.849s][info][gc,phases   ] GC(841)   Other: 0.0ms
[490.849s][info][gc,heap     ] GC(841) Eden regions: 32->0(32)
[490.849s][info][gc,heap     ] GC(841) Survivor regions: 1->1(5)
[490.849s][info][gc,heap     ] GC(841) Old regions: 18->18
[490.849s][info][gc,heap     ] GC(841) Humongous regions: 1->1
[490.849s][info][gc,metaspace] GC(841) Metaspace: 54624K(56000K)->54624K(56000K) NonClass: 47425K(48256K)->47425K(48256K) Class: 7199K(7744K)->7199K(7744K)
[490.849s][info][gc          ] GC(841) Pause Young (Normal) (G1 Evacuation Pause) 198M->70M(228M) 2.752ms
[490.849s][info][gc,cpu      ] GC(841) User=0.01s Sys=0.00s Real=0.00s
[491.196s][info][gc,start    ] GC(842) Pause Young (Normal) (G1 Evacuation Pause)
[491.196s][info][gc,task     ] GC(842) Using 8 workers of 8 for evacuation
[491.199s][info][gc,phases   ] GC(842)   Pre Evacuate Collection Set: 0.1ms
[491.199s][info][gc,phases   ] GC(842)   Merge Heap Roots: 0.1ms
[491.199s][info][gc,phases   ] GC(842)   Evacuate Collection Set: 2.2ms
[491.199s][info][gc,phases   ] GC(842)   Post Evacuate Collection Set: 0.3ms
[491.199s][info][gc,phases   ] GC(842)   Other: 0.1ms
[491.199s][info][gc,heap     ] GC(842) Eden regions: 32->0(32)
[491.199s][info][gc,heap     ] GC(842) Survivor regions: 1->1(5)
[491.199s][info][gc,heap     ] GC(842) Old regions: 18->18
[491.199s][info][gc,heap     ] GC(842) Humongous regions: 1->1
[491.199s][info][gc,metaspace] GC(842) Metaspace: 54624K(56000K)->54624K(56000K) NonClass: 47425K(48256K)->47425K(48256K) Class: 7199K(7744K)->7199K(7744K)
[491.199s][info][gc          ] GC(842) Pause Young (Normal) (G1 Evacuation Pause) 198M->70M(228M) 3.023ms
[491.199s][info][gc,cpu      ] GC(842) User=0.01s Sys=0.00s Real=0.00s
[491.618s][info][gc,start    ] GC(843) Pause Young (Normal) (G1 Evacuation Pause)
[491.619s][info][gc,task     ] GC(843) Using 8 workers of 8 for evacuation
[491.621s][info][gc,phases   ] GC(843)   Pre Evacuate Collection Set: 0.1ms
[491.621s][info][gc,phases   ] GC(843)   Merge Heap Roots: 0.1ms
[491.621s][info][gc,phases   ] GC(843)   Evacuate Collection Set: 1.8ms
[491.621s][info][gc,phases   ] GC(843)   Post Evacuate Collection Set: 0.3ms
[491.621s][info][gc,phases   ] GC(843)   Other: 0.0ms
[491.621s][info][gc,heap     ] GC(843) Eden regions: 32->0(32)
[491.621s][info][gc,heap     ] GC(843) Survivor regions: 1->1(5)
[491.621s][info][gc,heap     ] GC(843) Old regions: 18->18
[491.621s][info][gc,heap     ] GC(843) Humongous regions: 1->1
[491.621s][info][gc,metaspace] GC(843) Metaspace: 54624K(56000K)->54624K(56000K) NonClass: 47425K(48256K)->47425K(48256K) Class: 7199K(7744K)->7199K(7744K)
[491.621s][info][gc          ] GC(843) Pause Young (Normal) (G1 Evacuation Pause) 198M->70M(228M) 2.505ms
[491.621s][info][gc,cpu      ] GC(843) User=0.01s Sys=0.01s Real=0.00s
[491.889s][info][gc,start    ] GC(844) Pause Young (Normal) (G1 Evacuation Pause)
[491.889s][info][gc,task     ] GC(844) Using 8 workers of 8 for evacuation
[491.891s][info][gc,phases   ] GC(844)   Pre Evacuate Collection Set: 0.1ms
[491.891s][info][gc,phases   ] GC(844)   Merge Heap Roots: 0.1ms
[491.891s][info][gc,phases   ] GC(844)   Evacuate Collection Set: 1.8ms
[491.891s][info][gc,phases   ] GC(844)   Post Evacuate Collection Set: 0.2ms
[491.891s][info][gc,phases   ] GC(844)   Other: 0.0ms
[491.891s][info][gc,heap     ] GC(844) Eden regions: 32->0(32)
[491.891s][info][gc,heap     ] GC(844) Survivor regions: 1->1(5)
[491.891s][info][gc,heap     ] GC(844) Old regions: 18->18
[491.891s][info][gc,heap     ] GC(844) Humongous regions: 1->1
[491.891s][info][gc,metaspace] GC(844) Metaspace: 54624K(56000K)->54624K(56000K) NonClass: 47425K(48256K)->47425K(48256K) Class: 7199K(7744K)->7199K(7744K)
[491.891s][info][gc          ] GC(844) Pause Young (Normal) (G1 Evacuation Pause) 198M->71M(228M) 2.423ms
[491.891s][info][gc,cpu      ] GC(844) User=0.00s Sys=0.00s Real=0.00s
[492.204s][info][gc,start    ] GC(845) Pause Young (Normal) (G1 Evacuation Pause)
[492.204s][info][gc,task     ] GC(845) Using 8 workers of 8 for evacuation
[492.206s][info][gc,phases   ] GC(845)   Pre Evacuate Collection Set: 0.2ms
[492.206s][info][gc,phases   ] GC(845)   Merge Heap Roots: 0.1ms
[492.206s][info][gc,phases   ] GC(845)   Evacuate Collection Set: 1.9ms
[492.207s][info][gc,phases   ] GC(845)   Post Evacuate Collection Set: 0.3ms
[492.207s][info][gc,phases   ] GC(845)   Other: 0.0ms
[492.207s][info][gc,heap     ] GC(845) Eden regions: 32->0(32)
[492.207s][info][gc,heap     ] GC(845) Survivor regions: 1->1(5)
[492.207s][info][gc,heap     ] GC(845) Old regions: 18->18
[492.207s][info][gc,heap     ] GC(845) Humongous regions: 1->1
[492.207s][info][gc,metaspace] GC(845) Metaspace: 54624K(56000K)->54624K(56000K) NonClass: 47425K(48256K)->47425K(48256K) Class: 7199K(7744K)->7199K(7744K)
[492.207s][info][gc          ] GC(845) Pause Young (Normal) (G1 Evacuation Pause) 199M->71M(228M) 2.737ms
[492.207s][info][gc,cpu      ] GC(845) User=0.01s Sys=0.00s Real=0.00s
[492.435s][info][gc,start    ] GC(846) Pause Young (Normal) (G1 Evacuation Pause)
[492.435s][info][gc,task     ] GC(846) Using 8 workers of 8 for evacuation
[492.438s][info][gc,phases   ] GC(846)   Pre Evacuate Collection Set: 0.1ms
[492.438s][info][gc,phases   ] GC(846)   Merge Heap Roots: 0.1ms
[492.438s][info][gc,phases   ] GC(846)   Evacuate Collection Set: 2.0ms
[492.438s][info][gc,phases   ] GC(846)   Post Evacuate Collection Set: 0.3ms
[492.438s][info][gc,phases   ] GC(846)   Other: 0.0ms
[492.438s][info][gc,heap     ] GC(846) Eden regions: 32->0(32)
[492.438s][info][gc,heap     ] GC(846) Survivor regions: 1->1(5)
[492.438s][info][gc,heap     ] GC(846) Old regions: 18->18
[492.438s][info][gc,heap     ] GC(846) Humongous regions: 1->1
[492.438s][info][gc,metaspace] GC(846) Metaspace: 54624K(56000K)->54624K(56000K) NonClass: 47425K(48256K)->47425K(48256K) Class: 7199K(7744K)->7199K(7744K)
[492.438s][info][gc          ] GC(846) Pause Young (Normal) (G1 Evacuation Pause) 199M->71M(228M) 2.556ms
[492.438s][info][gc,cpu      ] GC(846) User=0.01s Sys=0.00s Real=0.00s
[495.332s][info][gc,start    ] GC(847) Pause Young (Normal) (G1 Evacuation Pause)
[495.332s][info][gc,task     ] GC(847) Using 8 workers of 8 for evacuation
[495.334s][info][gc,phases   ] GC(847)   Pre Evacuate Collection Set: 0.1ms
[495.334s][info][gc,phases   ] GC(847)   Merge Heap Roots: 0.1ms
[495.334s][info][gc,phases   ] GC(847)   Evacuate Collection Set: 1.8ms
[495.334s][info][gc,phases   ] GC(847)   Post Evacuate Collection Set: 0.3ms
[495.334s][info][gc,phases   ] GC(847)   Other: 0.0ms
[495.334s][info][gc,heap     ] GC(847) Eden regions: 32->0(32)
[495.334s][info][gc,heap     ] GC(847) Survivor regions: 1->1(5)
[495.334s][info][gc,heap     ] GC(847) Old regions: 18->18
[495.334s][info][gc,heap     ] GC(847) Humongous regions: 1->1
[495.334s][info][gc,metaspace] GC(847) Metaspace: 54624K(56000K)->54624K(56000K) NonClass: 47425K(48256K)->47425K(48256K) Class: 7199K(7744K)->7199K(7744K)
[495.334s][info][gc          ] GC(847) Pause Young (Normal) (G1 Evacuation Pause) 199M->71M(228M) 2.492ms
[495.334s][info][gc,cpu      ] GC(847) User=0.02s Sys=0.00s Real=0.01s
[495.686s][info][gc,start    ] GC(848) Pause Young (Normal) (G1 Evacuation Pause)
[495.686s][info][gc,task     ] GC(848) Using 8 workers of 8 for evacuation
[495.688s][info][gc,phases   ] GC(848)   Pre Evacuate Collection Set: 0.1ms
[495.688s][info][gc,phases   ] GC(848)   Merge Heap Roots: 0.1ms
[495.688s][info][gc,phases   ] GC(848)   Evacuate Collection Set: 1.9ms
[495.688s][info][gc,phases   ] GC(848)   Post Evacuate Collection Set: 0.3ms
[495.688s][info][gc,phases   ] GC(848)   Other: 0.1ms
[495.688s][info][gc,heap     ] GC(848) Eden regions: 32->0(32)
[495.688s][info][gc,heap     ] GC(848) Survivor regions: 1->1(5)
[495.688s][info][gc,heap     ] GC(848) Old regions: 18->18
[495.688s][info][gc,heap     ] GC(848) Humongous regions: 1->1
[495.688s][info][gc,metaspace] GC(848) Metaspace: 54624K(56000K)->54624K(56000K) NonClass: 47425K(48256K)->47425K(48256K) Class: 7199K(7744K)->7199K(7744K)
[495.688s][info][gc          ] GC(848) Pause Young (Normal) (G1 Evacuation Pause) 199M->71M(228M) 2.583ms
[495.688s][info][gc,cpu      ] GC(848) User=0.01s Sys=0.00s Real=0.00s
[495.949s][info][gc,start    ] GC(849) Pause Young (Normal) (G1 Evacuation Pause)
[495.949s][info][gc,task     ] GC(849) Using 8 workers of 8 for evacuation
[495.951s][info][gc,phases   ] GC(849)   Pre Evacuate Collection Set: 0.1ms
[495.951s][info][gc,phases   ] GC(849)   Merge Heap Roots: 0.1ms
[495.952s][info][gc,phases   ] GC(849)   Evacuate Collection Set: 1.9ms
[495.952s][info][gc,phases   ] GC(849)   Post Evacuate Collection Set: 0.3ms
[495.952s][info][gc,phases   ] GC(849)   Other: 0.0ms
[495.952s][info][gc,heap     ] GC(849) Eden regions: 32->0(32)
[495.952s][info][gc,heap     ] GC(849) Survivor regions: 1->1(5)
[495.952s][info][gc,heap     ] GC(849) Old regions: 18->18
[495.952s][info][gc,heap     ] GC(849) Humongous regions: 1->1
[495.952s][info][gc,metaspace] GC(849) Metaspace: 54624K(56000K)->54624K(56000K) NonClass: 47425K(48256K)->47425K(48256K) Class: 7199K(7744K)->7199K(7744K)
[495.952s][info][gc          ] GC(849) Pause Young (Normal) (G1 Evacuation Pause) 199M->71M(228M) 2.465ms
[495.952s][info][gc,cpu      ] GC(849) User=0.01s Sys=0.00s Real=0.00s
[496.220s][info][gc,start    ] GC(850) Pause Young (Normal) (G1 Evacuation Pause)
[496.220s][info][gc,task     ] GC(850) Using 8 workers of 8 for evacuation
[496.223s][info][gc,phases   ] GC(850)   Pre Evacuate Collection Set: 0.1ms
[496.223s][info][gc,phases   ] GC(850)   Merge Heap Roots: 0.1ms
[496.223s][info][gc,phases   ] GC(850)   Evacuate Collection Set: 2.2ms
[496.223s][info][gc,phases   ] GC(850)   Post Evacuate Collection Set: 0.3ms
[496.223s][info][gc,phases   ] GC(850)   Other: 0.0ms
[496.223s][info][gc,heap     ] GC(850) Eden regions: 32->0(32)
[496.223s][info][gc,heap     ] GC(850) Survivor regions: 1->1(5)
[496.223s][info][gc,heap     ] GC(850) Old regions: 18->18
[496.223s][info][gc,heap     ] GC(850) Humongous regions: 1->1
[496.223s][info][gc,metaspace] GC(850) Metaspace: 54624K(56000K)->54624K(56000K) NonClass: 47425K(48256K)->47425K(48256K) Class: 7199K(7744K)->7199K(7744K)
[496.223s][info][gc          ] GC(850) Pause Young (Normal) (G1 Evacuation Pause) 199M->71M(228M) 2.813ms
[496.223s][info][gc,cpu      ] GC(850) User=0.01s Sys=0.00s Real=0.01s
[496.591s][info][gc,start    ] GC(851) Pause Young (Normal) (G1 Evacuation Pause)
[496.591s][info][gc,task     ] GC(851) Using 8 workers of 8 for evacuation
[496.594s][info][gc,phases   ] GC(851)   Pre Evacuate Collection Set: 0.1ms
[496.594s][info][gc,phases   ] GC(851)   Merge Heap Roots: 0.1ms
[496.594s][info][gc,phases   ] GC(851)   Evacuate Collection Set: 2.2ms
[496.594s][info][gc,phases   ] GC(851)   Post Evacuate Collection Set: 0.3ms
[496.594s][info][gc,phases   ] GC(851)   Other: 0.0ms
[496.594s][info][gc,heap     ] GC(851) Eden regions: 32->0(32)
[496.594s][info][gc,heap     ] GC(851) Survivor regions: 1->1(5)
[496.594s][info][gc,heap     ] GC(851) Old regions: 18->18
[496.594s][info][gc,heap     ] GC(851) Humongous regions: 1->1
[496.594s][info][gc,metaspace] GC(851) Metaspace: 54624K(56000K)->54624K(56000K) NonClass: 47425K(48256K)->47425K(48256K) Class: 7199K(7744K)->7199K(7744K)
[496.594s][info][gc          ] GC(851) Pause Young (Normal) (G1 Evacuation Pause) 199M->71M(228M) 2.888ms
[496.594s][info][gc,cpu      ] GC(851) User=0.01s Sys=0.00s Real=0.01s
[496.899s][info][gc,start    ] GC(852) Pause Young (Normal) (G1 Evacuation Pause)
[496.899s][info][gc,task     ] GC(852) Using 8 workers of 8 for evacuation
[496.902s][info][gc,phases   ] GC(852)   Pre Evacuate Collection Set: 0.1ms
[496.902s][info][gc,phases   ] GC(852)   Merge Heap Roots: 0.1ms
[496.902s][info][gc,phases   ] GC(852)   Evacuate Collection Set: 2.1ms
[496.902s][info][gc,phases   ] GC(852)   Post Evacuate Collection Set: 0.2ms
[496.902s][info][gc,phases   ] GC(852)   Other: 0.0ms
[496.902s][info][gc,heap     ] GC(852) Eden regions: 32->0(32)
[496.902s][info][gc,heap     ] GC(852) Survivor regions: 1->1(5)
[496.902s][info][gc,heap     ] GC(852) Old regions: 18->18
[496.902s][info][gc,heap     ] GC(852) Humongous regions: 1->1
[496.902s][info][gc,metaspace] GC(852) Metaspace: 54624K(56000K)->54624K(56000K) NonClass: 47425K(48256K)->47425K(48256K) Class: 7199K(7744K)->7199K(7744K)
[496.902s][info][gc          ] GC(852) Pause Young (Normal) (G1 Evacuation Pause) 199M->71M(228M) 2.651ms
[496.902s][info][gc,cpu      ] GC(852) User=0.01s Sys=0.00s Real=0.00s
[497.161s][info][gc,start    ] GC(853) Pause Young (Normal) (G1 Evacuation Pause)
[497.161s][info][gc,task     ] GC(853) Using 8 workers of 8 for evacuation
[497.163s][info][gc,phases   ] GC(853)   Pre Evacuate Collection Set: 0.1ms
[497.163s][info][gc,phases   ] GC(853)   Merge Heap Roots: 0.1ms
[497.163s][info][gc,phases   ] GC(853)   Evacuate Collection Set: 1.9ms
[497.163s][info][gc,phases   ] GC(853)   Post Evacuate Collection Set: 0.3ms
[497.163s][info][gc,phases   ] GC(853)   Other: 0.0ms
[497.163s][info][gc,heap     ] GC(853) Eden regions: 32->0(32)
[497.163s][info][gc,heap     ] GC(853) Survivor regions: 1->1(5)
[497.163s][info][gc,heap     ] GC(853) Old regions: 18->18
[497.163s][info][gc,heap     ] GC(853) Humongous regions: 1->1
[497.163s][info][gc,metaspace] GC(853) Metaspace: 54624K(56000K)->54624K(56000K) NonClass: 47425K(48256K)->47425K(48256K) Class: 7199K(7744K)->7199K(7744K)
[497.163s][info][gc          ] GC(853) Pause Young (Normal) (G1 Evacuation Pause) 199M->71M(228M) 2.563ms
[497.163s][info][gc,cpu      ] GC(853) User=0.02s Sys=0.00s Real=0.01s
[497.504s][info][gc,start    ] GC(854) Pause Young (Normal) (G1 Evacuation Pause)
[497.504s][info][gc,task     ] GC(854) Using 8 workers of 8 for evacuation
[497.506s][info][gc,phases   ] GC(854)   Pre Evacuate Collection Set: 0.1ms
[497.506s][info][gc,phases   ] GC(854)   Merge Heap Roots: 0.1ms
[497.506s][info][gc,phases   ] GC(854)   Evacuate Collection Set: 2.0ms
[497.506s][info][gc,phases   ] GC(854)   Post Evacuate Collection Set: 0.3ms
[497.506s][info][gc,phases   ] GC(854)   Other: 0.1ms
[497.506s][info][gc,heap     ] GC(854) Eden regions: 32->0(32)
[497.506s][info][gc,heap     ] GC(854) Survivor regions: 1->1(5)
[497.506s][info][gc,heap     ] GC(854) Old regions: 18->18
[497.506s][info][gc,heap     ] GC(854) Humongous regions: 1->1
[497.506s][info][gc,metaspace] GC(854) Metaspace: 54624K(56000K)->54624K(56000K) NonClass: 47425K(48256K)->47425K(48256K) Class: 7199K(7744K)->7199K(7744K)
[497.506s][info][gc          ] GC(854) Pause Young (Normal) (G1 Evacuation Pause) 199M->71M(228M) 2.747ms
[497.506s][info][gc,cpu      ] GC(854) User=0.01s Sys=0.00s Real=0.00s
[497.982s][info][gc,start    ] GC(855) Pause Young (Normal) (G1 Evacuation Pause)
[497.982s][info][gc,task     ] GC(855) Using 8 workers of 8 for evacuation
[497.984s][info][gc,phases   ] GC(855)   Pre Evacuate Collection Set: 0.1ms
[497.984s][info][gc,phases   ] GC(855)   Merge Heap Roots: 0.1ms
[497.984s][info][gc,phases   ] GC(855)   Evacuate Collection Set: 1.5ms
[497.984s][info][gc,phases   ] GC(855)   Post Evacuate Collection Set: 0.3ms
[497.984s][info][gc,phases   ] GC(855)   Other: 0.0ms
[497.984s][info][gc,heap     ] GC(855) Eden regions: 32->0(32)
[497.984s][info][gc,heap     ] GC(855) Survivor regions: 1->1(5)
[497.984s][info][gc,heap     ] GC(855) Old regions: 18->18
[497.984s][info][gc,heap     ] GC(855) Humongous regions: 1->1
[497.984s][info][gc,metaspace] GC(855) Metaspace: 54624K(56000K)->54624K(56000K) NonClass: 47425K(48256K)->47425K(48256K) Class: 7199K(7744K)->7199K(7744K)
[497.984s][info][gc          ] GC(855) Pause Young (Normal) (G1 Evacuation Pause) 199M->71M(228M) 2.102ms
[497.984s][info][gc,cpu      ] GC(855) User=0.01s Sys=0.00s Real=0.00s
[498.287s][info][gc,start    ] GC(856) Pause Young (Normal) (G1 Evacuation Pause)
[498.288s][info][gc,task     ] GC(856) Using 8 workers of 8 for evacuation
[498.290s][info][gc,phases   ] GC(856)   Pre Evacuate Collection Set: 0.1ms
[498.290s][info][gc,phases   ] GC(856)   Merge Heap Roots: 0.1ms
[498.290s][info][gc,phases   ] GC(856)   Evacuate Collection Set: 2.0ms
[498.290s][info][gc,phases   ] GC(856)   Post Evacuate Collection Set: 0.3ms
[498.290s][info][gc,phases   ] GC(856)   Other: 0.1ms
[498.290s][info][gc,heap     ] GC(856) Eden regions: 32->0(32)
[498.290s][info][gc,heap     ] GC(856) Survivor regions: 1->1(5)
[498.290s][info][gc,heap     ] GC(856) Old regions: 18->18
[498.290s][info][gc,heap     ] GC(856) Humongous regions: 1->1
[498.290s][info][gc,metaspace] GC(856) Metaspace: 54624K(56000K)->54624K(56000K) NonClass: 47425K(48256K)->47425K(48256K) Class: 7199K(7744K)->7199K(7744K)
[498.290s][info][gc          ] GC(856) Pause Young (Normal) (G1 Evacuation Pause) 199M->71M(228M) 2.718ms
[498.290s][info][gc,cpu      ] GC(856) User=0.01s Sys=0.00s Real=0.00s
[498.574s][info][gc,start    ] GC(857) Pause Young (Normal) (G1 Evacuation Pause)
[498.574s][info][gc,task     ] GC(857) Using 8 workers of 8 for evacuation
[498.577s][info][gc,phases   ] GC(857)   Pre Evacuate Collection Set: 0.1ms
[498.577s][info][gc,phases   ] GC(857)   Merge Heap Roots: 0.1ms
[498.577s][info][gc,phases   ] GC(857)   Evacuate Collection Set: 1.9ms
[498.577s][info][gc,phases   ] GC(857)   Post Evacuate Collection Set: 0.3ms
[498.577s][info][gc,phases   ] GC(857)   Other: 0.0ms
[498.577s][info][gc,heap     ] GC(857) Eden regions: 32->0(32)
[498.577s][info][gc,heap     ] GC(857) Survivor regions: 1->1(5)
[498.577s][info][gc,heap     ] GC(857) Old regions: 18->18
[498.577s][info][gc,heap     ] GC(857) Humongous regions: 1->1
[498.577s][info][gc,metaspace] GC(857) Metaspace: 54624K(56000K)->54624K(56000K) NonClass: 47425K(48256K)->47425K(48256K) Class: 7199K(7744K)->7199K(7744K)
[498.577s][info][gc          ] GC(857) Pause Young (Normal) (G1 Evacuation Pause) 199M->71M(228M) 2.527ms
[498.577s][info][gc,cpu      ] GC(857) User=0.01s Sys=0.00s Real=0.00s
[498.995s][info][gc,start    ] GC(858) Pause Young (Normal) (G1 Evacuation Pause)
[498.995s][info][gc,task     ] GC(858) Using 8 workers of 8 for evacuation
[498.998s][info][gc,phases   ] GC(858)   Pre Evacuate Collection Set: 0.1ms
[498.998s][info][gc,phases   ] GC(858)   Merge Heap Roots: 0.1ms
[498.998s][info][gc,phases   ] GC(858)   Evacuate Collection Set: 2.3ms
[498.998s][info][gc,phases   ] GC(858)   Post Evacuate Collection Set: 0.3ms
[498.998s][info][gc,phases   ] GC(858)   Other: 0.0ms
[498.998s][info][gc,heap     ] GC(858) Eden regions: 32->0(32)
[498.998s][info][gc,heap     ] GC(858) Survivor regions: 1->1(5)
[498.998s][info][gc,heap     ] GC(858) Old regions: 18->18
[498.998s][info][gc,heap     ] GC(858) Humongous regions: 1->1
[498.998s][info][gc,metaspace] GC(858) Metaspace: 54624K(56000K)->54624K(56000K) NonClass: 47425K(48256K)->47425K(48256K) Class: 7199K(7744K)->7199K(7744K)
[498.998s][info][gc          ] GC(858) Pause Young (Normal) (G1 Evacuation Pause) 199M->71M(228M) 2.948ms
[498.998s][info][gc,cpu      ] GC(858) User=0.01s Sys=0.00s Real=0.00s
[503.184s][info][gc,start    ] GC(859) Pause Young (Normal) (G1 Evacuation Pause)
[503.184s][info][gc,task     ] GC(859) Using 8 workers of 8 for evacuation
[503.188s][info][gc,phases   ] GC(859)   Pre Evacuate Collection Set: 0.1ms
[503.188s][info][gc,phases   ] GC(859)   Merge Heap Roots: 0.1ms
[503.188s][info][gc,phases   ] GC(859)   Evacuate Collection Set: 2.9ms
[503.188s][info][gc,phases   ] GC(859)   Post Evacuate Collection Set: 0.3ms
[503.188s][info][gc,phases   ] GC(859)   Other: 0.1ms
[503.188s][info][gc,heap     ] GC(859) Eden regions: 32->0(32)
[503.188s][info][gc,heap     ] GC(859) Survivor regions: 1->1(5)
[503.188s][info][gc,heap     ] GC(859) Old regions: 18->18
[503.188s][info][gc,heap     ] GC(859) Humongous regions: 1->1
[503.188s][info][gc,metaspace] GC(859) Metaspace: 54624K(56000K)->54624K(56000K) NonClass: 47425K(48256K)->47425K(48256K) Class: 7199K(7744K)->7199K(7744K)
[503.188s][info][gc          ] GC(859) Pause Young (Normal) (G1 Evacuation Pause) 199M->72M(228M) 3.750ms
[503.188s][info][gc,cpu      ] GC(859) User=0.01s Sys=0.00s Real=0.00s
[503.539s][info][gc,start    ] GC(860) Pause Young (Normal) (G1 Evacuation Pause)
[503.539s][info][gc,task     ] GC(860) Using 8 workers of 8 for evacuation
[503.541s][info][gc,phases   ] GC(860)   Pre Evacuate Collection Set: 0.1ms
[503.541s][info][gc,phases   ] GC(860)   Merge Heap Roots: 0.1ms
[503.541s][info][gc,phases   ] GC(860)   Evacuate Collection Set: 1.6ms
[503.541s][info][gc,phases   ] GC(860)   Post Evacuate Collection Set: 0.3ms
[503.541s][info][gc,phases   ] GC(860)   Other: 0.0ms
[503.541s][info][gc,heap     ] GC(860) Eden regions: 32->0(32)
[503.541s][info][gc,heap     ] GC(860) Survivor regions: 1->1(5)
[503.541s][info][gc,heap     ] GC(860) Old regions: 18->18
[503.541s][info][gc,heap     ] GC(860) Humongous regions: 1->1
[503.541s][info][gc,metaspace] GC(860) Metaspace: 54624K(56000K)->54624K(56000K) NonClass: 47425K(48256K)->47425K(48256K) Class: 7199K(7744K)->7199K(7744K)
[503.541s][info][gc          ] GC(860) Pause Young (Normal) (G1 Evacuation Pause) 200M->71M(228M) 2.273ms
[503.541s][info][gc,cpu      ] GC(860) User=0.01s Sys=0.00s Real=0.00s
[503.848s][info][gc,start    ] GC(861) Pause Young (Normal) (G1 Evacuation Pause)
[503.848s][info][gc,task     ] GC(861) Using 8 workers of 8 for evacuation
[503.850s][info][gc,phases   ] GC(861)   Pre Evacuate Collection Set: 0.1ms
[503.851s][info][gc,phases   ] GC(861)   Merge Heap Roots: 0.1ms
[503.851s][info][gc,phases   ] GC(861)   Evacuate Collection Set: 1.8ms
[503.851s][info][gc,phases   ] GC(861)   Post Evacuate Collection Set: 0.3ms
[503.851s][info][gc,phases   ] GC(861)   Other: 0.0ms
[503.851s][info][gc,heap     ] GC(861) Eden regions: 32->0(32)
[503.851s][info][gc,heap     ] GC(861) Survivor regions: 1->1(5)
[503.851s][info][gc,heap     ] GC(861) Old regions: 18->18
[503.851s][info][gc,heap     ] GC(861) Humongous regions: 1->1
[503.851s][info][gc,metaspace] GC(861) Metaspace: 54624K(56000K)->54624K(56000K) NonClass: 47425K(48256K)->47425K(48256K) Class: 7199K(7744K)->7199K(7744K)
[503.851s][info][gc          ] GC(861) Pause Young (Normal) (G1 Evacuation Pause) 199M->72M(228M) 2.453ms
[503.851s][info][gc,cpu      ] GC(861) User=0.01s Sys=0.00s Real=0.00s
[504.127s][info][gc,start    ] GC(862) Pause Young (Normal) (G1 Evacuation Pause)
[504.127s][info][gc,task     ] GC(862) Using 8 workers of 8 for evacuation
[504.129s][info][gc,phases   ] GC(862)   Pre Evacuate Collection Set: 0.2ms
[504.129s][info][gc,phases   ] GC(862)   Merge Heap Roots: 0.1ms
[504.129s][info][gc,phases   ] GC(862)   Evacuate Collection Set: 1.6ms
[504.129s][info][gc,phases   ] GC(862)   Post Evacuate Collection Set: 0.2ms
[504.129s][info][gc,phases   ] GC(862)   Other: 0.1ms
[504.129s][info][gc,heap     ] GC(862) Eden regions: 32->0(32)
[504.129s][info][gc,heap     ] GC(862) Survivor regions: 1->1(5)
[504.129s][info][gc,heap     ] GC(862) Old regions: 18->18
[504.129s][info][gc,heap     ] GC(862) Humongous regions: 1->1
[504.129s][info][gc,metaspace] GC(862) Metaspace: 54624K(56000K)->54624K(56000K) NonClass: 47425K(48256K)->47425K(48256K) Class: 7199K(7744K)->7199K(7744K)
[504.129s][info][gc          ] GC(862) Pause Young (Normal) (G1 Evacuation Pause) 200M->72M(228M) 2.427ms
[504.129s][info][gc,cpu      ] GC(862) User=0.01s Sys=0.00s Real=0.00s
[504.356s][info][gc,start    ] GC(863) Pause Young (Normal) (G1 Evacuation Pause)
[504.356s][info][gc,task     ] GC(863) Using 8 workers of 8 for evacuation
[504.359s][info][gc,phases   ] GC(863)   Pre Evacuate Collection Set: 0.1ms
[504.359s][info][gc,phases   ] GC(863)   Merge Heap Roots: 0.1ms
[504.359s][info][gc,phases   ] GC(863)   Evacuate Collection Set: 2.1ms
[504.359s][info][gc,phases   ] GC(863)   Post Evacuate Collection Set: 0.3ms
[504.359s][info][gc,phases   ] GC(863)   Other: 0.0ms
[504.359s][info][gc,heap     ] GC(863) Eden regions: 32->0(32)
[504.359s][info][gc,heap     ] GC(863) Survivor regions: 1->1(5)
[504.359s][info][gc,heap     ] GC(863) Old regions: 18->18
[504.359s][info][gc,heap     ] GC(863) Humongous regions: 1->1
[504.359s][info][gc,metaspace] GC(863) Metaspace: 54624K(56000K)->54624K(56000K) NonClass: 47425K(48256K)->47425K(48256K) Class: 7199K(7744K)->7199K(7744K)
[504.359s][info][gc          ] GC(863) Pause Young (Normal) (G1 Evacuation Pause) 200M->72M(228M) 2.670ms
[504.359s][info][gc,cpu      ] GC(863) User=0.01s Sys=0.00s Real=0.00s
[504.751s][info][gc,start    ] GC(864) Pause Young (Normal) (G1 Evacuation Pause)
[504.751s][info][gc,task     ] GC(864) Using 8 workers of 8 for evacuation
[504.753s][info][gc,phases   ] GC(864)   Pre Evacuate Collection Set: 0.1ms
[504.753s][info][gc,phases   ] GC(864)   Merge Heap Roots: 0.1ms
[504.753s][info][gc,phases   ] GC(864)   Evacuate Collection Set: 1.7ms
[504.753s][info][gc,phases   ] GC(864)   Post Evacuate Collection Set: 0.3ms
[504.753s][info][gc,phases   ] GC(864)   Other: 0.0ms
[504.753s][info][gc,heap     ] GC(864) Eden regions: 32->0(32)
[504.753s][info][gc,heap     ] GC(864) Survivor regions: 1->1(5)
[504.753s][info][gc,heap     ] GC(864) Old regions: 18->18
[504.753s][info][gc,heap     ] GC(864) Humongous regions: 1->1
[504.753s][info][gc,metaspace] GC(864) Metaspace: 54624K(56000K)->54624K(56000K) NonClass: 47425K(48256K)->47425K(48256K) Class: 7199K(7744K)->7199K(7744K)
[504.753s][info][gc          ] GC(864) Pause Young (Normal) (G1 Evacuation Pause) 200M->72M(228M) 2.346ms
[504.753s][info][gc,cpu      ] GC(864) User=0.01s Sys=0.00s Real=0.01s
[505.081s][info][gc,start    ] GC(865) Pause Young (Normal) (G1 Evacuation Pause)
[505.081s][info][gc,task     ] GC(865) Using 8 workers of 8 for evacuation
[505.083s][info][gc,phases   ] GC(865)   Pre Evacuate Collection Set: 0.1ms
[505.083s][info][gc,phases   ] GC(865)   Merge Heap Roots: 0.1ms
[505.083s][info][gc,phases   ] GC(865)   Evacuate Collection Set: 1.7ms
[505.083s][info][gc,phases   ] GC(865)   Post Evacuate Collection Set: 0.3ms
[505.083s][info][gc,phases   ] GC(865)   Other: 0.0ms
[505.083s][info][gc,heap     ] GC(865) Eden regions: 32->0(32)
[505.083s][info][gc,heap     ] GC(865) Survivor regions: 1->1(5)
[505.083s][info][gc,heap     ] GC(865) Old regions: 18->18
[505.083s][info][gc,heap     ] GC(865) Humongous regions: 1->1
[505.083s][info][gc,metaspace] GC(865) Metaspace: 54624K(56000K)->54624K(56000K) NonClass: 47425K(48256K)->47425K(48256K) Class: 7199K(7744K)->7199K(7744K)
[505.083s][info][gc          ] GC(865) Pause Young (Normal) (G1 Evacuation Pause) 200M->72M(228M) 2.326ms
[505.083s][info][gc,cpu      ] GC(865) User=0.01s Sys=0.00s Real=0.01s
[505.823s][info][gc,start    ] GC(866) Pause Young (Normal) (G1 Evacuation Pause)
[505.823s][info][gc,task     ] GC(866) Using 8 workers of 8 for evacuation
[505.827s][info][gc,phases   ] GC(866)   Pre Evacuate Collection Set: 0.1ms
[505.827s][info][gc,phases   ] GC(866)   Merge Heap Roots: 0.1ms
[505.827s][info][gc,phases   ] GC(866)   Evacuate Collection Set: 3.3ms
[505.827s][info][gc,phases   ] GC(866)   Post Evacuate Collection Set: 0.3ms
[505.827s][info][gc,phases   ] GC(866)   Other: 0.1ms
[505.827s][info][gc,heap     ] GC(866) Eden regions: 32->0(32)
[505.827s][info][gc,heap     ] GC(866) Survivor regions: 1->1(5)
[505.827s][info][gc,heap     ] GC(866) Old regions: 18->18
[505.827s][info][gc,heap     ] GC(866) Humongous regions: 1->1
[505.827s][info][gc,metaspace] GC(866) Metaspace: 54624K(56000K)->54624K(56000K) NonClass: 47425K(48256K)->47425K(48256K) Class: 7199K(7744K)->7199K(7744K)
[505.827s][info][gc          ] GC(866) Pause Young (Normal) (G1 Evacuation Pause) 200M->72M(228M) 4.094ms
[505.827s][info][gc,cpu      ] GC(866) User=0.01s Sys=0.00s Real=0.00s
[506.129s][info][gc,start    ] GC(867) Pause Young (Normal) (G1 Evacuation Pause)
[506.129s][info][gc,task     ] GC(867) Using 8 workers of 8 for evacuation
[506.131s][info][gc,phases   ] GC(867)   Pre Evacuate Collection Set: 0.1ms
[506.131s][info][gc,phases   ] GC(867)   Merge Heap Roots: 0.1ms
[506.131s][info][gc,phases   ] GC(867)   Evacuate Collection Set: 1.7ms
[506.131s][info][gc,phases   ] GC(867)   Post Evacuate Collection Set: 0.3ms
[506.131s][info][gc,phases   ] GC(867)   Other: 0.0ms
[506.131s][info][gc,heap     ] GC(867) Eden regions: 32->0(32)
[506.131s][info][gc,heap     ] GC(867) Survivor regions: 1->1(5)
[506.131s][info][gc,heap     ] GC(867) Old regions: 18->18
[506.131s][info][gc,heap     ] GC(867) Humongous regions: 1->1
[506.131s][info][gc,metaspace] GC(867) Metaspace: 54624K(56000K)->54624K(56000K) NonClass: 47425K(48256K)->47425K(48256K) Class: 7199K(7744K)->7199K(7744K)
[506.131s][info][gc          ] GC(867) Pause Young (Normal) (G1 Evacuation Pause) 200M->72M(228M) 2.328ms
[506.131s][info][gc,cpu      ] GC(867) User=0.01s Sys=0.00s Real=0.00s
[506.434s][info][gc,start    ] GC(868) Pause Young (Normal) (G1 Evacuation Pause)
[506.434s][info][gc,task     ] GC(868) Using 8 workers of 8 for evacuation
[506.437s][info][gc,phases   ] GC(868)   Pre Evacuate Collection Set: 0.1ms
[506.437s][info][gc,phases   ] GC(868)   Merge Heap Roots: 0.1ms
[506.437s][info][gc,phases   ] GC(868)   Evacuate Collection Set: 1.6ms
[506.437s][info][gc,phases   ] GC(868)   Post Evacuate Collection Set: 0.4ms
[506.437s][info][gc,phases   ] GC(868)   Other: 0.0ms
[506.437s][info][gc,heap     ] GC(868) Eden regions: 32->0(32)
[506.437s][info][gc,heap     ] GC(868) Survivor regions: 1->1(5)
[506.437s][info][gc,heap     ] GC(868) Old regions: 18->18
[506.437s][info][gc,heap     ] GC(868) Humongous regions: 1->1
[506.437s][info][gc,metaspace] GC(868) Metaspace: 54624K(56000K)->54624K(56000K) NonClass: 47425K(48256K)->47425K(48256K) Class: 7199K(7744K)->7199K(7744K)
[506.437s][info][gc          ] GC(868) Pause Young (Normal) (G1 Evacuation Pause) 200M->72M(228M) 2.280ms
[506.437s][info][gc,cpu      ] GC(868) User=0.01s Sys=0.00s Real=0.00s
[506.728s][info][gc,start    ] GC(869) Pause Young (Normal) (G1 Evacuation Pause)
[506.728s][info][gc,task     ] GC(869) Using 8 workers of 8 for evacuation
[506.730s][info][gc,phases   ] GC(869)   Pre Evacuate Collection Set: 0.1ms
[506.731s][info][gc,phases   ] GC(869)   Merge Heap Roots: 0.1ms
[506.731s][info][gc,phases   ] GC(869)   Evacuate Collection Set: 1.9ms
[506.731s][info][gc,phases   ] GC(869)   Post Evacuate Collection Set: 0.3ms
[506.731s][info][gc,phases   ] GC(869)   Other: 0.2ms
[506.731s][info][gc,heap     ] GC(869) Eden regions: 32->0(32)
[506.731s][info][gc,heap     ] GC(869) Survivor regions: 1->1(5)
[506.731s][info][gc,heap     ] GC(869) Old regions: 18->18
[506.731s][info][gc,heap     ] GC(869) Humongous regions: 1->1
[506.731s][info][gc,metaspace] GC(869) Metaspace: 54624K(56000K)->54624K(56000K) NonClass: 47425K(48256K)->47425K(48256K) Class: 7199K(7744K)->7199K(7744K)
[506.731s][info][gc          ] GC(869) Pause Young (Normal) (G1 Evacuation Pause) 200M->72M(228M) 2.641ms
[506.731s][info][gc,cpu      ] GC(869) User=0.01s Sys=0.00s Real=0.00s
[507.059s][info][gc,start    ] GC(870) Pause Young (Normal) (G1 Evacuation Pause)
[507.059s][info][gc,task     ] GC(870) Using 8 workers of 8 for evacuation
[507.062s][info][gc,phases   ] GC(870)   Pre Evacuate Collection Set: 0.1ms
[507.062s][info][gc,phases   ] GC(870)   Merge Heap Roots: 0.1ms
[507.062s][info][gc,phases   ] GC(870)   Evacuate Collection Set: 2.2ms
[507.062s][info][gc,phases   ] GC(870)   Post Evacuate Collection Set: 0.3ms
[507.062s][info][gc,phases   ] GC(870)   Other: 0.0ms
[507.062s][info][gc,heap     ] GC(870) Eden regions: 32->0(32)
[507.062s][info][gc,heap     ] GC(870) Survivor regions: 1->1(5)
[507.062s][info][gc,heap     ] GC(870) Old regions: 18->18
[507.062s][info][gc,heap     ] GC(870) Humongous regions: 1->1
[507.062s][info][gc,metaspace] GC(870) Metaspace: 54624K(56000K)->54624K(56000K) NonClass: 47425K(48256K)->47425K(48256K) Class: 7199K(7744K)->7199K(7744K)
[507.062s][info][gc          ] GC(870) Pause Young (Normal) (G1 Evacuation Pause) 200M->72M(228M) 2.893ms
[507.062s][info][gc,cpu      ] GC(870) User=0.01s Sys=0.00s Real=0.01s
[507.327s][info][gc,start    ] GC(871) Pause Young (Normal) (G1 Evacuation Pause)
[507.327s][info][gc,task     ] GC(871) Using 8 workers of 8 for evacuation
[507.331s][info][gc,phases   ] GC(871)   Pre Evacuate Collection Set: 0.1ms
[507.331s][info][gc,phases   ] GC(871)   Merge Heap Roots: 0.1ms
[507.331s][info][gc,phases   ] GC(871)   Evacuate Collection Set: 2.9ms
[507.331s][info][gc,phases   ] GC(871)   Post Evacuate Collection Set: 0.4ms
[507.331s][info][gc,phases   ] GC(871)   Other: 0.1ms
[507.331s][info][gc,heap     ] GC(871) Eden regions: 32->0(32)
[507.331s][info][gc,heap     ] GC(871) Survivor regions: 1->1(5)
[507.331s][info][gc,heap     ] GC(871) Old regions: 18->18
[507.331s][info][gc,heap     ] GC(871) Humongous regions: 1->1
[507.331s][info][gc,metaspace] GC(871) Metaspace: 54624K(56000K)->54624K(56000K) NonClass: 47425K(48256K)->47425K(48256K) Class: 7199K(7744K)->7199K(7744K)
[507.331s][info][gc          ] GC(871) Pause Young (Normal) (G1 Evacuation Pause) 200M->72M(228M) 3.635ms
[507.331s][info][gc,cpu      ] GC(871) User=0.01s Sys=0.00s Real=0.00s
[507.628s][info][gc,start    ] GC(872) Pause Young (Normal) (G1 Evacuation Pause)
[507.628s][info][gc,task     ] GC(872) Using 8 workers of 8 for evacuation
[507.631s][info][gc,phases   ] GC(872)   Pre Evacuate Collection Set: 0.1ms
[507.631s][info][gc,phases   ] GC(872)   Merge Heap Roots: 0.1ms
[507.631s][info][gc,phases   ] GC(872)   Evacuate Collection Set: 2.4ms
[507.631s][info][gc,phases   ] GC(872)   Post Evacuate Collection Set: 0.3ms
[507.631s][info][gc,phases   ] GC(872)   Other: 0.1ms
[507.631s][info][gc,heap     ] GC(872) Eden regions: 32->0(32)
[507.631s][info][gc,heap     ] GC(872) Survivor regions: 1->1(5)
[507.631s][info][gc,heap     ] GC(872) Old regions: 18->18
[507.631s][info][gc,heap     ] GC(872) Humongous regions: 1->1
[507.631s][info][gc,metaspace] GC(872) Metaspace: 54624K(56000K)->54624K(56000K) NonClass: 47425K(48256K)->47425K(48256K) Class: 7199K(7744K)->7199K(7744K)
[507.631s][info][gc          ] GC(872) Pause Young (Normal) (G1 Evacuation Pause) 200M->72M(228M) 3.119ms
[507.631s][info][gc,cpu      ] GC(872) User=0.02s Sys=0.00s Real=0.00s
[507.885s][info][gc,start    ] GC(873) Pause Young (Normal) (G1 Evacuation Pause)
[507.885s][info][gc,task     ] GC(873) Using 8 workers of 8 for evacuation
[507.888s][info][gc,phases   ] GC(873)   Pre Evacuate Collection Set: 0.2ms
[507.888s][info][gc,phases   ] GC(873)   Merge Heap Roots: 0.1ms
[507.888s][info][gc,phases   ] GC(873)   Evacuate Collection Set: 2.3ms
[507.888s][info][gc,phases   ] GC(873)   Post Evacuate Collection Set: 0.3ms
[507.888s][info][gc,phases   ] GC(873)   Other: 0.0ms
[507.888s][info][gc,heap     ] GC(873) Eden regions: 32->0(32)
[507.888s][info][gc,heap     ] GC(873) Survivor regions: 1->1(5)
[507.888s][info][gc,heap     ] GC(873) Old regions: 18->18
[507.888s][info][gc,heap     ] GC(873) Humongous regions: 1->1
[507.888s][info][gc,metaspace] GC(873) Metaspace: 54624K(56000K)->54624K(56000K) NonClass: 47425K(48256K)->47425K(48256K) Class: 7199K(7744K)->7199K(7744K)
[507.888s][info][gc          ] GC(873) Pause Young (Normal) (G1 Evacuation Pause) 200M->72M(228M) 3.052ms
[507.888s][info][gc,cpu      ] GC(873) User=0.01s Sys=0.00s Real=0.00s
[508.242s][info][gc,start    ] GC(874) Pause Young (Normal) (G1 Evacuation Pause)
[508.242s][info][gc,task     ] GC(874) Using 8 workers of 8 for evacuation
[508.244s][info][gc,phases   ] GC(874)   Pre Evacuate Collection Set: 0.1ms
[508.244s][info][gc,phases   ] GC(874)   Merge Heap Roots: 0.1ms
[508.244s][info][gc,phases   ] GC(874)   Evacuate Collection Set: 1.9ms
[508.244s][info][gc,phases   ] GC(874)   Post Evacuate Collection Set: 0.3ms
[508.244s][info][gc,phases   ] GC(874)   Other: 0.1ms
[508.244s][info][gc,heap     ] GC(874) Eden regions: 32->0(32)
[508.244s][info][gc,heap     ] GC(874) Survivor regions: 1->1(5)
[508.244s][info][gc,heap     ] GC(874) Old regions: 18->18
[508.244s][info][gc,heap     ] GC(874) Humongous regions: 1->1
[508.244s][info][gc,metaspace] GC(874) Metaspace: 54624K(56000K)->54624K(56000K) NonClass: 47425K(48256K)->47425K(48256K) Class: 7199K(7744K)->7199K(7744K)
[508.244s][info][gc          ] GC(874) Pause Young (Normal) (G1 Evacuation Pause) 200M->72M(228M) 2.556ms
[508.244s][info][gc,cpu      ] GC(874) User=0.01s Sys=0.00s Real=0.01s
[523.351s][info][gc,start    ] GC(875) Pause Young (Normal) (G1 Evacuation Pause)
[523.351s][info][gc,task     ] GC(875) Using 8 workers of 8 for evacuation
[523.356s][info][gc,phases   ] GC(875)   Pre Evacuate Collection Set: 0.1ms
[523.356s][info][gc,phases   ] GC(875)   Merge Heap Roots: 0.1ms
[523.356s][info][gc,phases   ] GC(875)   Evacuate Collection Set: 3.9ms
[523.356s][info][gc,phases   ] GC(875)   Post Evacuate Collection Set: 0.3ms
[523.356s][info][gc,phases   ] GC(875)   Other: 0.1ms
[523.356s][info][gc,heap     ] GC(875) Eden regions: 32->0(32)
[523.356s][info][gc,heap     ] GC(875) Survivor regions: 1->1(5)
[523.356s][info][gc,heap     ] GC(875) Old regions: 18->18
[523.356s][info][gc,heap     ] GC(875) Humongous regions: 1->1
[523.356s][info][gc,metaspace] GC(875) Metaspace: 54624K(56000K)->54624K(56000K) NonClass: 47425K(48256K)->47425K(48256K) Class: 7199K(7744K)->7199K(7744K)
[523.356s][info][gc          ] GC(875) Pause Young (Normal) (G1 Evacuation Pause) 200M->72M(228M) 4.817ms
[523.356s][info][gc,cpu      ] GC(875) User=0.01s Sys=0.01s Real=0.01s
[541.211s][info][gc,start    ] GC(876) Pause Young (Normal) (G1 Evacuation Pause)
[541.211s][info][gc,task     ] GC(876) Using 8 workers of 8 for evacuation
[541.217s][info][gc,phases   ] GC(876)   Pre Evacuate Collection Set: 0.3ms
[541.217s][info][gc,phases   ] GC(876)   Merge Heap Roots: 0.3ms
[541.217s][info][gc,phases   ] GC(876)   Evacuate Collection Set: 4.1ms
[541.217s][info][gc,phases   ] GC(876)   Post Evacuate Collection Set: 0.5ms
[541.217s][info][gc,phases   ] GC(876)   Other: 0.1ms
[541.217s][info][gc,heap     ] GC(876) Eden regions: 32->0(32)
[541.217s][info][gc,heap     ] GC(876) Survivor regions: 1->1(5)
[541.217s][info][gc,heap     ] GC(876) Old regions: 18->18
[541.217s][info][gc,heap     ] GC(876) Humongous regions: 1->1
[541.217s][info][gc,metaspace] GC(876) Metaspace: 54624K(56000K)->54624K(56000K) NonClass: 47425K(48256K)->47425K(48256K) Class: 7199K(7744K)->7199K(7744K)
[541.217s][info][gc          ] GC(876) Pause Young (Normal) (G1 Evacuation Pause) 200M->73M(228M) 5.613ms
[541.217s][info][gc,cpu      ] GC(876) User=0.01s Sys=0.01s Real=0.01s
[542.341s][info][gc,start    ] GC(877) Pause Young (Normal) (G1 Evacuation Pause)
[542.341s][info][gc,task     ] GC(877) Using 8 workers of 8 for evacuation
[542.354s][info][gc,phases   ] GC(877)   Pre Evacuate Collection Set: 0.1ms
[542.354s][info][gc,phases   ] GC(877)   Merge Heap Roots: 0.1ms
[542.354s][info][gc,phases   ] GC(877)   Evacuate Collection Set: 12.5ms
[542.354s][info][gc,phases   ] GC(877)   Post Evacuate Collection Set: 0.3ms
[542.354s][info][gc,phases   ] GC(877)   Other: 0.1ms
[542.354s][info][gc,heap     ] GC(877) Eden regions: 32->0(32)
[542.354s][info][gc,heap     ] GC(877) Survivor regions: 1->1(5)
[542.354s][info][gc,heap     ] GC(877) Old regions: 18->18
[542.354s][info][gc,heap     ] GC(877) Humongous regions: 1->1
[542.354s][info][gc,metaspace] GC(877) Metaspace: 54624K(56000K)->54624K(56000K) NonClass: 47425K(48256K)->47425K(48256K) Class: 7199K(7744K)->7199K(7744K)
[542.354s][info][gc          ] GC(877) Pause Young (Normal) (G1 Evacuation Pause) 201M->73M(228M) 13.126ms
[542.354s][info][gc,cpu      ] GC(877) User=0.01s Sys=0.00s Real=0.02s
[543.186s][info][gc,start    ] GC(878) Pause Young (Normal) (G1 Evacuation Pause)
[543.186s][info][gc,task     ] GC(878) Using 8 workers of 8 for evacuation
[543.188s][info][gc,phases   ] GC(878)   Pre Evacuate Collection Set: 0.1ms
[543.188s][info][gc,phases   ] GC(878)   Merge Heap Roots: 0.1ms
[543.188s][info][gc,phases   ] GC(878)   Evacuate Collection Set: 2.0ms
[543.188s][info][gc,phases   ] GC(878)   Post Evacuate Collection Set: 0.3ms
[543.188s][info][gc,phases   ] GC(878)   Other: 0.1ms
[543.188s][info][gc,heap     ] GC(878) Eden regions: 32->0(32)
[543.188s][info][gc,heap     ] GC(878) Survivor regions: 1->1(5)
[543.188s][info][gc,heap     ] GC(878) Old regions: 18->18
[543.188s][info][gc,heap     ] GC(878) Humongous regions: 1->1
[543.188s][info][gc,metaspace] GC(878) Metaspace: 54624K(56000K)->54624K(56000K) NonClass: 47425K(48256K)->47425K(48256K) Class: 7199K(7744K)->7199K(7744K)
[543.188s][info][gc          ] GC(878) Pause Young (Normal) (G1 Evacuation Pause) 201M->73M(228M) 2.702ms
[543.188s][info][gc,cpu      ] GC(878) User=0.01s Sys=0.00s Real=0.00s
[544.056s][info][gc,start    ] GC(879) Pause Young (Normal) (G1 Evacuation Pause)
[544.056s][info][gc,task     ] GC(879) Using 8 workers of 8 for evacuation
[544.058s][info][gc,phases   ] GC(879)   Pre Evacuate Collection Set: 0.1ms
[544.058s][info][gc,phases   ] GC(879)   Merge Heap Roots: 0.1ms
[544.058s][info][gc,phases   ] GC(879)   Evacuate Collection Set: 1.7ms
[544.058s][info][gc,phases   ] GC(879)   Post Evacuate Collection Set: 0.2ms
[544.058s][info][gc,phases   ] GC(879)   Other: 0.0ms
[544.058s][info][gc,heap     ] GC(879) Eden regions: 32->0(32)
[544.058s][info][gc,heap     ] GC(879) Survivor regions: 1->1(5)
[544.058s][info][gc,heap     ] GC(879) Old regions: 18->18
[544.058s][info][gc,heap     ] GC(879) Humongous regions: 1->1
[544.058s][info][gc,metaspace] GC(879) Metaspace: 54624K(56000K)->54624K(56000K) NonClass: 47425K(48256K)->47425K(48256K) Class: 7199K(7744K)->7199K(7744K)
[544.058s][info][gc          ] GC(879) Pause Young (Normal) (G1 Evacuation Pause) 201M->73M(228M) 2.246ms
[544.058s][info][gc,cpu      ] GC(879) User=0.01s Sys=0.00s Real=0.00s
[544.884s][info][gc,start    ] GC(880) Pause Young (Normal) (G1 Evacuation Pause)
[544.884s][info][gc,task     ] GC(880) Using 8 workers of 8 for evacuation
[544.886s][info][gc,phases   ] GC(880)   Pre Evacuate Collection Set: 0.1ms
[544.886s][info][gc,phases   ] GC(880)   Merge Heap Roots: 0.1ms
[544.886s][info][gc,phases   ] GC(880)   Evacuate Collection Set: 1.8ms
[544.886s][info][gc,phases   ] GC(880)   Post Evacuate Collection Set: 0.3ms
[544.886s][info][gc,phases   ] GC(880)   Other: 0.0ms
[544.886s][info][gc,heap     ] GC(880) Eden regions: 32->0(32)
[544.886s][info][gc,heap     ] GC(880) Survivor regions: 1->1(5)
[544.886s][info][gc,heap     ] GC(880) Old regions: 18->18
[544.887s][info][gc,heap     ] GC(880) Humongous regions: 1->1
[544.887s][info][gc,metaspace] GC(880) Metaspace: 54624K(56000K)->54624K(56000K) NonClass: 47425K(48256K)->47425K(48256K) Class: 7199K(7744K)->7199K(7744K)
[544.887s][info][gc          ] GC(880) Pause Young (Normal) (G1 Evacuation Pause) 201M->73M(228M) 2.447ms
[544.887s][info][gc,cpu      ] GC(880) User=0.02s Sys=0.00s Real=0.00s
[546.124s][info][gc,start    ] GC(881) Pause Young (Normal) (G1 Evacuation Pause)
[546.124s][info][gc,task     ] GC(881) Using 8 workers of 8 for evacuation
[546.137s][info][gc,phases   ] GC(881)   Pre Evacuate Collection Set: 0.1ms
[546.137s][info][gc,phases   ] GC(881)   Merge Heap Roots: 0.1ms
[546.137s][info][gc,phases   ] GC(881)   Evacuate Collection Set: 12.4ms
[546.137s][info][gc,phases   ] GC(881)   Post Evacuate Collection Set: 0.3ms
[546.137s][info][gc,phases   ] GC(881)   Other: 0.1ms
[546.137s][info][gc,heap     ] GC(881) Eden regions: 32->0(32)
[546.137s][info][gc,heap     ] GC(881) Survivor regions: 1->1(5)
[546.137s][info][gc,heap     ] GC(881) Old regions: 18->18
[546.137s][info][gc,heap     ] GC(881) Humongous regions: 1->1
[546.137s][info][gc,metaspace] GC(881) Metaspace: 54624K(56000K)->54624K(56000K) NonClass: 47425K(48256K)->47425K(48256K) Class: 7199K(7744K)->7199K(7744K)
[546.137s][info][gc          ] GC(881) Pause Young (Normal) (G1 Evacuation Pause) 201M->73M(228M) 13.184ms
[546.137s][info][gc,cpu      ] GC(881) User=0.01s Sys=0.00s Real=0.01s
[547.070s][info][gc,start    ] GC(882) Pause Young (Normal) (G1 Evacuation Pause)
[547.071s][info][gc,task     ] GC(882) Using 8 workers of 8 for evacuation
[547.074s][info][gc,phases   ] GC(882)   Pre Evacuate Collection Set: 0.1ms
[547.074s][info][gc,phases   ] GC(882)   Merge Heap Roots: 0.1ms
[547.074s][info][gc,phases   ] GC(882)   Evacuate Collection Set: 2.4ms
[547.074s][info][gc,phases   ] GC(882)   Post Evacuate Collection Set: 0.3ms
[547.074s][info][gc,phases   ] GC(882)   Other: 0.0ms
[547.074s][info][gc,heap     ] GC(882) Eden regions: 32->0(32)
[547.074s][info][gc,heap     ] GC(882) Survivor regions: 1->1(5)
[547.074s][info][gc,heap     ] GC(882) Old regions: 18->18
[547.074s][info][gc,heap     ] GC(882) Humongous regions: 1->1
[547.074s][info][gc,metaspace] GC(882) Metaspace: 54624K(56000K)->54624K(56000K) NonClass: 47425K(48256K)->47425K(48256K) Class: 7199K(7744K)->7199K(7744K)
[547.074s][info][gc          ] GC(882) Pause Young (Normal) (G1 Evacuation Pause) 201M->73M(228M) 3.355ms
[547.074s][info][gc,cpu      ] GC(882) User=0.01s Sys=0.00s Real=0.01s
[548.072s][info][gc,start    ] GC(883) Pause Young (Normal) (G1 Evacuation Pause)
[548.073s][info][gc,task     ] GC(883) Using 8 workers of 8 for evacuation
[548.076s][info][gc,phases   ] GC(883)   Pre Evacuate Collection Set: 0.1ms
[548.076s][info][gc,phases   ] GC(883)   Merge Heap Roots: 0.1ms
[548.076s][info][gc,phases   ] GC(883)   Evacuate Collection Set: 2.6ms
[548.076s][info][gc,phases   ] GC(883)   Post Evacuate Collection Set: 0.3ms
[548.076s][info][gc,phases   ] GC(883)   Other: 0.1ms
[548.076s][info][gc,heap     ] GC(883) Eden regions: 32->0(32)
[548.076s][info][gc,heap     ] GC(883) Survivor regions: 1->1(5)
[548.076s][info][gc,heap     ] GC(883) Old regions: 18->18
[548.076s][info][gc,heap     ] GC(883) Humongous regions: 1->1
[548.076s][info][gc,metaspace] GC(883) Metaspace: 54624K(56000K)->54624K(56000K) NonClass: 47425K(48256K)->47425K(48256K) Class: 7199K(7744K)->7199K(7744K)
[548.076s][info][gc          ] GC(883) Pause Young (Normal) (G1 Evacuation Pause) 201M->73M(228M) 3.411ms
[548.076s][info][gc,cpu      ] GC(883) User=0.01s Sys=0.00s Real=0.00s
[548.788s][info][gc,start    ] GC(884) Pause Young (Normal) (G1 Evacuation Pause)
[548.788s][info][gc,task     ] GC(884) Using 8 workers of 8 for evacuation
[548.801s][info][gc,phases   ] GC(884)   Pre Evacuate Collection Set: 0.1ms
[548.801s][info][gc,phases   ] GC(884)   Merge Heap Roots: 0.1ms
[548.801s][info][gc,phases   ] GC(884)   Evacuate Collection Set: 11.9ms
[548.801s][info][gc,phases   ] GC(884)   Post Evacuate Collection Set: 0.4ms
[548.801s][info][gc,phases   ] GC(884)   Other: 0.1ms
[548.801s][info][gc,heap     ] GC(884) Eden regions: 32->0(32)
[548.801s][info][gc,heap     ] GC(884) Survivor regions: 1->1(5)
[548.801s][info][gc,heap     ] GC(884) Old regions: 18->18
[548.801s][info][gc,heap     ] GC(884) Humongous regions: 1->1
[548.801s][info][gc,metaspace] GC(884) Metaspace: 54624K(56000K)->54624K(56000K) NonClass: 47425K(48256K)->47425K(48256K) Class: 7199K(7744K)->7199K(7744K)
[548.801s][info][gc          ] GC(884) Pause Young (Normal) (G1 Evacuation Pause) 201M->73M(228M) 12.673ms
[548.801s][info][gc,cpu      ] GC(884) User=0.01s Sys=0.00s Real=0.01s
[549.786s][info][gc,start    ] GC(885) Pause Young (Normal) (G1 Evacuation Pause)
[549.786s][info][gc,task     ] GC(885) Using 8 workers of 8 for evacuation
[549.800s][info][gc,phases   ] GC(885)   Pre Evacuate Collection Set: 0.2ms
[549.800s][info][gc,phases   ] GC(885)   Merge Heap Roots: 0.2ms
[549.800s][info][gc,phases   ] GC(885)   Evacuate Collection Set: 13.0ms
[549.800s][info][gc,phases   ] GC(885)   Post Evacuate Collection Set: 0.3ms
[549.800s][info][gc,phases   ] GC(885)   Other: 0.1ms
[549.800s][info][gc,heap     ] GC(885) Eden regions: 32->0(32)
[549.800s][info][gc,heap     ] GC(885) Survivor regions: 1->1(5)
[549.800s][info][gc,heap     ] GC(885) Old regions: 18->18
[549.800s][info][gc,heap     ] GC(885) Humongous regions: 1->1
[549.800s][info][gc,metaspace] GC(885) Metaspace: 54624K(56000K)->54624K(56000K) NonClass: 47425K(48256K)->47425K(48256K) Class: 7199K(7744K)->7199K(7744K)
[549.800s][info][gc          ] GC(885) Pause Young (Normal) (G1 Evacuation Pause) 201M->73M(228M) 14.121ms
[549.800s][info][gc,cpu      ] GC(885) User=0.01s Sys=0.01s Real=0.01s
[550.652s][info][gc,start    ] GC(886) Pause Young (Normal) (G1 Evacuation Pause)
[550.652s][info][gc,task     ] GC(886) Using 8 workers of 8 for evacuation
[550.655s][info][gc,phases   ] GC(886)   Pre Evacuate Collection Set: 0.1ms
[550.655s][info][gc,phases   ] GC(886)   Merge Heap Roots: 0.1ms
[550.655s][info][gc,phases   ] GC(886)   Evacuate Collection Set: 2.0ms
[550.655s][info][gc,phases   ] GC(886)   Post Evacuate Collection Set: 0.4ms
[550.655s][info][gc,phases   ] GC(886)   Other: 0.0ms
[550.655s][info][gc,heap     ] GC(886) Eden regions: 32->0(40)
[550.655s][info][gc,heap     ] GC(886) Survivor regions: 1->1(5)
[550.655s][info][gc,heap     ] GC(886) Old regions: 18->18
[550.655s][info][gc,heap     ] GC(886) Humongous regions: 1->1
[550.655s][info][gc,metaspace] GC(886) Metaspace: 54624K(56000K)->54624K(56000K) NonClass: 47425K(48256K)->47425K(48256K) Class: 7199K(7744K)->7199K(7744K)
[550.655s][info][gc          ] GC(886) Pause Young (Normal) (G1 Evacuation Pause) 201M->73M(276M) 2.887ms
[550.655s][info][gc,cpu      ] GC(886) User=0.01s Sys=0.00s Real=0.00s
[551.339s][info][gc,start    ] GC(887) Pause Young (Normal) (G1 Evacuation Pause)
[551.339s][info][gc,task     ] GC(887) Using 8 workers of 8 for evacuation
[551.342s][info][gc,phases   ] GC(887)   Pre Evacuate Collection Set: 0.1ms
[551.342s][info][gc,phases   ] GC(887)   Merge Heap Roots: 0.1ms
[551.342s][info][gc,phases   ] GC(887)   Evacuate Collection Set: 2.5ms
[551.342s][info][gc,phases   ] GC(887)   Post Evacuate Collection Set: 0.2ms
[551.342s][info][gc,phases   ] GC(887)   Other: 0.1ms
[551.342s][info][gc,heap     ] GC(887) Eden regions: 40->0(40)
[551.342s][info][gc,heap     ] GC(887) Survivor regions: 1->1(6)
[551.342s][info][gc,heap     ] GC(887) Old regions: 18->18
[551.342s][info][gc,heap     ] GC(887) Humongous regions: 1->1
[551.342s][info][gc,metaspace] GC(887) Metaspace: 54624K(56000K)->54624K(56000K) NonClass: 47425K(48256K)->47425K(48256K) Class: 7199K(7744K)->7199K(7744K)
[551.342s][info][gc          ] GC(887) Pause Young (Normal) (G1 Evacuation Pause) 233M->73M(276M) 3.232ms
[551.342s][info][gc,cpu      ] GC(887) User=0.01s Sys=0.00s Real=0.01s
[552.293s][info][gc,start    ] GC(888) Pause Young (Normal) (G1 Evacuation Pause)
[552.293s][info][gc,task     ] GC(888) Using 8 workers of 8 for evacuation
[552.296s][info][gc,phases   ] GC(888)   Pre Evacuate Collection Set: 0.1ms
[552.296s][info][gc,phases   ] GC(888)   Merge Heap Roots: 0.1ms
[552.296s][info][gc,phases   ] GC(888)   Evacuate Collection Set: 2.2ms
[552.296s][info][gc,phases   ] GC(888)   Post Evacuate Collection Set: 0.6ms
[552.296s][info][gc,phases   ] GC(888)   Other: 0.1ms
[552.296s][info][gc,heap     ] GC(888) Eden regions: 40->0(40)
[552.296s][info][gc,heap     ] GC(888) Survivor regions: 1->1(6)
[552.296s][info][gc,heap     ] GC(888) Old regions: 18->18
[552.296s][info][gc,heap     ] GC(888) Humongous regions: 1->1
[552.296s][info][gc,metaspace] GC(888) Metaspace: 54624K(56000K)->54624K(56000K) NonClass: 47425K(48256K)->47425K(48256K) Class: 7199K(7744K)->7199K(7744K)
[552.296s][info][gc          ] GC(888) Pause Young (Normal) (G1 Evacuation Pause) 233M->73M(276M) 3.171ms
[552.296s][info][gc,cpu      ] GC(888) User=0.01s Sys=0.00s Real=0.00s
[553.004s][info][gc,start    ] GC(889) Pause Young (Normal) (G1 Evacuation Pause)
[553.004s][info][gc,task     ] GC(889) Using 8 workers of 8 for evacuation
[553.007s][info][gc,phases   ] GC(889)   Pre Evacuate Collection Set: 0.2ms
[553.007s][info][gc,phases   ] GC(889)   Merge Heap Roots: 0.1ms
[553.007s][info][gc,phases   ] GC(889)   Evacuate Collection Set: 1.9ms
[553.007s][info][gc,phases   ] GC(889)   Post Evacuate Collection Set: 0.3ms
[553.007s][info][gc,phases   ] GC(889)   Other: 0.0ms
[553.007s][info][gc,heap     ] GC(889) Eden regions: 40->0(40)
[553.007s][info][gc,heap     ] GC(889) Survivor regions: 1->1(6)
[553.007s][info][gc,heap     ] GC(889) Old regions: 18->18
[553.007s][info][gc,heap     ] GC(889) Humongous regions: 1->1
[553.007s][info][gc,metaspace] GC(889) Metaspace: 54624K(56000K)->54624K(56000K) NonClass: 47425K(48256K)->47425K(48256K) Class: 7199K(7744K)->7199K(7744K)
[553.007s][info][gc          ] GC(889) Pause Young (Normal) (G1 Evacuation Pause) 233M->74M(276M) 2.652ms
[553.007s][info][gc,cpu      ] GC(889) User=0.01s Sys=0.00s Real=0.00s
[553.501s][info][gc,start    ] GC(890) Pause Young (Normal) (G1 Evacuation Pause)
[553.501s][info][gc,task     ] GC(890) Using 8 workers of 8 for evacuation
[553.504s][info][gc,phases   ] GC(890)   Pre Evacuate Collection Set: 0.1ms
[553.504s][info][gc,phases   ] GC(890)   Merge Heap Roots: 0.1ms
[553.504s][info][gc,phases   ] GC(890)   Evacuate Collection Set: 2.5ms
[553.504s][info][gc,phases   ] GC(890)   Post Evacuate Collection Set: 0.3ms
[553.504s][info][gc,phases   ] GC(890)   Other: 0.0ms
[553.504s][info][gc,heap     ] GC(890) Eden regions: 40->0(40)
[553.504s][info][gc,heap     ] GC(890) Survivor regions: 1->1(6)
[553.504s][info][gc,heap     ] GC(890) Old regions: 18->19
[553.504s][info][gc,heap     ] GC(890) Humongous regions: 1->1
[553.504s][info][gc,metaspace] GC(890) Metaspace: 54624K(56000K)->54624K(56000K) NonClass: 47425K(48256K)->47425K(48256K) Class: 7199K(7744K)->7199K(7744K)
[553.504s][info][gc          ] GC(890) Pause Young (Normal) (G1 Evacuation Pause) 234M->74M(276M) 3.134ms
[553.504s][info][gc,cpu      ] GC(890) User=0.01s Sys=0.01s Real=0.01s
[554.039s][info][gc,start    ] GC(891) Pause Young (Normal) (G1 Evacuation Pause)
[554.039s][info][gc,task     ] GC(891) Using 8 workers of 8 for evacuation
[554.042s][info][gc,phases   ] GC(891)   Pre Evacuate Collection Set: 0.1ms
[554.042s][info][gc,phases   ] GC(891)   Merge Heap Roots: 0.2ms
[554.042s][info][gc,phases   ] GC(891)   Evacuate Collection Set: 2.2ms
[554.042s][info][gc,phases   ] GC(891)   Post Evacuate Collection Set: 0.3ms
[554.042s][info][gc,phases   ] GC(891)   Other: 0.0ms
[554.042s][info][gc,heap     ] GC(891) Eden regions: 40->0(40)
[554.042s][info][gc,heap     ] GC(891) Survivor regions: 1->1(6)
[554.042s][info][gc,heap     ] GC(891) Old regions: 19->19
[554.042s][info][gc,heap     ] GC(891) Humongous regions: 1->1
[554.042s][info][gc,metaspace] GC(891) Metaspace: 54624K(56000K)->54624K(56000K) NonClass: 47425K(48256K)->47425K(48256K) Class: 7199K(7744K)->7199K(7744K)
[554.042s][info][gc          ] GC(891) Pause Young (Normal) (G1 Evacuation Pause) 234M->74M(276M) 2.962ms
[554.042s][info][gc,cpu      ] GC(891) User=0.01s Sys=0.00s Real=0.00s
[561.541s][info][gc,start    ] GC(892) Pause Young (Normal) (G1 Evacuation Pause)
[561.541s][info][gc,task     ] GC(892) Using 8 workers of 8 for evacuation
[561.544s][info][gc,phases   ] GC(892)   Pre Evacuate Collection Set: 0.1ms
[561.544s][info][gc,phases   ] GC(892)   Merge Heap Roots: 0.1ms
[561.544s][info][gc,phases   ] GC(892)   Evacuate Collection Set: 2.3ms
[561.544s][info][gc,phases   ] GC(892)   Post Evacuate Collection Set: 0.2ms
[561.544s][info][gc,phases   ] GC(892)   Other: 0.0ms
[561.544s][info][gc,heap     ] GC(892) Eden regions: 40->0(40)
[561.544s][info][gc,heap     ] GC(892) Survivor regions: 1->1(6)
[561.544s][info][gc,heap     ] GC(892) Old regions: 19->19
[561.544s][info][gc,heap     ] GC(892) Humongous regions: 1->1
[561.544s][info][gc,metaspace] GC(892) Metaspace: 54624K(56000K)->54624K(56000K) NonClass: 47425K(48256K)->47425K(48256K) Class: 7199K(7744K)->7199K(7744K)
[561.544s][info][gc          ] GC(892) Pause Young (Normal) (G1 Evacuation Pause) 234M->74M(276M) 3.103ms
[561.544s][info][gc,cpu      ] GC(892) User=0.01s Sys=0.00s Real=0.01s
[561.920s][info][gc,start    ] GC(893) Pause Young (Normal) (G1 Evacuation Pause)
[561.920s][info][gc,task     ] GC(893) Using 8 workers of 8 for evacuation
[561.923s][info][gc,phases   ] GC(893)   Pre Evacuate Collection Set: 0.1ms
[561.923s][info][gc,phases   ] GC(893)   Merge Heap Roots: 0.1ms
[561.923s][info][gc,phases   ] GC(893)   Evacuate Collection Set: 2.5ms
[561.923s][info][gc,phases   ] GC(893)   Post Evacuate Collection Set: 0.2ms
[561.923s][info][gc,phases   ] GC(893)   Other: 0.1ms
[561.923s][info][gc,heap     ] GC(893) Eden regions: 40->0(40)
[561.923s][info][gc,heap     ] GC(893) Survivor regions: 1->1(6)
[561.923s][info][gc,heap     ] GC(893) Old regions: 19->19
[561.923s][info][gc,heap     ] GC(893) Humongous regions: 1->1
[561.923s][info][gc,metaspace] GC(893) Metaspace: 54624K(56000K)->54624K(56000K) NonClass: 47425K(48256K)->47425K(48256K) Class: 7199K(7744K)->7199K(7744K)
[561.923s][info][gc          ] GC(893) Pause Young (Normal) (G1 Evacuation Pause) 234M->74M(276M) 3.194ms
[561.923s][info][gc,cpu      ] GC(893) User=0.01s Sys=0.00s Real=0.01s
[562.500s][info][gc,start    ] GC(894) Pause Young (Normal) (G1 Evacuation Pause)
[562.500s][info][gc,task     ] GC(894) Using 8 workers of 8 for evacuation
[562.502s][info][gc,phases   ] GC(894)   Pre Evacuate Collection Set: 0.1ms
[562.502s][info][gc,phases   ] GC(894)   Merge Heap Roots: 0.1ms
[562.502s][info][gc,phases   ] GC(894)   Evacuate Collection Set: 2.0ms
[562.502s][info][gc,phases   ] GC(894)   Post Evacuate Collection Set: 0.2ms
[562.502s][info][gc,phases   ] GC(894)   Other: 0.0ms
[562.502s][info][gc,heap     ] GC(894) Eden regions: 40->0(40)
[562.502s][info][gc,heap     ] GC(894) Survivor regions: 1->1(6)
[562.502s][info][gc,heap     ] GC(894) Old regions: 19->19
[562.502s][info][gc,heap     ] GC(894) Humongous regions: 1->1
[562.502s][info][gc,metaspace] GC(894) Metaspace: 54624K(56000K)->54624K(56000K) NonClass: 47425K(48256K)->47425K(48256K) Class: 7199K(7744K)->7199K(7744K)
[562.502s][info][gc          ] GC(894) Pause Young (Normal) (G1 Evacuation Pause) 234M->74M(276M) 2.517ms
[562.502s][info][gc,cpu      ] GC(894) User=0.01s Sys=0.00s Real=0.01s
[596.486s][info][gc,start    ] GC(895) Pause Young (Normal) (G1 Evacuation Pause)
[596.486s][info][gc,task     ] GC(895) Using 8 workers of 8 for evacuation
[596.495s][info][gc,phases   ] GC(895)   Pre Evacuate Collection Set: 0.2ms
[596.495s][info][gc,phases   ] GC(895)   Merge Heap Roots: 0.2ms
[596.495s][info][gc,phases   ] GC(895)   Evacuate Collection Set: 8.2ms
[596.495s][info][gc,phases   ] GC(895)   Post Evacuate Collection Set: 0.4ms
[596.495s][info][gc,phases   ] GC(895)   Other: 0.1ms
[596.495s][info][gc,heap     ] GC(895) Eden regions: 40->0(40)
[596.495s][info][gc,heap     ] GC(895) Survivor regions: 1->1(6)
[596.495s][info][gc,heap     ] GC(895) Old regions: 19->19
[596.495s][info][gc,heap     ] GC(895) Humongous regions: 1->1
[596.495s][info][gc,metaspace] GC(895) Metaspace: 54624K(56000K)->54624K(56000K) NonClass: 47425K(48256K)->47425K(48256K) Class: 7199K(7744K)->7199K(7744K)
[596.495s][info][gc          ] GC(895) Pause Young (Normal) (G1 Evacuation Pause) 234M->74M(276M) 9.348ms
[596.495s][info][gc,cpu      ] GC(895) User=0.02s Sys=0.03s Real=0.01s
[596.890s][info][gc,start    ] GC(896) Pause Young (Normal) (G1 Evacuation Pause)
[596.890s][info][gc,task     ] GC(896) Using 8 workers of 8 for evacuation
[596.893s][info][gc,phases   ] GC(896)   Pre Evacuate Collection Set: 0.1ms
[596.893s][info][gc,phases   ] GC(896)   Merge Heap Roots: 0.1ms
[596.893s][info][gc,phases   ] GC(896)   Evacuate Collection Set: 2.7ms
[596.893s][info][gc,phases   ] GC(896)   Post Evacuate Collection Set: 0.3ms
[596.893s][info][gc,phases   ] GC(896)   Other: 0.0ms
[596.893s][info][gc,heap     ] GC(896) Eden regions: 40->0(40)
[596.893s][info][gc,heap     ] GC(896) Survivor regions: 1->1(6)
[596.893s][info][gc,heap     ] GC(896) Old regions: 19->19
[596.893s][info][gc,heap     ] GC(896) Humongous regions: 1->1
[596.893s][info][gc,metaspace] GC(896) Metaspace: 54624K(56000K)->54624K(56000K) NonClass: 47425K(48256K)->47425K(48256K) Class: 7199K(7744K)->7199K(7744K)
[596.893s][info][gc          ] GC(896) Pause Young (Normal) (G1 Evacuation Pause) 234M->74M(276M) 3.309ms
[596.893s][info][gc,cpu      ] GC(896) User=0.02s Sys=0.00s Real=0.01s
[597.306s][info][gc,start    ] GC(897) Pause Young (Normal) (G1 Evacuation Pause)
[597.306s][info][gc,task     ] GC(897) Using 8 workers of 8 for evacuation
[597.309s][info][gc,phases   ] GC(897)   Pre Evacuate Collection Set: 0.1ms
[597.309s][info][gc,phases   ] GC(897)   Merge Heap Roots: 0.1ms
[597.309s][info][gc,phases   ] GC(897)   Evacuate Collection Set: 2.6ms
[597.309s][info][gc,phases   ] GC(897)   Post Evacuate Collection Set: 0.5ms
[597.309s][info][gc,phases   ] GC(897)   Other: 0.1ms
[597.309s][info][gc,heap     ] GC(897) Eden regions: 40->0(40)
[597.309s][info][gc,heap     ] GC(897) Survivor regions: 1->1(6)
[597.309s][info][gc,heap     ] GC(897) Old regions: 19->19
[597.309s][info][gc,heap     ] GC(897) Humongous regions: 1->1
[597.309s][info][gc,metaspace] GC(897) Metaspace: 54624K(56000K)->54624K(56000K) NonClass: 47425K(48256K)->47425K(48256K) Class: 7199K(7744K)->7199K(7744K)
[597.309s][info][gc          ] GC(897) Pause Young (Normal) (G1 Evacuation Pause) 234M->75M(276M) 3.496ms
[597.309s][info][gc,cpu      ] GC(897) User=0.01s Sys=0.00s Real=0.00s
[598.070s][info][gc,start    ] GC(898) Pause Young (Normal) (G1 Evacuation Pause)
[598.070s][info][gc,task     ] GC(898) Using 8 workers of 8 for evacuation
[598.073s][info][gc,phases   ] GC(898)   Pre Evacuate Collection Set: 0.1ms
[598.073s][info][gc,phases   ] GC(898)   Merge Heap Roots: 0.1ms
[598.073s][info][gc,phases   ] GC(898)   Evacuate Collection Set: 2.6ms
[598.073s][info][gc,phases   ] GC(898)   Post Evacuate Collection Set: 0.3ms
[598.073s][info][gc,phases   ] GC(898)   Other: 0.1ms
[598.073s][info][gc,heap     ] GC(898) Eden regions: 40->0(40)
[598.073s][info][gc,heap     ] GC(898) Survivor regions: 1->1(6)
[598.073s][info][gc,heap     ] GC(898) Old regions: 19->19
[598.073s][info][gc,heap     ] GC(898) Humongous regions: 1->1
[598.073s][info][gc,metaspace] GC(898) Metaspace: 54624K(56000K)->54624K(56000K) NonClass: 47425K(48256K)->47425K(48256K) Class: 7199K(7744K)->7199K(7744K)
[598.074s][info][gc          ] GC(898) Pause Young (Normal) (G1 Evacuation Pause) 235M->75M(276M) 3.321ms
[598.074s][info][gc,cpu      ] GC(898) User=0.02s Sys=0.00s Real=0.01s
[598.472s][info][gc,start    ] GC(899) Pause Young (Normal) (G1 Evacuation Pause)
[598.472s][info][gc,task     ] GC(899) Using 8 workers of 8 for evacuation
[598.475s][info][gc,phases   ] GC(899)   Pre Evacuate Collection Set: 0.1ms
[598.475s][info][gc,phases   ] GC(899)   Merge Heap Roots: 0.1ms
[598.475s][info][gc,phases   ] GC(899)   Evacuate Collection Set: 2.3ms
[598.475s][info][gc,phases   ] GC(899)   Post Evacuate Collection Set: 0.2ms
[598.475s][info][gc,phases   ] GC(899)   Other: 0.0ms
[598.475s][info][gc,heap     ] GC(899) Eden regions: 40->0(40)
[598.475s][info][gc,heap     ] GC(899) Survivor regions: 1->1(6)
[598.475s][info][gc,heap     ] GC(899) Old regions: 19->19
[598.475s][info][gc,heap     ] GC(899) Humongous regions: 1->1
[598.475s][info][gc,metaspace] GC(899) Metaspace: 54624K(56000K)->54624K(56000K) NonClass: 47425K(48256K)->47425K(48256K) Class: 7199K(7744K)->7199K(7744K)
[598.475s][info][gc          ] GC(899) Pause Young (Normal) (G1 Evacuation Pause) 235M->75M(276M) 2.906ms
[598.475s][info][gc,cpu      ] GC(899) User=0.02s Sys=0.00s Real=0.01s
[598.846s][info][gc,start    ] GC(900) Pause Young (Normal) (G1 Evacuation Pause)
[598.846s][info][gc,task     ] GC(900) Using 8 workers of 8 for evacuation
[598.849s][info][gc,phases   ] GC(900)   Pre Evacuate Collection Set: 0.1ms
[598.849s][info][gc,phases   ] GC(900)   Merge Heap Roots: 0.1ms
[598.849s][info][gc,phases   ] GC(900)   Evacuate Collection Set: 3.2ms
[598.849s][info][gc,phases   ] GC(900)   Post Evacuate Collection Set: 0.3ms
[598.849s][info][gc,phases   ] GC(900)   Other: 0.0ms
[598.849s][info][gc,heap     ] GC(900) Eden regions: 40->0(40)
[598.849s][info][gc,heap     ] GC(900) Survivor regions: 1->1(6)
[598.849s][info][gc,heap     ] GC(900) Old regions: 19->19
[598.849s][info][gc,heap     ] GC(900) Humongous regions: 1->1
[598.849s][info][gc,metaspace] GC(900) Metaspace: 54624K(56000K)->54624K(56000K) NonClass: 47425K(48256K)->47425K(48256K) Class: 7199K(7744K)->7199K(7744K)
[598.849s][info][gc          ] GC(900) Pause Young (Normal) (G1 Evacuation Pause) 235M->75M(276M) 3.819ms
[598.849s][info][gc,cpu      ] GC(900) User=0.01s Sys=0.00s Real=0.00s
[599.233s][info][gc,start    ] GC(901) Pause Young (Normal) (G1 Evacuation Pause)
[599.233s][info][gc,task     ] GC(901) Using 8 workers of 8 for evacuation
[599.236s][info][gc,phases   ] GC(901)   Pre Evacuate Collection Set: 0.1ms
[599.236s][info][gc,phases   ] GC(901)   Merge Heap Roots: 0.1ms
[599.236s][info][gc,phases   ] GC(901)   Evacuate Collection Set: 2.5ms
[599.236s][info][gc,phases   ] GC(901)   Post Evacuate Collection Set: 0.3ms
[599.236s][info][gc,phases   ] GC(901)   Other: 0.1ms
[599.236s][info][gc,heap     ] GC(901) Eden regions: 40->0(40)
[599.236s][info][gc,heap     ] GC(901) Survivor regions: 1->1(6)
[599.236s][info][gc,heap     ] GC(901) Old regions: 19->19
[599.236s][info][gc,heap     ] GC(901) Humongous regions: 1->1
[599.236s][info][gc,metaspace] GC(901) Metaspace: 54624K(56000K)->54624K(56000K) NonClass: 47425K(48256K)->47425K(48256K) Class: 7199K(7744K)->7199K(7744K)
[599.236s][info][gc          ] GC(901) Pause Young (Normal) (G1 Evacuation Pause) 235M->76M(276M) 3.171ms
[599.236s][info][gc,cpu      ] GC(901) User=0.01s Sys=0.01s Real=0.00s
[602.916s][info][gc,start    ] GC(902) Pause Young (Normal) (G1 Evacuation Pause)
[602.916s][info][gc,task     ] GC(902) Using 8 workers of 8 for evacuation
[602.919s][info][gc,phases   ] GC(902)   Pre Evacuate Collection Set: 0.1ms
[602.919s][info][gc,phases   ] GC(902)   Merge Heap Roots: 0.1ms
[602.919s][info][gc,phases   ] GC(902)   Evacuate Collection Set: 2.8ms
[602.919s][info][gc,phases   ] GC(902)   Post Evacuate Collection Set: 0.2ms
[602.919s][info][gc,phases   ] GC(902)   Other: 0.1ms
[602.919s][info][gc,heap     ] GC(902) Eden regions: 40->0(40)
[602.919s][info][gc,heap     ] GC(902) Survivor regions: 1->1(6)
[602.919s][info][gc,heap     ] GC(902) Old regions: 19->19
[602.919s][info][gc,heap     ] GC(902) Humongous regions: 1->1
[602.919s][info][gc,metaspace] GC(902) Metaspace: 54684K(56000K)->54684K(56000K) NonClass: 47466K(48256K)->47466K(48256K) Class: 7218K(7744K)->7218K(7744K)
[602.919s][info][gc          ] GC(902) Pause Young (Normal) (G1 Evacuation Pause) 236M->76M(276M) 3.647ms
[602.919s][info][gc,cpu      ] GC(902) User=0.01s Sys=0.00s Real=0.00s
[603.314s][info][gc,start    ] GC(903) Pause Young (Normal) (G1 Evacuation Pause)
[603.314s][info][gc,task     ] GC(903) Using 8 workers of 8 for evacuation
[603.318s][info][gc,phases   ] GC(903)   Pre Evacuate Collection Set: 0.1ms
[603.318s][info][gc,phases   ] GC(903)   Merge Heap Roots: 0.1ms
[603.318s][info][gc,phases   ] GC(903)   Evacuate Collection Set: 2.9ms
[603.318s][info][gc,phases   ] GC(903)   Post Evacuate Collection Set: 0.3ms
[603.318s][info][gc,phases   ] GC(903)   Other: 0.0ms
[603.318s][info][gc,heap     ] GC(903) Eden regions: 40->0(40)
[603.318s][info][gc,heap     ] GC(903) Survivor regions: 1->1(6)
[603.318s][info][gc,heap     ] GC(903) Old regions: 19->19
[603.318s][info][gc,heap     ] GC(903) Humongous regions: 1->1
[603.318s][info][gc,metaspace] GC(903) Metaspace: 54684K(56000K)->54684K(56000K) NonClass: 47466K(48256K)->47466K(48256K) Class: 7218K(7744K)->7218K(7744K)
[603.318s][info][gc          ] GC(903) Pause Young (Normal) (G1 Evacuation Pause) 236M->76M(276M) 3.548ms
[603.318s][info][gc,cpu      ] GC(903) User=0.02s Sys=0.00s Real=0.00s
[603.709s][info][gc,start    ] GC(904) Pause Young (Normal) (G1 Evacuation Pause)
[603.709s][info][gc,task     ] GC(904) Using 8 workers of 8 for evacuation
[603.713s][info][gc,phases   ] GC(904)   Pre Evacuate Collection Set: 0.1ms
[603.713s][info][gc,phases   ] GC(904)   Merge Heap Roots: 0.1ms
[603.713s][info][gc,phases   ] GC(904)   Evacuate Collection Set: 3.1ms
[603.713s][info][gc,phases   ] GC(904)   Post Evacuate Collection Set: 0.3ms
[603.713s][info][gc,phases   ] GC(904)   Other: 0.0ms
[603.713s][info][gc,heap     ] GC(904) Eden regions: 40->0(40)
[603.713s][info][gc,heap     ] GC(904) Survivor regions: 1->1(6)
[603.713s][info][gc,heap     ] GC(904) Old regions: 19->19
[603.713s][info][gc,heap     ] GC(904) Humongous regions: 1->1
[603.713s][info][gc,metaspace] GC(904) Metaspace: 54684K(56000K)->54684K(56000K) NonClass: 47466K(48256K)->47466K(48256K) Class: 7218K(7744K)->7218K(7744K)
[603.713s][info][gc          ] GC(904) Pause Young (Normal) (G1 Evacuation Pause) 236M->76M(276M) 3.806ms
[603.713s][info][gc,cpu      ] GC(904) User=0.02s Sys=0.00s Real=0.01s
[604.015s][info][gc,start    ] GC(905) Pause Young (Normal) (G1 Evacuation Pause)
[604.016s][info][gc,task     ] GC(905) Using 8 workers of 8 for evacuation
[604.019s][info][gc,phases   ] GC(905)   Pre Evacuate Collection Set: 0.1ms
[604.019s][info][gc,phases   ] GC(905)   Merge Heap Roots: 0.1ms
[604.019s][info][gc,phases   ] GC(905)   Evacuate Collection Set: 2.7ms
[604.019s][info][gc,phases   ] GC(905)   Post Evacuate Collection Set: 0.2ms
[604.019s][info][gc,phases   ] GC(905)   Other: 0.0ms
[604.019s][info][gc,heap     ] GC(905) Eden regions: 40->0(40)
[604.019s][info][gc,heap     ] GC(905) Survivor regions: 1->1(6)
[604.019s][info][gc,heap     ] GC(905) Old regions: 19->19
[604.019s][info][gc,heap     ] GC(905) Humongous regions: 1->1
[604.019s][info][gc,metaspace] GC(905) Metaspace: 54684K(56000K)->54684K(56000K) NonClass: 47466K(48256K)->47466K(48256K) Class: 7218K(7744K)->7218K(7744K)
[604.019s][info][gc          ] GC(905) Pause Young (Normal) (G1 Evacuation Pause) 236M->76M(276M) 3.334ms
[604.019s][info][gc,cpu      ] GC(905) User=0.01s Sys=0.00s Real=0.00s
[604.326s][info][gc,start    ] GC(906) Pause Young (Normal) (G1 Evacuation Pause)
[604.326s][info][gc,task     ] GC(906) Using 8 workers of 8 for evacuation
[604.331s][info][gc,phases   ] GC(906)   Pre Evacuate Collection Set: 0.1ms
[604.331s][info][gc,phases   ] GC(906)   Merge Heap Roots: 0.1ms
[604.331s][info][gc,phases   ] GC(906)   Evacuate Collection Set: 3.9ms
[604.331s][info][gc,phases   ] GC(906)   Post Evacuate Collection Set: 0.4ms
[604.331s][info][gc,phases   ] GC(906)   Other: 0.0ms
[604.331s][info][gc,heap     ] GC(906) Eden regions: 40->0(40)
[604.331s][info][gc,heap     ] GC(906) Survivor regions: 1->1(6)
[604.331s][info][gc,heap     ] GC(906) Old regions: 19->19
[604.331s][info][gc,heap     ] GC(906) Humongous regions: 1->1
[604.331s][info][gc,metaspace] GC(906) Metaspace: 54684K(56000K)->54684K(56000K) NonClass: 47466K(48256K)->47466K(48256K) Class: 7218K(7744K)->7218K(7744K)
[604.331s][info][gc          ] GC(906) Pause Young (Normal) (G1 Evacuation Pause) 236M->77M(276M) 4.675ms
[604.331s][info][gc,cpu      ] GC(906) User=0.02s Sys=0.00s Real=0.00s
[604.699s][info][gc,start    ] GC(907) Pause Young (Normal) (G1 Evacuation Pause)
[604.699s][info][gc,task     ] GC(907) Using 8 workers of 8 for evacuation
[604.704s][info][gc,phases   ] GC(907)   Pre Evacuate Collection Set: 0.1ms
[604.704s][info][gc,phases   ] GC(907)   Merge Heap Roots: 0.1ms
[604.704s][info][gc,phases   ] GC(907)   Evacuate Collection Set: 4.4ms
[604.704s][info][gc,phases   ] GC(907)   Post Evacuate Collection Set: 0.7ms
[604.704s][info][gc,phases   ] GC(907)   Other: 0.1ms
[604.704s][info][gc,heap     ] GC(907) Eden regions: 40->0(40)
[604.704s][info][gc,heap     ] GC(907) Survivor regions: 1->1(6)
[604.704s][info][gc,heap     ] GC(907) Old regions: 19->19
[604.705s][info][gc,heap     ] GC(907) Humongous regions: 1->1
[604.705s][info][gc,metaspace] GC(907) Metaspace: 54684K(56000K)->54684K(56000K) NonClass: 47466K(48256K)->47466K(48256K) Class: 7218K(7744K)->7218K(7744K)
[604.705s][info][gc          ] GC(907) Pause Young (Normal) (G1 Evacuation Pause) 237M->77M(276M) 5.617ms
[604.705s][info][gc,cpu      ] GC(907) User=0.02s Sys=0.00s Real=0.01s
[605.041s][info][gc,start    ] GC(908) Pause Young (Normal) (G1 Evacuation Pause)
[605.041s][info][gc,task     ] GC(908) Using 8 workers of 8 for evacuation
[605.044s][info][gc,phases   ] GC(908)   Pre Evacuate Collection Set: 0.1ms
[605.044s][info][gc,phases   ] GC(908)   Merge Heap Roots: 0.1ms
[605.044s][info][gc,phases   ] GC(908)   Evacuate Collection Set: 3.0ms
[605.044s][info][gc,phases   ] GC(908)   Post Evacuate Collection Set: 0.2ms
[605.044s][info][gc,phases   ] GC(908)   Other: 0.0ms
[605.044s][info][gc,heap     ] GC(908) Eden regions: 40->0(40)
[605.044s][info][gc,heap     ] GC(908) Survivor regions: 1->1(6)
[605.044s][info][gc,heap     ] GC(908) Old regions: 19->19
[605.044s][info][gc,heap     ] GC(908) Humongous regions: 1->1
[605.044s][info][gc,metaspace] GC(908) Metaspace: 54684K(56000K)->54684K(56000K) NonClass: 47466K(48256K)->47466K(48256K) Class: 7218K(7744K)->7218K(7744K)
[605.044s][info][gc          ] GC(908) Pause Young (Normal) (G1 Evacuation Pause) 237M->77M(276M) 3.637ms
[605.044s][info][gc,cpu      ] GC(908) User=0.02s Sys=0.01s Real=0.01s
[605.429s][info][gc,start    ] GC(909) Pause Young (Normal) (G1 Evacuation Pause)
[605.429s][info][gc,task     ] GC(909) Using 8 workers of 8 for evacuation
[605.433s][info][gc,phases   ] GC(909)   Pre Evacuate Collection Set: 0.1ms
[605.433s][info][gc,phases   ] GC(909)   Merge Heap Roots: 0.1ms
[605.433s][info][gc,phases   ] GC(909)   Evacuate Collection Set: 3.7ms
[605.433s][info][gc,phases   ] GC(909)   Post Evacuate Collection Set: 0.3ms
[605.433s][info][gc,phases   ] GC(909)   Other: 0.0ms
[605.433s][info][gc,heap     ] GC(909) Eden regions: 40->0(48)
[605.433s][info][gc,heap     ] GC(909) Survivor regions: 1->1(6)
[605.433s][info][gc,heap     ] GC(909) Old regions: 19->19
[605.433s][info][gc,heap     ] GC(909) Humongous regions: 1->1
[605.433s][info][gc,metaspace] GC(909) Metaspace: 54684K(56000K)->54684K(56000K) NonClass: 47466K(48256K)->47466K(48256K) Class: 7218K(7744K)->7218K(7744K)
[605.433s][info][gc          ] GC(909) Pause Young (Normal) (G1 Evacuation Pause) 237M->77M(332M) 4.562ms
[605.433s][info][gc,cpu      ] GC(909) User=0.02s Sys=0.01s Real=0.01s
[605.907s][info][gc,start    ] GC(910) Pause Young (Normal) (G1 Evacuation Pause)
[605.907s][info][gc,task     ] GC(910) Using 8 workers of 8 for evacuation
[605.911s][info][gc,phases   ] GC(910)   Pre Evacuate Collection Set: 0.1ms
[605.911s][info][gc,phases   ] GC(910)   Merge Heap Roots: 0.1ms
[605.911s][info][gc,phases   ] GC(910)   Evacuate Collection Set: 3.4ms
[605.911s][info][gc,phases   ] GC(910)   Post Evacuate Collection Set: 0.3ms
[605.911s][info][gc,phases   ] GC(910)   Other: 0.1ms
[605.911s][info][gc,heap     ] GC(910) Eden regions: 48->0(48)
[605.911s][info][gc,heap     ] GC(910) Survivor regions: 1->1(7)
[605.911s][info][gc,heap     ] GC(910) Old regions: 19->19
[605.911s][info][gc,heap     ] GC(910) Humongous regions: 1->1
[605.911s][info][gc,metaspace] GC(910) Metaspace: 54684K(56000K)->54684K(56000K) NonClass: 47466K(48256K)->47466K(48256K) Class: 7218K(7744K)->7218K(7744K)
[605.911s][info][gc          ] GC(910) Pause Young (Normal) (G1 Evacuation Pause) 269M->77M(332M) 4.157ms
[605.911s][info][gc,cpu      ] GC(910) User=0.02s Sys=0.01s Real=0.00s
[606.307s][info][gc,start    ] GC(911) Pause Young (Normal) (G1 Evacuation Pause)
[606.307s][info][gc,task     ] GC(911) Using 8 workers of 8 for evacuation
[606.310s][info][gc,phases   ] GC(911)   Pre Evacuate Collection Set: 0.1ms
[606.310s][info][gc,phases   ] GC(911)   Merge Heap Roots: 0.1ms
[606.310s][info][gc,phases   ] GC(911)   Evacuate Collection Set: 3.1ms
[606.310s][info][gc,phases   ] GC(911)   Post Evacuate Collection Set: 0.3ms
[606.310s][info][gc,phases   ] GC(911)   Other: 0.0ms
[606.310s][info][gc,heap     ] GC(911) Eden regions: 48->0(48)
[606.310s][info][gc,heap     ] GC(911) Survivor regions: 1->1(7)
[606.310s][info][gc,heap     ] GC(911) Old regions: 19->19
[606.310s][info][gc,heap     ] GC(911) Humongous regions: 1->1
[606.310s][info][gc,metaspace] GC(911) Metaspace: 54684K(56000K)->54684K(56000K) NonClass: 47466K(48256K)->47466K(48256K) Class: 7218K(7744K)->7218K(7744K)
[606.310s][info][gc          ] GC(911) Pause Young (Normal) (G1 Evacuation Pause) 269M->77M(332M) 3.775ms
[606.310s][info][gc,cpu      ] GC(911) User=0.02s Sys=0.00s Real=0.00s
[606.649s][info][gc,start    ] GC(912) Pause Young (Normal) (G1 Evacuation Pause)
[606.649s][info][gc,task     ] GC(912) Using 8 workers of 8 for evacuation
[606.652s][info][gc,phases   ] GC(912)   Pre Evacuate Collection Set: 0.1ms
[606.652s][info][gc,phases   ] GC(912)   Merge Heap Roots: 0.1ms
[606.652s][info][gc,phases   ] GC(912)   Evacuate Collection Set: 2.6ms
[606.652s][info][gc,phases   ] GC(912)   Post Evacuate Collection Set: 0.3ms
[606.652s][info][gc,phases   ] GC(912)   Other: 0.0ms
[606.652s][info][gc,heap     ] GC(912) Eden regions: 48->0(48)
[606.652s][info][gc,heap     ] GC(912) Survivor regions: 1->1(7)
[606.652s][info][gc,heap     ] GC(912) Old regions: 19->19
[606.652s][info][gc,heap     ] GC(912) Humongous regions: 1->1
[606.652s][info][gc,metaspace] GC(912) Metaspace: 54684K(56000K)->54684K(56000K) NonClass: 47466K(48256K)->47466K(48256K) Class: 7218K(7744K)->7218K(7744K)
[606.652s][info][gc          ] GC(912) Pause Young (Normal) (G1 Evacuation Pause) 269M->77M(332M) 3.259ms
[606.652s][info][gc,cpu      ] GC(912) User=0.02s Sys=0.00s Real=0.00s
[607.002s][info][gc,start    ] GC(913) Pause Young (Normal) (G1 Evacuation Pause)
[607.002s][info][gc,task     ] GC(913) Using 8 workers of 8 for evacuation
[607.006s][info][gc,phases   ] GC(913)   Pre Evacuate Collection Set: 0.1ms
[607.006s][info][gc,phases   ] GC(913)   Merge Heap Roots: 0.1ms
[607.006s][info][gc,phases   ] GC(913)   Evacuate Collection Set: 3.3ms
[607.006s][info][gc,phases   ] GC(913)   Post Evacuate Collection Set: 0.3ms
[607.006s][info][gc,phases   ] GC(913)   Other: 0.1ms
[607.006s][info][gc,heap     ] GC(913) Eden regions: 48->0(48)
[607.006s][info][gc,heap     ] GC(913) Survivor regions: 1->1(7)
[607.006s][info][gc,heap     ] GC(913) Old regions: 19->19
[607.006s][info][gc,heap     ] GC(913) Humongous regions: 1->1
[607.006s][info][gc,metaspace] GC(913) Metaspace: 54684K(56000K)->54684K(56000K) NonClass: 47466K(48256K)->47466K(48256K) Class: 7218K(7744K)->7218K(7744K)
[607.006s][info][gc          ] GC(913) Pause Young (Normal) (G1 Evacuation Pause) 269M->77M(332M) 3.940ms
[607.006s][info][gc,cpu      ] GC(913) User=0.01s Sys=0.00s Real=0.00s
[607.406s][info][gc,start    ] GC(914) Pause Young (Normal) (G1 Evacuation Pause)
[607.406s][info][gc,task     ] GC(914) Using 8 workers of 8 for evacuation
[607.410s][info][gc,phases   ] GC(914)   Pre Evacuate Collection Set: 0.2ms
[607.410s][info][gc,phases   ] GC(914)   Merge Heap Roots: 0.1ms
[607.410s][info][gc,phases   ] GC(914)   Evacuate Collection Set: 2.9ms
[607.410s][info][gc,phases   ] GC(914)   Post Evacuate Collection Set: 0.3ms
[607.410s][info][gc,phases   ] GC(914)   Other: 0.0ms
[607.410s][info][gc,heap     ] GC(914) Eden regions: 48->0(48)
[607.410s][info][gc,heap     ] GC(914) Survivor regions: 1->1(7)
[607.410s][info][gc,heap     ] GC(914) Old regions: 19->19
[607.410s][info][gc,heap     ] GC(914) Humongous regions: 1->1
[607.410s][info][gc,metaspace] GC(914) Metaspace: 54684K(56000K)->54684K(56000K) NonClass: 47466K(48256K)->47466K(48256K) Class: 7218K(7744K)->7218K(7744K)
[607.410s][info][gc          ] GC(914) Pause Young (Normal) (G1 Evacuation Pause) 269M->77M(332M) 3.650ms
[607.410s][info][gc,cpu      ] GC(914) User=0.01s Sys=0.00s Real=0.00s
[607.899s][info][gc,start    ] GC(915) Pause Young (Normal) (G1 Evacuation Pause)
[607.899s][info][gc,task     ] GC(915) Using 8 workers of 8 for evacuation
[607.903s][info][gc,phases   ] GC(915)   Pre Evacuate Collection Set: 0.1ms
[607.903s][info][gc,phases   ] GC(915)   Merge Heap Roots: 0.1ms
[607.903s][info][gc,phases   ] GC(915)   Evacuate Collection Set: 3.5ms
[607.903s][info][gc,phases   ] GC(915)   Post Evacuate Collection Set: 0.3ms
[607.903s][info][gc,phases   ] GC(915)   Other: 0.0ms
[607.903s][info][gc,heap     ] GC(915) Eden regions: 48->0(48)
[607.903s][info][gc,heap     ] GC(915) Survivor regions: 1->1(7)
[607.903s][info][gc,heap     ] GC(915) Old regions: 19->19
[607.903s][info][gc,heap     ] GC(915) Humongous regions: 1->1
[607.903s][info][gc,metaspace] GC(915) Metaspace: 54684K(56000K)->54684K(56000K) NonClass: 47466K(48256K)->47466K(48256K) Class: 7218K(7744K)->7218K(7744K)
[607.903s][info][gc          ] GC(915) Pause Young (Normal) (G1 Evacuation Pause) 269M->78M(332M) 4.216ms
[607.903s][info][gc,cpu      ] GC(915) User=0.02s Sys=0.00s Real=0.01s
[608.395s][info][gc,start    ] GC(916) Pause Young (Normal) (G1 Evacuation Pause)
[608.395s][info][gc,task     ] GC(916) Using 8 workers of 8 for evacuation
[608.400s][info][gc,phases   ] GC(916)   Pre Evacuate Collection Set: 0.1ms
[608.400s][info][gc,phases   ] GC(916)   Merge Heap Roots: 0.1ms
[608.400s][info][gc,phases   ] GC(916)   Evacuate Collection Set: 4.2ms
[608.400s][info][gc,phases   ] GC(916)   Post Evacuate Collection Set: 0.3ms
[608.400s][info][gc,phases   ] GC(916)   Other: 0.0ms
[608.400s][info][gc,heap     ] GC(916) Eden regions: 48->0(48)
[608.400s][info][gc,heap     ] GC(916) Survivor regions: 1->1(7)
[608.400s][info][gc,heap     ] GC(916) Old regions: 19->19
[608.400s][info][gc,heap     ] GC(916) Humongous regions: 1->1
[608.400s][info][gc,metaspace] GC(916) Metaspace: 54684K(56000K)->54684K(56000K) NonClass: 47466K(48256K)->47466K(48256K) Class: 7218K(7744K)->7218K(7744K)
[608.400s][info][gc          ] GC(916) Pause Young (Normal) (G1 Evacuation Pause) 270M->78M(332M) 5.084ms
[608.400s][info][gc,cpu      ] GC(916) User=0.02s Sys=0.01s Real=0.00s
[613.550s][info][gc,start    ] GC(917) Pause Young (Normal) (G1 Evacuation Pause)
[613.550s][info][gc,task     ] GC(917) Using 8 workers of 8 for evacuation
[613.554s][info][gc,phases   ] GC(917)   Pre Evacuate Collection Set: 0.1ms
[613.554s][info][gc,phases   ] GC(917)   Merge Heap Roots: 0.1ms
[613.554s][info][gc,phases   ] GC(917)   Evacuate Collection Set: 2.9ms
[613.554s][info][gc,phases   ] GC(917)   Post Evacuate Collection Set: 0.3ms
[613.554s][info][gc,phases   ] GC(917)   Other: 0.0ms
[613.554s][info][gc,heap     ] GC(917) Eden regions: 48->0(48)
[613.554s][info][gc,heap     ] GC(917) Survivor regions: 1->1(7)
[613.554s][info][gc,heap     ] GC(917) Old regions: 19->19
[613.554s][info][gc,heap     ] GC(917) Humongous regions: 1->1
[613.554s][info][gc,metaspace] GC(917) Metaspace: 54684K(56000K)->54684K(56000K) NonClass: 47466K(48256K)->47466K(48256K) Class: 7218K(7744K)->7218K(7744K)
[613.554s][info][gc          ] GC(917) Pause Young (Normal) (G1 Evacuation Pause) 270M->78M(332M) 3.697ms
[613.554s][info][gc,cpu      ] GC(917) User=0.01s Sys=0.00s Real=0.01s
[614.004s][info][gc,start    ] GC(918) Pause Young (Normal) (G1 Evacuation Pause)
[614.004s][info][gc,task     ] GC(918) Using 8 workers of 8 for evacuation
[614.007s][info][gc,phases   ] GC(918)   Pre Evacuate Collection Set: 0.1ms
[614.007s][info][gc,phases   ] GC(918)   Merge Heap Roots: 0.1ms
[614.007s][info][gc,phases   ] GC(918)   Evacuate Collection Set: 2.3ms
[614.007s][info][gc,phases   ] GC(918)   Post Evacuate Collection Set: 0.3ms
[614.007s][info][gc,phases   ] GC(918)   Other: 0.0ms
[614.007s][info][gc,heap     ] GC(918) Eden regions: 48->0(48)
[614.007s][info][gc,heap     ] GC(918) Survivor regions: 1->1(7)
[614.007s][info][gc,heap     ] GC(918) Old regions: 19->19
[614.007s][info][gc,heap     ] GC(918) Humongous regions: 1->1
[614.007s][info][gc,metaspace] GC(918) Metaspace: 54684K(56000K)->54684K(56000K) NonClass: 47466K(48256K)->47466K(48256K) Class: 7218K(7744K)->7218K(7744K)
[614.007s][info][gc          ] GC(918) Pause Young (Normal) (G1 Evacuation Pause) 270M->78M(332M) 2.952ms
[614.007s][info][gc,cpu      ] GC(918) User=0.02s Sys=0.00s Real=0.00s
[614.406s][info][gc,start    ] GC(919) Pause Young (Normal) (G1 Evacuation Pause)
[614.406s][info][gc,task     ] GC(919) Using 8 workers of 8 for evacuation
[614.409s][info][gc,phases   ] GC(919)   Pre Evacuate Collection Set: 0.1ms
[614.409s][info][gc,phases   ] GC(919)   Merge Heap Roots: 0.1ms
[614.409s][info][gc,phases   ] GC(919)   Evacuate Collection Set: 2.4ms
[614.409s][info][gc,phases   ] GC(919)   Post Evacuate Collection Set: 0.3ms
[614.409s][info][gc,phases   ] GC(919)   Other: 0.0ms
[614.409s][info][gc,heap     ] GC(919) Eden regions: 48->0(48)
[614.409s][info][gc,heap     ] GC(919) Survivor regions: 1->1(7)
[614.409s][info][gc,heap     ] GC(919) Old regions: 19->19
[614.409s][info][gc,heap     ] GC(919) Humongous regions: 1->1
[614.409s][info][gc,metaspace] GC(919) Metaspace: 54684K(56000K)->54684K(56000K) NonClass: 47466K(48256K)->47466K(48256K) Class: 7218K(7744K)->7218K(7744K)
[614.409s][info][gc          ] GC(919) Pause Young (Normal) (G1 Evacuation Pause) 270M->78M(332M) 3.054ms
[614.409s][info][gc,cpu      ] GC(919) User=0.02s Sys=0.00s Real=0.00s
[615.124s][info][gc,start    ] GC(920) Pause Young (Normal) (G1 Evacuation Pause)
[615.124s][info][gc,task     ] GC(920) Using 8 workers of 8 for evacuation
[615.127s][info][gc,phases   ] GC(920)   Pre Evacuate Collection Set: 0.1ms
[615.127s][info][gc,phases   ] GC(920)   Merge Heap Roots: 0.1ms
[615.127s][info][gc,phases   ] GC(920)   Evacuate Collection Set: 2.6ms
[615.127s][info][gc,phases   ] GC(920)   Post Evacuate Collection Set: 0.3ms
[615.127s][info][gc,phases   ] GC(920)   Other: 0.0ms
[615.127s][info][gc,heap     ] GC(920) Eden regions: 48->0(48)
[615.127s][info][gc,heap     ] GC(920) Survivor regions: 1->1(7)
[615.127s][info][gc,heap     ] GC(920) Old regions: 19->19
[615.127s][info][gc,heap     ] GC(920) Humongous regions: 1->1
[615.127s][info][gc,metaspace] GC(920) Metaspace: 54684K(56000K)->54684K(56000K) NonClass: 47466K(48256K)->47466K(48256K) Class: 7218K(7744K)->7218K(7744K)
[615.127s][info][gc          ] GC(920) Pause Young (Normal) (G1 Evacuation Pause) 270M->78M(332M) 3.322ms
[615.127s][info][gc,cpu      ] GC(920) User=0.01s Sys=0.00s Real=0.00s
[615.801s][info][gc,start    ] GC(921) Pause Young (Normal) (G1 Evacuation Pause)
[615.801s][info][gc,task     ] GC(921) Using 8 workers of 8 for evacuation
[615.805s][info][gc,phases   ] GC(921)   Pre Evacuate Collection Set: 0.1ms
[615.805s][info][gc,phases   ] GC(921)   Merge Heap Roots: 0.1ms
[615.805s][info][gc,phases   ] GC(921)   Evacuate Collection Set: 3.3ms
[615.805s][info][gc,phases   ] GC(921)   Post Evacuate Collection Set: 0.3ms
[615.805s][info][gc,phases   ] GC(921)   Other: 0.0ms
[615.805s][info][gc,heap     ] GC(921) Eden regions: 48->0(48)
[615.805s][info][gc,heap     ] GC(921) Survivor regions: 1->1(7)
[615.805s][info][gc,heap     ] GC(921) Old regions: 19->20
[615.805s][info][gc,heap     ] GC(921) Humongous regions: 1->1
[615.805s][info][gc,metaspace] GC(921) Metaspace: 54684K(56000K)->54684K(56000K) NonClass: 47466K(48256K)->47466K(48256K) Class: 7218K(7744K)->7218K(7744K)
[615.805s][info][gc          ] GC(921) Pause Young (Normal) (G1 Evacuation Pause) 270M->78M(332M) 3.980ms
[615.805s][info][gc,cpu      ] GC(921) User=0.02s Sys=0.00s Real=0.01s
[616.489s][info][gc,start    ] GC(922) Pause Young (Normal) (G1 Evacuation Pause)
[616.490s][info][gc,task     ] GC(922) Using 8 workers of 8 for evacuation
[616.495s][info][gc,phases   ] GC(922)   Pre Evacuate Collection Set: 0.2ms
[616.495s][info][gc,phases   ] GC(922)   Merge Heap Roots: 0.1ms
[616.495s][info][gc,phases   ] GC(922)   Evacuate Collection Set: 3.5ms
[616.495s][info][gc,phases   ] GC(922)   Post Evacuate Collection Set: 0.4ms
[616.495s][info][gc,phases   ] GC(922)   Other: 0.1ms
[616.495s][info][gc,heap     ] GC(922) Eden regions: 48->0(48)
[616.495s][info][gc,heap     ] GC(922) Survivor regions: 1->1(7)
[616.495s][info][gc,heap     ] GC(922) Old regions: 20->20
[616.495s][info][gc,heap     ] GC(922) Humongous regions: 1->1
[616.495s][info][gc,metaspace] GC(922) Metaspace: 54684K(56000K)->54684K(56000K) NonClass: 47466K(48256K)->47466K(48256K) Class: 7218K(7744K)->7218K(7744K)
[616.495s][info][gc          ] GC(922) Pause Young (Normal) (G1 Evacuation Pause) 270M->78M(332M) 5.252ms
[616.495s][info][gc,cpu      ] GC(922) User=0.01s Sys=0.00s Real=0.01s
[617.493s][info][gc,start    ] GC(923) Pause Young (Normal) (G1 Evacuation Pause)
[617.493s][info][gc,task     ] GC(923) Using 8 workers of 8 for evacuation
[617.497s][info][gc,phases   ] GC(923)   Pre Evacuate Collection Set: 0.1ms
[617.497s][info][gc,phases   ] GC(923)   Merge Heap Roots: 0.1ms
[617.497s][info][gc,phases   ] GC(923)   Evacuate Collection Set: 3.2ms
[617.497s][info][gc,phases   ] GC(923)   Post Evacuate Collection Set: 0.3ms
[617.497s][info][gc,phases   ] GC(923)   Other: 0.0ms
[617.497s][info][gc,heap     ] GC(923) Eden regions: 48->0(48)
[617.497s][info][gc,heap     ] GC(923) Survivor regions: 1->1(7)
[617.497s][info][gc,heap     ] GC(923) Old regions: 20->20
[617.497s][info][gc,heap     ] GC(923) Humongous regions: 1->1
[617.497s][info][gc,metaspace] GC(923) Metaspace: 54684K(56000K)->54684K(56000K) NonClass: 47466K(48256K)->47466K(48256K) Class: 7218K(7744K)->7218K(7744K)
[617.497s][info][gc          ] GC(923) Pause Young (Normal) (G1 Evacuation Pause) 270M->78M(332M) 3.902ms
[617.497s][info][gc,cpu      ] GC(923) User=0.02s Sys=0.00s Real=0.00s
[620.601s][info][gc,start    ] GC(924) Pause Young (Normal) (G1 Evacuation Pause)
[620.601s][info][gc,task     ] GC(924) Using 8 workers of 8 for evacuation
[620.604s][info][gc,phases   ] GC(924)   Pre Evacuate Collection Set: 0.1ms
[620.604s][info][gc,phases   ] GC(924)   Merge Heap Roots: 0.1ms
[620.604s][info][gc,phases   ] GC(924)   Evacuate Collection Set: 2.5ms
[620.604s][info][gc,phases   ] GC(924)   Post Evacuate Collection Set: 0.3ms
[620.604s][info][gc,phases   ] GC(924)   Other: 0.1ms
[620.604s][info][gc,heap     ] GC(924) Eden regions: 48->0(48)
[620.604s][info][gc,heap     ] GC(924) Survivor regions: 1->1(7)
[620.604s][info][gc,heap     ] GC(924) Old regions: 20->20
[620.604s][info][gc,heap     ] GC(924) Humongous regions: 1->1
[620.604s][info][gc,metaspace] GC(924) Metaspace: 54684K(56000K)->54684K(56000K) NonClass: 47466K(48256K)->47466K(48256K) Class: 7218K(7744K)->7218K(7744K)
[620.604s][info][gc          ] GC(924) Pause Young (Normal) (G1 Evacuation Pause) 270M->79M(332M) 3.419ms
[620.604s][info][gc,cpu      ] GC(924) User=0.01s Sys=0.01s Real=0.01s
[620.998s][info][gc,start    ] GC(925) Pause Young (Normal) (G1 Evacuation Pause)
[620.998s][info][gc,task     ] GC(925) Using 8 workers of 8 for evacuation
[621.002s][info][gc,phases   ] GC(925)   Pre Evacuate Collection Set: 0.1ms
[621.002s][info][gc,phases   ] GC(925)   Merge Heap Roots: 0.1ms
[621.002s][info][gc,phases   ] GC(925)   Evacuate Collection Set: 2.8ms
[621.002s][info][gc,phases   ] GC(925)   Post Evacuate Collection Set: 0.3ms
[621.002s][info][gc,phases   ] GC(925)   Other: 0.0ms
[621.002s][info][gc,heap     ] GC(925) Eden regions: 48->0(48)
[621.002s][info][gc,heap     ] GC(925) Survivor regions: 1->1(7)
[621.002s][info][gc,heap     ] GC(925) Old regions: 20->20
[621.002s][info][gc,heap     ] GC(925) Humongous regions: 1->1
[621.002s][info][gc,metaspace] GC(925) Metaspace: 54684K(56000K)->54684K(56000K) NonClass: 47466K(48256K)->47466K(48256K) Class: 7218K(7744K)->7218K(7744K)
[621.002s][info][gc          ] GC(925) Pause Young (Normal) (G1 Evacuation Pause) 271M->79M(332M) 3.468ms
[621.002s][info][gc,cpu      ] GC(925) User=0.02s Sys=0.01s Real=0.00s
[621.354s][info][gc,start    ] GC(926) Pause Young (Normal) (G1 Evacuation Pause)
[621.354s][info][gc,task     ] GC(926) Using 8 workers of 8 for evacuation
[621.357s][info][gc,phases   ] GC(926)   Pre Evacuate Collection Set: 0.1ms
[621.357s][info][gc,phases   ] GC(926)   Merge Heap Roots: 0.1ms
[621.357s][info][gc,phases   ] GC(926)   Evacuate Collection Set: 2.6ms
[621.357s][info][gc,phases   ] GC(926)   Post Evacuate Collection Set: 0.3ms
[621.357s][info][gc,phases   ] GC(926)   Other: 0.0ms
[621.357s][info][gc,heap     ] GC(926) Eden regions: 48->0(48)
[621.357s][info][gc,heap     ] GC(926) Survivor regions: 1->1(7)
[621.357s][info][gc,heap     ] GC(926) Old regions: 20->20
[621.357s][info][gc,heap     ] GC(926) Humongous regions: 1->1
[621.357s][info][gc,metaspace] GC(926) Metaspace: 54684K(56000K)->54684K(56000K) NonClass: 47466K(48256K)->47466K(48256K) Class: 7218K(7744K)->7218K(7744K)
[621.357s][info][gc          ] GC(926) Pause Young (Normal) (G1 Evacuation Pause) 271M->79M(332M) 3.299ms
[621.357s][info][gc,cpu      ] GC(926) User=0.02s Sys=0.00s Real=0.00s
[621.758s][info][gc,start    ] GC(927) Pause Young (Normal) (G1 Evacuation Pause)
[621.758s][info][gc,task     ] GC(927) Using 8 workers of 8 for evacuation
[621.761s][info][gc,phases   ] GC(927)   Pre Evacuate Collection Set: 0.1ms
[621.761s][info][gc,phases   ] GC(927)   Merge Heap Roots: 0.1ms
[621.761s][info][gc,phases   ] GC(927)   Evacuate Collection Set: 2.9ms
[621.761s][info][gc,phases   ] GC(927)   Post Evacuate Collection Set: 0.2ms
[621.761s][info][gc,phases   ] GC(927)   Other: 0.0ms
[621.761s][info][gc,heap     ] GC(927) Eden regions: 48->0(48)
[621.761s][info][gc,heap     ] GC(927) Survivor regions: 1->1(7)
[621.761s][info][gc,heap     ] GC(927) Old regions: 20->20
[621.761s][info][gc,heap     ] GC(927) Humongous regions: 1->1
[621.761s][info][gc,metaspace] GC(927) Metaspace: 54684K(56000K)->54684K(56000K) NonClass: 47466K(48256K)->47466K(48256K) Class: 7218K(7744K)->7218K(7744K)
[621.761s][info][gc          ] GC(927) Pause Young (Normal) (G1 Evacuation Pause) 271M->79M(332M) 3.466ms
[621.761s][info][gc,cpu      ] GC(927) User=0.01s Sys=0.00s Real=0.00s
[622.120s][info][gc,start    ] GC(928) Pause Young (Normal) (G1 Evacuation Pause)
[622.120s][info][gc,task     ] GC(928) Using 8 workers of 8 for evacuation
[622.123s][info][gc,phases   ] GC(928)   Pre Evacuate Collection Set: 0.1ms
[622.123s][info][gc,phases   ] GC(928)   Merge Heap Roots: 0.1ms
[622.123s][info][gc,phases   ] GC(928)   Evacuate Collection Set: 2.4ms
[622.123s][info][gc,phases   ] GC(928)   Post Evacuate Collection Set: 0.2ms
[622.123s][info][gc,phases   ] GC(928)   Other: 0.0ms
[622.123s][info][gc,heap     ] GC(928) Eden regions: 48->0(48)
[622.123s][info][gc,heap     ] GC(928) Survivor regions: 1->1(7)
[622.123s][info][gc,heap     ] GC(928) Old regions: 20->20
[622.123s][info][gc,heap     ] GC(928) Humongous regions: 1->1
[622.123s][info][gc,metaspace] GC(928) Metaspace: 54684K(56000K)->54684K(56000K) NonClass: 47466K(48256K)->47466K(48256K) Class: 7218K(7744K)->7218K(7744K)
[622.123s][info][gc          ] GC(928) Pause Young (Normal) (G1 Evacuation Pause) 271M->79M(332M) 2.990ms
[622.123s][info][gc,cpu      ] GC(928) User=0.01s Sys=0.00s Real=0.01s
[622.428s][info][gc,start    ] GC(929) Pause Young (Normal) (G1 Evacuation Pause)
[622.428s][info][gc,task     ] GC(929) Using 8 workers of 8 for evacuation
[622.431s][info][gc,phases   ] GC(929)   Pre Evacuate Collection Set: 0.1ms
[622.431s][info][gc,phases   ] GC(929)   Merge Heap Roots: 0.1ms
[622.431s][info][gc,phases   ] GC(929)   Evacuate Collection Set: 2.5ms
[622.431s][info][gc,phases   ] GC(929)   Post Evacuate Collection Set: 0.3ms
[622.431s][info][gc,phases   ] GC(929)   Other: 0.0ms
[622.431s][info][gc,heap     ] GC(929) Eden regions: 48->0(48)
[622.431s][info][gc,heap     ] GC(929) Survivor regions: 1->1(7)
[622.431s][info][gc,heap     ] GC(929) Old regions: 20->20
[622.431s][info][gc,heap     ] GC(929) Humongous regions: 1->1
[622.431s][info][gc,metaspace] GC(929) Metaspace: 54684K(56000K)->54684K(56000K) NonClass: 47466K(48256K)->47466K(48256K) Class: 7218K(7744K)->7218K(7744K)
[622.431s][info][gc          ] GC(929) Pause Young (Normal) (G1 Evacuation Pause) 271M->79M(332M) 3.144ms
[622.431s][info][gc,cpu      ] GC(929) User=0.02s Sys=0.00s Real=0.00s
[622.872s][info][gc,start    ] GC(930) Pause Young (Normal) (G1 Evacuation Pause)
[622.874s][info][gc,task     ] GC(930) Using 8 workers of 8 for evacuation
[622.877s][info][gc,phases   ] GC(930)   Pre Evacuate Collection Set: 0.1ms
[622.879s][info][gc,phases   ] GC(930)   Merge Heap Roots: 0.1ms
[622.879s][info][gc,phases   ] GC(930)   Evacuate Collection Set: 2.7ms
[622.879s][info][gc,phases   ] GC(930)   Post Evacuate Collection Set: 0.3ms
[622.879s][info][gc,phases   ] GC(930)   Other: 0.0ms
[622.879s][info][gc,heap     ] GC(930) Eden regions: 48->0(48)
[622.879s][info][gc,heap     ] GC(930) Survivor regions: 1->1(7)
[622.879s][info][gc,heap     ] GC(930) Old regions: 20->20
[622.879s][info][gc,heap     ] GC(930) Humongous regions: 1->1
[622.879s][info][gc,metaspace] GC(930) Metaspace: 54684K(56000K)->54684K(56000K) NonClass: 47466K(48256K)->47466K(48256K) Class: 7218K(7744K)->7218K(7744K)
[622.879s][info][gc          ] GC(930) Pause Young (Normal) (G1 Evacuation Pause) 271M->79M(332M) 6.974ms
[622.879s][info][gc,cpu      ] GC(930) User=0.01s Sys=0.00s Real=0.01s
[623.370s][info][gc,start    ] GC(931) Pause Young (Normal) (G1 Evacuation Pause)
[623.370s][info][gc,task     ] GC(931) Using 8 workers of 8 for evacuation
[623.373s][info][gc,phases   ] GC(931)   Pre Evacuate Collection Set: 0.1ms
[623.373s][info][gc,phases   ] GC(931)   Merge Heap Roots: 0.1ms
[623.373s][info][gc,phases   ] GC(931)   Evacuate Collection Set: 2.7ms
[623.373s][info][gc,phases   ] GC(931)   Post Evacuate Collection Set: 0.2ms
[623.373s][info][gc,phases   ] GC(931)   Other: 0.0ms
[623.373s][info][gc,heap     ] GC(931) Eden regions: 48->0(48)
[623.373s][info][gc,heap     ] GC(931) Survivor regions: 1->1(7)
[623.373s][info][gc,heap     ] GC(931) Old regions: 20->20
[623.373s][info][gc,heap     ] GC(931) Humongous regions: 1->1
[623.373s][info][gc,metaspace] GC(931) Metaspace: 54684K(56000K)->54684K(56000K) NonClass: 47466K(48256K)->47466K(48256K) Class: 7218K(7744K)->7218K(7744K)
[623.373s][info][gc          ] GC(931) Pause Young (Normal) (G1 Evacuation Pause) 271M->79M(332M) 3.311ms
[623.373s][info][gc,cpu      ] GC(931) User=0.01s Sys=0.00s Real=0.01s
[623.995s][info][gc,start    ] GC(932) Pause Young (Normal) (G1 Evacuation Pause)
[623.995s][info][gc,task     ] GC(932) Using 8 workers of 8 for evacuation
[623.998s][info][gc,phases   ] GC(932)   Pre Evacuate Collection Set: 0.1ms
[623.998s][info][gc,phases   ] GC(932)   Merge Heap Roots: 0.1ms
[623.998s][info][gc,phases   ] GC(932)   Evacuate Collection Set: 2.2ms
[623.998s][info][gc,phases   ] GC(932)   Post Evacuate Collection Set: 0.3ms
[623.998s][info][gc,phases   ] GC(932)   Other: 0.0ms
[623.998s][info][gc,heap     ] GC(932) Eden regions: 48->0(48)
[623.998s][info][gc,heap     ] GC(932) Survivor regions: 1->1(7)
[623.998s][info][gc,heap     ] GC(932) Old regions: 20->20
[623.998s][info][gc,heap     ] GC(932) Humongous regions: 1->1
[623.998s][info][gc,metaspace] GC(932) Metaspace: 54684K(56000K)->54684K(56000K) NonClass: 47466K(48256K)->47466K(48256K) Class: 7218K(7744K)->7218K(7744K)
[623.998s][info][gc          ] GC(932) Pause Young (Normal) (G1 Evacuation Pause) 271M->79M(332M) 2.908ms
[623.998s][info][gc,cpu      ] GC(932) User=0.01s Sys=0.00s Real=0.00s
[624.478s][info][gc,start    ] GC(933) Pause Young (Normal) (G1 Evacuation Pause)
[624.478s][info][gc,task     ] GC(933) Using 8 workers of 8 for evacuation
[624.481s][info][gc,phases   ] GC(933)   Pre Evacuate Collection Set: 0.1ms
[624.481s][info][gc,phases   ] GC(933)   Merge Heap Roots: 0.1ms
[624.481s][info][gc,phases   ] GC(933)   Evacuate Collection Set: 2.5ms
[624.481s][info][gc,phases   ] GC(933)   Post Evacuate Collection Set: 0.3ms
[624.481s][info][gc,phases   ] GC(933)   Other: 0.0ms
[624.481s][info][gc,heap     ] GC(933) Eden regions: 48->0(48)
[624.481s][info][gc,heap     ] GC(933) Survivor regions: 1->1(7)
[624.481s][info][gc,heap     ] GC(933) Old regions: 20->20
[624.481s][info][gc,heap     ] GC(933) Humongous regions: 1->1
[624.481s][info][gc,metaspace] GC(933) Metaspace: 54684K(56000K)->54684K(56000K) NonClass: 47466K(48256K)->47466K(48256K) Class: 7218K(7744K)->7218K(7744K)
[624.481s][info][gc          ] GC(933) Pause Young (Normal) (G1 Evacuation Pause) 271M->79M(332M) 3.182ms
[624.481s][info][gc,cpu      ] GC(933) User=0.01s Sys=0.00s Real=0.00s
[624.933s][info][gc,start    ] GC(934) Pause Young (Normal) (G1 Evacuation Pause)
[624.933s][info][gc,task     ] GC(934) Using 8 workers of 8 for evacuation
[624.936s][info][gc,phases   ] GC(934)   Pre Evacuate Collection Set: 0.1ms
[624.936s][info][gc,phases   ] GC(934)   Merge Heap Roots: 0.1ms
[624.936s][info][gc,phases   ] GC(934)   Evacuate Collection Set: 2.4ms
[624.936s][info][gc,phases   ] GC(934)   Post Evacuate Collection Set: 0.3ms
[624.936s][info][gc,phases   ] GC(934)   Other: 0.0ms
[624.936s][info][gc,heap     ] GC(934) Eden regions: 48->0(48)
[624.936s][info][gc,heap     ] GC(934) Survivor regions: 1->1(7)
[624.936s][info][gc,heap     ] GC(934) Old regions: 20->20
[624.936s][info][gc,heap     ] GC(934) Humongous regions: 1->1
[624.936s][info][gc,metaspace] GC(934) Metaspace: 54684K(56000K)->54684K(56000K) NonClass: 47466K(48256K)->47466K(48256K) Class: 7218K(7744K)->7218K(7744K)
[624.936s][info][gc          ] GC(934) Pause Young (Normal) (G1 Evacuation Pause) 271M->79M(332M) 3.085ms
[624.936s][info][gc,cpu      ] GC(934) User=0.01s Sys=0.00s Real=0.00s
[625.336s][info][gc,start    ] GC(935) Pause Young (Normal) (G1 Evacuation Pause)
[625.336s][info][gc,task     ] GC(935) Using 8 workers of 8 for evacuation
[625.340s][info][gc,phases   ] GC(935)   Pre Evacuate Collection Set: 0.1ms
[625.340s][info][gc,phases   ] GC(935)   Merge Heap Roots: 0.1ms
[625.340s][info][gc,phases   ] GC(935)   Evacuate Collection Set: 3.0ms
[625.340s][info][gc,phases   ] GC(935)   Post Evacuate Collection Set: 0.3ms
[625.340s][info][gc,phases   ] GC(935)   Other: 0.0ms
[625.340s][info][gc,heap     ] GC(935) Eden regions: 48->0(48)
[625.340s][info][gc,heap     ] GC(935) Survivor regions: 1->1(7)
[625.340s][info][gc,heap     ] GC(935) Old regions: 20->20
[625.340s][info][gc,heap     ] GC(935) Humongous regions: 1->1
[625.340s][info][gc,metaspace] GC(935) Metaspace: 54684K(56000K)->54684K(56000K) NonClass: 47466K(48256K)->47466K(48256K) Class: 7218K(7744K)->7218K(7744K)
[625.340s][info][gc          ] GC(935) Pause Young (Normal) (G1 Evacuation Pause) 271M->80M(332M) 3.648ms
[625.340s][info][gc,cpu      ] GC(935) User=0.01s Sys=0.00s Real=0.00s
[625.837s][info][gc,start    ] GC(936) Pause Young (Normal) (G1 Evacuation Pause)
[625.837s][info][gc,task     ] GC(936) Using 8 workers of 8 for evacuation
[625.840s][info][gc,phases   ] GC(936)   Pre Evacuate Collection Set: 0.1ms
[625.840s][info][gc,phases   ] GC(936)   Merge Heap Roots: 0.1ms
[625.840s][info][gc,phases   ] GC(936)   Evacuate Collection Set: 2.4ms
[625.840s][info][gc,phases   ] GC(936)   Post Evacuate Collection Set: 0.4ms
[625.840s][info][gc,phases   ] GC(936)   Other: 0.1ms
[625.840s][info][gc,heap     ] GC(936) Eden regions: 48->0(48)
[625.840s][info][gc,heap     ] GC(936) Survivor regions: 1->1(7)
[625.840s][info][gc,heap     ] GC(936) Old regions: 20->20
[625.840s][info][gc,heap     ] GC(936) Humongous regions: 1->1
[625.840s][info][gc,metaspace] GC(936) Metaspace: 54684K(56000K)->54684K(56000K) NonClass: 47466K(48256K)->47466K(48256K) Class: 7218K(7744K)->7218K(7744K)
[625.840s][info][gc          ] GC(936) Pause Young (Normal) (G1 Evacuation Pause) 272M->80M(332M) 3.279ms
[625.840s][info][gc,cpu      ] GC(936) User=0.01s Sys=0.00s Real=0.00s
[626.268s][info][gc,start    ] GC(937) Pause Young (Normal) (G1 Evacuation Pause)
[626.268s][info][gc,task     ] GC(937) Using 8 workers of 8 for evacuation
[626.271s][info][gc,phases   ] GC(937)   Pre Evacuate Collection Set: 0.1ms
[626.271s][info][gc,phases   ] GC(937)   Merge Heap Roots: 0.1ms
[626.271s][info][gc,phases   ] GC(937)   Evacuate Collection Set: 2.6ms
[626.271s][info][gc,phases   ] GC(937)   Post Evacuate Collection Set: 0.3ms
[626.271s][info][gc,phases   ] GC(937)   Other: 0.0ms
[626.271s][info][gc,heap     ] GC(937) Eden regions: 48->0(48)
[626.271s][info][gc,heap     ] GC(937) Survivor regions: 1->1(7)
[626.271s][info][gc,heap     ] GC(937) Old regions: 20->20
[626.271s][info][gc,heap     ] GC(937) Humongous regions: 1->1
[626.271s][info][gc,metaspace] GC(937) Metaspace: 54684K(56000K)->54684K(56000K) NonClass: 47466K(48256K)->47466K(48256K) Class: 7218K(7744K)->7218K(7744K)
[626.271s][info][gc          ] GC(937) Pause Young (Normal) (G1 Evacuation Pause) 272M->80M(332M) 3.224ms
[626.271s][info][gc,cpu      ] GC(937) User=0.01s Sys=0.00s Real=0.00s
[626.596s][info][gc,start    ] GC(938) Pause Young (Normal) (G1 Evacuation Pause)
[626.596s][info][gc,task     ] GC(938) Using 8 workers of 8 for evacuation
[626.599s][info][gc,phases   ] GC(938)   Pre Evacuate Collection Set: 0.1ms
[626.599s][info][gc,phases   ] GC(938)   Merge Heap Roots: 0.1ms
[626.599s][info][gc,phases   ] GC(938)   Evacuate Collection Set: 2.5ms
[626.599s][info][gc,phases   ] GC(938)   Post Evacuate Collection Set: 0.3ms
[626.599s][info][gc,phases   ] GC(938)   Other: 0.1ms
[626.599s][info][gc,heap     ] GC(938) Eden regions: 48->0(48)
[626.599s][info][gc,heap     ] GC(938) Survivor regions: 1->1(7)
[626.599s][info][gc,heap     ] GC(938) Old regions: 20->20
[626.599s][info][gc,heap     ] GC(938) Humongous regions: 1->1
[626.599s][info][gc,metaspace] GC(938) Metaspace: 54684K(56000K)->54684K(56000K) NonClass: 47466K(48256K)->47466K(48256K) Class: 7218K(7744K)->7218K(7744K)
[626.599s][info][gc          ] GC(938) Pause Young (Normal) (G1 Evacuation Pause) 272M->80M(332M) 3.151ms
[626.599s][info][gc,cpu      ] GC(938) User=0.01s Sys=0.00s Real=0.00s
[627.044s][info][gc,start    ] GC(939) Pause Young (Normal) (G1 Evacuation Pause)
[627.044s][info][gc,task     ] GC(939) Using 8 workers of 8 for evacuation
[627.047s][info][gc,phases   ] GC(939)   Pre Evacuate Collection Set: 0.2ms
[627.047s][info][gc,phases   ] GC(939)   Merge Heap Roots: 0.1ms
[627.047s][info][gc,phases   ] GC(939)   Evacuate Collection Set: 2.1ms
[627.047s][info][gc,phases   ] GC(939)   Post Evacuate Collection Set: 0.3ms
[627.047s][info][gc,phases   ] GC(939)   Other: 0.0ms
[627.047s][info][gc,heap     ] GC(939) Eden regions: 48->0(48)
[627.047s][info][gc,heap     ] GC(939) Survivor regions: 1->1(7)
[627.047s][info][gc,heap     ] GC(939) Old regions: 20->20
[627.047s][info][gc,heap     ] GC(939) Humongous regions: 1->1
[627.047s][info][gc,metaspace] GC(939) Metaspace: 54684K(56000K)->54684K(56000K) NonClass: 47466K(48256K)->47466K(48256K) Class: 7218K(7744K)->7218K(7744K)
[627.047s][info][gc          ] GC(939) Pause Young (Normal) (G1 Evacuation Pause) 272M->80M(332M) 2.905ms
[627.047s][info][gc,cpu      ] GC(939) User=0.01s Sys=0.01s Real=0.00s
[627.419s][info][gc,start    ] GC(940) Pause Young (Normal) (G1 Evacuation Pause)
[627.419s][info][gc,task     ] GC(940) Using 8 workers of 8 for evacuation
[627.421s][info][gc,phases   ] GC(940)   Pre Evacuate Collection Set: 0.1ms
[627.421s][info][gc,phases   ] GC(940)   Merge Heap Roots: 0.1ms
[627.421s][info][gc,phases   ] GC(940)   Evacuate Collection Set: 2.0ms
[627.421s][info][gc,phases   ] GC(940)   Post Evacuate Collection Set: 0.3ms
[627.421s][info][gc,phases   ] GC(940)   Other: 0.0ms
[627.421s][info][gc,heap     ] GC(940) Eden regions: 48->0(48)
[627.421s][info][gc,heap     ] GC(940) Survivor regions: 1->1(7)
[627.421s][info][gc,heap     ] GC(940) Old regions: 20->20
[627.421s][info][gc,heap     ] GC(940) Humongous regions: 1->1
[627.421s][info][gc,metaspace] GC(940) Metaspace: 54684K(56000K)->54684K(56000K) NonClass: 47466K(48256K)->47466K(48256K) Class: 7218K(7744K)->7218K(7744K)
[627.421s][info][gc          ] GC(940) Pause Young (Normal) (G1 Evacuation Pause) 272M->80M(332M) 2.569ms
[627.421s][info][gc,cpu      ] GC(940) User=0.02s Sys=0.00s Real=0.00s
[627.933s][info][gc,start    ] GC(941) Pause Young (Normal) (G1 Evacuation Pause)
[627.933s][info][gc,task     ] GC(941) Using 8 workers of 8 for evacuation
[627.936s][info][gc,phases   ] GC(941)   Pre Evacuate Collection Set: 0.1ms
[627.936s][info][gc,phases   ] GC(941)   Merge Heap Roots: 0.1ms
[627.936s][info][gc,phases   ] GC(941)   Evacuate Collection Set: 2.4ms
[627.936s][info][gc,phases   ] GC(941)   Post Evacuate Collection Set: 0.3ms
[627.936s][info][gc,phases   ] GC(941)   Other: 0.0ms
[627.936s][info][gc,heap     ] GC(941) Eden regions: 48->0(48)
[627.936s][info][gc,heap     ] GC(941) Survivor regions: 1->1(7)
[627.936s][info][gc,heap     ] GC(941) Old regions: 20->20
[627.936s][info][gc,heap     ] GC(941) Humongous regions: 1->1
[627.936s][info][gc,metaspace] GC(941) Metaspace: 54684K(56000K)->54684K(56000K) NonClass: 47466K(48256K)->47466K(48256K) Class: 7218K(7744K)->7218K(7744K)
[627.936s][info][gc          ] GC(941) Pause Young (Normal) (G1 Evacuation Pause) 272M->80M(332M) 3.112ms
[627.936s][info][gc,cpu      ] GC(941) User=0.01s Sys=0.00s Real=0.00s
[628.254s][info][gc,start    ] GC(942) Pause Young (Normal) (G1 Evacuation Pause)
[628.254s][info][gc,task     ] GC(942) Using 8 workers of 8 for evacuation
[628.257s][info][gc,phases   ] GC(942)   Pre Evacuate Collection Set: 0.1ms
[628.257s][info][gc,phases   ] GC(942)   Merge Heap Roots: 0.1ms
[628.257s][info][gc,phases   ] GC(942)   Evacuate Collection Set: 3.1ms
[628.257s][info][gc,phases   ] GC(942)   Post Evacuate Collection Set: 0.3ms
[628.257s][info][gc,phases   ] GC(942)   Other: 0.1ms
[628.257s][info][gc,heap     ] GC(942) Eden regions: 48->0(48)
[628.257s][info][gc,heap     ] GC(942) Survivor regions: 1->1(7)
[628.257s][info][gc,heap     ] GC(942) Old regions: 20->20
[628.257s][info][gc,heap     ] GC(942) Humongous regions: 1->1
[628.257s][info][gc,metaspace] GC(942) Metaspace: 54684K(56000K)->54684K(56000K) NonClass: 47466K(48256K)->47466K(48256K) Class: 7218K(7744K)->7218K(7744K)
[628.257s][info][gc          ] GC(942) Pause Young (Normal) (G1 Evacuation Pause) 272M->80M(332M) 3.853ms
[628.257s][info][gc,cpu      ] GC(942) User=0.01s Sys=0.00s Real=0.00s
[628.648s][info][gc,start    ] GC(943) Pause Young (Normal) (G1 Evacuation Pause)
[628.648s][info][gc,task     ] GC(943) Using 8 workers of 8 for evacuation
[628.650s][info][gc,phases   ] GC(943)   Pre Evacuate Collection Set: 0.1ms
[628.650s][info][gc,phases   ] GC(943)   Merge Heap Roots: 0.1ms
[628.650s][info][gc,phases   ] GC(943)   Evacuate Collection Set: 2.4ms
[628.650s][info][gc,phases   ] GC(943)   Post Evacuate Collection Set: 0.3ms
[628.650s][info][gc,phases   ] GC(943)   Other: 0.0ms
[628.650s][info][gc,heap     ] GC(943) Eden regions: 48->0(48)
[628.651s][info][gc,heap     ] GC(943) Survivor regions: 1->1(7)
[628.651s][info][gc,heap     ] GC(943) Old regions: 20->20
[628.651s][info][gc,heap     ] GC(943) Humongous regions: 1->1
[628.651s][info][gc,metaspace] GC(943) Metaspace: 54684K(56000K)->54684K(56000K) NonClass: 47466K(48256K)->47466K(48256K) Class: 7218K(7744K)->7218K(7744K)
[628.651s][info][gc          ] GC(943) Pause Young (Normal) (G1 Evacuation Pause) 272M->80M(332M) 2.970ms
[628.651s][info][gc,cpu      ] GC(943) User=0.01s Sys=0.00s Real=0.00s
[629.017s][info][gc,start    ] GC(944) Pause Young (Normal) (G1 Evacuation Pause)
[629.017s][info][gc,task     ] GC(944) Using 8 workers of 8 for evacuation
[629.020s][info][gc,phases   ] GC(944)   Pre Evacuate Collection Set: 0.1ms
[629.020s][info][gc,phases   ] GC(944)   Merge Heap Roots: 0.1ms
[629.020s][info][gc,phases   ] GC(944)   Evacuate Collection Set: 2.2ms
[629.020s][info][gc,phases   ] GC(944)   Post Evacuate Collection Set: 0.3ms
[629.020s][info][gc,phases   ] GC(944)   Other: 0.0ms
[629.020s][info][gc,heap     ] GC(944) Eden regions: 48->0(48)
[629.020s][info][gc,heap     ] GC(944) Survivor regions: 1->1(7)
[629.020s][info][gc,heap     ] GC(944) Old regions: 20->20
[629.020s][info][gc,heap     ] GC(944) Humongous regions: 1->1
[629.020s][info][gc,metaspace] GC(944) Metaspace: 54684K(56000K)->54684K(56000K) NonClass: 47466K(48256K)->47466K(48256K) Class: 7218K(7744K)->7218K(7744K)
[629.020s][info][gc          ] GC(944) Pause Young (Normal) (G1 Evacuation Pause) 272M->80M(332M) 2.834ms
[629.020s][info][gc,cpu      ] GC(944) User=0.01s Sys=0.01s Real=0.00s
[629.412s][info][gc,start    ] GC(945) Pause Young (Normal) (G1 Evacuation Pause)
[629.412s][info][gc,task     ] GC(945) Using 8 workers of 8 for evacuation
[629.414s][info][gc,phases   ] GC(945)   Pre Evacuate Collection Set: 0.1ms
[629.414s][info][gc,phases   ] GC(945)   Merge Heap Roots: 0.1ms
[629.414s][info][gc,phases   ] GC(945)   Evacuate Collection Set: 2.1ms
[629.414s][info][gc,phases   ] GC(945)   Post Evacuate Collection Set: 0.3ms
[629.414s][info][gc,phases   ] GC(945)   Other: 0.1ms
[629.414s][info][gc,heap     ] GC(945) Eden regions: 48->0(48)
[629.414s][info][gc,heap     ] GC(945) Survivor regions: 1->1(7)
[629.414s][info][gc,heap     ] GC(945) Old regions: 20->20
[629.414s][info][gc,heap     ] GC(945) Humongous regions: 1->1
[629.414s][info][gc,metaspace] GC(945) Metaspace: 54684K(56000K)->54684K(56000K) NonClass: 47466K(48256K)->47466K(48256K) Class: 7218K(7744K)->7218K(7744K)
[629.414s][info][gc          ] GC(945) Pause Young (Normal) (G1 Evacuation Pause) 272M->80M(332M) 2.770ms
[629.415s][info][gc,cpu      ] GC(945) User=0.01s Sys=0.00s Real=0.01s
[629.819s][info][gc,start    ] GC(946) Pause Young (Normal) (G1 Evacuation Pause)
[629.819s][info][gc,task     ] GC(946) Using 8 workers of 8 for evacuation
[629.821s][info][gc,phases   ] GC(946)   Pre Evacuate Collection Set: 0.1ms
[629.822s][info][gc,phases   ] GC(946)   Merge Heap Roots: 0.1ms
[629.822s][info][gc,phases   ] GC(946)   Evacuate Collection Set: 2.1ms
[629.822s][info][gc,phases   ] GC(946)   Post Evacuate Collection Set: 0.3ms
[629.822s][info][gc,phases   ] GC(946)   Other: 0.0ms
[629.822s][info][gc,heap     ] GC(946) Eden regions: 48->0(48)
[629.822s][info][gc,heap     ] GC(946) Survivor regions: 1->1(7)
[629.822s][info][gc,heap     ] GC(946) Old regions: 20->20
[629.822s][info][gc,heap     ] GC(946) Humongous regions: 1->1
[629.822s][info][gc,metaspace] GC(946) Metaspace: 54684K(56000K)->54684K(56000K) NonClass: 47466K(48256K)->47466K(48256K) Class: 7218K(7744K)->7218K(7744K)
[629.822s][info][gc          ] GC(946) Pause Young (Normal) (G1 Evacuation Pause) 272M->80M(332M) 2.790ms
[629.822s][info][gc,cpu      ] GC(946) User=0.02s Sys=0.00s Real=0.00s
[630.206s][info][gc,start    ] GC(947) Pause Young (Normal) (G1 Evacuation Pause)
[630.206s][info][gc,task     ] GC(947) Using 8 workers of 8 for evacuation
[630.209s][info][gc,phases   ] GC(947)   Pre Evacuate Collection Set: 0.1ms
[630.209s][info][gc,phases   ] GC(947)   Merge Heap Roots: 0.1ms
[630.209s][info][gc,phases   ] GC(947)   Evacuate Collection Set: 2.0ms
[630.209s][info][gc,phases   ] GC(947)   Post Evacuate Collection Set: 0.3ms
[630.209s][info][gc,phases   ] GC(947)   Other: 0.0ms
[630.209s][info][gc,heap     ] GC(947) Eden regions: 48->0(48)
[630.209s][info][gc,heap     ] GC(947) Survivor regions: 1->1(7)
[630.209s][info][gc,heap     ] GC(947) Old regions: 20->20
[630.209s][info][gc,heap     ] GC(947) Humongous regions: 1->1
[630.209s][info][gc,metaspace] GC(947) Metaspace: 54684K(56000K)->54684K(56000K) NonClass: 47466K(48256K)->47466K(48256K) Class: 7218K(7744K)->7218K(7744K)
[630.209s][info][gc          ] GC(947) Pause Young (Normal) (G1 Evacuation Pause) 272M->80M(332M) 2.686ms
[630.209s][info][gc,cpu      ] GC(947) User=0.02s Sys=0.00s Real=0.00s
[630.595s][info][gc,start    ] GC(948) Pause Young (Normal) (G1 Evacuation Pause)
[630.595s][info][gc,task     ] GC(948) Using 8 workers of 8 for evacuation
[630.598s][info][gc,phases   ] GC(948)   Pre Evacuate Collection Set: 0.1ms
[630.598s][info][gc,phases   ] GC(948)   Merge Heap Roots: 0.1ms
[630.598s][info][gc,phases   ] GC(948)   Evacuate Collection Set: 2.4ms
[630.598s][info][gc,phases   ] GC(948)   Post Evacuate Collection Set: 0.3ms
[630.598s][info][gc,phases   ] GC(948)   Other: 0.0ms
[630.598s][info][gc,heap     ] GC(948) Eden regions: 48->0(48)
[630.598s][info][gc,heap     ] GC(948) Survivor regions: 1->1(7)
[630.598s][info][gc,heap     ] GC(948) Old regions: 20->20
[630.598s][info][gc,heap     ] GC(948) Humongous regions: 1->1
[630.598s][info][gc,metaspace] GC(948) Metaspace: 54684K(56000K)->54684K(56000K) NonClass: 47466K(48256K)->47466K(48256K) Class: 7218K(7744K)->7218K(7744K)
[630.598s][info][gc          ] GC(948) Pause Young (Normal) (G1 Evacuation Pause) 272M->81M(332M) 3.125ms
[630.599s][info][gc,cpu      ] GC(948) User=0.01s Sys=0.00s Real=0.00s
[631.044s][info][gc,start    ] GC(949) Pause Young (Normal) (G1 Evacuation Pause)
[631.044s][info][gc,task     ] GC(949) Using 8 workers of 8 for evacuation
[631.047s][info][gc,phases   ] GC(949)   Pre Evacuate Collection Set: 0.1ms
[631.047s][info][gc,phases   ] GC(949)   Merge Heap Roots: 0.1ms
[631.047s][info][gc,phases   ] GC(949)   Evacuate Collection Set: 2.7ms
[631.047s][info][gc,phases   ] GC(949)   Post Evacuate Collection Set: 0.3ms
[631.047s][info][gc,phases   ] GC(949)   Other: 0.0ms
[631.047s][info][gc,heap     ] GC(949) Eden regions: 48->0(48)
[631.047s][info][gc,heap     ] GC(949) Survivor regions: 1->1(7)
[631.047s][info][gc,heap     ] GC(949) Old regions: 20->20
[631.047s][info][gc,heap     ] GC(949) Humongous regions: 1->1
[631.047s][info][gc,metaspace] GC(949) Metaspace: 54684K(56000K)->54684K(56000K) NonClass: 47466K(48256K)->47466K(48256K) Class: 7218K(7744K)->7218K(7744K)
[631.047s][info][gc          ] GC(949) Pause Young (Normal) (G1 Evacuation Pause) 273M->81M(332M) 3.410ms
[631.047s][info][gc,cpu      ] GC(949) User=0.01s Sys=0.00s Real=0.00s
[631.384s][info][gc,start    ] GC(950) Pause Young (Normal) (G1 Evacuation Pause)
[631.384s][info][gc,task     ] GC(950) Using 8 workers of 8 for evacuation
[631.387s][info][gc,phases   ] GC(950)   Pre Evacuate Collection Set: 0.1ms
[631.387s][info][gc,phases   ] GC(950)   Merge Heap Roots: 0.1ms
[631.387s][info][gc,phases   ] GC(950)   Evacuate Collection Set: 2.2ms
[631.387s][info][gc,phases   ] GC(950)   Post Evacuate Collection Set: 0.3ms
[631.387s][info][gc,phases   ] GC(950)   Other: 0.1ms
[631.387s][info][gc,heap     ] GC(950) Eden regions: 48->0(48)
[631.387s][info][gc,heap     ] GC(950) Survivor regions: 1->1(7)
[631.387s][info][gc,heap     ] GC(950) Old regions: 20->20
[631.387s][info][gc,heap     ] GC(950) Humongous regions: 1->1
[631.387s][info][gc,metaspace] GC(950) Metaspace: 54684K(56000K)->54684K(56000K) NonClass: 47466K(48256K)->47466K(48256K) Class: 7218K(7744K)->7218K(7744K)
[631.387s][info][gc          ] GC(950) Pause Young (Normal) (G1 Evacuation Pause) 273M->81M(332M) 2.768ms
[631.387s][info][gc,cpu      ] GC(950) User=0.01s Sys=0.00s Real=0.00s
[631.814s][info][gc,start    ] GC(951) Pause Young (Normal) (G1 Evacuation Pause)
[631.814s][info][gc,task     ] GC(951) Using 8 workers of 8 for evacuation
[631.819s][info][gc,phases   ] GC(951)   Pre Evacuate Collection Set: 0.1ms
[631.819s][info][gc,phases   ] GC(951)   Merge Heap Roots: 0.1ms
[631.819s][info][gc,phases   ] GC(951)   Evacuate Collection Set: 4.5ms
[631.819s][info][gc,phases   ] GC(951)   Post Evacuate Collection Set: 0.3ms
[631.819s][info][gc,phases   ] GC(951)   Other: 0.0ms
[631.819s][info][gc,heap     ] GC(951) Eden regions: 48->0(48)
[631.819s][info][gc,heap     ] GC(951) Survivor regions: 1->1(7)
[631.819s][info][gc,heap     ] GC(951) Old regions: 20->20
[631.819s][info][gc,heap     ] GC(951) Humongous regions: 1->1
[631.819s][info][gc,metaspace] GC(951) Metaspace: 54684K(56000K)->54684K(56000K) NonClass: 47466K(48256K)->47466K(48256K) Class: 7218K(7744K)->7218K(7744K)
[631.819s][info][gc          ] GC(951) Pause Young (Normal) (G1 Evacuation Pause) 273M->81M(332M) 5.090ms
[631.819s][info][gc,cpu      ] GC(951) User=0.01s Sys=0.01s Real=0.00s
[632.224s][info][gc,start    ] GC(952) Pause Young (Normal) (G1 Evacuation Pause)
[632.224s][info][gc,task     ] GC(952) Using 8 workers of 8 for evacuation
[632.227s][info][gc,phases   ] GC(952)   Pre Evacuate Collection Set: 0.1ms
[632.227s][info][gc,phases   ] GC(952)   Merge Heap Roots: 0.1ms
[632.227s][info][gc,phases   ] GC(952)   Evacuate Collection Set: 2.2ms
[632.227s][info][gc,phases   ] GC(952)   Post Evacuate Collection Set: 0.3ms
[632.227s][info][gc,phases   ] GC(952)   Other: 0.1ms
[632.227s][info][gc,heap     ] GC(952) Eden regions: 48->0(48)
[632.227s][info][gc,heap     ] GC(952) Survivor regions: 1->1(7)
[632.227s][info][gc,heap     ] GC(952) Old regions: 20->20
[632.227s][info][gc,heap     ] GC(952) Humongous regions: 1->1
[632.227s][info][gc,metaspace] GC(952) Metaspace: 54684K(56000K)->54684K(56000K) NonClass: 47466K(48256K)->47466K(48256K) Class: 7218K(7744K)->7218K(7744K)
[632.227s][info][gc          ] GC(952) Pause Young (Normal) (G1 Evacuation Pause) 273M->81M(332M) 3.170ms
[632.227s][info][gc,cpu      ] GC(952) User=0.02s Sys=0.00s Real=0.00s
[632.607s][info][gc,start    ] GC(953) Pause Young (Normal) (G1 Evacuation Pause)
[632.607s][info][gc,task     ] GC(953) Using 8 workers of 8 for evacuation
[632.609s][info][gc,phases   ] GC(953)   Pre Evacuate Collection Set: 0.1ms
[632.609s][info][gc,phases   ] GC(953)   Merge Heap Roots: 0.1ms
[632.609s][info][gc,phases   ] GC(953)   Evacuate Collection Set: 2.1ms
[632.609s][info][gc,phases   ] GC(953)   Post Evacuate Collection Set: 0.2ms
[632.609s][info][gc,phases   ] GC(953)   Other: 0.0ms
[632.609s][info][gc,heap     ] GC(953) Eden regions: 48->0(48)
[632.609s][info][gc,heap     ] GC(953) Survivor regions: 1->1(7)
[632.609s][info][gc,heap     ] GC(953) Old regions: 20->20
[632.609s][info][gc,heap     ] GC(953) Humongous regions: 1->1
[632.609s][info][gc,metaspace] GC(953) Metaspace: 54684K(56000K)->54684K(56000K) NonClass: 47466K(48256K)->47466K(48256K) Class: 7218K(7744K)->7218K(7744K)
[632.609s][info][gc          ] GC(953) Pause Young (Normal) (G1 Evacuation Pause) 273M->81M(332M) 2.674ms
[632.609s][info][gc,cpu      ] GC(953) User=0.01s Sys=0.00s Real=0.00s
[633.171s][info][gc,start    ] GC(954) Pause Young (Normal) (G1 Evacuation Pause)
[633.171s][info][gc,task     ] GC(954) Using 8 workers of 8 for evacuation
[633.174s][info][gc,phases   ] GC(954)   Pre Evacuate Collection Set: 0.1ms
[633.174s][info][gc,phases   ] GC(954)   Merge Heap Roots: 0.1ms
[633.174s][info][gc,phases   ] GC(954)   Evacuate Collection Set: 2.2ms
[633.174s][info][gc,phases   ] GC(954)   Post Evacuate Collection Set: 0.3ms
[633.174s][info][gc,phases   ] GC(954)   Other: 0.0ms
[633.174s][info][gc,heap     ] GC(954) Eden regions: 48->0(48)
[633.174s][info][gc,heap     ] GC(954) Survivor regions: 1->1(7)
[633.174s][info][gc,heap     ] GC(954) Old regions: 20->20
[633.174s][info][gc,heap     ] GC(954) Humongous regions: 1->1
[633.174s][info][gc,metaspace] GC(954) Metaspace: 54684K(56000K)->54684K(56000K) NonClass: 47466K(48256K)->47466K(48256K) Class: 7218K(7744K)->7218K(7744K)
[633.174s][info][gc          ] GC(954) Pause Young (Normal) (G1 Evacuation Pause) 273M->81M(332M) 2.883ms
[633.174s][info][gc,cpu      ] GC(954) User=0.01s Sys=0.00s Real=0.01s
[633.654s][info][gc,start    ] GC(955) Pause Young (Normal) (G1 Evacuation Pause)
[633.654s][info][gc,task     ] GC(955) Using 8 workers of 8 for evacuation
[633.657s][info][gc,phases   ] GC(955)   Pre Evacuate Collection Set: 0.1ms
[633.657s][info][gc,phases   ] GC(955)   Merge Heap Roots: 0.1ms
[633.657s][info][gc,phases   ] GC(955)   Evacuate Collection Set: 2.6ms
[633.657s][info][gc,phases   ] GC(955)   Post Evacuate Collection Set: 0.3ms
[633.657s][info][gc,phases   ] GC(955)   Other: 0.1ms
[633.657s][info][gc,heap     ] GC(955) Eden regions: 48->0(48)
[633.657s][info][gc,heap     ] GC(955) Survivor regions: 1->1(7)
[633.657s][info][gc,heap     ] GC(955) Old regions: 20->20
[633.657s][info][gc,heap     ] GC(955) Humongous regions: 1->1
[633.657s][info][gc,metaspace] GC(955) Metaspace: 54684K(56000K)->54684K(56000K) NonClass: 47466K(48256K)->47466K(48256K) Class: 7218K(7744K)->7218K(7744K)
[633.657s][info][gc          ] GC(955) Pause Young (Normal) (G1 Evacuation Pause) 273M->81M(332M) 3.239ms
[633.657s][info][gc,cpu      ] GC(955) User=0.01s Sys=0.00s Real=0.00s
[634.036s][info][gc,start    ] GC(956) Pause Young (Normal) (G1 Evacuation Pause)
[634.036s][info][gc,task     ] GC(956) Using 8 workers of 8 for evacuation
[634.038s][info][gc,phases   ] GC(956)   Pre Evacuate Collection Set: 0.1ms
[634.038s][info][gc,phases   ] GC(956)   Merge Heap Roots: 0.1ms
[634.038s][info][gc,phases   ] GC(956)   Evacuate Collection Set: 1.9ms
[634.038s][info][gc,phases   ] GC(956)   Post Evacuate Collection Set: 0.3ms
[634.038s][info][gc,phases   ] GC(956)   Other: 0.1ms
[634.038s][info][gc,heap     ] GC(956) Eden regions: 48->0(48)
[634.038s][info][gc,heap     ] GC(956) Survivor regions: 1->1(7)
[634.038s][info][gc,heap     ] GC(956) Old regions: 20->20
[634.038s][info][gc,heap     ] GC(956) Humongous regions: 1->1
[634.038s][info][gc,metaspace] GC(956) Metaspace: 54684K(56000K)->54684K(56000K) NonClass: 47466K(48256K)->47466K(48256K) Class: 7218K(7744K)->7218K(7744K)
[634.038s][info][gc          ] GC(956) Pause Young (Normal) (G1 Evacuation Pause) 273M->81M(332M) 2.586ms
[634.038s][info][gc,cpu      ] GC(956) User=0.01s Sys=0.00s Real=0.00s
[634.459s][info][gc,start    ] GC(957) Pause Young (Normal) (G1 Evacuation Pause)
[634.459s][info][gc,task     ] GC(957) Using 8 workers of 8 for evacuation
[634.462s][info][gc,phases   ] GC(957)   Pre Evacuate Collection Set: 0.1ms
[634.462s][info][gc,phases   ] GC(957)   Merge Heap Roots: 0.1ms
[634.462s][info][gc,phases   ] GC(957)   Evacuate Collection Set: 2.1ms
[634.462s][info][gc,phases   ] GC(957)   Post Evacuate Collection Set: 0.3ms
[634.462s][info][gc,phases   ] GC(957)   Other: 0.1ms
[634.462s][info][gc,heap     ] GC(957) Eden regions: 48->0(48)
[634.462s][info][gc,heap     ] GC(957) Survivor regions: 1->1(7)
[634.462s][info][gc,heap     ] GC(957) Old regions: 20->20
[634.462s][info][gc,heap     ] GC(957) Humongous regions: 1->1
[634.462s][info][gc,metaspace] GC(957) Metaspace: 54684K(56000K)->54684K(56000K) NonClass: 47466K(48256K)->47466K(48256K) Class: 7218K(7744K)->7218K(7744K)
[634.462s][info][gc          ] GC(957) Pause Young (Normal) (G1 Evacuation Pause) 273M->81M(332M) 2.851ms
[634.462s][info][gc,cpu      ] GC(957) User=0.01s Sys=0.00s Real=0.00s
[634.850s][info][gc,start    ] GC(958) Pause Young (Normal) (G1 Evacuation Pause)
[634.850s][info][gc,task     ] GC(958) Using 8 workers of 8 for evacuation
[634.852s][info][gc,phases   ] GC(958)   Pre Evacuate Collection Set: 0.1ms
[634.852s][info][gc,phases   ] GC(958)   Merge Heap Roots: 0.1ms
[634.852s][info][gc,phases   ] GC(958)   Evacuate Collection Set: 1.9ms
[634.852s][info][gc,phases   ] GC(958)   Post Evacuate Collection Set: 0.2ms
[634.852s][info][gc,phases   ] GC(958)   Other: 0.0ms
[634.852s][info][gc,heap     ] GC(958) Eden regions: 48->0(48)
[634.852s][info][gc,heap     ] GC(958) Survivor regions: 1->1(7)
[634.852s][info][gc,heap     ] GC(958) Old regions: 20->20
[634.852s][info][gc,heap     ] GC(958) Humongous regions: 1->1
[634.852s][info][gc,metaspace] GC(958) Metaspace: 54684K(56000K)->54684K(56000K) NonClass: 47466K(48256K)->47466K(48256K) Class: 7218K(7744K)->7218K(7744K)
[634.852s][info][gc          ] GC(958) Pause Young (Normal) (G1 Evacuation Pause) 273M->81M(332M) 2.496ms
[634.852s][info][gc,cpu      ] GC(958) User=0.01s Sys=0.01s Real=0.00s
[635.267s][info][gc,start    ] GC(959) Pause Young (Normal) (G1 Evacuation Pause)
[635.267s][info][gc,task     ] GC(959) Using 8 workers of 8 for evacuation
[635.269s][info][gc,phases   ] GC(959)   Pre Evacuate Collection Set: 0.1ms
[635.269s][info][gc,phases   ] GC(959)   Merge Heap Roots: 0.1ms
[635.269s][info][gc,phases   ] GC(959)   Evacuate Collection Set: 1.9ms
[635.269s][info][gc,phases   ] GC(959)   Post Evacuate Collection Set: 0.3ms
[635.269s][info][gc,phases   ] GC(959)   Other: 0.0ms
[635.269s][info][gc,heap     ] GC(959) Eden regions: 48->0(48)
[635.269s][info][gc,heap     ] GC(959) Survivor regions: 1->1(7)
[635.269s][info][gc,heap     ] GC(959) Old regions: 20->20
[635.269s][info][gc,heap     ] GC(959) Humongous regions: 1->1
[635.269s][info][gc,metaspace] GC(959) Metaspace: 54684K(56000K)->54684K(56000K) NonClass: 47466K(48256K)->47466K(48256K) Class: 7218K(7744K)->7218K(7744K)
[635.269s][info][gc          ] GC(959) Pause Young (Normal) (G1 Evacuation Pause) 273M->81M(332M) 2.953ms
[635.270s][info][gc,cpu      ] GC(959) User=0.01s Sys=0.00s Real=0.00s
[635.672s][info][gc,start    ] GC(960) Pause Young (Normal) (G1 Evacuation Pause)
[635.672s][info][gc,task     ] GC(960) Using 8 workers of 8 for evacuation
[635.675s][info][gc,phases   ] GC(960)   Pre Evacuate Collection Set: 0.1ms
[635.675s][info][gc,phases   ] GC(960)   Merge Heap Roots: 0.1ms
[635.675s][info][gc,phases   ] GC(960)   Evacuate Collection Set: 2.2ms
[635.675s][info][gc,phases   ] GC(960)   Post Evacuate Collection Set: 0.3ms
[635.675s][info][gc,phases   ] GC(960)   Other: 0.1ms
[635.675s][info][gc,heap     ] GC(960) Eden regions: 48->0(48)
[635.675s][info][gc,heap     ] GC(960) Survivor regions: 1->1(7)
[635.675s][info][gc,heap     ] GC(960) Old regions: 20->21
[635.675s][info][gc,heap     ] GC(960) Humongous regions: 1->1
[635.675s][info][gc,metaspace] GC(960) Metaspace: 54684K(56000K)->54684K(56000K) NonClass: 47466K(48256K)->47466K(48256K) Class: 7218K(7744K)->7218K(7744K)
[635.675s][info][gc          ] GC(960) Pause Young (Normal) (G1 Evacuation Pause) 273M->81M(332M) 2.939ms
[635.675s][info][gc,cpu      ] GC(960) User=0.02s Sys=0.00s Real=0.01s
[636.062s][info][gc,start    ] GC(961) Pause Young (Normal) (G1 Evacuation Pause)
[636.063s][info][gc,task     ] GC(961) Using 8 workers of 8 for evacuation
[636.065s][info][gc,phases   ] GC(961)   Pre Evacuate Collection Set: 0.1ms
[636.065s][info][gc,phases   ] GC(961)   Merge Heap Roots: 0.1ms
[636.065s][info][gc,phases   ] GC(961)   Evacuate Collection Set: 2.1ms
[636.065s][info][gc,phases   ] GC(961)   Post Evacuate Collection Set: 0.3ms
[636.065s][info][gc,phases   ] GC(961)   Other: 0.0ms
[636.065s][info][gc,heap     ] GC(961) Eden regions: 48->0(48)
[636.065s][info][gc,heap     ] GC(961) Survivor regions: 1->1(7)
[636.065s][info][gc,heap     ] GC(961) Old regions: 21->21
[636.065s][info][gc,heap     ] GC(961) Humongous regions: 1->1
[636.065s][info][gc,metaspace] GC(961) Metaspace: 54684K(56000K)->54684K(56000K) NonClass: 47466K(48256K)->47466K(48256K) Class: 7218K(7744K)->7218K(7744K)
[636.065s][info][gc          ] GC(961) Pause Young (Normal) (G1 Evacuation Pause) 273M->81M(332M) 2.697ms
[636.065s][info][gc,cpu      ] GC(961) User=0.02s Sys=0.00s Real=0.00s
[639.669s][info][gc,start    ] GC(962) Pause Young (Normal) (G1 Evacuation Pause)
[639.669s][info][gc,task     ] GC(962) Using 8 workers of 8 for evacuation
[639.672s][info][gc,phases   ] GC(962)   Pre Evacuate Collection Set: 0.1ms
[639.672s][info][gc,phases   ] GC(962)   Merge Heap Roots: 0.1ms
[639.672s][info][gc,phases   ] GC(962)   Evacuate Collection Set: 2.1ms
[639.672s][info][gc,phases   ] GC(962)   Post Evacuate Collection Set: 0.3ms
[639.672s][info][gc,phases   ] GC(962)   Other: 0.1ms
[639.672s][info][gc,heap     ] GC(962) Eden regions: 48->0(48)
[639.672s][info][gc,heap     ] GC(962) Survivor regions: 1->1(7)
[639.672s][info][gc,heap     ] GC(962) Old regions: 21->21
[639.672s][info][gc,heap     ] GC(962) Humongous regions: 1->1
[639.672s][info][gc,metaspace] GC(962) Metaspace: 54684K(56000K)->54684K(56000K) NonClass: 47466K(48256K)->47466K(48256K) Class: 7218K(7744K)->7218K(7744K)
[639.672s][info][gc          ] GC(962) Pause Young (Normal) (G1 Evacuation Pause) 273M->82M(332M) 2.954ms
[639.672s][info][gc,cpu      ] GC(962) User=0.02s Sys=0.00s Real=0.00s
[640.131s][info][gc,start    ] GC(963) Pause Young (Normal) (G1 Evacuation Pause)
[640.131s][info][gc,task     ] GC(963) Using 8 workers of 8 for evacuation
[640.134s][info][gc,phases   ] GC(963)   Pre Evacuate Collection Set: 0.1ms
[640.134s][info][gc,phases   ] GC(963)   Merge Heap Roots: 0.1ms
[640.134s][info][gc,phases   ] GC(963)   Evacuate Collection Set: 2.4ms
[640.134s][info][gc,phases   ] GC(963)   Post Evacuate Collection Set: 0.3ms
[640.134s][info][gc,phases   ] GC(963)   Other: 0.0ms
[640.134s][info][gc,heap     ] GC(963) Eden regions: 48->0(48)
[640.134s][info][gc,heap     ] GC(963) Survivor regions: 1->1(7)
[640.134s][info][gc,heap     ] GC(963) Old regions: 21->21
[640.134s][info][gc,heap     ] GC(963) Humongous regions: 1->1
[640.134s][info][gc,metaspace] GC(963) Metaspace: 54684K(56000K)->54684K(56000K) NonClass: 47466K(48256K)->47466K(48256K) Class: 7218K(7744K)->7218K(7744K)
[640.134s][info][gc          ] GC(963) Pause Young (Normal) (G1 Evacuation Pause) 274M->82M(332M) 3.079ms
[640.134s][info][gc,cpu      ] GC(963) User=0.01s Sys=0.01s Real=0.01s
[640.528s][info][gc,start    ] GC(964) Pause Young (Normal) (G1 Evacuation Pause)
[640.528s][info][gc,task     ] GC(964) Using 8 workers of 8 for evacuation
[640.530s][info][gc,phases   ] GC(964)   Pre Evacuate Collection Set: 0.1ms
[640.530s][info][gc,phases   ] GC(964)   Merge Heap Roots: 0.1ms
[640.531s][info][gc,phases   ] GC(964)   Evacuate Collection Set: 1.8ms
[640.531s][info][gc,phases   ] GC(964)   Post Evacuate Collection Set: 0.3ms
[640.531s][info][gc,phases   ] GC(964)   Other: 0.1ms
[640.531s][info][gc,heap     ] GC(964) Eden regions: 48->0(48)
[640.531s][info][gc,heap     ] GC(964) Survivor regions: 1->1(7)
[640.531s][info][gc,heap     ] GC(964) Old regions: 21->21
[640.531s][info][gc,heap     ] GC(964) Humongous regions: 1->1
[640.531s][info][gc,metaspace] GC(964) Metaspace: 54684K(56000K)->54684K(56000K) NonClass: 47466K(48256K)->47466K(48256K) Class: 7218K(7744K)->7218K(7744K)
[640.531s][info][gc          ] GC(964) Pause Young (Normal) (G1 Evacuation Pause) 274M->82M(332M) 2.520ms
[640.531s][info][gc,cpu      ] GC(964) User=0.01s Sys=0.00s Real=0.00s
[640.916s][info][gc,start    ] GC(965) Pause Young (Normal) (G1 Evacuation Pause)
[640.916s][info][gc,task     ] GC(965) Using 8 workers of 8 for evacuation
[640.919s][info][gc,phases   ] GC(965)   Pre Evacuate Collection Set: 0.1ms
[640.919s][info][gc,phases   ] GC(965)   Merge Heap Roots: 0.1ms
[640.919s][info][gc,phases   ] GC(965)   Evacuate Collection Set: 2.2ms
[640.919s][info][gc,phases   ] GC(965)   Post Evacuate Collection Set: 0.3ms
[640.919s][info][gc,phases   ] GC(965)   Other: 0.1ms
[640.919s][info][gc,heap     ] GC(965) Eden regions: 48->0(48)
[640.919s][info][gc,heap     ] GC(965) Survivor regions: 1->1(7)
[640.919s][info][gc,heap     ] GC(965) Old regions: 21->21
[640.919s][info][gc,heap     ] GC(965) Humongous regions: 1->1
[640.919s][info][gc,metaspace] GC(965) Metaspace: 54684K(56000K)->54684K(56000K) NonClass: 47466K(48256K)->47466K(48256K) Class: 7218K(7744K)->7218K(7744K)
[640.919s][info][gc          ] GC(965) Pause Young (Normal) (G1 Evacuation Pause) 274M->82M(332M) 2.917ms
[640.919s][info][gc,cpu      ] GC(965) User=0.01s Sys=0.00s Real=0.00s
[641.347s][info][gc,start    ] GC(966) Pause Young (Normal) (G1 Evacuation Pause)
[641.347s][info][gc,task     ] GC(966) Using 8 workers of 8 for evacuation
[641.350s][info][gc,phases   ] GC(966)   Pre Evacuate Collection Set: 0.1ms
[641.350s][info][gc,phases   ] GC(966)   Merge Heap Roots: 0.1ms
[641.350s][info][gc,phases   ] GC(966)   Evacuate Collection Set: 1.9ms
[641.350s][info][gc,phases   ] GC(966)   Post Evacuate Collection Set: 0.3ms
[641.350s][info][gc,phases   ] GC(966)   Other: 0.0ms
[641.350s][info][gc,heap     ] GC(966) Eden regions: 48->0(48)
[641.350s][info][gc,heap     ] GC(966) Survivor regions: 1->1(7)
[641.350s][info][gc,heap     ] GC(966) Old regions: 21->21
[641.350s][info][gc,heap     ] GC(966) Humongous regions: 1->1
[641.350s][info][gc,metaspace] GC(966) Metaspace: 54684K(56000K)->54684K(56000K) NonClass: 47466K(48256K)->47466K(48256K) Class: 7218K(7744K)->7218K(7744K)
[641.350s][info][gc          ] GC(966) Pause Young (Normal) (G1 Evacuation Pause) 274M->82M(332M) 2.515ms
[641.350s][info][gc,cpu      ] GC(966) User=0.01s Sys=0.00s Real=0.00s
[641.713s][info][gc,start    ] GC(967) Pause Young (Normal) (G1 Evacuation Pause)
[641.713s][info][gc,task     ] GC(967) Using 8 workers of 8 for evacuation
[641.716s][info][gc,phases   ] GC(967)   Pre Evacuate Collection Set: 0.1ms
[641.716s][info][gc,phases   ] GC(967)   Merge Heap Roots: 0.1ms
[641.716s][info][gc,phases   ] GC(967)   Evacuate Collection Set: 2.1ms
[641.716s][info][gc,phases   ] GC(967)   Post Evacuate Collection Set: 0.3ms
[641.716s][info][gc,phases   ] GC(967)   Other: 0.0ms
[641.716s][info][gc,heap     ] GC(967) Eden regions: 48->0(48)
[641.716s][info][gc,heap     ] GC(967) Survivor regions: 1->1(7)
[641.716s][info][gc,heap     ] GC(967) Old regions: 21->21
[641.716s][info][gc,heap     ] GC(967) Humongous regions: 1->1
[641.716s][info][gc,metaspace] GC(967) Metaspace: 54684K(56000K)->54684K(56000K) NonClass: 47466K(48256K)->47466K(48256K) Class: 7218K(7744K)->7218K(7744K)
[641.716s][info][gc          ] GC(967) Pause Young (Normal) (G1 Evacuation Pause) 274M->82M(332M) 2.684ms
[641.716s][info][gc,cpu      ] GC(967) User=0.02s Sys=0.00s Real=0.00s
[642.309s][info][gc,start    ] GC(968) Pause Young (Normal) (G1 Evacuation Pause)
[642.310s][info][gc,task     ] GC(968) Using 8 workers of 8 for evacuation
[642.312s][info][gc,phases   ] GC(968)   Pre Evacuate Collection Set: 0.1ms
[642.312s][info][gc,phases   ] GC(968)   Merge Heap Roots: 0.1ms
[642.312s][info][gc,phases   ] GC(968)   Evacuate Collection Set: 1.7ms
[642.312s][info][gc,phases   ] GC(968)   Post Evacuate Collection Set: 0.3ms
[642.312s][info][gc,phases   ] GC(968)   Other: 0.1ms
[642.312s][info][gc,heap     ] GC(968) Eden regions: 48->0(48)
[642.312s][info][gc,heap     ] GC(968) Survivor regions: 1->1(7)
[642.312s][info][gc,heap     ] GC(968) Old regions: 21->21
[642.312s][info][gc,heap     ] GC(968) Humongous regions: 1->1
[642.312s][info][gc,metaspace] GC(968) Metaspace: 54684K(56000K)->54684K(56000K) NonClass: 47466K(48256K)->47466K(48256K) Class: 7218K(7744K)->7218K(7744K)
[642.312s][info][gc          ] GC(968) Pause Young (Normal) (G1 Evacuation Pause) 274M->82M(332M) 2.340ms
[642.312s][info][gc,cpu      ] GC(968) User=0.01s Sys=0.00s Real=0.00s
[643.159s][info][gc,start    ] GC(969) Pause Young (Normal) (G1 Evacuation Pause)
[643.159s][info][gc,task     ] GC(969) Using 8 workers of 8 for evacuation
[643.162s][info][gc,phases   ] GC(969)   Pre Evacuate Collection Set: 0.1ms
[643.162s][info][gc,phases   ] GC(969)   Merge Heap Roots: 0.1ms
[643.162s][info][gc,phases   ] GC(969)   Evacuate Collection Set: 2.1ms
[643.162s][info][gc,phases   ] GC(969)   Post Evacuate Collection Set: 0.2ms
[643.162s][info][gc,phases   ] GC(969)   Other: 0.0ms
[643.162s][info][gc,heap     ] GC(969) Eden regions: 48->0(48)
[643.162s][info][gc,heap     ] GC(969) Survivor regions: 1->1(7)
[643.162s][info][gc,heap     ] GC(969) Old regions: 21->21
[643.162s][info][gc,heap     ] GC(969) Humongous regions: 1->1
[643.162s][info][gc,metaspace] GC(969) Metaspace: 54684K(56000K)->54684K(56000K) NonClass: 47466K(48256K)->47466K(48256K) Class: 7218K(7744K)->7218K(7744K)
[643.162s][info][gc          ] GC(969) Pause Young (Normal) (G1 Evacuation Pause) 274M->82M(332M) 2.809ms
[643.162s][info][gc,cpu      ] GC(969) User=0.01s Sys=0.00s Real=0.00s
[643.604s][info][gc,start    ] GC(970) Pause Young (Normal) (G1 Evacuation Pause)
[643.604s][info][gc,task     ] GC(970) Using 8 workers of 8 for evacuation
[643.606s][info][gc,phases   ] GC(970)   Pre Evacuate Collection Set: 0.1ms
[643.606s][info][gc,phases   ] GC(970)   Merge Heap Roots: 0.1ms
[643.606s][info][gc,phases   ] GC(970)   Evacuate Collection Set: 2.0ms
[643.606s][info][gc,phases   ] GC(970)   Post Evacuate Collection Set: 0.3ms
[643.606s][info][gc,phases   ] GC(970)   Other: 0.0ms
[643.606s][info][gc,heap     ] GC(970) Eden regions: 48->0(48)
[643.606s][info][gc,heap     ] GC(970) Survivor regions: 1->1(7)
[643.606s][info][gc,heap     ] GC(970) Old regions: 21->21
[643.606s][info][gc,heap     ] GC(970) Humongous regions: 1->1
[643.606s][info][gc,metaspace] GC(970) Metaspace: 54684K(56000K)->54684K(56000K) NonClass: 47466K(48256K)->47466K(48256K) Class: 7218K(7744K)->7218K(7744K)
[643.606s][info][gc          ] GC(970) Pause Young (Normal) (G1 Evacuation Pause) 274M->82M(332M) 2.559ms
[643.606s][info][gc,cpu      ] GC(970) User=0.02s Sys=0.00s Real=0.00s
[644.072s][info][gc,start    ] GC(971) Pause Young (Normal) (G1 Evacuation Pause)
[644.072s][info][gc,task     ] GC(971) Using 8 workers of 8 for evacuation
[644.075s][info][gc,phases   ] GC(971)   Pre Evacuate Collection Set: 0.1ms
[644.075s][info][gc,phases   ] GC(971)   Merge Heap Roots: 0.1ms
[644.075s][info][gc,phases   ] GC(971)   Evacuate Collection Set: 2.2ms
[644.075s][info][gc,phases   ] GC(971)   Post Evacuate Collection Set: 0.2ms
[644.075s][info][gc,phases   ] GC(971)   Other: 0.0ms
[644.075s][info][gc,heap     ] GC(971) Eden regions: 48->0(48)
[644.075s][info][gc,heap     ] GC(971) Survivor regions: 1->1(7)
[644.075s][info][gc,heap     ] GC(971) Old regions: 21->21
[644.075s][info][gc,heap     ] GC(971) Humongous regions: 1->1
[644.075s][info][gc,metaspace] GC(971) Metaspace: 54684K(56000K)->54684K(56000K) NonClass: 47466K(48256K)->47466K(48256K) Class: 7218K(7744K)->7218K(7744K)
[644.075s][info][gc          ] GC(971) Pause Young (Normal) (G1 Evacuation Pause) 274M->82M(332M) 2.765ms
[644.075s][info][gc,cpu      ] GC(971) User=0.02s Sys=0.01s Real=0.01s
[644.644s][info][gc,start    ] GC(972) Pause Young (Normal) (G1 Evacuation Pause)
[644.644s][info][gc,task     ] GC(972) Using 8 workers of 8 for evacuation
[644.646s][info][gc,phases   ] GC(972)   Pre Evacuate Collection Set: 0.1ms
[644.646s][info][gc,phases   ] GC(972)   Merge Heap Roots: 0.1ms
[644.646s][info][gc,phases   ] GC(972)   Evacuate Collection Set: 2.2ms
[644.646s][info][gc,phases   ] GC(972)   Post Evacuate Collection Set: 0.3ms
[644.646s][info][gc,phases   ] GC(972)   Other: 0.0ms
[644.646s][info][gc,heap     ] GC(972) Eden regions: 48->0(48)
[644.646s][info][gc,heap     ] GC(972) Survivor regions: 1->1(7)
[644.646s][info][gc,heap     ] GC(972) Old regions: 21->21
[644.646s][info][gc,heap     ] GC(972) Humongous regions: 1->1
[644.646s][info][gc,metaspace] GC(972) Metaspace: 54684K(56000K)->54684K(56000K) NonClass: 47466K(48256K)->47466K(48256K) Class: 7218K(7744K)->7218K(7744K)
[644.646s][info][gc          ] GC(972) Pause Young (Normal) (G1 Evacuation Pause) 274M->82M(332M) 2.834ms
[644.646s][info][gc,cpu      ] GC(972) User=0.01s Sys=0.00s Real=0.00s
[645.200s][info][gc,start    ] GC(973) Pause Young (Normal) (G1 Evacuation Pause)
[645.200s][info][gc,task     ] GC(973) Using 8 workers of 8 for evacuation
[645.203s][info][gc,phases   ] GC(973)   Pre Evacuate Collection Set: 0.1ms
[645.203s][info][gc,phases   ] GC(973)   Merge Heap Roots: 0.1ms
[645.203s][info][gc,phases   ] GC(973)   Evacuate Collection Set: 2.8ms
[645.203s][info][gc,phases   ] GC(973)   Post Evacuate Collection Set: 0.3ms
[645.203s][info][gc,phases   ] GC(973)   Other: 0.0ms
[645.203s][info][gc,heap     ] GC(973) Eden regions: 48->0(48)
[645.203s][info][gc,heap     ] GC(973) Survivor regions: 1->1(7)
[645.203s][info][gc,heap     ] GC(973) Old regions: 21->21
[645.203s][info][gc,heap     ] GC(973) Humongous regions: 1->1
[645.203s][info][gc,metaspace] GC(973) Metaspace: 54684K(56000K)->54684K(56000K) NonClass: 47466K(48256K)->47466K(48256K) Class: 7218K(7744K)->7218K(7744K)
[645.203s][info][gc          ] GC(973) Pause Young (Normal) (G1 Evacuation Pause) 274M->83M(332M) 3.329ms
[645.203s][info][gc,cpu      ] GC(973) User=0.01s Sys=0.01s Real=0.01s
[645.656s][info][gc,start    ] GC(974) Pause Young (Normal) (G1 Evacuation Pause)
[645.656s][info][gc,task     ] GC(974) Using 8 workers of 8 for evacuation
[645.659s][info][gc,phases   ] GC(974)   Pre Evacuate Collection Set: 0.1ms
[645.659s][info][gc,phases   ] GC(974)   Merge Heap Roots: 0.1ms
[645.659s][info][gc,phases   ] GC(974)   Evacuate Collection Set: 2.4ms
[645.659s][info][gc,phases   ] GC(974)   Post Evacuate Collection Set: 0.3ms
[645.659s][info][gc,phases   ] GC(974)   Other: 0.1ms
[645.659s][info][gc,heap     ] GC(974) Eden regions: 48->0(48)
[645.659s][info][gc,heap     ] GC(974) Survivor regions: 1->1(7)
[645.659s][info][gc,heap     ] GC(974) Old regions: 21->21
[645.659s][info][gc,heap     ] GC(974) Humongous regions: 1->1
[645.659s][info][gc,metaspace] GC(974) Metaspace: 54684K(56000K)->54684K(56000K) NonClass: 47466K(48256K)->47466K(48256K) Class: 7218K(7744K)->7218K(7744K)
[645.659s][info][gc          ] GC(974) Pause Young (Normal) (G1 Evacuation Pause) 275M->83M(332M) 3.081ms
[645.659s][info][gc,cpu      ] GC(974) User=0.01s Sys=0.00s Real=0.00s
[646.150s][info][gc,start    ] GC(975) Pause Young (Normal) (G1 Evacuation Pause)
[646.150s][info][gc,task     ] GC(975) Using 8 workers of 8 for evacuation
[646.153s][info][gc,phases   ] GC(975)   Pre Evacuate Collection Set: 0.1ms
[646.153s][info][gc,phases   ] GC(975)   Merge Heap Roots: 0.1ms
[646.153s][info][gc,phases   ] GC(975)   Evacuate Collection Set: 2.1ms
[646.153s][info][gc,phases   ] GC(975)   Post Evacuate Collection Set: 0.3ms
[646.153s][info][gc,phases   ] GC(975)   Other: 0.1ms
[646.153s][info][gc,heap     ] GC(975) Eden regions: 48->0(48)
[646.153s][info][gc,heap     ] GC(975) Survivor regions: 1->1(7)
[646.153s][info][gc,heap     ] GC(975) Old regions: 21->21
[646.153s][info][gc,heap     ] GC(975) Humongous regions: 1->1
[646.153s][info][gc,metaspace] GC(975) Metaspace: 54684K(56000K)->54684K(56000K) NonClass: 47466K(48256K)->47466K(48256K) Class: 7218K(7744K)->7218K(7744K)
[646.153s][info][gc          ] GC(975) Pause Young (Normal) (G1 Evacuation Pause) 275M->83M(332M) 2.915ms
[646.153s][info][gc,cpu      ] GC(975) User=0.01s Sys=0.00s Real=0.01s
[646.649s][info][gc,start    ] GC(976) Pause Young (Normal) (G1 Evacuation Pause)
[646.649s][info][gc,task     ] GC(976) Using 8 workers of 8 for evacuation
[646.651s][info][gc,phases   ] GC(976)   Pre Evacuate Collection Set: 0.1ms
[646.651s][info][gc,phases   ] GC(976)   Merge Heap Roots: 0.1ms
[646.651s][info][gc,phases   ] GC(976)   Evacuate Collection Set: 2.1ms
[646.651s][info][gc,phases   ] GC(976)   Post Evacuate Collection Set: 0.3ms
[646.652s][info][gc,phases   ] GC(976)   Other: 0.0ms
[646.652s][info][gc,heap     ] GC(976) Eden regions: 48->0(48)
[646.652s][info][gc,heap     ] GC(976) Survivor regions: 1->1(7)
[646.652s][info][gc,heap     ] GC(976) Old regions: 21->21
[646.652s][info][gc,heap     ] GC(976) Humongous regions: 1->1
[646.652s][info][gc,metaspace] GC(976) Metaspace: 54684K(56000K)->54684K(56000K) NonClass: 47466K(48256K)->47466K(48256K) Class: 7218K(7744K)->7218K(7744K)
[646.652s][info][gc          ] GC(976) Pause Young (Normal) (G1 Evacuation Pause) 275M->83M(332M) 2.723ms
[646.652s][info][gc,cpu      ] GC(976) User=0.02s Sys=0.00s Real=0.00s
[647.153s][info][gc,start    ] GC(977) Pause Young (Normal) (G1 Evacuation Pause)
[647.153s][info][gc,task     ] GC(977) Using 8 workers of 8 for evacuation
[647.156s][info][gc,phases   ] GC(977)   Pre Evacuate Collection Set: 0.1ms
[647.156s][info][gc,phases   ] GC(977)   Merge Heap Roots: 0.1ms
[647.156s][info][gc,phases   ] GC(977)   Evacuate Collection Set: 2.5ms
[647.156s][info][gc,phases   ] GC(977)   Post Evacuate Collection Set: 0.3ms
[647.156s][info][gc,phases   ] GC(977)   Other: 0.0ms
[647.156s][info][gc,heap     ] GC(977) Eden regions: 48->0(48)
[647.156s][info][gc,heap     ] GC(977) Survivor regions: 1->1(7)
[647.156s][info][gc,heap     ] GC(977) Old regions: 21->21
[647.156s][info][gc,heap     ] GC(977) Humongous regions: 1->1
[647.156s][info][gc,metaspace] GC(977) Metaspace: 54684K(56000K)->54684K(56000K) NonClass: 47466K(48256K)->47466K(48256K) Class: 7218K(7744K)->7218K(7744K)
[647.156s][info][gc          ] GC(977) Pause Young (Normal) (G1 Evacuation Pause) 275M->83M(332M) 3.034ms
[647.156s][info][gc,cpu      ] GC(977) User=0.01s Sys=0.00s Real=0.00s
[647.883s][info][gc,start    ] GC(978) Pause Young (Normal) (G1 Evacuation Pause)
[647.883s][info][gc,task     ] GC(978) Using 8 workers of 8 for evacuation
[647.886s][info][gc,phases   ] GC(978)   Pre Evacuate Collection Set: 0.1ms
[647.886s][info][gc,phases   ] GC(978)   Merge Heap Roots: 0.1ms
[647.886s][info][gc,phases   ] GC(978)   Evacuate Collection Set: 2.0ms
[647.886s][info][gc,phases   ] GC(978)   Post Evacuate Collection Set: 0.3ms
[647.886s][info][gc,phases   ] GC(978)   Other: 0.1ms
[647.886s][info][gc,heap     ] GC(978) Eden regions: 48->0(48)
[647.886s][info][gc,heap     ] GC(978) Survivor regions: 1->1(7)
[647.886s][info][gc,heap     ] GC(978) Old regions: 21->21
[647.886s][info][gc,heap     ] GC(978) Humongous regions: 1->1
[647.886s][info][gc,metaspace] GC(978) Metaspace: 54684K(56000K)->54684K(56000K) NonClass: 47466K(48256K)->47466K(48256K) Class: 7218K(7744K)->7218K(7744K)
[647.886s][info][gc          ] GC(978) Pause Young (Normal) (G1 Evacuation Pause) 275M->83M(332M) 2.658ms
[647.886s][info][gc,cpu      ] GC(978) User=0.01s Sys=0.00s Real=0.00s
[648.315s][info][gc,start    ] GC(979) Pause Young (Normal) (G1 Evacuation Pause)
[648.315s][info][gc,task     ] GC(979) Using 8 workers of 8 for evacuation
[648.317s][info][gc,phases   ] GC(979)   Pre Evacuate Collection Set: 0.1ms
[648.317s][info][gc,phases   ] GC(979)   Merge Heap Roots: 0.1ms
[648.317s][info][gc,phases   ] GC(979)   Evacuate Collection Set: 2.1ms
[648.317s][info][gc,phases   ] GC(979)   Post Evacuate Collection Set: 0.2ms
[648.317s][info][gc,phases   ] GC(979)   Other: 0.1ms
[648.317s][info][gc,heap     ] GC(979) Eden regions: 48->0(48)
[648.317s][info][gc,heap     ] GC(979) Survivor regions: 1->1(7)
[648.317s][info][gc,heap     ] GC(979) Old regions: 21->21
[648.317s][info][gc,heap     ] GC(979) Humongous regions: 1->1
[648.317s][info][gc,metaspace] GC(979) Metaspace: 54684K(56000K)->54684K(56000K) NonClass: 47466K(48256K)->47466K(48256K) Class: 7218K(7744K)->7218K(7744K)
[648.317s][info][gc          ] GC(979) Pause Young (Normal) (G1 Evacuation Pause) 275M->83M(332M) 2.659ms
[648.317s][info][gc,cpu      ] GC(979) User=0.01s Sys=0.00s Real=0.00s
[648.830s][info][gc,start    ] GC(980) Pause Young (Normal) (G1 Evacuation Pause)
[648.830s][info][gc,task     ] GC(980) Using 8 workers of 8 for evacuation
[648.833s][info][gc,phases   ] GC(980)   Pre Evacuate Collection Set: 0.1ms
[648.833s][info][gc,phases   ] GC(980)   Merge Heap Roots: 0.1ms
[648.833s][info][gc,phases   ] GC(980)   Evacuate Collection Set: 2.0ms
[648.833s][info][gc,phases   ] GC(980)   Post Evacuate Collection Set: 0.3ms
[648.833s][info][gc,phases   ] GC(980)   Other: 0.0ms
[648.833s][info][gc,heap     ] GC(980) Eden regions: 48->0(48)
[648.833s][info][gc,heap     ] GC(980) Survivor regions: 1->1(7)
[648.833s][info][gc,heap     ] GC(980) Old regions: 21->21
[648.833s][info][gc,heap     ] GC(980) Humongous regions: 1->1
[648.833s][info][gc,metaspace] GC(980) Metaspace: 54684K(56000K)->54684K(56000K) NonClass: 47466K(48256K)->47466K(48256K) Class: 7218K(7744K)->7218K(7744K)
[648.833s][info][gc          ] GC(980) Pause Young (Normal) (G1 Evacuation Pause) 275M->83M(332M) 2.728ms
[648.833s][info][gc,cpu      ] GC(980) User=0.01s Sys=0.00s Real=0.01s
[649.269s][info][gc,start    ] GC(981) Pause Young (Normal) (G1 Evacuation Pause)
[649.269s][info][gc,task     ] GC(981) Using 8 workers of 8 for evacuation
[649.272s][info][gc,phases   ] GC(981)   Pre Evacuate Collection Set: 0.1ms
[649.272s][info][gc,phases   ] GC(981)   Merge Heap Roots: 0.1ms
[649.272s][info][gc,phases   ] GC(981)   Evacuate Collection Set: 2.5ms
[649.273s][info][gc,phases   ] GC(981)   Post Evacuate Collection Set: 0.3ms
[649.273s][info][gc,phases   ] GC(981)   Other: 0.0ms
[649.273s][info][gc,heap     ] GC(981) Eden regions: 48->0(48)
[649.273s][info][gc,heap     ] GC(981) Survivor regions: 1->1(7)
[649.273s][info][gc,heap     ] GC(981) Old regions: 21->21
[649.273s][info][gc,heap     ] GC(981) Humongous regions: 1->1
[649.273s][info][gc,metaspace] GC(981) Metaspace: 54684K(56000K)->54684K(56000K) NonClass: 47466K(48256K)->47466K(48256K) Class: 7218K(7744K)->7218K(7744K)
[649.273s][info][gc          ] GC(981) Pause Young (Normal) (G1 Evacuation Pause) 275M->83M(332M) 3.127ms
[649.273s][info][gc,cpu      ] GC(981) User=0.01s Sys=0.00s Real=0.01s
[649.659s][info][gc,start    ] GC(982) Pause Young (Normal) (G1 Evacuation Pause)
[649.659s][info][gc,task     ] GC(982) Using 8 workers of 8 for evacuation
[649.662s][info][gc,phases   ] GC(982)   Pre Evacuate Collection Set: 0.1ms
[649.662s][info][gc,phases   ] GC(982)   Merge Heap Roots: 0.1ms
[649.662s][info][gc,phases   ] GC(982)   Evacuate Collection Set: 2.4ms
[649.662s][info][gc,phases   ] GC(982)   Post Evacuate Collection Set: 0.3ms
[649.662s][info][gc,phases   ] GC(982)   Other: 0.0ms
[649.662s][info][gc,heap     ] GC(982) Eden regions: 48->0(48)
[649.662s][info][gc,heap     ] GC(982) Survivor regions: 1->1(7)
[649.662s][info][gc,heap     ] GC(982) Old regions: 21->21
[649.662s][info][gc,heap     ] GC(982) Humongous regions: 1->1
[649.662s][info][gc,metaspace] GC(982) Metaspace: 54684K(56000K)->54684K(56000K) NonClass: 47466K(48256K)->47466K(48256K) Class: 7218K(7744K)->7218K(7744K)
[649.662s][info][gc          ] GC(982) Pause Young (Normal) (G1 Evacuation Pause) 275M->83M(332M) 3.098ms
[649.662s][info][gc,cpu      ] GC(982) User=0.02s Sys=0.00s Real=0.00s
[654.802s][info][gc,start    ] GC(983) Pause Young (Normal) (G1 Evacuation Pause)
[654.802s][info][gc,task     ] GC(983) Using 8 workers of 8 for evacuation
[654.805s][info][gc,phases   ] GC(983)   Pre Evacuate Collection Set: 0.1ms
[654.805s][info][gc,phases   ] GC(983)   Merge Heap Roots: 0.1ms
[654.805s][info][gc,phases   ] GC(983)   Evacuate Collection Set: 2.0ms
[654.805s][info][gc,phases   ] GC(983)   Post Evacuate Collection Set: 0.2ms
[654.805s][info][gc,phases   ] GC(983)   Other: 0.0ms
[654.805s][info][gc,heap     ] GC(983) Eden regions: 48->0(48)
[654.805s][info][gc,heap     ] GC(983) Survivor regions: 1->1(7)
[654.805s][info][gc,heap     ] GC(983) Old regions: 21->21
[654.805s][info][gc,heap     ] GC(983) Humongous regions: 1->1
[654.805s][info][gc,metaspace] GC(983) Metaspace: 54684K(56000K)->54684K(56000K) NonClass: 47466K(48256K)->47466K(48256K) Class: 7218K(7744K)->7218K(7744K)
[654.805s][info][gc          ] GC(983) Pause Young (Normal) (G1 Evacuation Pause) 275M->84M(332M) 2.870ms
[654.805s][info][gc,cpu      ] GC(983) User=0.02s Sys=0.00s Real=0.01s
[655.200s][info][gc,start    ] GC(984) Pause Young (Normal) (G1 Evacuation Pause)
[655.200s][info][gc,task     ] GC(984) Using 8 workers of 8 for evacuation
[655.203s][info][gc,phases   ] GC(984)   Pre Evacuate Collection Set: 0.1ms
[655.203s][info][gc,phases   ] GC(984)   Merge Heap Roots: 0.1ms
[655.203s][info][gc,phases   ] GC(984)   Evacuate Collection Set: 2.4ms
[655.203s][info][gc,phases   ] GC(984)   Post Evacuate Collection Set: 0.3ms
[655.203s][info][gc,phases   ] GC(984)   Other: 0.0ms
[655.203s][info][gc,heap     ] GC(984) Eden regions: 48->0(48)
[655.203s][info][gc,heap     ] GC(984) Survivor regions: 1->1(7)
[655.203s][info][gc,heap     ] GC(984) Old regions: 21->21
[655.203s][info][gc,heap     ] GC(984) Humongous regions: 1->1
[655.203s][info][gc,metaspace] GC(984) Metaspace: 54684K(56000K)->54684K(56000K) NonClass: 47466K(48256K)->47466K(48256K) Class: 7218K(7744K)->7218K(7744K)
[655.203s][info][gc          ] GC(984) Pause Young (Normal) (G1 Evacuation Pause) 276M->84M(332M) 3.060ms
[655.203s][info][gc,cpu      ] GC(984) User=0.01s Sys=0.00s Real=0.01s
[655.595s][info][gc,start    ] GC(985) Pause Young (Normal) (G1 Evacuation Pause)
[655.595s][info][gc,task     ] GC(985) Using 8 workers of 8 for evacuation
[655.598s][info][gc,phases   ] GC(985)   Pre Evacuate Collection Set: 0.1ms
[655.598s][info][gc,phases   ] GC(985)   Merge Heap Roots: 0.1ms
[655.598s][info][gc,phases   ] GC(985)   Evacuate Collection Set: 2.1ms
[655.598s][info][gc,phases   ] GC(985)   Post Evacuate Collection Set: 0.3ms
[655.598s][info][gc,phases   ] GC(985)   Other: 0.0ms
[655.598s][info][gc,heap     ] GC(985) Eden regions: 48->0(48)
[655.598s][info][gc,heap     ] GC(985) Survivor regions: 1->1(7)
[655.598s][info][gc,heap     ] GC(985) Old regions: 21->21
[655.598s][info][gc,heap     ] GC(985) Humongous regions: 1->1
[655.598s][info][gc,metaspace] GC(985) Metaspace: 54684K(56000K)->54684K(56000K) NonClass: 47466K(48256K)->47466K(48256K) Class: 7218K(7744K)->7218K(7744K)
[655.598s][info][gc          ] GC(985) Pause Young (Normal) (G1 Evacuation Pause) 276M->84M(332M) 2.672ms
[655.598s][info][gc,cpu      ] GC(985) User=0.01s Sys=0.00s Real=0.00s
[656.015s][info][gc,start    ] GC(986) Pause Young (Normal) (G1 Evacuation Pause)
[656.015s][info][gc,task     ] GC(986) Using 8 workers of 8 for evacuation
[656.018s][info][gc,phases   ] GC(986)   Pre Evacuate Collection Set: 0.1ms
[656.019s][info][gc,phases   ] GC(986)   Merge Heap Roots: 0.1ms
[656.019s][info][gc,phases   ] GC(986)   Evacuate Collection Set: 2.5ms
[656.019s][info][gc,phases   ] GC(986)   Post Evacuate Collection Set: 0.3ms
[656.019s][info][gc,phases   ] GC(986)   Other: 0.0ms
[656.019s][info][gc,heap     ] GC(986) Eden regions: 48->0(48)
[656.019s][info][gc,heap     ] GC(986) Survivor regions: 1->1(7)
[656.019s][info][gc,heap     ] GC(986) Old regions: 21->21
[656.019s][info][gc,heap     ] GC(986) Humongous regions: 1->1
[656.019s][info][gc,metaspace] GC(986) Metaspace: 54684K(56000K)->54684K(56000K) NonClass: 47466K(48256K)->47466K(48256K) Class: 7218K(7744K)->7218K(7744K)
[656.019s][info][gc          ] GC(986) Pause Young (Normal) (G1 Evacuation Pause) 276M->84M(332M) 3.176ms
[656.019s][info][gc,cpu      ] GC(986) User=0.01s Sys=0.00s Real=0.00s
[656.426s][info][gc,start    ] GC(987) Pause Young (Normal) (G1 Evacuation Pause)
[656.426s][info][gc,task     ] GC(987) Using 8 workers of 8 for evacuation
[656.429s][info][gc,phases   ] GC(987)   Pre Evacuate Collection Set: 0.1ms
[656.429s][info][gc,phases   ] GC(987)   Merge Heap Roots: 0.1ms
[656.429s][info][gc,phases   ] GC(987)   Evacuate Collection Set: 2.5ms
[656.429s][info][gc,phases   ] GC(987)   Post Evacuate Collection Set: 0.3ms
[656.429s][info][gc,phases   ] GC(987)   Other: 0.0ms
[656.429s][info][gc,heap     ] GC(987) Eden regions: 48->0(48)
[656.429s][info][gc,heap     ] GC(987) Survivor regions: 1->1(7)
[656.429s][info][gc,heap     ] GC(987) Old regions: 21->21
[656.429s][info][gc,heap     ] GC(987) Humongous regions: 1->1
[656.429s][info][gc,metaspace] GC(987) Metaspace: 54684K(56000K)->54684K(56000K) NonClass: 47466K(48256K)->47466K(48256K) Class: 7218K(7744K)->7218K(7744K)
[656.429s][info][gc          ] GC(987) Pause Young (Normal) (G1 Evacuation Pause) 276M->84M(332M) 3.265ms
[656.429s][info][gc,cpu      ] GC(987) User=0.01s Sys=0.00s Real=0.00s
[656.820s][info][gc,start    ] GC(988) Pause Young (Normal) (G1 Evacuation Pause)
[656.820s][info][gc,task     ] GC(988) Using 8 workers of 8 for evacuation
[656.823s][info][gc,phases   ] GC(988)   Pre Evacuate Collection Set: 0.1ms
[656.823s][info][gc,phases   ] GC(988)   Merge Heap Roots: 0.1ms
[656.823s][info][gc,phases   ] GC(988)   Evacuate Collection Set: 2.0ms
[656.823s][info][gc,phases   ] GC(988)   Post Evacuate Collection Set: 0.3ms
[656.823s][info][gc,phases   ] GC(988)   Other: 0.1ms
[656.823s][info][gc,heap     ] GC(988) Eden regions: 48->0(48)
[656.823s][info][gc,heap     ] GC(988) Survivor regions: 1->1(7)
[656.823s][info][gc,heap     ] GC(988) Old regions: 21->21
[656.823s][info][gc,heap     ] GC(988) Humongous regions: 1->1
[656.823s][info][gc,metaspace] GC(988) Metaspace: 54684K(56000K)->54684K(56000K) NonClass: 47466K(48256K)->47466K(48256K) Class: 7218K(7744K)->7218K(7744K)
[656.823s][info][gc          ] GC(988) Pause Young (Normal) (G1 Evacuation Pause) 276M->84M(332M) 2.777ms
[656.823s][info][gc,cpu      ] GC(988) User=0.01s Sys=0.00s Real=0.01s
[657.247s][info][gc,start    ] GC(989) Pause Young (Normal) (G1 Evacuation Pause)
[657.247s][info][gc,task     ] GC(989) Using 8 workers of 8 for evacuation
[657.250s][info][gc,phases   ] GC(989)   Pre Evacuate Collection Set: 0.1ms
[657.250s][info][gc,phases   ] GC(989)   Merge Heap Roots: 0.1ms
[657.250s][info][gc,phases   ] GC(989)   Evacuate Collection Set: 2.4ms
[657.250s][info][gc,phases   ] GC(989)   Post Evacuate Collection Set: 0.3ms
[657.250s][info][gc,phases   ] GC(989)   Other: 0.0ms
[657.250s][info][gc,heap     ] GC(989) Eden regions: 48->0(48)
[657.250s][info][gc,heap     ] GC(989) Survivor regions: 1->1(7)
[657.250s][info][gc,heap     ] GC(989) Old regions: 21->21
[657.250s][info][gc,heap     ] GC(989) Humongous regions: 1->1
[657.250s][info][gc,metaspace] GC(989) Metaspace: 54684K(56000K)->54684K(56000K) NonClass: 47466K(48256K)->47466K(48256K) Class: 7218K(7744K)->7218K(7744K)
[657.250s][info][gc          ] GC(989) Pause Young (Normal) (G1 Evacuation Pause) 276M->84M(332M) 3.009ms
[657.250s][info][gc,cpu      ] GC(989) User=0.01s Sys=0.00s Real=0.00s
[657.704s][info][gc,start    ] GC(990) Pause Young (Normal) (G1 Evacuation Pause)
[657.704s][info][gc,task     ] GC(990) Using 8 workers of 8 for evacuation
[657.708s][info][gc,phases   ] GC(990)   Pre Evacuate Collection Set: 0.1ms
[657.708s][info][gc,phases   ] GC(990)   Merge Heap Roots: 0.1ms
[657.708s][info][gc,phases   ] GC(990)   Evacuate Collection Set: 2.7ms
[657.708s][info][gc,phases   ] GC(990)   Post Evacuate Collection Set: 0.4ms
[657.708s][info][gc,phases   ] GC(990)   Other: 0.1ms
[657.708s][info][gc,heap     ] GC(990) Eden regions: 48->0(48)
[657.708s][info][gc,heap     ] GC(990) Survivor regions: 1->1(7)
[657.708s][info][gc,heap     ] GC(990) Old regions: 21->21
[657.708s][info][gc,heap     ] GC(990) Humongous regions: 1->1
[657.708s][info][gc,metaspace] GC(990) Metaspace: 54684K(56000K)->54684K(56000K) NonClass: 47466K(48256K)->47466K(48256K) Class: 7218K(7744K)->7218K(7744K)
[657.708s][info][gc          ] GC(990) Pause Young (Normal) (G1 Evacuation Pause) 276M->84M(332M) 3.570ms
[657.708s][info][gc,cpu      ] GC(990) User=0.01s Sys=0.00s Real=0.00s
[658.204s][info][gc,start    ] GC(991) Pause Young (Normal) (G1 Evacuation Pause)
[658.204s][info][gc,task     ] GC(991) Using 8 workers of 8 for evacuation
[658.206s][info][gc,phases   ] GC(991)   Pre Evacuate Collection Set: 0.1ms
[658.206s][info][gc,phases   ] GC(991)   Merge Heap Roots: 0.1ms
[658.206s][info][gc,phases   ] GC(991)   Evacuate Collection Set: 2.0ms
[658.206s][info][gc,phases   ] GC(991)   Post Evacuate Collection Set: 0.3ms
[658.207s][info][gc,phases   ] GC(991)   Other: 0.0ms
[658.207s][info][gc,heap     ] GC(991) Eden regions: 48->0(48)
[658.207s][info][gc,heap     ] GC(991) Survivor regions: 1->1(7)
[658.207s][info][gc,heap     ] GC(991) Old regions: 21->21
[658.207s][info][gc,heap     ] GC(991) Humongous regions: 1->1
[658.207s][info][gc,metaspace] GC(991) Metaspace: 54684K(56000K)->54684K(56000K) NonClass: 47466K(48256K)->47466K(48256K) Class: 7218K(7744K)->7218K(7744K)
[658.207s][info][gc          ] GC(991) Pause Young (Normal) (G1 Evacuation Pause) 276M->84M(332M) 2.566ms
[658.207s][info][gc,cpu      ] GC(991) User=0.01s Sys=0.00s Real=0.00s
[658.668s][info][gc,start    ] GC(992) Pause Young (Normal) (G1 Evacuation Pause)
[658.668s][info][gc,task     ] GC(992) Using 8 workers of 8 for evacuation
[658.671s][info][gc,phases   ] GC(992)   Pre Evacuate Collection Set: 0.1ms
[658.671s][info][gc,phases   ] GC(992)   Merge Heap Roots: 0.1ms
[658.671s][info][gc,phases   ] GC(992)   Evacuate Collection Set: 2.1ms
[658.671s][info][gc,phases   ] GC(992)   Post Evacuate Collection Set: 0.2ms
[658.671s][info][gc,phases   ] GC(992)   Other: 0.0ms
[658.671s][info][gc,heap     ] GC(992) Eden regions: 48->0(48)
[658.671s][info][gc,heap     ] GC(992) Survivor regions: 1->1(7)
[658.671s][info][gc,heap     ] GC(992) Old regions: 21->21
[658.671s][info][gc,heap     ] GC(992) Humongous regions: 1->1
[658.671s][info][gc,metaspace] GC(992) Metaspace: 54684K(56000K)->54684K(56000K) NonClass: 47466K(48256K)->47466K(48256K) Class: 7218K(7744K)->7218K(7744K)
[658.671s][info][gc          ] GC(992) Pause Young (Normal) (G1 Evacuation Pause) 276M->84M(332M) 2.773ms
[658.671s][info][gc,cpu      ] GC(992) User=0.02s Sys=0.01s Real=0.00s
[659.061s][info][gc,start    ] GC(993) Pause Young (Normal) (G1 Evacuation Pause)
[659.061s][info][gc,task     ] GC(993) Using 8 workers of 8 for evacuation
[659.064s][info][gc,phases   ] GC(993)   Pre Evacuate Collection Set: 0.1ms
[659.064s][info][gc,phases   ] GC(993)   Merge Heap Roots: 0.1ms
[659.064s][info][gc,phases   ] GC(993)   Evacuate Collection Set: 2.3ms
[659.064s][info][gc,phases   ] GC(993)   Post Evacuate Collection Set: 0.3ms
[659.064s][info][gc,phases   ] GC(993)   Other: 0.0ms
[659.064s][info][gc,heap     ] GC(993) Eden regions: 48->0(48)
[659.064s][info][gc,heap     ] GC(993) Survivor regions: 1->1(7)
[659.064s][info][gc,heap     ] GC(993) Old regions: 21->21
[659.064s][info][gc,heap     ] GC(993) Humongous regions: 1->1
[659.064s][info][gc,metaspace] GC(993) Metaspace: 54684K(56000K)->54684K(56000K) NonClass: 47466K(48256K)->47466K(48256K) Class: 7218K(7744K)->7218K(7744K)
[659.064s][info][gc          ] GC(993) Pause Young (Normal) (G1 Evacuation Pause) 276M->84M(332M) 2.909ms
[659.064s][info][gc,cpu      ] GC(993) User=0.01s Sys=0.00s Real=0.01s
[659.541s][info][gc,start    ] GC(994) Pause Young (Normal) (G1 Evacuation Pause)
[659.541s][info][gc,task     ] GC(994) Using 8 workers of 8 for evacuation
[659.543s][info][gc,phases   ] GC(994)   Pre Evacuate Collection Set: 0.1ms
[659.543s][info][gc,phases   ] GC(994)   Merge Heap Roots: 0.1ms
[659.543s][info][gc,phases   ] GC(994)   Evacuate Collection Set: 2.1ms
[659.543s][info][gc,phases   ] GC(994)   Post Evacuate Collection Set: 0.3ms
[659.543s][info][gc,phases   ] GC(994)   Other: 0.0ms
[659.543s][info][gc,heap     ] GC(994) Eden regions: 48->0(48)
[659.543s][info][gc,heap     ] GC(994) Survivor regions: 1->1(7)
[659.543s][info][gc,heap     ] GC(994) Old regions: 21->21
[659.543s][info][gc,heap     ] GC(994) Humongous regions: 1->1
[659.543s][info][gc,metaspace] GC(994) Metaspace: 54684K(56000K)->54684K(56000K) NonClass: 47466K(48256K)->47466K(48256K) Class: 7218K(7744K)->7218K(7744K)
[659.543s][info][gc          ] GC(994) Pause Young (Normal) (G1 Evacuation Pause) 276M->84M(332M) 2.776ms
[659.543s][info][gc,cpu      ] GC(994) User=0.01s Sys=0.00s Real=0.01s
[659.945s][info][gc,start    ] GC(995) Pause Young (Normal) (G1 Evacuation Pause)
[659.945s][info][gc,task     ] GC(995) Using 8 workers of 8 for evacuation
[659.948s][info][gc,phases   ] GC(995)   Pre Evacuate Collection Set: 0.1ms
[659.948s][info][gc,phases   ] GC(995)   Merge Heap Roots: 0.1ms
[659.948s][info][gc,phases   ] GC(995)   Evacuate Collection Set: 2.1ms
[659.948s][info][gc,phases   ] GC(995)   Post Evacuate Collection Set: 0.3ms
[659.948s][info][gc,phases   ] GC(995)   Other: 0.0ms
[659.948s][info][gc,heap     ] GC(995) Eden regions: 48->0(48)
[659.948s][info][gc,heap     ] GC(995) Survivor regions: 1->1(7)
[659.948s][info][gc,heap     ] GC(995) Old regions: 21->21
[659.948s][info][gc,heap     ] GC(995) Humongous regions: 1->1
[659.948s][info][gc,metaspace] GC(995) Metaspace: 54684K(56000K)->54684K(56000K) NonClass: 47466K(48256K)->47466K(48256K) Class: 7218K(7744K)->7218K(7744K)
[659.948s][info][gc          ] GC(995) Pause Young (Normal) (G1 Evacuation Pause) 276M->84M(332M) 2.716ms
[659.948s][info][gc,cpu      ] GC(995) User=0.02s Sys=0.00s Real=0.00s
[660.345s][info][gc,start    ] GC(996) Pause Young (Normal) (G1 Evacuation Pause)
[660.345s][info][gc,task     ] GC(996) Using 8 workers of 8 for evacuation
[660.348s][info][gc,phases   ] GC(996)   Pre Evacuate Collection Set: 0.1ms
[660.348s][info][gc,phases   ] GC(996)   Merge Heap Roots: 0.1ms
[660.348s][info][gc,phases   ] GC(996)   Evacuate Collection Set: 2.0ms
[660.348s][info][gc,phases   ] GC(996)   Post Evacuate Collection Set: 0.2ms
[660.348s][info][gc,phases   ] GC(996)   Other: 0.0ms
[660.348s][info][gc,heap     ] GC(996) Eden regions: 48->0(48)
[660.348s][info][gc,heap     ] GC(996) Survivor regions: 1->1(7)
[660.348s][info][gc,heap     ] GC(996) Old regions: 21->21
[660.348s][info][gc,heap     ] GC(996) Humongous regions: 1->1
[660.348s][info][gc,metaspace] GC(996) Metaspace: 54684K(56000K)->54684K(56000K) NonClass: 47466K(48256K)->47466K(48256K) Class: 7218K(7744K)->7218K(7744K)
[660.348s][info][gc          ] GC(996) Pause Young (Normal) (G1 Evacuation Pause) 276M->84M(332M) 2.670ms
[660.348s][info][gc,cpu      ] GC(996) User=0.01s Sys=0.00s Real=0.00s
[660.706s][info][gc,start    ] GC(997) Pause Young (Normal) (G1 Evacuation Pause)
[660.706s][info][gc,task     ] GC(997) Using 8 workers of 8 for evacuation
[660.709s][info][gc,phases   ] GC(997)   Pre Evacuate Collection Set: 0.1ms
[660.709s][info][gc,phases   ] GC(997)   Merge Heap Roots: 0.1ms
[660.709s][info][gc,phases   ] GC(997)   Evacuate Collection Set: 1.9ms
[660.709s][info][gc,phases   ] GC(997)   Post Evacuate Collection Set: 0.3ms
[660.709s][info][gc,phases   ] GC(997)   Other: 0.1ms
[660.709s][info][gc,heap     ] GC(997) Eden regions: 48->0(48)
[660.709s][info][gc,heap     ] GC(997) Survivor regions: 1->1(7)
[660.709s][info][gc,heap     ] GC(997) Old regions: 21->21
[660.709s][info][gc,heap     ] GC(997) Humongous regions: 1->1
[660.709s][info][gc,metaspace] GC(997) Metaspace: 54684K(56000K)->54684K(56000K) NonClass: 47466K(48256K)->47466K(48256K) Class: 7218K(7744K)->7218K(7744K)
[660.709s][info][gc          ] GC(997) Pause Young (Normal) (G1 Evacuation Pause) 276M->84M(332M) 2.565ms
[660.709s][info][gc,cpu      ] GC(997) User=0.01s Sys=0.01s Real=0.00s
[661.122s][info][gc,start    ] GC(998) Pause Young (Normal) (G1 Evacuation Pause)
[661.122s][info][gc,task     ] GC(998) Using 8 workers of 8 for evacuation
[661.125s][info][gc,phases   ] GC(998)   Pre Evacuate Collection Set: 0.1ms
[661.125s][info][gc,phases   ] GC(998)   Merge Heap Roots: 0.1ms
[661.125s][info][gc,phases   ] GC(998)   Evacuate Collection Set: 2.1ms
[661.125s][info][gc,phases   ] GC(998)   Post Evacuate Collection Set: 0.3ms
[661.125s][info][gc,phases   ] GC(998)   Other: 0.0ms
[661.125s][info][gc,heap     ] GC(998) Eden regions: 48->0(48)
[661.125s][info][gc,heap     ] GC(998) Survivor regions: 1->1(7)
[661.125s][info][gc,heap     ] GC(998) Old regions: 21->21
[661.125s][info][gc,heap     ] GC(998) Humongous regions: 1->1
[661.125s][info][gc,metaspace] GC(998) Metaspace: 54684K(56000K)->54684K(56000K) NonClass: 47466K(48256K)->47466K(48256K) Class: 7218K(7744K)->7218K(7744K)
[661.125s][info][gc          ] GC(998) Pause Young (Normal) (G1 Evacuation Pause) 276M->85M(332M) 2.787ms
[661.125s][info][gc,cpu      ] GC(998) User=0.01s Sys=0.00s Real=0.01s
[661.460s][info][gc,start    ] GC(999) Pause Young (Normal) (G1 Evacuation Pause)
[661.460s][info][gc,task     ] GC(999) Using 8 workers of 8 for evacuation
[661.462s][info][gc,phases   ] GC(999)   Pre Evacuate Collection Set: 0.1ms
[661.462s][info][gc,phases   ] GC(999)   Merge Heap Roots: 0.1ms
[661.462s][info][gc,phases   ] GC(999)   Evacuate Collection Set: 1.7ms
[661.462s][info][gc,phases   ] GC(999)   Post Evacuate Collection Set: 0.3ms
[661.462s][info][gc,phases   ] GC(999)   Other: 0.0ms
[661.462s][info][gc,heap     ] GC(999) Eden regions: 48->0(48)
[661.462s][info][gc,heap     ] GC(999) Survivor regions: 1->1(7)
[661.462s][info][gc,heap     ] GC(999) Old regions: 21->21
[661.462s][info][gc,heap     ] GC(999) Humongous regions: 1->1
[661.462s][info][gc,metaspace] GC(999) Metaspace: 54684K(56000K)->54684K(56000K) NonClass: 47466K(48256K)->47466K(48256K) Class: 7218K(7744K)->7218K(7744K)
[661.462s][info][gc          ] GC(999) Pause Young (Normal) (G1 Evacuation Pause) 277M->85M(332M) 2.321ms
[661.462s][info][gc,cpu      ] GC(999) User=0.01s Sys=0.00s Real=0.00s
[661.878s][info][gc,start    ] GC(1000) Pause Young (Normal) (G1 Evacuation Pause)
[661.878s][info][gc,task     ] GC(1000) Using 8 workers of 8 for evacuation
[661.880s][info][gc,phases   ] GC(1000)   Pre Evacuate Collection Set: 0.1ms
[661.880s][info][gc,phases   ] GC(1000)   Merge Heap Roots: 0.1ms
[661.880s][info][gc,phases   ] GC(1000)   Evacuate Collection Set: 2.1ms
[661.880s][info][gc,phases   ] GC(1000)   Post Evacuate Collection Set: 0.2ms
[661.880s][info][gc,phases   ] GC(1000)   Other: 0.0ms
[661.880s][info][gc,heap     ] GC(1000) Eden regions: 48->0(48)
[661.880s][info][gc,heap     ] GC(1000) Survivor regions: 1->1(7)
[661.880s][info][gc,heap     ] GC(1000) Old regions: 21->21
[661.880s][info][gc,heap     ] GC(1000) Humongous regions: 1->1
[661.880s][info][gc,metaspace] GC(1000) Metaspace: 54684K(56000K)->54684K(56000K) NonClass: 47466K(48256K)->47466K(48256K) Class: 7218K(7744K)->7218K(7744K)
[661.880s][info][gc          ] GC(1000) Pause Young (Normal) (G1 Evacuation Pause) 277M->85M(332M) 2.668ms
[661.880s][info][gc,cpu      ] GC(1000) User=0.01s Sys=0.00s Real=0.00s
[662.292s][info][gc,start    ] GC(1001) Pause Young (Normal) (G1 Evacuation Pause)
[662.292s][info][gc,task     ] GC(1001) Using 8 workers of 8 for evacuation
[662.294s][info][gc,phases   ] GC(1001)   Pre Evacuate Collection Set: 0.1ms
[662.294s][info][gc,phases   ] GC(1001)   Merge Heap Roots: 0.2ms
[662.294s][info][gc,phases   ] GC(1001)   Evacuate Collection Set: 1.7ms
[662.294s][info][gc,phases   ] GC(1001)   Post Evacuate Collection Set: 0.3ms
[662.294s][info][gc,phases   ] GC(1001)   Other: 0.0ms
[662.294s][info][gc,heap     ] GC(1001) Eden regions: 48->0(48)
[662.294s][info][gc,heap     ] GC(1001) Survivor regions: 1->1(7)
[662.294s][info][gc,heap     ] GC(1001) Old regions: 21->21
[662.294s][info][gc,heap     ] GC(1001) Humongous regions: 1->1
[662.294s][info][gc,metaspace] GC(1001) Metaspace: 54684K(56000K)->54684K(56000K) NonClass: 47466K(48256K)->47466K(48256K) Class: 7218K(7744K)->7218K(7744K)
[662.294s][info][gc          ] GC(1001) Pause Young (Normal) (G1 Evacuation Pause) 277M->85M(332M) 2.481ms
[662.294s][info][gc,cpu      ] GC(1001) User=0.02s Sys=0.00s Real=0.01s
[662.726s][info][gc,start    ] GC(1002) Pause Young (Normal) (G1 Evacuation Pause)
[662.726s][info][gc,task     ] GC(1002) Using 8 workers of 8 for evacuation
[662.729s][info][gc,phases   ] GC(1002)   Pre Evacuate Collection Set: 0.1ms
[662.729s][info][gc,phases   ] GC(1002)   Merge Heap Roots: 0.1ms
[662.729s][info][gc,phases   ] GC(1002)   Evacuate Collection Set: 2.3ms
[662.729s][info][gc,phases   ] GC(1002)   Post Evacuate Collection Set: 0.2ms
[662.729s][info][gc,phases   ] GC(1002)   Other: 0.0ms
[662.729s][info][gc,heap     ] GC(1002) Eden regions: 48->0(48)
[662.729s][info][gc,heap     ] GC(1002) Survivor regions: 1->1(7)
[662.729s][info][gc,heap     ] GC(1002) Old regions: 21->21
[662.729s][info][gc,heap     ] GC(1002) Humongous regions: 1->1
[662.729s][info][gc,metaspace] GC(1002) Metaspace: 54684K(56000K)->54684K(56000K) NonClass: 47466K(48256K)->47466K(48256K) Class: 7218K(7744K)->7218K(7744K)
[662.729s][info][gc          ] GC(1002) Pause Young (Normal) (G1 Evacuation Pause) 277M->85M(332M) 2.883ms
[662.729s][info][gc,cpu      ] GC(1002) User=0.01s Sys=0.01s Real=0.00s
[663.111s][info][gc,start    ] GC(1003) Pause Young (Normal) (G1 Evacuation Pause)
[663.111s][info][gc,task     ] GC(1003) Using 8 workers of 8 for evacuation
[663.114s][info][gc,phases   ] GC(1003)   Pre Evacuate Collection Set: 0.1ms
[663.114s][info][gc,phases   ] GC(1003)   Merge Heap Roots: 0.1ms
[663.114s][info][gc,phases   ] GC(1003)   Evacuate Collection Set: 2.1ms
[663.114s][info][gc,phases   ] GC(1003)   Post Evacuate Collection Set: 0.3ms
[663.114s][info][gc,phases   ] GC(1003)   Other: 0.0ms
[663.114s][info][gc,heap     ] GC(1003) Eden regions: 48->0(48)
[663.114s][info][gc,heap     ] GC(1003) Survivor regions: 1->1(7)
[663.114s][info][gc,heap     ] GC(1003) Old regions: 21->21
[663.114s][info][gc,heap     ] GC(1003) Humongous regions: 1->1
[663.114s][info][gc,metaspace] GC(1003) Metaspace: 54684K(56000K)->54684K(56000K) NonClass: 47466K(48256K)->47466K(48256K) Class: 7218K(7744K)->7218K(7744K)
[663.114s][info][gc          ] GC(1003) Pause Young (Normal) (G1 Evacuation Pause) 277M->85M(332M) 2.777ms
[663.114s][info][gc,cpu      ] GC(1003) User=0.01s Sys=0.01s Real=0.01s
[663.491s][info][gc,start    ] GC(1004) Pause Young (Normal) (G1 Evacuation Pause)
[663.491s][info][gc,task     ] GC(1004) Using 8 workers of 8 for evacuation
[663.493s][info][gc,phases   ] GC(1004)   Pre Evacuate Collection Set: 0.1ms
[663.493s][info][gc,phases   ] GC(1004)   Merge Heap Roots: 0.1ms
[663.493s][info][gc,phases   ] GC(1004)   Evacuate Collection Set: 1.8ms
[663.493s][info][gc,phases   ] GC(1004)   Post Evacuate Collection Set: 0.3ms
[663.493s][info][gc,phases   ] GC(1004)   Other: 0.0ms
[663.493s][info][gc,heap     ] GC(1004) Eden regions: 48->0(48)
[663.493s][info][gc,heap     ] GC(1004) Survivor regions: 1->1(7)
[663.493s][info][gc,heap     ] GC(1004) Old regions: 21->21
[663.493s][info][gc,heap     ] GC(1004) Humongous regions: 1->1
[663.493s][info][gc,metaspace] GC(1004) Metaspace: 54684K(56000K)->54684K(56000K) NonClass: 47466K(48256K)->47466K(48256K) Class: 7218K(7744K)->7218K(7744K)
[663.493s][info][gc          ] GC(1004) Pause Young (Normal) (G1 Evacuation Pause) 277M->85M(332M) 2.462ms
[663.493s][info][gc,cpu      ] GC(1004) User=0.01s Sys=0.01s Real=0.01s
[663.829s][info][gc,start    ] GC(1005) Pause Young (Normal) (G1 Evacuation Pause)
[663.829s][info][gc,task     ] GC(1005) Using 8 workers of 8 for evacuation
[663.831s][info][gc,phases   ] GC(1005)   Pre Evacuate Collection Set: 0.1ms
[663.831s][info][gc,phases   ] GC(1005)   Merge Heap Roots: 0.1ms
[663.831s][info][gc,phases   ] GC(1005)   Evacuate Collection Set: 2.0ms
[663.831s][info][gc,phases   ] GC(1005)   Post Evacuate Collection Set: 0.3ms
[663.831s][info][gc,phases   ] GC(1005)   Other: 0.1ms
[663.831s][info][gc,heap     ] GC(1005) Eden regions: 48->0(48)
[663.831s][info][gc,heap     ] GC(1005) Survivor regions: 1->1(7)
[663.831s][info][gc,heap     ] GC(1005) Old regions: 21->21
[663.831s][info][gc,heap     ] GC(1005) Humongous regions: 1->1
[663.831s][info][gc,metaspace] GC(1005) Metaspace: 54684K(56000K)->54684K(56000K) NonClass: 47466K(48256K)->47466K(48256K) Class: 7218K(7744K)->7218K(7744K)
[663.831s][info][gc          ] GC(1005) Pause Young (Normal) (G1 Evacuation Pause) 277M->85M(332M) 2.752ms
[663.831s][info][gc,cpu      ] GC(1005) User=0.01s Sys=0.00s Real=0.00s
[664.222s][info][gc,start    ] GC(1006) Pause Young (Normal) (G1 Evacuation Pause)
[664.222s][info][gc,task     ] GC(1006) Using 8 workers of 8 for evacuation
[664.225s][info][gc,phases   ] GC(1006)   Pre Evacuate Collection Set: 0.1ms
[664.225s][info][gc,phases   ] GC(1006)   Merge Heap Roots: 0.1ms
[664.225s][info][gc,phases   ] GC(1006)   Evacuate Collection Set: 1.9ms
[664.225s][info][gc,phases   ] GC(1006)   Post Evacuate Collection Set: 0.2ms
[664.225s][info][gc,phases   ] GC(1006)   Other: 0.0ms
[664.225s][info][gc,heap     ] GC(1006) Eden regions: 48->0(48)
[664.225s][info][gc,heap     ] GC(1006) Survivor regions: 1->1(7)
[664.225s][info][gc,heap     ] GC(1006) Old regions: 21->21
[664.225s][info][gc,heap     ] GC(1006) Humongous regions: 1->1
[664.225s][info][gc,metaspace] GC(1006) Metaspace: 54684K(56000K)->54684K(56000K) NonClass: 47466K(48256K)->47466K(48256K) Class: 7218K(7744K)->7218K(7744K)
[664.225s][info][gc          ] GC(1006) Pause Young (Normal) (G1 Evacuation Pause) 277M->85M(332M) 2.477ms
[664.225s][info][gc,cpu      ] GC(1006) User=0.01s Sys=0.00s Real=0.01s
[664.680s][info][gc,start    ] GC(1007) Pause Young (Normal) (G1 Evacuation Pause)
[664.680s][info][gc,task     ] GC(1007) Using 8 workers of 8 for evacuation
[664.683s][info][gc,phases   ] GC(1007)   Pre Evacuate Collection Set: 0.1ms
[664.683s][info][gc,phases   ] GC(1007)   Merge Heap Roots: 0.1ms
[664.683s][info][gc,phases   ] GC(1007)   Evacuate Collection Set: 2.4ms
[664.683s][info][gc,phases   ] GC(1007)   Post Evacuate Collection Set: 0.3ms
[664.683s][info][gc,phases   ] GC(1007)   Other: 0.0ms
[664.683s][info][gc,heap     ] GC(1007) Eden regions: 48->0(48)
[664.683s][info][gc,heap     ] GC(1007) Survivor regions: 1->1(7)
[664.683s][info][gc,heap     ] GC(1007) Old regions: 21->21
[664.683s][info][gc,heap     ] GC(1007) Humongous regions: 1->1
[664.683s][info][gc,metaspace] GC(1007) Metaspace: 54684K(56000K)->54684K(56000K) NonClass: 47466K(48256K)->47466K(48256K) Class: 7218K(7744K)->7218K(7744K)
[664.683s][info][gc          ] GC(1007) Pause Young (Normal) (G1 Evacuation Pause) 277M->85M(332M) 3.069ms
[664.683s][info][gc,cpu      ] GC(1007) User=0.01s Sys=0.00s Real=0.01s
[665.138s][info][gc,start    ] GC(1008) Pause Young (Normal) (G1 Evacuation Pause)
[665.138s][info][gc,task     ] GC(1008) Using 8 workers of 8 for evacuation
[665.141s][info][gc,phases   ] GC(1008)   Pre Evacuate Collection Set: 0.1ms
[665.141s][info][gc,phases   ] GC(1008)   Merge Heap Roots: 0.1ms
[665.141s][info][gc,phases   ] GC(1008)   Evacuate Collection Set: 2.1ms
[665.141s][info][gc,phases   ] GC(1008)   Post Evacuate Collection Set: 0.3ms
[665.141s][info][gc,phases   ] GC(1008)   Other: 0.1ms
[665.141s][info][gc,heap     ] GC(1008) Eden regions: 48->0(48)
[665.141s][info][gc,heap     ] GC(1008) Survivor regions: 1->1(7)
[665.141s][info][gc,heap     ] GC(1008) Old regions: 21->21
[665.141s][info][gc,heap     ] GC(1008) Humongous regions: 1->1
[665.141s][info][gc,metaspace] GC(1008) Metaspace: 54684K(56000K)->54684K(56000K) NonClass: 47466K(48256K)->47466K(48256K) Class: 7218K(7744K)->7218K(7744K)
[665.141s][info][gc          ] GC(1008) Pause Young (Normal) (G1 Evacuation Pause) 277M->85M(332M) 2.877ms
[665.141s][info][gc,cpu      ] GC(1008) User=0.01s Sys=0.00s Real=0.00s
[665.691s][info][gc,start    ] GC(1009) Pause Young (Normal) (G1 Evacuation Pause)
[665.691s][info][gc,task     ] GC(1009) Using 8 workers of 8 for evacuation
[665.693s][info][gc,phases   ] GC(1009)   Pre Evacuate Collection Set: 0.1ms
[665.693s][info][gc,phases   ] GC(1009)   Merge Heap Roots: 0.1ms
[665.694s][info][gc,phases   ] GC(1009)   Evacuate Collection Set: 1.8ms
[665.694s][info][gc,phases   ] GC(1009)   Post Evacuate Collection Set: 0.3ms
[665.694s][info][gc,phases   ] GC(1009)   Other: 0.0ms
[665.694s][info][gc,heap     ] GC(1009) Eden regions: 48->0(48)
[665.694s][info][gc,heap     ] GC(1009) Survivor regions: 1->1(7)
[665.694s][info][gc,heap     ] GC(1009) Old regions: 21->21
[665.694s][info][gc,heap     ] GC(1009) Humongous regions: 1->1
[665.694s][info][gc,metaspace] GC(1009) Metaspace: 54684K(56000K)->54684K(56000K) NonClass: 47466K(48256K)->47466K(48256K) Class: 7218K(7744K)->7218K(7744K)
[665.694s][info][gc          ] GC(1009) Pause Young (Normal) (G1 Evacuation Pause) 277M->85M(332M) 2.468ms
[665.694s][info][gc,cpu      ] GC(1009) User=0.01s Sys=0.00s Real=0.01s
[666.075s][info][gc,start    ] GC(1010) Pause Young (Normal) (G1 Evacuation Pause)
[666.075s][info][gc,task     ] GC(1010) Using 8 workers of 8 for evacuation
[666.078s][info][gc,phases   ] GC(1010)   Pre Evacuate Collection Set: 0.1ms
[666.078s][info][gc,phases   ] GC(1010)   Merge Heap Roots: 0.1ms
[666.078s][info][gc,phases   ] GC(1010)   Evacuate Collection Set: 2.1ms
[666.078s][info][gc,phases   ] GC(1010)   Post Evacuate Collection Set: 0.3ms
[666.078s][info][gc,phases   ] GC(1010)   Other: 0.0ms
[666.078s][info][gc,heap     ] GC(1010) Eden regions: 48->0(48)
[666.078s][info][gc,heap     ] GC(1010) Survivor regions: 1->1(7)
[666.078s][info][gc,heap     ] GC(1010) Old regions: 21->21
[666.078s][info][gc,heap     ] GC(1010) Humongous regions: 1->1
[666.078s][info][gc,metaspace] GC(1010) Metaspace: 54684K(56000K)->54684K(56000K) NonClass: 47466K(48256K)->47466K(48256K) Class: 7218K(7744K)->7218K(7744K)
[666.078s][info][gc          ] GC(1010) Pause Young (Normal) (G1 Evacuation Pause) 277M->85M(332M) 2.722ms
[666.078s][info][gc,cpu      ] GC(1010) User=0.02s Sys=0.00s Real=0.00s
[666.747s][info][gc,start    ] GC(1011) Pause Young (Normal) (G1 Evacuation Pause)
[666.747s][info][gc,task     ] GC(1011) Using 8 workers of 8 for evacuation
[666.750s][info][gc,phases   ] GC(1011)   Pre Evacuate Collection Set: 0.2ms
[666.750s][info][gc,phases   ] GC(1011)   Merge Heap Roots: 0.1ms
[666.750s][info][gc,phases   ] GC(1011)   Evacuate Collection Set: 1.9ms
[666.750s][info][gc,phases   ] GC(1011)   Post Evacuate Collection Set: 0.3ms
[666.750s][info][gc,phases   ] GC(1011)   Other: 0.1ms
[666.750s][info][gc,heap     ] GC(1011) Eden regions: 48->0(48)
[666.750s][info][gc,heap     ] GC(1011) Survivor regions: 1->1(7)
[666.750s][info][gc,heap     ] GC(1011) Old regions: 21->22
[666.750s][info][gc,heap     ] GC(1011) Humongous regions: 1->1
[666.750s][info][gc,metaspace] GC(1011) Metaspace: 54684K(56000K)->54684K(56000K) NonClass: 47466K(48256K)->47466K(48256K) Class: 7218K(7744K)->7218K(7744K)
[666.750s][info][gc          ] GC(1011) Pause Young (Normal) (G1 Evacuation Pause) 277M->85M(332M) 2.635ms
[666.750s][info][gc,cpu      ] GC(1011) User=0.01s Sys=0.01s Real=0.00s
[667.136s][info][gc,start    ] GC(1012) Pause Young (Normal) (G1 Evacuation Pause)
[667.136s][info][gc,task     ] GC(1012) Using 8 workers of 8 for evacuation
[667.138s][info][gc,phases   ] GC(1012)   Pre Evacuate Collection Set: 0.1ms
[667.138s][info][gc,phases   ] GC(1012)   Merge Heap Roots: 0.1ms
[667.138s][info][gc,phases   ] GC(1012)   Evacuate Collection Set: 1.8ms
[667.139s][info][gc,phases   ] GC(1012)   Post Evacuate Collection Set: 0.3ms
[667.139s][info][gc,phases   ] GC(1012)   Other: 0.1ms
[667.139s][info][gc,heap     ] GC(1012) Eden regions: 48->0(48)
[667.139s][info][gc,heap     ] GC(1012) Survivor regions: 1->1(7)
[667.139s][info][gc,heap     ] GC(1012) Old regions: 22->22
[667.139s][info][gc,heap     ] GC(1012) Humongous regions: 1->1
[667.139s][info][gc,metaspace] GC(1012) Metaspace: 54684K(56000K)->54684K(56000K) NonClass: 47466K(48256K)->47466K(48256K) Class: 7218K(7744K)->7218K(7744K)
[667.139s][info][gc          ] GC(1012) Pause Young (Normal) (G1 Evacuation Pause) 277M->85M(332M) 2.496ms
[667.139s][info][gc,cpu      ] GC(1012) User=0.01s Sys=0.00s Real=0.00s
[667.799s][info][gc,start    ] GC(1013) Pause Young (Normal) (G1 Evacuation Pause)
[667.799s][info][gc,task     ] GC(1013) Using 8 workers of 8 for evacuation
[667.804s][info][gc,phases   ] GC(1013)   Pre Evacuate Collection Set: 0.1ms
[667.804s][info][gc,phases   ] GC(1013)   Merge Heap Roots: 0.1ms
[667.804s][info][gc,phases   ] GC(1013)   Evacuate Collection Set: 3.2ms
[667.804s][info][gc,phases   ] GC(1013)   Post Evacuate Collection Set: 0.6ms
[667.804s][info][gc,phases   ] GC(1013)   Other: 0.1ms
[667.804s][info][gc,heap     ] GC(1013) Eden regions: 48->0(48)
[667.804s][info][gc,heap     ] GC(1013) Survivor regions: 1->1(7)
[667.804s][info][gc,heap     ] GC(1013) Old regions: 22->22
[667.804s][info][gc,heap     ] GC(1013) Humongous regions: 1->1
[667.804s][info][gc,metaspace] GC(1013) Metaspace: 54684K(56000K)->54684K(56000K) NonClass: 47466K(48256K)->47466K(48256K) Class: 7218K(7744K)->7218K(7744K)
[667.804s][info][gc          ] GC(1013) Pause Young (Normal) (G1 Evacuation Pause) 277M->86M(332M) 4.367ms
[667.804s][info][gc,cpu      ] GC(1013) User=0.02s Sys=0.00s Real=0.01s
[668.515s][info][gc,start    ] GC(1014) Pause Young (Normal) (G1 Evacuation Pause)
[668.515s][info][gc,task     ] GC(1014) Using 8 workers of 8 for evacuation
[668.517s][info][gc,phases   ] GC(1014)   Pre Evacuate Collection Set: 0.1ms
[668.517s][info][gc,phases   ] GC(1014)   Merge Heap Roots: 0.1ms
[668.517s][info][gc,phases   ] GC(1014)   Evacuate Collection Set: 2.0ms
[668.517s][info][gc,phases   ] GC(1014)   Post Evacuate Collection Set: 0.3ms
[668.517s][info][gc,phases   ] GC(1014)   Other: 0.0ms
[668.517s][info][gc,heap     ] GC(1014) Eden regions: 48->0(48)
[668.517s][info][gc,heap     ] GC(1014) Survivor regions: 1->1(7)
[668.517s][info][gc,heap     ] GC(1014) Old regions: 22->22
[668.517s][info][gc,heap     ] GC(1014) Humongous regions: 1->1
[668.517s][info][gc,metaspace] GC(1014) Metaspace: 54684K(56000K)->54684K(56000K) NonClass: 47466K(48256K)->47466K(48256K) Class: 7218K(7744K)->7218K(7744K)
[668.518s][info][gc          ] GC(1014) Pause Young (Normal) (G1 Evacuation Pause) 278M->86M(332M) 2.754ms
[668.518s][info][gc,cpu      ] GC(1014) User=0.01s Sys=0.00s Real=0.00s
[669.136s][info][gc,start    ] GC(1015) Pause Young (Normal) (G1 Evacuation Pause)
[669.136s][info][gc,task     ] GC(1015) Using 8 workers of 8 for evacuation
[669.140s][info][gc,phases   ] GC(1015)   Pre Evacuate Collection Set: 0.1ms
[669.140s][info][gc,phases   ] GC(1015)   Merge Heap Roots: 0.1ms
[669.140s][info][gc,phases   ] GC(1015)   Evacuate Collection Set: 2.7ms
[669.140s][info][gc,phases   ] GC(1015)   Post Evacuate Collection Set: 0.4ms
[669.140s][info][gc,phases   ] GC(1015)   Other: 0.1ms
[669.140s][info][gc,heap     ] GC(1015) Eden regions: 48->0(48)
[669.140s][info][gc,heap     ] GC(1015) Survivor regions: 1->1(7)
[669.140s][info][gc,heap     ] GC(1015) Old regions: 22->22
[669.140s][info][gc,heap     ] GC(1015) Humongous regions: 1->1
[669.140s][info][gc,metaspace] GC(1015) Metaspace: 54684K(56000K)->54684K(56000K) NonClass: 47466K(48256K)->47466K(48256K) Class: 7218K(7744K)->7218K(7744K)
[669.140s][info][gc          ] GC(1015) Pause Young (Normal) (G1 Evacuation Pause) 278M->86M(332M) 3.620ms
[669.140s][info][gc,cpu      ] GC(1015) User=0.01s Sys=0.01s Real=0.00s
[669.837s][info][gc,start    ] GC(1016) Pause Young (Normal) (G1 Evacuation Pause)
[669.837s][info][gc,task     ] GC(1016) Using 8 workers of 8 for evacuation
[669.841s][info][gc,phases   ] GC(1016)   Pre Evacuate Collection Set: 0.2ms
[669.841s][info][gc,phases   ] GC(1016)   Merge Heap Roots: 0.1ms
[669.841s][info][gc,phases   ] GC(1016)   Evacuate Collection Set: 2.5ms
[669.841s][info][gc,phases   ] GC(1016)   Post Evacuate Collection Set: 0.3ms
[669.841s][info][gc,phases   ] GC(1016)   Other: 0.0ms
[669.841s][info][gc,heap     ] GC(1016) Eden regions: 48->0(48)
[669.841s][info][gc,heap     ] GC(1016) Survivor regions: 1->1(7)
[669.841s][info][gc,heap     ] GC(1016) Old regions: 22->22
[669.841s][info][gc,heap     ] GC(1016) Humongous regions: 1->1
[669.841s][info][gc,metaspace] GC(1016) Metaspace: 54684K(56000K)->54684K(56000K) NonClass: 47466K(48256K)->47466K(48256K) Class: 7218K(7744K)->7218K(7744K)
[669.841s][info][gc          ] GC(1016) Pause Young (Normal) (G1 Evacuation Pause) 278M->86M(332M) 3.234ms
[669.841s][info][gc,cpu      ] GC(1016) User=0.01s Sys=0.00s Real=0.00s
[670.318s][info][gc,start    ] GC(1017) Pause Young (Normal) (G1 Evacuation Pause)
[670.318s][info][gc,task     ] GC(1017) Using 8 workers of 8 for evacuation
[670.321s][info][gc,phases   ] GC(1017)   Pre Evacuate Collection Set: 0.1ms
[670.321s][info][gc,phases   ] GC(1017)   Merge Heap Roots: 0.1ms
[670.321s][info][gc,phases   ] GC(1017)   Evacuate Collection Set: 2.2ms
[670.321s][info][gc,phases   ] GC(1017)   Post Evacuate Collection Set: 0.3ms
[670.321s][info][gc,phases   ] GC(1017)   Other: 0.0ms
[670.321s][info][gc,heap     ] GC(1017) Eden regions: 48->0(48)
[670.321s][info][gc,heap     ] GC(1017) Survivor regions: 1->1(7)
[670.321s][info][gc,heap     ] GC(1017) Old regions: 22->22
[670.321s][info][gc,heap     ] GC(1017) Humongous regions: 1->1
[670.321s][info][gc,metaspace] GC(1017) Metaspace: 54684K(56000K)->54684K(56000K) NonClass: 47466K(48256K)->47466K(48256K) Class: 7218K(7744K)->7218K(7744K)
[670.321s][info][gc          ] GC(1017) Pause Young (Normal) (G1 Evacuation Pause) 278M->86M(332M) 2.868ms
[670.321s][info][gc,cpu      ] GC(1017) User=0.01s Sys=0.00s Real=0.00s
[670.933s][info][gc,start    ] GC(1018) Pause Young (Normal) (G1 Evacuation Pause)
[670.933s][info][gc,task     ] GC(1018) Using 8 workers of 8 for evacuation
[670.936s][info][gc,phases   ] GC(1018)   Pre Evacuate Collection Set: 0.1ms
[670.936s][info][gc,phases   ] GC(1018)   Merge Heap Roots: 0.1ms
[670.936s][info][gc,phases   ] GC(1018)   Evacuate Collection Set: 2.3ms
[670.936s][info][gc,phases   ] GC(1018)   Post Evacuate Collection Set: 0.3ms
[670.936s][info][gc,phases   ] GC(1018)   Other: 0.1ms
[670.936s][info][gc,heap     ] GC(1018) Eden regions: 48->0(48)
[670.936s][info][gc,heap     ] GC(1018) Survivor regions: 1->1(7)
[670.936s][info][gc,heap     ] GC(1018) Old regions: 22->22
[670.936s][info][gc,heap     ] GC(1018) Humongous regions: 1->1
[670.936s][info][gc,metaspace] GC(1018) Metaspace: 54684K(56000K)->54684K(56000K) NonClass: 47466K(48256K)->47466K(48256K) Class: 7218K(7744K)->7218K(7744K)
[670.936s][info][gc          ] GC(1018) Pause Young (Normal) (G1 Evacuation Pause) 278M->86M(332M) 3.008ms
[670.936s][info][gc,cpu      ] GC(1018) User=0.01s Sys=0.00s Real=0.00s
[671.427s][info][gc,start    ] GC(1019) Pause Young (Normal) (G1 Evacuation Pause)
[671.427s][info][gc,task     ] GC(1019) Using 8 workers of 8 for evacuation
[671.430s][info][gc,phases   ] GC(1019)   Pre Evacuate Collection Set: 0.1ms
[671.430s][info][gc,phases   ] GC(1019)   Merge Heap Roots: 0.1ms
[671.430s][info][gc,phases   ] GC(1019)   Evacuate Collection Set: 2.5ms
[671.430s][info][gc,phases   ] GC(1019)   Post Evacuate Collection Set: 0.3ms
[671.430s][info][gc,phases   ] GC(1019)   Other: 0.0ms
[671.430s][info][gc,heap     ] GC(1019) Eden regions: 48->0(48)
[671.430s][info][gc,heap     ] GC(1019) Survivor regions: 1->1(7)
[671.430s][info][gc,heap     ] GC(1019) Old regions: 22->22
[671.430s][info][gc,heap     ] GC(1019) Humongous regions: 1->1
[671.430s][info][gc,metaspace] GC(1019) Metaspace: 54684K(56000K)->54684K(56000K) NonClass: 47466K(48256K)->47466K(48256K) Class: 7218K(7744K)->7218K(7744K)
[671.430s][info][gc          ] GC(1019) Pause Young (Normal) (G1 Evacuation Pause) 278M->86M(332M) 3.166ms
[671.430s][info][gc,cpu      ] GC(1019) User=0.01s Sys=0.00s Real=0.00s
[671.806s][info][gc,start    ] GC(1020) Pause Young (Normal) (G1 Evacuation Pause)
[671.806s][info][gc,task     ] GC(1020) Using 8 workers of 8 for evacuation
[671.809s][info][gc,phases   ] GC(1020)   Pre Evacuate Collection Set: 0.1ms
[671.809s][info][gc,phases   ] GC(1020)   Merge Heap Roots: 0.1ms
[671.809s][info][gc,phases   ] GC(1020)   Evacuate Collection Set: 1.9ms
[671.809s][info][gc,phases   ] GC(1020)   Post Evacuate Collection Set: 0.4ms
[671.809s][info][gc,phases   ] GC(1020)   Other: 0.1ms
[671.809s][info][gc,heap     ] GC(1020) Eden regions: 48->0(48)
[671.809s][info][gc,heap     ] GC(1020) Survivor regions: 1->1(7)
[671.809s][info][gc,heap     ] GC(1020) Old regions: 22->22
[671.809s][info][gc,heap     ] GC(1020) Humongous regions: 1->1
[671.809s][info][gc,metaspace] GC(1020) Metaspace: 54684K(56000K)->54684K(56000K) NonClass: 47466K(48256K)->47466K(48256K) Class: 7218K(7744K)->7218K(7744K)
[671.809s][info][gc          ] GC(1020) Pause Young (Normal) (G1 Evacuation Pause) 278M->86M(332M) 2.677ms
[671.809s][info][gc,cpu      ] GC(1020) User=0.01s Sys=0.00s Real=0.00s
[678.487s][info][gc,start    ] GC(1021) Pause Young (Normal) (G1 Evacuation Pause)
[678.487s][info][gc,task     ] GC(1021) Using 8 workers of 8 for evacuation
[678.489s][info][gc,phases   ] GC(1021)   Pre Evacuate Collection Set: 0.1ms
[678.489s][info][gc,phases   ] GC(1021)   Merge Heap Roots: 0.1ms
[678.489s][info][gc,phases   ] GC(1021)   Evacuate Collection Set: 1.8ms
[678.489s][info][gc,phases   ] GC(1021)   Post Evacuate Collection Set: 0.3ms
[678.489s][info][gc,phases   ] GC(1021)   Other: 0.0ms
[678.489s][info][gc,heap     ] GC(1021) Eden regions: 48->0(48)
[678.489s][info][gc,heap     ] GC(1021) Survivor regions: 1->1(7)
[678.489s][info][gc,heap     ] GC(1021) Old regions: 22->22
[678.489s][info][gc,heap     ] GC(1021) Humongous regions: 1->1
[678.489s][info][gc,metaspace] GC(1021) Metaspace: 54684K(56000K)->54684K(56000K) NonClass: 47466K(48256K)->47466K(48256K) Class: 7218K(7744K)->7218K(7744K)
[678.490s][info][gc          ] GC(1021) Pause Young (Normal) (G1 Evacuation Pause) 278M->86M(332M) 2.670ms
[678.490s][info][gc,cpu      ] GC(1021) User=0.01s Sys=0.00s Real=0.00s
[678.901s][info][gc,start    ] GC(1022) Pause Young (Normal) (G1 Evacuation Pause)
[678.902s][info][gc,task     ] GC(1022) Using 8 workers of 8 for evacuation
[678.904s][info][gc,phases   ] GC(1022)   Pre Evacuate Collection Set: 0.1ms
[678.904s][info][gc,phases   ] GC(1022)   Merge Heap Roots: 0.1ms
[678.904s][info][gc,phases   ] GC(1022)   Evacuate Collection Set: 2.0ms
[678.904s][info][gc,phases   ] GC(1022)   Post Evacuate Collection Set: 0.3ms
[678.904s][info][gc,phases   ] GC(1022)   Other: 0.0ms
[678.904s][info][gc,heap     ] GC(1022) Eden regions: 48->0(48)
[678.904s][info][gc,heap     ] GC(1022) Survivor regions: 1->1(7)
[678.904s][info][gc,heap     ] GC(1022) Old regions: 22->22
[678.904s][info][gc,heap     ] GC(1022) Humongous regions: 1->1
[678.904s][info][gc,metaspace] GC(1022) Metaspace: 54684K(56000K)->54684K(56000K) NonClass: 47466K(48256K)->47466K(48256K) Class: 7218K(7744K)->7218K(7744K)
[678.904s][info][gc          ] GC(1022) Pause Young (Normal) (G1 Evacuation Pause) 278M->86M(332M) 2.595ms
[678.904s][info][gc,cpu      ] GC(1022) User=0.01s Sys=0.00s Real=0.01s
[679.301s][info][gc,start    ] GC(1023) Pause Young (Normal) (G1 Evacuation Pause)
[679.301s][info][gc,task     ] GC(1023) Using 8 workers of 8 for evacuation
[679.304s][info][gc,phases   ] GC(1023)   Pre Evacuate Collection Set: 0.1ms
[679.304s][info][gc,phases   ] GC(1023)   Merge Heap Roots: 0.1ms
[679.304s][info][gc,phases   ] GC(1023)   Evacuate Collection Set: 2.3ms
[679.304s][info][gc,phases   ] GC(1023)   Post Evacuate Collection Set: 0.2ms
[679.304s][info][gc,phases   ] GC(1023)   Other: 0.1ms
[679.304s][info][gc,heap     ] GC(1023) Eden regions: 48->0(48)
[679.304s][info][gc,heap     ] GC(1023) Survivor regions: 1->1(7)
[679.304s][info][gc,heap     ] GC(1023) Old regions: 22->22
[679.304s][info][gc,heap     ] GC(1023) Humongous regions: 1->1
[679.304s][info][gc,metaspace] GC(1023) Metaspace: 54684K(56000K)->54684K(56000K) NonClass: 47466K(48256K)->47466K(48256K) Class: 7218K(7744K)->7218K(7744K)
[679.304s][info][gc          ] GC(1023) Pause Young (Normal) (G1 Evacuation Pause) 278M->86M(332M) 2.948ms
[679.304s][info][gc,cpu      ] GC(1023) User=0.01s Sys=0.01s Real=0.01s
[679.684s][info][gc,start    ] GC(1024) Pause Young (Normal) (G1 Evacuation Pause)
[679.684s][info][gc,task     ] GC(1024) Using 8 workers of 8 for evacuation
[679.687s][info][gc,phases   ] GC(1024)   Pre Evacuate Collection Set: 0.1ms
[679.687s][info][gc,phases   ] GC(1024)   Merge Heap Roots: 0.1ms
[679.687s][info][gc,phases   ] GC(1024)   Evacuate Collection Set: 2.3ms
[679.687s][info][gc,phases   ] GC(1024)   Post Evacuate Collection Set: 0.3ms
[679.687s][info][gc,phases   ] GC(1024)   Other: 0.0ms
[679.687s][info][gc,heap     ] GC(1024) Eden regions: 48->0(48)
[679.687s][info][gc,heap     ] GC(1024) Survivor regions: 1->1(7)
[679.687s][info][gc,heap     ] GC(1024) Old regions: 22->22
[679.687s][info][gc,heap     ] GC(1024) Humongous regions: 1->1
[679.687s][info][gc,metaspace] GC(1024) Metaspace: 54684K(56000K)->54684K(56000K) NonClass: 47466K(48256K)->47466K(48256K) Class: 7218K(7744K)->7218K(7744K)
[679.687s][info][gc          ] GC(1024) Pause Young (Normal) (G1 Evacuation Pause) 278M->86M(332M) 2.936ms
[679.687s][info][gc,cpu      ] GC(1024) User=0.01s Sys=0.00s Real=0.00s
[680.435s][info][gc,start    ] GC(1025) Pause Young (Normal) (G1 Evacuation Pause)
[680.435s][info][gc,task     ] GC(1025) Using 8 workers of 8 for evacuation
[680.438s][info][gc,phases   ] GC(1025)   Pre Evacuate Collection Set: 0.1ms
[680.438s][info][gc,phases   ] GC(1025)   Merge Heap Roots: 0.1ms
[680.438s][info][gc,phases   ] GC(1025)   Evacuate Collection Set: 2.3ms
[680.438s][info][gc,phases   ] GC(1025)   Post Evacuate Collection Set: 0.3ms
[680.438s][info][gc,phases   ] GC(1025)   Other: 0.0ms
[680.438s][info][gc,heap     ] GC(1025) Eden regions: 48->0(48)
[680.438s][info][gc,heap     ] GC(1025) Survivor regions: 1->1(7)
[680.438s][info][gc,heap     ] GC(1025) Old regions: 22->22
[680.438s][info][gc,heap     ] GC(1025) Humongous regions: 1->1
[680.438s][info][gc,metaspace] GC(1025) Metaspace: 54684K(56000K)->54684K(56000K) NonClass: 47466K(48256K)->47466K(48256K) Class: 7218K(7744K)->7218K(7744K)
[680.438s][info][gc          ] GC(1025) Pause Young (Normal) (G1 Evacuation Pause) 278M->87M(332M) 2.953ms
[680.438s][info][gc,cpu      ] GC(1025) User=0.02s Sys=0.01s Real=0.00s
[681.113s][info][gc,start    ] GC(1026) Pause Young (Normal) (G1 Evacuation Pause)
[681.113s][info][gc,task     ] GC(1026) Using 8 workers of 8 for evacuation
[681.116s][info][gc,phases   ] GC(1026)   Pre Evacuate Collection Set: 0.1ms
[681.116s][info][gc,phases   ] GC(1026)   Merge Heap Roots: 0.1ms
[681.116s][info][gc,phases   ] GC(1026)   Evacuate Collection Set: 2.3ms
[681.116s][info][gc,phases   ] GC(1026)   Post Evacuate Collection Set: 0.4ms
[681.116s][info][gc,phases   ] GC(1026)   Other: 0.1ms
[681.116s][info][gc,heap     ] GC(1026) Eden regions: 48->0(48)
[681.116s][info][gc,heap     ] GC(1026) Survivor regions: 1->1(7)
[681.116s][info][gc,heap     ] GC(1026) Old regions: 22->22
[681.116s][info][gc,heap     ] GC(1026) Humongous regions: 1->1
[681.116s][info][gc,metaspace] GC(1026) Metaspace: 54684K(56000K)->54684K(56000K) NonClass: 47466K(48256K)->47466K(48256K) Class: 7218K(7744K)->7218K(7744K)
[681.116s][info][gc          ] GC(1026) Pause Young (Normal) (G1 Evacuation Pause) 279M->87M(332M) 3.073ms
[681.116s][info][gc,cpu      ] GC(1026) User=0.02s Sys=0.00s Real=0.00s
[681.663s][info][gc,start    ] GC(1027) Pause Young (Normal) (G1 Evacuation Pause)
[681.663s][info][gc,task     ] GC(1027) Using 8 workers of 8 for evacuation
[681.666s][info][gc,phases   ] GC(1027)   Pre Evacuate Collection Set: 0.1ms
[681.666s][info][gc,phases   ] GC(1027)   Merge Heap Roots: 0.1ms
[681.666s][info][gc,phases   ] GC(1027)   Evacuate Collection Set: 2.1ms
[681.666s][info][gc,phases   ] GC(1027)   Post Evacuate Collection Set: 0.3ms
[681.666s][info][gc,phases   ] GC(1027)   Other: 0.0ms
[681.666s][info][gc,heap     ] GC(1027) Eden regions: 48->0(48)
[681.666s][info][gc,heap     ] GC(1027) Survivor regions: 1->1(7)
[681.666s][info][gc,heap     ] GC(1027) Old regions: 22->22
[681.666s][info][gc,heap     ] GC(1027) Humongous regions: 1->1
[681.666s][info][gc,metaspace] GC(1027) Metaspace: 54684K(56000K)->54684K(56000K) NonClass: 47466K(48256K)->47466K(48256K) Class: 7218K(7744K)->7218K(7744K)
[681.666s][info][gc          ] GC(1027) Pause Young (Normal) (G1 Evacuation Pause) 279M->87M(332M) 2.825ms
[681.666s][info][gc,cpu      ] GC(1027) User=0.01s Sys=0.00s Real=0.00s
[682.298s][info][gc,start    ] GC(1028) Pause Young (Normal) (G1 Evacuation Pause)
[682.298s][info][gc,task     ] GC(1028) Using 8 workers of 8 for evacuation
[682.301s][info][gc,phases   ] GC(1028)   Pre Evacuate Collection Set: 0.1ms
[682.301s][info][gc,phases   ] GC(1028)   Merge Heap Roots: 0.1ms
[682.301s][info][gc,phases   ] GC(1028)   Evacuate Collection Set: 2.6ms
[682.301s][info][gc,phases   ] GC(1028)   Post Evacuate Collection Set: 0.7ms
[682.301s][info][gc,phases   ] GC(1028)   Other: 0.0ms
[682.301s][info][gc,heap     ] GC(1028) Eden regions: 48->0(48)
[682.301s][info][gc,heap     ] GC(1028) Survivor regions: 1->1(7)
[682.301s][info][gc,heap     ] GC(1028) Old regions: 22->22
[682.301s][info][gc,heap     ] GC(1028) Humongous regions: 1->1
[682.302s][info][gc,metaspace] GC(1028) Metaspace: 54684K(56000K)->54684K(56000K) NonClass: 47466K(48256K)->47466K(48256K) Class: 7218K(7744K)->7218K(7744K)
[682.302s][info][gc          ] GC(1028) Pause Young (Normal) (G1 Evacuation Pause) 279M->87M(332M) 3.669ms
[682.302s][info][gc,cpu      ] GC(1028) User=0.01s Sys=0.00s Real=0.00s
[682.799s][info][gc,start    ] GC(1029) Pause Young (Normal) (G1 Evacuation Pause)
[682.799s][info][gc,task     ] GC(1029) Using 8 workers of 8 for evacuation
[682.801s][info][gc,phases   ] GC(1029)   Pre Evacuate Collection Set: 0.1ms
[682.802s][info][gc,phases   ] GC(1029)   Merge Heap Roots: 0.1ms
[682.802s][info][gc,phases   ] GC(1029)   Evacuate Collection Set: 1.9ms
[682.802s][info][gc,phases   ] GC(1029)   Post Evacuate Collection Set: 0.2ms
[682.802s][info][gc,phases   ] GC(1029)   Other: 0.0ms
[682.802s][info][gc,heap     ] GC(1029) Eden regions: 48->0(48)
[682.802s][info][gc,heap     ] GC(1029) Survivor regions: 1->1(7)
[682.802s][info][gc,heap     ] GC(1029) Old regions: 22->22
[682.802s][info][gc,heap     ] GC(1029) Humongous regions: 1->1
[682.802s][info][gc,metaspace] GC(1029) Metaspace: 54684K(56000K)->54684K(56000K) NonClass: 47466K(48256K)->47466K(48256K) Class: 7218K(7744K)->7218K(7744K)
[682.802s][info][gc          ] GC(1029) Pause Young (Normal) (G1 Evacuation Pause) 279M->87M(332M) 2.551ms
[682.802s][info][gc,cpu      ] GC(1029) User=0.01s Sys=0.00s Real=0.00s
[683.262s][info][gc,start    ] GC(1030) Pause Young (Normal) (G1 Evacuation Pause)
[683.263s][info][gc,task     ] GC(1030) Using 8 workers of 8 for evacuation
[683.265s][info][gc,phases   ] GC(1030)   Pre Evacuate Collection Set: 0.1ms
[683.265s][info][gc,phases   ] GC(1030)   Merge Heap Roots: 0.1ms
[683.265s][info][gc,phases   ] GC(1030)   Evacuate Collection Set: 2.2ms
[683.265s][info][gc,phases   ] GC(1030)   Post Evacuate Collection Set: 0.4ms
[683.265s][info][gc,phases   ] GC(1030)   Other: 0.0ms
[683.265s][info][gc,heap     ] GC(1030) Eden regions: 48->0(48)
[683.265s][info][gc,heap     ] GC(1030) Survivor regions: 1->1(7)
[683.265s][info][gc,heap     ] GC(1030) Old regions: 22->22
[683.265s][info][gc,heap     ] GC(1030) Humongous regions: 1->1
[683.265s][info][gc,metaspace] GC(1030) Metaspace: 54684K(56000K)->54684K(56000K) NonClass: 47466K(48256K)->47466K(48256K) Class: 7218K(7744K)->7218K(7744K)
[683.265s][info][gc          ] GC(1030) Pause Young (Normal) (G1 Evacuation Pause) 279M->87M(332M) 2.924ms
[683.265s][info][gc,cpu      ] GC(1030) User=0.01s Sys=0.01s Real=0.00s
[683.727s][info][gc,start    ] GC(1031) Pause Young (Normal) (G1 Evacuation Pause)
[683.727s][info][gc,task     ] GC(1031) Using 8 workers of 8 for evacuation
[683.730s][info][gc,phases   ] GC(1031)   Pre Evacuate Collection Set: 0.1ms
[683.730s][info][gc,phases   ] GC(1031)   Merge Heap Roots: 0.1ms
[683.730s][info][gc,phases   ] GC(1031)   Evacuate Collection Set: 1.9ms
[683.730s][info][gc,phases   ] GC(1031)   Post Evacuate Collection Set: 0.3ms
[683.730s][info][gc,phases   ] GC(1031)   Other: 0.0ms
[683.730s][info][gc,heap     ] GC(1031) Eden regions: 48->0(48)
[683.730s][info][gc,heap     ] GC(1031) Survivor regions: 1->1(7)
[683.730s][info][gc,heap     ] GC(1031) Old regions: 22->22
[683.730s][info][gc,heap     ] GC(1031) Humongous regions: 1->1
[683.730s][info][gc,metaspace] GC(1031) Metaspace: 54684K(56000K)->54684K(56000K) NonClass: 47466K(48256K)->47466K(48256K) Class: 7218K(7744K)->7218K(7744K)
[683.730s][info][gc          ] GC(1031) Pause Young (Normal) (G1 Evacuation Pause) 279M->87M(332M) 2.520ms
[683.730s][info][gc,cpu      ] GC(1031) User=0.01s Sys=0.00s Real=0.00s
[684.248s][info][gc,start    ] GC(1032) Pause Young (Normal) (G1 Evacuation Pause)
[684.249s][info][gc,task     ] GC(1032) Using 8 workers of 8 for evacuation
[684.251s][info][gc,phases   ] GC(1032)   Pre Evacuate Collection Set: 0.1ms
[684.251s][info][gc,phases   ] GC(1032)   Merge Heap Roots: 0.1ms
[684.251s][info][gc,phases   ] GC(1032)   Evacuate Collection Set: 2.4ms
[684.251s][info][gc,phases   ] GC(1032)   Post Evacuate Collection Set: 0.3ms
[684.251s][info][gc,phases   ] GC(1032)   Other: 0.0ms
[684.251s][info][gc,heap     ] GC(1032) Eden regions: 48->0(48)
[684.251s][info][gc,heap     ] GC(1032) Survivor regions: 1->1(7)
[684.251s][info][gc,heap     ] GC(1032) Old regions: 22->22
[684.251s][info][gc,heap     ] GC(1032) Humongous regions: 1->1
[684.251s][info][gc,metaspace] GC(1032) Metaspace: 54684K(56000K)->54684K(56000K) NonClass: 47466K(48256K)->47466K(48256K) Class: 7218K(7744K)->7218K(7744K)
[684.251s][info][gc          ] GC(1032) Pause Young (Normal) (G1 Evacuation Pause) 279M->87M(332M) 3.213ms
[684.251s][info][gc,cpu      ] GC(1032) User=0.01s Sys=0.00s Real=0.00s
[684.861s][info][gc,start    ] GC(1033) Pause Young (Normal) (G1 Evacuation Pause)
[684.861s][info][gc,task     ] GC(1033) Using 8 workers of 8 for evacuation
[684.863s][info][gc,phases   ] GC(1033)   Pre Evacuate Collection Set: 0.1ms
[684.863s][info][gc,phases   ] GC(1033)   Merge Heap Roots: 0.1ms
[684.863s][info][gc,phases   ] GC(1033)   Evacuate Collection Set: 2.1ms
[684.863s][info][gc,phases   ] GC(1033)   Post Evacuate Collection Set: 0.3ms
[684.863s][info][gc,phases   ] GC(1033)   Other: 0.0ms
[684.863s][info][gc,heap     ] GC(1033) Eden regions: 48->0(48)
[684.863s][info][gc,heap     ] GC(1033) Survivor regions: 1->1(7)
[684.863s][info][gc,heap     ] GC(1033) Old regions: 22->22
[684.863s][info][gc,heap     ] GC(1033) Humongous regions: 1->1
[684.863s][info][gc,metaspace] GC(1033) Metaspace: 54684K(56000K)->54684K(56000K) NonClass: 47466K(48256K)->47466K(48256K) Class: 7218K(7744K)->7218K(7744K)
[684.863s][info][gc          ] GC(1033) Pause Young (Normal) (G1 Evacuation Pause) 279M->87M(332M) 2.802ms
[684.863s][info][gc,cpu      ] GC(1033) User=0.01s Sys=0.00s Real=0.01s
[685.331s][info][gc,start    ] GC(1034) Pause Young (Normal) (G1 Evacuation Pause)
[685.331s][info][gc,task     ] GC(1034) Using 8 workers of 8 for evacuation
[685.333s][info][gc,phases   ] GC(1034)   Pre Evacuate Collection Set: 0.1ms
[685.333s][info][gc,phases   ] GC(1034)   Merge Heap Roots: 0.1ms
[685.333s][info][gc,phases   ] GC(1034)   Evacuate Collection Set: 1.9ms
[685.333s][info][gc,phases   ] GC(1034)   Post Evacuate Collection Set: 0.3ms
[685.333s][info][gc,phases   ] GC(1034)   Other: 0.1ms
[685.333s][info][gc,heap     ] GC(1034) Eden regions: 48->0(48)
[685.333s][info][gc,heap     ] GC(1034) Survivor regions: 1->1(7)
[685.333s][info][gc,heap     ] GC(1034) Old regions: 22->22
[685.333s][info][gc,heap     ] GC(1034) Humongous regions: 1->1
[685.333s][info][gc,metaspace] GC(1034) Metaspace: 54684K(56000K)->54684K(56000K) NonClass: 47466K(48256K)->47466K(48256K) Class: 7218K(7744K)->7218K(7744K)
[685.333s][info][gc          ] GC(1034) Pause Young (Normal) (G1 Evacuation Pause) 279M->87M(332M) 2.579ms
[685.333s][info][gc,cpu      ] GC(1034) User=0.01s Sys=0.00s Real=0.01s
[685.837s][info][gc,start    ] GC(1035) Pause Young (Normal) (G1 Evacuation Pause)
[685.837s][info][gc,task     ] GC(1035) Using 8 workers of 8 for evacuation
[685.840s][info][gc,phases   ] GC(1035)   Pre Evacuate Collection Set: 0.1ms
[685.840s][info][gc,phases   ] GC(1035)   Merge Heap Roots: 0.1ms
[685.840s][info][gc,phases   ] GC(1035)   Evacuate Collection Set: 2.1ms
[685.840s][info][gc,phases   ] GC(1035)   Post Evacuate Collection Set: 0.3ms
[685.840s][info][gc,phases   ] GC(1035)   Other: 0.0ms
[685.840s][info][gc,heap     ] GC(1035) Eden regions: 48->0(48)
[685.840s][info][gc,heap     ] GC(1035) Survivor regions: 1->1(7)
[685.840s][info][gc,heap     ] GC(1035) Old regions: 22->22
[685.840s][info][gc,heap     ] GC(1035) Humongous regions: 1->1
[685.840s][info][gc,metaspace] GC(1035) Metaspace: 54684K(56000K)->54684K(56000K) NonClass: 47466K(48256K)->47466K(48256K) Class: 7218K(7744K)->7218K(7744K)
[685.840s][info][gc          ] GC(1035) Pause Young (Normal) (G1 Evacuation Pause) 279M->87M(332M) 2.774ms
[685.840s][info][gc,cpu      ] GC(1035) User=0.02s Sys=0.00s Real=0.00s
[686.303s][info][gc,start    ] GC(1036) Pause Young (Normal) (G1 Evacuation Pause)
[686.303s][info][gc,task     ] GC(1036) Using 8 workers of 8 for evacuation
[686.306s][info][gc,phases   ] GC(1036)   Pre Evacuate Collection Set: 0.1ms
[686.306s][info][gc,phases   ] GC(1036)   Merge Heap Roots: 0.1ms
[686.306s][info][gc,phases   ] GC(1036)   Evacuate Collection Set: 2.1ms
[686.306s][info][gc,phases   ] GC(1036)   Post Evacuate Collection Set: 0.3ms
[686.306s][info][gc,phases   ] GC(1036)   Other: 0.0ms
[686.306s][info][gc,heap     ] GC(1036) Eden regions: 48->0(48)
[686.306s][info][gc,heap     ] GC(1036) Survivor regions: 1->1(7)
[686.306s][info][gc,heap     ] GC(1036) Old regions: 22->22
[686.306s][info][gc,heap     ] GC(1036) Humongous regions: 1->1
[686.306s][info][gc,metaspace] GC(1036) Metaspace: 54684K(56000K)->54684K(56000K) NonClass: 47466K(48256K)->47466K(48256K) Class: 7218K(7744K)->7218K(7744K)
[686.306s][info][gc          ] GC(1036) Pause Young (Normal) (G1 Evacuation Pause) 279M->87M(332M) 2.643ms
[686.306s][info][gc,cpu      ] GC(1036) User=0.02s Sys=0.00s Real=0.00s
[686.755s][info][gc,start    ] GC(1037) Pause Young (Normal) (G1 Evacuation Pause)
[686.755s][info][gc,task     ] GC(1037) Using 8 workers of 8 for evacuation
[686.768s][info][gc,phases   ] GC(1037)   Pre Evacuate Collection Set: 0.1ms
[686.768s][info][gc,phases   ] GC(1037)   Merge Heap Roots: 0.1ms
[686.768s][info][gc,phases   ] GC(1037)   Evacuate Collection Set: 12.1ms
[686.768s][info][gc,phases   ] GC(1037)   Post Evacuate Collection Set: 0.4ms
[686.768s][info][gc,phases   ] GC(1037)   Other: 0.0ms
[686.768s][info][gc,heap     ] GC(1037) Eden regions: 48->0(48)
[686.768s][info][gc,heap     ] GC(1037) Survivor regions: 1->1(7)
[686.768s][info][gc,heap     ] GC(1037) Old regions: 22->22
[686.768s][info][gc,heap     ] GC(1037) Humongous regions: 1->1
[686.768s][info][gc,metaspace] GC(1037) Metaspace: 54684K(56000K)->54684K(56000K) NonClass: 47466K(48256K)->47466K(48256K) Class: 7218K(7744K)->7218K(7744K)
[686.768s][info][gc          ] GC(1037) Pause Young (Normal) (G1 Evacuation Pause) 279M->87M(332M) 12.880ms
[686.768s][info][gc,cpu      ] GC(1037) User=0.01s Sys=0.00s Real=0.01s
[687.278s][info][gc,start    ] GC(1038) Pause Young (Normal) (G1 Evacuation Pause)
[687.278s][info][gc,task     ] GC(1038) Using 8 workers of 8 for evacuation
[687.280s][info][gc,phases   ] GC(1038)   Pre Evacuate Collection Set: 0.1ms
[687.280s][info][gc,phases   ] GC(1038)   Merge Heap Roots: 0.1ms
[687.280s][info][gc,phases   ] GC(1038)   Evacuate Collection Set: 2.0ms
[687.280s][info][gc,phases   ] GC(1038)   Post Evacuate Collection Set: 0.3ms
[687.280s][info][gc,phases   ] GC(1038)   Other: 0.0ms
[687.280s][info][gc,heap     ] GC(1038) Eden regions: 48->0(48)
[687.280s][info][gc,heap     ] GC(1038) Survivor regions: 1->1(7)
[687.280s][info][gc,heap     ] GC(1038) Old regions: 22->22
[687.280s][info][gc,heap     ] GC(1038) Humongous regions: 1->1
[687.280s][info][gc,metaspace] GC(1038) Metaspace: 54684K(56000K)->54684K(56000K) NonClass: 47466K(48256K)->47466K(48256K) Class: 7218K(7744K)->7218K(7744K)
[687.280s][info][gc          ] GC(1038) Pause Young (Normal) (G1 Evacuation Pause) 279M->87M(332M) 2.666ms
[687.280s][info][gc,cpu      ] GC(1038) User=0.01s Sys=0.00s Real=0.00s
[687.778s][info][gc,start    ] GC(1039) Pause Young (Normal) (G1 Evacuation Pause)
[687.778s][info][gc,task     ] GC(1039) Using 8 workers of 8 for evacuation
[687.780s][info][gc,phases   ] GC(1039)   Pre Evacuate Collection Set: 0.1ms
[687.780s][info][gc,phases   ] GC(1039)   Merge Heap Roots: 0.1ms
[687.780s][info][gc,phases   ] GC(1039)   Evacuate Collection Set: 2.2ms
[687.780s][info][gc,phases   ] GC(1039)   Post Evacuate Collection Set: 0.2ms
[687.780s][info][gc,phases   ] GC(1039)   Other: 0.0ms
[687.780s][info][gc,heap     ] GC(1039) Eden regions: 48->0(48)
[687.780s][info][gc,heap     ] GC(1039) Survivor regions: 1->1(7)
[687.780s][info][gc,heap     ] GC(1039) Old regions: 22->22
[687.780s][info][gc,heap     ] GC(1039) Humongous regions: 1->1
[687.780s][info][gc,metaspace] GC(1039) Metaspace: 54684K(56000K)->54684K(56000K) NonClass: 47466K(48256K)->47466K(48256K) Class: 7218K(7744K)->7218K(7744K)
[687.780s][info][gc          ] GC(1039) Pause Young (Normal) (G1 Evacuation Pause) 279M->88M(332M) 2.808ms
[687.780s][info][gc,cpu      ] GC(1039) User=0.01s Sys=0.00s Real=0.00s
[688.483s][info][gc,start    ] GC(1040) Pause Young (Normal) (G1 Evacuation Pause)
[688.483s][info][gc,task     ] GC(1040) Using 8 workers of 8 for evacuation
[688.486s][info][gc,phases   ] GC(1040)   Pre Evacuate Collection Set: 0.1ms
[688.486s][info][gc,phases   ] GC(1040)   Merge Heap Roots: 0.1ms
[688.486s][info][gc,phases   ] GC(1040)   Evacuate Collection Set: 2.2ms
[688.486s][info][gc,phases   ] GC(1040)   Post Evacuate Collection Set: 0.3ms
[688.486s][info][gc,phases   ] GC(1040)   Other: 0.1ms
[688.486s][info][gc,heap     ] GC(1040) Eden regions: 48->0(48)
[688.486s][info][gc,heap     ] GC(1040) Survivor regions: 1->1(7)
[688.486s][info][gc,heap     ] GC(1040) Old regions: 22->22
[688.486s][info][gc,heap     ] GC(1040) Humongous regions: 1->1
[688.486s][info][gc,metaspace] GC(1040) Metaspace: 54684K(56000K)->54684K(56000K) NonClass: 47466K(48256K)->47466K(48256K) Class: 7218K(7744K)->7218K(7744K)
[688.486s][info][gc          ] GC(1040) Pause Young (Normal) (G1 Evacuation Pause) 280M->88M(332M) 2.933ms
[688.486s][info][gc,cpu      ] GC(1040) User=0.02s Sys=0.00s Real=0.00s
[689.192s][info][gc,start    ] GC(1041) Pause Young (Normal) (G1 Evacuation Pause)
[689.192s][info][gc,task     ] GC(1041) Using 8 workers of 8 for evacuation
[689.195s][info][gc,phases   ] GC(1041)   Pre Evacuate Collection Set: 0.1ms
[689.196s][info][gc,phases   ] GC(1041)   Merge Heap Roots: 0.1ms
[689.196s][info][gc,phases   ] GC(1041)   Evacuate Collection Set: 2.8ms
[689.196s][info][gc,phases   ] GC(1041)   Post Evacuate Collection Set: 0.3ms
[689.196s][info][gc,phases   ] GC(1041)   Other: 0.0ms
[689.196s][info][gc,heap     ] GC(1041) Eden regions: 48->0(48)
[689.196s][info][gc,heap     ] GC(1041) Survivor regions: 1->1(7)
[689.196s][info][gc,heap     ] GC(1041) Old regions: 22->22
[689.196s][info][gc,heap     ] GC(1041) Humongous regions: 1->1
[689.196s][info][gc,metaspace] GC(1041) Metaspace: 54684K(56000K)->54684K(56000K) NonClass: 47466K(48256K)->47466K(48256K) Class: 7218K(7744K)->7218K(7744K)
[689.196s][info][gc          ] GC(1041) Pause Young (Normal) (G1 Evacuation Pause) 280M->88M(332M) 3.485ms
[689.196s][info][gc,cpu      ] GC(1041) User=0.01s Sys=0.00s Real=0.01s
[703.778s][info][gc,start    ] GC(1042) Pause Young (Normal) (G1 Evacuation Pause)
[703.778s][info][gc,task     ] GC(1042) Using 8 workers of 8 for evacuation
[703.782s][info][gc,phases   ] GC(1042)   Pre Evacuate Collection Set: 0.1ms
[703.782s][info][gc,phases   ] GC(1042)   Merge Heap Roots: 0.1ms
[703.782s][info][gc,phases   ] GC(1042)   Evacuate Collection Set: 2.4ms
[703.782s][info][gc,phases   ] GC(1042)   Post Evacuate Collection Set: 0.4ms
[703.782s][info][gc,phases   ] GC(1042)   Other: 0.1ms
[703.782s][info][gc,heap     ] GC(1042) Eden regions: 48->0(48)
[703.782s][info][gc,heap     ] GC(1042) Survivor regions: 1->1(7)
[703.782s][info][gc,heap     ] GC(1042) Old regions: 22->22
[703.782s][info][gc,heap     ] GC(1042) Humongous regions: 1->1
[703.782s][info][gc,metaspace] GC(1042) Metaspace: 54684K(56000K)->54684K(56000K) NonClass: 47466K(48256K)->47466K(48256K) Class: 7218K(7744K)->7218K(7744K)
[703.782s][info][gc          ] GC(1042) Pause Young (Normal) (G1 Evacuation Pause) 280M->88M(332M) 3.423ms
[703.782s][info][gc,cpu      ] GC(1042) User=0.01s Sys=0.00s Real=0.00s
[704.207s][info][gc,start    ] GC(1043) Pause Young (Normal) (G1 Evacuation Pause)
[704.208s][info][gc,task     ] GC(1043) Using 8 workers of 8 for evacuation
[704.210s][info][gc,phases   ] GC(1043)   Pre Evacuate Collection Set: 0.1ms
[704.210s][info][gc,phases   ] GC(1043)   Merge Heap Roots: 0.1ms
[704.210s][info][gc,phases   ] GC(1043)   Evacuate Collection Set: 2.2ms
[704.210s][info][gc,phases   ] GC(1043)   Post Evacuate Collection Set: 0.2ms
[704.210s][info][gc,phases   ] GC(1043)   Other: 0.0ms
[704.210s][info][gc,heap     ] GC(1043) Eden regions: 48->0(48)
[704.210s][info][gc,heap     ] GC(1043) Survivor regions: 1->1(7)
[704.210s][info][gc,heap     ] GC(1043) Old regions: 22->22
[704.210s][info][gc,heap     ] GC(1043) Humongous regions: 1->1
[704.210s][info][gc,metaspace] GC(1043) Metaspace: 54684K(56000K)->54684K(56000K) NonClass: 47466K(48256K)->47466K(48256K) Class: 7218K(7744K)->7218K(7744K)
[704.210s][info][gc          ] GC(1043) Pause Young (Normal) (G1 Evacuation Pause) 280M->88M(332M) 2.837ms
[704.210s][info][gc,cpu      ] GC(1043) User=0.01s Sys=0.01s Real=0.00s
[704.578s][info][gc,start    ] GC(1044) Pause Young (Normal) (G1 Evacuation Pause)
[704.578s][info][gc,task     ] GC(1044) Using 8 workers of 8 for evacuation
[704.581s][info][gc,phases   ] GC(1044)   Pre Evacuate Collection Set: 0.1ms
[704.581s][info][gc,phases   ] GC(1044)   Merge Heap Roots: 0.1ms
[704.581s][info][gc,phases   ] GC(1044)   Evacuate Collection Set: 2.3ms
[704.581s][info][gc,phases   ] GC(1044)   Post Evacuate Collection Set: 0.3ms
[704.581s][info][gc,phases   ] GC(1044)   Other: 0.0ms
[704.581s][info][gc,heap     ] GC(1044) Eden regions: 48->0(48)
[704.581s][info][gc,heap     ] GC(1044) Survivor regions: 1->1(7)
[704.581s][info][gc,heap     ] GC(1044) Old regions: 22->22
[704.581s][info][gc,heap     ] GC(1044) Humongous regions: 1->1
[704.581s][info][gc,metaspace] GC(1044) Metaspace: 54684K(56000K)->54684K(56000K) NonClass: 47466K(48256K)->47466K(48256K) Class: 7218K(7744K)->7218K(7744K)
[704.581s][info][gc          ] GC(1044) Pause Young (Normal) (G1 Evacuation Pause) 280M->88M(332M) 2.990ms
[704.581s][info][gc,cpu      ] GC(1044) User=0.01s Sys=0.00s Real=0.00s
[705.006s][info][gc,start    ] GC(1045) Pause Young (Normal) (G1 Evacuation Pause)
[705.006s][info][gc,task     ] GC(1045) Using 8 workers of 8 for evacuation
[705.008s][info][gc,phases   ] GC(1045)   Pre Evacuate Collection Set: 0.1ms
[705.009s][info][gc,phases   ] GC(1045)   Merge Heap Roots: 0.1ms
[705.009s][info][gc,phases   ] GC(1045)   Evacuate Collection Set: 2.3ms
[705.009s][info][gc,phases   ] GC(1045)   Post Evacuate Collection Set: 0.3ms
[705.009s][info][gc,phases   ] GC(1045)   Other: 0.0ms
[705.009s][info][gc,heap     ] GC(1045) Eden regions: 48->0(48)
[705.009s][info][gc,heap     ] GC(1045) Survivor regions: 1->1(7)
[705.009s][info][gc,heap     ] GC(1045) Old regions: 22->22
[705.009s][info][gc,heap     ] GC(1045) Humongous regions: 1->1
[705.009s][info][gc,metaspace] GC(1045) Metaspace: 54684K(56000K)->54684K(56000K) NonClass: 47466K(48256K)->47466K(48256K) Class: 7218K(7744K)->7218K(7744K)
[705.009s][info][gc          ] GC(1045) Pause Young (Normal) (G1 Evacuation Pause) 280M->88M(332M) 2.984ms
[705.009s][info][gc,cpu      ] GC(1045) User=0.01s Sys=0.00s Real=0.00s
[705.477s][info][gc,start    ] GC(1046) Pause Young (Normal) (G1 Evacuation Pause)
[705.477s][info][gc,task     ] GC(1046) Using 8 workers of 8 for evacuation
[705.480s][info][gc,phases   ] GC(1046)   Pre Evacuate Collection Set: 0.5ms
[705.480s][info][gc,phases   ] GC(1046)   Merge Heap Roots: 0.1ms
[705.480s][info][gc,phases   ] GC(1046)   Evacuate Collection Set: 2.0ms
[705.480s][info][gc,phases   ] GC(1046)   Post Evacuate Collection Set: 0.3ms
[705.480s][info][gc,phases   ] GC(1046)   Other: 0.0ms
[705.480s][info][gc,heap     ] GC(1046) Eden regions: 48->0(48)
[705.480s][info][gc,heap     ] GC(1046) Survivor regions: 1->1(7)
[705.480s][info][gc,heap     ] GC(1046) Old regions: 22->22
[705.480s][info][gc,heap     ] GC(1046) Humongous regions: 1->1
[705.480s][info][gc,metaspace] GC(1046) Metaspace: 54684K(56000K)->54684K(56000K) NonClass: 47466K(48256K)->47466K(48256K) Class: 7218K(7744K)->7218K(7744K)
[705.480s][info][gc          ] GC(1046) Pause Young (Normal) (G1 Evacuation Pause) 280M->88M(332M) 3.007ms
[705.480s][info][gc,cpu      ] GC(1046) User=0.01s Sys=0.01s Real=0.00s
[706.064s][info][gc,start    ] GC(1047) Pause Young (Normal) (G1 Evacuation Pause)
[706.065s][info][gc,task     ] GC(1047) Using 8 workers of 8 for evacuation
[706.067s][info][gc,phases   ] GC(1047)   Pre Evacuate Collection Set: 0.1ms
[706.067s][info][gc,phases   ] GC(1047)   Merge Heap Roots: 0.1ms
[706.067s][info][gc,phases   ] GC(1047)   Evacuate Collection Set: 2.3ms
[706.067s][info][gc,phases   ] GC(1047)   Post Evacuate Collection Set: 0.3ms
[706.067s][info][gc,phases   ] GC(1047)   Other: 0.1ms
[706.067s][info][gc,heap     ] GC(1047) Eden regions: 48->0(48)
[706.067s][info][gc,heap     ] GC(1047) Survivor regions: 1->1(7)
[706.067s][info][gc,heap     ] GC(1047) Old regions: 22->22
[706.067s][info][gc,heap     ] GC(1047) Humongous regions: 1->1
[706.067s][info][gc,metaspace] GC(1047) Metaspace: 54684K(56000K)->54684K(56000K) NonClass: 47466K(48256K)->47466K(48256K) Class: 7218K(7744K)->7218K(7744K)
[706.068s][info][gc          ] GC(1047) Pause Young (Normal) (G1 Evacuation Pause) 280M->88M(332M) 3.072ms
[706.068s][info][gc,cpu      ] GC(1047) User=0.01s Sys=0.01s Real=0.00s
[706.481s][info][gc,start    ] GC(1048) Pause Young (Normal) (G1 Evacuation Pause)
[706.481s][info][gc,task     ] GC(1048) Using 8 workers of 8 for evacuation
[706.484s][info][gc,phases   ] GC(1048)   Pre Evacuate Collection Set: 0.1ms
[706.484s][info][gc,phases   ] GC(1048)   Merge Heap Roots: 0.1ms
[706.484s][info][gc,phases   ] GC(1048)   Evacuate Collection Set: 2.5ms
[706.484s][info][gc,phases   ] GC(1048)   Post Evacuate Collection Set: 0.3ms
[706.484s][info][gc,phases   ] GC(1048)   Other: 0.0ms
[706.484s][info][gc,heap     ] GC(1048) Eden regions: 48->0(48)
[706.484s][info][gc,heap     ] GC(1048) Survivor regions: 1->1(7)
[706.484s][info][gc,heap     ] GC(1048) Old regions: 22->22
[706.484s][info][gc,heap     ] GC(1048) Humongous regions: 1->1
[706.484s][info][gc,metaspace] GC(1048) Metaspace: 54684K(56000K)->54684K(56000K) NonClass: 47466K(48256K)->47466K(48256K) Class: 7218K(7744K)->7218K(7744K)
[706.484s][info][gc          ] GC(1048) Pause Young (Normal) (G1 Evacuation Pause) 280M->88M(332M) 3.169ms
[706.484s][info][gc,cpu      ] GC(1048) User=0.01s Sys=0.00s Real=0.01s
[707.132s][info][gc,start    ] GC(1049) Pause Young (Normal) (G1 Evacuation Pause)
[707.132s][info][gc,task     ] GC(1049) Using 8 workers of 8 for evacuation
[707.135s][info][gc,phases   ] GC(1049)   Pre Evacuate Collection Set: 0.1ms
[707.135s][info][gc,phases   ] GC(1049)   Merge Heap Roots: 0.1ms
[707.135s][info][gc,phases   ] GC(1049)   Evacuate Collection Set: 2.5ms
[707.135s][info][gc,phases   ] GC(1049)   Post Evacuate Collection Set: 0.4ms
[707.135s][info][gc,phases   ] GC(1049)   Other: 0.0ms
[707.135s][info][gc,heap     ] GC(1049) Eden regions: 48->0(48)
[707.135s][info][gc,heap     ] GC(1049) Survivor regions: 1->1(7)
[707.135s][info][gc,heap     ] GC(1049) Old regions: 22->22
[707.135s][info][gc,heap     ] GC(1049) Humongous regions: 1->1
[707.135s][info][gc,metaspace] GC(1049) Metaspace: 54684K(56000K)->54684K(56000K) NonClass: 47466K(48256K)->47466K(48256K) Class: 7218K(7744K)->7218K(7744K)
[707.135s][info][gc          ] GC(1049) Pause Young (Normal) (G1 Evacuation Pause) 280M->88M(332M) 3.234ms
[707.135s][info][gc,cpu      ] GC(1049) User=0.01s Sys=0.00s Real=0.01s
[707.888s][info][gc,start    ] GC(1050) Pause Young (Normal) (G1 Evacuation Pause)
[707.888s][info][gc,task     ] GC(1050) Using 8 workers of 8 for evacuation
[707.891s][info][gc,phases   ] GC(1050)   Pre Evacuate Collection Set: 0.1ms
[707.891s][info][gc,phases   ] GC(1050)   Merge Heap Roots: 0.1ms
[707.891s][info][gc,phases   ] GC(1050)   Evacuate Collection Set: 2.3ms
[707.891s][info][gc,phases   ] GC(1050)   Post Evacuate Collection Set: 0.3ms
[707.891s][info][gc,phases   ] GC(1050)   Other: 0.0ms
[707.891s][info][gc,heap     ] GC(1050) Eden regions: 48->0(48)
[707.891s][info][gc,heap     ] GC(1050) Survivor regions: 1->1(7)
[707.891s][info][gc,heap     ] GC(1050) Old regions: 22->22
[707.891s][info][gc,heap     ] GC(1050) Humongous regions: 1->1
[707.891s][info][gc,metaspace] GC(1050) Metaspace: 54684K(56000K)->54684K(56000K) NonClass: 47466K(48256K)->47466K(48256K) Class: 7218K(7744K)->7218K(7744K)
[707.891s][info][gc          ] GC(1050) Pause Young (Normal) (G1 Evacuation Pause) 280M->89M(332M) 3.001ms
[707.891s][info][gc,cpu      ] GC(1050) User=0.02s Sys=0.01s Real=0.00s
[708.538s][info][gc,start    ] GC(1051) Pause Young (Normal) (G1 Evacuation Pause)
[708.539s][info][gc,task     ] GC(1051) Using 8 workers of 8 for evacuation
[708.541s][info][gc,phases   ] GC(1051)   Pre Evacuate Collection Set: 0.1ms
[708.541s][info][gc,phases   ] GC(1051)   Merge Heap Roots: 0.1ms
[708.541s][info][gc,phases   ] GC(1051)   Evacuate Collection Set: 2.3ms
[708.541s][info][gc,phases   ] GC(1051)   Post Evacuate Collection Set: 0.3ms
[708.541s][info][gc,phases   ] GC(1051)   Other: 0.1ms
[708.541s][info][gc,heap     ] GC(1051) Eden regions: 48->0(48)
[708.541s][info][gc,heap     ] GC(1051) Survivor regions: 1->1(7)
[708.541s][info][gc,heap     ] GC(1051) Old regions: 22->22
[708.541s][info][gc,heap     ] GC(1051) Humongous regions: 1->1
[708.541s][info][gc,metaspace] GC(1051) Metaspace: 54684K(56000K)->54684K(56000K) NonClass: 47466K(48256K)->47466K(48256K) Class: 7218K(7744K)->7218K(7744K)
[708.541s][info][gc          ] GC(1051) Pause Young (Normal) (G1 Evacuation Pause) 281M->89M(332M) 3.028ms
[708.542s][info][gc,cpu      ] GC(1051) User=0.01s Sys=0.00s Real=0.00s
[709.299s][info][gc,start    ] GC(1052) Pause Young (Normal) (G1 Evacuation Pause)
[709.299s][info][gc,task     ] GC(1052) Using 8 workers of 8 for evacuation
[709.302s][info][gc,phases   ] GC(1052)   Pre Evacuate Collection Set: 0.1ms
[709.303s][info][gc,phases   ] GC(1052)   Merge Heap Roots: 0.1ms
[709.303s][info][gc,phases   ] GC(1052)   Evacuate Collection Set: 2.3ms
[709.303s][info][gc,phases   ] GC(1052)   Post Evacuate Collection Set: 0.5ms
[709.303s][info][gc,phases   ] GC(1052)   Other: 0.1ms
[709.303s][info][gc,heap     ] GC(1052) Eden regions: 48->0(48)
[709.303s][info][gc,heap     ] GC(1052) Survivor regions: 1->1(7)
[709.303s][info][gc,heap     ] GC(1052) Old regions: 22->22
[709.303s][info][gc,heap     ] GC(1052) Humongous regions: 1->1
[709.303s][info][gc,metaspace] GC(1052) Metaspace: 54684K(56000K)->54684K(56000K) NonClass: 47466K(48256K)->47466K(48256K) Class: 7218K(7744K)->7218K(7744K)
[709.303s][info][gc          ] GC(1052) Pause Young (Normal) (G1 Evacuation Pause) 281M->89M(332M) 3.537ms
[709.303s][info][gc,cpu      ] GC(1052) User=0.01s Sys=0.01s Real=0.01s
[709.887s][info][gc,start    ] GC(1053) Pause Young (Normal) (G1 Evacuation Pause)
[709.887s][info][gc,task     ] GC(1053) Using 8 workers of 8 for evacuation
[709.890s][info][gc,phases   ] GC(1053)   Pre Evacuate Collection Set: 0.1ms
[709.890s][info][gc,phases   ] GC(1053)   Merge Heap Roots: 0.1ms
[709.890s][info][gc,phases   ] GC(1053)   Evacuate Collection Set: 2.5ms
[709.890s][info][gc,phases   ] GC(1053)   Post Evacuate Collection Set: 0.3ms
[709.890s][info][gc,phases   ] GC(1053)   Other: 0.0ms
[709.891s][info][gc,heap     ] GC(1053) Eden regions: 48->0(48)
[709.891s][info][gc,heap     ] GC(1053) Survivor regions: 1->1(7)
[709.891s][info][gc,heap     ] GC(1053) Old regions: 22->22
[709.891s][info][gc,heap     ] GC(1053) Humongous regions: 1->1
[709.891s][info][gc,metaspace] GC(1053) Metaspace: 54684K(56000K)->54684K(56000K) NonClass: 47466K(48256K)->47466K(48256K) Class: 7218K(7744K)->7218K(7744K)
[709.891s][info][gc          ] GC(1053) Pause Young (Normal) (G1 Evacuation Pause) 281M->89M(332M) 3.170ms
[709.891s][info][gc,cpu      ] GC(1053) User=0.01s Sys=0.00s Real=0.00s
[710.382s][info][gc,start    ] GC(1054) Pause Young (Normal) (G1 Evacuation Pause)
[710.382s][info][gc,task     ] GC(1054) Using 8 workers of 8 for evacuation
[710.385s][info][gc,phases   ] GC(1054)   Pre Evacuate Collection Set: 0.1ms
[710.385s][info][gc,phases   ] GC(1054)   Merge Heap Roots: 0.1ms
[710.385s][info][gc,phases   ] GC(1054)   Evacuate Collection Set: 2.4ms
[710.385s][info][gc,phases   ] GC(1054)   Post Evacuate Collection Set: 0.2ms
[710.385s][info][gc,phases   ] GC(1054)   Other: 0.0ms
[710.385s][info][gc,heap     ] GC(1054) Eden regions: 48->0(48)
[710.385s][info][gc,heap     ] GC(1054) Survivor regions: 1->1(7)
[710.385s][info][gc,heap     ] GC(1054) Old regions: 22->22
[710.385s][info][gc,heap     ] GC(1054) Humongous regions: 1->1
[710.385s][info][gc,metaspace] GC(1054) Metaspace: 54684K(56000K)->54684K(56000K) NonClass: 47466K(48256K)->47466K(48256K) Class: 7218K(7744K)->7218K(7744K)
[710.385s][info][gc          ] GC(1054) Pause Young (Normal) (G1 Evacuation Pause) 281M->89M(332M) 3.023ms
[710.385s][info][gc,cpu      ] GC(1054) User=0.01s Sys=0.00s Real=0.01s
[710.926s][info][gc,start    ] GC(1055) Pause Young (Normal) (G1 Evacuation Pause)
[710.926s][info][gc,task     ] GC(1055) Using 8 workers of 8 for evacuation
[710.929s][info][gc,phases   ] GC(1055)   Pre Evacuate Collection Set: 0.1ms
[710.929s][info][gc,phases   ] GC(1055)   Merge Heap Roots: 0.1ms
[710.929s][info][gc,phases   ] GC(1055)   Evacuate Collection Set: 2.3ms
[710.929s][info][gc,phases   ] GC(1055)   Post Evacuate Collection Set: 0.3ms
[710.929s][info][gc,phases   ] GC(1055)   Other: 0.1ms
[710.929s][info][gc,heap     ] GC(1055) Eden regions: 48->0(48)
[710.929s][info][gc,heap     ] GC(1055) Survivor regions: 1->1(7)
[710.929s][info][gc,heap     ] GC(1055) Old regions: 22->22
[710.929s][info][gc,heap     ] GC(1055) Humongous regions: 1->1
[710.929s][info][gc,metaspace] GC(1055) Metaspace: 54684K(56000K)->54684K(56000K) NonClass: 47466K(48256K)->47466K(48256K) Class: 7218K(7744K)->7218K(7744K)
[710.929s][info][gc          ] GC(1055) Pause Young (Normal) (G1 Evacuation Pause) 281M->89M(332M) 3.038ms
[710.929s][info][gc,cpu      ] GC(1055) User=0.01s Sys=0.00s Real=0.00s
[711.376s][info][gc,start    ] GC(1056) Pause Young (Normal) (G1 Evacuation Pause)
[711.376s][info][gc,task     ] GC(1056) Using 8 workers of 8 for evacuation
[711.379s][info][gc,phases   ] GC(1056)   Pre Evacuate Collection Set: 0.1ms
[711.379s][info][gc,phases   ] GC(1056)   Merge Heap Roots: 0.1ms
[711.379s][info][gc,phases   ] GC(1056)   Evacuate Collection Set: 2.4ms
[711.379s][info][gc,phases   ] GC(1056)   Post Evacuate Collection Set: 0.3ms
[711.379s][info][gc,phases   ] GC(1056)   Other: 0.1ms
[711.379s][info][gc,heap     ] GC(1056) Eden regions: 48->0(48)
[711.379s][info][gc,heap     ] GC(1056) Survivor regions: 1->1(7)
[711.379s][info][gc,heap     ] GC(1056) Old regions: 22->22
[711.379s][info][gc,heap     ] GC(1056) Humongous regions: 1->1
[711.379s][info][gc,metaspace] GC(1056) Metaspace: 54684K(56000K)->54684K(56000K) NonClass: 47466K(48256K)->47466K(48256K) Class: 7218K(7744K)->7218K(7744K)
[711.379s][info][gc          ] GC(1056) Pause Young (Normal) (G1 Evacuation Pause) 281M->89M(332M) 3.099ms
[711.379s][info][gc,cpu      ] GC(1056) User=0.02s Sys=0.00s Real=0.00s
[711.873s][info][gc,start    ] GC(1057) Pause Young (Normal) (G1 Evacuation Pause)
[711.873s][info][gc,task     ] GC(1057) Using 8 workers of 8 for evacuation
[711.876s][info][gc,phases   ] GC(1057)   Pre Evacuate Collection Set: 0.1ms
[711.876s][info][gc,phases   ] GC(1057)   Merge Heap Roots: 0.1ms
[711.876s][info][gc,phases   ] GC(1057)   Evacuate Collection Set: 2.1ms
[711.876s][info][gc,phases   ] GC(1057)   Post Evacuate Collection Set: 0.3ms
[711.876s][info][gc,phases   ] GC(1057)   Other: 0.0ms
[711.876s][info][gc,heap     ] GC(1057) Eden regions: 48->0(48)
[711.876s][info][gc,heap     ] GC(1057) Survivor regions: 1->1(7)
[711.876s][info][gc,heap     ] GC(1057) Old regions: 22->22
[711.876s][info][gc,heap     ] GC(1057) Humongous regions: 1->1
[711.876s][info][gc,metaspace] GC(1057) Metaspace: 54684K(56000K)->54684K(56000K) NonClass: 47466K(48256K)->47466K(48256K) Class: 7218K(7744K)->7218K(7744K)
[711.876s][info][gc          ] GC(1057) Pause Young (Normal) (G1 Evacuation Pause) 281M->89M(332M) 2.735ms
[711.876s][info][gc,cpu      ] GC(1057) User=0.01s Sys=0.00s Real=0.00s
[712.285s][info][gc,start    ] GC(1058) Pause Young (Normal) (G1 Evacuation Pause)
[712.285s][info][gc,task     ] GC(1058) Using 8 workers of 8 for evacuation
[712.287s][info][gc,phases   ] GC(1058)   Pre Evacuate Collection Set: 0.1ms
[712.287s][info][gc,phases   ] GC(1058)   Merge Heap Roots: 0.1ms
[712.287s][info][gc,phases   ] GC(1058)   Evacuate Collection Set: 2.0ms
[712.287s][info][gc,phases   ] GC(1058)   Post Evacuate Collection Set: 0.3ms
[712.287s][info][gc,phases   ] GC(1058)   Other: 0.0ms
[712.287s][info][gc,heap     ] GC(1058) Eden regions: 48->0(48)
[712.287s][info][gc,heap     ] GC(1058) Survivor regions: 1->1(7)
[712.287s][info][gc,heap     ] GC(1058) Old regions: 22->22
[712.287s][info][gc,heap     ] GC(1058) Humongous regions: 1->1
[712.287s][info][gc,metaspace] GC(1058) Metaspace: 54684K(56000K)->54684K(56000K) NonClass: 47466K(48256K)->47466K(48256K) Class: 7218K(7744K)->7218K(7744K)
[712.287s][info][gc          ] GC(1058) Pause Young (Normal) (G1 Evacuation Pause) 281M->89M(332M) 2.646ms
[712.287s][info][gc,cpu      ] GC(1058) User=0.02s Sys=0.01s Real=0.00s
[712.781s][info][gc,start    ] GC(1059) Pause Young (Normal) (G1 Evacuation Pause)
[712.781s][info][gc,task     ] GC(1059) Using 8 workers of 8 for evacuation
[712.785s][info][gc,phases   ] GC(1059)   Pre Evacuate Collection Set: 0.2ms
[712.785s][info][gc,phases   ] GC(1059)   Merge Heap Roots: 0.1ms
[712.785s][info][gc,phases   ] GC(1059)   Evacuate Collection Set: 2.5ms
[712.785s][info][gc,phases   ] GC(1059)   Post Evacuate Collection Set: 0.4ms
[712.785s][info][gc,phases   ] GC(1059)   Other: 0.0ms
[712.785s][info][gc,heap     ] GC(1059) Eden regions: 48->0(48)
[712.785s][info][gc,heap     ] GC(1059) Survivor regions: 1->1(7)
[712.785s][info][gc,heap     ] GC(1059) Old regions: 22->22
[712.785s][info][gc,heap     ] GC(1059) Humongous regions: 1->1
[712.785s][info][gc,metaspace] GC(1059) Metaspace: 54684K(56000K)->54684K(56000K) NonClass: 47466K(48256K)->47466K(48256K) Class: 7218K(7744K)->7218K(7744K)
[712.785s][info][gc          ] GC(1059) Pause Young (Normal) (G1 Evacuation Pause) 281M->89M(332M) 3.335ms
[712.785s][info][gc,cpu      ] GC(1059) User=0.01s Sys=0.00s Real=0.01s
[713.491s][info][gc,start    ] GC(1060) Pause Young (Normal) (G1 Evacuation Pause)
[713.491s][info][gc,task     ] GC(1060) Using 8 workers of 8 for evacuation
[713.493s][info][gc,phases   ] GC(1060)   Pre Evacuate Collection Set: 0.1ms
[713.493s][info][gc,phases   ] GC(1060)   Merge Heap Roots: 0.1ms
[713.493s][info][gc,phases   ] GC(1060)   Evacuate Collection Set: 2.4ms
[713.494s][info][gc,phases   ] GC(1060)   Post Evacuate Collection Set: 0.3ms
[713.494s][info][gc,phases   ] GC(1060)   Other: 0.0ms
[713.494s][info][gc,heap     ] GC(1060) Eden regions: 48->0(48)
[713.494s][info][gc,heap     ] GC(1060) Survivor regions: 1->1(7)
[713.494s][info][gc,heap     ] GC(1060) Old regions: 22->22
[713.494s][info][gc,heap     ] GC(1060) Humongous regions: 1->1
[713.494s][info][gc,metaspace] GC(1060) Metaspace: 54684K(56000K)->54684K(56000K) NonClass: 47466K(48256K)->47466K(48256K) Class: 7218K(7744K)->7218K(7744K)
[713.494s][info][gc          ] GC(1060) Pause Young (Normal) (G1 Evacuation Pause) 281M->89M(332M) 3.043ms
[713.494s][info][gc,cpu      ] GC(1060) User=0.01s Sys=0.01s Real=0.01s
[714.398s][info][gc,start    ] GC(1061) Pause Young (Normal) (G1 Evacuation Pause)
[714.398s][info][gc,task     ] GC(1061) Using 8 workers of 8 for evacuation
[714.403s][info][gc,phases   ] GC(1061)   Pre Evacuate Collection Set: 0.2ms
[714.403s][info][gc,phases   ] GC(1061)   Merge Heap Roots: 0.1ms
[714.403s][info][gc,phases   ] GC(1061)   Evacuate Collection Set: 3.3ms
[714.403s][info][gc,phases   ] GC(1061)   Post Evacuate Collection Set: 0.4ms
[714.403s][info][gc,phases   ] GC(1061)   Other: 0.2ms
[714.403s][info][gc,heap     ] GC(1061) Eden regions: 48->0(48)
[714.403s][info][gc,heap     ] GC(1061) Survivor regions: 1->1(7)
[714.403s][info][gc,heap     ] GC(1061) Old regions: 22->22
[714.403s][info][gc,heap     ] GC(1061) Humongous regions: 1->1
[714.403s][info][gc,metaspace] GC(1061) Metaspace: 54684K(56000K)->54684K(56000K) NonClass: 47466K(48256K)->47466K(48256K) Class: 7218K(7744K)->7218K(7744K)
[714.403s][info][gc          ] GC(1061) Pause Young (Normal) (G1 Evacuation Pause) 281M->90M(332M) 4.476ms
[714.403s][info][gc,cpu      ] GC(1061) User=0.02s Sys=0.00s Real=0.01s
[720.831s][info][gc,start    ] GC(1062) Pause Young (Normal) (G1 Evacuation Pause)
[720.831s][info][gc,task     ] GC(1062) Using 8 workers of 8 for evacuation
[720.836s][info][gc,phases   ] GC(1062)   Pre Evacuate Collection Set: 0.2ms
[720.837s][info][gc,phases   ] GC(1062)   Merge Heap Roots: 0.2ms
[720.837s][info][gc,phases   ] GC(1062)   Evacuate Collection Set: 4.5ms
[720.837s][info][gc,phases   ] GC(1062)   Post Evacuate Collection Set: 0.4ms
[720.837s][info][gc,phases   ] GC(1062)   Other: 0.1ms
[720.837s][info][gc,heap     ] GC(1062) Eden regions: 48->0(48)
[720.837s][info][gc,heap     ] GC(1062) Survivor regions: 1->1(7)
[720.837s][info][gc,heap     ] GC(1062) Old regions: 22->23
[720.837s][info][gc,heap     ] GC(1062) Humongous regions: 1->1
[720.837s][info][gc,metaspace] GC(1062) Metaspace: 54684K(56000K)->54684K(56000K) NonClass: 47466K(48256K)->47466K(48256K) Class: 7218K(7744K)->7218K(7744K)
[720.837s][info][gc          ] GC(1062) Pause Young (Normal) (G1 Evacuation Pause) 282M->90M(332M) 5.851ms
[720.837s][info][gc,cpu      ] GC(1062) User=0.01s Sys=0.01s Real=0.01s
[721.246s][info][gc,start    ] GC(1063) Pause Young (Normal) (G1 Evacuation Pause)
[721.246s][info][gc,task     ] GC(1063) Using 8 workers of 8 for evacuation
[721.250s][info][gc,phases   ] GC(1063)   Pre Evacuate Collection Set: 0.1ms
[721.250s][info][gc,phases   ] GC(1063)   Merge Heap Roots: 0.1ms
[721.250s][info][gc,phases   ] GC(1063)   Evacuate Collection Set: 2.7ms
[721.250s][info][gc,phases   ] GC(1063)   Post Evacuate Collection Set: 0.3ms
[721.250s][info][gc,phases   ] GC(1063)   Other: 0.1ms
[721.250s][info][gc,heap     ] GC(1063) Eden regions: 48->0(48)
[721.250s][info][gc,heap     ] GC(1063) Survivor regions: 1->1(7)
[721.250s][info][gc,heap     ] GC(1063) Old regions: 23->23
[721.250s][info][gc,heap     ] GC(1063) Humongous regions: 1->1
[721.250s][info][gc,metaspace] GC(1063) Metaspace: 54684K(56000K)->54684K(56000K) NonClass: 47466K(48256K)->47466K(48256K) Class: 7218K(7744K)->7218K(7744K)
[721.250s][info][gc          ] GC(1063) Pause Young (Normal) (G1 Evacuation Pause) 282M->90M(332M) 3.541ms
[721.250s][info][gc,cpu      ] GC(1063) User=0.02s Sys=0.00s Real=0.00s
[721.633s][info][gc,start    ] GC(1064) Pause Young (Normal) (G1 Evacuation Pause)
[721.633s][info][gc,task     ] GC(1064) Using 8 workers of 8 for evacuation
[721.636s][info][gc,phases   ] GC(1064)   Pre Evacuate Collection Set: 0.1ms
[721.636s][info][gc,phases   ] GC(1064)   Merge Heap Roots: 0.1ms
[721.636s][info][gc,phases   ] GC(1064)   Evacuate Collection Set: 2.6ms
[721.636s][info][gc,phases   ] GC(1064)   Post Evacuate Collection Set: 0.3ms
[721.636s][info][gc,phases   ] GC(1064)   Other: 0.0ms
[721.636s][info][gc,heap     ] GC(1064) Eden regions: 48->0(48)
[721.636s][info][gc,heap     ] GC(1064) Survivor regions: 1->1(7)
[721.636s][info][gc,heap     ] GC(1064) Old regions: 23->23
[721.636s][info][gc,heap     ] GC(1064) Humongous regions: 1->1
[721.636s][info][gc,metaspace] GC(1064) Metaspace: 54684K(56000K)->54684K(56000K) NonClass: 47466K(48256K)->47466K(48256K) Class: 7218K(7744K)->7218K(7744K)
[721.636s][info][gc          ] GC(1064) Pause Young (Normal) (G1 Evacuation Pause) 282M->90M(332M) 3.247ms
[721.636s][info][gc,cpu      ] GC(1064) User=0.01s Sys=0.00s Real=0.00s
[722.201s][info][gc,start    ] GC(1065) Pause Young (Normal) (G1 Evacuation Pause)
[722.201s][info][gc,task     ] GC(1065) Using 8 workers of 8 for evacuation
[722.204s][info][gc,phases   ] GC(1065)   Pre Evacuate Collection Set: 0.1ms
[722.204s][info][gc,phases   ] GC(1065)   Merge Heap Roots: 0.1ms
[722.204s][info][gc,phases   ] GC(1065)   Evacuate Collection Set: 2.3ms
[722.204s][info][gc,phases   ] GC(1065)   Post Evacuate Collection Set: 0.3ms
[722.204s][info][gc,phases   ] GC(1065)   Other: 0.1ms
[722.204s][info][gc,heap     ] GC(1065) Eden regions: 48->0(48)
[722.204s][info][gc,heap     ] GC(1065) Survivor regions: 1->1(7)
[722.204s][info][gc,heap     ] GC(1065) Old regions: 23->23
[722.204s][info][gc,heap     ] GC(1065) Humongous regions: 1->1
[722.204s][info][gc,metaspace] GC(1065) Metaspace: 54684K(56000K)->54684K(56000K) NonClass: 47466K(48256K)->47466K(48256K) Class: 7218K(7744K)->7218K(7744K)
[722.204s][info][gc          ] GC(1065) Pause Young (Normal) (G1 Evacuation Pause) 282M->90M(332M) 3.058ms
[722.204s][info][gc,cpu      ] GC(1065) User=0.02s Sys=0.00s Real=0.01s
[722.574s][info][gc,start    ] GC(1066) Pause Young (Normal) (G1 Evacuation Pause)
[722.574s][info][gc,task     ] GC(1066) Using 8 workers of 8 for evacuation
[722.577s][info][gc,phases   ] GC(1066)   Pre Evacuate Collection Set: 0.1ms
[722.577s][info][gc,phases   ] GC(1066)   Merge Heap Roots: 0.1ms
[722.577s][info][gc,phases   ] GC(1066)   Evacuate Collection Set: 2.6ms
[722.577s][info][gc,phases   ] GC(1066)   Post Evacuate Collection Set: 0.3ms
[722.577s][info][gc,phases   ] GC(1066)   Other: 0.0ms
[722.577s][info][gc,heap     ] GC(1066) Eden regions: 48->0(48)
[722.577s][info][gc,heap     ] GC(1066) Survivor regions: 1->1(7)
[722.577s][info][gc,heap     ] GC(1066) Old regions: 23->23
[722.577s][info][gc,heap     ] GC(1066) Humongous regions: 1->1
[722.577s][info][gc,metaspace] GC(1066) Metaspace: 54684K(56000K)->54684K(56000K) NonClass: 47466K(48256K)->47466K(48256K) Class: 7218K(7744K)->7218K(7744K)
[722.577s][info][gc          ] GC(1066) Pause Young (Normal) (G1 Evacuation Pause) 282M->90M(332M) 3.336ms
[722.577s][info][gc,cpu      ] GC(1066) User=0.02s Sys=0.00s Real=0.00s
[723.025s][info][gc,start    ] GC(1067) Pause Young (Normal) (G1 Evacuation Pause)
[723.025s][info][gc,task     ] GC(1067) Using 8 workers of 8 for evacuation
[723.028s][info][gc,phases   ] GC(1067)   Pre Evacuate Collection Set: 0.1ms
[723.028s][info][gc,phases   ] GC(1067)   Merge Heap Roots: 0.1ms
[723.028s][info][gc,phases   ] GC(1067)   Evacuate Collection Set: 2.1ms
[723.028s][info][gc,phases   ] GC(1067)   Post Evacuate Collection Set: 0.3ms
[723.028s][info][gc,phases   ] GC(1067)   Other: 0.0ms
[723.028s][info][gc,heap     ] GC(1067) Eden regions: 48->0(48)
[723.028s][info][gc,heap     ] GC(1067) Survivor regions: 1->1(7)
[723.028s][info][gc,heap     ] GC(1067) Old regions: 23->23
[723.028s][info][gc,heap     ] GC(1067) Humongous regions: 1->1
[723.028s][info][gc,metaspace] GC(1067) Metaspace: 54684K(56000K)->54684K(56000K) NonClass: 47466K(48256K)->47466K(48256K) Class: 7218K(7744K)->7218K(7744K)
[723.028s][info][gc          ] GC(1067) Pause Young (Normal) (G1 Evacuation Pause) 282M->90M(332M) 2.896ms
[723.028s][info][gc,cpu      ] GC(1067) User=0.01s Sys=0.00s Real=0.00s
[723.726s][info][gc,start    ] GC(1068) Pause Young (Normal) (G1 Evacuation Pause)
[723.726s][info][gc,task     ] GC(1068) Using 8 workers of 8 for evacuation
[723.730s][info][gc,phases   ] GC(1068)   Pre Evacuate Collection Set: 0.1ms
[723.730s][info][gc,phases   ] GC(1068)   Merge Heap Roots: 0.1ms
[723.730s][info][gc,phases   ] GC(1068)   Evacuate Collection Set: 2.9ms
[723.730s][info][gc,phases   ] GC(1068)   Post Evacuate Collection Set: 0.3ms
[723.730s][info][gc,phases   ] GC(1068)   Other: 0.1ms
[723.730s][info][gc,heap     ] GC(1068) Eden regions: 48->0(48)
[723.730s][info][gc,heap     ] GC(1068) Survivor regions: 1->1(7)
[723.730s][info][gc,heap     ] GC(1068) Old regions: 23->23
[723.730s][info][gc,heap     ] GC(1068) Humongous regions: 1->1
[723.730s][info][gc,metaspace] GC(1068) Metaspace: 54684K(56000K)->54684K(56000K) NonClass: 47466K(48256K)->47466K(48256K) Class: 7218K(7744K)->7218K(7744K)
[723.730s][info][gc          ] GC(1068) Pause Young (Normal) (G1 Evacuation Pause) 282M->90M(332M) 3.690ms
[723.730s][info][gc,cpu      ] GC(1068) User=0.02s Sys=0.00s Real=0.00s
[724.282s][info][gc,start    ] GC(1069) Pause Young (Normal) (G1 Evacuation Pause)
[724.282s][info][gc,task     ] GC(1069) Using 8 workers of 8 for evacuation
[724.285s][info][gc,phases   ] GC(1069)   Pre Evacuate Collection Set: 0.1ms
[724.285s][info][gc,phases   ] GC(1069)   Merge Heap Roots: 0.1ms
[724.285s][info][gc,phases   ] GC(1069)   Evacuate Collection Set: 2.1ms
[724.285s][info][gc,phases   ] GC(1069)   Post Evacuate Collection Set: 0.5ms
[724.285s][info][gc,phases   ] GC(1069)   Other: 0.1ms
[724.285s][info][gc,heap     ] GC(1069) Eden regions: 48->0(48)
[724.285s][info][gc,heap     ] GC(1069) Survivor regions: 1->1(7)
[724.285s][info][gc,heap     ] GC(1069) Old regions: 23->23
[724.285s][info][gc,heap     ] GC(1069) Humongous regions: 1->1
[724.285s][info][gc,metaspace] GC(1069) Metaspace: 54684K(56000K)->54684K(56000K) NonClass: 47466K(48256K)->47466K(48256K) Class: 7218K(7744K)->7218K(7744K)
[724.285s][info][gc          ] GC(1069) Pause Young (Normal) (G1 Evacuation Pause) 282M->90M(332M) 3.029ms
[724.285s][info][gc,cpu      ] GC(1069) User=0.01s Sys=0.00s Real=0.01s
[724.742s][info][gc,start    ] GC(1070) Pause Young (Normal) (G1 Evacuation Pause)
[724.742s][info][gc,task     ] GC(1070) Using 8 workers of 8 for evacuation
[724.745s][info][gc,phases   ] GC(1070)   Pre Evacuate Collection Set: 0.1ms
[724.745s][info][gc,phases   ] GC(1070)   Merge Heap Roots: 0.1ms
[724.745s][info][gc,phases   ] GC(1070)   Evacuate Collection Set: 2.6ms
[724.745s][info][gc,phases   ] GC(1070)   Post Evacuate Collection Set: 0.3ms
[724.745s][info][gc,phases   ] GC(1070)   Other: 0.0ms
[724.745s][info][gc,heap     ] GC(1070) Eden regions: 48->0(48)
[724.745s][info][gc,heap     ] GC(1070) Survivor regions: 1->1(7)
[724.745s][info][gc,heap     ] GC(1070) Old regions: 23->23
[724.745s][info][gc,heap     ] GC(1070) Humongous regions: 1->1
[724.745s][info][gc,metaspace] GC(1070) Metaspace: 54684K(56000K)->54684K(56000K) NonClass: 47466K(48256K)->47466K(48256K) Class: 7218K(7744K)->7218K(7744K)
[724.745s][info][gc          ] GC(1070) Pause Young (Normal) (G1 Evacuation Pause) 282M->90M(332M) 3.193ms
[724.745s][info][gc,cpu      ] GC(1070) User=0.01s Sys=0.00s Real=0.01s
[725.199s][info][gc,start    ] GC(1071) Pause Young (Normal) (G1 Evacuation Pause)
[725.199s][info][gc,task     ] GC(1071) Using 8 workers of 8 for evacuation
[725.202s][info][gc,phases   ] GC(1071)   Pre Evacuate Collection Set: 0.1ms
[725.203s][info][gc,phases   ] GC(1071)   Merge Heap Roots: 0.2ms
[725.203s][info][gc,phases   ] GC(1071)   Evacuate Collection Set: 2.9ms
[725.203s][info][gc,phases   ] GC(1071)   Post Evacuate Collection Set: 0.3ms
[725.203s][info][gc,phases   ] GC(1071)   Other: 0.1ms
[725.203s][info][gc,heap     ] GC(1071) Eden regions: 48->0(48)
[725.203s][info][gc,heap     ] GC(1071) Survivor regions: 1->1(7)
[725.203s][info][gc,heap     ] GC(1071) Old regions: 23->23
[725.203s][info][gc,heap     ] GC(1071) Humongous regions: 1->1
[725.203s][info][gc,metaspace] GC(1071) Metaspace: 54684K(56000K)->54684K(56000K) NonClass: 47466K(48256K)->47466K(48256K) Class: 7218K(7744K)->7218K(7744K)
[725.203s][info][gc          ] GC(1071) Pause Young (Normal) (G1 Evacuation Pause) 282M->91M(332M) 3.928ms
[725.203s][info][gc,cpu      ] GC(1071) User=0.01s Sys=0.00s Real=0.01s
[725.811s][info][gc,start    ] GC(1072) Pause Young (Normal) (G1 Evacuation Pause)
[725.812s][info][gc,task     ] GC(1072) Using 8 workers of 8 for evacuation
[725.815s][info][gc,phases   ] GC(1072)   Pre Evacuate Collection Set: 0.1ms
[725.815s][info][gc,phases   ] GC(1072)   Merge Heap Roots: 0.1ms
[725.815s][info][gc,phases   ] GC(1072)   Evacuate Collection Set: 2.5ms
[725.815s][info][gc,phases   ] GC(1072)   Post Evacuate Collection Set: 0.3ms
[725.815s][info][gc,phases   ] GC(1072)   Other: 0.0ms
[725.815s][info][gc,heap     ] GC(1072) Eden regions: 48->0(48)
[725.815s][info][gc,heap     ] GC(1072) Survivor regions: 1->1(7)
[725.815s][info][gc,heap     ] GC(1072) Old regions: 23->23
[725.815s][info][gc,heap     ] GC(1072) Humongous regions: 1->1
[725.815s][info][gc,metaspace] GC(1072) Metaspace: 54684K(56000K)->54684K(56000K) NonClass: 47466K(48256K)->47466K(48256K) Class: 7218K(7744K)->7218K(7744K)
[725.815s][info][gc          ] GC(1072) Pause Young (Normal) (G1 Evacuation Pause) 283M->91M(332M) 3.267ms
[725.815s][info][gc,cpu      ] GC(1072) User=0.01s Sys=0.00s Real=0.01s
[726.277s][info][gc,start    ] GC(1073) Pause Young (Normal) (G1 Evacuation Pause)
[726.278s][info][gc,task     ] GC(1073) Using 8 workers of 8 for evacuation
[726.281s][info][gc,phases   ] GC(1073)   Pre Evacuate Collection Set: 0.1ms
[726.281s][info][gc,phases   ] GC(1073)   Merge Heap Roots: 0.1ms
[726.281s][info][gc,phases   ] GC(1073)   Evacuate Collection Set: 2.4ms
[726.281s][info][gc,phases   ] GC(1073)   Post Evacuate Collection Set: 0.3ms
[726.281s][info][gc,phases   ] GC(1073)   Other: 0.1ms
[726.281s][info][gc,heap     ] GC(1073) Eden regions: 48->0(48)
[726.281s][info][gc,heap     ] GC(1073) Survivor regions: 1->1(7)
[726.281s][info][gc,heap     ] GC(1073) Old regions: 23->23
[726.281s][info][gc,heap     ] GC(1073) Humongous regions: 1->1
[726.281s][info][gc,metaspace] GC(1073) Metaspace: 54684K(56000K)->54684K(56000K) NonClass: 47466K(48256K)->47466K(48256K) Class: 7218K(7744K)->7218K(7744K)
[726.281s][info][gc          ] GC(1073) Pause Young (Normal) (G1 Evacuation Pause) 283M->91M(332M) 3.273ms
[726.281s][info][gc,cpu      ] GC(1073) User=0.02s Sys=0.00s Real=0.00s
[726.705s][info][gc,start    ] GC(1074) Pause Young (Normal) (G1 Evacuation Pause)
[726.705s][info][gc,task     ] GC(1074) Using 8 workers of 8 for evacuation
[726.708s][info][gc,phases   ] GC(1074)   Pre Evacuate Collection Set: 0.1ms
[726.708s][info][gc,phases   ] GC(1074)   Merge Heap Roots: 0.1ms
[726.708s][info][gc,phases   ] GC(1074)   Evacuate Collection Set: 2.7ms
[726.708s][info][gc,phases   ] GC(1074)   Post Evacuate Collection Set: 0.3ms
[726.708s][info][gc,phases   ] GC(1074)   Other: 0.1ms
[726.708s][info][gc,heap     ] GC(1074) Eden regions: 48->0(48)
[726.708s][info][gc,heap     ] GC(1074) Survivor regions: 1->1(7)
[726.708s][info][gc,heap     ] GC(1074) Old regions: 23->23
[726.708s][info][gc,heap     ] GC(1074) Humongous regions: 1->1
[726.708s][info][gc,metaspace] GC(1074) Metaspace: 54684K(56000K)->54684K(56000K) NonClass: 47466K(48256K)->47466K(48256K) Class: 7218K(7744K)->7218K(7744K)
[726.708s][info][gc          ] GC(1074) Pause Young (Normal) (G1 Evacuation Pause) 283M->91M(332M) 3.337ms
[726.708s][info][gc,cpu      ] GC(1074) User=0.01s Sys=0.01s Real=0.00s
[727.371s][info][gc,start    ] GC(1075) Pause Young (Normal) (G1 Evacuation Pause)
[727.371s][info][gc,task     ] GC(1075) Using 8 workers of 8 for evacuation
[727.374s][info][gc,phases   ] GC(1075)   Pre Evacuate Collection Set: 0.1ms
[727.374s][info][gc,phases   ] GC(1075)   Merge Heap Roots: 0.1ms
[727.374s][info][gc,phases   ] GC(1075)   Evacuate Collection Set: 2.3ms
[727.374s][info][gc,phases   ] GC(1075)   Post Evacuate Collection Set: 0.2ms
[727.374s][info][gc,phases   ] GC(1075)   Other: 0.1ms
[727.374s][info][gc,heap     ] GC(1075) Eden regions: 48->0(48)
[727.374s][info][gc,heap     ] GC(1075) Survivor regions: 1->1(7)
[727.374s][info][gc,heap     ] GC(1075) Old regions: 23->23
[727.374s][info][gc,heap     ] GC(1075) Humongous regions: 1->1
[727.374s][info][gc,metaspace] GC(1075) Metaspace: 54684K(56000K)->54684K(56000K) NonClass: 47466K(48256K)->47466K(48256K) Class: 7218K(7744K)->7218K(7744K)
[727.374s][info][gc          ] GC(1075) Pause Young (Normal) (G1 Evacuation Pause) 283M->91M(332M) 2.961ms
[727.374s][info][gc,cpu      ] GC(1075) User=0.01s Sys=0.00s Real=0.01s
[728.013s][info][gc,start    ] GC(1076) Pause Young (Normal) (G1 Evacuation Pause)
[728.014s][info][gc,task     ] GC(1076) Using 8 workers of 8 for evacuation
[728.017s][info][gc,phases   ] GC(1076)   Pre Evacuate Collection Set: 0.1ms
[728.017s][info][gc,phases   ] GC(1076)   Merge Heap Roots: 0.1ms
[728.017s][info][gc,phases   ] GC(1076)   Evacuate Collection Set: 2.6ms
[728.017s][info][gc,phases   ] GC(1076)   Post Evacuate Collection Set: 0.3ms
[728.017s][info][gc,phases   ] GC(1076)   Other: 0.0ms
[728.017s][info][gc,heap     ] GC(1076) Eden regions: 48->0(48)
[728.017s][info][gc,heap     ] GC(1076) Survivor regions: 1->1(7)
[728.017s][info][gc,heap     ] GC(1076) Old regions: 23->23
[728.017s][info][gc,heap     ] GC(1076) Humongous regions: 1->1
[728.017s][info][gc,metaspace] GC(1076) Metaspace: 54684K(56000K)->54684K(56000K) NonClass: 47466K(48256K)->47466K(48256K) Class: 7218K(7744K)->7218K(7744K)
[728.017s][info][gc          ] GC(1076) Pause Young (Normal) (G1 Evacuation Pause) 283M->91M(332M) 3.282ms
[728.017s][info][gc,cpu      ] GC(1076) User=0.01s Sys=0.00s Real=0.00s
