[441.617s] GC(9699) Collect on allocation
[441.618s] GC(9699)   Eden: 14.50M->0.00M
[441.618s] GC(9699)   Survivor: 0.00M->0.00M
[441.618s] GC(9699)   Old: 15.00M->15.00M
[441.618s] GC(9699)   Free: 4.00M->18.00M
[441.618s] GC(9699) Incremental GC (Collect on allocation) 29.50M->15.00M 0.921ms
[441.641s] GC(9700) Collect on allocation
[441.642s] GC(9700)   Eden: 14.00M->0.00M
[441.642s] GC(9700)   Survivor: 0.00M->0.00M
[441.642s] GC(9700)   Old: 15.00M->15.00M
[441.642s] GC(9700)   Free: 4.00M->17.50M
[441.642s] GC(9700) Incremental GC (Collect on allocation) 29.00M->15.00M 0.759ms
[441.664s] GC(9701) Collect on allocation
[441.665s] GC(9701)   Eden: 13.50M->0.00M
[441.665s] GC(9701)   Survivor: 0.00M->0.00M
[441.665s] GC(9701)   Old: 15.00M->15.00M
[441.665s] GC(9701)   Free: 4.00M->17.00M
[441.665s] GC(9701) Incremental GC (Collect on allocation) 28.50M->15.00M 0.905ms
[441.689s] GC(9702) Collect on allocation
[441.690s] GC(9702)   Eden: 13.00M->0.00M
[441.690s] GC(9702)   Survivor: 0.00M->0.00M
[441.690s] GC(9702)   Old: 15.00M->15.00M
[441.690s] GC(9702)   Free: 4.00M->16.50M
[441.690s] GC(9702) Incremental GC (Collect on allocation) 28.00M->15.00M 0.701ms
[441.711s] GC(9703) Collect on allocation
[441.712s] GC(9703)   Eden: 12.50M->0.00M
[441.712s] GC(9703)   Survivor: 0.00M->0.00M
[441.712s] GC(9703)   Old: 15.00M->15.00M
[441.712s] GC(9703)   Free: 4.00M->16.00M
[441.712s] GC(9703) Incremental GC (Collect on allocation) 27.50M->15.00M 0.791ms
[441.746s] GC(9704) Collect on allocation
[441.747s] GC(9704)   Eden: 12.00M->0.00M
[441.747s] GC(9704)   Survivor: 0.00M->0.00M
[441.747s] GC(9704)   Old: 15.00M->15.00M
[441.747s] GC(9704)   Free: 4.00M->15.50M
[441.747s] GC(9704) Incremental GC (Collect on allocation) 27.00M->15.00M 0.844ms
[441.778s] GC(9705) Collect on allocation
[441.779s] GC(9705)   Eden: 11.50M->0.00M
[441.779s] GC(9705)   Survivor: 0.00M->0.00M
[441.779s] GC(9705)   Old: 15.00M->15.00M
[441.779s] GC(9705)   Free: 4.00M->15.00M
[441.779s] GC(9705) Incremental GC (Collect on allocation) 26.50M->15.00M 1.154ms
[441.797s] GC(9706) Collect on allocation
[441.798s] GC(9706)   Eden: 11.00M->0.00M
[441.798s] GC(9706)   Survivor: 0.00M->0.00M
[441.798s] GC(9706)   Old: 15.00M->15.00M
[441.798s] GC(9706)   Free: 4.00M->15.00M
[441.798s] GC(9706) Incremental GC (Collect on allocation) 26.00M->15.00M 1.000ms
[441.814s] GC(9707) Collect on allocation
[441.815s] GC(9707)   Eden: 12.50M->0.00M
[441.815s] GC(9707)   Survivor: 0.00M->0.00M
[441.815s] GC(9707)   Old: 15.00M->15.00M
[441.815s] GC(9707)   Free: 2.50M->15.00M
[441.815s] GC(9707) Incremental GC (Collect on allocation) 27.50M->15.00M 1.287ms
[441.836s] GC(9708) Collect on allocation
[441.837s] GC(9708)   Eden: 14.00M->0.00M
[441.837s] GC(9708)   Survivor: 0.00M->0.00M
[441.837s] GC(9708)   Old: 15.00M->15.00M
[441.837s] GC(9708)   Free: 1.00M->15.00M
[441.837s] GC(9708) Incremental GC (Collect on allocation) 29.00M->15.00M 0.917ms
[441.859s] GC(9709) Collect on allocation
[441.860s] GC(9709)   Eden: 15.50M->0.00M
[441.860s] GC(9709)   Survivor: 0.00M->0.00M
[441.860s] GC(9709)   Old: 15.00M->15.00M
[441.860s] GC(9709)   Free: 0.00M->15.50M
[441.860s] GC(9709) Incremental GC (Collect on allocation) 30.50M->15.00M 0.827ms
[441.882s] GC(9710) Collect on allocation
[441.883s] GC(9710)   Eden: 17.00M->0.00M
[441.883s] GC(9710)   Survivor: 0.00M->0.00M
[441.883s] GC(9710)   Old: 15.00M->15.00M
[441.883s] GC(9710)   Free: 0.00M->17.00M
[441.883s] GC(9710) Incremental GC (Collect on allocation) 32.00M->15.00M 1.035ms
[441.917s] GC(9711) Collect on allocation
[441.918s] GC(9711)   Eden: 18.50M->0.00M
[441.918s] GC(9711)   Survivor: 0.00M->0.00M
[441.918s] GC(9711)   Old: 15.00M->15.00M
[441.918s] GC(9711)   Free: 0.00M->18.50M
[441.918s] GC(9711) Incremental GC (Collect on allocation) 33.50M->15.00M 1.431ms
[441.960s] GC(9712) Collect on allocation
[441.962s] GC(9712)   Eden: 20.00M->0.00M
[441.962s] GC(9712)   Survivor: 0.00M->0.00M
[441.962s] GC(9712)   Old: 15.00M->15.00M
[441.962s] GC(9712)   Free: 0.00M->20.00M
[441.962s] GC(9712) Incremental GC (Collect on allocation) 35.00M->15.00M 1.217ms
[442.032s] GC(9713) Collect on allocation
[442.051s] GC(9713)   Eden: 21.50M->0.00M
[442.051s] GC(9713)   Survivor: 0.00M->0.00M
[442.051s] GC(9713)   Old: 15.00M->15.00M
[442.051s] GC(9713)   Free: 0.00M->21.50M
[442.051s] GC(9713) Full GC (Collect on allocation) 36.50M->15.00M 18.790ms
[442.114s] GC(9714) Collect on allocation
[442.115s] GC(9714)   Eden: 25.50M->0.00M
[442.115s] GC(9714)   Survivor: 0.00M->0.00M
[442.115s] GC(9714)   Old: 15.00M->15.00M
[442.115s] GC(9714)   Free: 0.00M->25.50M
[442.115s] GC(9714) Incremental GC (Collect on allocation) 40.50M->15.00M 1.175ms
[442.170s] GC(9715) Collect on allocation
[442.171s] GC(9715)   Eden: 24.50M->0.00M
[442.171s] GC(9715)   Survivor: 0.00M->0.00M
[442.171s] GC(9715)   Old: 15.00M->15.00M
[442.171s] GC(9715)   Free: 1.00M->25.50M
[442.171s] GC(9715) Incremental GC (Collect on allocation) 39.50M->15.00M 0.880ms
[442.219s] GC(9716) Collect on allocation
[442.219s] GC(9716)   Eden: 23.50M->0.00M
[442.219s] GC(9716)   Survivor: 0.00M->0.00M
[442.219s] GC(9716)   Old: 15.00M->15.00M
[442.219s] GC(9716)   Free: 2.00M->25.50M
[442.220s] GC(9716) Incremental GC (Collect on allocation) 38.50M->15.00M 0.851ms
[442.288s] GC(9717) Collect on allocation
[442.289s] GC(9717)   Eden: 22.50M->0.00M
[442.289s] GC(9717)   Survivor: 0.00M->0.00M
[442.289s] GC(9717)   Old: 15.00M->15.00M
[442.289s] GC(9717)   Free: 3.00M->25.50M
[442.289s] GC(9717) Incremental GC (Collect on allocation) 37.50M->15.00M 0.850ms
[442.332s] GC(9718) Collect on allocation
[442.333s] GC(9718)   Eden: 22.00M->0.00M
[442.333s] GC(9718)   Survivor: 0.00M->0.00M
[442.333s] GC(9718)   Old: 15.00M->15.00M
[442.333s] GC(9718)   Free: 3.50M->25.50M
[442.333s] GC(9718) Incremental GC (Collect on allocation) 37.00M->15.00M 0.864ms
[442.370s] GC(9719) Collect on allocation
[442.371s] GC(9719)   Eden: 21.50M->0.00M
[442.371s] GC(9719)   Survivor: 0.00M->0.00M
[442.371s] GC(9719)   Old: 15.00M->15.00M
[442.371s] GC(9719)   Free: 4.00M->25.00M
[442.371s] GC(9719) Incremental GC (Collect on allocation) 36.50M->15.00M 1.454ms
[442.406s] GC(9720) Collect on allocation
[442.407s] GC(9720)   Eden: 21.00M->0.00M
[442.407s] GC(9720)   Survivor: 0.00M->0.00M
[442.407s] GC(9720)   Old: 15.00M->15.00M
[442.407s] GC(9720)   Free: 4.00M->24.50M
[442.407s] GC(9720) Incremental GC (Collect on allocation) 36.00M->15.00M 0.967ms
[442.441s] GC(9721) Collect on allocation
[442.442s] GC(9721)   Eden: 20.50M->0.00M
[442.442s] GC(9721)   Survivor: 0.00M->0.00M
[442.442s] GC(9721)   Old: 15.00M->15.00M
[442.442s] GC(9721)   Free: 4.00M->24.00M
[442.442s] GC(9721) Incremental GC (Collect on allocation) 35.50M->15.00M 0.833ms
[442.502s] GC(9722) Collect on allocation
[442.503s] GC(9722)   Eden: 20.00M->0.00M
[442.503s] GC(9722)   Survivor: 0.00M->0.00M
[442.503s] GC(9722)   Old: 15.00M->15.00M
[442.503s] GC(9722)   Free: 4.00M->23.50M
[442.503s] GC(9722) Incremental GC (Collect on allocation) 35.00M->15.00M 1.106ms
[442.566s] GC(9723) Collect on allocation
[442.567s] GC(9723)   Eden: 19.50M->0.00M
[442.567s] GC(9723)   Survivor: 0.00M->0.00M
[442.567s] GC(9723)   Old: 15.00M->15.00M
[442.567s] GC(9723)   Free: 4.00M->23.00M
[442.567s] GC(9723) Incremental GC (Collect on allocation) 34.50M->15.00M 1.104ms
[442.607s] GC(9724) Collect on allocation
[442.608s] GC(9724)   Eden: 19.00M->0.00M
[442.608s] GC(9724)   Survivor: 0.00M->0.00M
[442.608s] GC(9724)   Old: 15.00M->15.00M
[442.608s] GC(9724)   Free: 4.00M->22.50M
[442.608s] GC(9724) Incremental GC (Collect on allocation) 34.00M->15.00M 0.942ms
[442.639s] GC(9725) Collect on allocation
[442.640s] GC(9725)   Eden: 18.50M->0.00M
[442.640s] GC(9725)   Survivor: 0.00M->0.00M
[442.640s] GC(9725)   Old: 15.00M->15.00M
[442.640s] GC(9725)   Free: 4.00M->22.00M
[442.640s] GC(9725) Incremental GC (Collect on allocation) 33.50M->15.00M 1.062ms
[442.671s] GC(9726) Collect on allocation
[442.672s] GC(9726)   Eden: 18.00M->0.00M
[442.672s] GC(9726)   Survivor: 0.00M->0.00M
[442.672s] GC(9726)   Old: 15.00M->15.00M
[442.672s] GC(9726)   Free: 4.00M->21.50M
[442.672s] GC(9726) Incremental GC (Collect on allocation) 33.00M->15.00M 1.164ms
[442.724s] GC(9727) Collect on allocation
[442.725s] GC(9727)   Eden: 17.50M->0.00M
[442.725s] GC(9727)   Survivor: 0.00M->0.00M
[442.725s] GC(9727)   Old: 15.00M->15.00M
[442.725s] GC(9727)   Free: 4.00M->21.00M
[442.725s] GC(9727) Incremental GC (Collect on allocation) 32.50M->15.00M 0.899ms
[442.759s] GC(9728) Collect on allocation
[442.760s] GC(9728)   Eden: 17.00M->0.00M
[442.760s] GC(9728)   Survivor: 0.00M->0.00M
[442.760s] GC(9728)   Old: 15.00M->15.00M
[442.760s] GC(9728)   Free: 4.00M->20.50M
[442.760s] GC(9728) Incremental GC (Collect on allocation) 32.00M->15.00M 0.779ms
[442.788s] GC(9729) Collect on allocation
[442.789s] GC(9729)   Eden: 16.50M->0.00M
[442.789s] GC(9729)   Survivor: 0.00M->0.00M
[442.789s] GC(9729)   Old: 15.00M->15.00M
[442.789s] GC(9729)   Free: 4.00M->20.00M
[442.789s] GC(9729) Incremental GC (Collect on allocation) 31.50M->15.00M 0.816ms
[442.816s] GC(9730) Collect on allocation
[442.817s] GC(9730)   Eden: 16.00M->0.00M
[442.817s] GC(9730)   Survivor: 0.00M->0.00M
[442.817s] GC(9730)   Old: 15.00M->15.00M
[442.817s] GC(9730)   Free: 4.00M->19.50M
[442.817s] GC(9730) Incremental GC (Collect on allocation) 31.00M->15.00M 0.810ms
[442.843s] GC(9731) Collect on allocation
[442.845s] GC(9731)   Eden: 15.50M->0.00M
[442.845s] GC(9731)   Survivor: 0.00M->0.00M
[442.845s] GC(9731)   Old: 15.00M->15.00M
[442.845s] GC(9731)   Free: 4.00M->19.50M
[442.845s] GC(9731) Incremental GC (Collect on allocation) 30.50M->15.00M 1.646ms
[442.873s] GC(9732) Collect on allocation
[442.875s] GC(9732)   Eden: 17.00M->0.00M
[442.875s] GC(9732)   Survivor: 0.00M->0.00M
[442.875s] GC(9732)   Old: 15.00M->15.00M
[442.875s] GC(9732)   Free: 2.50M->19.50M
[442.875s] GC(9732) Incremental GC (Collect on allocation) 32.00M->15.00M 1.315ms
[442.916s] GC(9733) Collect on allocation
[442.918s] GC(9733)   Eden: 18.50M->0.00M
[442.918s] GC(9733)   Survivor: 0.00M->0.00M
[442.918s] GC(9733)   Old: 15.00M->15.00M
[442.918s] GC(9733)   Free: 1.00M->19.50M
[442.918s] GC(9733) Incremental GC (Collect on allocation) 33.50M->15.00M 1.110ms
[442.967s] GC(9734) Collect on allocation
[442.968s] GC(9734)   Eden: 20.00M->0.00M
[442.968s] GC(9734)   Survivor: 0.00M->0.00M
[442.968s] GC(9734)   Old: 15.00M->15.00M
[442.968s] GC(9734)   Free: 0.00M->20.00M
[442.968s] GC(9734) Incremental GC (Collect on allocation) 35.00M->15.00M 0.895ms
[443.020s] GC(9735) Collect on allocation
[443.021s] GC(9735)   Eden: 19.50M->0.00M
[443.021s] GC(9735)   Survivor: 0.00M->0.00M
[443.021s] GC(9735)   Old: 15.00M->15.00M
[443.021s] GC(9735)   Free: 0.50M->20.00M
[443.021s] GC(9735) Incremental GC (Collect on allocation) 34.50M->15.00M 1.497ms
[443.075s] GC(9736) Collect on allocation
[443.076s] GC(9736)   Eden: 19.00M->0.00M
[443.076s] GC(9736)   Survivor: 0.00M->0.00M
[443.076s] GC(9736)   Old: 15.00M->15.00M
[443.076s] GC(9736)   Free: 1.00M->20.00M
[443.076s] GC(9736) Incremental GC (Collect on allocation) 34.00M->15.00M 0.908ms
[443.120s] GC(9737) Collect on allocation
[443.122s] GC(9737)   Eden: 18.50M->0.00M
[443.122s] GC(9737)   Survivor: 0.00M->0.00M
[443.122s] GC(9737)   Old: 15.00M->15.00M
[443.122s] GC(9737)   Free: 1.50M->20.00M
[443.122s] GC(9737) Incremental GC (Collect on allocation) 33.50M->15.00M 1.160ms
[443.161s] GC(9738) Collect on allocation
[443.162s] GC(9738)   Eden: 18.00M->0.00M
[443.162s] GC(9738)   Survivor: 0.00M->0.00M
[443.162s] GC(9738)   Old: 15.00M->15.00M
[443.162s] GC(9738)   Free: 2.00M->20.00M
[443.162s] GC(9738) Incremental GC (Collect on allocation) 33.00M->15.00M 1.131ms
[443.197s] GC(9739) Collect on allocation
[443.198s] GC(9739)   Eden: 17.50M->0.00M
[443.198s] GC(9739)   Survivor: 0.00M->0.00M
[443.198s] GC(9739)   Old: 15.00M->15.00M
[443.198s] GC(9739)   Free: 2.50M->20.00M
[443.198s] GC(9739) Incremental GC (Collect on allocation) 32.50M->15.00M 0.971ms
[443.250s] GC(9740) Collect on allocation
[443.251s] GC(9740)   Eden: 17.00M->0.00M
[443.251s] GC(9740)   Survivor: 0.00M->0.00M
[443.251s] GC(9740)   Old: 15.00M->15.00M
[443.251s] GC(9740)   Free: 3.00M->20.00M
[443.251s] GC(9740) Incremental GC (Collect on allocation) 32.00M->15.00M 1.176ms
[443.294s] GC(9741) Collect on allocation
[443.310s] GC(9741)   Eden: 16.50M->0.00M
[443.310s] GC(9741)   Survivor: 0.00M->0.00M
[443.310s] GC(9741)   Old: 15.00M->15.00M
[443.310s] GC(9741)   Free: 3.50M->19.50M
[443.310s] GC(9741) Full GC (Collect on allocation) 31.50M->15.00M 15.857ms
[443.340s] GC(9742) Collect on allocation
[443.341s] GC(9742)   Eden: 15.50M->0.00M
[443.341s] GC(9742)   Survivor: 0.00M->0.00M
[443.341s] GC(9742)   Old: 15.00M->15.00M
[443.341s] GC(9742)   Free: 4.00M->19.00M
[443.341s] GC(9742) Incremental GC (Collect on allocation) 30.50M->15.00M 0.795ms
[443.364s] GC(9743) Collect on allocation
[443.364s] GC(9743)   Eden: 15.00M->0.00M
[443.364s] GC(9743)   Survivor: 0.00M->0.00M
[443.364s] GC(9743)   Old: 15.00M->15.00M
[443.364s] GC(9743)   Free: 4.00M->18.50M
[443.364s] GC(9743) Incremental GC (Collect on allocation) 30.00M->15.00M 0.610ms
[443.388s] GC(9744) Collect on allocation
[443.389s] GC(9744)   Eden: 14.50M->0.00M
[443.389s] GC(9744)   Survivor: 0.00M->0.00M
[443.389s] GC(9744)   Old: 15.00M->15.00M
[443.389s] GC(9744)   Free: 4.00M->18.00M
[443.389s] GC(9744) Incremental GC (Collect on allocation) 29.50M->15.00M 0.736ms
[443.411s] GC(9745) Collect on allocation
[443.412s] GC(9745)   Eden: 14.00M->0.00M
[443.412s] GC(9745)   Survivor: 0.00M->0.00M
[443.412s] GC(9745)   Old: 15.00M->15.00M
[443.412s] GC(9745)   Free: 4.00M->17.50M
[443.412s] GC(9745) Incremental GC (Collect on allocation) 29.00M->15.00M 0.677ms
[443.435s] GC(9746) Collect on allocation
[443.436s] GC(9746)   Eden: 13.50M->0.00M
[443.436s] GC(9746)   Survivor: 0.00M->0.00M
[443.436s] GC(9746)   Old: 15.00M->15.00M
[443.436s] GC(9746)   Free: 4.00M->17.00M
[443.436s] GC(9746) Incremental GC (Collect on allocation) 28.50M->15.00M 0.667ms
[443.468s] GC(9747) Collect on allocation
[443.469s] GC(9747)   Eden: 13.00M->0.00M
[443.469s] GC(9747)   Survivor: 0.00M->0.00M
[443.469s] GC(9747)   Old: 15.00M->15.00M
[443.469s] GC(9747)   Free: 4.00M->16.50M
[443.469s] GC(9747) Incremental GC (Collect on allocation) 28.00M->15.00M 0.634ms
[443.490s] GC(9748) Collect on allocation
[443.491s] GC(9748)   Eden: 12.50M->0.00M
[443.491s] GC(9748)   Survivor: 0.00M->0.00M
[443.491s] GC(9748)   Old: 15.00M->15.00M
[443.491s] GC(9748)   Free: 4.00M->16.00M
[443.491s] GC(9748) Incremental GC (Collect on allocation) 27.50M->15.00M 0.646ms
[443.513s] GC(9749) Collect on allocation
[443.514s] GC(9749)   Eden: 12.00M->0.00M
[443.514s] GC(9749)   Survivor: 0.00M->0.00M
[443.514s] GC(9749)   Old: 15.00M->15.00M
[443.515s] GC(9749)   Free: 4.00M->15.50M
[443.515s] GC(9749) Incremental GC (Collect on allocation) 27.00M->15.00M 0.908ms
[443.532s] GC(9750) Collect on allocation
[443.533s] GC(9750)   Eden: 11.50M->0.00M
[443.533s] GC(9750)   Survivor: 0.00M->0.00M
[443.533s] GC(9750)   Old: 15.00M->15.00M
[443.533s] GC(9750)   Free: 4.00M->15.00M
[443.533s] GC(9750) Incremental GC (Collect on allocation) 26.50M->15.00M 0.727ms
[443.548s] GC(9751) Collect on allocation
[443.549s] GC(9751)   Eden: 11.00M->0.00M
[443.549s] GC(9751)   Survivor: 0.00M->0.00M
[443.549s] GC(9751)   Old: 15.00M->15.00M
[443.549s] GC(9751)   Free: 4.00M->15.00M
[443.549s] GC(9751) Incremental GC (Collect on allocation) 26.00M->15.00M 0.763ms
[443.627s] GC(9752) Collect on allocation
[443.630s] GC(9752)   Eden: 12.50M->0.00M
[443.630s] GC(9752)   Survivor: 0.00M->0.00M
[443.630s] GC(9752)   Old: 15.00M->15.00M
[443.630s] GC(9752)   Free: 2.50M->15.00M
[443.630s] GC(9752) Incremental GC (Collect on allocation) 27.50M->15.00M 3.253ms
[443.779s] GC(9753) Collect on allocation
[443.781s] GC(9753)   Eden: 14.00M->0.00M
[443.781s] GC(9753)   Survivor: 0.00M->0.00M
[443.781s] GC(9753)   Old: 15.00M->15.00M
[443.781s] GC(9753)   Free: 1.00M->15.00M
[443.781s] GC(9753) Incremental GC (Collect on allocation) 29.00M->15.00M 1.724ms
[443.835s] GC(9754) Collect on allocation
[443.837s] GC(9754)   Eden: 13.50M->0.00M
[443.837s] GC(9754)   Survivor: 0.00M->0.00M
[443.838s] GC(9754)   Old: 15.00M->15.00M
[443.838s] GC(9754)   Free: 1.50M->15.00M
[443.838s] GC(9754) Incremental GC (Collect on allocation) 28.50M->15.00M 2.562ms
[443.924s] GC(9755) Collect on allocation
[443.925s] GC(9755)   Eden: 15.00M->0.00M
[443.925s] GC(9755)   Survivor: 0.00M->0.00M
[443.925s] GC(9755)   Old: 15.00M->15.00M
[443.925s] GC(9755)   Free: 0.00M->15.00M
[443.925s] GC(9755) Incremental GC (Collect on allocation) 30.00M->15.00M 0.827ms
[443.961s] GC(9756) Collect on allocation
[443.963s] GC(9756)   Eden: 14.50M->0.00M
[443.963s] GC(9756)   Survivor: 0.00M->0.00M
[443.963s] GC(9756)   Old: 15.00M->15.00M
[443.963s] GC(9756)   Free: 0.50M->15.00M
[443.963s] GC(9756) Incremental GC (Collect on allocation) 29.50M->15.00M 1.573ms
[444.070s] GC(9757) Collect on allocation
[444.071s] GC(9757)   Eden: 14.00M->0.00M
[444.071s] GC(9757)   Survivor: 0.00M->0.00M
[444.071s] GC(9757)   Old: 15.00M->15.00M
[444.071s] GC(9757)   Free: 1.00M->15.00M
[444.071s] GC(9757) Incremental GC (Collect on allocation) 29.00M->15.00M 1.073ms
[444.119s] GC(9758) Collect on allocation
[444.120s] GC(9758)   Eden: 13.50M->0.00M
[444.120s] GC(9758)   Survivor: 0.00M->0.00M
[444.120s] GC(9758)   Old: 15.00M->15.00M
[444.120s] GC(9758)   Free: 1.50M->15.00M
[444.120s] GC(9758) Incremental GC (Collect on allocation) 28.50M->15.00M 0.841ms
[444.149s] GC(9759) Collect on allocation
[444.150s] GC(9759)   Eden: 13.00M->0.00M
[444.150s] GC(9759)   Survivor: 0.00M->0.00M
[444.150s] GC(9759)   Old: 15.00M->15.00M
[444.150s] GC(9759)   Free: 2.00M->15.00M
[444.150s] GC(9759) Incremental GC (Collect on allocation) 28.00M->15.00M 1.186ms
[444.173s] GC(9760) Collect on allocation
[444.174s] GC(9760)   Eden: 12.50M->0.00M
[444.174s] GC(9760)   Survivor: 0.00M->0.00M
[444.174s] GC(9760)   Old: 15.00M->15.00M
[444.174s] GC(9760)   Free: 2.50M->15.00M
[444.174s] GC(9760) Incremental GC (Collect on allocation) 27.50M->15.00M 0.878ms
[444.190s] GC(9761) Collect on allocation
[444.191s] GC(9761)   Eden: 12.00M->0.00M
[444.191s] GC(9761)   Survivor: 0.00M->0.00M
[444.191s] GC(9761)   Old: 15.00M->15.00M
[444.191s] GC(9761)   Free: 3.00M->15.00M
[444.191s] GC(9761) Incremental GC (Collect on allocation) 27.00M->15.00M 0.988ms
[444.225s] GC(9762) Collect on allocation
[444.226s] GC(9762)   Eden: 13.50M->0.00M
[444.226s] GC(9762)   Survivor: 0.00M->0.00M
[444.226s] GC(9762)   Old: 15.00M->15.00M
[444.226s] GC(9762)   Free: 1.50M->15.00M
[444.226s] GC(9762) Incremental GC (Collect on allocation) 28.50M->15.00M 0.812ms
[444.253s] GC(9763) Collect on allocation
[444.255s] GC(9763)   Eden: 15.00M->0.00M
[444.255s] GC(9763)   Survivor: 0.00M->0.00M
[444.255s] GC(9763)   Old: 15.00M->15.00M
[444.255s] GC(9763)   Free: 0.00M->15.00M
[444.255s] GC(9763) Incremental GC (Collect on allocation) 30.00M->15.00M 1.287ms
[444.292s] GC(9764) Collect on allocation
[444.293s] GC(9764)   Eden: 16.50M->0.00M
[444.293s] GC(9764)   Survivor: 0.00M->0.00M
[444.293s] GC(9764)   Old: 15.00M->15.00M
[444.293s] GC(9764)   Free: 0.00M->16.50M
[444.293s] GC(9764) Incremental GC (Collect on allocation) 31.50M->15.00M 0.844ms
[444.376s] GC(9765) Collect on allocation
[444.413s] GC(9765)   Eden: 16.00M->0.00M
[444.413s] GC(9765)   Survivor: 0.00M->0.00M
[444.413s] GC(9765)   Old: 15.00M->15.00M
[444.413s] GC(9765)   Free: 0.50M->16.50M
[444.413s] GC(9765) Full GC (Collect on allocation) 31.00M->15.00M 36.699ms
[444.451s] GC(9766) Collect on allocation
[444.451s] GC(9766)   Eden: 15.00M->0.00M
[444.451s] GC(9766)   Survivor: 0.00M->0.00M
[444.451s] GC(9766)   Old: 15.00M->15.00M
[444.451s] GC(9766)   Free: 1.50M->16.50M
[444.451s] GC(9766) Incremental GC (Collect on allocation) 30.00M->15.00M 0.798ms
[444.484s] GC(9767) Collect on allocation
[444.485s] GC(9767)   Eden: 14.50M->0.00M
[444.485s] GC(9767)   Survivor: 0.00M->0.00M
[444.486s] GC(9767)   Old: 15.00M->15.00M
[444.486s] GC(9767)   Free: 2.00M->16.50M
[444.486s] GC(9767) Incremental GC (Collect on allocation) 29.50M->15.00M 1.054ms
[444.513s] GC(9768) Collect on allocation
[444.514s] GC(9768)   Eden: 14.00M->0.00M
[444.514s] GC(9768)   Survivor: 0.00M->0.00M
[444.514s] GC(9768)   Old: 15.00M->15.00M
[444.514s] GC(9768)   Free: 2.50M->16.50M
[444.514s] GC(9768) Incremental GC (Collect on allocation) 29.00M->15.00M 0.644ms
[444.547s] GC(9769) Collect on allocation
[444.548s] GC(9769)   Eden: 13.50M->0.00M
[444.548s] GC(9769)   Survivor: 0.00M->0.00M
[444.548s] GC(9769)   Old: 15.00M->15.00M
[444.549s] GC(9769)   Free: 3.00M->16.50M
[444.549s] GC(9769) Incremental GC (Collect on allocation) 28.50M->15.00M 0.932ms
[444.578s] GC(9770) Collect on allocation
[444.579s] GC(9770)   Eden: 13.00M->0.00M
[444.579s] GC(9770)   Survivor: 0.00M->0.00M
[444.579s] GC(9770)   Old: 15.00M->15.00M
[444.579s] GC(9770)   Free: 3.50M->16.50M
[444.579s] GC(9770) Incremental GC (Collect on allocation) 28.00M->15.00M 0.818ms
[444.603s] GC(9771) Collect on allocation
[444.605s] GC(9771)   Eden: 12.50M->0.00M
[444.605s] GC(9771)   Survivor: 0.00M->0.00M
[444.605s] GC(9771)   Old: 15.00M->15.00M
[444.605s] GC(9771)   Free: 4.00M->16.00M
[444.605s] GC(9771) Incremental GC (Collect on allocation) 27.50M->15.00M 1.022ms
[444.622s] GC(9772) Collect on allocation
[444.623s] GC(9772)   Eden: 12.00M->0.00M
[444.623s] GC(9772)   Survivor: 0.00M->0.00M
[444.623s] GC(9772)   Old: 15.00M->15.00M
[444.623s] GC(9772)   Free: 4.00M->15.50M
[444.623s] GC(9772) Incremental GC (Collect on allocation) 27.00M->15.00M 0.684ms
[444.645s] GC(9773) Collect on allocation
[444.645s] GC(9773)   Eden: 11.50M->0.00M
[444.645s] GC(9773)   Survivor: 0.00M->0.00M
[444.645s] GC(9773)   Old: 15.00M->15.00M
[444.646s] GC(9773)   Free: 4.00M->15.00M
[444.646s] GC(9773) Incremental GC (Collect on allocation) 26.50M->15.00M 0.724ms
[444.662s] GC(9774) Collect on allocation
[444.663s] GC(9774)   Eden: 11.00M->0.00M
[444.663s] GC(9774)   Survivor: 0.00M->0.00M
[444.663s] GC(9774)   Old: 15.00M->15.00M
[444.663s] GC(9774)   Free: 4.00M->15.00M
[444.663s] GC(9774) Incremental GC (Collect on allocation) 26.00M->15.00M 1.020ms
[444.696s] GC(9775) Collect on allocation
[444.698s] GC(9775)   Eden: 12.50M->0.00M
[444.698s] GC(9775)   Survivor: 0.00M->0.00M
[444.698s] GC(9775)   Old: 15.00M->15.00M
[444.698s] GC(9775)   Free: 2.50M->15.00M
[444.698s] GC(9775) Incremental GC (Collect on allocation) 27.50M->15.00M 1.492ms
[444.737s] GC(9776) Collect on allocation
[444.738s] GC(9776)   Eden: 14.00M->0.00M
[444.738s] GC(9776)   Survivor: 0.00M->0.00M
[444.738s] GC(9776)   Old: 15.00M->15.00M
[444.738s] GC(9776)   Free: 1.00M->15.00M
[444.738s] GC(9776) Incremental GC (Collect on allocation) 29.00M->15.00M 1.109ms
[444.773s] GC(9777) Collect on allocation
[444.774s] GC(9777)   Eden: 15.50M->0.00M
[444.774s] GC(9777)   Survivor: 0.00M->0.00M
[444.774s] GC(9777)   Old: 15.00M->15.00M
[444.774s] GC(9777)   Free: 0.00M->15.50M
[444.775s] GC(9777) Incremental GC (Collect on allocation) 30.50M->15.00M 1.144ms
[444.819s] GC(9778) Collect on allocation
[444.820s] GC(9778)   Eden: 17.00M->0.00M
[444.820s] GC(9778)   Survivor: 0.00M->0.00M
[444.820s] GC(9778)   Old: 15.00M->15.00M
[444.820s] GC(9778)   Free: 0.00M->17.00M
[444.820s] GC(9778) Incremental GC (Collect on allocation) 32.00M->15.00M 0.994ms
[444.872s] GC(9779) Collect on allocation
[444.873s] GC(9779)   Eden: 18.50M->0.00M
[444.873s] GC(9779)   Survivor: 0.00M->0.00M
[444.873s] GC(9779)   Old: 15.00M->15.00M
[444.874s] GC(9779)   Free: 0.00M->18.50M
[444.874s] GC(9779) Incremental GC (Collect on allocation) 33.50M->15.00M 1.773ms
[444.923s] GC(9780) Collect on allocation
[444.924s] GC(9780)   Eden: 20.00M->0.00M
[444.924s] GC(9780)   Survivor: 0.00M->0.00M
[444.924s] GC(9780)   Old: 15.00M->15.00M
[444.924s] GC(9780)   Free: 0.00M->20.00M
[444.924s] GC(9780) Incremental GC (Collect on allocation) 35.00M->15.00M 0.909ms
[444.967s] GC(9781) Collect on allocation
[444.968s] GC(9781)   Eden: 19.50M->0.00M
[444.968s] GC(9781)   Survivor: 0.00M->0.00M
[444.968s] GC(9781)   Old: 15.00M->15.00M
[444.968s] GC(9781)   Free: 0.50M->20.00M
[444.968s] GC(9781) Incremental GC (Collect on allocation) 34.50M->15.00M 0.992ms
[445.014s] GC(9782) Collect on allocation
[445.015s] GC(9782)   Eden: 19.00M->0.00M
[445.015s] GC(9782)   Survivor: 0.00M->0.00M
[445.015s] GC(9782)   Old: 15.00M->15.00M
[445.015s] GC(9782)   Free: 1.00M->20.00M
[445.015s] GC(9782) Incremental GC (Collect on allocation) 34.00M->15.00M 1.162ms
[445.049s] GC(9783) Collect on allocation
[445.050s] GC(9783)   Eden: 18.50M->0.00M
[445.050s] GC(9783)   Survivor: 0.00M->0.00M
[445.050s] GC(9783)   Old: 15.00M->15.00M
[445.050s] GC(9783)   Free: 1.50M->20.00M
[445.050s] GC(9783) Incremental GC (Collect on allocation) 33.50M->15.00M 1.215ms
[445.082s] GC(9784) Collect on allocation
[445.083s] GC(9784)   Eden: 18.00M->0.00M
[445.083s] GC(9784)   Survivor: 0.00M->0.00M
[445.083s] GC(9784)   Old: 15.00M->15.00M
[445.083s] GC(9784)   Free: 2.00M->20.00M
[445.083s] GC(9784) Incremental GC (Collect on allocation) 33.00M->15.00M 0.857ms
[445.113s] GC(9785) Collect on allocation
[445.114s] GC(9785)   Eden: 17.50M->0.00M
[445.114s] GC(9785)   Survivor: 0.00M->0.00M
[445.114s] GC(9785)   Old: 15.00M->15.00M
[445.114s] GC(9785)   Free: 2.50M->20.00M
[445.114s] GC(9785) Incremental GC (Collect on allocation) 32.50M->15.00M 1.296ms
[445.148s] GC(9786) Collect on allocation
[445.149s] GC(9786)   Eden: 17.00M->0.00M
[445.149s] GC(9786)   Survivor: 0.00M->0.00M
[445.149s] GC(9786)   Old: 15.00M->15.00M
[445.149s] GC(9786)   Free: 3.00M->20.00M
[445.149s] GC(9786) Incremental GC (Collect on allocation) 32.00M->15.00M 1.069ms
[445.267s] GC(9787) Collect on allocation
[445.269s] GC(9787)   Eden: 16.50M->0.00M
[445.269s] GC(9787)   Survivor: 0.00M->0.00M
[445.269s] GC(9787)   Old: 15.00M->15.00M
[445.269s] GC(9787)   Free: 3.50M->20.00M
[445.269s] GC(9787) Incremental GC (Collect on allocation) 31.50M->15.00M 1.524ms
[445.325s] GC(9788) Collect on allocation
[445.326s] GC(9788)   Eden: 16.00M->0.00M
[445.326s] GC(9788)   Survivor: 0.00M->0.00M
[445.326s] GC(9788)   Old: 15.00M->15.00M
[445.326s] GC(9788)   Free: 4.00M->19.50M
[445.326s] GC(9788) Incremental GC (Collect on allocation) 31.00M->15.00M 0.988ms
[445.367s] GC(9789) Collect on allocation
[445.369s] GC(9789)   Eden: 15.50M->0.00M
[445.369s] GC(9789)   Survivor: 0.00M->0.00M
[445.369s] GC(9789)   Old: 15.00M->15.00M
[445.369s] GC(9789)   Free: 4.00M->19.00M
[445.369s] GC(9789) Incremental GC (Collect on allocation) 30.50M->15.00M 1.135ms
[445.394s] GC(9790) Collect on allocation
[445.395s] GC(9790)   Eden: 15.00M->0.00M
[445.395s] GC(9790)   Survivor: 0.00M->0.00M
[445.395s] GC(9790)   Old: 15.00M->15.00M
[445.395s] GC(9790)   Free: 4.00M->18.50M
[445.395s] GC(9790) Incremental GC (Collect on allocation) 30.00M->15.00M 0.919ms
[445.423s] GC(9791) Collect on allocation
[445.424s] GC(9791)   Eden: 14.50M->0.00M
[445.424s] GC(9791)   Survivor: 0.00M->0.00M
[445.424s] GC(9791)   Old: 15.00M->15.00M
[445.424s] GC(9791)   Free: 4.00M->18.00M
[445.424s] GC(9791) Incremental GC (Collect on allocation) 29.50M->15.00M 1.051ms
[445.448s] GC(9792) Collect on allocation
[445.450s] GC(9792)   Eden: 14.00M->0.00M
[445.450s] GC(9792)   Survivor: 0.00M->0.00M
[445.450s] GC(9792)   Old: 15.00M->15.00M
[445.450s] GC(9792)   Free: 4.00M->18.00M
[445.450s] GC(9792) Incremental GC (Collect on allocation) 29.00M->15.00M 0.973ms
[445.470s] GC(9793) Collect on allocation
[445.471s] GC(9793)   Eden: 15.00M->0.00M
[445.471s] GC(9793)   Survivor: 0.00M->0.00M
[445.471s] GC(9793)   Old: 15.00M->15.00M
[445.471s] GC(9793)   Free: 3.00M->18.00M
[445.471s] GC(9793) Incremental GC (Collect on allocation) 30.00M->15.00M 1.424ms
[445.507s] GC(9794) Collect on allocation
[445.509s] GC(9794)   Eden: 16.50M->0.00M
[445.509s] GC(9794)   Survivor: 0.00M->0.00M
[445.509s] GC(9794)   Old: 15.00M->15.50M
[445.509s] GC(9794)   Free: 1.50M->17.50M
[445.509s] GC(9794) Incremental GC (Collect on allocation) 31.50M->15.50M 1.292ms
[445.546s] GC(9795) Collect on allocation
[445.547s] GC(9795)   Eden: 18.00M->0.00M
[445.547s] GC(9795)   Survivor: 0.00M->0.00M
[445.547s] GC(9795)   Old: 15.50M->15.50M
[445.547s] GC(9795)   Free: 0.00M->18.00M
[445.547s] GC(9795) Incremental GC (Collect on allocation) 33.50M->15.50M 0.768ms
[445.591s] GC(9796) Collect on allocation
[445.592s] GC(9796)   Eden: 19.50M->0.00M
[445.592s] GC(9796)   Survivor: 0.00M->0.00M
[445.592s] GC(9796)   Old: 15.50M->15.50M
[445.592s] GC(9796)   Free: 0.00M->19.50M
[445.592s] GC(9796) Incremental GC (Collect on allocation) 35.00M->15.50M 0.909ms
[445.630s] GC(9797) Collect on allocation
[445.631s] GC(9797)   Eden: 19.00M->0.00M
[445.631s] GC(9797)   Survivor: 0.00M->0.00M
[445.631s] GC(9797)   Old: 15.50M->15.50M
[445.631s] GC(9797)   Free: 0.50M->19.50M
[445.631s] GC(9797) Incremental GC (Collect on allocation) 34.50M->15.50M 1.010ms
[445.662s] GC(9798) Collect on allocation
[445.663s] GC(9798)   Eden: 18.50M->0.00M
[445.663s] GC(9798)   Survivor: 0.00M->0.00M
[445.663s] GC(9798)   Old: 15.50M->15.50M
[445.663s] GC(9798)   Free: 1.00M->19.50M
[445.663s] GC(9798) Incremental GC (Collect on allocation) 34.00M->15.50M 0.897ms
[445.704s] GC(9799) Collect on allocation
[445.705s] GC(9799)   Eden: 18.00M->0.00M
[445.705s] GC(9799)   Survivor: 0.00M->0.00M
[445.705s] GC(9799)   Old: 15.50M->15.50M
[445.705s] GC(9799)   Free: 1.50M->19.50M
[445.705s] GC(9799) Incremental GC (Collect on allocation) 33.50M->15.50M 0.744ms
[445.744s] GC(9800) Collect on allocation
[445.744s] GC(9800)   Eden: 17.50M->0.00M
[445.744s] GC(9800)   Survivor: 0.00M->0.00M
[445.744s] GC(9800)   Old: 15.50M->15.50M
[445.744s] GC(9800)   Free: 2.00M->19.50M
[445.744s] GC(9800) Incremental GC (Collect on allocation) 33.00M->15.50M 0.757ms
[445.780s] GC(9801) Collect on allocation
[445.781s] GC(9801)   Eden: 17.00M->0.00M
[445.781s] GC(9801)   Survivor: 0.00M->0.00M
[445.781s] GC(9801)   Old: 15.50M->15.50M
[445.781s] GC(9801)   Free: 2.50M->19.50M
[445.781s] GC(9801) Incremental GC (Collect on allocation) 32.50M->15.50M 0.989ms
[445.815s] GC(9802) Collect on allocation
[445.816s] GC(9802)   Eden: 16.50M->0.00M
[445.816s] GC(9802)   Survivor: 0.00M->0.00M
[445.816s] GC(9802)   Old: 15.50M->15.50M
[445.816s] GC(9802)   Free: 3.00M->19.50M
[445.816s] GC(9802) Incremental GC (Collect on allocation) 32.00M->15.50M 0.928ms
[445.847s] GC(9803) Collect on allocation
[445.847s] GC(9803)   Eden: 16.00M->0.00M
[445.847s] GC(9803)   Survivor: 0.00M->0.00M
[445.847s] GC(9803)   Old: 15.50M->15.50M
[445.847s] GC(9803)   Free: 3.50M->19.50M
[445.847s] GC(9803) Incremental GC (Collect on allocation) 31.50M->15.50M 0.790ms
[445.875s] GC(9804) Collect on allocation
[445.876s] GC(9804)   Eden: 15.50M->0.00M
[445.876s] GC(9804)   Survivor: 0.00M->0.00M
[445.876s] GC(9804)   Old: 15.50M->15.50M
[445.876s] GC(9804)   Free: 4.00M->19.00M
[445.876s] GC(9804) Incremental GC (Collect on allocation) 31.00M->15.50M 0.683ms
[445.899s] GC(9805) Collect on allocation
[445.900s] GC(9805)   Eden: 15.00M->0.00M
[445.900s] GC(9805)   Survivor: 0.00M->0.00M
[445.900s] GC(9805)   Old: 15.50M->15.50M
[445.900s] GC(9805)   Free: 4.00M->18.50M
[445.900s] GC(9805) Incremental GC (Collect on allocation) 30.50M->15.50M 0.721ms
[445.932s] GC(9806) Collect on allocation
[445.933s] GC(9806)   Eden: 14.50M->0.00M
[445.933s] GC(9806)   Survivor: 0.00M->0.00M
[445.933s] GC(9806)   Old: 15.50M->15.50M
[445.933s] GC(9806)   Free: 4.00M->18.00M
[445.933s] GC(9806) Incremental GC (Collect on allocation) 30.00M->15.50M 0.698ms
[445.965s] GC(9807) Collect on allocation
[445.966s] GC(9807)   Eden: 14.00M->0.00M
[445.966s] GC(9807)   Survivor: 0.00M->0.00M
[445.966s] GC(9807)   Old: 15.50M->15.50M
[445.966s] GC(9807)   Free: 4.00M->17.50M
[445.966s] GC(9807) Incremental GC (Collect on allocation) 29.50M->15.50M 0.903ms
[445.995s] GC(9808) Collect on allocation
[445.996s] GC(9808)   Eden: 13.50M->0.00M
[445.996s] GC(9808)   Survivor: 0.00M->0.00M
[445.996s] GC(9808)   Old: 15.50M->15.50M
[445.996s] GC(9808)   Free: 4.00M->17.00M
[445.996s] GC(9808) Incremental GC (Collect on allocation) 29.00M->15.50M 0.702ms
[446.028s] GC(9809) Collect on allocation
[446.029s] GC(9809)   Eden: 13.00M->0.00M
[446.029s] GC(9809)   Survivor: 0.00M->0.00M
[446.029s] GC(9809)   Old: 15.50M->15.50M
[446.029s] GC(9809)   Free: 4.00M->16.50M
[446.029s] GC(9809) Incremental GC (Collect on allocation) 28.50M->15.50M 0.671ms
[446.054s] GC(9810) Collect on allocation
[446.071s] GC(9810)   Eden: 12.50M->0.00M
[446.071s] GC(9810)   Survivor: 0.00M->0.00M
[446.071s] GC(9810)   Old: 15.50M->15.00M
[446.071s] GC(9810)   Free: 4.00M->17.00M
[446.071s] GC(9810) Full GC (Collect on allocation) 28.00M->15.00M 17.458ms
[446.099s] GC(9811) Collect on allocation
[446.100s] GC(9811)   Eden: 15.00M->0.00M
[446.100s] GC(9811)   Survivor: 0.00M->0.00M
[446.100s] GC(9811)   Old: 15.00M->15.00M
[446.100s] GC(9811)   Free: 2.00M->17.00M
[446.100s] GC(9811) Incremental GC (Collect on allocation) 30.00M->15.00M 0.832ms
[446.124s] GC(9812) Collect on allocation
[446.125s] GC(9812)   Eden: 14.50M->0.00M
[446.125s] GC(9812)   Survivor: 0.00M->0.00M
[446.125s] GC(9812)   Old: 15.00M->15.00M
[446.125s] GC(9812)   Free: 2.50M->17.00M
[446.125s] GC(9812) Incremental GC (Collect on allocation) 29.50M->15.00M 0.689ms
[446.147s] GC(9813) Collect on allocation
[446.149s] GC(9813)   Eden: 14.00M->0.00M
[446.149s] GC(9813)   Survivor: 0.00M->0.00M
[446.149s] GC(9813)   Old: 15.00M->15.00M
[446.149s] GC(9813)   Free: 3.00M->17.00M
[446.149s] GC(9813) Incremental GC (Collect on allocation) 29.00M->15.00M 1.141ms
[446.177s] GC(9814) Collect on allocation
[446.178s] GC(9814)   Eden: 15.50M->0.00M
[446.178s] GC(9814)   Survivor: 0.00M->0.00M
[446.178s] GC(9814)   Old: 15.00M->15.00M
[446.178s] GC(9814)   Free: 1.50M->17.00M
[446.178s] GC(9814) Incremental GC (Collect on allocation) 30.50M->15.00M 0.850ms
[446.207s] GC(9815) Collect on allocation
[446.207s] GC(9815)   Eden: 15.00M->0.00M
[446.207s] GC(9815)   Survivor: 0.00M->0.00M
[446.207s] GC(9815)   Old: 15.00M->15.00M
[446.208s] GC(9815)   Free: 2.00M->17.00M
[446.208s] GC(9815) Incremental GC (Collect on allocation) 30.00M->15.00M 0.770ms
[446.233s] GC(9816) Collect on allocation
[446.233s] GC(9816)   Eden: 14.50M->0.00M
[446.233s] GC(9816)   Survivor: 0.00M->0.00M
[446.233s] GC(9816)   Old: 15.00M->15.00M
[446.233s] GC(9816)   Free: 2.50M->17.00M
[446.233s] GC(9816) Incremental GC (Collect on allocation) 29.50M->15.00M 0.693ms
[446.254s] GC(9817) Collect on allocation
[446.255s] GC(9817)   Eden: 14.00M->0.00M
[446.255s] GC(9817)   Survivor: 0.00M->0.00M
[446.255s] GC(9817)   Old: 15.00M->15.00M
[446.255s] GC(9817)   Free: 3.00M->17.00M
[446.255s] GC(9817) Incremental GC (Collect on allocation) 29.00M->15.00M 0.810ms
[446.281s] GC(9818) Collect on allocation
[446.282s] GC(9818)   Eden: 13.50M->0.00M
[446.282s] GC(9818)   Survivor: 0.00M->0.00M
[446.282s] GC(9818)   Old: 15.00M->15.00M
[446.282s] GC(9818)   Free: 3.50M->17.00M
[446.282s] GC(9818) Incremental GC (Collect on allocation) 28.50M->15.00M 0.870ms
[446.308s] GC(9819) Collect on allocation
[446.309s] GC(9819)   Eden: 13.00M->0.00M
[446.309s] GC(9819)   Survivor: 0.00M->0.00M
[446.309s] GC(9819)   Old: 15.00M->15.00M
[446.309s] GC(9819)   Free: 4.00M->16.50M
[446.309s] GC(9819) Incremental GC (Collect on allocation) 28.00M->15.00M 0.914ms
[446.344s] GC(9820) Collect on allocation
[446.345s] GC(9820)   Eden: 12.50M->0.00M
[446.345s] GC(9820)   Survivor: 0.00M->0.00M
[446.345s] GC(9820)   Old: 15.00M->15.00M
[446.345s] GC(9820)   Free: 4.00M->16.00M
[446.345s] GC(9820) Incremental GC (Collect on allocation) 27.50M->15.00M 0.722ms
[446.375s] GC(9821) Collect on allocation
[446.376s] GC(9821)   Eden: 12.00M->0.00M
[446.376s] GC(9821)   Survivor: 0.00M->0.00M
[446.376s] GC(9821)   Old: 15.00M->15.00M
[446.376s] GC(9821)   Free: 4.00M->15.50M
[446.376s] GC(9821) Incremental GC (Collect on allocation) 27.00M->15.00M 0.852ms
[446.400s] GC(9822) Collect on allocation
[446.402s] GC(9822)   Eden: 11.50M->0.00M
[446.402s] GC(9822)   Survivor: 0.00M->0.00M
[446.402s] GC(9822)   Old: 15.00M->15.00M
[446.402s] GC(9822)   Free: 4.00M->15.00M
[446.402s] GC(9822) Incremental GC (Collect on allocation) 26.50M->15.00M 1.082ms
[446.436s] GC(9823) Collect on allocation
[446.437s] GC(9823)   Eden: 11.00M->0.00M
[446.437s] GC(9823)   Survivor: 0.00M->0.00M
[446.437s] GC(9823)   Old: 15.00M->15.00M
[446.437s] GC(9823)   Free: 4.00M->14.50M
[446.437s] GC(9823) Incremental GC (Collect on allocation) 26.00M->15.00M 0.952ms
[446.476s] GC(9824) Collect on allocation
[446.477s] GC(9824)   Eden: 10.50M->0.00M
[446.477s] GC(9824)   Survivor: 0.00M->0.00M
[446.477s] GC(9824)   Old: 15.00M->15.00M
[446.477s] GC(9824)   Free: 4.00M->14.00M
[446.477s] GC(9824) Incremental GC (Collect on allocation) 25.50M->15.00M 1.387ms
[446.519s] GC(9825) Collect on allocation
[446.520s] GC(9825)   Eden: 10.00M->0.00M
[446.520s] GC(9825)   Survivor: 0.00M->0.00M
[446.520s] GC(9825)   Old: 15.00M->15.00M
[446.520s] GC(9825)   Free: 4.00M->13.50M
[446.520s] GC(9825) Incremental GC (Collect on allocation) 25.00M->15.00M 1.168ms
[446.538s] GC(9826) Collect on allocation
[446.539s] GC(9826)   Eden: 9.50M->0.00M
[446.539s] GC(9826)   Survivor: 0.00M->0.00M
[446.539s] GC(9826)   Old: 15.00M->15.00M
[446.539s] GC(9826)   Free: 4.00M->13.50M
[446.539s] GC(9826) Incremental GC (Collect on allocation) 24.50M->15.00M 0.876ms
[446.563s] GC(9827) Collect on allocation
[446.563s] GC(9827)   Eden: 10.50M->0.00M
[446.563s] GC(9827)   Survivor: 0.00M->0.00M
[446.563s] GC(9827)   Old: 15.00M->15.00M
[446.563s] GC(9827)   Free: 3.00M->13.50M
[446.563s] GC(9827) Incremental GC (Collect on allocation) 25.50M->15.00M 0.822ms
[446.594s] GC(9828) Collect on allocation
[446.595s] GC(9828)   Eden: 12.00M->0.00M
[446.595s] GC(9828)   Survivor: 0.00M->0.00M
[446.595s] GC(9828)   Old: 15.00M->15.00M
[446.595s] GC(9828)   Free: 1.50M->13.50M
[446.595s] GC(9828) Incremental GC (Collect on allocation) 27.00M->15.00M 0.888ms
[446.627s] GC(9829) Collect on allocation
[446.627s] GC(9829)   Eden: 11.50M->0.00M
[446.627s] GC(9829)   Survivor: 0.00M->0.00M
[446.627s] GC(9829)   Old: 15.00M->15.00M
[446.627s] GC(9829)   Free: 2.00M->13.50M
[446.627s] GC(9829) Incremental GC (Collect on allocation) 26.50M->15.00M 0.848ms
[446.650s] GC(9830) Collect on allocation
[446.651s] GC(9830)   Eden: 11.00M->0.00M
[446.651s] GC(9830)   Survivor: 0.00M->0.00M
[446.651s] GC(9830)   Old: 15.00M->15.00M
[446.651s] GC(9830)   Free: 2.50M->13.50M
[446.651s] GC(9830) Incremental GC (Collect on allocation) 26.00M->15.00M 1.092ms
[446.679s] GC(9831) Collect on allocation
[446.682s] GC(9831)   Eden: 12.50M->0.00M
[446.682s] GC(9831)   Survivor: 0.00M->0.00M
[446.682s] GC(9831)   Old: 15.00M->15.00M
[446.682s] GC(9831)   Free: 1.00M->13.50M
[446.682s] GC(9831) Incremental GC (Collect on allocation) 27.50M->15.00M 2.919ms
[446.721s] GC(9832) Collect on allocation
[446.722s] GC(9832)   Eden: 12.00M->0.00M
[446.722s] GC(9832)   Survivor: 0.00M->0.00M
[446.722s] GC(9832)   Old: 15.00M->15.00M
[446.722s] GC(9832)   Free: 1.50M->13.50M
[446.722s] GC(9832) Incremental GC (Collect on allocation) 27.00M->15.00M 1.334ms
[446.754s] GC(9833) Collect on allocation
[446.755s] GC(9833)   Eden: 11.50M->0.00M
[446.755s] GC(9833)   Survivor: 0.00M->0.00M
[446.755s] GC(9833)   Old: 15.00M->15.00M
[446.755s] GC(9833)   Free: 2.00M->13.50M
[446.755s] GC(9833) Incremental GC (Collect on allocation) 26.50M->15.00M 0.994ms
[446.775s] GC(9834) Collect on allocation
[446.776s] GC(9834)   Eden: 11.00M->0.00M
[446.776s] GC(9834)   Survivor: 0.00M->0.00M
[446.776s] GC(9834)   Old: 15.00M->15.00M
[446.776s] GC(9834)   Free: 2.50M->13.50M
[446.776s] GC(9834) Incremental GC (Collect on allocation) 26.00M->15.00M 1.062ms
[446.816s] GC(9835) Collect on allocation
[446.817s] GC(9835)   Eden: 12.50M->0.00M
[446.817s] GC(9835)   Survivor: 0.00M->0.00M
[446.817s] GC(9835)   Old: 15.00M->15.00M
[446.817s] GC(9835)   Free: 1.00M->13.50M
[446.817s] GC(9835) Incremental GC (Collect on allocation) 27.50M->15.00M 1.308ms
[446.852s] GC(9836) Collect on allocation
[446.854s] GC(9836)   Eden: 14.00M->0.00M
[446.854s] GC(9836)   Survivor: 0.00M->0.00M
[446.854s] GC(9836)   Old: 15.00M->15.00M
[446.854s] GC(9836)   Free: 0.00M->14.00M
[446.854s] GC(9836) Incremental GC (Collect on allocation) 29.00M->15.00M 1.254ms
[446.888s] GC(9837) Collect on allocation
[446.889s] GC(9837)   Eden: 15.50M->0.00M
[446.889s] GC(9837)   Survivor: 0.00M->0.00M
[446.889s] GC(9837)   Old: 15.00M->15.00M
[446.889s] GC(9837)   Free: 0.00M->15.50M
[446.889s] GC(9837) Incremental GC (Collect on allocation) 30.50M->15.00M 1.749ms
[446.919s] GC(9838) Collect on allocation
[446.920s] GC(9838)   Eden: 15.00M->0.00M
[446.920s] GC(9838)   Survivor: 0.00M->0.00M
[446.920s] GC(9838)   Old: 15.00M->15.00M
[446.920s] GC(9838)   Free: 0.50M->15.50M
[446.920s] GC(9838) Incremental GC (Collect on allocation) 30.00M->15.00M 1.156ms
[446.947s] GC(9839) Collect on allocation
[446.948s] GC(9839)   Eden: 14.50M->0.00M
[446.948s] GC(9839)   Survivor: 0.00M->0.00M
[446.948s] GC(9839)   Old: 15.00M->15.50M
[446.948s] GC(9839)   Free: 1.00M->15.00M
[446.948s] GC(9839) Incremental GC (Collect on allocation) 29.50M->15.50M 1.348ms
[446.977s] GC(9840) Collect on allocation
[446.978s] GC(9840)   Eden: 14.00M->0.00M
[446.978s] GC(9840)   Survivor: 0.00M->0.00M
[446.978s] GC(9840)   Old: 15.50M->15.50M
[446.978s] GC(9840)   Free: 1.00M->15.00M
[446.978s] GC(9840) Incremental GC (Collect on allocation) 29.50M->15.50M 0.659ms
[447.004s] GC(9841) Collect on allocation
[447.004s] GC(9841)   Eden: 13.50M->0.00M
[447.004s] GC(9841)   Survivor: 0.00M->0.00M
[447.005s] GC(9841)   Old: 15.50M->15.50M
[447.005s] GC(9841)   Free: 1.50M->15.00M
[447.005s] GC(9841) Incremental GC (Collect on allocation) 29.00M->15.50M 0.610ms
[447.026s] GC(9842) Collect on allocation
[447.027s] GC(9842)   Eden: 13.00M->0.00M
[447.027s] GC(9842)   Survivor: 0.00M->0.00M
[447.027s] GC(9842)   Old: 15.50M->15.50M
[447.027s] GC(9842)   Free: 2.00M->15.00M
[447.027s] GC(9842) Incremental GC (Collect on allocation) 28.50M->15.50M 0.860ms
[447.052s] GC(9843) Collect on allocation
[447.052s] GC(9843)   Eden: 12.50M->0.00M
[447.052s] GC(9843)   Survivor: 0.00M->0.00M
[447.052s] GC(9843)   Old: 15.50M->15.50M
[447.053s] GC(9843)   Free: 2.50M->15.00M
[447.053s] GC(9843) Incremental GC (Collect on allocation) 28.00M->15.50M 0.684ms
[447.076s] GC(9844) Collect on allocation
[447.077s] GC(9844)   Eden: 12.00M->0.00M
[447.077s] GC(9844)   Survivor: 0.00M->0.00M
[447.077s] GC(9844)   Old: 15.50M->15.50M
[447.077s] GC(9844)   Free: 3.00M->15.00M
[447.077s] GC(9844) Incremental GC (Collect on allocation) 27.50M->15.50M 0.722ms
[447.105s] GC(9845) Collect on allocation
[447.106s] GC(9845)   Eden: 11.50M->0.00M
[447.106s] GC(9845)   Survivor: 0.00M->0.00M
[447.106s] GC(9845)   Old: 15.50M->15.50M
[447.106s] GC(9845)   Free: 3.50M->15.00M
[447.106s] GC(9845) Incremental GC (Collect on allocation) 27.00M->15.50M 0.716ms
[447.128s] GC(9846) Collect on allocation
[447.129s] GC(9846)   Eden: 11.00M->0.00M
[447.129s] GC(9846)   Survivor: 0.00M->0.00M
[447.129s] GC(9846)   Old: 15.50M->15.50M
[447.129s] GC(9846)   Free: 4.00M->14.50M
[447.129s] GC(9846) Incremental GC (Collect on allocation) 26.50M->15.50M 1.075ms
[447.147s] GC(9847) Collect on allocation
[447.148s] GC(9847)   Eden: 10.50M->0.00M
[447.148s] GC(9847)   Survivor: 0.00M->0.00M
[447.148s] GC(9847)   Old: 15.50M->15.50M
[447.148s] GC(9847)   Free: 4.00M->14.00M
[447.148s] GC(9847) Incremental GC (Collect on allocation) 26.00M->15.50M 0.679ms
[447.163s] GC(9848) Collect on allocation
[447.163s] GC(9848)   Eden: 10.00M->0.00M
[447.163s] GC(9848)   Survivor: 0.00M->0.00M
[447.163s] GC(9848)   Old: 15.50M->15.50M
[447.163s] GC(9848)   Free: 4.00M->14.00M
[447.163s] GC(9848) Incremental GC (Collect on allocation) 25.50M->15.50M 0.699ms
[447.186s] GC(9849) Collect on allocation
[447.187s] GC(9849)   Eden: 11.00M->0.00M
[447.187s] GC(9849)   Survivor: 0.00M->0.00M
[447.187s] GC(9849)   Old: 15.50M->15.50M
[447.187s] GC(9849)   Free: 3.00M->14.00M
[447.187s] GC(9849) Incremental GC (Collect on allocation) 26.50M->15.50M 0.612ms
[447.215s] GC(9850) Collect on allocation
[447.215s] GC(9850)   Eden: 10.50M->0.00M
[447.215s] GC(9850)   Survivor: 0.00M->0.00M
[447.215s] GC(9850)   Old: 15.50M->15.50M
[447.215s] GC(9850)   Free: 3.50M->14.00M
[447.215s] GC(9850) Incremental GC (Collect on allocation) 26.00M->15.50M 0.785ms
[447.239s] GC(9851) Collect on allocation
[447.239s] GC(9851)   Eden: 10.00M->0.00M
[447.239s] GC(9851)   Survivor: 0.00M->0.00M
[447.239s] GC(9851)   Old: 15.50M->15.50M
[447.239s] GC(9851)   Free: 4.00M->13.50M
[447.239s] GC(9851) Incremental GC (Collect on allocation) 25.50M->15.50M 0.719ms
[447.252s] GC(9852) Collect on allocation
[447.252s] GC(9852)   Eden: 9.50M->0.00M
[447.252s] GC(9852)   Survivor: 0.00M->0.00M
[447.252s] GC(9852)   Old: 15.50M->15.50M
[447.252s] GC(9852)   Free: 4.00M->13.00M
[447.252s] GC(9852) Incremental GC (Collect on allocation) 25.00M->15.50M 0.602ms
[447.266s] GC(9853) Collect on allocation
[447.266s] GC(9853)   Eden: 9.00M->0.00M
[447.266s] GC(9853)   Survivor: 0.00M->0.00M
[447.266s] GC(9853)   Old: 15.50M->15.50M
[447.266s] GC(9853)   Free: 4.00M->13.00M
[447.266s] GC(9853) Incremental GC (Collect on allocation) 24.50M->15.50M 0.627ms
[447.280s] GC(9854) Collect on allocation
[447.280s] GC(9854)   Eden: 10.00M->0.00M
[447.280s] GC(9854)   Survivor: 0.00M->0.00M
[447.281s] GC(9854)   Old: 15.50M->15.50M
[447.281s] GC(9854)   Free: 3.00M->13.00M
[447.281s] GC(9854) Incremental GC (Collect on allocation) 25.50M->15.50M 0.709ms
[447.299s] GC(9855) Collect on allocation
[447.300s] GC(9855)   Eden: 11.00M->0.00M
[447.300s] GC(9855)   Survivor: 0.00M->0.00M
[447.300s] GC(9855)   Old: 15.50M->15.50M
[447.300s] GC(9855)   Free: 2.00M->13.00M
[447.300s] GC(9855) Incremental GC (Collect on allocation) 26.50M->15.50M 0.651ms
[447.331s] GC(9856) Collect on allocation
[447.348s] GC(9856)   Eden: 12.50M->0.00M
[447.348s] GC(9856)   Survivor: 0.00M->0.00M
[447.348s] GC(9856)   Old: 15.50M->15.00M
[447.348s] GC(9856)   Free: 0.50M->13.50M
[447.348s] GC(9856) Full GC (Collect on allocation) 28.00M->15.00M 16.928ms
[447.372s] GC(9857) Collect on allocation
[447.373s] GC(9857)   Eden: 11.50M->0.00M
[447.373s] GC(9857)   Survivor: 0.00M->0.00M
[447.373s] GC(9857)   Old: 15.00M->15.00M
[447.373s] GC(9857)   Free: 2.00M->13.50M
[447.373s] GC(9857) Incremental GC (Collect on allocation) 26.50M->15.00M 0.937ms
[447.390s] GC(9858) Collect on allocation
[447.390s] GC(9858)   Eden: 11.00M->0.00M
[447.390s] GC(9858)   Survivor: 0.00M->0.00M
[447.390s] GC(9858)   Old: 15.00M->15.00M
[447.390s] GC(9858)   Free: 2.50M->13.50M
[447.390s] GC(9858) Incremental GC (Collect on allocation) 26.00M->15.00M 0.645ms
[447.410s] GC(9859) Collect on allocation
[447.411s] GC(9859)   Eden: 10.50M->0.00M
[447.411s] GC(9859)   Survivor: 0.00M->0.00M
[447.411s] GC(9859)   Old: 15.00M->15.00M
[447.411s] GC(9859)   Free: 3.00M->13.50M
[447.411s] GC(9859) Incremental GC (Collect on allocation) 25.50M->15.00M 0.783ms
[447.435s] GC(9860) Collect on allocation
[447.436s] GC(9860)   Eden: 10.00M->0.00M
[447.436s] GC(9860)   Survivor: 0.00M->0.00M
[447.436s] GC(9860)   Old: 15.00M->15.00M
[447.436s] GC(9860)   Free: 3.50M->13.50M
[447.436s] GC(9860) Incremental GC (Collect on allocation) 25.00M->15.00M 0.724ms
[447.461s] GC(9861) Collect on allocation
[447.462s] GC(9861)   Eden: 9.50M->0.00M
[447.462s] GC(9861)   Survivor: 0.00M->0.00M
[447.462s] GC(9861)   Old: 15.00M->15.00M
[447.462s] GC(9861)   Free: 4.00M->13.00M
[447.462s] GC(9861) Incremental GC (Collect on allocation) 24.50M->15.00M 0.721ms
[447.482s] GC(9862) Collect on allocation
[447.483s] GC(9862)   Eden: 9.00M->0.00M
[447.483s] GC(9862)   Survivor: 0.00M->0.00M
[447.483s] GC(9862)   Old: 15.00M->15.00M
[447.483s] GC(9862)   Free: 4.00M->12.50M
[447.483s] GC(9862) Incremental GC (Collect on allocation) 24.00M->15.00M 0.828ms
[447.495s] GC(9863) Collect on allocation
[447.496s] GC(9863)   Eden: 8.50M->0.00M
[447.496s] GC(9863)   Survivor: 0.00M->0.00M
[447.496s] GC(9863)   Old: 15.00M->15.00M
[447.496s] GC(9863)   Free: 4.00M->12.50M
[447.496s] GC(9863) Incremental GC (Collect on allocation) 23.50M->15.00M 0.936ms
[447.511s] GC(9864) Collect on allocation
[447.512s] GC(9864)   Eden: 9.50M->0.00M
[447.512s] GC(9864)   Survivor: 0.00M->0.00M
[447.512s] GC(9864)   Old: 15.00M->15.00M
[447.512s] GC(9864)   Free: 3.00M->12.50M
[447.512s] GC(9864) Incremental GC (Collect on allocation) 24.50M->15.00M 1.385ms
[447.530s] GC(9865) Collect on allocation
[447.532s] GC(9865)   Eden: 10.50M->0.00M
[447.532s] GC(9865)   Survivor: 0.00M->0.00M
[447.532s] GC(9865)   Old: 15.00M->15.00M
[447.532s] GC(9865)   Free: 2.00M->12.50M
[447.532s] GC(9865) Incremental GC (Collect on allocation) 25.50M->15.00M 1.204ms
[447.556s] GC(9866) Collect on allocation
[447.557s] GC(9866)   Eden: 12.00M->0.00M
[447.557s] GC(9866)   Survivor: 0.00M->0.00M
[447.557s] GC(9866)   Old: 15.00M->15.00M
[447.557s] GC(9866)   Free: 0.50M->12.50M
[447.557s] GC(9866) Incremental GC (Collect on allocation) 27.00M->15.00M 1.108ms
[447.598s] GC(9867) Collect on allocation
[447.599s] GC(9867)   Eden: 13.50M->0.00M
[447.599s] GC(9867)   Survivor: 0.00M->0.00M
[447.599s] GC(9867)   Old: 15.00M->15.00M
[447.599s] GC(9867)   Free: 0.00M->13.50M
[447.599s] GC(9867) Incremental GC (Collect on allocation) 28.50M->15.00M 1.401ms
[447.635s] GC(9868) Collect on allocation
[447.636s] GC(9868)   Eden: 15.00M->0.00M
[447.636s] GC(9868)   Survivor: 0.00M->0.00M
[447.636s] GC(9868)   Old: 15.00M->15.00M
[447.636s] GC(9868)   Free: 0.00M->15.00M
[447.636s] GC(9868) Incremental GC (Collect on allocation) 30.00M->15.00M 1.042ms
[447.667s] GC(9869) Collect on allocation
[447.668s] GC(9869)   Eden: 16.50M->0.00M
[447.668s] GC(9869)   Survivor: 0.00M->0.00M
[447.668s] GC(9869)   Old: 15.00M->15.00M
[447.668s] GC(9869)   Free: 0.00M->16.50M
[447.668s] GC(9869) Incremental GC (Collect on allocation) 31.50M->15.00M 0.947ms
[447.697s] GC(9870) Collect on allocation
[447.698s] GC(9870)   Eden: 18.00M->0.00M
[447.698s] GC(9870)   Survivor: 0.00M->0.00M
[447.698s] GC(9870)   Old: 15.00M->15.00M
[447.698s] GC(9870)   Free: 0.00M->18.00M
[447.698s] GC(9870) Incremental GC (Collect on allocation) 33.00M->15.00M 0.807ms
[447.742s] GC(9871) Collect on allocation
[447.743s] GC(9871)   Eden: 19.50M->0.00M
[447.743s] GC(9871)   Survivor: 0.00M->0.00M
[447.743s] GC(9871)   Old: 15.00M->15.00M
[447.743s] GC(9871)   Free: 0.00M->19.50M
[447.743s] GC(9871) Incremental GC (Collect on allocation) 34.50M->15.00M 0.830ms
[447.775s] GC(9872) Collect on allocation
[447.776s] GC(9872)   Eden: 19.00M->0.00M
[447.776s] GC(9872)   Survivor: 0.00M->0.00M
[447.776s] GC(9872)   Old: 15.00M->15.00M
[447.776s] GC(9872)   Free: 0.50M->19.50M
[447.776s] GC(9872) Incremental GC (Collect on allocation) 34.00M->15.00M 0.972ms
[447.811s] GC(9873) Collect on allocation
[447.812s] GC(9873)   Eden: 18.50M->0.00M
[447.812s] GC(9873)   Survivor: 0.00M->0.00M
[447.812s] GC(9873)   Old: 15.00M->15.00M
[447.812s] GC(9873)   Free: 1.00M->19.50M
[447.812s] GC(9873) Incremental GC (Collect on allocation) 33.50M->15.00M 1.252ms
[447.849s] GC(9874) Collect on allocation
[447.850s] GC(9874)   Eden: 18.00M->0.00M
[447.850s] GC(9874)   Survivor: 0.00M->0.00M
[447.850s] GC(9874)   Old: 15.00M->15.00M
[447.850s] GC(9874)   Free: 1.50M->19.50M
[447.850s] GC(9874) Incremental GC (Collect on allocation) 33.00M->15.00M 0.894ms
[447.880s] GC(9875) Collect on allocation
[447.882s] GC(9875)   Eden: 17.50M->0.00M
[447.882s] GC(9875)   Survivor: 0.00M->0.00M
[447.882s] GC(9875)   Old: 15.00M->15.00M
[447.882s] GC(9875)   Free: 2.00M->19.50M
[447.882s] GC(9875) Incremental GC (Collect on allocation) 32.50M->15.00M 1.445ms
[447.911s] GC(9876) Collect on allocation
[447.913s] GC(9876)   Eden: 17.00M->0.00M
[447.913s] GC(9876)   Survivor: 0.00M->0.00M
[447.913s] GC(9876)   Old: 15.00M->15.00M
[447.913s] GC(9876)   Free: 2.50M->19.50M
[447.913s] GC(9876) Incremental GC (Collect on allocation) 32.00M->15.00M 1.060ms
[447.942s] GC(9877) Collect on allocation
[447.943s] GC(9877)   Eden: 16.50M->0.00M
[447.943s] GC(9877)   Survivor: 0.00M->0.00M
[447.943s] GC(9877)   Old: 15.00M->15.00M
[447.943s] GC(9877)   Free: 3.00M->19.50M
[447.944s] GC(9877) Incremental GC (Collect on allocation) 31.50M->15.00M 1.112ms
[447.982s] GC(9878) Collect on allocation
[447.983s] GC(9878)   Eden: 16.00M->0.00M
[447.983s] GC(9878)   Survivor: 0.00M->0.00M
[447.983s] GC(9878)   Old: 15.00M->15.50M
[447.983s] GC(9878)   Free: 3.50M->19.00M
[447.983s] GC(9878) Incremental GC (Collect on allocation) 31.00M->15.50M 0.895ms
[448.021s] GC(9879) Collect on allocation
[448.024s] GC(9879)   Eden: 15.50M->0.00M
[448.024s] GC(9879)   Survivor: 0.00M->0.00M
[448.024s] GC(9879)   Old: 15.50M->15.50M
[448.024s] GC(9879)   Free: 3.50M->19.00M
[448.024s] GC(9879) Incremental GC (Collect on allocation) 31.00M->15.50M 1.970ms
[448.090s] GC(9880) Collect on allocation
[448.091s] GC(9880)   Eden: 17.00M->0.00M
[448.091s] GC(9880)   Survivor: 0.00M->0.00M
[448.091s] GC(9880)   Old: 15.50M->15.50M
[448.091s] GC(9880)   Free: 2.00M->19.00M
[448.091s] GC(9880) Incremental GC (Collect on allocation) 32.50M->15.50M 0.872ms
[448.135s] GC(9881) Collect on allocation
[448.135s] GC(9881)   Eden: 16.50M->0.00M
[448.135s] GC(9881)   Survivor: 0.00M->0.00M
[448.135s] GC(9881)   Old: 15.50M->15.50M
[448.135s] GC(9881)   Free: 2.50M->19.00M
[448.135s] GC(9881) Incremental GC (Collect on allocation) 32.00M->15.50M 0.665ms
[448.171s] GC(9882) Collect on allocation
[448.172s] GC(9882)   Eden: 16.00M->0.00M
[448.172s] GC(9882)   Survivor: 0.00M->0.00M
[448.172s] GC(9882)   Old: 15.50M->15.50M
[448.172s] GC(9882)   Free: 3.00M->19.00M
[448.172s] GC(9882) Incremental GC (Collect on allocation) 31.50M->15.50M 0.763ms
[448.203s] GC(9883) Collect on allocation
[448.204s] GC(9883)   Eden: 15.50M->0.00M
[448.204s] GC(9883)   Survivor: 0.00M->0.00M
[448.204s] GC(9883)   Old: 15.50M->15.50M
[448.204s] GC(9883)   Free: 3.50M->19.00M
[448.204s] GC(9883) Incremental GC (Collect on allocation) 31.00M->15.50M 0.654ms
[448.239s] GC(9884) Collect on allocation
[448.240s] GC(9884)   Eden: 15.00M->0.00M
[448.240s] GC(9884)   Survivor: 0.00M->0.00M
[448.240s] GC(9884)   Old: 15.50M->15.50M
[448.240s] GC(9884)   Free: 4.00M->18.50M
[448.240s] GC(9884) Incremental GC (Collect on allocation) 30.50M->15.50M 0.625ms
[448.267s] GC(9885) Collect on allocation
[448.268s] GC(9885)   Eden: 14.50M->0.00M
[448.268s] GC(9885)   Survivor: 0.00M->0.00M
[448.268s] GC(9885)   Old: 15.50M->15.50M
[448.268s] GC(9885)   Free: 4.00M->18.00M
[448.268s] GC(9885) Incremental GC (Collect on allocation) 30.00M->15.50M 0.800ms
[448.292s] GC(9886) Collect on allocation
[448.293s] GC(9886)   Eden: 14.00M->0.00M
[448.293s] GC(9886)   Survivor: 0.00M->0.00M
[448.293s] GC(9886)   Old: 15.50M->15.50M
[448.293s] GC(9886)   Free: 4.00M->17.50M
[448.293s] GC(9886) Incremental GC (Collect on allocation) 29.50M->15.50M 0.693ms
[448.325s] GC(9887) Collect on allocation
[448.326s] GC(9887)   Eden: 13.50M->0.00M
[448.326s] GC(9887)   Survivor: 0.00M->0.00M
[448.326s] GC(9887)   Old: 15.50M->15.50M
[448.326s] GC(9887)   Free: 4.00M->17.00M
[448.326s] GC(9887) Incremental GC (Collect on allocation) 29.00M->15.50M 0.685ms
[448.361s] GC(9888) Collect on allocation
[448.362s] GC(9888)   Eden: 13.00M->0.00M
[448.362s] GC(9888)   Survivor: 0.00M->0.00M
[448.362s] GC(9888)   Old: 15.50M->15.50M
[448.362s] GC(9888)   Free: 4.00M->16.50M
[448.362s] GC(9888) Incremental GC (Collect on allocation) 28.50M->15.50M 0.795ms
[448.387s] GC(9889) Collect on allocation
[448.388s] GC(9889)   Eden: 12.50M->0.00M
[448.388s] GC(9889)   Survivor: 0.00M->0.00M
[448.388s] GC(9889)   Old: 15.50M->15.50M
[448.388s] GC(9889)   Free: 4.00M->16.00M
[448.388s] GC(9889) Incremental GC (Collect on allocation) 28.00M->15.50M 0.870ms
[448.410s] GC(9890) Collect on allocation
[448.411s] GC(9890)   Eden: 12.00M->0.00M
[448.411s] GC(9890)   Survivor: 0.00M->0.00M
[448.411s] GC(9890)   Old: 15.50M->15.50M
[448.411s] GC(9890)   Free: 4.00M->15.50M
[448.411s] GC(9890) Incremental GC (Collect on allocation) 27.50M->15.50M 0.815ms
[448.431s] GC(9891) Collect on allocation
[448.433s] GC(9891)   Eden: 11.50M->0.00M
[448.433s] GC(9891)   Survivor: 0.00M->0.00M
[448.433s] GC(9891)   Old: 15.50M->15.50M
[448.433s] GC(9891)   Free: 4.00M->15.00M
[448.433s] GC(9891) Incremental GC (Collect on allocation) 27.00M->15.50M 1.053ms
[448.457s] GC(9892) Collect on allocation
[448.458s] GC(9892)   Eden: 11.00M->0.00M
[448.458s] GC(9892)   Survivor: 0.00M->0.00M
[448.458s] GC(9892)   Old: 15.50M->15.50M
[448.458s] GC(9892)   Free: 4.00M->14.50M
[448.458s] GC(9892) Incremental GC (Collect on allocation) 26.50M->15.50M 0.800ms
[448.476s] GC(9893) Collect on allocation
[448.477s] GC(9893)   Eden: 10.50M->0.00M
[448.477s] GC(9893)   Survivor: 0.00M->0.00M
[448.477s] GC(9893)   Old: 15.50M->15.50M
[448.477s] GC(9893)   Free: 4.00M->14.50M
[448.477s] GC(9893) Incremental GC (Collect on allocation) 26.00M->15.50M 0.782ms
[448.509s] GC(9894) Collect on allocation
[448.510s] GC(9894)   Eden: 12.00M->0.00M
[448.510s] GC(9894)   Survivor: 0.00M->0.00M
[448.510s] GC(9894)   Old: 15.50M->15.50M
[448.510s] GC(9894)   Free: 2.50M->14.50M
[448.510s] GC(9894) Incremental GC (Collect on allocation) 27.50M->15.50M 0.705ms
[448.530s] GC(9895) Collect on allocation
[448.531s] GC(9895)   Eden: 11.50M->0.00M
[448.531s] GC(9895)   Survivor: 0.00M->0.00M
[448.531s] GC(9895)   Old: 15.50M->15.50M
[448.531s] GC(9895)   Free: 3.00M->14.50M
[448.531s] GC(9895) Incremental GC (Collect on allocation) 27.00M->15.50M 0.882ms
[448.546s] GC(9896) Collect on allocation
[448.547s] GC(9896)   Eden: 11.00M->0.00M
[448.547s] GC(9896)   Survivor: 0.00M->0.00M
[448.547s] GC(9896)   Old: 15.50M->15.50M
[448.547s] GC(9896)   Free: 3.50M->14.50M
[448.547s] GC(9896) Incremental GC (Collect on allocation) 26.50M->15.50M 1.021ms
[448.567s] GC(9897) Collect on allocation
[448.585s] GC(9897)   Eden: 12.50M->0.00M
[448.585s] GC(9897)   Survivor: 0.00M->0.00M
[448.585s] GC(9897)   Old: 15.50M->15.00M
[448.585s] GC(9897)   Free: 2.00M->15.00M
[448.585s] GC(9897) Full GC (Collect on allocation) 28.00M->15.00M 17.511ms
[448.640s] GC(9898) Collect on allocation
[448.641s] GC(9898)   Eden: 15.50M->0.00M
[448.641s] GC(9898)   Survivor: 0.00M->0.00M
[448.641s] GC(9898)   Old: 15.00M->15.00M
[448.641s] GC(9898)   Free: 0.00M->15.50M
[448.641s] GC(9898) Incremental GC (Collect on allocation) 30.50M->15.00M 1.409ms
[448.678s] GC(9899) Collect on allocation
[448.679s] GC(9899)   Eden: 17.00M->0.00M
[448.679s] GC(9899)   Survivor: 0.00M->0.00M
[448.679s] GC(9899)   Old: 15.00M->15.00M
[448.679s] GC(9899)   Free: 0.00M->17.00M
[448.679s] GC(9899) Incremental GC (Collect on allocation) 32.00M->15.00M 0.851ms
[448.705s] GC(9900) Collect on allocation
[448.706s] GC(9900)   Eden: 18.50M->0.00M
[448.706s] GC(9900)   Survivor: 0.00M->0.00M
[448.706s] GC(9900)   Old: 15.00M->15.00M
[448.706s] GC(9900)   Free: 0.00M->18.50M
[448.706s] GC(9900) Incremental GC (Collect on allocation) 33.50M->15.00M 0.769ms
[448.748s] GC(9901) Collect on allocation
[448.748s] GC(9901)   Eden: 18.00M->0.00M
[448.748s] GC(9901)   Survivor: 0.00M->0.00M
[448.748s] GC(9901)   Old: 15.00M->15.00M
[448.748s] GC(9901)   Free: 0.50M->18.50M
[448.748s] GC(9901) Incremental GC (Collect on allocation) 33.00M->15.00M 0.767ms
[448.778s] GC(9902) Collect on allocation
[448.778s] GC(9902)   Eden: 17.50M->0.00M
[448.778s] GC(9902)   Survivor: 0.00M->0.00M
[448.778s] GC(9902)   Old: 15.00M->15.00M
[448.778s] GC(9902)   Free: 1.00M->18.50M
[448.778s] GC(9902) Incremental GC (Collect on allocation) 32.50M->15.00M 0.721ms
[448.806s] GC(9903) Collect on allocation
[448.807s] GC(9903)   Eden: 17.00M->0.00M
[448.807s] GC(9903)   Survivor: 0.00M->0.00M
[448.807s] GC(9903)   Old: 15.00M->15.00M
[448.807s] GC(9903)   Free: 1.50M->18.50M
[448.807s] GC(9903) Incremental GC (Collect on allocation) 32.00M->15.00M 0.733ms
[448.866s] GC(9904) Collect on allocation
[448.868s] GC(9904)   Eden: 16.50M->0.00M
[448.868s] GC(9904)   Survivor: 0.00M->0.00M
[448.868s] GC(9904)   Old: 15.00M->15.00M
[448.868s] GC(9904)   Free: 2.00M->18.50M
[448.868s] GC(9904) Incremental GC (Collect on allocation) 31.50M->15.00M 1.093ms
[448.936s] GC(9905) Collect on allocation
[448.937s] GC(9905)   Eden: 16.00M->0.00M
[448.937s] GC(9905)   Survivor: 0.00M->0.00M
[448.937s] GC(9905)   Old: 15.00M->15.00M
[448.937s] GC(9905)   Free: 2.50M->18.50M
[448.937s] GC(9905) Incremental GC (Collect on allocation) 31.00M->15.00M 0.717ms
[448.974s] GC(9906) Collect on allocation
[448.975s] GC(9906)   Eden: 15.50M->0.00M
[448.975s] GC(9906)   Survivor: 0.00M->0.00M
[448.975s] GC(9906)   Old: 15.00M->15.00M
[448.975s] GC(9906)   Free: 3.00M->18.50M
[448.975s] GC(9906) Incremental GC (Collect on allocation) 30.50M->15.00M 0.789ms
[449.025s] GC(9907) Collect on allocation
[449.026s] GC(9907)   Eden: 15.00M->0.00M
[449.026s] GC(9907)   Survivor: 0.00M->0.00M
[449.026s] GC(9907)   Old: 15.00M->15.00M
[449.026s] GC(9907)   Free: 3.50M->18.50M
[449.026s] GC(9907) Incremental GC (Collect on allocation) 30.00M->15.00M 0.998ms
[449.054s] GC(9908) Collect on allocation
[449.056s] GC(9908)   Eden: 14.50M->0.00M
[449.056s] GC(9908)   Survivor: 0.00M->0.00M
[449.056s] GC(9908)   Old: 15.00M->15.00M
[449.056s] GC(9908)   Free: 4.00M->18.00M
[449.056s] GC(9908) Incremental GC (Collect on allocation) 29.50M->15.00M 1.200ms
[449.088s] GC(9909) Collect on allocation
[449.090s] GC(9909)   Eden: 14.00M->0.00M
[449.090s] GC(9909)   Survivor: 0.00M->0.00M
[449.090s] GC(9909)   Old: 15.00M->15.00M
[449.090s] GC(9909)   Free: 4.00M->17.50M
[449.090s] GC(9909) Incremental GC (Collect on allocation) 29.00M->15.00M 1.601ms
[449.144s] GC(9910) Collect on allocation
[449.145s] GC(9910)   Eden: 13.50M->0.00M
[449.145s] GC(9910)   Survivor: 0.00M->0.00M
[449.145s] GC(9910)   Old: 15.00M->15.00M
[449.145s] GC(9910)   Free: 4.00M->17.00M
[449.145s] GC(9910) Incremental GC (Collect on allocation) 28.50M->15.00M 1.093ms
[449.166s] GC(9911) Collect on allocation
[449.166s] GC(9911)   Eden: 13.00M->0.00M
[449.166s] GC(9911)   Survivor: 0.00M->0.00M
[449.166s] GC(9911)   Old: 15.00M->15.00M
[449.166s] GC(9911)   Free: 4.00M->16.50M
[449.166s] GC(9911) Incremental GC (Collect on allocation) 28.00M->15.00M 0.809ms
[449.184s] GC(9912) Collect on allocation
[449.185s] GC(9912)   Eden: 12.50M->0.00M
[449.185s] GC(9912)   Survivor: 0.00M->0.00M
[449.185s] GC(9912)   Old: 15.00M->15.00M
[449.185s] GC(9912)   Free: 4.00M->16.50M
[449.185s] GC(9912) Incremental GC (Collect on allocation) 27.50M->15.00M 0.946ms
[449.211s] GC(9913) Collect on allocation
[449.212s] GC(9913)   Eden: 14.00M->0.00M
[449.212s] GC(9913)   Survivor: 0.00M->0.00M
[449.212s] GC(9913)   Old: 15.00M->15.00M
[449.212s] GC(9913)   Free: 2.50M->16.50M
[449.212s] GC(9913) Incremental GC (Collect on allocation) 29.00M->15.00M 0.863ms
[449.238s] GC(9914) Collect on allocation
[449.239s] GC(9914)   Eden: 13.50M->0.00M
[449.239s] GC(9914)   Survivor: 0.00M->0.00M
[449.239s] GC(9914)   Old: 15.00M->15.00M
[449.239s] GC(9914)   Free: 3.00M->16.50M
[449.239s] GC(9914) Incremental GC (Collect on allocation) 28.50M->15.00M 0.857ms
[449.265s] GC(9915) Collect on allocation
[449.266s] GC(9915)   Eden: 13.00M->0.00M
[449.266s] GC(9915)   Survivor: 0.00M->0.00M
[449.266s] GC(9915)   Old: 15.00M->15.00M
[449.266s] GC(9915)   Free: 3.50M->16.50M
[449.266s] GC(9915) Incremental GC (Collect on allocation) 28.00M->15.00M 0.835ms
[449.294s] GC(9916) Collect on allocation
[449.296s] GC(9916)   Eden: 12.50M->0.00M
[449.296s] GC(9916)   Survivor: 0.00M->0.00M
[449.296s] GC(9916)   Old: 15.00M->15.00M
[449.296s] GC(9916)   Free: 4.00M->16.50M
[449.296s] GC(9916) Incremental GC (Collect on allocation) 27.50M->15.00M 1.486ms
[449.335s] GC(9917) Collect on allocation
[449.336s] GC(9917)   Eden: 14.00M->0.00M
[449.336s] GC(9917)   Survivor: 0.00M->0.00M
[449.336s] GC(9917)   Old: 15.00M->15.00M
[449.336s] GC(9917)   Free: 2.50M->16.50M
[449.336s] GC(9917) Incremental GC (Collect on allocation) 29.00M->15.00M 1.024ms
[449.381s] GC(9918) Collect on allocation
[449.383s] GC(9918)   Eden: 13.50M->0.00M
[449.383s] GC(9918)   Survivor: 0.00M->0.00M
[449.383s] GC(9918)   Old: 15.00M->15.00M
[449.383s] GC(9918)   Free: 3.00M->16.50M
[449.383s] GC(9918) Incremental GC (Collect on allocation) 28.50M->15.00M 1.347ms
[449.414s] GC(9919) Collect on allocation
[449.415s] GC(9919)   Eden: 13.00M->0.00M
[449.415s] GC(9919)   Survivor: 0.00M->0.00M
[449.415s] GC(9919)   Old: 15.00M->15.50M
[449.415s] GC(9919)   Free: 3.50M->16.00M
[449.415s] GC(9919) Incremental GC (Collect on allocation) 28.00M->15.50M 1.525ms
[449.440s] GC(9920) Collect on allocation
[449.440s] GC(9920)   Eden: 14.50M->0.00M
[449.440s] GC(9920)   Survivor: 0.00M->0.00M
[449.440s] GC(9920)   Old: 15.50M->15.50M
[449.440s] GC(9920)   Free: 1.50M->16.00M
[449.440s] GC(9920) Incremental GC (Collect on allocation) 30.00M->15.50M 0.675ms
[449.463s] GC(9921) Collect on allocation
[449.464s] GC(9921)   Eden: 14.00M->0.00M
[449.464s] GC(9921)   Survivor: 0.00M->0.00M
[449.464s] GC(9921)   Old: 15.50M->15.50M
[449.464s] GC(9921)   Free: 2.00M->16.00M
[449.464s] GC(9921) Incremental GC (Collect on allocation) 29.50M->15.50M 0.681ms
[449.488s] GC(9922) Collect on allocation
[449.489s] GC(9922)   Eden: 13.50M->0.00M
[449.489s] GC(9922)   Survivor: 0.00M->0.00M
[449.489s] GC(9922)   Old: 15.50M->15.50M
[449.489s] GC(9922)   Free: 2.50M->16.00M
[449.489s] GC(9922) Incremental GC (Collect on allocation) 29.00M->15.50M 0.759ms
[449.510s] GC(9923) Collect on allocation
[449.511s] GC(9923)   Eden: 13.00M->0.00M
[449.511s] GC(9923)   Survivor: 0.00M->0.00M
[449.511s] GC(9923)   Old: 15.50M->15.50M
[449.511s] GC(9923)   Free: 3.00M->16.00M
[449.511s] GC(9923) Incremental GC (Collect on allocation) 28.50M->15.50M 0.798ms
[449.531s] GC(9924) Collect on allocation
[449.532s] GC(9924)   Eden: 12.50M->0.00M
[449.532s] GC(9924)   Survivor: 0.00M->0.00M
[449.532s] GC(9924)   Old: 15.50M->15.50M
[449.532s] GC(9924)   Free: 3.50M->16.00M
[449.532s] GC(9924) Incremental GC (Collect on allocation) 28.00M->15.50M 0.816ms
[449.558s] GC(9925) Collect on allocation
[449.559s] GC(9925)   Eden: 12.00M->0.00M
[449.559s] GC(9925)   Survivor: 0.00M->0.00M
[449.559s] GC(9925)   Old: 15.50M->15.50M
[449.559s] GC(9925)   Free: 4.00M->15.50M
[449.559s] GC(9925) Incremental GC (Collect on allocation) 27.50M->15.50M 0.795ms
[449.582s] GC(9926) Collect on allocation
[449.583s] GC(9926)   Eden: 11.50M->0.00M
[449.583s] GC(9926)   Survivor: 0.00M->0.00M
[449.583s] GC(9926)   Old: 15.50M->15.50M
[449.583s] GC(9926)   Free: 4.00M->15.00M
[449.583s] GC(9926) Incremental GC (Collect on allocation) 27.00M->15.50M 0.778ms
[449.608s] GC(9927) Collect on allocation
[449.609s] GC(9927)   Eden: 11.00M->0.00M
[449.609s] GC(9927)   Survivor: 0.00M->0.00M
[449.609s] GC(9927)   Old: 15.50M->15.50M
[449.609s] GC(9927)   Free: 4.00M->14.50M
[449.609s] GC(9927) Incremental GC (Collect on allocation) 26.50M->15.50M 0.865ms
[449.634s] GC(9928) Collect on allocation
[449.635s] GC(9928)   Eden: 10.50M->0.00M
[449.635s] GC(9928)   Survivor: 0.00M->0.00M
[449.635s] GC(9928)   Old: 15.50M->15.50M
[449.635s] GC(9928)   Free: 4.00M->14.00M
[449.635s] GC(9928) Incremental GC (Collect on allocation) 26.00M->15.50M 0.782ms
[449.657s] GC(9929) Collect on allocation
[449.658s] GC(9929)   Eden: 10.00M->0.00M
[449.658s] GC(9929)   Survivor: 0.00M->0.00M
[449.658s] GC(9929)   Old: 15.50M->15.50M
[449.658s] GC(9929)   Free: 4.00M->13.50M
[449.658s] GC(9929) Incremental GC (Collect on allocation) 25.50M->15.50M 0.901ms
[449.691s] GC(9930) Collect on allocation
[449.715s] GC(9930)   Eden: 9.50M->0.00M
[449.715s] GC(9930)   Survivor: 0.00M->0.00M
[449.715s] GC(9930)   Old: 15.50M->15.00M
[449.715s] GC(9930)   Free: 4.00M->14.00M
[449.715s] GC(9930) Full GC (Collect on allocation) 25.00M->15.00M 24.127ms
[449.740s] GC(9931) Collect on allocation
[449.742s] GC(9931)   Eden: 12.00M->0.00M
[449.742s] GC(9931)   Survivor: 0.00M->0.00M
[449.742s] GC(9931)   Old: 15.00M->15.00M
[449.742s] GC(9931)   Free: 2.00M->14.00M
[449.742s] GC(9931) Incremental GC (Collect on allocation) 27.00M->15.00M 1.949ms
[449.784s] GC(9932) Collect on allocation
[449.785s] GC(9932)   Eden: 13.50M->0.00M
[449.785s] GC(9932)   Survivor: 0.00M->0.00M
[449.785s] GC(9932)   Old: 15.00M->15.00M
[449.785s] GC(9932)   Free: 0.50M->14.00M
[449.785s] GC(9932) Incremental GC (Collect on allocation) 28.50M->15.00M 1.209ms
[449.817s] GC(9933) Collect on allocation
[449.819s] GC(9933)   Eden: 15.00M->0.00M
[449.819s] GC(9933)   Survivor: 0.00M->0.00M
[449.819s] GC(9933)   Old: 15.00M->15.00M
[449.819s] GC(9933)   Free: 0.00M->15.00M
[449.819s] GC(9933) Incremental GC (Collect on allocation) 30.00M->15.00M 1.422ms
[449.868s] GC(9934) Collect on allocation
[449.869s] GC(9934)   Eden: 16.50M->0.00M
[449.869s] GC(9934)   Survivor: 0.00M->0.00M
[449.869s] GC(9934)   Old: 15.00M->15.00M
[449.869s] GC(9934)   Free: 0.00M->16.50M
[449.869s] GC(9934) Incremental GC (Collect on allocation) 31.50M->15.00M 0.826ms
[449.898s] GC(9935) Collect on allocation
[449.899s] GC(9935)   Eden: 16.00M->0.00M
[449.899s] GC(9935)   Survivor: 0.00M->0.00M
[449.899s] GC(9935)   Old: 15.00M->15.00M
[449.899s] GC(9935)   Free: 0.50M->16.50M
[449.899s] GC(9935) Incremental GC (Collect on allocation) 31.00M->15.00M 0.790ms
[449.927s] GC(9936) Collect on allocation
[449.928s] GC(9936)   Eden: 15.50M->0.00M
[449.928s] GC(9936)   Survivor: 0.00M->0.00M
[449.928s] GC(9936)   Old: 15.00M->15.00M
[449.928s] GC(9936)   Free: 1.00M->16.50M
[449.928s] GC(9936) Incremental GC (Collect on allocation) 30.50M->15.00M 0.913ms
[449.955s] GC(9937) Collect on allocation
[449.956s] GC(9937)   Eden: 15.00M->0.00M
[449.956s] GC(9937)   Survivor: 0.00M->0.00M
[449.956s] GC(9937)   Old: 15.00M->15.00M
[449.956s] GC(9937)   Free: 1.50M->16.50M
[449.956s] GC(9937) Incremental GC (Collect on allocation) 30.00M->15.00M 0.965ms
[449.979s] GC(9938) Collect on allocation
[449.979s] GC(9938)   Eden: 14.50M->0.00M
[449.979s] GC(9938)   Survivor: 0.00M->0.00M
[449.979s] GC(9938)   Old: 15.00M->15.00M
[449.979s] GC(9938)   Free: 2.00M->16.50M
[449.979s] GC(9938) Incremental GC (Collect on allocation) 29.50M->15.00M 0.836ms
[450.003s] GC(9939) Collect on allocation
[450.004s] GC(9939)   Eden: 14.00M->0.00M
[450.004s] GC(9939)   Survivor: 0.00M->0.00M
[450.004s] GC(9939)   Old: 15.00M->15.00M
[450.004s] GC(9939)   Free: 2.50M->16.50M
[450.004s] GC(9939) Incremental GC (Collect on allocation) 29.00M->15.00M 0.717ms
[450.026s] GC(9940) Collect on allocation
[450.027s] GC(9940)   Eden: 13.50M->0.00M
[450.027s] GC(9940)   Survivor: 0.00M->0.00M
[450.027s] GC(9940)   Old: 15.00M->15.00M
[450.027s] GC(9940)   Free: 3.00M->16.50M
[450.027s] GC(9940) Incremental GC (Collect on allocation) 28.50M->15.00M 0.781ms
[450.095s] GC(9941) Collect on allocation
[450.096s] GC(9941)   Eden: 13.00M->0.00M
[450.096s] GC(9941)   Survivor: 0.00M->0.00M
[450.096s] GC(9941)   Old: 15.00M->15.00M
[450.096s] GC(9941)   Free: 3.50M->16.50M
[450.096s] GC(9941) Incremental GC (Collect on allocation) 28.00M->15.00M 1.136ms
[450.135s] GC(9942) Collect on allocation
[450.136s] GC(9942)   Eden: 12.50M->0.00M
[450.136s] GC(9942)   Survivor: 0.00M->0.00M
[450.136s] GC(9942)   Old: 15.00M->15.00M
[450.136s] GC(9942)   Free: 4.00M->16.00M
[450.136s] GC(9942) Incremental GC (Collect on allocation) 27.50M->15.00M 1.499ms
[450.175s] GC(9943) Collect on allocation
[450.176s] GC(9943)   Eden: 12.00M->0.00M
[450.176s] GC(9943)   Survivor: 0.00M->0.00M
[450.176s] GC(9943)   Old: 15.00M->15.00M
[450.176s] GC(9943)   Free: 4.00M->15.50M
[450.176s] GC(9943) Incremental GC (Collect on allocation) 27.00M->15.00M 0.891ms
[450.204s] GC(9944) Collect on allocation
[450.206s] GC(9944)   Eden: 11.50M->0.00M
[450.206s] GC(9944)   Survivor: 0.00M->0.00M
[450.206s] GC(9944)   Old: 15.00M->15.00M
[450.206s] GC(9944)   Free: 4.00M->15.00M
[450.206s] GC(9944) Incremental GC (Collect on allocation) 26.50M->15.00M 1.074ms
[450.223s] GC(9945) Collect on allocation
[450.224s] GC(9945)   Eden: 11.00M->0.00M
[450.224s] GC(9945)   Survivor: 0.00M->0.00M
[450.224s] GC(9945)   Old: 15.00M->15.00M
[450.224s] GC(9945)   Free: 4.00M->15.00M
[450.224s] GC(9945) Incremental GC (Collect on allocation) 26.00M->15.00M 0.875ms
[450.249s] GC(9946) Collect on allocation
[450.250s] GC(9946)   Eden: 12.50M->0.00M
[450.250s] GC(9946)   Survivor: 0.00M->0.00M
[450.250s] GC(9946)   Old: 15.00M->15.00M
[450.250s] GC(9946)   Free: 2.50M->15.00M
[450.250s] GC(9946) Incremental GC (Collect on allocation) 27.50M->15.00M 0.937ms
[450.274s] GC(9947) Collect on allocation
[450.274s] GC(9947)   Eden: 14.00M->0.00M
[450.274s] GC(9947)   Survivor: 0.00M->0.00M
[450.274s] GC(9947)   Old: 15.00M->15.00M
[450.274s] GC(9947)   Free: 1.00M->15.00M
[450.275s] GC(9947) Incremental GC (Collect on allocation) 29.00M->15.00M 0.878ms
[450.320s] GC(9948) Collect on allocation
[450.321s] GC(9948)   Eden: 15.50M->0.00M
[450.321s] GC(9948)   Survivor: 0.00M->0.00M
[450.321s] GC(9948)   Old: 15.00M->15.00M
[450.321s] GC(9948)   Free: 0.00M->15.50M
[450.321s] GC(9948) Incremental GC (Collect on allocation) 30.50M->15.00M 1.077ms
[450.356s] GC(9949) Collect on allocation
[450.357s] GC(9949)   Eden: 15.00M->0.00M
[450.357s] GC(9949)   Survivor: 0.00M->0.00M
[450.357s] GC(9949)   Old: 15.00M->15.00M
[450.357s] GC(9949)   Free: 0.50M->15.50M
[450.357s] GC(9949) Incremental GC (Collect on allocation) 30.00M->15.00M 1.007ms
[450.387s] GC(9950) Collect on allocation
[450.388s] GC(9950)   Eden: 14.50M->0.00M
[450.388s] GC(9950)   Survivor: 0.00M->0.00M
[450.388s] GC(9950)   Old: 15.00M->15.00M
[450.388s] GC(9950)   Free: 1.00M->15.50M
[450.388s] GC(9950) Incremental GC (Collect on allocation) 29.50M->15.00M 0.985ms
[450.418s] GC(9951) Collect on allocation
[450.419s] GC(9951)   Eden: 14.00M->0.00M
[450.419s] GC(9951)   Survivor: 0.00M->0.00M
[450.419s] GC(9951)   Old: 15.00M->15.50M
[450.419s] GC(9951)   Free: 1.50M->15.00M
[450.419s] GC(9951) Incremental GC (Collect on allocation) 29.00M->15.50M 1.253ms
[450.442s] GC(9952) Collect on allocation
[450.442s] GC(9952)   Eden: 13.50M->0.00M
[450.442s] GC(9952)   Survivor: 0.00M->0.00M
[450.442s] GC(9952)   Old: 15.50M->15.50M
[450.442s] GC(9952)   Free: 1.50M->15.00M
[450.442s] GC(9952) Incremental GC (Collect on allocation) 29.00M->15.50M 0.562ms
[450.463s] GC(9953) Collect on allocation
[450.463s] GC(9953)   Eden: 13.00M->0.00M
[450.464s] GC(9953)   Survivor: 0.00M->0.00M
[450.464s] GC(9953)   Old: 15.50M->15.50M
[450.464s] GC(9953)   Free: 2.00M->15.00M
[450.464s] GC(9953) Incremental GC (Collect on allocation) 28.50M->15.50M 0.612ms
[450.488s] GC(9954) Collect on allocation
[450.489s] GC(9954)   Eden: 12.50M->0.00M
[450.489s] GC(9954)   Survivor: 0.00M->0.00M
[450.489s] GC(9954)   Old: 15.50M->15.50M
[450.489s] GC(9954)   Free: 2.50M->15.00M
[450.489s] GC(9954) Incremental GC (Collect on allocation) 28.00M->15.50M 0.566ms
[450.511s] GC(9955) Collect on allocation
[450.512s] GC(9955)   Eden: 12.00M->0.00M
[450.512s] GC(9955)   Survivor: 0.00M->0.00M
[450.512s] GC(9955)   Old: 15.50M->15.50M
[450.512s] GC(9955)   Free: 3.00M->15.00M
[450.512s] GC(9955) Incremental GC (Collect on allocation) 27.50M->15.50M 0.736ms
[450.530s] GC(9956) Collect on allocation
[450.531s] GC(9956)   Eden: 11.50M->0.00M
[450.531s] GC(9956)   Survivor: 0.00M->0.00M
[450.531s] GC(9956)   Old: 15.50M->15.50M
[450.531s] GC(9956)   Free: 3.50M->15.00M
[450.531s] GC(9956) Incremental GC (Collect on allocation) 27.00M->15.50M 0.571ms
[450.547s] GC(9957) Collect on allocation
[450.548s] GC(9957)   Eden: 11.00M->0.00M
[450.548s] GC(9957)   Survivor: 0.00M->0.00M
[450.548s] GC(9957)   Old: 15.50M->15.50M
[450.548s] GC(9957)   Free: 4.00M->15.00M
[450.548s] GC(9957) Incremental GC (Collect on allocation) 26.50M->15.50M 0.907ms
[450.574s] GC(9958) Collect on allocation
[450.575s] GC(9958)   Eden: 12.50M->0.00M
[450.576s] GC(9958)   Survivor: 0.00M->0.00M
[450.576s] GC(9958)   Old: 15.50M->15.50M
[450.576s] GC(9958)   Free: 2.50M->15.00M
[450.576s] GC(9958) Incremental GC (Collect on allocation) 28.00M->15.50M 1.366ms
[450.607s] GC(9959) Collect on allocation
[450.608s] GC(9959)   Eden: 14.00M->0.00M
[450.608s] GC(9959)   Survivor: 0.00M->0.00M
[450.608s] GC(9959)   Old: 15.50M->15.50M
[450.608s] GC(9959)   Free: 1.00M->15.00M
[450.608s] GC(9959) Incremental GC (Collect on allocation) 29.50M->15.50M 0.840ms
[450.636s] GC(9960) Collect on allocation
[450.637s] GC(9960)   Eden: 15.50M->0.00M
[450.637s] GC(9960)   Survivor: 0.00M->0.00M
[450.637s] GC(9960)   Old: 15.50M->15.50M
[450.637s] GC(9960)   Free: 0.00M->15.50M
[450.637s] GC(9960) Incremental GC (Collect on allocation) 31.00M->15.50M 0.796ms
[450.665s] GC(9961) Collect on allocation
[450.665s] GC(9961)   Eden: 15.00M->0.00M
[450.665s] GC(9961)   Survivor: 0.00M->0.00M
[450.665s] GC(9961)   Old: 15.50M->15.50M
[450.665s] GC(9961)   Free: 0.50M->15.50M
[450.665s] GC(9961) Incremental GC (Collect on allocation) 30.50M->15.50M 0.827ms
[450.691s] GC(9962) Collect on allocation
[450.691s] GC(9962)   Eden: 14.50M->0.00M
[450.691s] GC(9962)   Survivor: 0.00M->0.00M
[450.691s] GC(9962)   Old: 15.50M->15.50M
[450.691s] GC(9962)   Free: 1.00M->15.50M
[450.691s] GC(9962) Incremental GC (Collect on allocation) 30.00M->15.50M 0.642ms
[450.722s] GC(9963) Collect on allocation
[450.723s] GC(9963)   Eden: 14.00M->0.00M
[450.723s] GC(9963)   Survivor: 0.00M->0.00M
[450.723s] GC(9963)   Old: 15.50M->15.50M
[450.723s] GC(9963)   Free: 1.50M->15.50M
[450.723s] GC(9963) Incremental GC (Collect on allocation) 29.50M->15.50M 0.859ms
[450.744s] GC(9964) Collect on allocation
[450.745s] GC(9964)   Eden: 13.50M->0.00M
[450.745s] GC(9964)   Survivor: 0.00M->0.00M
[450.745s] GC(9964)   Old: 15.50M->15.50M
[450.745s] GC(9964)   Free: 2.00M->15.50M
[450.745s] GC(9964) Incremental GC (Collect on allocation) 29.00M->15.50M 1.106ms
[450.784s] GC(9965) Collect on allocation
[450.785s] GC(9965)   Eden: 15.00M->0.00M
[450.785s] GC(9965)   Survivor: 0.00M->0.00M
[450.785s] GC(9965)   Old: 15.50M->15.50M
[450.785s] GC(9965)   Free: 0.50M->15.50M
[450.785s] GC(9965) Incremental GC (Collect on allocation) 30.50M->15.50M 0.908ms
[450.811s] GC(9966) Collect on allocation
[450.812s] GC(9966)   Eden: 14.50M->0.00M
[450.812s] GC(9966)   Survivor: 0.00M->0.00M
[450.812s] GC(9966)   Old: 15.50M->15.50M
[450.812s] GC(9966)   Free: 1.00M->15.50M
[450.812s] GC(9966) Incremental GC (Collect on allocation) 30.00M->15.50M 1.130ms
[450.847s] GC(9967) Collect on allocation
[450.848s] GC(9967)   Eden: 16.00M->0.00M
[450.848s] GC(9967)   Survivor: 0.00M->0.00M
[450.848s] GC(9967)   Old: 15.50M->15.50M
[450.848s] GC(9967)   Free: 0.00M->16.00M
[450.848s] GC(9967) Incremental GC (Collect on allocation) 31.50M->15.50M 1.087ms
[450.882s] GC(9968) Collect on allocation
[450.883s] GC(9968)   Eden: 15.50M->0.00M
[450.883s] GC(9968)   Survivor: 0.00M->0.00M
[450.883s] GC(9968)   Old: 15.50M->15.50M
[450.883s] GC(9968)   Free: 0.50M->16.00M
[450.883s] GC(9968) Incremental GC (Collect on allocation) 31.00M->15.50M 1.162ms
[450.904s] GC(9969) Collect on allocation
[450.905s] GC(9969)   Eden: 15.00M->0.00M
[450.905s] GC(9969)   Survivor: 0.00M->0.00M
[450.905s] GC(9969)   Old: 15.50M->15.50M
[450.905s] GC(9969)   Free: 1.00M->16.00M
[450.905s] GC(9969) Incremental GC (Collect on allocation) 30.50M->15.50M 0.784ms
[450.927s] GC(9970) Collect on allocation
[450.928s] GC(9970)   Eden: 14.50M->0.00M
[450.928s] GC(9970)   Survivor: 0.00M->0.00M
[450.928s] GC(9970)   Old: 15.50M->15.50M
[450.928s] GC(9970)   Free: 1.50M->16.00M
[450.928s] GC(9970) Incremental GC (Collect on allocation) 30.00M->15.50M 0.750ms
[450.946s] GC(9971) Collect on allocation
[450.946s] GC(9971)   Eden: 14.00M->0.00M
[450.946s] GC(9971)   Survivor: 0.00M->0.00M
[450.946s] GC(9971)   Old: 15.50M->15.50M
[450.947s] GC(9971)   Free: 2.00M->16.00M
[450.947s] GC(9971) Incremental GC (Collect on allocation) 29.50M->15.50M 0.729ms
[450.972s] GC(9972) Collect on allocation
[450.973s] GC(9972)   Eden: 15.50M->0.00M
[450.973s] GC(9972)   Survivor: 0.00M->0.00M
[450.973s] GC(9972)   Old: 15.50M->15.50M
[450.973s] GC(9972)   Free: 0.50M->16.00M
[450.973s] GC(9972) Incremental GC (Collect on allocation) 31.00M->15.50M 0.735ms
[450.995s] GC(9973) Collect on allocation
[450.996s] GC(9973)   Eden: 15.00M->0.00M
[450.996s] GC(9973)   Survivor: 0.00M->0.00M
[450.996s] GC(9973)   Old: 15.50M->15.50M
[450.996s] GC(9973)   Free: 1.00M->16.00M
[450.996s] GC(9973) Incremental GC (Collect on allocation) 30.50M->15.50M 0.894ms
[451.059s] GC(9974) Collect on allocation
[451.060s] GC(9974)   Eden: 16.50M->0.00M
[451.060s] GC(9974)   Survivor: 0.00M->0.00M
[451.060s] GC(9974)   Old: 15.50M->15.50M
[451.060s] GC(9974)   Free: 0.00M->16.50M
[451.060s] GC(9974) Incremental GC (Collect on allocation) 32.00M->15.50M 0.841ms
[451.095s] GC(9975) Collect on allocation
[451.114s] GC(9975)   Eden: 16.00M->0.00M
[451.114s] GC(9975)   Survivor: 0.00M->0.00M
[451.114s] GC(9975)   Old: 15.50M->15.00M
[451.114s] GC(9975)   Free: 0.50M->17.00M
[451.114s] GC(9975) Full GC (Collect on allocation) 31.50M->15.00M 18.537ms
[451.143s] GC(9976) Collect on allocation
[451.144s] GC(9976)   Eden: 15.00M->0.00M
[451.144s] GC(9976)   Survivor: 0.00M->0.00M
[451.144s] GC(9976)   Old: 15.00M->15.00M
[451.144s] GC(9976)   Free: 2.00M->17.00M
[451.144s] GC(9976) Incremental GC (Collect on allocation) 30.00M->15.00M 1.054ms
[451.168s] GC(9977) Collect on allocation
[451.169s] GC(9977)   Eden: 14.50M->0.00M
[451.169s] GC(9977)   Survivor: 0.00M->0.00M
[451.169s] GC(9977)   Old: 15.00M->15.00M
[451.169s] GC(9977)   Free: 2.50M->17.00M
[451.169s] GC(9977) Incremental GC (Collect on allocation) 29.50M->15.00M 1.277ms
[451.248s] GC(9978) Collect on allocation
[451.249s] GC(9978)   Eden: 14.00M->0.00M
[451.249s] GC(9978)   Survivor: 0.00M->0.00M
[451.249s] GC(9978)   Old: 15.00M->15.00M
[451.249s] GC(9978)   Free: 3.00M->17.00M
[451.249s] GC(9978) Incremental GC (Collect on allocation) 29.00M->15.00M 1.451ms
[451.308s] GC(9979) Collect on allocation
[451.308s] GC(9979)   Eden: 13.50M->0.00M
[451.308s] GC(9979)   Survivor: 0.00M->0.00M
[451.308s] GC(9979)   Old: 15.00M->15.00M
[451.308s] GC(9979)   Free: 3.50M->17.00M
[451.308s] GC(9979) Incremental GC (Collect on allocation) 28.50M->15.00M 0.703ms
[451.335s] GC(9980) Collect on allocation
[451.337s] GC(9980)   Eden: 13.00M->0.00M
[451.337s] GC(9980)   Survivor: 0.00M->0.00M
[451.337s] GC(9980)   Old: 15.00M->15.00M
[451.337s] GC(9980)   Free: 4.00M->16.50M
[451.337s] GC(9980) Incremental GC (Collect on allocation) 28.00M->15.00M 1.172ms
[451.363s] GC(9981) Collect on allocation
[451.364s] GC(9981)   Eden: 12.50M->0.00M
[451.364s] GC(9981)   Survivor: 0.00M->0.00M
[451.364s] GC(9981)   Old: 15.00M->15.00M
[451.364s] GC(9981)   Free: 4.00M->16.00M
[451.364s] GC(9981) Incremental GC (Collect on allocation) 27.50M->15.00M 0.906ms
[451.383s] GC(9982) Collect on allocation
[451.384s] GC(9982)   Eden: 12.00M->0.00M
[451.384s] GC(9982)   Survivor: 0.00M->0.00M
[451.384s] GC(9982)   Old: 15.00M->15.00M
[451.384s] GC(9982)   Free: 4.00M->15.50M
[451.384s] GC(9982) Incremental GC (Collect on allocation) 27.00M->15.00M 0.751ms
[451.405s] GC(9983) Collect on allocation
[451.406s] GC(9983)   Eden: 11.50M->0.00M
[451.406s] GC(9983)   Survivor: 0.00M->0.00M
[451.406s] GC(9983)   Old: 15.00M->15.00M
[451.406s] GC(9983)   Free: 4.00M->15.50M
[451.406s] GC(9983) Incremental GC (Collect on allocation) 26.50M->15.00M 1.133ms
[451.430s] GC(9984) Collect on allocation
[451.431s] GC(9984)   Eden: 13.00M->0.00M
[451.431s] GC(9984)   Survivor: 0.00M->0.00M
[451.431s] GC(9984)   Old: 15.00M->15.00M
[451.431s] GC(9984)   Free: 2.50M->15.50M
[451.431s] GC(9984) Incremental GC (Collect on allocation) 28.00M->15.00M 0.878ms
[451.461s] GC(9985) Collect on allocation
[451.461s] GC(9985)   Eden: 14.50M->0.00M
[451.461s] GC(9985)   Survivor: 0.00M->0.00M
[451.461s] GC(9985)   Old: 15.00M->15.00M
[451.461s] GC(9985)   Free: 1.00M->15.50M
[451.461s] GC(9985) Incremental GC (Collect on allocation) 29.50M->15.00M 0.753ms
[451.487s] GC(9986) Collect on allocation
[451.488s] GC(9986)   Eden: 14.00M->0.00M
[451.488s] GC(9986)   Survivor: 0.00M->0.00M
[451.488s] GC(9986)   Old: 15.00M->15.00M
[451.488s] GC(9986)   Free: 1.50M->15.50M
[451.488s] GC(9986) Incremental GC (Collect on allocation) 29.00M->15.00M 1.118ms
[451.560s] GC(9987) Collect on allocation
[451.560s] GC(9987)   Eden: 15.50M->0.00M
[451.560s] GC(9987)   Survivor: 0.00M->0.00M
[451.560s] GC(9987)   Old: 15.00M->15.00M
[451.561s] GC(9987)   Free: 0.00M->15.50M
[451.561s] GC(9987) Incremental GC (Collect on allocation) 30.50M->15.00M 0.905ms
[451.590s] GC(9988) Collect on allocation
[451.591s] GC(9988)   Eden: 15.00M->0.00M
[451.591s] GC(9988)   Survivor: 0.00M->0.00M
[451.591s] GC(9988)   Old: 15.00M->15.00M
[451.591s] GC(9988)   Free: 0.50M->15.50M
[451.591s] GC(9988) Incremental GC (Collect on allocation) 30.00M->15.00M 0.907ms
[451.619s] GC(9989) Collect on allocation
[451.620s] GC(9989)   Eden: 14.50M->0.00M
[451.620s] GC(9989)   Survivor: 0.00M->0.00M
[451.620s] GC(9989)   Old: 15.00M->15.00M
[451.620s] GC(9989)   Free: 1.00M->15.50M
[451.620s] GC(9989) Incremental GC (Collect on allocation) 29.50M->15.00M 0.970ms
[451.644s] GC(9990) Collect on allocation
[451.645s] GC(9990)   Eden: 14.00M->0.00M
[451.645s] GC(9990)   Survivor: 0.00M->0.00M
[451.645s] GC(9990)   Old: 15.00M->15.00M
[451.645s] GC(9990)   Free: 1.50M->15.50M
[451.646s] GC(9990) Incremental GC (Collect on allocation) 29.00M->15.00M 1.128ms
[451.676s] GC(9991) Collect on allocation
[451.677s] GC(9991)   Eden: 13.50M->0.00M
[451.677s] GC(9991)   Survivor: 0.00M->0.00M
[451.677s] GC(9991)   Old: 15.00M->15.00M
[451.677s] GC(9991)   Free: 2.00M->15.50M
[451.677s] GC(9991) Incremental GC (Collect on allocation) 28.50M->15.00M 1.238ms
[451.705s] GC(9992) Collect on allocation
[451.707s] GC(9992)   Eden: 15.00M->0.00M
[451.707s] GC(9992)   Survivor: 0.00M->0.00M
[451.707s] GC(9992)   Old: 15.00M->15.50M
[451.707s] GC(9992)   Free: 0.50M->15.00M
[451.707s] GC(9992) Incremental GC (Collect on allocation) 30.00M->15.50M 1.255ms
[451.737s] GC(9993) Collect on allocation
[451.738s] GC(9993)   Eden: 16.50M->0.00M
[451.738s] GC(9993)   Survivor: 0.00M->0.00M
[451.738s] GC(9993)   Old: 15.50M->15.50M
[451.738s] GC(9993)   Free: 0.00M->16.50M
[451.738s] GC(9993) Incremental GC (Collect on allocation) 32.00M->15.50M 0.658ms
[451.778s] GC(9994) Collect on allocation
[451.778s] GC(9994)   Eden: 16.00M->0.00M
[451.778s] GC(9994)   Survivor: 0.00M->0.00M
[451.778s] GC(9994)   Old: 15.50M->15.50M
[451.778s] GC(9994)   Free: 0.50M->16.50M
[451.778s] GC(9994) Incremental GC (Collect on allocation) 31.50M->15.50M 0.626ms
[451.813s] GC(9995) Collect on allocation
[451.814s] GC(9995)   Eden: 15.50M->0.00M
[451.814s] GC(9995)   Survivor: 0.00M->0.00M
[451.814s] GC(9995)   Old: 15.50M->15.50M
[451.814s] GC(9995)   Free: 1.00M->16.50M
[451.814s] GC(9995) Incremental GC (Collect on allocation) 31.00M->15.50M 0.712ms
[451.844s] GC(9996) Collect on allocation
[451.845s] GC(9996)   Eden: 15.00M->0.00M
[451.845s] GC(9996)   Survivor: 0.00M->0.00M
[451.845s] GC(9996)   Old: 15.50M->15.50M
[451.845s] GC(9996)   Free: 1.50M->16.50M
[451.845s] GC(9996) Incremental GC (Collect on allocation) 30.50M->15.50M 0.714ms
[451.877s] GC(9997) Collect on allocation
[451.878s] GC(9997)   Eden: 14.50M->0.00M
[451.878s] GC(9997)   Survivor: 0.00M->0.00M
[451.878s] GC(9997)   Old: 15.50M->15.50M
[451.878s] GC(9997)   Free: 2.00M->16.50M
[451.878s] GC(9997) Incremental GC (Collect on allocation) 30.00M->15.50M 0.623ms
[451.906s] GC(9998) Collect on allocation
[451.906s] GC(9998)   Eden: 14.00M->0.00M
[451.906s] GC(9998)   Survivor: 0.00M->0.00M
[451.906s] GC(9998)   Old: 15.50M->15.50M
[451.906s] GC(9998)   Free: 2.50M->16.50M
[451.906s] GC(9998) Incremental GC (Collect on allocation) 29.50M->15.50M 0.800ms
[451.931s] GC(9999) Collect on allocation
[451.932s] GC(9999)   Eden: 13.50M->0.00M
[451.932s] GC(9999)   Survivor: 0.00M->0.00M
[451.932s] GC(9999)   Old: 15.50M->15.50M
[451.932s] GC(9999)   Free: 3.00M->16.50M
[451.932s] GC(9999) Incremental GC (Collect on allocation) 29.00M->15.50M 0.673ms
[451.958s] GC(10000) Collect on allocation
[451.959s] GC(10000)   Eden: 13.00M->0.00M
[451.959s] GC(10000)   Survivor: 0.00M->0.00M
[451.959s] GC(10000)   Old: 15.50M->15.50M
[451.959s] GC(10000)   Free: 3.50M->16.50M
[451.959s] GC(10000) Incremental GC (Collect on allocation) 28.50M->15.50M 1.130ms
[451.986s] GC(10001) Collect on allocation
[451.987s] GC(10001)   Eden: 12.50M->0.00M
[451.987s] GC(10001)   Survivor: 0.00M->0.00M
[451.987s] GC(10001)   Old: 15.50M->15.50M
[451.987s] GC(10001)   Free: 4.00M->16.00M
[451.987s] GC(10001) Incremental GC (Collect on allocation) 28.00M->15.50M 0.640ms
[452.039s] GC(10002) Collect on allocation
[452.041s] GC(10002)   Eden: 12.00M->0.00M
[452.041s] GC(10002)   Survivor: 0.00M->0.00M
[452.041s] GC(10002)   Old: 15.50M->15.50M
[452.041s] GC(10002)   Free: 4.00M->15.50M
[452.041s] GC(10002) Incremental GC (Collect on allocation) 27.50M->15.50M 1.475ms
[452.069s] GC(10003) Collect on allocation
[452.070s] GC(10003)   Eden: 11.50M->0.00M
[452.070s] GC(10003)   Survivor: 0.00M->0.00M
[452.070s] GC(10003)   Old: 15.50M->15.50M
[452.070s] GC(10003)   Free: 4.00M->15.00M
[452.070s] GC(10003) Incremental GC (Collect on allocation) 27.00M->15.50M 0.742ms
[452.093s] GC(10004) Collect on allocation
[452.094s] GC(10004)   Eden: 11.00M->0.00M
[452.094s] GC(10004)   Survivor: 0.00M->0.00M
[452.094s] GC(10004)   Old: 15.50M->15.50M
[452.094s] GC(10004)   Free: 4.00M->14.50M
[452.094s] GC(10004) Incremental GC (Collect on allocation) 26.50M->15.50M 0.753ms
[452.113s] GC(10005) Collect on allocation
[452.114s] GC(10005)   Eden: 10.50M->0.00M
[452.114s] GC(10005)   Survivor: 0.00M->0.00M
[452.114s] GC(10005)   Old: 15.50M->15.50M
[452.114s] GC(10005)   Free: 4.00M->14.00M
[452.114s] GC(10005) Incremental GC (Collect on allocation) 26.00M->15.50M 0.857ms
[452.129s] GC(10006) Collect on allocation
[452.130s] GC(10006)   Eden: 10.00M->0.00M
[452.130s] GC(10006)   Survivor: 0.00M->0.00M
[452.130s] GC(10006)   Old: 15.50M->15.50M
[452.130s] GC(10006)   Free: 4.00M->14.00M
[452.130s] GC(10006) Incremental GC (Collect on allocation) 25.50M->15.50M 0.794ms
[452.155s] GC(10007) Collect on allocation
[452.156s] GC(10007)   Eden: 11.00M->0.00M
[452.156s] GC(10007)   Survivor: 0.00M->0.00M
[452.156s] GC(10007)   Old: 15.50M->15.50M
[452.156s] GC(10007)   Free: 3.00M->14.00M
[452.156s] GC(10007) Incremental GC (Collect on allocation) 26.50M->15.50M 0.920ms
[452.180s] GC(10008) Collect on allocation
[452.180s] GC(10008)   Eden: 12.50M->0.00M
[452.180s] GC(10008)   Survivor: 0.00M->0.00M
[452.180s] GC(10008)   Old: 15.50M->15.50M
[452.180s] GC(10008)   Free: 1.50M->14.00M
[452.180s] GC(10008) Incremental GC (Collect on allocation) 28.00M->15.50M 0.751ms
[452.203s] GC(10009) Collect on allocation
[452.204s] GC(10009)   Eden: 14.00M->0.00M
[452.204s] GC(10009)   Survivor: 0.00M->0.00M
[452.204s] GC(10009)   Old: 15.50M->15.50M
[452.204s] GC(10009)   Free: 0.00M->14.00M
[452.204s] GC(10009) Incremental GC (Collect on allocation) 29.50M->15.50M 0.782ms
[452.233s] GC(10010) Collect on allocation
[452.234s] GC(10010)   Eden: 13.50M->0.00M
[452.234s] GC(10010)   Survivor: 0.00M->0.00M
[452.234s] GC(10010)   Old: 15.50M->15.50M
[452.234s] GC(10010)   Free: 0.50M->14.00M
[452.234s] GC(10010) Incremental GC (Collect on allocation) 29.00M->15.50M 0.765ms
[452.269s] GC(10011) Collect on allocation
[452.271s] GC(10011)   Eden: 13.00M->0.00M
[452.271s] GC(10011)   Survivor: 0.00M->0.00M
[452.271s] GC(10011)   Old: 15.50M->15.50M
[452.271s] GC(10011)   Free: 1.00M->14.00M
[452.271s] GC(10011) Incremental GC (Collect on allocation) 28.50M->15.50M 1.530ms
[452.298s] GC(10012) Collect on allocation
[452.299s] GC(10012)   Eden: 14.50M->0.00M
[452.299s] GC(10012)   Survivor: 0.00M->0.00M
[452.299s] GC(10012)   Old: 15.50M->15.50M
[452.299s] GC(10012)   Free: 0.00M->14.50M
[452.299s] GC(10012) Incremental GC (Collect on allocation) 30.00M->15.50M 0.722ms
[452.328s] GC(10013) Collect on allocation
[452.329s] GC(10013)   Eden: 14.00M->0.00M
[452.329s] GC(10013)   Survivor: 0.00M->0.00M
[452.329s] GC(10013)   Old: 15.50M->15.50M
[452.329s] GC(10013)   Free: 0.50M->14.50M
[452.329s] GC(10013) Incremental GC (Collect on allocation) 29.50M->15.50M 0.749ms
[452.360s] GC(10014) Collect on allocation
[452.362s] GC(10014)   Eden: 13.50M->0.00M
[452.362s] GC(10014)   Survivor: 0.00M->0.00M
[452.362s] GC(10014)   Old: 15.50M->15.50M
[452.362s] GC(10014)   Free: 1.00M->14.50M
[452.362s] GC(10014) Incremental GC (Collect on allocation) 29.00M->15.50M 1.119ms
[452.386s] GC(10015) Collect on allocation
[452.387s] GC(10015)   Eden: 13.00M->0.00M
[452.387s] GC(10015)   Survivor: 0.00M->0.00M
[452.387s] GC(10015)   Old: 15.50M->15.50M
[452.387s] GC(10015)   Free: 1.50M->14.50M
[452.387s] GC(10015) Incremental GC (Collect on allocation) 28.50M->15.50M 0.906ms
[452.408s] GC(10016) Collect on allocation
[452.409s] GC(10016)   Eden: 12.50M->0.00M
[452.409s] GC(10016)   Survivor: 0.00M->0.00M
[452.409s] GC(10016)   Old: 15.50M->15.50M
[452.409s] GC(10016)   Free: 2.00M->14.50M
[452.409s] GC(10016) Incremental GC (Collect on allocation) 28.00M->15.50M 0.829ms
[452.428s] GC(10017) Collect on allocation
[452.429s] GC(10017)   Eden: 12.00M->0.00M
[452.429s] GC(10017)   Survivor: 0.00M->0.00M
[452.429s] GC(10017)   Old: 15.50M->15.50M
[452.429s] GC(10017)   Free: 2.50M->14.50M
[452.429s] GC(10017) Incremental GC (Collect on allocation) 27.50M->15.50M 0.856ms
[452.452s] GC(10018) Collect on allocation
[452.469s] GC(10018)   Eden: 13.50M->0.00M
[452.469s] GC(10018)   Survivor: 0.00M->0.00M
[452.469s] GC(10018)   Old: 15.50M->15.00M
[452.469s] GC(10018)   Free: 1.00M->15.00M
[452.469s] GC(10018) Full GC (Collect on allocation) 29.00M->15.00M 16.446ms
[452.522s] GC(10019) Collect on allocation
[452.523s] GC(10019)   Eden: 16.50M->0.00M
[452.523s] GC(10019)   Survivor: 0.00M->0.00M
[452.523s] GC(10019)   Old: 15.00M->15.00M
[452.523s] GC(10019)   Free: 0.00M->16.50M
[452.523s] GC(10019) Incremental GC (Collect on allocation) 31.50M->15.00M 1.519ms
[452.569s] GC(10020) Collect on allocation
[452.570s] GC(10020)   Eden: 16.00M->0.00M
[452.570s] GC(10020)   Survivor: 0.00M->0.00M
[452.570s] GC(10020)   Old: 15.00M->15.00M
[452.570s] GC(10020)   Free: 0.50M->16.50M
[452.570s] GC(10020) Incremental GC (Collect on allocation) 31.00M->15.00M 0.844ms
[452.599s] GC(10021) Collect on allocation
[452.600s] GC(10021)   Eden: 15.50M->0.00M
[452.600s] GC(10021)   Survivor: 0.00M->0.00M
[452.600s] GC(10021)   Old: 15.00M->15.00M
[452.600s] GC(10021)   Free: 1.00M->16.50M
[452.600s] GC(10021) Incremental GC (Collect on allocation) 30.50M->15.00M 0.992ms
[452.628s] GC(10022) Collect on allocation
[452.628s] GC(10022)   Eden: 15.00M->0.00M
[452.628s] GC(10022)   Survivor: 0.00M->0.00M
[452.628s] GC(10022)   Old: 15.00M->15.00M
[452.628s] GC(10022)   Free: 1.50M->16.50M
[452.628s] GC(10022) Incremental GC (Collect on allocation) 30.00M->15.00M 0.770ms
[452.657s] GC(10023) Collect on allocation
[452.658s] GC(10023)   Eden: 14.50M->0.00M
[452.658s] GC(10023)   Survivor: 0.00M->0.00M
[452.658s] GC(10023)   Old: 15.00M->15.00M
[452.658s] GC(10023)   Free: 2.00M->16.50M
[452.658s] GC(10023) Incremental GC (Collect on allocation) 29.50M->15.00M 0.942ms
[452.680s] GC(10024) Collect on allocation
[452.680s] GC(10024)   Eden: 14.00M->0.00M
[452.680s] GC(10024)   Survivor: 0.00M->0.00M
[452.680s] GC(10024)   Old: 15.00M->15.00M
[452.680s] GC(10024)   Free: 2.50M->16.50M
[452.680s] GC(10024) Incremental GC (Collect on allocation) 29.00M->15.00M 0.751ms
[452.707s] GC(10025) Collect on allocation
[452.708s] GC(10025)   Eden: 13.50M->0.00M
[452.708s] GC(10025)   Survivor: 0.00M->0.00M
[452.708s] GC(10025)   Old: 15.00M->15.00M
[452.709s] GC(10025)   Free: 3.00M->16.50M
[452.709s] GC(10025) Incremental GC (Collect on allocation) 28.50M->15.00M 1.275ms
[452.751s] GC(10026) Collect on allocation
[452.753s] GC(10026)   Eden: 13.00M->0.00M
[452.753s] GC(10026)   Survivor: 0.00M->0.00M
[452.753s] GC(10026)   Old: 15.00M->15.00M
[452.753s] GC(10026)   Free: 3.50M->16.50M
[452.753s] GC(10026) Incremental GC (Collect on allocation) 28.00M->15.00M 1.481ms
[452.776s] GC(10027) Collect on allocation
[452.778s] GC(10027)   Eden: 12.50M->0.00M
[452.778s] GC(10027)   Survivor: 0.00M->0.00M
[452.778s] GC(10027)   Old: 15.00M->15.00M
[452.778s] GC(10027)   Free: 4.00M->16.50M
[452.778s] GC(10027) Incremental GC (Collect on allocation) 27.50M->15.00M 1.128ms
[452.801s] GC(10028) Collect on allocation
[452.802s] GC(10028)   Eden: 14.00M->0.00M
[452.802s] GC(10028)   Survivor: 0.00M->0.00M
[452.802s] GC(10028)   Old: 15.00M->15.00M
[452.802s] GC(10028)   Free: 2.50M->16.50M
[452.802s] GC(10028) Incremental GC (Collect on allocation) 29.00M->15.00M 0.913ms
[452.828s] GC(10029) Collect on allocation
[452.829s] GC(10029)   Eden: 15.50M->0.00M
[452.829s] GC(10029)   Survivor: 0.00M->0.00M
[452.829s] GC(10029)   Old: 15.00M->15.00M
[452.829s] GC(10029)   Free: 1.00M->16.50M
[452.829s] GC(10029) Incremental GC (Collect on allocation) 30.50M->15.00M 0.820ms
[452.857s] GC(10030) Collect on allocation
[452.858s] GC(10030)   Eden: 15.00M->0.00M
[452.858s] GC(10030)   Survivor: 0.00M->0.00M
[452.858s] GC(10030)   Old: 15.00M->15.00M
[452.858s] GC(10030)   Free: 1.50M->16.50M
[452.858s] GC(10030) Incremental GC (Collect on allocation) 30.00M->15.00M 1.124ms
[452.883s] GC(10031) Collect on allocation
[452.884s] GC(10031)   Eden: 16.50M->0.00M
[452.884s] GC(10031)   Survivor: 0.00M->0.00M
[452.884s] GC(10031)   Old: 15.00M->15.00M
[452.884s] GC(10031)   Free: 0.00M->16.50M
[452.884s] GC(10031) Incremental GC (Collect on allocation) 31.50M->15.00M 0.951ms
[452.917s] GC(10032) Collect on allocation
[452.918s] GC(10032)   Eden: 18.00M->0.00M
[452.918s] GC(10032)   Survivor: 0.00M->0.00M
[452.918s] GC(10032)   Old: 15.00M->15.00M
[452.918s] GC(10032)   Free: 0.00M->18.00M
[452.918s] GC(10032) Incremental GC (Collect on allocation) 33.00M->15.00M 0.933ms
[452.945s] GC(10033) Collect on allocation
[452.946s] GC(10033)   Eden: 17.50M->0.00M
[452.946s] GC(10033)   Survivor: 0.00M->0.00M
[452.946s] GC(10033)   Old: 15.00M->15.00M
[452.946s] GC(10033)   Free: 0.50M->18.00M
[452.946s] GC(10033) Incremental GC (Collect on allocation) 32.50M->15.00M 0.907ms
[452.981s] GC(10034) Collect on allocation
[452.982s] GC(10034)   Eden: 17.00M->0.00M
[452.982s] GC(10034)   Survivor: 0.00M->0.00M
[452.982s] GC(10034)   Old: 15.00M->15.00M
[452.982s] GC(10034)   Free: 1.00M->18.00M
[452.982s] GC(10034) Incremental GC (Collect on allocation) 32.00M->15.00M 0.846ms
[453.010s] GC(10035) Collect on allocation
[453.012s] GC(10035)   Eden: 16.50M->0.00M
[453.012s] GC(10035)   Survivor: 0.00M->0.00M
[453.012s] GC(10035)   Old: 15.00M->15.50M
[453.012s] GC(10035)   Free: 1.50M->17.50M
[453.012s] GC(10035) Incremental GC (Collect on allocation) 31.50M->15.50M 1.174ms
[453.044s] GC(10036) Collect on allocation
[453.045s] GC(10036)   Eden: 16.00M->0.00M
[453.045s] GC(10036)   Survivor: 0.00M->0.00M
[453.045s] GC(10036)   Old: 15.50M->15.50M
[453.045s] GC(10036)   Free: 1.50M->17.50M
[453.045s] GC(10036) Incremental GC (Collect on allocation) 31.50M->15.50M 0.704ms
[453.072s] GC(10037) Collect on allocation
[453.073s] GC(10037)   Eden: 15.50M->0.00M
[453.073s] GC(10037)   Survivor: 0.00M->0.00M
[453.073s] GC(10037)   Old: 15.50M->15.50M
[453.073s] GC(10037)   Free: 2.00M->17.50M
[453.073s] GC(10037) Incremental GC (Collect on allocation) 31.00M->15.50M 0.610ms
[453.096s] GC(10038) Collect on allocation
[453.097s] GC(10038)   Eden: 15.00M->0.00M
[453.097s] GC(10038)   Survivor: 0.00M->0.00M
[453.097s] GC(10038)   Old: 15.50M->15.50M
[453.097s] GC(10038)   Free: 2.50M->17.50M
[453.097s] GC(10038) Incremental GC (Collect on allocation) 30.50M->15.50M 0.558ms
[453.119s] GC(10039) Collect on allocation
[453.120s] GC(10039)   Eden: 14.50M->0.00M
[453.120s] GC(10039)   Survivor: 0.00M->0.00M
[453.120s] GC(10039)   Old: 15.50M->15.50M
[453.120s] GC(10039)   Free: 3.00M->17.50M
[453.120s] GC(10039) Incremental GC (Collect on allocation) 30.00M->15.50M 0.698ms
[453.144s] GC(10040) Collect on allocation
[453.145s] GC(10040)   Eden: 14.00M->0.00M
[453.145s] GC(10040)   Survivor: 0.00M->0.00M
[453.145s] GC(10040)   Old: 15.50M->15.50M
[453.145s] GC(10040)   Free: 3.50M->17.50M
[453.145s] GC(10040) Incremental GC (Collect on allocation) 29.50M->15.50M 0.964ms
[453.165s] GC(10041) Collect on allocation
[453.166s] GC(10041)   Eden: 13.50M->0.00M
[453.166s] GC(10041)   Survivor: 0.00M->0.00M
[453.166s] GC(10041)   Old: 15.50M->15.50M
[453.166s] GC(10041)   Free: 4.00M->17.00M
[453.166s] GC(10041) Incremental GC (Collect on allocation) 29.00M->15.50M 0.832ms
[453.186s] GC(10042) Collect on allocation
[453.186s] GC(10042)   Eden: 13.00M->0.00M
[453.186s] GC(10042)   Survivor: 0.00M->0.00M
[453.186s] GC(10042)   Old: 15.50M->15.50M
[453.186s] GC(10042)   Free: 4.00M->16.50M
[453.186s] GC(10042) Incremental GC (Collect on allocation) 28.50M->15.50M 0.675ms
[453.212s] GC(10043) Collect on allocation
[453.213s] GC(10043)   Eden: 12.50M->0.00M
[453.213s] GC(10043)   Survivor: 0.00M->0.00M
[453.213s] GC(10043)   Old: 15.50M->15.50M
[453.213s] GC(10043)   Free: 4.00M->16.00M
[453.213s] GC(10043) Incremental GC (Collect on allocation) 28.00M->15.50M 0.833ms
[453.245s] GC(10044) Collect on allocation
[453.246s] GC(10044)   Eden: 12.00M->0.00M
[453.246s] GC(10044)   Survivor: 0.00M->0.00M
[453.246s] GC(10044)   Old: 15.50M->15.50M
[453.246s] GC(10044)   Free: 4.00M->15.50M
[453.246s] GC(10044) Incremental GC (Collect on allocation) 27.50M->15.50M 0.724ms
[453.271s] GC(10045) Collect on allocation
[453.272s] GC(10045)   Eden: 11.50M->0.00M
[453.272s] GC(10045)   Survivor: 0.00M->0.00M
[453.272s] GC(10045)   Old: 15.50M->15.50M
[453.272s] GC(10045)   Free: 4.00M->15.00M
[453.272s] GC(10045) Incremental GC (Collect on allocation) 27.00M->15.50M 0.616ms
[453.293s] GC(10046) Collect on allocation
[453.293s] GC(10046)   Eden: 11.00M->0.00M
[453.294s] GC(10046)   Survivor: 0.00M->0.00M
[453.294s] GC(10046)   Old: 15.50M->15.50M
[453.294s] GC(10046)   Free: 4.00M->14.50M
[453.294s] GC(10046) Incremental GC (Collect on allocation) 26.50M->15.50M 0.653ms
[453.316s] GC(10047) Collect on allocation
[453.317s] GC(10047)   Eden: 10.50M->0.00M
[453.317s] GC(10047)   Survivor: 0.00M->0.00M
[453.317s] GC(10047)   Old: 15.50M->15.50M
[453.317s] GC(10047)   Free: 4.00M->14.00M
[453.317s] GC(10047) Incremental GC (Collect on allocation) 26.00M->15.50M 1.205ms
[453.334s] GC(10048) Collect on allocation
[453.334s] GC(10048)   Eden: 10.00M->0.00M
[453.334s] GC(10048)   Survivor: 0.00M->0.00M
[453.334s] GC(10048)   Old: 15.50M->15.50M
[453.334s] GC(10048)   Free: 4.00M->14.00M
[453.334s] GC(10048) Incremental GC (Collect on allocation) 25.50M->15.50M 0.724ms
[453.349s] GC(10049) Collect on allocation
[453.350s] GC(10049)   Eden: 11.00M->0.00M
[453.350s] GC(10049)   Survivor: 0.00M->0.00M
[453.350s] GC(10049)   Old: 15.50M->15.50M
[453.350s] GC(10049)   Free: 3.00M->14.00M
[453.350s] GC(10049) Incremental GC (Collect on allocation) 26.50M->15.50M 0.656ms
[453.374s] GC(10050) Collect on allocation
[453.375s] GC(10050)   Eden: 12.50M->0.00M
[453.375s] GC(10050)   Survivor: 0.00M->0.00M
[453.375s] GC(10050)   Old: 15.50M->15.50M
[453.375s] GC(10050)   Free: 1.50M->14.00M
[453.375s] GC(10050) Incremental GC (Collect on allocation) 28.00M->15.50M 0.771ms
[453.402s] GC(10051) Collect on allocation
[453.404s] GC(10051)   Eden: 14.00M->0.00M
[453.404s] GC(10051)   Survivor: 0.00M->0.00M
[453.404s] GC(10051)   Old: 15.50M->15.50M
[453.404s] GC(10051)   Free: 0.00M->14.00M
[453.404s] GC(10051) Incremental GC (Collect on allocation) 29.50M->15.50M 1.112ms
[453.433s] GC(10052) Collect on allocation
[453.434s] GC(10052)   Eden: 15.50M->0.00M
[453.434s] GC(10052)   Survivor: 0.00M->0.00M
[453.434s] GC(10052)   Old: 15.50M->15.50M
[453.434s] GC(10052)   Free: 0.00M->15.50M
[453.434s] GC(10052) Incremental GC (Collect on allocation) 31.00M->15.50M 0.671ms
[453.465s] GC(10053) Collect on allocation
[453.466s] GC(10053)   Eden: 15.00M->0.00M
[453.466s] GC(10053)   Survivor: 0.00M->0.00M
[453.466s] GC(10053)   Old: 15.50M->15.50M
[453.466s] GC(10053)   Free: 0.50M->15.50M
[453.466s] GC(10053) Incremental GC (Collect on allocation) 30.50M->15.50M 0.709ms
[453.501s] GC(10054) Collect on allocation
[453.502s] GC(10054)   Eden: 14.50M->0.00M
[453.502s] GC(10054)   Survivor: 0.00M->0.00M
[453.502s] GC(10054)   Old: 15.50M->15.50M
[453.502s] GC(10054)   Free: 1.00M->15.50M
[453.502s] GC(10054) Incremental GC (Collect on allocation) 30.00M->15.50M 0.708ms
[453.522s] GC(10055) Collect on allocation
[453.523s] GC(10055)   Eden: 14.00M->0.00M
[453.523s] GC(10055)   Survivor: 0.00M->0.00M
[453.523s] GC(10055)   Old: 15.50M->15.50M
[453.523s] GC(10055)   Free: 1.50M->15.50M
[453.523s] GC(10055) Incremental GC (Collect on allocation) 29.50M->15.50M 0.859ms
[453.547s] GC(10056) Collect on allocation
[453.548s] GC(10056)   Eden: 13.50M->0.00M
[453.548s] GC(10056)   Survivor: 0.00M->0.00M
[453.548s] GC(10056)   Old: 15.50M->15.50M
[453.548s] GC(10056)   Free: 2.00M->15.50M
[453.548s] GC(10056) Incremental GC (Collect on allocation) 29.00M->15.50M 0.942ms
[453.568s] GC(10057) Collect on allocation
[453.568s] GC(10057)   Eden: 13.00M->0.00M
[453.568s] GC(10057)   Survivor: 0.00M->0.00M
[453.568s] GC(10057)   Old: 15.50M->15.50M
[453.568s] GC(10057)   Free: 2.50M->15.50M
[453.568s] GC(10057) Incremental GC (Collect on allocation) 28.50M->15.50M 0.760ms
[453.588s] GC(10058) Collect on allocation
[453.589s] GC(10058)   Eden: 12.50M->0.00M
[453.589s] GC(10058)   Survivor: 0.00M->0.00M
[453.589s] GC(10058)   Old: 15.50M->15.50M
[453.589s] GC(10058)   Free: 3.00M->15.50M
[453.589s] GC(10058) Incremental GC (Collect on allocation) 28.00M->15.50M 0.842ms
[453.609s] GC(10059) Collect on allocation
[453.609s] GC(10059)   Eden: 12.00M->0.00M
[453.609s] GC(10059)   Survivor: 0.00M->0.00M
[453.610s] GC(10059)   Old: 15.50M->15.50M
[453.610s] GC(10059)   Free: 3.50M->15.50M
[453.610s] GC(10059) Incremental GC (Collect on allocation) 27.50M->15.50M 0.878ms
[453.632s] GC(10060) Collect on allocation
[453.632s] GC(10060)   Eden: 13.50M->0.00M
[453.632s] GC(10060)   Survivor: 0.00M->0.00M
[453.632s] GC(10060)   Old: 15.50M->15.50M
[453.632s] GC(10060)   Free: 2.00M->15.50M
[453.632s] GC(10060) Incremental GC (Collect on allocation) 29.00M->15.50M 0.782ms
[453.661s] GC(10061) Collect on allocation
[453.662s] GC(10061)   Eden: 15.00M->0.00M
[453.662s] GC(10061)   Survivor: 0.00M->0.00M
[453.662s] GC(10061)   Old: 15.50M->15.50M
[453.662s] GC(10061)   Free: 0.50M->15.50M
[453.662s] GC(10061) Incremental GC (Collect on allocation) 30.50M->15.50M 0.984ms
[453.695s] GC(10062) Collect on allocation
[453.696s] GC(10062)   Eden: 14.50M->0.00M
[453.696s] GC(10062)   Survivor: 0.00M->0.00M
[453.696s] GC(10062)   Old: 15.50M->15.50M
[453.696s] GC(10062)   Free: 1.00M->15.50M
[453.696s] GC(10062) Incremental GC (Collect on allocation) 30.00M->15.50M 0.812ms
[453.736s] GC(10063) Collect on allocation
[453.737s] GC(10063)   Eden: 14.00M->0.00M
[453.737s] GC(10063)   Survivor: 0.00M->0.00M
[453.737s] GC(10063)   Old: 15.50M->15.50M
[453.737s] GC(10063)   Free: 1.50M->15.50M
[453.737s] GC(10063) Incremental GC (Collect on allocation) 29.50M->15.50M 0.826ms
[453.761s] GC(10064) Collect on allocation
[453.776s] GC(10064)   Eden: 13.50M->0.00M
[453.776s] GC(10064)   Survivor: 0.00M->0.00M
[453.776s] GC(10064)   Old: 15.50M->15.00M
[453.776s] GC(10064)   Free: 2.00M->16.00M
[453.776s] GC(10064) Full GC (Collect on allocation) 29.00M->15.00M 14.665ms
[453.790s] GC(10065) Collect on allocation
[453.792s] GC(10065)   Eden: 12.50M->0.00M
[453.792s] GC(10065)   Survivor: 0.00M->0.00M
[453.792s] GC(10065)   Old: 15.00M->15.00M
[453.792s] GC(10065)   Free: 3.50M->16.00M
[453.792s] GC(10065) Incremental GC (Collect on allocation) 27.50M->15.00M 1.237ms
[453.812s] GC(10066) Collect on allocation
[453.813s] GC(10066)   Eden: 12.00M->0.00M
[453.814s] GC(10066)   Survivor: 0.00M->0.00M
[453.814s] GC(10066)   Old: 15.00M->15.00M
[453.814s] GC(10066)   Free: 4.00M->16.00M
[453.814s] GC(10066) Incremental GC (Collect on allocation) 27.00M->15.00M 1.084ms
[453.835s] GC(10067) Collect on allocation
[453.836s] GC(10067)   Eden: 13.50M->0.00M
[453.836s] GC(10067)   Survivor: 0.00M->0.00M
[453.836s] GC(10067)   Old: 15.00M->15.00M
[453.836s] GC(10067)   Free: 2.50M->16.00M
[453.836s] GC(10067) Incremental GC (Collect on allocation) 28.50M->15.00M 0.859ms
[453.867s] GC(10068) Collect on allocation
[453.868s] GC(10068)   Eden: 15.00M->0.00M
[453.868s] GC(10068)   Survivor: 0.00M->0.00M
[453.868s] GC(10068)   Old: 15.00M->15.00M
[453.868s] GC(10068)   Free: 1.00M->16.00M
[453.868s] GC(10068) Incremental GC (Collect on allocation) 30.00M->15.00M 0.780ms
[453.893s] GC(10069) Collect on allocation
[453.894s] GC(10069)   Eden: 14.50M->0.00M
[453.894s] GC(10069)   Survivor: 0.00M->0.00M
[453.894s] GC(10069)   Old: 15.00M->15.00M
[453.894s] GC(10069)   Free: 1.50M->16.00M
[453.894s] GC(10069) Incremental GC (Collect on allocation) 29.50M->15.00M 0.883ms
[453.926s] GC(10070) Collect on allocation
[453.928s] GC(10070)   Eden: 14.00M->0.00M
[453.928s] GC(10070)   Survivor: 0.00M->0.00M
[453.928s] GC(10070)   Old: 15.00M->15.00M
[453.928s] GC(10070)   Free: 2.00M->16.00M
[453.928s] GC(10070) Incremental GC (Collect on allocation) 29.00M->15.00M 1.145ms
[453.960s] GC(10071) Collect on allocation
[453.961s] GC(10071)   Eden: 13.50M->0.00M
[453.961s] GC(10071)   Survivor: 0.00M->0.00M
[453.961s] GC(10071)   Old: 15.00M->15.00M
[453.961s] GC(10071)   Free: 2.50M->16.00M
[453.961s] GC(10071) Incremental GC (Collect on allocation) 28.50M->15.00M 0.941ms
[453.981s] GC(10072) Collect on allocation
[453.982s] GC(10072)   Eden: 13.00M->0.00M
[453.982s] GC(10072)   Survivor: 0.00M->0.00M
[453.982s] GC(10072)   Old: 15.00M->15.00M
[453.982s] GC(10072)   Free: 3.00M->16.00M
[453.982s] GC(10072) Incremental GC (Collect on allocation) 28.00M->15.00M 1.002ms
[453.998s] GC(10073) Collect on allocation
[453.999s] GC(10073)   Eden: 12.50M->0.00M
[453.999s] GC(10073)   Survivor: 0.00M->0.00M
[453.999s] GC(10073)   Old: 15.00M->15.00M
[453.999s] GC(10073)   Free: 3.50M->16.00M
[453.999s] GC(10073) Incremental GC (Collect on allocation) 27.50M->15.00M 0.783ms
[454.024s] GC(10074) Collect on allocation
[454.025s] GC(10074)   Eden: 14.00M->0.00M
[454.025s] GC(10074)   Survivor: 0.00M->0.00M
[454.025s] GC(10074)   Old: 15.00M->15.00M
[454.025s] GC(10074)   Free: 2.00M->16.00M
[454.025s] GC(10074) Incremental GC (Collect on allocation) 29.00M->15.00M 0.822ms
[454.059s] GC(10075) Collect on allocation
[454.060s] GC(10075)   Eden: 15.50M->0.00M
[454.060s] GC(10075)   Survivor: 0.00M->0.00M
[454.060s] GC(10075)   Old: 15.00M->15.00M
[454.060s] GC(10075)   Free: 0.50M->16.00M
[454.060s] GC(10075) Incremental GC (Collect on allocation) 30.50M->15.00M 1.019ms
[454.083s] GC(10076) Collect on allocation
[454.084s] GC(10076)   Eden: 15.00M->0.00M
[454.084s] GC(10076)   Survivor: 0.00M->0.00M
[454.085s] GC(10076)   Old: 15.00M->15.00M
[454.085s] GC(10076)   Free: 1.00M->16.00M
[454.085s] GC(10076) Incremental GC (Collect on allocation) 30.00M->15.00M 0.948ms
[454.110s] GC(10077) Collect on allocation
[454.111s] GC(10077)   Eden: 14.50M->0.00M
[454.111s] GC(10077)   Survivor: 0.00M->0.00M
[454.111s] GC(10077)   Old: 15.00M->15.50M
[454.111s] GC(10077)   Free: 1.50M->15.50M
[454.111s] GC(10077) Incremental GC (Collect on allocation) 29.50M->15.50M 1.020ms
[454.134s] GC(10078) Collect on allocation
[454.134s] GC(10078)   Eden: 16.00M->0.00M
[454.134s] GC(10078)   Survivor: 0.00M->0.00M
[454.134s] GC(10078)   Old: 15.50M->15.50M
[454.134s] GC(10078)   Free: 0.00M->16.00M
[454.134s] GC(10078) Incremental GC (Collect on allocation) 31.50M->15.50M 0.552ms
[454.160s] GC(10079) Collect on allocation
[454.161s] GC(10079)   Eden: 15.50M->0.00M
[454.161s] GC(10079)   Survivor: 0.00M->0.00M
[454.161s] GC(10079)   Old: 15.50M->15.50M
[454.161s] GC(10079)   Free: 0.50M->16.00M
[454.162s] GC(10079) Incremental GC (Collect on allocation) 31.00M->15.50M 0.883ms
[454.194s] GC(10080) Collect on allocation
[454.195s] GC(10080)   Eden: 15.00M->0.00M
[454.195s] GC(10080)   Survivor: 0.00M->0.00M
[454.195s] GC(10080)   Old: 15.50M->15.50M
[454.195s] GC(10080)   Free: 1.00M->16.00M
[454.195s] GC(10080) Incremental GC (Collect on allocation) 30.50M->15.50M 0.620ms
[454.220s] GC(10081) Collect on allocation
[454.220s] GC(10081)   Eden: 14.50M->0.00M
[454.220s] GC(10081)   Survivor: 0.00M->0.00M
[454.220s] GC(10081)   Old: 15.50M->15.50M
[454.220s] GC(10081)   Free: 1.50M->16.00M
[454.220s] GC(10081) Incremental GC (Collect on allocation) 30.00M->15.50M 0.575ms
[454.240s] GC(10082) Collect on allocation
[454.241s] GC(10082)   Eden: 14.00M->0.00M
[454.241s] GC(10082)   Survivor: 0.00M->0.00M
[454.241s] GC(10082)   Old: 15.50M->15.50M
[454.241s] GC(10082)   Free: 2.00M->16.00M
[454.241s] GC(10082) Incremental GC (Collect on allocation) 29.50M->15.50M 0.618ms
[454.262s] GC(10083) Collect on allocation
[454.263s] GC(10083)   Eden: 13.50M->0.00M
[454.263s] GC(10083)   Survivor: 0.00M->0.00M
[454.263s] GC(10083)   Old: 15.50M->15.50M
[454.263s] GC(10083)   Free: 2.50M->16.00M
[454.263s] GC(10083) Incremental GC (Collect on allocation) 29.00M->15.50M 0.591ms
[454.281s] GC(10084) Collect on allocation
[454.282s] GC(10084)   Eden: 13.00M->0.00M
[454.282s] GC(10084)   Survivor: 0.00M->0.00M
[454.282s] GC(10084)   Old: 15.50M->15.50M
[454.282s] GC(10084)   Free: 3.00M->16.00M
[454.282s] GC(10084) Incremental GC (Collect on allocation) 28.50M->15.50M 0.597ms
[454.307s] GC(10085) Collect on allocation
[454.308s] GC(10085)   Eden: 12.50M->0.00M
[454.308s] GC(10085)   Survivor: 0.00M->0.00M
[454.308s] GC(10085)   Old: 15.50M->15.50M
[454.308s] GC(10085)   Free: 3.50M->16.00M
[454.308s] GC(10085) Incremental GC (Collect on allocation) 28.00M->15.50M 0.640ms
[454.333s] GC(10086) Collect on allocation
[454.334s] GC(10086)   Eden: 12.00M->0.00M
[454.334s] GC(10086)   Survivor: 0.00M->0.00M
[454.334s] GC(10086)   Old: 15.50M->15.50M
[454.334s] GC(10086)   Free: 4.00M->15.50M
[454.334s] GC(10086) Incremental GC (Collect on allocation) 27.50M->15.50M 0.588ms
[454.357s] GC(10087) Collect on allocation
[454.358s] GC(10087)   Eden: 11.50M->0.00M
[454.358s] GC(10087)   Survivor: 0.00M->0.00M
[454.358s] GC(10087)   Old: 15.50M->15.50M
[454.358s] GC(10087)   Free: 4.00M->15.00M
[454.358s] GC(10087) Incremental GC (Collect on allocation) 27.00M->15.50M 0.597ms
[454.375s] GC(10088) Collect on allocation
[454.376s] GC(10088)   Eden: 11.00M->0.00M
[454.376s] GC(10088)   Survivor: 0.00M->0.00M
[454.376s] GC(10088)   Old: 15.50M->15.50M
[454.376s] GC(10088)   Free: 4.00M->14.50M
[454.376s] GC(10088) Incremental GC (Collect on allocation) 26.50M->15.50M 0.627ms
[454.394s] GC(10089) Collect on allocation
[454.395s] GC(10089)   Eden: 10.50M->0.00M
[454.395s] GC(10089)   Survivor: 0.00M->0.00M
[454.395s] GC(10089)   Old: 15.50M->15.50M
[454.395s] GC(10089)   Free: 4.00M->14.00M
[454.395s] GC(10089) Incremental GC (Collect on allocation) 26.00M->15.50M 0.791ms
[454.410s] GC(10090) Collect on allocation
[454.411s] GC(10090)   Eden: 10.00M->0.00M
[454.411s] GC(10090)   Survivor: 0.00M->0.00M
[454.411s] GC(10090)   Old: 15.50M->15.50M
[454.411s] GC(10090)   Free: 4.00M->13.50M
[454.411s] GC(10090) Incremental GC (Collect on allocation) 25.50M->15.50M 0.629ms
[454.433s] GC(10091) Collect on allocation
[454.434s] GC(10091)   Eden: 9.50M->0.00M
[454.434s] GC(10091)   Survivor: 0.00M->0.00M
[454.434s] GC(10091)   Old: 15.50M->15.50M
[454.434s] GC(10091)   Free: 4.00M->13.00M
[454.434s] GC(10091) Incremental GC (Collect on allocation) 25.00M->15.50M 0.753ms
[454.449s] GC(10092) Collect on allocation
[454.450s] GC(10092)   Eden: 9.00M->0.00M
[454.450s] GC(10092)   Survivor: 0.00M->0.00M
[454.450s] GC(10092)   Old: 15.50M->15.50M
[454.450s] GC(10092)   Free: 4.00M->12.50M
[454.450s] GC(10092) Incremental GC (Collect on allocation) 24.50M->15.50M 0.711ms
[454.460s] GC(10093) Collect on allocation
[454.460s] GC(10093)   Eden: 8.50M->0.00M
[454.460s] GC(10093)   Survivor: 0.00M->0.00M
[454.460s] GC(10093)   Old: 15.50M->15.50M
[454.460s] GC(10093)   Free: 4.00M->12.50M
[454.460s] GC(10093) Incremental GC (Collect on allocation) 24.00M->15.50M 0.618ms
[454.477s] GC(10094) Collect on allocation
[454.478s] GC(10094)   Eden: 9.50M->0.00M
[454.478s] GC(10094)   Survivor: 0.00M->0.00M
[454.478s] GC(10094)   Old: 15.50M->15.50M
[454.478s] GC(10094)   Free: 3.00M->12.50M
[454.478s] GC(10094) Incremental GC (Collect on allocation) 25.00M->15.50M 0.745ms
[454.500s] GC(10095) Collect on allocation
[454.501s] GC(10095)   Eden: 10.50M->0.00M
[454.501s] GC(10095)   Survivor: 0.00M->0.00M
[454.501s] GC(10095)   Old: 15.50M->15.50M
[454.501s] GC(10095)   Free: 2.00M->12.50M
[454.501s] GC(10095) Incremental GC (Collect on allocation) 26.00M->15.50M 1.182ms
[454.525s] GC(10096) Collect on allocation
[454.526s] GC(10096)   Eden: 12.00M->0.00M
[454.526s] GC(10096)   Survivor: 0.00M->0.00M
[454.526s] GC(10096)   Old: 15.50M->15.50M
[454.526s] GC(10096)   Free: 0.50M->12.50M
[454.526s] GC(10096) Incremental GC (Collect on allocation) 27.50M->15.50M 0.756ms
[454.553s] GC(10097) Collect on allocation
[454.554s] GC(10097)   Eden: 13.50M->0.00M
[454.554s] GC(10097)   Survivor: 0.00M->0.00M
[454.554s] GC(10097)   Old: 15.50M->15.50M
[454.554s] GC(10097)   Free: 0.00M->13.50M
[454.554s] GC(10097) Incremental GC (Collect on allocation) 29.00M->15.50M 0.866ms
[454.587s] GC(10098) Collect on allocation
[454.588s] GC(10098)   Eden: 15.00M->0.00M
[454.588s] GC(10098)   Survivor: 0.00M->0.00M
[454.588s] GC(10098)   Old: 15.50M->15.50M
[454.588s] GC(10098)   Free: 0.00M->15.00M
[454.588s] GC(10098) Incremental GC (Collect on allocation) 30.50M->15.50M 0.863ms
[454.610s] GC(10099) Collect on allocation
[454.611s] GC(10099)   Eden: 14.50M->0.00M
[454.611s] GC(10099)   Survivor: 0.00M->0.00M
[454.611s] GC(10099)   Old: 15.50M->15.50M
[454.611s] GC(10099)   Free: 0.50M->15.00M
[454.611s] GC(10099) Incremental GC (Collect on allocation) 30.00M->15.50M 0.801ms
[454.636s] GC(10100) Collect on allocation
[454.637s] GC(10100)   Eden: 14.00M->0.00M
[454.637s] GC(10100)   Survivor: 0.00M->0.00M
[454.637s] GC(10100)   Old: 15.50M->15.50M
[454.637s] GC(10100)   Free: 1.00M->15.00M
[454.637s] GC(10100) Incremental GC (Collect on allocation) 29.50M->15.50M 0.759ms
[454.673s] GC(10101) Collect on allocation
[454.674s] GC(10101)   Eden: 13.50M->0.00M
[454.674s] GC(10101)   Survivor: 0.00M->0.00M
[454.674s] GC(10101)   Old: 15.50M->15.50M
[454.674s] GC(10101)   Free: 1.50M->15.00M
[454.674s] GC(10101) Incremental GC (Collect on allocation) 29.00M->15.50M 0.885ms
[454.700s] GC(10102) Collect on allocation
[454.701s] GC(10102)   Eden: 13.00M->0.00M
[454.701s] GC(10102)   Survivor: 0.00M->0.00M
[454.701s] GC(10102)   Old: 15.50M->15.50M
[454.701s] GC(10102)   Free: 2.00M->15.00M
[454.701s] GC(10102) Incremental GC (Collect on allocation) 28.50M->15.50M 0.928ms
[454.722s] GC(10103) Collect on allocation
[454.723s] GC(10103)   Eden: 12.50M->0.00M
[454.723s] GC(10103)   Survivor: 0.00M->0.00M
[454.723s] GC(10103)   Old: 15.50M->15.50M
[454.723s] GC(10103)   Free: 2.50M->15.00M
[454.724s] GC(10103) Incremental GC (Collect on allocation) 28.00M->15.50M 1.108ms
[454.747s] GC(10104) Collect on allocation
[454.762s] GC(10104)   Eden: 12.00M->0.00M
[454.762s] GC(10104)   Survivor: 0.00M->0.00M
[454.762s] GC(10104)   Old: 15.50M->15.00M
[454.762s] GC(10104)   Free: 3.00M->15.50M
[454.762s] GC(10104) Full GC (Collect on allocation) 27.50M->15.00M 14.969ms
[454.790s] GC(10105) Collect on allocation
[454.791s] GC(10105)   Eden: 15.00M->0.00M
[454.791s] GC(10105)   Survivor: 0.00M->0.00M
[454.792s] GC(10105)   Old: 15.00M->15.00M
[454.792s] GC(10105)   Free: 0.50M->15.50M
[454.792s] GC(10105) Incremental GC (Collect on allocation) 30.00M->15.00M 1.734ms
[454.816s] GC(10106) Collect on allocation
[454.817s] GC(10106)   Eden: 16.50M->0.00M
[454.817s] GC(10106)   Survivor: 0.00M->0.00M
[454.817s] GC(10106)   Old: 15.00M->15.00M
[454.817s] GC(10106)   Free: 0.00M->16.50M
[454.817s] GC(10106) Incremental GC (Collect on allocation) 31.50M->15.00M 0.831ms
[454.849s] GC(10107) Collect on allocation
[454.850s] GC(10107)   Eden: 18.00M->0.00M
[454.850s] GC(10107)   Survivor: 0.00M->0.00M
[454.850s] GC(10107)   Old: 15.00M->15.00M
[454.850s] GC(10107)   Free: 0.00M->18.00M
[454.850s] GC(10107) Incremental GC (Collect on allocation) 33.00M->15.00M 0.738ms
[454.903s] GC(10108) Collect on allocation
[454.904s] GC(10108)   Eden: 17.50M->0.00M
[454.904s] GC(10108)   Survivor: 0.00M->0.00M
[454.904s] GC(10108)   Old: 15.00M->15.00M
[454.904s] GC(10108)   Free: 0.50M->18.00M
[454.904s] GC(10108) Incremental GC (Collect on allocation) 32.50M->15.00M 1.221ms
[454.939s] GC(10109) Collect on allocation
[454.939s] GC(10109)   Eden: 17.00M->0.00M
[454.939s] GC(10109)   Survivor: 0.00M->0.00M
[454.939s] GC(10109)   Old: 15.00M->15.00M
[454.939s] GC(10109)   Free: 1.00M->18.00M
[454.939s] GC(10109) Incremental GC (Collect on allocation) 32.00M->15.00M 0.798ms
[454.972s] GC(10110) Collect on allocation
[454.973s] GC(10110)   Eden: 16.50M->0.00M
[454.973s] GC(10110)   Survivor: 0.00M->0.00M
[454.973s] GC(10110)   Old: 15.00M->15.00M
[454.973s] GC(10110)   Free: 1.50M->18.00M
[454.973s] GC(10110) Incremental GC (Collect on allocation) 31.50M->15.00M 0.798ms
[455.004s] GC(10111) Collect on allocation
[455.005s] GC(10111)   Eden: 16.00M->0.00M
[455.005s] GC(10111)   Survivor: 0.00M->0.00M
[455.005s] GC(10111)   Old: 15.00M->15.00M
[455.005s] GC(10111)   Free: 2.00M->18.00M
[455.005s] GC(10111) Incremental GC (Collect on allocation) 31.00M->15.00M 0.817ms
[455.029s] GC(10112) Collect on allocation
[455.030s] GC(10112)   Eden: 15.50M->0.00M
[455.030s] GC(10112)   Survivor: 0.00M->0.00M
[455.030s] GC(10112)   Old: 15.00M->15.00M
[455.030s] GC(10112)   Free: 2.50M->18.00M
[455.030s] GC(10112) Incremental GC (Collect on allocation) 30.50M->15.00M 1.139ms
[455.058s] GC(10113) Collect on allocation
[455.059s] GC(10113)   Eden: 15.00M->0.00M
[455.059s] GC(10113)   Survivor: 0.00M->0.00M
[455.059s] GC(10113)   Old: 15.00M->15.00M
[455.059s] GC(10113)   Free: 3.00M->18.00M
[455.059s] GC(10113) Incremental GC (Collect on allocation) 30.00M->15.00M 0.982ms
[455.088s] GC(10114) Collect on allocation
[455.089s] GC(10114)   Eden: 14.50M->0.00M
[455.089s] GC(10114)   Survivor: 0.00M->0.00M
[455.089s] GC(10114)   Old: 15.00M->15.00M
[455.090s] GC(10114)   Free: 3.50M->18.00M
[455.090s] GC(10114) Incremental GC (Collect on allocation) 29.50M->15.00M 1.027ms
[455.148s] GC(10115) Collect on allocation
[455.150s] GC(10115)   Eden: 14.00M->0.00M
[455.151s] GC(10115)   Survivor: 0.00M->0.00M
[455.151s] GC(10115)   Old: 15.00M->15.00M
[455.151s] GC(10115)   Free: 4.00M->17.50M
[455.151s] GC(10115) Incremental GC (Collect on allocation) 29.00M->15.00M 2.347ms
[455.192s] GC(10116) Collect on allocation
[455.193s] GC(10116)   Eden: 13.50M->0.00M
[455.193s] GC(10116)   Survivor: 0.00M->0.00M
[455.193s] GC(10116)   Old: 15.00M->15.00M
[455.193s] GC(10116)   Free: 4.00M->17.00M
[455.193s] GC(10116) Incremental GC (Collect on allocation) 28.50M->15.00M 0.789ms
[455.213s] GC(10117) Collect on allocation
[455.214s] GC(10117)   Eden: 13.00M->0.00M
[455.214s] GC(10117)   Survivor: 0.00M->0.00M
[455.214s] GC(10117)   Old: 15.00M->15.00M
[455.214s] GC(10117)   Free: 4.00M->16.50M
[455.214s] GC(10117) Incremental GC (Collect on allocation) 28.00M->15.00M 0.956ms
[455.234s] GC(10118) Collect on allocation
[455.235s] GC(10118)   Eden: 12.50M->0.00M
[455.235s] GC(10118)   Survivor: 0.00M->0.00M
[455.235s] GC(10118)   Old: 15.00M->15.00M
[455.235s] GC(10118)   Free: 4.00M->16.00M
[455.235s] GC(10118) Incremental GC (Collect on allocation) 27.50M->15.00M 0.851ms
[455.254s] GC(10119) Collect on allocation
[455.255s] GC(10119)   Eden: 12.00M->0.00M
[455.255s] GC(10119)   Survivor: 0.00M->0.00M
[455.255s] GC(10119)   Old: 15.00M->15.50M
[455.255s] GC(10119)   Free: 4.00M->15.50M
[455.255s] GC(10119) Incremental GC (Collect on allocation) 27.00M->15.50M 0.977ms
[455.275s] GC(10120) Collect on allocation
[455.276s] GC(10120)   Eden: 13.50M->0.00M
[455.276s] GC(10120)   Survivor: 0.00M->0.00M
[455.276s] GC(10120)   Old: 15.50M->15.50M
[455.276s] GC(10120)   Free: 2.00M->15.50M
[455.276s] GC(10120) Incremental GC (Collect on allocation) 29.00M->15.50M 0.600ms
[455.296s] GC(10121) Collect on allocation
[455.296s] GC(10121)   Eden: 13.00M->0.00M
[455.296s] GC(10121)   Survivor: 0.00M->0.00M
[455.296s] GC(10121)   Old: 15.50M->15.50M
[455.296s] GC(10121)   Free: 2.50M->15.50M
[455.296s] GC(10121) Incremental GC (Collect on allocation) 28.50M->15.50M 0.583ms
[455.317s] GC(10122) Collect on allocation
[455.317s] GC(10122)   Eden: 12.50M->0.00M
[455.318s] GC(10122)   Survivor: 0.00M->0.00M
[455.318s] GC(10122)   Old: 15.50M->15.50M
[455.318s] GC(10122)   Free: 3.00M->15.50M
[455.318s] GC(10122) Incremental GC (Collect on allocation) 28.00M->15.50M 0.604ms
[455.336s] GC(10123) Collect on allocation
[455.337s] GC(10123)   Eden: 12.00M->0.00M
[455.337s] GC(10123)   Survivor: 0.00M->0.00M
[455.337s] GC(10123)   Old: 15.50M->15.50M
[455.337s] GC(10123)   Free: 3.50M->15.50M
[455.337s] GC(10123) Incremental GC (Collect on allocation) 27.50M->15.50M 0.980ms
[455.362s] GC(10124) Collect on allocation
[455.363s] GC(10124)   Eden: 13.50M->0.00M
[455.363s] GC(10124)   Survivor: 0.00M->0.00M
[455.363s] GC(10124)   Old: 15.50M->15.50M
[455.363s] GC(10124)   Free: 2.00M->15.50M
[455.363s] GC(10124) Incremental GC (Collect on allocation) 29.00M->15.50M 1.050ms
[455.406s] GC(10125) Collect on allocation
[455.407s] GC(10125)   Eden: 15.00M->0.00M
[455.407s] GC(10125)   Survivor: 0.00M->0.00M
[455.407s] GC(10125)   Old: 15.50M->15.50M
[455.407s] GC(10125)   Free: 0.50M->15.50M
[455.407s] GC(10125) Incremental GC (Collect on allocation) 30.50M->15.50M 1.223ms
[455.438s] GC(10126) Collect on allocation
[455.439s] GC(10126)   Eden: 14.50M->0.00M
[455.439s] GC(10126)   Survivor: 0.00M->0.00M
[455.439s] GC(10126)   Old: 15.50M->15.50M
[455.439s] GC(10126)   Free: 1.00M->15.50M
[455.439s] GC(10126) Incremental GC (Collect on allocation) 30.00M->15.50M 0.700ms
[455.466s] GC(10127) Collect on allocation
[455.467s] GC(10127)   Eden: 14.00M->0.00M
[455.467s] GC(10127)   Survivor: 0.00M->0.00M
[455.467s] GC(10127)   Old: 15.50M->15.50M
[455.467s] GC(10127)   Free: 1.50M->15.50M
[455.467s] GC(10127) Incremental GC (Collect on allocation) 29.50M->15.50M 0.733ms
[455.495s] GC(10128) Collect on allocation
[455.496s] GC(10128)   Eden: 13.50M->0.00M
[455.496s] GC(10128)   Survivor: 0.00M->0.00M
[455.496s] GC(10128)   Old: 15.50M->15.50M
[455.496s] GC(10128)   Free: 2.00M->15.50M
[455.496s] GC(10128) Incremental GC (Collect on allocation) 29.00M->15.50M 0.664ms
[455.521s] GC(10129) Collect on allocation
[455.521s] GC(10129)   Eden: 13.00M->0.00M
[455.521s] GC(10129)   Survivor: 0.00M->0.00M
[455.521s] GC(10129)   Old: 15.50M->15.50M
[455.521s] GC(10129)   Free: 2.50M->15.50M
[455.521s] GC(10129) Incremental GC (Collect on allocation) 28.50M->15.50M 0.835ms
[455.543s] GC(10130) Collect on allocation
[455.544s] GC(10130)   Eden: 12.50M->0.00M
[455.544s] GC(10130)   Survivor: 0.00M->0.00M
[455.544s] GC(10130)   Old: 15.50M->15.50M
[455.544s] GC(10130)   Free: 3.00M->15.50M
[455.544s] GC(10130) Incremental GC (Collect on allocation) 28.00M->15.50M 0.750ms
[455.562s] GC(10131) Collect on allocation
[455.562s] GC(10131)   Eden: 12.00M->0.00M
[455.562s] GC(10131)   Survivor: 0.00M->0.00M
[455.562s] GC(10131)   Old: 15.50M->15.50M
[455.562s] GC(10131)   Free: 3.50M->15.50M
[455.562s] GC(10131) Incremental GC (Collect on allocation) 27.50M->15.50M 0.678ms
[455.582s] GC(10132) Collect on allocation
[455.583s] GC(10132)   Eden: 11.50M->0.00M
[455.583s] GC(10132)   Survivor: 0.00M->0.00M
[455.583s] GC(10132)   Old: 15.50M->15.50M
[455.583s] GC(10132)   Free: 4.00M->15.00M
[455.583s] GC(10132) Incremental GC (Collect on allocation) 27.00M->15.50M 0.974ms
[455.605s] GC(10133) Collect on allocation
[455.606s] GC(10133)   Eden: 11.00M->0.00M
[455.606s] GC(10133)   Survivor: 0.00M->0.00M
[455.606s] GC(10133)   Old: 15.50M->15.50M
[455.606s] GC(10133)   Free: 4.00M->14.50M
[455.606s] GC(10133) Incremental GC (Collect on allocation) 26.50M->15.50M 0.711ms
[455.626s] GC(10134) Collect on allocation
[455.627s] GC(10134)   Eden: 10.50M->0.00M
[455.627s] GC(10134)   Survivor: 0.00M->0.00M
[455.627s] GC(10134)   Old: 15.50M->15.50M
[455.627s] GC(10134)   Free: 4.00M->14.50M
[455.627s] GC(10134) Incremental GC (Collect on allocation) 26.00M->15.50M 0.902ms
[455.660s] GC(10135) Collect on allocation
[455.661s] GC(10135)   Eden: 12.00M->0.00M
[455.661s] GC(10135)   Survivor: 0.00M->0.00M
[455.661s] GC(10135)   Old: 15.50M->15.50M
[455.661s] GC(10135)   Free: 2.50M->14.50M
[455.661s] GC(10135) Incremental GC (Collect on allocation) 27.50M->15.50M 0.768ms
[455.683s] GC(10136) Collect on allocation
[455.684s] GC(10136)   Eden: 11.50M->0.00M
[455.684s] GC(10136)   Survivor: 0.00M->0.00M
[455.684s] GC(10136)   Old: 15.50M->15.50M
[455.684s] GC(10136)   Free: 3.00M->14.50M
[455.684s] GC(10136) Incremental GC (Collect on allocation) 27.00M->15.50M 1.087ms
[455.708s] GC(10137) Collect on allocation
[455.709s] GC(10137)   Eden: 13.00M->0.00M
[455.709s] GC(10137)   Survivor: 0.00M->0.00M
[455.709s] GC(10137)   Old: 15.50M->15.50M
[455.709s] GC(10137)   Free: 1.50M->14.50M
[455.709s] GC(10137) Incremental GC (Collect on allocation) 28.50M->15.50M 0.742ms
[455.733s] GC(10138) Collect on allocation
[455.734s] GC(10138)   Eden: 12.50M->0.00M
[455.734s] GC(10138)   Survivor: 0.00M->0.00M
[455.734s] GC(10138)   Old: 15.50M->15.50M
[455.734s] GC(10138)   Free: 2.00M->14.50M
[455.734s] GC(10138) Incremental GC (Collect on allocation) 28.00M->15.50M 1.282ms
[455.759s] GC(10139) Collect on allocation
[455.760s] GC(10139)   Eden: 14.00M->0.00M
[455.760s] GC(10139)   Survivor: 0.00M->0.00M
[455.760s] GC(10139)   Old: 15.50M->15.50M
[455.760s] GC(10139)   Free: 0.50M->14.50M
[455.760s] GC(10139) Incremental GC (Collect on allocation) 29.50M->15.50M 0.814ms
[455.786s] GC(10140) Collect on allocation
[455.787s] GC(10140)   Eden: 15.50M->0.00M
[455.787s] GC(10140)   Survivor: 0.00M->0.00M
[455.787s] GC(10140)   Old: 15.50M->15.50M
[455.787s] GC(10140)   Free: 0.00M->15.50M
[455.787s] GC(10140) Incremental GC (Collect on allocation) 31.00M->15.50M 0.760ms
[455.809s] GC(10141) Collect on allocation
[455.811s] GC(10141)   Eden: 15.00M->0.00M
[455.811s] GC(10141)   Survivor: 0.00M->0.00M
[455.811s] GC(10141)   Old: 15.50M->15.50M
[455.811s] GC(10141)   Free: 0.50M->15.50M
[455.811s] GC(10141) Incremental GC (Collect on allocation) 30.50M->15.50M 1.060ms
[455.832s] GC(10142) Collect on allocation
[455.847s] GC(10142)   Eden: 16.50M->0.00M
[455.847s] GC(10142)   Survivor: 0.00M->0.00M
[455.847s] GC(10142)   Old: 15.50M->15.00M
[455.847s] GC(10142)   Free: 0.00M->17.00M
[455.847s] GC(10142) Full GC (Collect on allocation) 32.00M->15.00M 14.779ms
[455.870s] GC(10143) Collect on allocation
[455.870s] GC(10143)   Eden: 15.50M->0.00M
[455.870s] GC(10143)   Survivor: 0.00M->0.00M
[455.871s] GC(10143)   Old: 15.00M->15.00M
[455.871s] GC(10143)   Free: 1.50M->17.00M
[455.871s] GC(10143) Incremental GC (Collect on allocation) 30.50M->15.00M 0.877ms
[455.902s] GC(10144) Collect on allocation
[455.903s] GC(10144)   Eden: 15.00M->0.00M
[455.903s] GC(10144)   Survivor: 0.00M->0.00M
[455.903s] GC(10144)   Old: 15.00M->15.00M
[455.903s] GC(10144)   Free: 2.00M->17.00M
[455.903s] GC(10144) Incremental GC (Collect on allocation) 30.00M->15.00M 0.786ms
[455.927s] GC(10145) Collect on allocation
[455.928s] GC(10145)   Eden: 14.50M->0.00M
[455.928s] GC(10145)   Survivor: 0.00M->0.00M
[455.928s] GC(10145)   Old: 15.00M->15.00M
[455.928s] GC(10145)   Free: 2.50M->17.00M
[455.928s] GC(10145) Incremental GC (Collect on allocation) 29.50M->15.00M 0.729ms
[455.953s] GC(10146) Collect on allocation
[455.953s] GC(10146)   Eden: 14.00M->0.00M
[455.953s] GC(10146)   Survivor: 0.00M->0.00M
[455.953s] GC(10146)   Old: 15.00M->15.00M
[455.953s] GC(10146)   Free: 3.00M->17.00M
[455.953s] GC(10146) Incremental GC (Collect on allocation) 29.00M->15.00M 0.779ms
[455.976s] GC(10147) Collect on allocation
[455.977s] GC(10147)   Eden: 13.50M->0.00M
[455.977s] GC(10147)   Survivor: 0.00M->0.00M
[455.977s] GC(10147)   Old: 15.00M->15.00M
[455.977s] GC(10147)   Free: 3.50M->17.00M
[455.977s] GC(10147) Incremental GC (Collect on allocation) 28.50M->15.00M 1.043ms
[455.998s] GC(10148) Collect on allocation
[455.999s] GC(10148)   Eden: 13.00M->0.00M
[455.999s] GC(10148)   Survivor: 0.00M->0.00M
[455.999s] GC(10148)   Old: 15.00M->15.00M
[455.999s] GC(10148)   Free: 4.00M->17.00M
[455.999s] GC(10148) Incremental GC (Collect on allocation) 28.00M->15.00M 1.069ms
[456.021s] GC(10149) Collect on allocation
[456.022s] GC(10149)   Eden: 14.50M->0.00M
[456.022s] GC(10149)   Survivor: 0.00M->0.00M
[456.022s] GC(10149)   Old: 15.00M->15.00M
[456.022s] GC(10149)   Free: 2.50M->17.00M
[456.022s] GC(10149) Incremental GC (Collect on allocation) 29.50M->15.00M 0.775ms
[456.054s] GC(10150) Collect on allocation
[456.055s] GC(10150)   Eden: 16.00M->0.00M
[456.055s] GC(10150)   Survivor: 0.00M->0.00M
[456.055s] GC(10150)   Old: 15.00M->15.00M
[456.055s] GC(10150)   Free: 1.00M->17.00M
[456.055s] GC(10150) Incremental GC (Collect on allocation) 31.00M->15.00M 0.770ms
[456.084s] GC(10151) Collect on allocation
[456.085s] GC(10151)   Eden: 15.50M->0.00M
[456.085s] GC(10151)   Survivor: 0.00M->0.00M
[456.085s] GC(10151)   Old: 15.00M->15.00M
[456.085s] GC(10151)   Free: 1.50M->17.00M
[456.085s] GC(10151) Incremental GC (Collect on allocation) 30.50M->15.00M 0.862ms
[456.113s] GC(10152) Collect on allocation
[456.114s] GC(10152)   Eden: 15.00M->0.00M
[456.114s] GC(10152)   Survivor: 0.00M->0.00M
[456.114s] GC(10152)   Old: 15.00M->15.00M
[456.114s] GC(10152)   Free: 2.00M->17.00M
[456.114s] GC(10152) Incremental GC (Collect on allocation) 30.00M->15.00M 0.980ms
[456.141s] GC(10153) Collect on allocation
[456.142s] GC(10153)   Eden: 14.50M->0.00M
[456.142s] GC(10153)   Survivor: 0.00M->0.00M
[456.142s] GC(10153)   Old: 15.00M->15.00M
[456.142s] GC(10153)   Free: 2.50M->17.00M
[456.142s] GC(10153) Incremental GC (Collect on allocation) 29.50M->15.00M 0.961ms
[456.170s] GC(10154) Collect on allocation
[456.171s] GC(10154)   Eden: 14.00M->0.00M
[456.171s] GC(10154)   Survivor: 0.00M->0.00M
[456.171s] GC(10154)   Old: 15.00M->15.00M
[456.171s] GC(10154)   Free: 3.00M->17.00M
[456.171s] GC(10154) Incremental GC (Collect on allocation) 29.00M->15.00M 1.018ms
[456.201s] GC(10155) Collect on allocation
[456.202s] GC(10155)   Eden: 13.50M->0.00M
[456.202s] GC(10155)   Survivor: 0.00M->0.00M
[456.202s] GC(10155)   Old: 15.00M->15.00M
[456.202s] GC(10155)   Free: 3.50M->17.00M
[456.202s] GC(10155) Incremental GC (Collect on allocation) 28.50M->15.00M 0.816ms
[456.226s] GC(10156) Collect on allocation
[456.228s] GC(10156)   Eden: 13.00M->0.00M
[456.228s] GC(10156)   Survivor: 0.00M->0.00M
[456.228s] GC(10156)   Old: 15.00M->15.00M
[456.228s] GC(10156)   Free: 4.00M->17.00M
[456.228s] GC(10156) Incremental GC (Collect on allocation) 28.00M->15.00M 2.526ms
[456.275s] GC(10157) Collect on allocation
[456.276s] GC(10157)   Eden: 14.50M->0.00M
[456.276s] GC(10157)   Survivor: 0.00M->0.00M
[456.276s] GC(10157)   Old: 15.00M->15.00M
[456.276s] GC(10157)   Free: 2.50M->17.00M
[456.276s] GC(10157) Incremental GC (Collect on allocation) 29.50M->15.00M 0.888ms
[456.320s] GC(10158) Collect on allocation
[456.321s] GC(10158)   Eden: 16.00M->0.00M
[456.321s] GC(10158)   Survivor: 0.00M->0.00M
[456.321s] GC(10158)   Old: 15.00M->15.50M
[456.321s] GC(10158)   Free: 1.00M->16.50M
[456.321s] GC(10158) Incremental GC (Collect on allocation) 31.00M->15.50M 1.054ms
[456.352s] GC(10159) Collect on allocation
[456.353s] GC(10159)   Eden: 15.50M->0.00M
[456.353s] GC(10159)   Survivor: 0.00M->0.00M
[456.353s] GC(10159)   Old: 15.50M->15.50M
[456.353s] GC(10159)   Free: 1.00M->16.50M
[456.353s] GC(10159) Incremental GC (Collect on allocation) 31.00M->15.50M 0.875ms
[456.386s] GC(10160) Collect on allocation
[456.387s] GC(10160)   Eden: 15.00M->0.00M
[456.387s] GC(10160)   Survivor: 0.00M->0.00M
[456.387s] GC(10160)   Old: 15.50M->15.50M
[456.387s] GC(10160)   Free: 1.50M->16.50M
[456.387s] GC(10160) Incremental GC (Collect on allocation) 30.50M->15.50M 0.989ms
[456.413s] GC(10161) Collect on allocation
[456.414s] GC(10161)   Eden: 14.50M->0.00M
[456.414s] GC(10161)   Survivor: 0.00M->0.00M
[456.414s] GC(10161)   Old: 15.50M->15.50M
[456.414s] GC(10161)   Free: 2.00M->16.50M
[456.414s] GC(10161) Incremental GC (Collect on allocation) 30.00M->15.50M 0.552ms
[456.438s] GC(10162) Collect on allocation
[456.439s] GC(10162)   Eden: 14.00M->0.00M
[456.439s] GC(10162)   Survivor: 0.00M->0.00M
[456.440s] GC(10162)   Old: 15.50M->15.50M
[456.440s] GC(10162)   Free: 2.50M->16.50M
[456.440s] GC(10162) Incremental GC (Collect on allocation) 29.50M->15.50M 1.486ms
[456.471s] GC(10163) Collect on allocation
[456.472s] GC(10163)   Eden: 15.50M->0.00M
[456.472s] GC(10163)   Survivor: 0.00M->0.00M
[456.472s] GC(10163)   Old: 15.50M->15.50M
[456.472s] GC(10163)   Free: 1.00M->16.50M
[456.472s] GC(10163) Incremental GC (Collect on allocation) 31.00M->15.50M 0.592ms
[456.501s] GC(10164) Collect on allocation
[456.502s] GC(10164)   Eden: 15.00M->0.00M
[456.502s] GC(10164)   Survivor: 0.00M->0.00M
[456.502s] GC(10164)   Old: 15.50M->15.50M
[456.502s] GC(10164)   Free: 1.50M->16.50M
[456.502s] GC(10164) Incremental GC (Collect on allocation) 30.50M->15.50M 0.887ms
[456.539s] GC(10165) Collect on allocation
[456.539s] GC(10165)   Eden: 14.50M->0.00M
[456.539s] GC(10165)   Survivor: 0.00M->0.00M
[456.539s] GC(10165)   Old: 15.50M->15.50M
[456.539s] GC(10165)   Free: 2.00M->16.50M
[456.539s] GC(10165) Incremental GC (Collect on allocation) 30.00M->15.50M 0.739ms
[456.561s] GC(10166) Collect on allocation
[456.562s] GC(10166)   Eden: 14.00M->0.00M
[456.562s] GC(10166)   Survivor: 0.00M->0.00M
[456.562s] GC(10166)   Old: 15.50M->15.50M
[456.562s] GC(10166)   Free: 2.50M->16.50M
[456.562s] GC(10166) Incremental GC (Collect on allocation) 29.50M->15.50M 0.642ms
[456.583s] GC(10167) Collect on allocation
[456.584s] GC(10167)   Eden: 13.50M->0.00M
[456.584s] GC(10167)   Survivor: 0.00M->0.00M
[456.584s] GC(10167)   Old: 15.50M->15.50M
[456.584s] GC(10167)   Free: 3.00M->16.50M
[456.584s] GC(10167) Incremental GC (Collect on allocation) 29.00M->15.50M 0.763ms
[456.620s] GC(10168) Collect on allocation
[456.621s] GC(10168)   Eden: 13.00M->0.00M
[456.621s] GC(10168)   Survivor: 0.00M->0.00M
[456.621s] GC(10168)   Old: 15.50M->15.50M
[456.621s] GC(10168)   Free: 3.50M->16.50M
[456.621s] GC(10168) Incremental GC (Collect on allocation) 28.50M->15.50M 0.835ms
[456.634s] GC(10169) Collect on allocation
[456.635s] GC(10169)   Eden: 12.50M->0.00M
[456.635s] GC(10169)   Survivor: 0.00M->0.00M
[456.635s] GC(10169)   Old: 15.50M->15.50M
[456.635s] GC(10169)   Free: 4.00M->16.00M
[456.635s] GC(10169) Incremental GC (Collect on allocation) 28.00M->15.50M 0.868ms
[456.657s] GC(10170) Collect on allocation
[456.657s] GC(10170)   Eden: 12.00M->0.00M
[456.657s] GC(10170)   Survivor: 0.00M->0.00M
[456.657s] GC(10170)   Old: 15.50M->15.50M
[456.657s] GC(10170)   Free: 4.00M->15.50M
[456.657s] GC(10170) Incremental GC (Collect on allocation) 27.50M->15.50M 0.748ms
[456.673s] GC(10171) Collect on allocation
[456.674s] GC(10171)   Eden: 11.50M->0.00M
[456.674s] GC(10171)   Survivor: 0.00M->0.00M
[456.674s] GC(10171)   Old: 15.50M->15.50M
[456.674s] GC(10171)   Free: 4.00M->15.50M
[456.674s] GC(10171) Incremental GC (Collect on allocation) 27.00M->15.50M 0.698ms
[456.696s] GC(10172) Collect on allocation
[456.696s] GC(10172)   Eden: 13.00M->0.00M
[456.696s] GC(10172)   Survivor: 0.00M->0.00M
[456.696s] GC(10172)   Old: 15.50M->15.50M
[456.696s] GC(10172)   Free: 2.50M->15.50M
[456.696s] GC(10172) Incremental GC (Collect on allocation) 28.50M->15.50M 0.708ms
[456.718s] GC(10173) Collect on allocation
[456.719s] GC(10173)   Eden: 12.50M->0.00M
[456.719s] GC(10173)   Survivor: 0.00M->0.00M
[456.719s] GC(10173)   Old: 15.50M->15.50M
[456.719s] GC(10173)   Free: 3.00M->15.50M
[456.719s] GC(10173) Incremental GC (Collect on allocation) 28.00M->15.50M 0.784ms
[456.740s] GC(10174) Collect on allocation
[456.741s] GC(10174)   Eden: 12.00M->0.00M
[456.741s] GC(10174)   Survivor: 0.00M->0.00M
[456.741s] GC(10174)   Old: 15.50M->15.50M
[456.741s] GC(10174)   Free: 3.50M->15.50M
[456.741s] GC(10174) Incremental GC (Collect on allocation) 27.50M->15.50M 0.684ms
[456.760s] GC(10175) Collect on allocation
[456.761s] GC(10175)   Eden: 11.50M->0.00M
[456.761s] GC(10175)   Survivor: 0.00M->0.00M
[456.761s] GC(10175)   Old: 15.50M->15.50M
[456.761s] GC(10175)   Free: 4.00M->15.00M
[456.761s] GC(10175) Incremental GC (Collect on allocation) 27.00M->15.50M 0.731ms
[456.779s] GC(10176) Collect on allocation
[456.780s] GC(10176)   Eden: 11.00M->0.00M
[456.780s] GC(10176)   Survivor: 0.00M->0.00M
[456.780s] GC(10176)   Old: 15.50M->15.50M
[456.780s] GC(10176)   Free: 4.00M->14.50M
[456.780s] GC(10176) Incremental GC (Collect on allocation) 26.50M->15.50M 0.664ms
[456.795s] GC(10177) Collect on allocation
[456.796s] GC(10177)   Eden: 10.50M->0.00M
[456.796s] GC(10177)   Survivor: 0.00M->0.00M
[456.796s] GC(10177)   Old: 15.50M->15.50M
[456.796s] GC(10177)   Free: 4.00M->14.50M
[456.796s] GC(10177) Incremental GC (Collect on allocation) 26.00M->15.50M 0.733ms
[456.814s] GC(10178) Collect on allocation
[456.815s] GC(10178)   Eden: 12.00M->0.00M
[456.815s] GC(10178)   Survivor: 0.00M->0.00M
[456.815s] GC(10178)   Old: 15.50M->15.50M
[456.815s] GC(10178)   Free: 2.50M->14.50M
[456.815s] GC(10178) Incremental GC (Collect on allocation) 27.50M->15.50M 1.036ms
[456.832s] GC(10179) Collect on allocation
[456.847s] GC(10179)   Eden: 13.50M->0.00M
[456.847s] GC(10179)   Survivor: 0.00M->0.00M
[456.847s] GC(10179)   Old: 15.50M->15.00M
[456.847s] GC(10179)   Free: 1.00M->15.00M
[456.847s] GC(10179) Full GC (Collect on allocation) 29.00M->15.00M 15.153ms
[456.876s] GC(10180) Collect on allocation
[456.877s] GC(10180)   Eden: 16.50M->0.00M
[456.877s] GC(10180)   Survivor: 0.00M->0.00M
[456.877s] GC(10180)   Old: 15.00M->15.00M
[456.877s] GC(10180)   Free: 0.00M->16.50M
[456.877s] GC(10180) Incremental GC (Collect on allocation) 31.50M->15.00M 0.970ms
[456.909s] GC(10181) Collect on allocation
[456.910s] GC(10181)   Eden: 18.50M->0.00M
[456.910s] GC(10181)   Survivor: 0.00M->0.00M
[456.910s] GC(10181)   Old: 15.00M->15.00M
[456.910s] GC(10181)   Free: 0.00M->18.50M
[456.910s] GC(10181) Incremental GC (Collect on allocation) 33.50M->15.00M 0.697ms
[456.943s] GC(10182) Collect on allocation
[456.944s] GC(10182)   Eden: 20.00M->0.00M
[456.944s] GC(10182)   Survivor: 0.00M->0.00M
[456.944s] GC(10182)   Old: 15.00M->15.00M
[456.944s] GC(10182)   Free: 0.00M->20.00M
[456.944s] GC(10182) Incremental GC (Collect on allocation) 35.00M->15.00M 0.934ms
[456.977s] GC(10183) Collect on allocation
[456.978s] GC(10183)   Eden: 19.50M->0.00M
[456.978s] GC(10183)   Survivor: 0.00M->0.00M
[456.978s] GC(10183)   Old: 15.00M->15.00M
[456.978s] GC(10183)   Free: 0.50M->20.00M
[456.978s] GC(10183) Incremental GC (Collect on allocation) 34.50M->15.00M 0.757ms
[457.012s] GC(10184) Collect on allocation
[457.013s] GC(10184)   Eden: 19.00M->0.00M
[457.013s] GC(10184)   Survivor: 0.00M->0.00M
[457.013s] GC(10184)   Old: 15.00M->15.00M
[457.013s] GC(10184)   Free: 1.00M->20.00M
[457.013s] GC(10184) Incremental GC (Collect on allocation) 34.00M->15.00M 0.812ms
[457.045s] GC(10185) Collect on allocation
[457.046s] GC(10185)   Eden: 18.50M->0.00M
[457.046s] GC(10185)   Survivor: 0.00M->0.00M
[457.046s] GC(10185)   Old: 15.00M->15.00M
[457.046s] GC(10185)   Free: 1.50M->20.00M
[457.046s] GC(10185) Incremental GC (Collect on allocation) 33.50M->15.00M 0.815ms
[457.083s] GC(10186) Collect on allocation
[457.084s] GC(10186)   Eden: 18.00M->0.00M
[457.084s] GC(10186)   Survivor: 0.00M->0.00M
[457.084s] GC(10186)   Old: 15.00M->15.00M
[457.084s] GC(10186)   Free: 2.00M->20.00M
[457.084s] GC(10186) Incremental GC (Collect on allocation) 33.00M->15.00M 1.443ms
[457.149s] GC(10187) Collect on allocation
[457.151s] GC(10187)   Eden: 17.50M->0.00M
[457.151s] GC(10187)   Survivor: 0.00M->0.00M
[457.151s] GC(10187)   Old: 15.00M->15.00M
[457.151s] GC(10187)   Free: 2.50M->20.00M
[457.151s] GC(10187) Incremental GC (Collect on allocation) 32.50M->15.00M 1.336ms
[457.196s] GC(10188) Collect on allocation
[457.197s] GC(10188)   Eden: 17.00M->0.00M
[457.197s] GC(10188)   Survivor: 0.00M->0.00M
[457.197s] GC(10188)   Old: 15.00M->15.00M
[457.197s] GC(10188)   Free: 3.00M->20.00M
[457.197s] GC(10188) Incremental GC (Collect on allocation) 32.00M->15.00M 0.830ms
[457.236s] GC(10189) Collect on allocation
[457.237s] GC(10189)   Eden: 16.50M->0.00M
[457.237s] GC(10189)   Survivor: 0.00M->0.00M
[457.237s] GC(10189)   Old: 15.00M->15.00M
[457.237s] GC(10189)   Free: 3.50M->20.00M
[457.237s] GC(10189) Incremental GC (Collect on allocation) 31.50M->15.00M 0.910ms
[457.272s] GC(10190) Collect on allocation
[457.273s] GC(10190)   Eden: 16.00M->0.00M
[457.274s] GC(10190)   Survivor: 0.00M->0.00M
[457.274s] GC(10190)   Old: 15.00M->15.00M
[457.274s] GC(10190)   Free: 4.00M->19.50M
[457.274s] GC(10190) Incremental GC (Collect on allocation) 31.00M->15.00M 1.151ms
[457.304s] GC(10191) Collect on allocation
[457.305s] GC(10191)   Eden: 15.50M->0.00M
[457.305s] GC(10191)   Survivor: 0.00M->0.00M
[457.305s] GC(10191)   Old: 15.00M->15.50M
[457.305s] GC(10191)   Free: 4.00M->19.00M
[457.305s] GC(10191) Incremental GC (Collect on allocation) 30.50M->15.50M 1.022ms
[457.342s] GC(10192) Collect on allocation
[457.342s] GC(10192)   Eden: 15.00M->0.00M
[457.342s] GC(10192)   Survivor: 0.00M->0.00M
[457.342s] GC(10192)   Old: 15.50M->15.50M
[457.342s] GC(10192)   Free: 4.00M->18.50M
[457.342s] GC(10192) Incremental GC (Collect on allocation) 30.50M->15.50M 0.520ms
[457.368s] GC(10193) Collect on allocation
[457.369s] GC(10193)   Eden: 14.50M->0.00M
[457.369s] GC(10193)   Survivor: 0.00M->0.00M
[457.369s] GC(10193)   Old: 15.50M->15.50M
[457.369s] GC(10193)   Free: 4.00M->18.00M
[457.369s] GC(10193) Incremental GC (Collect on allocation) 30.00M->15.50M 0.665ms
[457.392s] GC(10194) Collect on allocation
[457.393s] GC(10194)   Eden: 14.00M->0.00M
[457.393s] GC(10194)   Survivor: 0.00M->0.00M
[457.393s] GC(10194)   Old: 15.50M->15.50M
[457.393s] GC(10194)   Free: 4.00M->17.50M
[457.393s] GC(10194) Incremental GC (Collect on allocation) 29.50M->15.50M 0.682ms
[457.416s] GC(10195) Collect on allocation
[457.416s] GC(10195)   Eden: 13.50M->0.00M
[457.416s] GC(10195)   Survivor: 0.00M->0.00M
[457.416s] GC(10195)   Old: 15.50M->15.50M
[457.416s] GC(10195)   Free: 4.00M->17.00M
[457.416s] GC(10195) Incremental GC (Collect on allocation) 29.00M->15.50M 0.724ms
[457.437s] GC(10196) Collect on allocation
[457.438s] GC(10196)   Eden: 13.00M->0.00M
[457.438s] GC(10196)   Survivor: 0.00M->0.00M
[457.438s] GC(10196)   Old: 15.50M->15.50M
[457.438s] GC(10196)   Free: 4.00M->16.50M
[457.438s] GC(10196) Incremental GC (Collect on allocation) 28.50M->15.50M 0.580ms
[457.458s] GC(10197) Collect on allocation
[457.459s] GC(10197)   Eden: 12.50M->0.00M
[457.459s] GC(10197)   Survivor: 0.00M->0.00M
[457.459s] GC(10197)   Old: 15.50M->15.50M
[457.459s] GC(10197)   Free: 4.00M->16.00M
[457.459s] GC(10197) Incremental GC (Collect on allocation) 28.00M->15.50M 0.766ms
[457.477s] GC(10198) Collect on allocation
[457.479s] GC(10198)   Eden: 12.00M->0.00M
[457.479s] GC(10198)   Survivor: 0.00M->0.00M
[457.479s] GC(10198)   Old: 15.50M->15.50M
[457.479s] GC(10198)   Free: 4.00M->15.50M
[457.479s] GC(10198) Incremental GC (Collect on allocation) 27.50M->15.50M 1.054ms
[457.498s] GC(10199) Collect on allocation
[457.500s] GC(10199)   Eden: 11.50M->0.00M
[457.500s] GC(10199)   Survivor: 0.00M->0.00M
[457.500s] GC(10199)   Old: 15.50M->15.50M
[457.500s] GC(10199)   Free: 4.00M->15.50M
[457.500s] GC(10199) Incremental GC (Collect on allocation) 27.00M->15.50M 1.409ms
[457.521s] GC(10200) Collect on allocation
[457.522s] GC(10200)   Eden: 13.00M->0.00M
[457.522s] GC(10200)   Survivor: 0.00M->0.00M
[457.522s] GC(10200)   Old: 15.50M->15.50M
[457.522s] GC(10200)   Free: 2.50M->15.50M
[457.522s] GC(10200) Incremental GC (Collect on allocation) 28.50M->15.50M 0.606ms
[457.545s] GC(10201) Collect on allocation
[457.546s] GC(10201)   Eden: 14.50M->0.00M
[457.546s] GC(10201)   Survivor: 0.00M->0.00M
[457.546s] GC(10201)   Old: 15.50M->15.50M
[457.546s] GC(10201)   Free: 1.00M->15.50M
[457.546s] GC(10201) Incremental GC (Collect on allocation) 30.00M->15.50M 0.796ms
[457.587s] GC(10202) Collect on allocation
[457.589s] GC(10202)   Eden: 16.00M->0.00M
[457.589s] GC(10202)   Survivor: 0.00M->0.00M
[457.589s] GC(10202)   Old: 15.50M->15.50M
[457.589s] GC(10202)   Free: 0.00M->16.00M
[457.589s] GC(10202) Incremental GC (Collect on allocation) 31.50M->15.50M 1.110ms
[457.619s] GC(10203) Collect on allocation
[457.620s] GC(10203)   Eden: 15.50M->0.00M
[457.620s] GC(10203)   Survivor: 0.00M->0.00M
[457.620s] GC(10203)   Old: 15.50M->15.50M
[457.620s] GC(10203)   Free: 0.50M->16.00M
[457.620s] GC(10203) Incremental GC (Collect on allocation) 31.00M->15.50M 1.039ms
[457.656s] GC(10204) Collect on allocation
[457.657s] GC(10204)   Eden: 15.00M->0.00M
[457.657s] GC(10204)   Survivor: 0.00M->0.00M
[457.657s] GC(10204)   Old: 15.50M->15.50M
[457.657s] GC(10204)   Free: 1.00M->16.00M
[457.657s] GC(10204) Incremental GC (Collect on allocation) 30.50M->15.50M 1.466ms
[457.678s] GC(10205) Collect on allocation
[457.679s] GC(10205)   Eden: 14.50M->0.00M
[457.679s] GC(10205)   Survivor: 0.00M->0.00M
[457.679s] GC(10205)   Old: 15.50M->15.50M
[457.679s] GC(10205)   Free: 1.50M->16.00M
[457.679s] GC(10205) Incremental GC (Collect on allocation) 30.00M->15.50M 0.835ms
[457.709s] GC(10206) Collect on allocation
[457.709s] GC(10206)   Eden: 16.00M->0.00M
[457.709s] GC(10206)   Survivor: 0.00M->0.00M
[457.709s] GC(10206)   Old: 15.50M->15.50M
[457.709s] GC(10206)   Free: 0.00M->16.00M
[457.709s] GC(10206) Incremental GC (Collect on allocation) 31.50M->15.50M 0.749ms
[457.736s] GC(10207) Collect on allocation
[457.737s] GC(10207)   Eden: 15.50M->0.00M
[457.737s] GC(10207)   Survivor: 0.00M->0.00M
[457.737s] GC(10207)   Old: 15.50M->15.50M
[457.737s] GC(10207)   Free: 0.50M->16.00M
[457.737s] GC(10207) Incremental GC (Collect on allocation) 31.00M->15.50M 0.742ms
[457.764s] GC(10208) Collect on allocation
[457.765s] GC(10208)   Eden: 15.00M->0.00M
[457.765s] GC(10208)   Survivor: 0.00M->0.00M
[457.765s] GC(10208)   Old: 15.50M->15.50M
[457.765s] GC(10208)   Free: 1.00M->16.00M
[457.765s] GC(10208) Incremental GC (Collect on allocation) 30.50M->15.50M 0.840ms
[457.792s] GC(10209) Collect on allocation
[457.793s] GC(10209)   Eden: 14.50M->0.00M
[457.793s] GC(10209)   Survivor: 0.00M->0.00M
[457.793s] GC(10209)   Old: 15.50M->15.50M
[457.793s] GC(10209)   Free: 1.50M->16.00M
[457.793s] GC(10209) Incremental GC (Collect on allocation) 30.00M->15.50M 0.750ms
[457.820s] GC(10210) Collect on allocation
[457.821s] GC(10210)   Eden: 14.00M->0.00M
[457.821s] GC(10210)   Survivor: 0.00M->0.00M
[457.821s] GC(10210)   Old: 15.50M->15.50M
[457.821s] GC(10210)   Free: 2.00M->16.00M
[457.821s] GC(10210) Incremental GC (Collect on allocation) 29.50M->15.50M 0.746ms
[457.842s] GC(10211) Collect on allocation
[457.843s] GC(10211)   Eden: 13.50M->0.00M
[457.843s] GC(10211)   Survivor: 0.00M->0.00M
[457.843s] GC(10211)   Old: 15.50M->15.50M
[457.843s] GC(10211)   Free: 2.50M->16.00M
[457.843s] GC(10211) Incremental GC (Collect on allocation) 29.00M->15.50M 0.747ms
[457.860s] GC(10212) Collect on allocation
[457.861s] GC(10212)   Eden: 13.00M->0.00M
[457.861s] GC(10212)   Survivor: 0.00M->0.00M
[457.861s] GC(10212)   Old: 15.50M->15.50M
[457.861s] GC(10212)   Free: 3.00M->16.00M
[457.861s] GC(10212) Incremental GC (Collect on allocation) 28.50M->15.50M 0.982ms
[457.877s] GC(10213) Collect on allocation
[457.878s] GC(10213)   Eden: 14.50M->0.00M
[457.878s] GC(10213)   Survivor: 0.00M->0.00M
[457.878s] GC(10213)   Old: 15.50M->15.50M
[457.878s] GC(10213)   Free: 1.50M->16.00M
[457.878s] GC(10213) Incremental GC (Collect on allocation) 30.00M->15.50M 0.788ms
[457.914s] GC(10214) Collect on allocation
[457.915s] GC(10214)   Eden: 16.00M->0.00M
[457.915s] GC(10214)   Survivor: 0.00M->0.00M
[457.915s] GC(10214)   Old: 15.50M->15.50M
[457.915s] GC(10214)   Free: 0.00M->16.00M
[457.915s] GC(10214) Incremental GC (Collect on allocation) 31.50M->15.50M 0.862ms
[457.964s] GC(10215) Collect on allocation
[457.965s] GC(10215)   Eden: 15.50M->0.00M
[457.965s] GC(10215)   Survivor: 0.00M->0.00M
[457.965s] GC(10215)   Old: 15.50M->15.50M
[457.965s] GC(10215)   Free: 0.50M->16.00M
[457.965s] GC(10215) Incremental GC (Collect on allocation) 31.00M->15.50M 0.849ms
[457.995s] GC(10216) Collect on allocation
[458.009s] GC(10216)   Eden: 15.00M->0.00M
[458.009s] GC(10216)   Survivor: 0.00M->0.00M
[458.009s] GC(10216)   Old: 15.50M->15.00M
[458.009s] GC(10216)   Free: 1.00M->16.50M
[458.009s] GC(10216) Full GC (Collect on allocation) 30.50M->15.00M 14.644ms
[458.031s] GC(10217) Collect on allocation
[458.032s] GC(10217)   Eden: 14.00M->0.00M
[458.032s] GC(10217)   Survivor: 0.00M->0.00M
[458.032s] GC(10217)   Old: 15.00M->15.00M
[458.032s] GC(10217)   Free: 2.50M->16.50M
[458.032s] GC(10217) Incremental GC (Collect on allocation) 29.00M->15.00M 0.947ms
[458.061s] GC(10218) Collect on allocation
[458.062s] GC(10218)   Eden: 13.50M->0.00M
[458.062s] GC(10218)   Survivor: 0.00M->0.00M
[458.062s] GC(10218)   Old: 15.00M->15.00M
[458.062s] GC(10218)   Free: 3.00M->16.50M
[458.062s] GC(10218) Incremental GC (Collect on allocation) 28.50M->15.00M 0.926ms
[458.083s] GC(10219) Collect on allocation
[458.084s] GC(10219)   Eden: 13.00M->0.00M
[458.084s] GC(10219)   Survivor: 0.00M->0.00M
[458.084s] GC(10219)   Old: 15.00M->15.00M
[458.084s] GC(10219)   Free: 3.50M->16.50M
[458.084s] GC(10219) Incremental GC (Collect on allocation) 28.00M->15.00M 0.728ms
[458.104s] GC(10220) Collect on allocation
[458.105s] GC(10220)   Eden: 12.50M->0.00M
[458.105s] GC(10220)   Survivor: 0.00M->0.00M
[458.105s] GC(10220)   Old: 15.00M->15.00M
[458.105s] GC(10220)   Free: 4.00M->16.00M
[458.105s] GC(10220) Incremental GC (Collect on allocation) 27.50M->15.00M 0.773ms
[458.126s] GC(10221) Collect on allocation
[458.127s] GC(10221)   Eden: 12.00M->0.00M
[458.127s] GC(10221)   Survivor: 0.00M->0.00M
[458.127s] GC(10221)   Old: 15.00M->15.00M
[458.127s] GC(10221)   Free: 4.00M->15.50M
[458.127s] GC(10221) Incremental GC (Collect on allocation) 27.00M->15.00M 0.748ms
[458.147s] GC(10222) Collect on allocation
[458.148s] GC(10222)   Eden: 11.50M->0.00M
[458.148s] GC(10222)   Survivor: 0.00M->0.00M
[458.148s] GC(10222)   Old: 15.00M->15.00M
[458.148s] GC(10222)   Free: 4.00M->15.00M
[458.148s] GC(10222) Incremental GC (Collect on allocation) 26.50M->15.00M 0.743ms
[458.168s] GC(10223) Collect on allocation
[458.169s] GC(10223)   Eden: 11.00M->0.00M
[458.169s] GC(10223)   Survivor: 0.00M->0.00M
[458.169s] GC(10223)   Old: 15.00M->15.00M
[458.169s] GC(10223)   Free: 4.00M->14.50M
[458.169s] GC(10223) Incremental GC (Collect on allocation) 26.00M->15.00M 0.906ms
[458.188s] GC(10224) Collect on allocation
[458.189s] GC(10224)   Eden: 10.50M->0.00M
[458.189s] GC(10224)   Survivor: 0.00M->0.00M
[458.189s] GC(10224)   Old: 15.00M->15.00M
[458.189s] GC(10224)   Free: 4.00M->14.00M
[458.189s] GC(10224) Incremental GC (Collect on allocation) 25.50M->15.00M 0.752ms
[458.206s] GC(10225) Collect on allocation
[458.207s] GC(10225)   Eden: 10.00M->0.00M
[458.207s] GC(10225)   Survivor: 0.00M->0.00M
[458.207s] GC(10225)   Old: 15.00M->15.00M
[458.207s] GC(10225)   Free: 4.00M->14.00M
[458.207s] GC(10225) Incremental GC (Collect on allocation) 25.00M->15.00M 0.733ms
[458.226s] GC(10226) Collect on allocation
[458.227s] GC(10226)   Eden: 11.00M->0.00M
[458.227s] GC(10226)   Survivor: 0.00M->0.00M
[458.227s] GC(10226)   Old: 15.00M->15.00M
[458.227s] GC(10226)   Free: 3.00M->14.00M
[458.227s] GC(10226) Incremental GC (Collect on allocation) 26.00M->15.00M 0.812ms
[458.248s] GC(10227) Collect on allocation
[458.249s] GC(10227)   Eden: 12.50M->0.00M
[458.249s] GC(10227)   Survivor: 0.00M->0.00M
[458.249s] GC(10227)   Old: 15.00M->15.00M
[458.249s] GC(10227)   Free: 1.50M->14.00M
[458.249s] GC(10227) Incremental GC (Collect on allocation) 27.50M->15.00M 0.800ms
[458.272s] GC(10228) Collect on allocation
[458.273s] GC(10228)   Eden: 14.00M->0.00M
[458.273s] GC(10228)   Survivor: 0.00M->0.00M
[458.273s] GC(10228)   Old: 15.00M->15.00M
[458.273s] GC(10228)   Free: 0.00M->14.00M
[458.273s] GC(10228) Incremental GC (Collect on allocation) 29.00M->15.00M 0.771ms
[458.300s] GC(10229) Collect on allocation
[458.301s] GC(10229)   Eden: 13.50M->0.00M
[458.301s] GC(10229)   Survivor: 0.00M->0.00M
[458.301s] GC(10229)   Old: 15.00M->15.00M
[458.301s] GC(10229)   Free: 0.50M->14.00M
[458.301s] GC(10229) Incremental GC (Collect on allocation) 28.50M->15.00M 0.766ms
[458.331s] GC(10230) Collect on allocation
[458.333s] GC(10230)   Eden: 13.00M->0.00M
[458.333s] GC(10230)   Survivor: 0.00M->0.00M
[458.333s] GC(10230)   Old: 15.00M->15.00M
[458.333s] GC(10230)   Free: 1.00M->14.00M
[458.333s] GC(10230) Incremental GC (Collect on allocation) 28.00M->15.00M 1.408ms
[458.358s] GC(10231) Collect on allocation
[458.359s] GC(10231)   Eden: 14.50M->0.00M
[458.359s] GC(10231)   Survivor: 0.00M->0.00M
[458.359s] GC(10231)   Old: 15.00M->15.00M
[458.359s] GC(10231)   Free: 0.00M->14.50M
[458.359s] GC(10231) Incremental GC (Collect on allocation) 29.50M->15.00M 1.253ms
[458.396s] GC(10232) Collect on allocation
[458.397s] GC(10232)   Eden: 16.00M->0.00M
[458.397s] GC(10232)   Survivor: 0.00M->0.00M
[458.397s] GC(10232)   Old: 15.00M->15.00M
[458.397s] GC(10232)   Free: 0.00M->16.00M
[458.397s] GC(10232) Incremental GC (Collect on allocation) 31.00M->15.00M 1.254ms
[458.433s] GC(10233) Collect on allocation
[458.434s] GC(10233)   Eden: 17.50M->0.00M
[458.434s] GC(10233)   Survivor: 0.00M->0.00M
[458.434s] GC(10233)   Old: 15.00M->15.00M
[458.434s] GC(10233)   Free: 0.00M->17.50M
[458.434s] GC(10233) Incremental GC (Collect on allocation) 32.50M->15.00M 0.844ms
[458.469s] GC(10234) Collect on allocation
[458.470s] GC(10234)   Eden: 17.00M->0.00M
[458.470s] GC(10234)   Survivor: 0.00M->0.00M
[458.470s] GC(10234)   Old: 15.00M->15.00M
[458.470s] GC(10234)   Free: 0.50M->17.50M
[458.470s] GC(10234) Incremental GC (Collect on allocation) 32.00M->15.00M 0.931ms
[458.500s] GC(10235) Collect on allocation
[458.501s] GC(10235)   Eden: 16.50M->0.00M
[458.501s] GC(10235)   Survivor: 0.00M->0.00M
[458.501s] GC(10235)   Old: 15.00M->15.00M
[458.501s] GC(10235)   Free: 1.00M->17.50M
[458.501s] GC(10235) Incremental GC (Collect on allocation) 31.50M->15.00M 0.804ms
[458.534s] GC(10236) Collect on allocation
[458.536s] GC(10236)   Eden: 16.00M->0.00M
[458.536s] GC(10236)   Survivor: 0.00M->0.00M
[458.536s] GC(10236)   Old: 15.00M->15.50M
[458.536s] GC(10236)   Free: 1.50M->17.00M
[458.536s] GC(10236) Incremental GC (Collect on allocation) 31.00M->15.50M 1.194ms
[458.575s] GC(10237) Collect on allocation
[458.576s] GC(10237)   Eden: 15.50M->0.00M
[458.576s] GC(10237)   Survivor: 0.00M->0.00M
[458.576s] GC(10237)   Old: 15.50M->15.50M
[458.576s] GC(10237)   Free: 1.50M->17.00M
[458.576s] GC(10237) Incremental GC (Collect on allocation) 31.00M->15.50M 0.651ms
[458.610s] GC(10238) Collect on allocation
[458.610s] GC(10238)   Eden: 15.00M->0.00M
[458.610s] GC(10238)   Survivor: 0.00M->0.00M
[458.610s] GC(10238)   Old: 15.50M->15.50M
[458.610s] GC(10238)   Free: 2.00M->17.00M
[458.610s] GC(10238) Incremental GC (Collect on allocation) 30.50M->15.50M 0.692ms
[458.639s] GC(10239) Collect on allocation
[458.640s] GC(10239)   Eden: 14.50M->0.00M
[458.640s] GC(10239)   Survivor: 0.00M->0.00M
[458.640s] GC(10239)   Old: 15.50M->15.50M
[458.640s] GC(10239)   Free: 2.50M->17.00M
[458.640s] GC(10239) Incremental GC (Collect on allocation) 30.00M->15.50M 0.792ms
[458.664s] GC(10240) Collect on allocation
[458.664s] GC(10240)   Eden: 14.00M->0.00M
[458.664s] GC(10240)   Survivor: 0.00M->0.00M
[458.664s] GC(10240)   Old: 15.50M->15.50M
[458.664s] GC(10240)   Free: 3.00M->17.00M
[458.665s] GC(10240) Incremental GC (Collect on allocation) 29.50M->15.50M 0.754ms
[458.683s] GC(10241) Collect on allocation
[458.684s] GC(10241)   Eden: 13.50M->0.00M
[458.684s] GC(10241)   Survivor: 0.00M->0.00M
[458.684s] GC(10241)   Old: 15.50M->15.50M
[458.684s] GC(10241)   Free: 3.50M->17.00M
[458.684s] GC(10241) Incremental GC (Collect on allocation) 29.00M->15.50M 0.708ms
[458.706s] GC(10242) Collect on allocation
[458.707s] GC(10242)   Eden: 13.00M->0.00M
[458.707s] GC(10242)   Survivor: 0.00M->0.00M
[458.707s] GC(10242)   Old: 15.50M->15.50M
[458.707s] GC(10242)   Free: 4.00M->16.50M
[458.707s] GC(10242) Incremental GC (Collect on allocation) 28.50M->15.50M 0.679ms
[458.730s] GC(10243) Collect on allocation
[458.731s] GC(10243)   Eden: 12.50M->0.00M
[458.731s] GC(10243)   Survivor: 0.00M->0.00M
[458.731s] GC(10243)   Old: 15.50M->15.50M
[458.731s] GC(10243)   Free: 4.00M->16.00M
[458.731s] GC(10243) Incremental GC (Collect on allocation) 28.00M->15.50M 1.184ms
[458.751s] GC(10244) Collect on allocation
[458.752s] GC(10244)   Eden: 12.00M->0.00M
[458.752s] GC(10244)   Survivor: 0.00M->0.00M
[458.752s] GC(10244)   Old: 15.50M->15.50M
[458.752s] GC(10244)   Free: 4.00M->15.50M
[458.752s] GC(10244) Incremental GC (Collect on allocation) 27.50M->15.50M 0.709ms
[458.782s] GC(10245) Collect on allocation
[458.783s] GC(10245)   Eden: 11.50M->0.00M
[458.783s] GC(10245)   Survivor: 0.00M->0.00M
[458.783s] GC(10245)   Old: 15.50M->15.50M
[458.783s] GC(10245)   Free: 4.00M->15.00M
[458.783s] GC(10245) Incremental GC (Collect on allocation) 27.00M->15.50M 0.720ms
[458.801s] GC(10246) Collect on allocation
[458.801s] GC(10246)   Eden: 11.00M->0.00M
[458.801s] GC(10246)   Survivor: 0.00M->0.00M
[458.801s] GC(10246)   Old: 15.50M->15.50M
[458.801s] GC(10246)   Free: 4.00M->14.50M
[458.801s] GC(10246) Incremental GC (Collect on allocation) 26.50M->15.50M 0.684ms
[458.814s] GC(10247) Collect on allocation
[458.815s] GC(10247)   Eden: 10.50M->0.00M
[458.815s] GC(10247)   Survivor: 0.00M->0.00M
[458.815s] GC(10247)   Old: 15.50M->15.50M
[458.815s] GC(10247)   Free: 4.00M->14.50M
[458.815s] GC(10247) Incremental GC (Collect on allocation) 26.00M->15.50M 0.776ms
[458.833s] GC(10248) Collect on allocation
[458.834s] GC(10248)   Eden: 12.00M->0.00M
[458.834s] GC(10248)   Survivor: 0.00M->0.00M
[458.834s] GC(10248)   Old: 15.50M->15.50M
[458.834s] GC(10248)   Free: 2.50M->14.50M
[458.834s] GC(10248) Incremental GC (Collect on allocation) 27.50M->15.50M 0.707ms
[458.855s] GC(10249) Collect on allocation
[458.856s] GC(10249)   Eden: 13.50M->0.00M
[458.856s] GC(10249)   Survivor: 0.00M->0.00M
[458.856s] GC(10249)   Old: 15.50M->15.50M
[458.856s] GC(10249)   Free: 1.00M->14.50M
[458.856s] GC(10249) Incremental GC (Collect on allocation) 29.00M->15.50M 0.775ms
[458.878s] GC(10250) Collect on allocation
[458.879s] GC(10250)   Eden: 15.00M->0.00M
[458.879s] GC(10250)   Survivor: 0.00M->0.00M
[458.879s] GC(10250)   Old: 15.50M->15.50M
[458.879s] GC(10250)   Free: 0.00M->15.00M
[458.879s] GC(10250) Incremental GC (Collect on allocation) 30.50M->15.50M 0.954ms
[458.903s] GC(10251) Collect on allocation
[458.904s] GC(10251)   Eden: 16.50M->0.00M
[458.904s] GC(10251)   Survivor: 0.00M->0.00M
[458.904s] GC(10251)   Old: 15.50M->15.50M
[458.904s] GC(10251)   Free: 0.00M->16.50M
[458.904s] GC(10251) Incremental GC (Collect on allocation) 32.00M->15.50M 0.695ms
[458.930s] GC(10252) Collect on allocation
[458.930s] GC(10252)   Eden: 16.00M->0.00M
[458.930s] GC(10252)   Survivor: 0.00M->0.00M
[458.931s] GC(10252)   Old: 15.50M->15.50M
[458.931s] GC(10252)   Free: 0.50M->16.50M
[458.931s] GC(10252) Incremental GC (Collect on allocation) 31.50M->15.50M 0.729ms
[458.953s] GC(10253) Collect on allocation
[458.954s] GC(10253)   Eden: 15.50M->0.00M
[458.954s] GC(10253)   Survivor: 0.00M->0.00M
[458.954s] GC(10253)   Old: 15.50M->15.50M
[458.954s] GC(10253)   Free: 1.00M->16.50M
[458.954s] GC(10253) Incremental GC (Collect on allocation) 31.00M->15.50M 0.780ms
[458.983s] GC(10254) Collect on allocation
[459.004s] GC(10254)   Eden: 15.00M->0.00M
[459.004s] GC(10254)   Survivor: 0.00M->0.00M
[459.004s] GC(10254)   Old: 15.50M->15.00M
[459.004s] GC(10254)   Free: 1.50M->17.00M
[459.004s] GC(10254) Full GC (Collect on allocation) 30.50M->15.00M 20.752ms
[459.056s] GC(10255) Collect on allocation
[459.058s] GC(10255)   Eden: 18.00M->0.00M
[459.058s] GC(10255)   Survivor: 0.00M->0.00M
[459.058s] GC(10255)   Old: 15.00M->15.00M
[459.058s] GC(10255)   Free: 0.00M->18.00M
[459.058s] GC(10255) Incremental GC (Collect on allocation) 33.00M->15.00M 1.192ms
[459.084s] GC(10256) Collect on allocation
[459.085s] GC(10256)   Eden: 17.50M->0.00M
[459.085s] GC(10256)   Survivor: 0.00M->0.00M
[459.085s] GC(10256)   Old: 15.00M->15.00M
[459.085s] GC(10256)   Free: 0.50M->18.00M
[459.085s] GC(10256) Incremental GC (Collect on allocation) 32.50M->15.00M 0.711ms
[459.117s] GC(10257) Collect on allocation
[459.118s] GC(10257)   Eden: 17.00M->0.00M
[459.118s] GC(10257)   Survivor: 0.00M->0.00M
[459.118s] GC(10257)   Old: 15.00M->15.00M
[459.118s] GC(10257)   Free: 1.00M->18.00M
[459.118s] GC(10257) Incremental GC (Collect on allocation) 32.00M->15.00M 0.827ms
[459.147s] GC(10258) Collect on allocation
[459.148s] GC(10258)   Eden: 16.50M->0.00M
[459.148s] GC(10258)   Survivor: 0.00M->0.00M
[459.148s] GC(10258)   Old: 15.00M->15.00M
[459.148s] GC(10258)   Free: 1.50M->18.00M
[459.148s] GC(10258) Incremental GC (Collect on allocation) 31.50M->15.00M 0.884ms
[459.174s] GC(10259) Collect on allocation
[459.175s] GC(10259)   Eden: 16.00M->0.00M
[459.175s] GC(10259)   Survivor: 0.00M->0.00M
[459.175s] GC(10259)   Old: 15.00M->15.00M
[459.175s] GC(10259)   Free: 2.00M->18.00M
[459.175s] GC(10259) Incremental GC (Collect on allocation) 31.00M->15.00M 0.749ms
[459.201s] GC(10260) Collect on allocation
[459.202s] GC(10260)   Eden: 15.50M->0.00M
[459.202s] GC(10260)   Survivor: 0.00M->0.00M
[459.202s] GC(10260)   Old: 15.00M->15.00M
[459.202s] GC(10260)   Free: 2.50M->18.00M
[459.202s] GC(10260) Incremental GC (Collect on allocation) 30.50M->15.00M 1.073ms
[459.236s] GC(10261) Collect on allocation
[459.237s] GC(10261)   Eden: 15.00M->0.00M
[459.237s] GC(10261)   Survivor: 0.00M->0.00M
[459.237s] GC(10261)   Old: 15.00M->15.00M
[459.237s] GC(10261)   Free: 3.00M->18.00M
[459.237s] GC(10261) Incremental GC (Collect on allocation) 30.00M->15.00M 0.754ms
[459.281s] GC(10262) Collect on allocation
[459.282s] GC(10262)   Eden: 14.50M->0.00M
[459.283s] GC(10262)   Survivor: 0.00M->0.00M
[459.283s] GC(10262)   Old: 15.00M->15.00M
[459.283s] GC(10262)   Free: 3.50M->18.00M
[459.283s] GC(10262) Incremental GC (Collect on allocation) 29.50M->15.00M 1.040ms
[459.307s] GC(10263) Collect on allocation
[459.308s] GC(10263)   Eden: 14.00M->0.00M
[459.308s] GC(10263)   Survivor: 0.00M->0.00M
[459.308s] GC(10263)   Old: 15.00M->15.00M
[459.308s] GC(10263)   Free: 4.00M->17.50M
[459.308s] GC(10263) Incremental GC (Collect on allocation) 29.00M->15.00M 1.133ms
[459.329s] GC(10264) Collect on allocation
[459.330s] GC(10264)   Eden: 13.50M->0.00M
[459.330s] GC(10264)   Survivor: 0.00M->0.00M
[459.330s] GC(10264)   Old: 15.00M->15.00M
[459.330s] GC(10264)   Free: 4.00M->17.00M
[459.330s] GC(10264) Incremental GC (Collect on allocation) 28.50M->15.00M 0.784ms
[459.351s] GC(10265) Collect on allocation
[459.352s] GC(10265)   Eden: 13.00M->0.00M
[459.352s] GC(10265)   Survivor: 0.00M->0.00M
[459.352s] GC(10265)   Old: 15.00M->15.00M
[459.352s] GC(10265)   Free: 4.00M->16.50M
[459.352s] GC(10265) Incremental GC (Collect on allocation) 28.00M->15.00M 0.826ms
[459.372s] GC(10266) Collect on allocation
[459.372s] GC(10266)   Eden: 12.50M->0.00M
[459.372s] GC(10266)   Survivor: 0.00M->0.00M
[459.372s] GC(10266)   Old: 15.00M->15.00M
[459.372s] GC(10266)   Free: 4.00M->16.50M
[459.372s] GC(10266) Incremental GC (Collect on allocation) 27.50M->15.00M 0.818ms
[459.394s] GC(10267) Collect on allocation
[459.395s] GC(10267)   Eden: 14.00M->0.00M
[459.395s] GC(10267)   Survivor: 0.00M->0.00M
[459.395s] GC(10267)   Old: 15.00M->15.00M
[459.395s] GC(10267)   Free: 2.50M->16.50M
[459.395s] GC(10267) Incremental GC (Collect on allocation) 29.00M->15.00M 0.928ms
[459.438s] GC(10268) Collect on allocation
[459.439s] GC(10268)   Eden: 15.50M->0.00M
[459.439s] GC(10268)   Survivor: 0.00M->0.00M
[459.439s] GC(10268)   Old: 15.00M->15.50M
[459.439s] GC(10268)   Free: 1.00M->16.00M
[459.439s] GC(10268) Incremental GC (Collect on allocation) 30.50M->15.50M 1.437ms
[459.477s] GC(10269) Collect on allocation
[459.478s] GC(10269)   Eden: 17.00M->0.00M
[459.478s] GC(10269)   Survivor: 0.00M->0.00M
[459.478s] GC(10269)   Old: 15.50M->15.50M
[459.478s] GC(10269)   Free: 0.00M->17.00M
[459.478s] GC(10269) Incremental GC (Collect on allocation) 32.50M->15.50M 0.828ms
[459.521s] GC(10270) Collect on allocation
[459.522s] GC(10270)   Eden: 16.50M->0.00M
[459.522s] GC(10270)   Survivor: 0.00M->0.00M
[459.522s] GC(10270)   Old: 15.50M->15.50M
[459.522s] GC(10270)   Free: 0.50M->17.00M
[459.522s] GC(10270) Incremental GC (Collect on allocation) 32.00M->15.50M 0.549ms
[459.554s] GC(10271) Collect on allocation
[459.555s] GC(10271)   Eden: 16.00M->0.00M
[459.555s] GC(10271)   Survivor: 0.00M->0.00M
[459.555s] GC(10271)   Old: 15.50M->15.50M
[459.555s] GC(10271)   Free: 1.00M->17.00M
[459.555s] GC(10271) Incremental GC (Collect on allocation) 31.50M->15.50M 0.934ms
[459.583s] GC(10272) Collect on allocation
[459.583s] GC(10272)   Eden: 15.50M->0.00M
[459.583s] GC(10272)   Survivor: 0.00M->0.00M
[459.583s] GC(10272)   Old: 15.50M->15.50M
[459.583s] GC(10272)   Free: 1.50M->17.00M
[459.583s] GC(10272) Incremental GC (Collect on allocation) 31.00M->15.50M 0.656ms
[459.612s] GC(10273) Collect on allocation
[459.613s] GC(10273)   Eden: 15.00M->0.00M
[459.613s] GC(10273)   Survivor: 0.00M->0.00M
[459.613s] GC(10273)   Old: 15.50M->15.50M
[459.613s] GC(10273)   Free: 2.00M->17.00M
[459.613s] GC(10273) Incremental GC (Collect on allocation) 30.50M->15.50M 0.958ms
[459.646s] GC(10274) Collect on allocation
[459.647s] GC(10274)   Eden: 14.50M->0.00M
[459.647s] GC(10274)   Survivor: 0.00M->0.00M
[459.647s] GC(10274)   Old: 15.50M->15.50M
[459.647s] GC(10274)   Free: 2.50M->17.00M
[459.647s] GC(10274) Incremental GC (Collect on allocation) 30.00M->15.50M 0.694ms
[459.671s] GC(10275) Collect on allocation
[459.672s] GC(10275)   Eden: 14.00M->0.00M
[459.672s] GC(10275)   Survivor: 0.00M->0.00M
[459.672s] GC(10275)   Old: 15.50M->15.50M
[459.672s] GC(10275)   Free: 3.00M->17.00M
[459.672s] GC(10275) Incremental GC (Collect on allocation) 29.50M->15.50M 0.730ms
[459.695s] GC(10276) Collect on allocation
[459.696s] GC(10276)   Eden: 13.50M->0.00M
[459.696s] GC(10276)   Survivor: 0.00M->0.00M
[459.696s] GC(10276)   Old: 15.50M->15.50M
[459.696s] GC(10276)   Free: 3.50M->17.00M
[459.696s] GC(10276) Incremental GC (Collect on allocation) 29.00M->15.50M 0.670ms
[459.720s] GC(10277) Collect on allocation
[459.720s] GC(10277)   Eden: 13.00M->0.00M
[459.720s] GC(10277)   Survivor: 0.00M->0.00M
[459.720s] GC(10277)   Old: 15.50M->15.50M
[459.720s] GC(10277)   Free: 4.00M->16.50M
[459.720s] GC(10277) Incremental GC (Collect on allocation) 28.50M->15.50M 0.612ms
[459.743s] GC(10278) Collect on allocation
[459.744s] GC(10278)   Eden: 12.50M->0.00M
[459.744s] GC(10278)   Survivor: 0.00M->0.00M
[459.744s] GC(10278)   Old: 15.50M->15.50M
[459.744s] GC(10278)   Free: 4.00M->16.00M
[459.744s] GC(10278) Incremental GC (Collect on allocation) 28.00M->15.50M 0.632ms
[459.779s] GC(10279) Collect on allocation
[459.780s] GC(10279)   Eden: 12.00M->0.00M
[459.780s] GC(10279)   Survivor: 0.00M->0.00M
[459.780s] GC(10279)   Old: 15.50M->15.50M
[459.780s] GC(10279)   Free: 4.00M->15.50M
[459.780s] GC(10279) Incremental GC (Collect on allocation) 27.50M->15.50M 0.631ms
[459.806s] GC(10280) Collect on allocation
[459.807s] GC(10280)   Eden: 11.50M->0.00M
[459.807s] GC(10280)   Survivor: 0.00M->0.00M
[459.807s] GC(10280)   Old: 15.50M->15.50M
[459.807s] GC(10280)   Free: 4.00M->15.00M
[459.807s] GC(10280) Incremental GC (Collect on allocation) 27.00M->15.50M 0.625ms
[459.822s] GC(10281) Collect on allocation
[459.823s] GC(10281)   Eden: 11.00M->0.00M
[459.823s] GC(10281)   Survivor: 0.00M->0.00M
[459.823s] GC(10281)   Old: 15.50M->15.50M
[459.823s] GC(10281)   Free: 4.00M->14.50M
[459.823s] GC(10281) Incremental GC (Collect on allocation) 26.50M->15.50M 0.768ms
[459.838s] GC(10282) Collect on allocation
[459.838s] GC(10282)   Eden: 10.50M->0.00M
[459.839s] GC(10282)   Survivor: 0.00M->0.00M
[459.839s] GC(10282)   Old: 15.50M->15.50M
[459.839s] GC(10282)   Free: 4.00M->14.00M
[459.839s] GC(10282) Incremental GC (Collect on allocation) 26.00M->15.50M 0.646ms
[459.853s] GC(10283) Collect on allocation
[459.853s] GC(10283)   Eden: 10.00M->0.00M
[459.853s] GC(10283)   Survivor: 0.00M->0.00M
[459.853s] GC(10283)   Old: 15.50M->15.50M
[459.853s] GC(10283)   Free: 4.00M->14.00M
[459.853s] GC(10283) Incremental GC (Collect on allocation) 25.50M->15.50M 0.762ms
[459.870s] GC(10284) Collect on allocation
[459.872s] GC(10284)   Eden: 11.00M->0.00M
[459.872s] GC(10284)   Survivor: 0.00M->0.00M
[459.872s] GC(10284)   Old: 15.50M->15.50M
[459.872s] GC(10284)   Free: 3.00M->14.00M
[459.872s] GC(10284) Incremental GC (Collect on allocation) 26.50M->15.50M 1.915ms
[459.893s] GC(10285) Collect on allocation
[459.893s] GC(10285)   Eden: 12.50M->0.00M
[459.893s] GC(10285)   Survivor: 0.00M->0.00M
[459.893s] GC(10285)   Old: 15.50M->15.50M
[459.893s] GC(10285)   Free: 1.50M->14.00M
[459.893s] GC(10285) Incremental GC (Collect on allocation) 28.00M->15.50M 0.634ms
[459.915s] GC(10286) Collect on allocation
[459.916s] GC(10286)   Eden: 14.00M->0.00M
[459.916s] GC(10286)   Survivor: 0.00M->0.00M
[459.916s] GC(10286)   Old: 15.50M->15.50M
[459.916s] GC(10286)   Free: 0.00M->14.00M
[459.916s] GC(10286) Incremental GC (Collect on allocation) 29.50M->15.50M 1.034ms
[459.944s] GC(10287) Collect on allocation
[459.945s] GC(10287)   Eden: 15.50M->0.00M
[459.945s] GC(10287)   Survivor: 0.00M->0.00M
[459.945s] GC(10287)   Old: 15.50M->15.50M
[459.945s] GC(10287)   Free: 0.00M->15.50M
[459.945s] GC(10287) Incremental GC (Collect on allocation) 31.00M->15.50M 0.978ms
[459.983s] GC(10288) Collect on allocation
[459.984s] GC(10288)   Eden: 17.50M->0.00M
[459.984s] GC(10288)   Survivor: 0.00M->0.00M
[459.984s] GC(10288)   Old: 15.50M->15.50M
[459.984s] GC(10288)   Free: 0.00M->17.50M
[459.984s] GC(10288) Incremental GC (Collect on allocation) 33.00M->15.50M 0.910ms
[460.046s] GC(10289) Collect on allocation
[460.048s] GC(10289)   Eden: 19.00M->0.00M
[460.048s] GC(10289)   Survivor: 0.00M->0.00M
[460.048s] GC(10289)   Old: 15.50M->15.50M
[460.048s] GC(10289)   Free: 0.00M->19.00M
[460.048s] GC(10289) Incremental GC (Collect on allocation) 34.50M->15.50M 1.062ms
[460.088s] GC(10290) Collect on allocation
[460.104s] GC(10290)   Eden: 18.50M->0.00M
[460.104s] GC(10290)   Survivor: 0.00M->0.00M
[460.104s] GC(10290)   Old: 15.50M->15.00M
[460.104s] GC(10290)   Free: 0.50M->19.50M
[460.104s] GC(10290) Full GC (Collect on allocation) 34.00M->15.00M 15.856ms
[460.140s] GC(10291) Collect on allocation
[460.142s] GC(10291)   Eden: 17.50M->0.00M
[460.142s] GC(10291)   Survivor: 0.00M->0.00M
[460.142s] GC(10291)   Old: 15.00M->15.00M
[460.142s] GC(10291)   Free: 2.00M->19.50M
[460.142s] GC(10291) Incremental GC (Collect on allocation) 32.50M->15.00M 1.970ms
[460.176s] GC(10292) Collect on allocation
[460.177s] GC(10292)   Eden: 17.00M->0.00M
[460.177s] GC(10292)   Survivor: 0.00M->0.00M
[460.177s] GC(10292)   Old: 15.00M->15.00M
[460.177s] GC(10292)   Free: 2.50M->19.50M
[460.177s] GC(10292) Incremental GC (Collect on allocation) 32.00M->15.00M 0.783ms
[460.210s] GC(10293) Collect on allocation
[460.211s] GC(10293)   Eden: 16.50M->0.00M
[460.211s] GC(10293)   Survivor: 0.00M->0.00M
[460.211s] GC(10293)   Old: 15.00M->15.00M
[460.211s] GC(10293)   Free: 3.00M->19.50M
[460.211s] GC(10293) Incremental GC (Collect on allocation) 31.50M->15.00M 0.766ms
[460.247s] GC(10294) Collect on allocation
[460.250s] GC(10294)   Eden: 16.00M->0.00M
[460.250s] GC(10294)   Survivor: 0.00M->0.00M
[460.250s] GC(10294)   Old: 15.00M->15.00M
[460.250s] GC(10294)   Free: 3.50M->19.50M
[460.250s] GC(10294) Incremental GC (Collect on allocation) 31.00M->15.00M 2.141ms
[460.296s] GC(10295) Collect on allocation
[460.297s] GC(10295)   Eden: 15.50M->0.00M
[460.297s] GC(10295)   Survivor: 0.00M->0.00M
[460.297s] GC(10295)   Old: 15.00M->15.00M
[460.297s] GC(10295)   Free: 4.00M->19.00M
[460.297s] GC(10295) Incremental GC (Collect on allocation) 30.50M->15.00M 0.844ms
[460.325s] GC(10296) Collect on allocation
[460.326s] GC(10296)   Eden: 15.00M->0.00M
[460.326s] GC(10296)   Survivor: 0.00M->0.00M
[460.326s] GC(10296)   Old: 15.00M->15.00M
[460.326s] GC(10296)   Free: 4.00M->18.50M
[460.326s] GC(10296) Incremental GC (Collect on allocation) 30.00M->15.00M 1.065ms
[460.350s] GC(10297) Collect on allocation
[460.351s] GC(10297)   Eden: 14.50M->0.00M
[460.351s] GC(10297)   Survivor: 0.00M->0.00M
[460.351s] GC(10297)   Old: 15.00M->15.00M
[460.351s] GC(10297)   Free: 4.00M->18.00M
[460.351s] GC(10297) Incremental GC (Collect on allocation) 29.50M->15.00M 0.908ms
[460.374s] GC(10298) Collect on allocation
[460.375s] GC(10298)   Eden: 14.00M->0.00M
[460.375s] GC(10298)   Survivor: 0.00M->0.00M
[460.375s] GC(10298)   Old: 15.00M->15.00M
[460.375s] GC(10298)   Free: 4.00M->17.50M
[460.375s] GC(10298) Incremental GC (Collect on allocation) 29.00M->15.00M 0.784ms
[460.397s] GC(10299) Collect on allocation
[460.398s] GC(10299)   Eden: 13.50M->0.00M
[460.398s] GC(10299)   Survivor: 0.00M->0.00M
[460.398s] GC(10299)   Old: 15.00M->15.00M
[460.398s] GC(10299)   Free: 4.00M->17.00M
[460.398s] GC(10299) Incremental GC (Collect on allocation) 28.50M->15.00M 0.864ms
[460.419s] GC(10300) Collect on allocation
[460.420s] GC(10300)   Eden: 13.00M->0.00M
[460.420s] GC(10300)   Survivor: 0.00M->0.00M
[460.420s] GC(10300)   Old: 15.00M->15.50M
[460.420s] GC(10300)   Free: 4.00M->16.50M
[460.420s] GC(10300) Incremental GC (Collect on allocation) 28.00M->15.50M 0.864ms
[460.443s] GC(10301) Collect on allocation
[460.444s] GC(10301)   Eden: 14.50M->0.00M
[460.444s] GC(10301)   Survivor: 0.00M->0.00M
[460.444s] GC(10301)   Old: 15.50M->15.50M
[460.444s] GC(10301)   Free: 2.00M->16.50M
[460.444s] GC(10301) Incremental GC (Collect on allocation) 30.00M->15.50M 0.857ms
[460.477s] GC(10302) Collect on allocation
[460.478s] GC(10302)   Eden: 14.00M->0.00M
[460.478s] GC(10302)   Survivor: 0.00M->0.00M
[460.478s] GC(10302)   Old: 15.50M->15.50M
[460.478s] GC(10302)   Free: 2.50M->16.50M
[460.478s] GC(10302) Incremental GC (Collect on allocation) 29.50M->15.50M 0.699ms
[460.513s] GC(10303) Collect on allocation
[460.513s] GC(10303)   Eden: 13.50M->0.00M
[460.513s] GC(10303)   Survivor: 0.00M->0.00M
[460.513s] GC(10303)   Old: 15.50M->15.50M
[460.513s] GC(10303)   Free: 3.00M->16.50M
[460.514s] GC(10303) Incremental GC (Collect on allocation) 29.00M->15.50M 0.739ms
[460.544s] GC(10304) Collect on allocation
[460.544s] GC(10304)   Eden: 13.00M->0.00M
[460.544s] GC(10304)   Survivor: 0.00M->0.00M
[460.544s] GC(10304)   Old: 15.50M->15.50M
[460.544s] GC(10304)   Free: 3.50M->16.50M
[460.544s] GC(10304) Incremental GC (Collect on allocation) 28.50M->15.50M 0.608ms
[460.567s] GC(10305) Collect on allocation
[460.569s] GC(10305)   Eden: 12.50M->0.00M
[460.569s] GC(10305)   Survivor: 0.00M->0.00M
[460.569s] GC(10305)   Old: 15.50M->15.50M
[460.569s] GC(10305)   Free: 4.00M->16.00M
[460.569s] GC(10305) Incremental GC (Collect on allocation) 28.00M->15.50M 1.272ms
[460.593s] GC(10306) Collect on allocation
[460.594s] GC(10306)   Eden: 12.00M->0.00M
[460.594s] GC(10306)   Survivor: 0.00M->0.00M
[460.595s] GC(10306)   Old: 15.50M->15.50M
[460.595s] GC(10306)   Free: 4.00M->15.50M
[460.595s] GC(10306) Incremental GC (Collect on allocation) 27.50M->15.50M 1.053ms
[460.619s] GC(10307) Collect on allocation
[460.620s] GC(10307)   Eden: 11.50M->0.00M
[460.620s] GC(10307)   Survivor: 0.00M->0.00M
[460.620s] GC(10307)   Old: 15.50M->15.50M
[460.620s] GC(10307)   Free: 4.00M->15.00M
[460.620s] GC(10307) Incremental GC (Collect on allocation) 27.00M->15.50M 0.720ms
[460.645s] GC(10308) Collect on allocation
[460.646s] GC(10308)   Eden: 11.00M->0.00M
[460.646s] GC(10308)   Survivor: 0.00M->0.00M
[460.646s] GC(10308)   Old: 15.50M->15.50M
[460.646s] GC(10308)   Free: 4.00M->14.50M
[460.646s] GC(10308) Incremental GC (Collect on allocation) 26.50M->15.50M 0.844ms
[460.665s] GC(10309) Collect on allocation
[460.666s] GC(10309)   Eden: 10.50M->0.00M
[460.666s] GC(10309)   Survivor: 0.00M->0.00M
[460.666s] GC(10309)   Old: 15.50M->15.50M
[460.666s] GC(10309)   Free: 4.00M->14.00M
[460.666s] GC(10309) Incremental GC (Collect on allocation) 26.00M->15.50M 0.697ms
[460.679s] GC(10310) Collect on allocation
[460.680s] GC(10310)   Eden: 10.00M->0.00M
[460.680s] GC(10310)   Survivor: 0.00M->0.00M
[460.680s] GC(10310)   Old: 15.50M->15.50M
[460.680s] GC(10310)   Free: 4.00M->14.00M
[460.680s] GC(10310) Incremental GC (Collect on allocation) 25.50M->15.50M 0.724ms
[460.697s] GC(10311) Collect on allocation
[460.698s] GC(10311)   Eden: 11.00M->0.00M
[460.698s] GC(10311)   Survivor: 0.00M->0.00M
[460.698s] GC(10311)   Old: 15.50M->15.50M
[460.698s] GC(10311)   Free: 3.00M->14.00M
[460.698s] GC(10311) Incremental GC (Collect on allocation) 26.50M->15.50M 1.001ms
[460.719s] GC(10312) Collect on allocation
[460.720s] GC(10312)   Eden: 12.50M->0.00M
[460.720s] GC(10312)   Survivor: 0.00M->0.00M
[460.720s] GC(10312)   Old: 15.50M->15.50M
[460.720s] GC(10312)   Free: 1.50M->14.00M
[460.720s] GC(10312) Incremental GC (Collect on allocation) 28.00M->15.50M 0.813ms
[460.743s] GC(10313) Collect on allocation
[460.744s] GC(10313)   Eden: 14.00M->0.00M
[460.744s] GC(10313)   Survivor: 0.00M->0.00M
[460.744s] GC(10313)   Old: 15.50M->15.50M
[460.744s] GC(10313)   Free: 0.00M->14.00M
[460.744s] GC(10313) Incremental GC (Collect on allocation) 29.50M->15.50M 0.735ms
[460.779s] GC(10314) Collect on allocation
[460.779s] GC(10314)   Eden: 15.50M->0.00M
[460.779s] GC(10314)   Survivor: 0.00M->0.00M
[460.779s] GC(10314)   Old: 15.50M->15.50M
[460.779s] GC(10314)   Free: 0.00M->15.50M
[460.779s] GC(10314) Incremental GC (Collect on allocation) 31.00M->15.50M 0.844ms
[460.807s] GC(10315) Collect on allocation
[460.808s] GC(10315)   Eden: 15.00M->0.00M
[460.808s] GC(10315)   Survivor: 0.00M->0.00M
[460.808s] GC(10315)   Old: 15.50M->15.50M
[460.808s] GC(10315)   Free: 0.50M->15.50M
[460.808s] GC(10315) Incremental GC (Collect on allocation) 30.50M->15.50M 0.848ms
[460.836s] GC(10316) Collect on allocation
[460.836s] GC(10316)   Eden: 14.50M->0.00M
[460.836s] GC(10316)   Survivor: 0.00M->0.00M
[460.837s] GC(10316)   Old: 15.50M->15.50M
[460.837s] GC(10316)   Free: 1.00M->15.50M
[460.837s] GC(10316) Incremental GC (Collect on allocation) 30.00M->15.50M 0.740ms
[460.864s] GC(10317) Collect on allocation
[460.865s] GC(10317)   Eden: 14.00M->0.00M
[460.865s] GC(10317)   Survivor: 0.00M->0.00M
[460.865s] GC(10317)   Old: 15.50M->15.50M
[460.865s] GC(10317)   Free: 1.50M->15.50M
[460.865s] GC(10317) Incremental GC (Collect on allocation) 29.50M->15.50M 0.911ms
[460.889s] GC(10318) Collect on allocation
[460.890s] GC(10318)   Eden: 13.50M->0.00M
[460.890s] GC(10318)   Survivor: 0.00M->0.00M
[460.890s] GC(10318)   Old: 15.50M->15.50M
[460.890s] GC(10318)   Free: 2.00M->15.50M
[460.890s] GC(10318) Incremental GC (Collect on allocation) 29.00M->15.50M 0.759ms
[460.911s] GC(10319) Collect on allocation
[460.912s] GC(10319)   Eden: 13.00M->0.00M
[460.912s] GC(10319)   Survivor: 0.00M->0.00M
[460.912s] GC(10319)   Old: 15.50M->15.50M
[460.912s] GC(10319)   Free: 2.50M->15.50M
[460.912s] GC(10319) Incremental GC (Collect on allocation) 28.50M->15.50M 0.937ms
[460.929s] GC(10320) Collect on allocation
[460.930s] GC(10320)   Eden: 12.50M->0.00M
[460.930s] GC(10320)   Survivor: 0.00M->0.00M
[460.930s] GC(10320)   Old: 15.50M->15.50M
[460.930s] GC(10320)   Free: 3.00M->15.50M
[460.930s] GC(10320) Incremental GC (Collect on allocation) 28.00M->15.50M 0.744ms
[460.955s] GC(10321) Collect on allocation
[460.956s] GC(10321)   Eden: 14.00M->0.00M
[460.956s] GC(10321)   Survivor: 0.00M->0.00M
[460.956s] GC(10321)   Old: 15.50M->15.50M
[460.956s] GC(10321)   Free: 1.50M->15.50M
[460.956s] GC(10321) Incremental GC (Collect on allocation) 29.50M->15.50M 1.047ms
[460.988s] GC(10322) Collect on allocation
[460.989s] GC(10322)   Eden: 15.50M->0.00M
[460.989s] GC(10322)   Survivor: 0.00M->0.00M
[460.989s] GC(10322)   Old: 15.50M->15.50M
[460.989s] GC(10322)   Free: 0.00M->15.50M
[460.989s] GC(10322) Incremental GC (Collect on allocation) 31.00M->15.50M 0.922ms
[461.023s] GC(10323) Collect on allocation
[461.024s] GC(10323)   Eden: 15.00M->0.00M
[461.024s] GC(10323)   Survivor: 0.00M->0.00M
[461.024s] GC(10323)   Old: 15.50M->15.50M
[461.024s] GC(10323)   Free: 0.50M->15.50M
[461.024s] GC(10323) Incremental GC (Collect on allocation) 30.50M->15.50M 0.983ms
[461.049s] GC(10324) Collect on allocation
[461.050s] GC(10324)   Eden: 14.50M->0.00M
[461.050s] GC(10324)   Survivor: 0.00M->0.00M
[461.050s] GC(10324)   Old: 15.50M->15.50M
[461.050s] GC(10324)   Free: 1.00M->15.50M
[461.050s] GC(10324) Incremental GC (Collect on allocation) 30.00M->15.50M 0.843ms
[461.074s] GC(10325) Collect on allocation
[461.075s] GC(10325)   Eden: 14.00M->0.00M
[461.075s] GC(10325)   Survivor: 0.00M->0.00M
[461.075s] GC(10325)   Old: 15.50M->15.50M
[461.075s] GC(10325)   Free: 1.50M->15.50M
[461.075s] GC(10325) Incremental GC (Collect on allocation) 29.50M->15.50M 0.817ms
[461.100s] GC(10326) Collect on allocation
[461.101s] GC(10326)   Eden: 13.50M->0.00M
[461.101s] GC(10326)   Survivor: 0.00M->0.00M
[461.101s] GC(10326)   Old: 15.50M->15.50M
[461.101s] GC(10326)   Free: 2.00M->15.50M
[461.101s] GC(10326) Incremental GC (Collect on allocation) 29.00M->15.50M 0.803ms
[461.137s] GC(10327) Collect on allocation
[461.154s] GC(10327)   Eden: 13.00M->0.00M
[461.154s] GC(10327)   Survivor: 0.00M->0.00M
[461.154s] GC(10327)   Old: 15.50M->15.00M
[461.154s] GC(10327)   Free: 2.50M->16.00M
[461.154s] GC(10327) Full GC (Collect on allocation) 28.50M->15.00M 16.273ms
[461.177s] GC(10328) Collect on allocation
[461.178s] GC(10328)   Eden: 12.00M->0.00M
[461.178s] GC(10328)   Survivor: 0.00M->0.00M
[461.178s] GC(10328)   Old: 15.00M->15.00M
[461.178s] GC(10328)   Free: 4.00M->15.50M
[461.178s] GC(10328) Incremental GC (Collect on allocation) 27.00M->15.00M 0.945ms
[461.199s] GC(10329) Collect on allocation
[461.200s] GC(10329)   Eden: 11.50M->0.00M
[461.200s] GC(10329)   Survivor: 0.00M->0.00M
[461.200s] GC(10329)   Old: 15.00M->15.00M
[461.200s] GC(10329)   Free: 4.00M->15.00M
[461.200s] GC(10329) Incremental GC (Collect on allocation) 26.50M->15.00M 0.779ms
[461.222s] GC(10330) Collect on allocation
[461.222s] GC(10330)   Eden: 11.00M->0.00M
[461.222s] GC(10330)   Survivor: 0.00M->0.00M
[461.223s] GC(10330)   Old: 15.00M->15.00M
[461.223s] GC(10330)   Free: 4.00M->14.50M
[461.223s] GC(10330) Incremental GC (Collect on allocation) 26.00M->15.00M 0.709ms
[461.245s] GC(10331) Collect on allocation
[461.246s] GC(10331)   Eden: 10.50M->0.00M
[461.246s] GC(10331)   Survivor: 0.00M->0.00M
[461.246s] GC(10331)   Old: 15.00M->15.00M
[461.246s] GC(10331)   Free: 4.00M->14.00M
[461.246s] GC(10331) Incremental GC (Collect on allocation) 25.50M->15.00M 0.774ms
[461.275s] GC(10332) Collect on allocation
[461.276s] GC(10332)   Eden: 10.00M->0.00M
[461.276s] GC(10332)   Survivor: 0.00M->0.00M
[461.276s] GC(10332)   Old: 15.00M->15.00M
[461.276s] GC(10332)   Free: 4.00M->13.50M
[461.276s] GC(10332) Incremental GC (Collect on allocation) 25.00M->15.00M 0.833ms
[461.290s] GC(10333) Collect on allocation
[461.291s] GC(10333)   Eden: 9.50M->0.00M
[461.291s] GC(10333)   Survivor: 0.00M->0.00M
[461.291s] GC(10333)   Old: 15.00M->15.00M
[461.291s] GC(10333)   Free: 4.00M->13.50M
[461.291s] GC(10333) Incremental GC (Collect on allocation) 24.50M->15.00M 0.726ms
[461.310s] GC(10334) Collect on allocation
[461.312s] GC(10334)   Eden: 10.50M->0.00M
[461.312s] GC(10334)   Survivor: 0.00M->0.00M
[461.312s] GC(10334)   Old: 15.00M->15.00M
[461.312s] GC(10334)   Free: 3.00M->13.50M
[461.312s] GC(10334) Incremental GC (Collect on allocation) 25.50M->15.00M 1.174ms
[461.329s] GC(10335) Collect on allocation
[461.330s] GC(10335)   Eden: 12.00M->0.00M
[461.330s] GC(10335)   Survivor: 0.00M->0.00M
[461.330s] GC(10335)   Old: 15.00M->15.00M
[461.330s] GC(10335)   Free: 1.50M->13.50M
[461.330s] GC(10335) Incremental GC (Collect on allocation) 27.00M->15.00M 1.045ms
[461.350s] GC(10336) Collect on allocation
[461.351s] GC(10336)   Eden: 13.50M->0.00M
[461.351s] GC(10336)   Survivor: 0.00M->0.00M
[461.351s] GC(10336)   Old: 15.00M->15.00M
[461.351s] GC(10336)   Free: 0.00M->13.50M
[461.351s] GC(10336) Incremental GC (Collect on allocation) 28.50M->15.00M 0.801ms
[461.375s] GC(10337) Collect on allocation
[461.376s] GC(10337)   Eden: 15.00M->0.00M
[461.376s] GC(10337)   Survivor: 0.00M->0.00M
[461.376s] GC(10337)   Old: 15.00M->15.50M
[461.376s] GC(10337)   Free: 0.00M->15.00M
[461.376s] GC(10337) Incremental GC (Collect on allocation) 30.00M->15.50M 0.809ms
[461.404s] GC(10338) Collect on allocation
[461.405s] GC(10338)   Eden: 16.50M->0.00M
[461.405s] GC(10338)   Survivor: 0.00M->0.00M
[461.405s] GC(10338)   Old: 15.50M->15.50M
[461.405s] GC(10338)   Free: 0.00M->16.50M
[461.405s] GC(10338) Incremental GC (Collect on allocation) 32.00M->15.50M 0.545ms
[461.433s] GC(10339) Collect on allocation
[461.434s] GC(10339)   Eden: 16.00M->0.00M
[461.434s] GC(10339)   Survivor: 0.00M->0.00M
[461.434s] GC(10339)   Old: 15.50M->15.50M
[461.434s] GC(10339)   Free: 0.50M->16.50M
[461.434s] GC(10339) Incremental GC (Collect on allocation) 31.50M->15.50M 0.816ms
[461.461s] GC(10340) Collect on allocation
[461.462s] GC(10340)   Eden: 15.50M->0.00M
[461.462s] GC(10340)   Survivor: 0.00M->0.00M
[461.462s] GC(10340)   Old: 15.50M->15.50M
[461.462s] GC(10340)   Free: 1.00M->16.50M
[461.462s] GC(10340) Incremental GC (Collect on allocation) 31.00M->15.50M 1.105ms
[461.511s] GC(10341) Collect on allocation
[461.513s] GC(10341)   Eden: 15.00M->0.00M
[461.513s] GC(10341)   Survivor: 0.00M->0.00M
[461.513s] GC(10341)   Old: 15.50M->15.50M
[461.513s] GC(10341)   Free: 1.50M->16.50M
[461.513s] GC(10341) Incremental GC (Collect on allocation) 30.50M->15.50M 1.291ms
[461.541s] GC(10342) Collect on allocation
[461.541s] GC(10342)   Eden: 14.50M->0.00M
[461.542s] GC(10342)   Survivor: 0.00M->0.00M
[461.542s] GC(10342)   Old: 15.50M->15.50M
[461.542s] GC(10342)   Free: 2.00M->16.50M
[461.542s] GC(10342) Incremental GC (Collect on allocation) 30.00M->15.50M 0.786ms
[461.568s] GC(10343) Collect on allocation
[461.569s] GC(10343)   Eden: 14.00M->0.00M
[461.569s] GC(10343)   Survivor: 0.00M->0.00M
[461.569s] GC(10343)   Old: 15.50M->15.50M
[461.569s] GC(10343)   Free: 2.50M->16.50M
[461.569s] GC(10343) Incremental GC (Collect on allocation) 29.50M->15.50M 0.733ms
[461.598s] GC(10344) Collect on allocation
[461.599s] GC(10344)   Eden: 13.50M->0.00M
[461.599s] GC(10344)   Survivor: 0.00M->0.00M
[461.599s] GC(10344)   Old: 15.50M->15.50M
[461.599s] GC(10344)   Free: 3.00M->16.50M
[461.599s] GC(10344) Incremental GC (Collect on allocation) 29.00M->15.50M 1.116ms
[461.619s] GC(10345) Collect on allocation
[461.620s] GC(10345)   Eden: 13.00M->0.00M
[461.620s] GC(10345)   Survivor: 0.00M->0.00M
[461.620s] GC(10345)   Old: 15.50M->15.50M
[461.620s] GC(10345)   Free: 3.50M->16.50M
[461.620s] GC(10345) Incremental GC (Collect on allocation) 28.50M->15.50M 0.714ms
[461.639s] GC(10346) Collect on allocation
[461.640s] GC(10346)   Eden: 12.50M->0.00M
[461.640s] GC(10346)   Survivor: 0.00M->0.00M
[461.641s] GC(10346)   Old: 15.50M->15.50M
[461.641s] GC(10346)   Free: 4.00M->16.00M
[461.641s] GC(10346) Incremental GC (Collect on allocation) 28.00M->15.50M 0.880ms
[461.657s] GC(10347) Collect on allocation
[461.658s] GC(10347)   Eden: 12.00M->0.00M
[461.658s] GC(10347)   Survivor: 0.00M->0.00M
[461.658s] GC(10347)   Old: 15.50M->15.50M
[461.658s] GC(10347)   Free: 4.00M->16.00M
[461.658s] GC(10347) Incremental GC (Collect on allocation) 27.50M->15.50M 0.769ms
[461.676s] GC(10348) Collect on allocation
[461.676s] GC(10348)   Eden: 13.50M->0.00M
[461.676s] GC(10348)   Survivor: 0.00M->0.00M
[461.677s] GC(10348)   Old: 15.50M->15.50M
[461.677s] GC(10348)   Free: 2.50M->16.00M
[461.677s] GC(10348) Incremental GC (Collect on allocation) 29.00M->15.50M 0.774ms
[461.696s] GC(10349) Collect on allocation
[461.697s] GC(10349)   Eden: 15.00M->0.00M
[461.697s] GC(10349)   Survivor: 0.00M->0.00M
[461.697s] GC(10349)   Old: 15.50M->15.50M
[461.697s] GC(10349)   Free: 1.00M->16.00M
[461.697s] GC(10349) Incremental GC (Collect on allocation) 30.50M->15.50M 0.840ms
[461.725s] GC(10350) Collect on allocation
[461.726s] GC(10350)   Eden: 16.50M->0.00M
[461.726s] GC(10350)   Survivor: 0.00M->0.00M
[461.726s] GC(10350)   Old: 15.50M->15.50M
[461.726s] GC(10350)   Free: 0.00M->16.50M
[461.726s] GC(10350) Incremental GC (Collect on allocation) 32.00M->15.50M 0.755ms
[461.796s] GC(10351) Collect on allocation
[461.797s] GC(10351)   Eden: 18.00M->0.00M
[461.797s] GC(10351)   Survivor: 0.00M->0.00M
[461.797s] GC(10351)   Old: 15.50M->15.50M
[461.797s] GC(10351)   Free: 0.00M->18.00M
[461.797s] GC(10351) Incremental GC (Collect on allocation) 33.50M->15.50M 0.948ms
[461.829s] GC(10352) Collect on allocation
[461.830s] GC(10352)   Eden: 17.50M->0.00M
[461.830s] GC(10352)   Survivor: 0.00M->0.00M
[461.830s] GC(10352)   Old: 15.50M->15.50M
[461.830s] GC(10352)   Free: 0.50M->18.00M
[461.830s] GC(10352) Incremental GC (Collect on allocation) 33.00M->15.50M 1.081ms
[461.861s] GC(10353) Collect on allocation
[461.862s] GC(10353)   Eden: 17.00M->0.00M
[461.862s] GC(10353)   Survivor: 0.00M->0.00M
[461.862s] GC(10353)   Old: 15.50M->15.50M
[461.862s] GC(10353)   Free: 1.00M->18.00M
[461.862s] GC(10353) Incremental GC (Collect on allocation) 32.50M->15.50M 0.778ms
[461.889s] GC(10354) Collect on allocation
[461.889s] GC(10354)   Eden: 16.50M->0.00M
[461.890s] GC(10354)   Survivor: 0.00M->0.00M
[461.890s] GC(10354)   Old: 15.50M->15.50M
[461.890s] GC(10354)   Free: 1.50M->18.00M
[461.890s] GC(10354) Incremental GC (Collect on allocation) 32.00M->15.50M 0.842ms
[461.914s] GC(10355) Collect on allocation
[461.915s] GC(10355)   Eden: 16.00M->0.00M
[461.915s] GC(10355)   Survivor: 0.00M->0.00M
[461.915s] GC(10355)   Old: 15.50M->15.50M
[461.915s] GC(10355)   Free: 2.00M->18.00M
[461.915s] GC(10355) Incremental GC (Collect on allocation) 31.50M->15.50M 1.010ms
[461.942s] GC(10356) Collect on allocation
[461.943s] GC(10356)   Eden: 15.50M->0.00M
[461.943s] GC(10356)   Survivor: 0.00M->0.00M
[461.943s] GC(10356)   Old: 15.50M->15.50M
[461.943s] GC(10356)   Free: 2.50M->18.00M
[461.943s] GC(10356) Incremental GC (Collect on allocation) 31.00M->15.50M 0.811ms
[461.968s] GC(10357) Collect on allocation
[461.969s] GC(10357)   Eden: 15.00M->0.00M
[461.969s] GC(10357)   Survivor: 0.00M->0.00M
[461.969s] GC(10357)   Old: 15.50M->15.50M
[461.969s] GC(10357)   Free: 3.00M->18.00M
[461.969s] GC(10357) Incremental GC (Collect on allocation) 30.50M->15.50M 0.849ms
[462.003s] GC(10358) Collect on allocation
[462.004s] GC(10358)   Eden: 14.50M->0.00M
[462.004s] GC(10358)   Survivor: 0.00M->0.00M
[462.004s] GC(10358)   Old: 15.50M->15.50M
[462.004s] GC(10358)   Free: 3.50M->18.00M
[462.004s] GC(10358) Incremental GC (Collect on allocation) 30.00M->15.50M 0.860ms
[462.029s] GC(10359) Collect on allocation
[462.030s] GC(10359)   Eden: 14.00M->0.00M
[462.030s] GC(10359)   Survivor: 0.00M->0.00M
[462.030s] GC(10359)   Old: 15.50M->15.50M
[462.030s] GC(10359)   Free: 4.00M->17.50M
[462.030s] GC(10359) Incremental GC (Collect on allocation) 29.50M->15.50M 0.856ms
[462.054s] GC(10360) Collect on allocation
[462.055s] GC(10360)   Eden: 13.50M->0.00M
[462.055s] GC(10360)   Survivor: 0.00M->0.00M
[462.055s] GC(10360)   Old: 15.50M->15.50M
[462.055s] GC(10360)   Free: 4.00M->17.00M
[462.055s] GC(10360) Incremental GC (Collect on allocation) 29.00M->15.50M 0.876ms
[462.076s] GC(10361) Collect on allocation
[462.077s] GC(10361)   Eden: 13.00M->0.00M
[462.077s] GC(10361)   Survivor: 0.00M->0.00M
[462.077s] GC(10361)   Old: 15.50M->15.50M
[462.077s] GC(10361)   Free: 4.00M->16.50M
[462.077s] GC(10361) Incremental GC (Collect on allocation) 28.50M->15.50M 0.801ms
[462.097s] GC(10362) Collect on allocation
[462.098s] GC(10362)   Eden: 12.50M->0.00M
[462.098s] GC(10362)   Survivor: 0.00M->0.00M
[462.098s] GC(10362)   Old: 15.50M->15.50M
[462.098s] GC(10362)   Free: 4.00M->16.00M
[462.098s] GC(10362) Incremental GC (Collect on allocation) 28.00M->15.50M 0.845ms
[462.113s] GC(10363) Collect on allocation
[462.114s] GC(10363)   Eden: 12.00M->0.00M
[462.114s] GC(10363)   Survivor: 0.00M->0.00M
[462.114s] GC(10363)   Old: 15.50M->15.50M
[462.114s] GC(10363)   Free: 4.00M->16.00M
[462.114s] GC(10363) Incremental GC (Collect on allocation) 27.50M->15.50M 0.835ms
[462.135s] GC(10364) Collect on allocation
[462.151s] GC(10364)   Eden: 13.50M->0.00M
[462.151s] GC(10364)   Survivor: 0.00M->0.00M
[462.151s] GC(10364)   Old: 15.50M->15.00M
[462.151s] GC(10364)   Free: 2.50M->16.50M
[462.151s] GC(10364) Full GC (Collect on allocation) 29.00M->15.00M 15.974ms
[462.180s] GC(10365) Collect on allocation
[462.181s] GC(10365)   Eden: 16.50M->0.00M
[462.181s] GC(10365)   Survivor: 0.00M->0.00M
[462.181s] GC(10365)   Old: 15.00M->15.00M
[462.181s] GC(10365)   Free: 0.00M->16.50M
[462.181s] GC(10365) Incremental GC (Collect on allocation) 31.50M->15.00M 0.934ms
[462.227s] GC(10366) Collect on allocation
[462.229s] GC(10366)   Eden: 18.00M->0.00M
[462.229s] GC(10366)   Survivor: 0.00M->0.00M
[462.229s] GC(10366)   Old: 15.00M->15.00M
[462.229s] GC(10366)   Free: 0.00M->18.00M
[462.229s] GC(10366) Incremental GC (Collect on allocation) 33.00M->15.00M 1.553ms
[462.284s] GC(10367) Collect on allocation
[462.285s] GC(10367)   Eden: 19.50M->0.00M
[462.285s] GC(10367)   Survivor: 0.00M->0.00M
[462.285s] GC(10367)   Old: 15.00M->15.00M
[462.285s] GC(10367)   Free: 0.00M->19.50M
[462.285s] GC(10367) Incremental GC (Collect on allocation) 34.50M->15.00M 0.808ms
[462.336s] GC(10368) Collect on allocation
[462.337s] GC(10368)   Eden: 19.00M->0.00M
[462.337s] GC(10368)   Survivor: 0.00M->0.00M
[462.337s] GC(10368)   Old: 15.00M->15.00M
[462.337s] GC(10368)   Free: 0.50M->19.50M
[462.337s] GC(10368) Incremental GC (Collect on allocation) 34.00M->15.00M 0.782ms
[462.396s] GC(10369) Collect on allocation
[462.397s] GC(10369)   Eden: 18.50M->0.00M
[462.397s] GC(10369)   Survivor: 0.00M->0.00M
[462.397s] GC(10369)   Old: 15.00M->15.00M
[462.397s] GC(10369)   Free: 1.00M->19.50M
[462.397s] GC(10369) Incremental GC (Collect on allocation) 33.50M->15.00M 0.721ms
[462.431s] GC(10370) Collect on allocation
[462.432s] GC(10370)   Eden: 18.00M->0.00M
[462.432s] GC(10370)   Survivor: 0.00M->0.00M
[462.432s] GC(10370)   Old: 15.00M->15.00M
[462.432s] GC(10370)   Free: 1.50M->19.50M
[462.432s] GC(10370) Incremental GC (Collect on allocation) 33.00M->15.00M 0.727ms
[462.486s] GC(10371) Collect on allocation
[462.487s] GC(10371)   Eden: 17.50M->0.00M
[462.487s] GC(10371)   Survivor: 0.00M->0.00M
[462.487s] GC(10371)   Old: 15.00M->15.00M
[462.487s] GC(10371)   Free: 2.00M->19.50M
[462.487s] GC(10371) Incremental GC (Collect on allocation) 32.50M->15.00M 0.768ms
[462.514s] GC(10372) Collect on allocation
[462.515s] GC(10372)   Eden: 17.00M->0.00M
[462.515s] GC(10372)   Survivor: 0.00M->0.00M
[462.515s] GC(10372)   Old: 15.00M->15.00M
[462.515s] GC(10372)   Free: 2.50M->19.50M
[462.515s] GC(10372) Incremental GC (Collect on allocation) 32.00M->15.00M 0.753ms
[462.541s] GC(10373) Collect on allocation
[462.541s] GC(10373)   Eden: 16.50M->0.00M
[462.541s] GC(10373)   Survivor: 0.00M->0.00M
[462.541s] GC(10373)   Old: 15.00M->15.00M
[462.541s] GC(10373)   Free: 3.00M->19.50M
[462.541s] GC(10373) Incremental GC (Collect on allocation) 31.50M->15.00M 0.770ms
[462.573s] GC(10374) Collect on allocation
[462.574s] GC(10374)   Eden: 16.00M->0.00M
[462.574s] GC(10374)   Survivor: 0.00M->0.00M
[462.574s] GC(10374)   Old: 15.00M->15.00M
[462.574s] GC(10374)   Free: 3.50M->19.50M
[462.574s] GC(10374) Incremental GC (Collect on allocation) 31.00M->15.00M 0.926ms
[462.599s] GC(10375) Collect on allocation
[462.600s] GC(10375)   Eden: 15.50M->0.00M
[462.600s] GC(10375)   Survivor: 0.00M->0.00M
[462.600s] GC(10375)   Old: 15.00M->15.00M
[462.600s] GC(10375)   Free: 4.00M->19.00M
[462.600s] GC(10375) Incremental GC (Collect on allocation) 30.50M->15.00M 0.834ms
[462.634s] GC(10376) Collect on allocation
[462.636s] GC(10376)   Eden: 15.00M->0.00M
[462.636s] GC(10376)   Survivor: 0.00M->0.00M
[462.636s] GC(10376)   Old: 15.00M->15.00M
[462.636s] GC(10376)   Free: 4.00M->18.50M
[462.636s] GC(10376) Incremental GC (Collect on allocation) 30.00M->15.00M 1.367ms
[462.661s] GC(10377) Collect on allocation
[462.662s] GC(10377)   Eden: 14.50M->0.00M
[462.662s] GC(10377)   Survivor: 0.00M->0.00M
[462.662s] GC(10377)   Old: 15.00M->15.00M
[462.662s] GC(10377)   Free: 4.00M->18.00M
[462.662s] GC(10377) Incremental GC (Collect on allocation) 29.50M->15.00M 1.178ms
[462.685s] GC(10378) Collect on allocation
[462.686s] GC(10378)   Eden: 14.00M->0.00M
[462.686s] GC(10378)   Survivor: 0.00M->0.00M
[462.686s] GC(10378)   Old: 15.00M->15.00M
[462.686s] GC(10378)   Free: 4.00M->18.00M
[462.686s] GC(10378) Incremental GC (Collect on allocation) 29.00M->15.00M 1.105ms
[462.714s] GC(10379) Collect on allocation
[462.715s] GC(10379)   Eden: 15.50M->0.00M
[462.715s] GC(10379)   Survivor: 0.00M->0.00M
[462.715s] GC(10379)   Old: 15.00M->15.00M
[462.715s] GC(10379)   Free: 2.50M->18.00M
[462.715s] GC(10379) Incremental GC (Collect on allocation) 30.50M->15.00M 0.948ms
[462.746s] GC(10380) Collect on allocation
[462.747s] GC(10380)   Eden: 17.00M->0.00M
[462.747s] GC(10380)   Survivor: 0.00M->0.00M
[462.747s] GC(10380)   Old: 15.00M->15.50M
[462.747s] GC(10380)   Free: 1.00M->17.50M
[462.747s] GC(10380) Incremental GC (Collect on allocation) 32.00M->15.50M 0.867ms
[462.772s] GC(10381) Collect on allocation
[462.774s] GC(10381)   Eden: 16.50M->0.00M
[462.774s] GC(10381)   Survivor: 0.00M->0.00M
[462.774s] GC(10381)   Old: 15.50M->15.50M
[462.774s] GC(10381)   Free: 1.00M->17.50M
[462.774s] GC(10381) Incremental GC (Collect on allocation) 32.00M->15.50M 1.583ms
[462.806s] GC(10382) Collect on allocation
[462.807s] GC(10382)   Eden: 18.00M->0.00M
[462.807s] GC(10382)   Survivor: 0.00M->0.00M
[462.807s] GC(10382)   Old: 15.50M->15.50M
[462.807s] GC(10382)   Free: 0.00M->18.00M
[462.807s] GC(10382) Incremental GC (Collect on allocation) 33.50M->15.50M 0.539ms
[462.832s] GC(10383) Collect on allocation
[462.833s] GC(10383)   Eden: 17.50M->0.00M
[462.833s] GC(10383)   Survivor: 0.00M->0.00M
[462.833s] GC(10383)   Old: 15.50M->15.50M
[462.833s] GC(10383)   Free: 0.50M->18.00M
[462.833s] GC(10383) Incremental GC (Collect on allocation) 33.00M->15.50M 0.557ms
[462.858s] GC(10384) Collect on allocation
[462.859s] GC(10384)   Eden: 17.00M->0.00M
[462.859s] GC(10384)   Survivor: 0.00M->0.00M
[462.859s] GC(10384)   Old: 15.50M->15.50M
[462.859s] GC(10384)   Free: 1.00M->18.00M
[462.859s] GC(10384) Incremental GC (Collect on allocation) 32.50M->15.50M 0.818ms
[462.885s] GC(10385) Collect on allocation
[462.886s] GC(10385)   Eden: 16.50M->0.00M
[462.886s] GC(10385)   Survivor: 0.00M->0.00M
[462.886s] GC(10385)   Old: 15.50M->15.50M
[462.886s] GC(10385)   Free: 1.50M->18.00M
[462.886s] GC(10385) Incremental GC (Collect on allocation) 32.00M->15.50M 0.949ms
[462.915s] GC(10386) Collect on allocation
[462.915s] GC(10386)   Eden: 16.00M->0.00M
[462.915s] GC(10386)   Survivor: 0.00M->0.00M
[462.915s] GC(10386)   Old: 15.50M->15.50M
[462.915s] GC(10386)   Free: 2.00M->18.00M
[462.915s] GC(10386) Incremental GC (Collect on allocation) 31.50M->15.50M 0.794ms
[462.951s] GC(10387) Collect on allocation
[462.952s] GC(10387)   Eden: 15.50M->0.00M
[462.952s] GC(10387)   Survivor: 0.00M->0.00M
[462.952s] GC(10387)   Old: 15.50M->15.50M
[462.952s] GC(10387)   Free: 2.50M->18.00M
[462.952s] GC(10387) Incremental GC (Collect on allocation) 31.00M->15.50M 0.804ms
[462.990s] GC(10388) Collect on allocation
[462.991s] GC(10388)   Eden: 15.00M->0.00M
[462.991s] GC(10388)   Survivor: 0.00M->0.00M
[462.991s] GC(10388)   Old: 15.50M->15.50M
[462.991s] GC(10388)   Free: 3.00M->18.00M
[462.991s] GC(10388) Incremental GC (Collect on allocation) 30.50M->15.50M 0.631ms
[463.023s] GC(10389) Collect on allocation
[463.024s] GC(10389)   Eden: 14.50M->0.00M
[463.024s] GC(10389)   Survivor: 0.00M->0.00M
[463.024s] GC(10389)   Old: 15.50M->15.50M
[463.024s] GC(10389)   Free: 3.50M->18.00M
[463.024s] GC(10389) Incremental GC (Collect on allocation) 30.00M->15.50M 0.780ms
[463.049s] GC(10390) Collect on allocation
[463.050s] GC(10390)   Eden: 14.00M->0.00M
[463.050s] GC(10390)   Survivor: 0.00M->0.00M
[463.050s] GC(10390)   Old: 15.50M->15.50M
[463.050s] GC(10390)   Free: 4.00M->17.50M
[463.050s] GC(10390) Incremental GC (Collect on allocation) 29.50M->15.50M 0.848ms
[463.079s] GC(10391) Collect on allocation
[463.080s] GC(10391)   Eden: 13.50M->0.00M
[463.080s] GC(10391)   Survivor: 0.00M->0.00M
[463.080s] GC(10391)   Old: 15.50M->15.50M
[463.080s] GC(10391)   Free: 4.00M->17.00M
[463.080s] GC(10391) Incremental GC (Collect on allocation) 29.00M->15.50M 0.879ms
[463.104s] GC(10392) Collect on allocation
[463.105s] GC(10392)   Eden: 13.00M->0.00M
[463.105s] GC(10392)   Survivor: 0.00M->0.00M
[463.105s] GC(10392)   Old: 15.50M->15.50M
[463.105s] GC(10392)   Free: 4.00M->16.50M
[463.105s] GC(10392) Incremental GC (Collect on allocation) 28.50M->15.50M 0.686ms
[463.130s] GC(10393) Collect on allocation
[463.131s] GC(10393)   Eden: 12.50M->0.00M
[463.131s] GC(10393)   Survivor: 0.00M->0.00M
[463.131s] GC(10393)   Old: 15.50M->15.50M
[463.131s] GC(10393)   Free: 4.00M->16.00M
[463.131s] GC(10393) Incremental GC (Collect on allocation) 28.00M->15.50M 0.692ms
[463.148s] GC(10394) Collect on allocation
[463.149s] GC(10394)   Eden: 12.00M->0.00M
[463.149s] GC(10394)   Survivor: 0.00M->0.00M
[463.149s] GC(10394)   Old: 15.50M->15.50M
[463.149s] GC(10394)   Free: 4.00M->15.50M
[463.149s] GC(10394) Incremental GC (Collect on allocation) 27.50M->15.50M 0.829ms
[463.167s] GC(10395) Collect on allocation
[463.168s] GC(10395)   Eden: 11.50M->0.00M
[463.168s] GC(10395)   Survivor: 0.00M->0.00M
[463.168s] GC(10395)   Old: 15.50M->15.50M
[463.168s] GC(10395)   Free: 4.00M->15.50M
[463.168s] GC(10395) Incremental GC (Collect on allocation) 27.00M->15.50M 0.858ms
[463.211s] GC(10396) Collect on allocation
[463.212s] GC(10396)   Eden: 13.00M->0.00M
[463.212s] GC(10396)   Survivor: 0.00M->0.00M
[463.212s] GC(10396)   Old: 15.50M->15.50M
[463.212s] GC(10396)   Free: 2.50M->15.50M
[463.212s] GC(10396) Incremental GC (Collect on allocation) 28.50M->15.50M 0.748ms
[463.241s] GC(10397) Collect on allocation
[463.242s] GC(10397)   Eden: 12.50M->0.00M
[463.242s] GC(10397)   Survivor: 0.00M->0.00M
[463.242s] GC(10397)   Old: 15.50M->15.50M
[463.242s] GC(10397)   Free: 3.00M->15.50M
[463.242s] GC(10397) Incremental GC (Collect on allocation) 28.00M->15.50M 1.171ms
[463.262s] GC(10398) Collect on allocation
[463.264s] GC(10398)   Eden: 12.00M->0.00M
[463.264s] GC(10398)   Survivor: 0.00M->0.00M
[463.264s] GC(10398)   Old: 15.50M->15.50M
[463.264s] GC(10398)   Free: 3.50M->15.50M
[463.264s] GC(10398) Incremental GC (Collect on allocation) 27.50M->15.50M 1.029ms
[463.285s] GC(10399) Collect on allocation
[463.300s] GC(10399)   Eden: 13.50M->0.00M
[463.300s] GC(10399)   Survivor: 0.00M->0.00M
[463.300s] GC(10399)   Old: 15.50M->15.00M
[463.300s] GC(10399)   Free: 2.00M->16.00M
[463.300s] GC(10399) Full GC (Collect on allocation) 29.00M->15.00M 15.454ms
[463.324s] GC(10400) Collect on allocation
[463.324s] GC(10400)   Eden: 16.50M->0.00M
[463.325s] GC(10400)   Survivor: 0.00M->0.00M
[463.325s] GC(10400)   Old: 15.00M->15.00M
[463.325s] GC(10400)   Free: 0.00M->16.50M
[463.325s] GC(10400) Incremental GC (Collect on allocation) 31.50M->15.00M 0.933ms
[463.351s] GC(10401) Collect on allocation
[463.353s] GC(10401)   Eden: 18.00M->0.00M
[463.353s] GC(10401)   Survivor: 0.00M->0.00M
[463.353s] GC(10401)   Old: 15.00M->15.00M
[463.353s] GC(10401)   Free: 0.00M->18.00M
[463.353s] GC(10401) Incremental GC (Collect on allocation) 33.00M->15.00M 1.157ms
[463.383s] GC(10402) Collect on allocation
[463.385s] GC(10402)   Eden: 19.50M->0.00M
[463.385s] GC(10402)   Survivor: 0.00M->0.00M
[463.385s] GC(10402)   Old: 15.00M->15.00M
[463.385s] GC(10402)   Free: 0.00M->19.50M
[463.385s] GC(10402) Incremental GC (Collect on allocation) 34.50M->15.00M 1.133ms
[463.427s] GC(10403) Collect on allocation
[463.428s] GC(10403)   Eden: 21.00M->0.00M
[463.428s] GC(10403)   Survivor: 0.00M->0.00M
[463.428s] GC(10403)   Old: 15.00M->15.00M
[463.428s] GC(10403)   Free: 0.00M->21.00M
[463.428s] GC(10403) Incremental GC (Collect on allocation) 36.00M->15.00M 0.988ms
[463.471s] GC(10404) Collect on allocation
[463.472s] GC(10404)   Eden: 20.50M->0.00M
[463.472s] GC(10404)   Survivor: 0.00M->0.00M
[463.472s] GC(10404)   Old: 15.00M->15.00M
[463.472s] GC(10404)   Free: 0.50M->21.00M
[463.472s] GC(10404) Incremental GC (Collect on allocation) 35.50M->15.00M 1.069ms
[463.508s] GC(10405) Collect on allocation
[463.509s] GC(10405)   Eden: 20.00M->0.00M
[463.509s] GC(10405)   Survivor: 0.00M->0.00M
[463.509s] GC(10405)   Old: 15.00M->15.00M
[463.509s] GC(10405)   Free: 1.00M->21.00M
[463.509s] GC(10405) Incremental GC (Collect on allocation) 35.00M->15.00M 0.761ms
[463.543s] GC(10406) Collect on allocation
[463.544s] GC(10406)   Eden: 19.50M->0.00M
[463.544s] GC(10406)   Survivor: 0.00M->0.00M
[463.544s] GC(10406)   Old: 15.00M->15.00M
[463.544s] GC(10406)   Free: 1.50M->21.00M
[463.544s] GC(10406) Incremental GC (Collect on allocation) 34.50M->15.00M 1.056ms
[463.579s] GC(10407) Collect on allocation
[463.580s] GC(10407)   Eden: 19.00M->0.00M
[463.580s] GC(10407)   Survivor: 0.00M->0.00M
[463.580s] GC(10407)   Old: 15.00M->15.50M
[463.580s] GC(10407)   Free: 2.00M->20.50M
[463.580s] GC(10407) Incremental GC (Collect on allocation) 34.00M->15.50M 0.876ms
[463.613s] GC(10408) Collect on allocation
[463.614s] GC(10408)   Eden: 18.50M->0.00M
[463.614s] GC(10408)   Survivor: 0.00M->0.00M
[463.614s] GC(10408)   Old: 15.50M->15.50M
[463.614s] GC(10408)   Free: 2.00M->20.50M
[463.614s] GC(10408) Incremental GC (Collect on allocation) 34.00M->15.50M 0.592ms
[463.646s] GC(10409) Collect on allocation
[463.646s] GC(10409)   Eden: 18.00M->0.00M
[463.646s] GC(10409)   Survivor: 0.00M->0.00M
[463.647s] GC(10409)   Old: 15.50M->15.50M
[463.647s] GC(10409)   Free: 2.50M->20.50M
[463.647s] GC(10409) Incremental GC (Collect on allocation) 33.50M->15.50M 0.651ms
[463.687s] GC(10410) Collect on allocation
[463.687s] GC(10410)   Eden: 17.50M->0.00M
[463.687s] GC(10410)   Survivor: 0.00M->0.00M
[463.687s] GC(10410)   Old: 15.50M->15.50M
[463.688s] GC(10410)   Free: 3.00M->20.50M
[463.688s] GC(10410) Incremental GC (Collect on allocation) 33.00M->15.50M 0.685ms
[463.715s] GC(10411) Collect on allocation
[463.715s] GC(10411)   Eden: 17.00M->0.00M
[463.715s] GC(10411)   Survivor: 0.00M->0.00M
[463.715s] GC(10411)   Old: 15.50M->15.50M
[463.715s] GC(10411)   Free: 3.50M->20.50M
[463.716s] GC(10411) Incremental GC (Collect on allocation) 32.50M->15.50M 0.567ms
[463.738s] GC(10412) Collect on allocation
[463.739s] GC(10412)   Eden: 16.50M->0.00M
[463.739s] GC(10412)   Survivor: 0.00M->0.00M
[463.739s] GC(10412)   Old: 15.50M->15.50M
[463.739s] GC(10412)   Free: 4.00M->20.00M
[463.739s] GC(10412) Incremental GC (Collect on allocation) 32.00M->15.50M 0.623ms
[463.763s] GC(10413) Collect on allocation
[463.763s] GC(10413)   Eden: 16.00M->0.00M
[463.763s] GC(10413)   Survivor: 0.00M->0.00M
[463.763s] GC(10413)   Old: 15.50M->15.50M
[463.763s] GC(10413)   Free: 4.00M->19.50M
[463.763s] GC(10413) Incremental GC (Collect on allocation) 31.50M->15.50M 0.672ms
[463.783s] GC(10414) Collect on allocation
[463.784s] GC(10414)   Eden: 15.50M->0.00M
[463.784s] GC(10414)   Survivor: 0.00M->0.00M
[463.784s] GC(10414)   Old: 15.50M->15.50M
[463.784s] GC(10414)   Free: 4.00M->19.00M
[463.784s] GC(10414) Incremental GC (Collect on allocation) 31.00M->15.50M 0.602ms
[463.811s] GC(10415) Collect on allocation
[463.812s] GC(10415)   Eden: 15.00M->0.00M
[463.812s] GC(10415)   Survivor: 0.00M->0.00M
[463.812s] GC(10415)   Old: 15.50M->15.50M
[463.812s] GC(10415)   Free: 4.00M->18.50M
[463.812s] GC(10415) Incremental GC (Collect on allocation) 30.50M->15.50M 0.638ms
[463.833s] GC(10416) Collect on allocation
[463.834s] GC(10416)   Eden: 14.50M->0.00M
[463.834s] GC(10416)   Survivor: 0.00M->0.00M
[463.834s] GC(10416)   Old: 15.50M->15.50M
[463.834s] GC(10416)   Free: 4.00M->18.00M
[463.834s] GC(10416) Incremental GC (Collect on allocation) 30.00M->15.50M 0.611ms
[463.854s] GC(10417) Collect on allocation
[463.855s] GC(10417)   Eden: 14.00M->0.00M
[463.855s] GC(10417)   Survivor: 0.00M->0.00M
[463.855s] GC(10417)   Old: 15.50M->15.50M
[463.855s] GC(10417)   Free: 4.00M->17.50M
[463.855s] GC(10417) Incremental GC (Collect on allocation) 29.50M->15.50M 0.820ms
[463.874s] GC(10418) Collect on allocation
[463.875s] GC(10418)   Eden: 13.50M->0.00M
[463.875s] GC(10418)   Survivor: 0.00M->0.00M
[463.875s] GC(10418)   Old: 15.50M->15.50M
[463.875s] GC(10418)   Free: 4.00M->17.00M
[463.875s] GC(10418) Incremental GC (Collect on allocation) 29.00M->15.50M 0.610ms
[463.917s] GC(10419) Collect on allocation
[463.918s] GC(10419)   Eden: 13.00M->0.00M
[463.918s] GC(10419)   Survivor: 0.00M->0.00M
[463.918s] GC(10419)   Old: 15.50M->15.50M
[463.918s] GC(10419)   Free: 4.00M->16.50M
[463.918s] GC(10419) Incremental GC (Collect on allocation) 28.50M->15.50M 0.684ms
[463.944s] GC(10420) Collect on allocation
[463.944s] GC(10420)   Eden: 12.50M->0.00M
[463.944s] GC(10420)   Survivor: 0.00M->0.00M
[463.944s] GC(10420)   Old: 15.50M->15.50M
[463.944s] GC(10420)   Free: 4.00M->16.00M
[463.944s] GC(10420) Incremental GC (Collect on allocation) 28.00M->15.50M 0.627ms
[463.965s] GC(10421) Collect on allocation
[463.966s] GC(10421)   Eden: 12.00M->0.00M
[463.966s] GC(10421)   Survivor: 0.00M->0.00M
[463.966s] GC(10421)   Old: 15.50M->15.50M
[463.966s] GC(10421)   Free: 4.00M->15.50M
[463.966s] GC(10421) Incremental GC (Collect on allocation) 27.50M->15.50M 0.617ms
[463.982s] GC(10422) Collect on allocation
[463.983s] GC(10422)   Eden: 11.50M->0.00M
[463.983s] GC(10422)   Survivor: 0.00M->0.00M
[463.983s] GC(10422)   Old: 15.50M->15.50M
[463.983s] GC(10422)   Free: 4.00M->15.00M
[463.983s] GC(10422) Incremental GC (Collect on allocation) 27.00M->15.50M 0.820ms
[464.002s] GC(10423) Collect on allocation
[464.003s] GC(10423)   Eden: 11.00M->0.00M
[464.003s] GC(10423)   Survivor: 0.00M->0.00M
[464.003s] GC(10423)   Old: 15.50M->15.50M
[464.003s] GC(10423)   Free: 4.00M->14.50M
[464.003s] GC(10423) Incremental GC (Collect on allocation) 26.50M->15.50M 0.786ms
[464.018s] GC(10424) Collect on allocation
[464.019s] GC(10424)   Eden: 10.50M->0.00M
[464.019s] GC(10424)   Survivor: 0.00M->0.00M
[464.019s] GC(10424)   Old: 15.50M->15.50M
[464.019s] GC(10424)   Free: 4.00M->14.50M
[464.019s] GC(10424) Incremental GC (Collect on allocation) 26.00M->15.50M 0.862ms
[464.041s] GC(10425) Collect on allocation
[464.042s] GC(10425)   Eden: 12.00M->0.00M
[464.042s] GC(10425)   Survivor: 0.00M->0.00M
[464.042s] GC(10425)   Old: 15.50M->15.50M
[464.042s] GC(10425)   Free: 2.50M->14.50M
[464.042s] GC(10425) Incremental GC (Collect on allocation) 27.50M->15.50M 0.841ms
[464.062s] GC(10426) Collect on allocation
[464.063s] GC(10426)   Eden: 13.50M->0.00M
[464.063s] GC(10426)   Survivor: 0.00M->0.00M
[464.063s] GC(10426)   Old: 15.50M->15.50M
[464.063s] GC(10426)   Free: 1.00M->14.50M
[464.063s] GC(10426) Incremental GC (Collect on allocation) 29.00M->15.50M 0.862ms
[464.084s] GC(10427) Collect on allocation
[464.084s] GC(10427)   Eden: 15.00M->0.00M
[464.084s] GC(10427)   Survivor: 0.00M->0.00M
[464.085s] GC(10427)   Old: 15.50M->15.50M
[464.085s] GC(10427)   Free: 0.00M->15.00M
[464.085s] GC(10427) Incremental GC (Collect on allocation) 30.50M->15.50M 0.699ms
[464.115s] GC(10428) Collect on allocation
[464.116s] GC(10428)   Eden: 16.50M->0.00M
[464.116s] GC(10428)   Survivor: 0.00M->0.00M
[464.116s] GC(10428)   Old: 15.50M->15.50M
[464.116s] GC(10428)   Free: 0.00M->16.50M
[464.116s] GC(10428) Incremental GC (Collect on allocation) 32.00M->15.50M 0.898ms
[464.138s] GC(10429) Collect on allocation
[464.139s] GC(10429)   Eden: 16.00M->0.00M
[464.139s] GC(10429)   Survivor: 0.00M->0.00M
[464.139s] GC(10429)   Old: 15.50M->15.50M
[464.139s] GC(10429)   Free: 0.50M->16.50M
[464.139s] GC(10429) Incremental GC (Collect on allocation) 31.50M->15.50M 0.748ms
[464.168s] GC(10430) Collect on allocation
[464.169s] GC(10430)   Eden: 15.50M->0.00M
[464.169s] GC(10430)   Survivor: 0.00M->0.00M
[464.169s] GC(10430)   Old: 15.50M->15.50M
[464.169s] GC(10430)   Free: 1.00M->16.50M
[464.169s] GC(10430) Incremental GC (Collect on allocation) 31.00M->15.50M 1.034ms
[464.194s] GC(10431) Collect on allocation
[464.194s] GC(10431)   Eden: 15.00M->0.00M
[464.195s] GC(10431)   Survivor: 0.00M->0.00M
[464.195s] GC(10431)   Old: 15.50M->15.50M
[464.195s] GC(10431)   Free: 1.50M->16.50M
[464.195s] GC(10431) Incremental GC (Collect on allocation) 30.50M->15.50M 0.819ms
[464.223s] GC(10432) Collect on allocation
[464.224s] GC(10432)   Eden: 14.50M->0.00M
[464.224s] GC(10432)   Survivor: 0.00M->0.00M
[464.224s] GC(10432)   Old: 15.50M->15.50M
[464.224s] GC(10432)   Free: 2.00M->16.50M
[464.224s] GC(10432) Incremental GC (Collect on allocation) 30.00M->15.50M 0.916ms
[464.247s] GC(10433) Collect on allocation
[464.263s] GC(10433)   Eden: 14.00M->0.00M
[464.263s] GC(10433)   Survivor: 0.00M->0.00M
[464.263s] GC(10433)   Old: 15.50M->15.00M
[464.263s] GC(10433)   Free: 2.50M->17.00M
[464.263s] GC(10433) Full GC (Collect on allocation) 29.50M->15.00M 15.963ms
[464.292s] GC(10434) Collect on allocation
[464.293s] GC(10434)   Eden: 17.00M->0.00M
[464.293s] GC(10434)   Survivor: 0.00M->0.00M
[464.293s] GC(10434)   Old: 15.00M->15.00M
[464.293s] GC(10434)   Free: 0.00M->17.00M
[464.293s] GC(10434) Incremental GC (Collect on allocation) 32.00M->15.00M 1.247ms
[464.330s] GC(10435) Collect on allocation
[464.331s] GC(10435)   Eden: 16.50M->0.00M
[464.331s] GC(10435)   Survivor: 0.00M->0.00M
[464.331s] GC(10435)   Old: 15.00M->15.00M
[464.331s] GC(10435)   Free: 0.50M->17.00M
[464.331s] GC(10435) Incremental GC (Collect on allocation) 31.50M->15.00M 1.428ms
[464.366s] GC(10436) Collect on allocation
[464.367s] GC(10436)   Eden: 18.00M->0.00M
[464.368s] GC(10436)   Survivor: 0.00M->0.00M
[464.368s] GC(10436)   Old: 15.00M->15.00M
[464.368s] GC(10436)   Free: 0.00M->18.00M
[464.368s] GC(10436) Incremental GC (Collect on allocation) 33.00M->15.00M 1.457ms
[464.416s] GC(10437) Collect on allocation
[464.417s] GC(10437)   Eden: 17.50M->0.00M
[464.417s] GC(10437)   Survivor: 0.00M->0.00M
[464.417s] GC(10437)   Old: 15.00M->15.00M
[464.417s] GC(10437)   Free: 0.50M->18.00M
[464.417s] GC(10437) Incremental GC (Collect on allocation) 32.50M->15.00M 0.921ms
[464.452s] GC(10438) Collect on allocation
[464.453s] GC(10438)   Eden: 17.00M->0.00M
[464.453s] GC(10438)   Survivor: 0.00M->0.00M
[464.453s] GC(10438)   Old: 15.00M->15.00M
[464.453s] GC(10438)   Free: 1.00M->18.00M
[464.453s] GC(10438) Incremental GC (Collect on allocation) 32.00M->15.00M 0.828ms
[464.481s] GC(10439) Collect on allocation
[464.482s] GC(10439)   Eden: 16.50M->0.00M
[464.482s] GC(10439)   Survivor: 0.00M->0.00M
[464.482s] GC(10439)   Old: 15.00M->15.00M
[464.482s] GC(10439)   Free: 1.50M->18.00M
[464.482s] GC(10439) Incremental GC (Collect on allocation) 31.50M->15.00M 0.779ms
[464.515s] GC(10440) Collect on allocation
[464.516s] GC(10440)   Eden: 16.00M->0.00M
[464.516s] GC(10440)   Survivor: 0.00M->0.00M
[464.516s] GC(10440)   Old: 15.00M->15.50M
[464.516s] GC(10440)   Free: 2.00M->17.50M
[464.516s] GC(10440) Incremental GC (Collect on allocation) 31.00M->15.50M 1.042ms
[464.538s] GC(10441) Collect on allocation
[464.539s] GC(10441)   Eden: 15.50M->0.00M
[464.539s] GC(10441)   Survivor: 0.00M->0.00M
[464.539s] GC(10441)   Old: 15.50M->15.50M
[464.539s] GC(10441)   Free: 2.00M->17.50M
[464.539s] GC(10441) Incremental GC (Collect on allocation) 31.00M->15.50M 0.577ms
[464.566s] GC(10442) Collect on allocation
[464.567s] GC(10442)   Eden: 15.00M->0.00M
[464.567s] GC(10442)   Survivor: 0.00M->0.00M
[464.567s] GC(10442)   Old: 15.50M->15.50M
[464.567s] GC(10442)   Free: 2.50M->17.50M
[464.567s] GC(10442) Incremental GC (Collect on allocation) 30.50M->15.50M 0.905ms
[464.590s] GC(10443) Collect on allocation
[464.590s] GC(10443)   Eden: 14.50M->0.00M
[464.590s] GC(10443)   Survivor: 0.00M->0.00M
[464.590s] GC(10443)   Old: 15.50M->15.50M
[464.590s] GC(10443)   Free: 3.00M->17.50M
[464.590s] GC(10443) Incremental GC (Collect on allocation) 30.00M->15.50M 0.752ms
[464.615s] GC(10444) Collect on allocation
[464.617s] GC(10444)   Eden: 14.00M->0.00M
[464.617s] GC(10444)   Survivor: 0.00M->0.00M
[464.617s] GC(10444)   Old: 15.50M->15.50M
[464.617s] GC(10444)   Free: 3.50M->17.50M
[464.617s] GC(10444) Incremental GC (Collect on allocation) 29.50M->15.50M 1.134ms
[464.644s] GC(10445) Collect on allocation
[464.645s] GC(10445)   Eden: 13.50M->0.00M
[464.645s] GC(10445)   Survivor: 0.00M->0.00M
[464.645s] GC(10445)   Old: 15.50M->15.50M
[464.645s] GC(10445)   Free: 4.00M->17.00M
[464.645s] GC(10445) Incremental GC (Collect on allocation) 29.00M->15.50M 0.845ms
[464.669s] GC(10446) Collect on allocation
[464.670s] GC(10446)   Eden: 13.00M->0.00M
[464.670s] GC(10446)   Survivor: 0.00M->0.00M
[464.670s] GC(10446)   Old: 15.50M->15.50M
[464.670s] GC(10446)   Free: 4.00M->16.50M
[464.670s] GC(10446) Incremental GC (Collect on allocation) 28.50M->15.50M 0.738ms
[464.691s] GC(10447) Collect on allocation
[464.691s] GC(10447)   Eden: 12.50M->0.00M
[464.691s] GC(10447)   Survivor: 0.00M->0.00M
[464.691s] GC(10447)   Old: 15.50M->15.50M
[464.691s] GC(10447)   Free: 4.00M->16.00M
[464.691s] GC(10447) Incremental GC (Collect on allocation) 28.00M->15.50M 0.682ms
[464.710s] GC(10448) Collect on allocation
[464.711s] GC(10448)   Eden: 12.00M->0.00M
[464.711s] GC(10448)   Survivor: 0.00M->0.00M
[464.711s] GC(10448)   Old: 15.50M->15.50M
[464.711s] GC(10448)   Free: 4.00M->15.50M
[464.711s] GC(10448) Incremental GC (Collect on allocation) 27.50M->15.50M 0.588ms
[464.727s] GC(10449) Collect on allocation
[464.727s] GC(10449)   Eden: 11.50M->0.00M
[464.727s] GC(10449)   Survivor: 0.00M->0.00M
[464.727s] GC(10449)   Old: 15.50M->15.50M
[464.727s] GC(10449)   Free: 4.00M->15.00M
[464.727s] GC(10449) Incremental GC (Collect on allocation) 27.00M->15.50M 0.698ms
[464.744s] GC(10450) Collect on allocation
[464.745s] GC(10450)   Eden: 11.00M->0.00M
[464.745s] GC(10450)   Survivor: 0.00M->0.00M
[464.745s] GC(10450)   Old: 15.50M->15.50M
[464.745s] GC(10450)   Free: 4.00M->15.00M
[464.745s] GC(10450) Incremental GC (Collect on allocation) 26.50M->15.50M 1.087ms
[464.765s] GC(10451) Collect on allocation
[464.766s] GC(10451)   Eden: 12.50M->0.00M
[464.766s] GC(10451)   Survivor: 0.00M->0.00M
[464.766s] GC(10451)   Old: 15.50M->15.50M
[464.766s] GC(10451)   Free: 2.50M->15.00M
[464.766s] GC(10451) Incremental GC (Collect on allocation) 28.00M->15.50M 0.671ms
[464.785s] GC(10452) Collect on allocation
[464.786s] GC(10452)   Eden: 14.00M->0.00M
[464.786s] GC(10452)   Survivor: 0.00M->0.00M
[464.786s] GC(10452)   Old: 15.50M->15.50M
[464.786s] GC(10452)   Free: 1.00M->15.00M
[464.786s] GC(10452) Incremental GC (Collect on allocation) 29.50M->15.50M 0.750ms
[464.814s] GC(10453) Collect on allocation
[464.815s] GC(10453)   Eden: 16.00M->0.00M
[464.815s] GC(10453)   Survivor: 0.00M->0.00M
[464.815s] GC(10453)   Old: 15.50M->15.50M
[464.815s] GC(10453)   Free: 0.00M->16.00M
[464.815s] GC(10453) Incremental GC (Collect on allocation) 31.50M->15.50M 0.682ms
[464.838s] GC(10454) Collect on allocation
[464.839s] GC(10454)   Eden: 15.00M->0.00M
[464.839s] GC(10454)   Survivor: 0.00M->0.00M
[464.839s] GC(10454)   Old: 15.50M->15.50M
[464.839s] GC(10454)   Free: 1.00M->16.00M
[464.839s] GC(10454) Incremental GC (Collect on allocation) 30.50M->15.50M 0.687ms
[464.863s] GC(10455) Collect on allocation
[464.865s] GC(10455)   Eden: 14.50M->0.00M
[464.865s] GC(10455)   Survivor: 0.00M->0.00M
[464.865s] GC(10455)   Old: 15.50M->15.50M
[464.865s] GC(10455)   Free: 1.50M->16.00M
[464.865s] GC(10455) Incremental GC (Collect on allocation) 30.00M->15.50M 1.431ms
[464.916s] GC(10456) Collect on allocation
[464.916s] GC(10456)   Eden: 16.00M->0.00M
[464.916s] GC(10456)   Survivor: 0.00M->0.00M
[464.917s] GC(10456)   Old: 15.50M->15.50M
[464.917s] GC(10456)   Free: 0.00M->16.00M
[464.917s] GC(10456) Incremental GC (Collect on allocation) 31.50M->15.50M 0.802ms
[464.961s] GC(10457) Collect on allocation
[464.963s] GC(10457)   Eden: 15.50M->0.00M
[464.963s] GC(10457)   Survivor: 0.00M->0.00M
[464.963s] GC(10457)   Old: 15.50M->15.50M
[464.963s] GC(10457)   Free: 0.50M->16.00M
[464.963s] GC(10457) Incremental GC (Collect on allocation) 31.00M->15.50M 1.563ms
[464.990s] GC(10458) Collect on allocation
[464.991s] GC(10458)   Eden: 15.00M->0.00M
[464.991s] GC(10458)   Survivor: 0.00M->0.00M
[464.991s] GC(10458)   Old: 15.50M->15.50M
[464.991s] GC(10458)   Free: 1.00M->16.00M
[464.991s] GC(10458) Incremental GC (Collect on allocation) 30.50M->15.50M 0.734ms
[465.014s] GC(10459) Collect on allocation
[465.014s] GC(10459)   Eden: 14.50M->0.00M
[465.014s] GC(10459)   Survivor: 0.00M->0.00M
[465.014s] GC(10459)   Old: 15.50M->15.50M
[465.014s] GC(10459)   Free: 1.50M->16.00M
[465.014s] GC(10459) Incremental GC (Collect on allocation) 30.00M->15.50M 0.721ms
[465.041s] GC(10460) Collect on allocation
[465.042s] GC(10460)   Eden: 14.00M->0.00M
[465.042s] GC(10460)   Survivor: 0.00M->0.00M
[465.042s] GC(10460)   Old: 15.50M->15.50M
[465.042s] GC(10460)   Free: 2.00M->16.00M
[465.042s] GC(10460) Incremental GC (Collect on allocation) 29.50M->15.50M 0.999ms
[465.068s] GC(10461) Collect on allocation
[465.069s] GC(10461)   Eden: 13.50M->0.00M
[465.069s] GC(10461)   Survivor: 0.00M->0.00M
[465.069s] GC(10461)   Old: 15.50M->15.50M
[465.069s] GC(10461)   Free: 2.50M->16.00M
[465.069s] GC(10461) Incremental GC (Collect on allocation) 29.00M->15.50M 1.077ms
[465.097s] GC(10462) Collect on allocation
[465.097s] GC(10462)   Eden: 13.00M->0.00M
[465.097s] GC(10462)   Survivor: 0.00M->0.00M
[465.097s] GC(10462)   Old: 15.50M->15.50M
[465.097s] GC(10462)   Free: 3.00M->16.00M
[465.097s] GC(10462) Incremental GC (Collect on allocation) 28.50M->15.50M 0.716ms
[465.141s] GC(10463) Collect on allocation
[465.142s] GC(10463)   Eden: 12.50M->0.00M
[465.142s] GC(10463)   Survivor: 0.00M->0.00M
[465.142s] GC(10463)   Old: 15.50M->15.50M
[465.142s] GC(10463)   Free: 3.50M->16.00M
[465.142s] GC(10463) Incremental GC (Collect on allocation) 28.00M->15.50M 1.197ms
[465.167s] GC(10464) Collect on allocation
[465.168s] GC(10464)   Eden: 12.00M->0.00M
[465.168s] GC(10464)   Survivor: 0.00M->0.00M
[465.168s] GC(10464)   Old: 15.50M->15.50M
[465.168s] GC(10464)   Free: 4.00M->15.50M
[465.168s] GC(10464) Incremental GC (Collect on allocation) 27.50M->15.50M 0.718ms
[465.186s] GC(10465) Collect on allocation
[465.187s] GC(10465)   Eden: 11.50M->0.00M
[465.187s] GC(10465)   Survivor: 0.00M->0.00M
[465.187s] GC(10465)   Old: 15.50M->15.50M
[465.187s] GC(10465)   Free: 4.00M->15.00M
[465.187s] GC(10465) Incremental GC (Collect on allocation) 27.00M->15.50M 1.007ms
[465.202s] GC(10466) Collect on allocation
[465.203s] GC(10466)   Eden: 11.00M->0.00M
[465.203s] GC(10466)   Survivor: 0.00M->0.00M
[465.203s] GC(10466)   Old: 15.50M->15.50M
[465.203s] GC(10466)   Free: 4.00M->15.00M
[465.203s] GC(10466) Incremental GC (Collect on allocation) 26.50M->15.50M 0.733ms
[465.223s] GC(10467) Collect on allocation
[465.224s] GC(10467)   Eden: 12.50M->0.00M
[465.224s] GC(10467)   Survivor: 0.00M->0.00M
[465.224s] GC(10467)   Old: 15.50M->15.50M
[465.224s] GC(10467)   Free: 2.50M->15.00M
[465.224s] GC(10467) Incremental GC (Collect on allocation) 28.00M->15.50M 0.800ms
[465.254s] GC(10468) Collect on allocation
[465.255s] GC(10468)   Eden: 14.00M->0.00M
[465.255s] GC(10468)   Survivor: 0.00M->0.00M
[465.256s] GC(10468)   Old: 15.50M->15.50M
[465.256s] GC(10468)   Free: 1.00M->15.00M
[465.256s] GC(10468) Incremental GC (Collect on allocation) 29.50M->15.50M 0.932ms
[465.284s] GC(10469) Collect on allocation
[465.300s] GC(10469)   Eden: 15.50M->0.00M
[465.300s] GC(10469)   Survivor: 0.00M->0.00M
[465.300s] GC(10469)   Old: 15.50M->15.00M
[465.300s] GC(10469)   Free: 0.00M->16.00M
[465.300s] GC(10469) Full GC (Collect on allocation) 31.00M->15.00M 15.973ms
[465.324s] GC(10470) Collect on allocation
[465.325s] GC(10470)   Eden: 14.50M->0.00M
[465.325s] GC(10470)   Survivor: 0.00M->0.00M
[465.325s] GC(10470)   Old: 15.00M->15.00M
[465.325s] GC(10470)   Free: 1.50M->16.00M
[465.325s] GC(10470) Incremental GC (Collect on allocation) 29.50M->15.00M 1.216ms
[465.352s] GC(10471) Collect on allocation
[465.354s] GC(10471)   Eden: 14.00M->0.00M
[465.354s] GC(10471)   Survivor: 0.00M->0.00M
[465.354s] GC(10471)   Old: 15.00M->15.00M
[465.354s] GC(10471)   Free: 2.00M->16.00M
[465.354s] GC(10471) Incremental GC (Collect on allocation) 29.00M->15.00M 1.272ms
[465.395s] GC(10472) Collect on allocation
[465.396s] GC(10472)   Eden: 15.50M->0.00M
[465.396s] GC(10472)   Survivor: 0.00M->0.00M
[465.396s] GC(10472)   Old: 15.00M->15.00M
[465.396s] GC(10472)   Free: 0.50M->16.00M
[465.396s] GC(10472) Incremental GC (Collect on allocation) 30.50M->15.00M 0.777ms
[465.425s] GC(10473) Collect on allocation
[465.426s] GC(10473)   Eden: 15.00M->0.00M
[465.426s] GC(10473)   Survivor: 0.00M->0.00M
[465.426s] GC(10473)   Old: 15.00M->15.00M
[465.426s] GC(10473)   Free: 1.00M->16.00M
[465.426s] GC(10473) Incremental GC (Collect on allocation) 30.00M->15.00M 0.741ms
[465.449s] GC(10474) Collect on allocation
[465.450s] GC(10474)   Eden: 14.50M->0.00M
[465.450s] GC(10474)   Survivor: 0.00M->0.00M
[465.450s] GC(10474)   Old: 15.00M->15.00M
[465.450s] GC(10474)   Free: 1.50M->16.00M
[465.450s] GC(10474) Incremental GC (Collect on allocation) 29.50M->15.00M 1.075ms
[465.473s] GC(10475) Collect on allocation
[465.473s] GC(10475)   Eden: 14.00M->0.00M
[465.473s] GC(10475)   Survivor: 0.00M->0.00M
[465.473s] GC(10475)   Old: 15.00M->15.00M
[465.473s] GC(10475)   Free: 2.00M->16.00M
[465.473s] GC(10475) Incremental GC (Collect on allocation) 29.00M->15.00M 0.764ms
[465.495s] GC(10476) Collect on allocation
[465.495s] GC(10476)   Eden: 13.50M->0.00M
[465.496s] GC(10476)   Survivor: 0.00M->0.00M
[465.496s] GC(10476)   Old: 15.00M->15.00M
[465.496s] GC(10476)   Free: 2.50M->16.00M
[465.496s] GC(10476) Incremental GC (Collect on allocation) 28.50M->15.00M 0.792ms
[465.515s] GC(10477) Collect on allocation
[465.517s] GC(10477)   Eden: 13.00M->0.00M
[465.517s] GC(10477)   Survivor: 0.00M->0.00M
[465.517s] GC(10477)   Old: 15.00M->15.00M
[465.517s] GC(10477)   Free: 3.00M->16.00M
[465.517s] GC(10477) Incremental GC (Collect on allocation) 28.00M->15.00M 1.522ms
[465.550s] GC(10478) Collect on allocation
[465.551s] GC(10478)   Eden: 14.50M->0.00M
[465.551s] GC(10478)   Survivor: 0.00M->0.00M
[465.551s] GC(10478)   Old: 15.00M->15.00M
[465.551s] GC(10478)   Free: 1.50M->16.00M
[465.551s] GC(10478) Incremental GC (Collect on allocation) 29.50M->15.00M 0.813ms
[465.577s] GC(10479) Collect on allocation
[465.579s] GC(10479)   Eden: 16.00M->0.00M
[465.579s] GC(10479)   Survivor: 0.00M->0.00M
[465.579s] GC(10479)   Old: 15.00M->15.50M
[465.579s] GC(10479)   Free: 0.00M->16.00M
[465.579s] GC(10479) Incremental GC (Collect on allocation) 31.00M->15.50M 1.261ms
[465.616s] GC(10480) Collect on allocation
[465.617s] GC(10480)   Eden: 17.50M->0.00M
[465.617s] GC(10480)   Survivor: 0.00M->0.00M
[465.617s] GC(10480)   Old: 15.50M->15.50M
[465.617s] GC(10480)   Free: 0.00M->17.50M
[465.617s] GC(10480) Incremental GC (Collect on allocation) 33.00M->15.50M 1.266ms
[465.658s] GC(10481) Collect on allocation
[465.659s] GC(10481)   Eden: 19.00M->0.00M
[465.659s] GC(10481)   Survivor: 0.00M->0.00M
[465.659s] GC(10481)   Old: 15.50M->15.50M
[465.659s] GC(10481)   Free: 0.00M->19.00M
[465.659s] GC(10481) Incremental GC (Collect on allocation) 34.50M->15.50M 0.930ms
[465.694s] GC(10482) Collect on allocation
[465.695s] GC(10482)   Eden: 18.50M->0.00M
[465.695s] GC(10482)   Survivor: 0.00M->0.00M
[465.695s] GC(10482)   Old: 15.50M->15.50M
[465.695s] GC(10482)   Free: 0.50M->19.00M
[465.695s] GC(10482) Incremental GC (Collect on allocation) 34.00M->15.50M 0.648ms
[465.730s] GC(10483) Collect on allocation
[465.732s] GC(10483)   Eden: 18.00M->0.00M
[465.732s] GC(10483)   Survivor: 0.00M->0.00M
[465.732s] GC(10483)   Old: 15.50M->15.50M
[465.732s] GC(10483)   Free: 1.00M->19.00M
[465.732s] GC(10483) Incremental GC (Collect on allocation) 33.50M->15.50M 1.325ms
[465.763s] GC(10484) Collect on allocation
[465.764s] GC(10484)   Eden: 17.50M->0.00M
[465.764s] GC(10484)   Survivor: 0.00M->0.00M
[465.764s] GC(10484)   Old: 15.50M->15.50M
[465.764s] GC(10484)   Free: 1.50M->19.00M
[465.764s] GC(10484) Incremental GC (Collect on allocation) 33.00M->15.50M 0.598ms
[465.794s] GC(10485) Collect on allocation
[465.795s] GC(10485)   Eden: 17.00M->0.00M
[465.795s] GC(10485)   Survivor: 0.00M->0.00M
[465.795s] GC(10485)   Old: 15.50M->15.50M
[465.795s] GC(10485)   Free: 2.00M->19.00M
[465.795s] GC(10485) Incremental GC (Collect on allocation) 32.50M->15.50M 1.030ms
[465.820s] GC(10486) Collect on allocation
[465.821s] GC(10486)   Eden: 16.50M->0.00M
[465.821s] GC(10486)   Survivor: 0.00M->0.00M
[465.821s] GC(10486)   Old: 15.50M->15.50M
[465.821s] GC(10486)   Free: 2.50M->19.00M
[465.821s] GC(10486) Incremental GC (Collect on allocation) 32.00M->15.50M 0.982ms
[465.846s] GC(10487) Collect on allocation
[465.847s] GC(10487)   Eden: 16.00M->0.00M
[465.847s] GC(10487)   Survivor: 0.00M->0.00M
[465.847s] GC(10487)   Old: 15.50M->15.50M
[465.847s] GC(10487)   Free: 3.00M->19.00M
[465.847s] GC(10487) Incremental GC (Collect on allocation) 31.50M->15.50M 0.687ms
[465.873s] GC(10488) Collect on allocation
[465.873s] GC(10488)   Eden: 15.50M->0.00M
[465.873s] GC(10488)   Survivor: 0.00M->0.00M
[465.873s] GC(10488)   Old: 15.50M->15.50M
[465.874s] GC(10488)   Free: 3.50M->19.00M
[465.874s] GC(10488) Incremental GC (Collect on allocation) 31.00M->15.50M 0.723ms
[465.895s] GC(10489) Collect on allocation
[465.896s] GC(10489)   Eden: 15.00M->0.00M
[465.896s] GC(10489)   Survivor: 0.00M->0.00M
[465.896s] GC(10489)   Old: 15.50M->15.50M
[465.896s] GC(10489)   Free: 4.00M->18.50M
[465.896s] GC(10489) Incremental GC (Collect on allocation) 30.50M->15.50M 0.647ms
[465.917s] GC(10490) Collect on allocation
[465.918s] GC(10490)   Eden: 14.50M->0.00M
[465.918s] GC(10490)   Survivor: 0.00M->0.00M
[465.918s] GC(10490)   Old: 15.50M->15.50M
[465.918s] GC(10490)   Free: 4.00M->18.00M
[465.918s] GC(10490) Incremental GC (Collect on allocation) 30.00M->15.50M 1.152ms
[465.942s] GC(10491) Collect on allocation
[465.943s] GC(10491)   Eden: 14.00M->0.00M
[465.943s] GC(10491)   Survivor: 0.00M->0.00M
[465.943s] GC(10491)   Old: 15.50M->15.50M
[465.943s] GC(10491)   Free: 4.00M->17.50M
[465.943s] GC(10491) Incremental GC (Collect on allocation) 29.50M->15.50M 0.848ms
[465.964s] GC(10492) Collect on allocation
[465.965s] GC(10492)   Eden: 13.50M->0.00M
[465.965s] GC(10492)   Survivor: 0.00M->0.00M
[465.965s] GC(10492)   Old: 15.50M->15.50M
[465.965s] GC(10492)   Free: 4.00M->17.00M
[465.965s] GC(10492) Incremental GC (Collect on allocation) 29.00M->15.50M 0.662ms
[465.987s] GC(10493) Collect on allocation
[465.987s] GC(10493)   Eden: 13.00M->0.00M
[465.987s] GC(10493)   Survivor: 0.00M->0.00M
[465.987s] GC(10493)   Old: 15.50M->15.50M
[465.987s] GC(10493)   Free: 4.00M->16.50M
[465.987s] GC(10493) Incremental GC (Collect on allocation) 28.50M->15.50M 0.648ms
[466.005s] GC(10494) Collect on allocation
[466.006s] GC(10494)   Eden: 12.50M->0.00M
[466.006s] GC(10494)   Survivor: 0.00M->0.00M
[466.006s] GC(10494)   Old: 15.50M->15.50M
[466.006s] GC(10494)   Free: 4.00M->16.50M
[466.006s] GC(10494) Incremental GC (Collect on allocation) 28.00M->15.50M 0.920ms
[466.028s] GC(10495) Collect on allocation
[466.029s] GC(10495)   Eden: 14.00M->0.00M
[466.029s] GC(10495)   Survivor: 0.00M->0.00M
[466.029s] GC(10495)   Old: 15.50M->15.50M
[466.029s] GC(10495)   Free: 2.50M->16.50M
[466.029s] GC(10495) Incremental GC (Collect on allocation) 29.50M->15.50M 0.724ms
[466.108s] GC(10496) Collect on allocation
[466.109s] GC(10496)   Eden: 13.50M->0.00M
[466.109s] GC(10496)   Survivor: 0.00M->0.00M
[466.109s] GC(10496)   Old: 15.50M->15.50M
[466.109s] GC(10496)   Free: 3.00M->16.50M
[466.109s] GC(10496) Incremental GC (Collect on allocation) 29.00M->15.50M 0.804ms
[466.138s] GC(10497) Collect on allocation
[466.139s] GC(10497)   Eden: 13.00M->0.00M
[466.139s] GC(10497)   Survivor: 0.00M->0.00M
[466.139s] GC(10497)   Old: 15.50M->15.50M
[466.139s] GC(10497)   Free: 3.50M->16.50M
[466.139s] GC(10497) Incremental GC (Collect on allocation) 28.50M->15.50M 1.152ms
[466.158s] GC(10498) Collect on allocation
[466.160s] GC(10498)   Eden: 12.50M->0.00M
[466.160s] GC(10498)   Survivor: 0.00M->0.00M
[466.160s] GC(10498)   Old: 15.50M->15.50M
[466.160s] GC(10498)   Free: 4.00M->16.50M
[466.160s] GC(10498) Incremental GC (Collect on allocation) 28.00M->15.50M 1.086ms
[466.183s] GC(10499) Collect on allocation
[466.183s] GC(10499)   Eden: 14.00M->0.00M
[466.183s] GC(10499)   Survivor: 0.00M->0.00M
[466.183s] GC(10499)   Old: 15.50M->15.50M
[466.184s] GC(10499)   Free: 2.50M->16.50M
[466.184s] GC(10499) Incremental GC (Collect on allocation) 29.50M->15.50M 0.700ms
[466.204s] GC(10500) Collect on allocation
[466.205s] GC(10500)   Eden: 13.50M->0.00M
[466.205s] GC(10500)   Survivor: 0.00M->0.00M
[466.205s] GC(10500)   Old: 15.50M->15.50M
[466.205s] GC(10500)   Free: 3.00M->16.50M
[466.205s] GC(10500) Incremental GC (Collect on allocation) 29.00M->15.50M 0.767ms
[466.229s] GC(10501) Collect on allocation
[466.230s] GC(10501)   Eden: 13.00M->0.00M
[466.230s] GC(10501)   Survivor: 0.00M->0.00M
[466.230s] GC(10501)   Old: 15.50M->15.50M
[466.230s] GC(10501)   Free: 3.50M->16.50M
[466.230s] GC(10501) Incremental GC (Collect on allocation) 28.50M->15.50M 0.714ms
[466.251s] GC(10502) Collect on allocation
[466.252s] GC(10502)   Eden: 12.50M->0.00M
[466.252s] GC(10502)   Survivor: 0.00M->0.00M
[466.252s] GC(10502)   Old: 15.50M->15.50M
[466.252s] GC(10502)   Free: 4.00M->16.00M
[466.252s] GC(10502) Incremental GC (Collect on allocation) 28.00M->15.50M 0.901ms
[466.281s] GC(10503) Collect on allocation
[466.282s] GC(10503)   Eden: 12.00M->0.00M
[466.282s] GC(10503)   Survivor: 0.00M->0.00M
[466.282s] GC(10503)   Old: 15.50M->15.50M
[466.282s] GC(10503)   Free: 4.00M->15.50M
[466.282s] GC(10503) Incremental GC (Collect on allocation) 27.50M->15.50M 0.980ms
[466.314s] GC(10504) Collect on allocation
[466.315s] GC(10504)   Eden: 11.50M->0.00M
[466.315s] GC(10504)   Survivor: 0.00M->0.00M
[466.315s] GC(10504)   Old: 15.50M->15.50M
[466.315s] GC(10504)   Free: 4.00M->15.00M
[466.315s] GC(10504) Incremental GC (Collect on allocation) 27.00M->15.50M 0.917ms
[466.353s] GC(10505) Collect on allocation
[466.368s] GC(10505)   Eden: 11.00M->0.00M
[466.368s] GC(10505)   Survivor: 0.00M->0.00M
[466.368s] GC(10505)   Old: 15.50M->15.00M
[466.368s] GC(10505)   Free: 4.00M->14.00M
[466.368s] GC(10505) Full GC (Collect on allocation) 26.50M->15.00M 15.564ms
[466.381s] GC(10506) Collect on allocation
[466.383s] GC(10506)   Eden: 10.00M->0.00M
[466.383s] GC(10506)   Survivor: 0.00M->0.00M
[466.383s] GC(10506)   Old: 15.00M->15.00M
[466.383s] GC(10506)   Free: 4.00M->13.50M
[466.383s] GC(10506) Incremental GC (Collect on allocation) 25.00M->15.00M 1.204ms
[466.396s] GC(10507) Collect on allocation
[466.397s] GC(10507)   Eden: 9.50M->0.00M
[466.397s] GC(10507)   Survivor: 0.00M->0.00M
[466.397s] GC(10507)   Old: 15.00M->15.00M
[466.397s] GC(10507)   Free: 4.00M->13.50M
[466.397s] GC(10507) Incremental GC (Collect on allocation) 24.50M->15.00M 0.963ms
[466.411s] GC(10508) Collect on allocation
[466.412s] GC(10508)   Eden: 10.50M->0.00M
[466.412s] GC(10508)   Survivor: 0.00M->0.00M
[466.412s] GC(10508)   Old: 15.00M->15.00M
[466.412s] GC(10508)   Free: 3.00M->13.50M
[466.412s] GC(10508) Incremental GC (Collect on allocation) 25.50M->15.00M 0.988ms
[466.431s] GC(10509) Collect on allocation
[466.432s] GC(10509)   Eden: 12.00M->0.00M
[466.432s] GC(10509)   Survivor: 0.00M->0.00M
[466.432s] GC(10509)   Old: 15.00M->15.00M
[466.432s] GC(10509)   Free: 1.50M->13.50M
[466.432s] GC(10509) Incremental GC (Collect on allocation) 27.00M->15.00M 0.840ms
[466.454s] GC(10510) Collect on allocation
[466.454s] GC(10510)   Eden: 13.50M->0.00M
[466.454s] GC(10510)   Survivor: 0.00M->0.00M
[466.454s] GC(10510)   Old: 15.00M->15.00M
[466.454s] GC(10510)   Free: 0.00M->13.50M
[466.454s] GC(10510) Incremental GC (Collect on allocation) 28.50M->15.00M 0.751ms
[466.477s] GC(10511) Collect on allocation
[466.478s] GC(10511)   Eden: 15.00M->0.00M
[466.478s] GC(10511)   Survivor: 0.00M->0.00M
[466.478s] GC(10511)   Old: 15.00M->15.00M
[466.478s] GC(10511)   Free: 0.00M->15.00M
[466.478s] GC(10511) Incremental GC (Collect on allocation) 30.00M->15.00M 0.975ms
[466.516s] GC(10512) Collect on allocation
[466.517s] GC(10512)   Eden: 16.50M->0.00M
[466.517s] GC(10512)   Survivor: 0.00M->0.00M
[466.517s] GC(10512)   Old: 15.00M->15.00M
[466.517s] GC(10512)   Free: 0.00M->16.50M
[466.517s] GC(10512) Incremental GC (Collect on allocation) 31.50M->15.00M 0.786ms
[466.559s] GC(10513) Collect on allocation
[466.560s] GC(10513)   Eden: 18.00M->0.00M
[466.560s] GC(10513)   Survivor: 0.00M->0.00M
[466.560s] GC(10513)   Old: 15.00M->15.00M
[466.560s] GC(10513)   Free: 0.00M->18.00M
[466.560s] GC(10513) Incremental GC (Collect on allocation) 33.00M->15.00M 0.979ms
[466.610s] GC(10514) Collect on allocation
[466.611s] GC(10514)   Eden: 17.50M->0.00M
[466.611s] GC(10514)   Survivor: 0.00M->0.00M
[466.611s] GC(10514)   Old: 15.00M->15.50M
[466.611s] GC(10514)   Free: 0.50M->17.50M
[466.611s] GC(10514) Incremental GC (Collect on allocation) 32.50M->15.50M 0.911ms
[466.646s] GC(10515) Collect on allocation
[466.646s] GC(10515)   Eden: 17.00M->0.00M
[466.646s] GC(10515)   Survivor: 0.00M->0.00M
[466.646s] GC(10515)   Old: 15.50M->15.50M
[466.646s] GC(10515)   Free: 0.50M->17.50M
[466.646s] GC(10515) Incremental GC (Collect on allocation) 32.50M->15.50M 0.651ms
[466.669s] GC(10516) Collect on allocation
[466.670s] GC(10516)   Eden: 16.50M->0.00M
[466.670s] GC(10516)   Survivor: 0.00M->0.00M
[466.670s] GC(10516)   Old: 15.50M->15.50M
[466.670s] GC(10516)   Free: 1.00M->17.50M
[466.670s] GC(10516) Incremental GC (Collect on allocation) 32.00M->15.50M 0.708ms
[466.692s] GC(10517) Collect on allocation
[466.693s] GC(10517)   Eden: 16.00M->0.00M
[466.693s] GC(10517)   Survivor: 0.00M->0.00M
[466.693s] GC(10517)   Old: 15.50M->15.50M
[466.693s] GC(10517)   Free: 1.50M->17.50M
[466.693s] GC(10517) Incremental GC (Collect on allocation) 31.50M->15.50M 0.708ms
[466.718s] GC(10518) Collect on allocation
[466.718s] GC(10518)   Eden: 15.50M->0.00M
[466.718s] GC(10518)   Survivor: 0.00M->0.00M
[466.718s] GC(10518)   Old: 15.50M->15.50M
[466.718s] GC(10518)   Free: 2.00M->17.50M
[466.718s] GC(10518) Incremental GC (Collect on allocation) 31.00M->15.50M 0.646ms
[466.744s] GC(10519) Collect on allocation
[466.745s] GC(10519)   Eden: 15.00M->0.00M
[466.745s] GC(10519)   Survivor: 0.00M->0.00M
[466.745s] GC(10519)   Old: 15.50M->15.50M
[466.745s] GC(10519)   Free: 2.50M->17.50M
[466.745s] GC(10519) Incremental GC (Collect on allocation) 30.50M->15.50M 0.603ms
[466.765s] GC(10520) Collect on allocation
[466.766s] GC(10520)   Eden: 14.50M->0.00M
[466.766s] GC(10520)   Survivor: 0.00M->0.00M
[466.766s] GC(10520)   Old: 15.50M->15.50M
[466.766s] GC(10520)   Free: 3.00M->17.50M
[466.766s] GC(10520) Incremental GC (Collect on allocation) 30.00M->15.50M 0.647ms
[466.786s] GC(10521) Collect on allocation
[466.787s] GC(10521)   Eden: 14.00M->0.00M
[466.787s] GC(10521)   Survivor: 0.00M->0.00M
[466.787s] GC(10521)   Old: 15.50M->15.50M
[466.787s] GC(10521)   Free: 3.50M->17.50M
[466.787s] GC(10521) Incremental GC (Collect on allocation) 29.50M->15.50M 0.617ms
[466.804s] GC(10522) Collect on allocation
[466.805s] GC(10522)   Eden: 13.50M->0.00M
[466.805s] GC(10522)   Survivor: 0.00M->0.00M
[466.805s] GC(10522)   Old: 15.50M->15.50M
[466.805s] GC(10522)   Free: 4.00M->17.00M
[466.805s] GC(10522) Incremental GC (Collect on allocation) 29.00M->15.50M 0.876ms
[466.826s] GC(10523) Collect on allocation
[466.828s] GC(10523)   Eden: 13.00M->0.00M
[466.828s] GC(10523)   Survivor: 0.00M->0.00M
[466.828s] GC(10523)   Old: 15.50M->15.50M
[466.828s] GC(10523)   Free: 4.00M->17.00M
[466.828s] GC(10523) Incremental GC (Collect on allocation) 28.50M->15.50M 1.572ms
[466.865s] GC(10524) Collect on allocation
[466.865s] GC(10524)   Eden: 14.50M->0.00M
[466.865s] GC(10524)   Survivor: 0.00M->0.00M
[466.865s] GC(10524)   Old: 15.50M->15.50M
[466.865s] GC(10524)   Free: 2.50M->17.00M
[466.865s] GC(10524) Incremental GC (Collect on allocation) 30.00M->15.50M 0.696ms
[466.897s] GC(10525) Collect on allocation
[466.898s] GC(10525)   Eden: 16.00M->0.00M
[466.898s] GC(10525)   Survivor: 0.00M->0.00M
[466.898s] GC(10525)   Old: 15.50M->15.50M
[466.898s] GC(10525)   Free: 1.00M->17.00M
[466.898s] GC(10525) Incremental GC (Collect on allocation) 31.50M->15.50M 1.019ms
[466.923s] GC(10526) Collect on allocation
[466.924s] GC(10526)   Eden: 15.50M->0.00M
[466.924s] GC(10526)   Survivor: 0.00M->0.00M
[466.924s] GC(10526)   Old: 15.50M->15.50M
[466.924s] GC(10526)   Free: 1.50M->17.00M
[466.924s] GC(10526) Incremental GC (Collect on allocation) 31.00M->15.50M 1.015ms
[466.952s] GC(10527) Collect on allocation
[466.953s] GC(10527)   Eden: 17.00M->0.00M
[466.953s] GC(10527)   Survivor: 0.00M->0.00M
[466.953s] GC(10527)   Old: 15.50M->15.50M
[466.953s] GC(10527)   Free: 0.00M->17.00M
[466.953s] GC(10527) Incremental GC (Collect on allocation) 32.50M->15.50M 0.658ms
[466.979s] GC(10528) Collect on allocation
[466.980s] GC(10528)   Eden: 16.50M->0.00M
[466.980s] GC(10528)   Survivor: 0.00M->0.00M
[466.980s] GC(10528)   Old: 15.50M->15.50M
[466.980s] GC(10528)   Free: 0.50M->17.00M
[466.980s] GC(10528) Incremental GC (Collect on allocation) 32.00M->15.50M 1.085ms
[467.006s] GC(10529) Collect on allocation
[467.007s] GC(10529)   Eden: 16.00M->0.00M
[467.007s] GC(10529)   Survivor: 0.00M->0.00M
[467.007s] GC(10529)   Old: 15.50M->15.50M
[467.007s] GC(10529)   Free: 1.00M->17.00M
[467.007s] GC(10529) Incremental GC (Collect on allocation) 31.50M->15.50M 0.696ms
[467.029s] GC(10530) Collect on allocation
[467.029s] GC(10530)   Eden: 15.50M->0.00M
[467.029s] GC(10530)   Survivor: 0.00M->0.00M
[467.029s] GC(10530)   Old: 15.50M->15.50M
[467.029s] GC(10530)   Free: 1.50M->17.00M
[467.029s] GC(10530) Incremental GC (Collect on allocation) 31.00M->15.50M 0.734ms
[467.055s] GC(10531) Collect on allocation
[467.056s] GC(10531)   Eden: 15.00M->0.00M
[467.056s] GC(10531)   Survivor: 0.00M->0.00M
[467.056s] GC(10531)   Old: 15.50M->15.50M
[467.056s] GC(10531)   Free: 2.00M->17.00M
[467.056s] GC(10531) Incremental GC (Collect on allocation) 30.50M->15.50M 0.793ms
[467.083s] GC(10532) Collect on allocation
[467.084s] GC(10532)   Eden: 14.50M->0.00M
[467.084s] GC(10532)   Survivor: 0.00M->0.00M
[467.084s] GC(10532)   Old: 15.50M->15.50M
[467.084s] GC(10532)   Free: 2.50M->17.00M
[467.084s] GC(10532) Incremental GC (Collect on allocation) 30.00M->15.50M 0.682ms
[467.116s] GC(10533) Collect on allocation
[467.117s] GC(10533)   Eden: 14.00M->0.00M
[467.117s] GC(10533)   Survivor: 0.00M->0.00M
[467.117s] GC(10533)   Old: 15.50M->15.50M
[467.117s] GC(10533)   Free: 3.00M->17.00M
[467.117s] GC(10533) Incremental GC (Collect on allocation) 29.50M->15.50M 0.986ms
[467.140s] GC(10534) Collect on allocation
[467.140s] GC(10534)   Eden: 13.50M->0.00M
[467.140s] GC(10534)   Survivor: 0.00M->0.00M
[467.140s] GC(10534)   Old: 15.50M->15.50M
[467.140s] GC(10534)   Free: 3.50M->17.00M
[467.140s] GC(10534) Incremental GC (Collect on allocation) 29.00M->15.50M 0.718ms
[467.162s] GC(10535) Collect on allocation
[467.163s] GC(10535)   Eden: 13.00M->0.00M
[467.163s] GC(10535)   Survivor: 0.00M->0.00M
[467.163s] GC(10535)   Old: 15.50M->15.50M
[467.163s] GC(10535)   Free: 4.00M->16.50M
[467.163s] GC(10535) Incremental GC (Collect on allocation) 28.50M->15.50M 0.781ms
[467.184s] GC(10536) Collect on allocation
[467.185s] GC(10536)   Eden: 12.50M->0.00M
[467.185s] GC(10536)   Survivor: 0.00M->0.00M
[467.185s] GC(10536)   Old: 15.50M->15.50M
[467.185s] GC(10536)   Free: 4.00M->16.00M
[467.185s] GC(10536) Incremental GC (Collect on allocation) 28.00M->15.50M 0.845ms
[467.210s] GC(10537) Collect on allocation
[467.210s] GC(10537)   Eden: 12.00M->0.00M
[467.210s] GC(10537)   Survivor: 0.00M->0.00M
[467.210s] GC(10537)   Old: 15.50M->15.50M
[467.211s] GC(10537)   Free: 4.00M->15.50M
[467.211s] GC(10537) Incremental GC (Collect on allocation) 27.50M->15.50M 0.728ms
[467.229s] GC(10538) Collect on allocation
[467.229s] GC(10538)   Eden: 11.50M->0.00M
[467.229s] GC(10538)   Survivor: 0.00M->0.00M
[467.230s] GC(10538)   Old: 15.50M->15.50M
[467.230s] GC(10538)   Free: 4.00M->15.00M
[467.230s] GC(10538) Incremental GC (Collect on allocation) 27.00M->15.50M 0.717ms
[467.251s] GC(10539) Collect on allocation
[467.252s] GC(10539)   Eden: 11.00M->0.00M
[467.252s] GC(10539)   Survivor: 0.00M->0.00M
[467.253s] GC(10539)   Old: 15.50M->15.50M
[467.253s] GC(10539)   Free: 4.00M->15.00M
[467.253s] GC(10539) Incremental GC (Collect on allocation) 26.50M->15.50M 1.045ms
[467.274s] GC(10540) Collect on allocation
[467.275s] GC(10540)   Eden: 12.50M->0.00M
[467.275s] GC(10540)   Survivor: 0.00M->0.00M
[467.275s] GC(10540)   Old: 15.50M->15.50M
[467.275s] GC(10540)   Free: 2.50M->15.00M
[467.275s] GC(10540) Incremental GC (Collect on allocation) 28.00M->15.50M 0.862ms
[467.296s] GC(10541) Collect on allocation
[467.297s] GC(10541)   Eden: 14.00M->0.00M
[467.297s] GC(10541)   Survivor: 0.00M->0.00M
[467.297s] GC(10541)   Old: 15.50M->15.50M
[467.297s] GC(10541)   Free: 1.00M->15.00M
[467.297s] GC(10541) Incremental GC (Collect on allocation) 29.50M->15.50M 0.770ms
[467.335s] GC(10542) Collect on allocation
[467.336s] GC(10542)   Eden: 15.50M->0.00M
[467.336s] GC(10542)   Survivor: 0.00M->0.00M
[467.336s] GC(10542)   Old: 15.50M->15.50M
[467.336s] GC(10542)   Free: 0.00M->15.50M
[467.336s] GC(10542) Incremental GC (Collect on allocation) 31.00M->15.50M 0.781ms
[467.364s] GC(10543) Collect on allocation
[467.380s] GC(10543)   Eden: 15.00M->0.00M
[467.380s] GC(10543)   Survivor: 0.00M->0.00M
[467.381s] GC(10543)   Old: 15.50M->15.00M
[467.381s] GC(10543)   Free: 0.50M->16.00M
[467.381s] GC(10543) Full GC (Collect on allocation) 30.50M->15.00M 16.644ms
[467.411s] GC(10544) Collect on allocation
[467.412s] GC(10544)   Eden: 18.00M->0.00M
[467.412s] GC(10544)   Survivor: 0.00M->0.00M
[467.412s] GC(10544)   Old: 15.00M->15.00M
[467.412s] GC(10544)   Free: 0.00M->18.00M
[467.412s] GC(10544) Incremental GC (Collect on allocation) 33.00M->15.00M 0.984ms
[467.446s] GC(10545) Collect on allocation
[467.446s] GC(10545)   Eden: 17.50M->0.00M
[467.446s] GC(10545)   Survivor: 0.00M->0.00M
[467.447s] GC(10545)   Old: 15.00M->15.00M
[467.447s] GC(10545)   Free: 0.50M->18.00M
[467.447s] GC(10545) Incremental GC (Collect on allocation) 32.50M->15.00M 0.852ms
[467.473s] GC(10546) Collect on allocation
[467.474s] GC(10546)   Eden: 17.00M->0.00M
[467.474s] GC(10546)   Survivor: 0.00M->0.00M
[467.474s] GC(10546)   Old: 15.00M->15.00M
[467.474s] GC(10546)   Free: 1.00M->18.00M
[467.474s] GC(10546) Incremental GC (Collect on allocation) 32.00M->15.00M 0.886ms
[467.502s] GC(10547) Collect on allocation
[467.503s] GC(10547)   Eden: 16.50M->0.00M
[467.503s] GC(10547)   Survivor: 0.00M->0.00M
[467.503s] GC(10547)   Old: 15.00M->15.00M
[467.503s] GC(10547)   Free: 1.50M->18.00M
[467.503s] GC(10547) Incremental GC (Collect on allocation) 31.50M->15.00M 0.768ms
[467.532s] GC(10548) Collect on allocation
[467.532s] GC(10548)   Eden: 16.00M->0.00M
[467.532s] GC(10548)   Survivor: 0.00M->0.00M
[467.532s] GC(10548)   Old: 15.00M->15.50M
[467.532s] GC(10548)   Free: 2.00M->17.50M
[467.532s] GC(10548) Incremental GC (Collect on allocation) 31.00M->15.50M 0.859ms
[467.579s] GC(10549) Collect on allocation
[467.580s] GC(10549)   Eden: 15.50M->0.00M
[467.580s] GC(10549)   Survivor: 0.00M->0.00M
[467.580s] GC(10549)   Old: 15.50M->15.50M
[467.580s] GC(10549)   Free: 2.00M->17.50M
[467.580s] GC(10549) Incremental GC (Collect on allocation) 31.00M->15.50M 0.858ms
[467.616s] GC(10550) Collect on allocation
[467.617s] GC(10550)   Eden: 15.00M->0.00M
[467.617s] GC(10550)   Survivor: 0.00M->0.00M
[467.617s] GC(10550)   Old: 15.50M->15.50M
[467.617s] GC(10550)   Free: 2.50M->17.50M
[467.617s] GC(10550) Incremental GC (Collect on allocation) 30.50M->15.50M 0.807ms
[467.642s] GC(10551) Collect on allocation
[467.643s] GC(10551)   Eden: 14.50M->0.00M
[467.643s] GC(10551)   Survivor: 0.00M->0.00M
[467.643s] GC(10551)   Old: 15.50M->15.50M
[467.643s] GC(10551)   Free: 3.00M->17.50M
[467.643s] GC(10551) Incremental GC (Collect on allocation) 30.00M->15.50M 0.759ms
[467.667s] GC(10552) Collect on allocation
[467.668s] GC(10552)   Eden: 14.00M->0.00M
[467.668s] GC(10552)   Survivor: 0.00M->0.00M
[467.668s] GC(10552)   Old: 15.50M->15.50M
[467.668s] GC(10552)   Free: 3.50M->17.50M
[467.668s] GC(10552) Incremental GC (Collect on allocation) 29.50M->15.50M 0.671ms
[467.687s] GC(10553) Collect on allocation
[467.688s] GC(10553)   Eden: 13.50M->0.00M
[467.688s] GC(10553)   Survivor: 0.00M->0.00M
[467.688s] GC(10553)   Old: 15.50M->15.50M
[467.688s] GC(10553)   Free: 4.00M->17.00M
[467.688s] GC(10553) Incremental GC (Collect on allocation) 29.00M->15.50M 0.657ms
[467.708s] GC(10554) Collect on allocation
[467.708s] GC(10554)   Eden: 13.00M->0.00M
[467.709s] GC(10554)   Survivor: 0.00M->0.00M
[467.709s] GC(10554)   Old: 15.50M->15.50M
[467.709s] GC(10554)   Free: 4.00M->16.50M
[467.709s] GC(10554) Incremental GC (Collect on allocation) 28.50M->15.50M 0.635ms
[467.727s] GC(10555) Collect on allocation
[467.728s] GC(10555)   Eden: 12.50M->0.00M
[467.728s] GC(10555)   Survivor: 0.00M->0.00M
[467.728s] GC(10555)   Old: 15.50M->15.50M
[467.728s] GC(10555)   Free: 4.00M->16.00M
[467.728s] GC(10555) Incremental GC (Collect on allocation) 28.00M->15.50M 0.638ms
[467.748s] GC(10556) Collect on allocation
[467.749s] GC(10556)   Eden: 12.00M->0.00M
[467.749s] GC(10556)   Survivor: 0.00M->0.00M
[467.749s] GC(10556)   Old: 15.50M->15.50M
[467.749s] GC(10556)   Free: 4.00M->15.50M
[467.749s] GC(10556) Incremental GC (Collect on allocation) 27.50M->15.50M 0.621ms
[467.764s] GC(10557) Collect on allocation
[467.765s] GC(10557)   Eden: 11.50M->0.00M
[467.765s] GC(10557)   Survivor: 0.00M->0.00M
[467.765s] GC(10557)   Old: 15.50M->15.50M
[467.765s] GC(10557)   Free: 4.00M->15.00M
[467.765s] GC(10557) Incremental GC (Collect on allocation) 27.00M->15.50M 0.616ms
[467.781s] GC(10558) Collect on allocation
[467.782s] GC(10558)   Eden: 11.00M->0.00M
[467.782s] GC(10558)   Survivor: 0.00M->0.00M
[467.782s] GC(10558)   Old: 15.50M->15.50M
[467.782s] GC(10558)   Free: 4.00M->14.50M
[467.782s] GC(10558) Incremental GC (Collect on allocation) 26.50M->15.50M 0.782ms
[467.795s] GC(10559) Collect on allocation
[467.796s] GC(10559)   Eden: 10.50M->0.00M
[467.796s] GC(10559)   Survivor: 0.00M->0.00M
[467.796s] GC(10559)   Old: 15.50M->15.50M
[467.796s] GC(10559)   Free: 4.00M->14.50M
[467.796s] GC(10559) Incremental GC (Collect on allocation) 26.00M->15.50M 0.763ms
[467.824s] GC(10560) Collect on allocation
[467.825s] GC(10560)   Eden: 12.00M->0.00M
[467.825s] GC(10560)   Survivor: 0.00M->0.00M
[467.825s] GC(10560)   Old: 15.50M->15.50M
[467.825s] GC(10560)   Free: 2.50M->14.50M
[467.825s] GC(10560) Incremental GC (Collect on allocation) 27.50M->15.50M 0.860ms
[467.848s] GC(10561) Collect on allocation
[467.849s] GC(10561)   Eden: 13.50M->0.00M
[467.849s] GC(10561)   Survivor: 0.00M->0.00M
[467.849s] GC(10561)   Old: 15.50M->15.50M
[467.849s] GC(10561)   Free: 1.00M->14.50M
[467.849s] GC(10561) Incremental GC (Collect on allocation) 29.00M->15.50M 0.660ms
[467.869s] GC(10562) Collect on allocation
[467.870s] GC(10562)   Eden: 13.00M->0.00M
[467.870s] GC(10562)   Survivor: 0.00M->0.00M
[467.870s] GC(10562)   Old: 15.50M->15.50M
[467.870s] GC(10562)   Free: 1.50M->14.50M
[467.870s] GC(10562) Incremental GC (Collect on allocation) 28.50M->15.50M 0.631ms
[467.892s] GC(10563) Collect on allocation
[467.893s] GC(10563)   Eden: 12.50M->0.00M
[467.893s] GC(10563)   Survivor: 0.00M->0.00M
[467.893s] GC(10563)   Old: 15.50M->15.50M
[467.893s] GC(10563)   Free: 2.00M->14.50M
[467.893s] GC(10563) Incremental GC (Collect on allocation) 28.00M->15.50M 0.867ms
[467.912s] GC(10564) Collect on allocation
[467.912s] GC(10564)   Eden: 12.00M->0.00M
[467.912s] GC(10564)   Survivor: 0.00M->0.00M
[467.912s] GC(10564)   Old: 15.50M->15.50M
[467.912s] GC(10564)   Free: 2.50M->14.50M
[467.912s] GC(10564) Incremental GC (Collect on allocation) 27.50M->15.50M 0.642ms
[467.933s] GC(10565) Collect on allocation
[467.934s] GC(10565)   Eden: 11.50M->0.00M
[467.934s] GC(10565)   Survivor: 0.00M->0.00M
[467.934s] GC(10565)   Old: 15.50M->15.50M
[467.934s] GC(10565)   Free: 3.00M->14.50M
[467.934s] GC(10565) Incremental GC (Collect on allocation) 27.00M->15.50M 0.641ms
[467.954s] GC(10566) Collect on allocation
[467.955s] GC(10566)   Eden: 11.00M->0.00M
[467.955s] GC(10566)   Survivor: 0.00M->0.00M
[467.955s] GC(10566)   Old: 15.50M->15.50M
[467.955s] GC(10566)   Free: 3.50M->14.50M
[467.955s] GC(10566) Incremental GC (Collect on allocation) 26.50M->15.50M 0.842ms
[467.969s] GC(10567) Collect on allocation
[467.970s] GC(10567)   Eden: 10.50M->0.00M
[467.970s] GC(10567)   Survivor: 0.00M->0.00M
[467.970s] GC(10567)   Old: 15.50M->15.50M
[467.970s] GC(10567)   Free: 4.00M->14.50M
[467.970s] GC(10567) Incremental GC (Collect on allocation) 26.00M->15.50M 0.730ms
[467.989s] GC(10568) Collect on allocation
[467.989s] GC(10568)   Eden: 12.00M->0.00M
[467.989s] GC(10568)   Survivor: 0.00M->0.00M
[467.989s] GC(10568)   Old: 15.50M->15.50M
[467.989s] GC(10568)   Free: 2.50M->14.50M
[467.989s] GC(10568) Incremental GC (Collect on allocation) 27.50M->15.50M 0.653ms
[468.011s] GC(10569) Collect on allocation
[468.012s] GC(10569)   Eden: 13.50M->0.00M
[468.012s] GC(10569)   Survivor: 0.00M->0.00M
[468.012s] GC(10569)   Old: 15.50M->15.50M
[468.012s] GC(10569)   Free: 1.00M->14.50M
[468.012s] GC(10569) Incremental GC (Collect on allocation) 29.00M->15.50M 0.698ms
[468.036s] GC(10570) Collect on allocation
[468.036s] GC(10570)   Eden: 15.00M->0.00M
[468.036s] GC(10570)   Survivor: 0.00M->0.00M
[468.036s] GC(10570)   Old: 15.50M->15.50M
[468.037s] GC(10570)   Free: 0.00M->15.00M
[468.037s] GC(10570) Incremental GC (Collect on allocation) 30.50M->15.50M 0.671ms
[468.070s] GC(10571) Collect on allocation
[468.071s] GC(10571)   Eden: 14.50M->0.00M
[468.071s] GC(10571)   Survivor: 0.00M->0.00M
[468.071s] GC(10571)   Old: 15.50M->15.50M
[468.071s] GC(10571)   Free: 0.50M->15.00M
[468.071s] GC(10571) Incremental GC (Collect on allocation) 30.00M->15.50M 0.692ms
[468.100s] GC(10572) Collect on allocation
[468.100s] GC(10572)   Eden: 14.00M->0.00M
[468.101s] GC(10572)   Survivor: 0.00M->0.00M
[468.101s] GC(10572)   Old: 15.50M->15.50M
[468.101s] GC(10572)   Free: 1.00M->15.00M
[468.101s] GC(10572) Incremental GC (Collect on allocation) 29.50M->15.50M 0.804ms
[468.124s] GC(10573) Collect on allocation
[468.125s] GC(10573)   Eden: 13.50M->0.00M
[468.125s] GC(10573)   Survivor: 0.00M->0.00M
[468.125s] GC(10573)   Old: 15.50M->15.50M
[468.125s] GC(10573)   Free: 1.50M->15.00M
[468.125s] GC(10573) Incremental GC (Collect on allocation) 29.00M->15.50M 0.943ms
[468.159s] GC(10574) Collect on allocation
[468.160s] GC(10574)   Eden: 13.00M->0.00M
[468.160s] GC(10574)   Survivor: 0.00M->0.00M
[468.160s] GC(10574)   Old: 15.50M->15.50M
[468.160s] GC(10574)   Free: 2.00M->15.00M
[468.160s] GC(10574) Incremental GC (Collect on allocation) 28.50M->15.50M 0.689ms
[468.189s] GC(10575) Collect on allocation
[468.190s] GC(10575)   Eden: 12.50M->0.00M
[468.190s] GC(10575)   Survivor: 0.00M->0.00M
[468.190s] GC(10575)   Old: 15.50M->15.50M
[468.190s] GC(10575)   Free: 2.50M->15.00M
[468.190s] GC(10575) Incremental GC (Collect on allocation) 28.00M->15.50M 0.710ms
[468.216s] GC(10576) Collect on allocation
[468.217s] GC(10576)   Eden: 12.00M->0.00M
[468.217s] GC(10576)   Survivor: 0.00M->0.00M
[468.217s] GC(10576)   Old: 15.50M->15.50M
[468.217s] GC(10576)   Free: 3.00M->15.00M
[468.217s] GC(10576) Incremental GC (Collect on allocation) 27.50M->15.50M 0.715ms
[468.238s] GC(10577) Collect on allocation
[468.239s] GC(10577)   Eden: 11.50M->0.00M
[468.239s] GC(10577)   Survivor: 0.00M->0.00M
[468.239s] GC(10577)   Old: 15.50M->15.50M
[468.239s] GC(10577)   Free: 3.50M->15.00M
[468.239s] GC(10577) Incremental GC (Collect on allocation) 27.00M->15.50M 0.702ms
[468.259s] GC(10578) Collect on allocation
[468.261s] GC(10578)   Eden: 11.00M->0.00M
[468.261s] GC(10578)   Survivor: 0.00M->0.00M
[468.261s] GC(10578)   Old: 15.50M->15.50M
[468.261s] GC(10578)   Free: 4.00M->14.50M
[468.261s] GC(10578) Incremental GC (Collect on allocation) 26.50M->15.50M 1.032ms
[468.278s] GC(10579) Collect on allocation
[468.279s] GC(10579)   Eden: 10.50M->0.00M
[468.279s] GC(10579)   Survivor: 0.00M->0.00M
[468.279s] GC(10579)   Old: 15.50M->15.50M
[468.279s] GC(10579)   Free: 4.00M->14.50M
[468.279s] GC(10579) Incremental GC (Collect on allocation) 26.00M->15.50M 0.892ms
[468.307s] GC(10580) Collect on allocation
[468.308s] GC(10580)   Eden: 12.00M->0.00M
[468.308s] GC(10580)   Survivor: 0.00M->0.00M
[468.308s] GC(10580)   Old: 15.50M->15.50M
[468.308s] GC(10580)   Free: 2.50M->14.50M
[468.308s] GC(10580) Incremental GC (Collect on allocation) 27.50M->15.50M 0.732ms
[468.336s] GC(10581) Collect on allocation
[468.354s] GC(10581)   Eden: 11.50M->0.00M
[468.354s] GC(10581)   Survivor: 0.00M->0.00M
[468.354s] GC(10581)   Old: 15.50M->15.00M
[468.354s] GC(10581)   Free: 3.00M->14.50M
[468.354s] GC(10581) Full GC (Collect on allocation) 27.00M->15.00M 17.722ms
[468.382s] GC(10582) Collect on allocation
[468.384s] GC(10582)   Eden: 10.50M->0.00M
[468.384s] GC(10582)   Survivor: 0.00M->0.00M
[468.384s] GC(10582)   Old: 15.00M->15.00M
[468.384s] GC(10582)   Free: 4.00M->14.00M
[468.384s] GC(10582) Incremental GC (Collect on allocation) 25.50M->15.00M 1.684ms
[468.402s] GC(10583) Collect on allocation
[468.404s] GC(10583)   Eden: 10.00M->0.00M
[468.404s] GC(10583)   Survivor: 0.00M->0.00M
[468.404s] GC(10583)   Old: 15.00M->15.00M
[468.404s] GC(10583)   Free: 4.00M->14.00M
[468.404s] GC(10583) Incremental GC (Collect on allocation) 25.00M->15.00M 1.327ms
[468.430s] GC(10584) Collect on allocation
[468.430s] GC(10584)   Eden: 11.00M->0.00M
[468.430s] GC(10584)   Survivor: 0.00M->0.00M
[468.431s] GC(10584)   Old: 15.00M->15.00M
[468.431s] GC(10584)   Free: 3.00M->14.00M
[468.431s] GC(10584) Incremental GC (Collect on allocation) 26.00M->15.00M 0.905ms
[468.453s] GC(10585) Collect on allocation
[468.454s] GC(10585)   Eden: 12.50M->0.00M
[468.454s] GC(10585)   Survivor: 0.00M->0.00M
[468.454s] GC(10585)   Old: 15.00M->15.00M
[468.454s] GC(10585)   Free: 1.50M->14.00M
[468.454s] GC(10585) Incremental GC (Collect on allocation) 27.50M->15.00M 0.807ms
[468.477s] GC(10586) Collect on allocation
[468.478s] GC(10586)   Eden: 14.00M->0.00M
[468.478s] GC(10586)   Survivor: 0.00M->0.00M
[468.478s] GC(10586)   Old: 15.00M->15.00M
[468.478s] GC(10586)   Free: 0.00M->14.00M
[468.478s] GC(10586) Incremental GC (Collect on allocation) 29.00M->15.00M 0.789ms
[468.507s] GC(10587) Collect on allocation
[468.508s] GC(10587)   Eden: 16.00M->0.00M
[468.508s] GC(10587)   Survivor: 0.00M->0.00M
[468.508s] GC(10587)   Old: 15.00M->15.00M
[468.508s] GC(10587)   Free: 0.00M->16.00M
[468.508s] GC(10587) Incremental GC (Collect on allocation) 31.00M->15.00M 0.838ms
[468.552s] GC(10588) Collect on allocation
[468.553s] GC(10588)   Eden: 17.00M->0.00M
[468.553s] GC(10588)   Survivor: 0.00M->0.00M
[468.553s] GC(10588)   Old: 15.00M->15.00M
[468.553s] GC(10588)   Free: 0.00M->17.00M
[468.553s] GC(10588) Incremental GC (Collect on allocation) 32.00M->15.00M 1.067ms
[468.583s] GC(10589) Collect on allocation
[468.584s] GC(10589)   Eden: 16.50M->0.00M
[468.584s] GC(10589)   Survivor: 0.00M->0.00M
[468.584s] GC(10589)   Old: 15.00M->15.50M
[468.584s] GC(10589)   Free: 0.50M->16.50M
[468.584s] GC(10589) Incremental GC (Collect on allocation) 31.50M->15.50M 0.870ms
[468.611s] GC(10590) Collect on allocation
[468.611s] GC(10590)   Eden: 16.00M->0.00M
[468.611s] GC(10590)   Survivor: 0.00M->0.00M
[468.612s] GC(10590)   Old: 15.50M->15.50M
[468.612s] GC(10590)   Free: 0.50M->16.50M
[468.612s] GC(10590) Incremental GC (Collect on allocation) 31.50M->15.50M 0.671ms
[468.639s] GC(10591) Collect on allocation
[468.640s] GC(10591)   Eden: 15.50M->0.00M
[468.640s] GC(10591)   Survivor: 0.00M->0.00M
[468.640s] GC(10591)   Old: 15.50M->15.50M
[468.640s] GC(10591)   Free: 1.00M->16.50M
[468.640s] GC(10591) Incremental GC (Collect on allocation) 31.00M->15.50M 0.848ms
[468.662s] GC(10592) Collect on allocation
[468.663s] GC(10592)   Eden: 15.00M->0.00M
[468.663s] GC(10592)   Survivor: 0.00M->0.00M
[468.663s] GC(10592)   Old: 15.50M->15.50M
[468.663s] GC(10592)   Free: 1.50M->16.50M
[468.663s] GC(10592) Incremental GC (Collect on allocation) 30.50M->15.50M 0.667ms
[468.684s] GC(10593) Collect on allocation
[468.685s] GC(10593)   Eden: 14.50M->0.00M
[468.685s] GC(10593)   Survivor: 0.00M->0.00M
[468.685s] GC(10593)   Old: 15.50M->15.50M
[468.685s] GC(10593)   Free: 2.00M->16.50M
[468.685s] GC(10593) Incremental GC (Collect on allocation) 30.00M->15.50M 0.841ms
[468.706s] GC(10594) Collect on allocation
[468.707s] GC(10594)   Eden: 14.00M->0.00M
[468.707s] GC(10594)   Survivor: 0.00M->0.00M
[468.707s] GC(10594)   Old: 15.50M->15.50M
[468.707s] GC(10594)   Free: 2.50M->16.50M
[468.707s] GC(10594) Incremental GC (Collect on allocation) 29.50M->15.50M 0.685ms
[468.725s] GC(10595) Collect on allocation
[468.726s] GC(10595)   Eden: 13.50M->0.00M
[468.726s] GC(10595)   Survivor: 0.00M->0.00M
[468.726s] GC(10595)   Old: 15.50M->15.50M
[468.726s] GC(10595)   Free: 3.00M->16.50M
[468.726s] GC(10595) Incremental GC (Collect on allocation) 29.00M->15.50M 0.876ms
[468.751s] GC(10596) Collect on allocation
[468.752s] GC(10596)   Eden: 15.00M->0.00M
[468.752s] GC(10596)   Survivor: 0.00M->0.00M
[468.752s] GC(10596)   Old: 15.50M->15.50M
[468.752s] GC(10596)   Free: 1.50M->16.50M
[468.752s] GC(10596) Incremental GC (Collect on allocation) 30.50M->15.50M 0.829ms
[468.782s] GC(10597) Collect on allocation
[468.783s] GC(10597)   Eden: 14.50M->0.00M
[468.783s] GC(10597)   Survivor: 0.00M->0.00M
[468.783s] GC(10597)   Old: 15.50M->15.50M
[468.783s] GC(10597)   Free: 2.00M->16.50M
[468.783s] GC(10597) Incremental GC (Collect on allocation) 30.00M->15.50M 1.113ms
[468.819s] GC(10598) Collect on allocation
[468.820s] GC(10598)   Eden: 16.00M->0.00M
[468.820s] GC(10598)   Survivor: 0.00M->0.00M
[468.820s] GC(10598)   Old: 15.50M->15.50M
[468.820s] GC(10598)   Free: 0.50M->16.50M
[468.820s] GC(10598) Incremental GC (Collect on allocation) 31.50M->15.50M 0.721ms
[468.845s] GC(10599) Collect on allocation
[468.846s] GC(10599)   Eden: 15.50M->0.00M
[468.846s] GC(10599)   Survivor: 0.00M->0.00M
[468.846s] GC(10599)   Old: 15.50M->15.50M
[468.846s] GC(10599)   Free: 1.00M->16.50M
[468.846s] GC(10599) Incremental GC (Collect on allocation) 31.00M->15.50M 0.744ms
[468.871s] GC(10600) Collect on allocation
[468.872s] GC(10600)   Eden: 15.00M->0.00M
[468.872s] GC(10600)   Survivor: 0.00M->0.00M
[468.872s] GC(10600)   Old: 15.50M->15.50M
[468.872s] GC(10600)   Free: 1.50M->16.50M
[468.872s] GC(10600) Incremental GC (Collect on allocation) 30.50M->15.50M 0.979ms
[468.900s] GC(10601) Collect on allocation
[468.901s] GC(10601)   Eden: 14.50M->0.00M
[468.901s] GC(10601)   Survivor: 0.00M->0.00M
[468.901s] GC(10601)   Old: 15.50M->15.50M
[468.901s] GC(10601)   Free: 2.00M->16.50M
[468.901s] GC(10601) Incremental GC (Collect on allocation) 30.00M->15.50M 1.119ms
[468.929s] GC(10602) Collect on allocation
[468.930s] GC(10602)   Eden: 16.00M->0.00M
[468.930s] GC(10602)   Survivor: 0.00M->0.00M
[468.930s] GC(10602)   Old: 15.50M->15.50M
[468.930s] GC(10602)   Free: 0.50M->16.50M
[468.930s] GC(10602) Incremental GC (Collect on allocation) 31.50M->15.50M 0.956ms
[468.965s] GC(10603) Collect on allocation
[468.966s] GC(10603)   Eden: 15.50M->0.00M
[468.966s] GC(10603)   Survivor: 0.00M->0.00M
[468.966s] GC(10603)   Old: 15.50M->15.50M
[468.966s] GC(10603)   Free: 1.00M->16.50M
[468.966s] GC(10603) Incremental GC (Collect on allocation) 31.00M->15.50M 0.674ms
[468.988s] GC(10604) Collect on allocation
[468.989s] GC(10604)   Eden: 15.00M->0.00M
[468.989s] GC(10604)   Survivor: 0.00M->0.00M
[468.989s] GC(10604)   Old: 15.50M->15.50M
[468.989s] GC(10604)   Free: 1.50M->16.50M
[468.989s] GC(10604) Incremental GC (Collect on allocation) 30.50M->15.50M 0.729ms
[469.012s] GC(10605) Collect on allocation
[469.013s] GC(10605)   Eden: 14.50M->0.00M
[469.013s] GC(10605)   Survivor: 0.00M->0.00M
[469.013s] GC(10605)   Old: 15.50M->15.50M
[469.013s] GC(10605)   Free: 2.00M->16.50M
[469.013s] GC(10605) Incremental GC (Collect on allocation) 30.00M->15.50M 0.743ms
[469.048s] GC(10606) Collect on allocation
[469.049s] GC(10606)   Eden: 14.00M->0.00M
[469.049s] GC(10606)   Survivor: 0.00M->0.00M
[469.049s] GC(10606)   Old: 15.50M->15.50M
[469.049s] GC(10606)   Free: 2.50M->16.50M
[469.049s] GC(10606) Incremental GC (Collect on allocation) 29.50M->15.50M 0.777ms
[469.070s] GC(10607) Collect on allocation
[469.071s] GC(10607)   Eden: 13.50M->0.00M
[469.071s] GC(10607)   Survivor: 0.00M->0.00M
[469.071s] GC(10607)   Old: 15.50M->15.50M
[469.071s] GC(10607)   Free: 3.00M->16.50M
[469.071s] GC(10607) Incremental GC (Collect on allocation) 29.00M->15.50M 0.839ms
[469.090s] GC(10608) Collect on allocation
[469.091s] GC(10608)   Eden: 13.00M->0.00M
[469.091s] GC(10608)   Survivor: 0.00M->0.00M
[469.091s] GC(10608)   Old: 15.50M->15.50M
[469.091s] GC(10608)   Free: 3.50M->16.50M
[469.091s] GC(10608) Incremental GC (Collect on allocation) 28.50M->15.50M 0.933ms
[469.112s] GC(10609) Collect on allocation
[469.113s] GC(10609)   Eden: 12.50M->0.00M
[469.113s] GC(10609)   Survivor: 0.00M->0.00M
[469.113s] GC(10609)   Old: 15.50M->15.50M
[469.113s] GC(10609)   Free: 4.00M->16.50M
[469.113s] GC(10609) Incremental GC (Collect on allocation) 28.00M->15.50M 0.890ms
[469.132s] GC(10610) Collect on allocation
[469.132s] GC(10610)   Eden: 14.00M->0.00M
[469.132s] GC(10610)   Survivor: 0.00M->0.00M
[469.132s] GC(10610)   Old: 15.50M->15.50M
[469.132s] GC(10610)   Free: 2.50M->16.50M
[469.132s] GC(10610) Incremental GC (Collect on allocation) 29.50M->15.50M 0.788ms
[469.162s] GC(10611) Collect on allocation
[469.163s] GC(10611)   Eden: 15.50M->0.00M
[469.163s] GC(10611)   Survivor: 0.00M->0.00M
[469.163s] GC(10611)   Old: 15.50M->15.50M
[469.163s] GC(10611)   Free: 1.00M->16.50M
[469.163s] GC(10611) Incremental GC (Collect on allocation) 31.00M->15.50M 0.777ms
[469.184s] GC(10612) Collect on allocation
[469.185s] GC(10612)   Eden: 15.00M->0.00M
[469.185s] GC(10612)   Survivor: 0.00M->0.00M
[469.185s] GC(10612)   Old: 15.50M->15.50M
[469.185s] GC(10612)   Free: 1.50M->16.50M
[469.185s] GC(10612) Incremental GC (Collect on allocation) 30.50M->15.50M 0.834ms
[469.208s] GC(10613) Collect on allocation
[469.209s] GC(10613)   Eden: 16.50M->0.00M
[469.209s] GC(10613)   Survivor: 0.00M->0.00M
[469.209s] GC(10613)   Old: 15.50M->15.50M
[469.209s] GC(10613)   Free: 0.00M->16.50M
[469.209s] GC(10613) Incremental GC (Collect on allocation) 32.00M->15.50M 0.751ms
[469.243s] GC(10614) Collect on allocation
[469.244s] GC(10614)   Eden: 16.00M->0.00M
[469.244s] GC(10614)   Survivor: 0.00M->0.00M
[469.244s] GC(10614)   Old: 15.50M->15.50M
[469.244s] GC(10614)   Free: 0.50M->16.50M
[469.244s] GC(10614) Incremental GC (Collect on allocation) 31.50M->15.50M 0.831ms
[469.273s] GC(10615) Collect on allocation
[469.274s] GC(10615)   Eden: 15.50M->0.00M
[469.274s] GC(10615)   Survivor: 0.00M->0.00M
[469.274s] GC(10615)   Old: 15.50M->15.50M
[469.274s] GC(10615)   Free: 1.00M->16.50M
[469.274s] GC(10615) Incremental GC (Collect on allocation) 31.00M->15.50M 0.960ms
[469.316s] GC(10616) Collect on allocation
[469.333s] GC(10616)   Eden: 15.00M->0.00M
[469.333s] GC(10616)   Survivor: 0.00M->0.00M
[469.333s] GC(10616)   Old: 15.50M->15.00M
[469.333s] GC(10616)   Free: 1.50M->17.00M
[469.333s] GC(10616) Full GC (Collect on allocation) 30.50M->15.00M 16.564ms
[469.357s] GC(10617) Collect on allocation
[469.358s] GC(10617)   Eden: 14.00M->0.00M
[469.358s] GC(10617)   Survivor: 0.00M->0.00M
[469.358s] GC(10617)   Old: 15.00M->15.00M
[469.358s] GC(10617)   Free: 3.00M->17.00M
[469.358s] GC(10617) Incremental GC (Collect on allocation) 29.00M->15.00M 0.952ms
[469.384s] GC(10618) Collect on allocation
[469.386s] GC(10618)   Eden: 13.50M->0.00M
[469.386s] GC(10618)   Survivor: 0.00M->0.00M
[469.386s] GC(10618)   Old: 15.00M->15.00M
[469.386s] GC(10618)   Free: 3.50M->17.00M
[469.386s] GC(10618) Incremental GC (Collect on allocation) 28.50M->15.00M 1.843ms
[469.411s] GC(10619) Collect on allocation
[469.412s] GC(10619)   Eden: 15.00M->0.00M
[469.412s] GC(10619)   Survivor: 0.00M->0.00M
[469.412s] GC(10619)   Old: 15.00M->15.00M
[469.412s] GC(10619)   Free: 2.00M->17.00M
[469.412s] GC(10619) Incremental GC (Collect on allocation) 30.00M->15.00M 0.781ms
[469.436s] GC(10620) Collect on allocation
[469.437s] GC(10620)   Eden: 16.50M->0.00M
[469.437s] GC(10620)   Survivor: 0.00M->0.00M
[469.437s] GC(10620)   Old: 15.00M->15.00M
[469.437s] GC(10620)   Free: 0.50M->17.00M
[469.437s] GC(10620) Incremental GC (Collect on allocation) 31.50M->15.00M 0.753ms
[469.468s] GC(10621) Collect on allocation
[469.468s] GC(10621)   Eden: 18.00M->0.00M
[469.468s] GC(10621)   Survivor: 0.00M->0.00M
[469.468s] GC(10621)   Old: 15.00M->15.00M
[469.468s] GC(10621)   Free: 0.00M->18.00M
[469.468s] GC(10621) Incremental GC (Collect on allocation) 33.00M->15.00M 0.798ms
[469.500s] GC(10622) Collect on allocation
[469.501s] GC(10622)   Eden: 17.50M->0.00M
[469.501s] GC(10622)   Survivor: 0.00M->0.00M
[469.501s] GC(10622)   Old: 15.00M->15.00M
[469.501s] GC(10622)   Free: 0.50M->18.00M
[469.501s] GC(10622) Incremental GC (Collect on allocation) 32.50M->15.00M 0.780ms
[469.557s] GC(10623) Collect on allocation
[469.558s] GC(10623)   Eden: 17.00M->0.00M
[469.558s] GC(10623)   Survivor: 0.00M->0.00M
[469.558s] GC(10623)   Old: 15.00M->15.50M
[469.558s] GC(10623)   Free: 1.00M->17.50M
[469.558s] GC(10623) Incremental GC (Collect on allocation) 32.00M->15.50M 0.960ms
[469.588s] GC(10624) Collect on allocation
[469.589s] GC(10624)   Eden: 16.50M->0.00M
[469.589s] GC(10624)   Survivor: 0.00M->0.00M
[469.589s] GC(10624)   Old: 15.50M->15.50M
[469.589s] GC(10624)   Free: 1.00M->17.50M
[469.589s] GC(10624) Incremental GC (Collect on allocation) 32.00M->15.50M 0.634ms
[469.613s] GC(10625) Collect on allocation
[469.614s] GC(10625)   Eden: 16.00M->0.00M
[469.614s] GC(10625)   Survivor: 0.00M->0.00M
[469.614s] GC(10625)   Old: 15.50M->15.50M
[469.614s] GC(10625)   Free: 1.50M->17.50M
[469.614s] GC(10625) Incremental GC (Collect on allocation) 31.50M->15.50M 0.977ms
[469.637s] GC(10626) Collect on allocation
[469.638s] GC(10626)   Eden: 15.50M->0.00M
[469.638s] GC(10626)   Survivor: 0.00M->0.00M
[469.638s] GC(10626)   Old: 15.50M->15.50M
[469.638s] GC(10626)   Free: 2.00M->17.50M
[469.638s] GC(10626) Incremental GC (Collect on allocation) 31.00M->15.50M 0.717ms
[469.663s] GC(10627) Collect on allocation
[469.664s] GC(10627)   Eden: 15.00M->0.00M
[469.664s] GC(10627)   Survivor: 0.00M->0.00M
[469.664s] GC(10627)   Old: 15.50M->15.50M
[469.664s] GC(10627)   Free: 2.50M->17.50M
[469.664s] GC(10627) Incremental GC (Collect on allocation) 30.50M->15.50M 0.951ms
[469.687s] GC(10628) Collect on allocation
[469.687s] GC(10628)   Eden: 14.50M->0.00M
[469.687s] GC(10628)   Survivor: 0.00M->0.00M
[469.687s] GC(10628)   Old: 15.50M->15.50M
[469.687s] GC(10628)   Free: 3.00M->17.50M
[469.687s] GC(10628) Incremental GC (Collect on allocation) 30.00M->15.50M 0.618ms
[469.711s] GC(10629) Collect on allocation
[469.712s] GC(10629)   Eden: 14.00M->0.00M
[469.712s] GC(10629)   Survivor: 0.00M->0.00M
[469.712s] GC(10629)   Old: 15.50M->15.50M
[469.712s] GC(10629)   Free: 3.50M->17.50M
[469.712s] GC(10629) Incremental GC (Collect on allocation) 29.50M->15.50M 0.667ms
[469.737s] GC(10630) Collect on allocation
[469.737s] GC(10630)   Eden: 13.50M->0.00M
[469.737s] GC(10630)   Survivor: 0.00M->0.00M
[469.738s] GC(10630)   Old: 15.50M->15.50M
[469.738s] GC(10630)   Free: 4.00M->17.00M
[469.738s] GC(10630) Incremental GC (Collect on allocation) 29.00M->15.50M 0.603ms
[469.770s] GC(10631) Collect on allocation
[469.770s] GC(10631)   Eden: 13.00M->0.00M
[469.770s] GC(10631)   Survivor: 0.00M->0.00M
[469.770s] GC(10631)   Old: 15.50M->15.50M
[469.770s] GC(10631)   Free: 4.00M->16.50M
[469.771s] GC(10631) Incremental GC (Collect on allocation) 28.50M->15.50M 0.663ms
[469.791s] GC(10632) Collect on allocation
[469.792s] GC(10632)   Eden: 12.50M->0.00M
[469.792s] GC(10632)   Survivor: 0.00M->0.00M
[469.792s] GC(10632)   Old: 15.50M->15.50M
[469.792s] GC(10632)   Free: 4.00M->16.00M
[469.792s] GC(10632) Incremental GC (Collect on allocation) 28.00M->15.50M 0.631ms
[469.813s] GC(10633) Collect on allocation
[469.814s] GC(10633)   Eden: 12.00M->0.00M
[469.814s] GC(10633)   Survivor: 0.00M->0.00M
[469.814s] GC(10633)   Old: 15.50M->15.50M
[469.814s] GC(10633)   Free: 4.00M->15.50M
[469.814s] GC(10633) Incremental GC (Collect on allocation) 27.50M->15.50M 0.626ms
[469.826s] GC(10634) Collect on allocation
[469.826s] GC(10634)   Eden: 11.50M->0.00M
[469.827s] GC(10634)   Survivor: 0.00M->0.00M
[469.827s] GC(10634)   Old: 15.50M->15.50M
[469.827s] GC(10634)   Free: 4.00M->15.00M
[469.827s] GC(10634) Incremental GC (Collect on allocation) 27.00M->15.50M 0.624ms
[469.840s] GC(10635) Collect on allocation
[469.841s] GC(10635)   Eden: 11.00M->0.00M
[469.841s] GC(10635)   Survivor: 0.00M->0.00M
[469.841s] GC(10635)   Old: 15.50M->15.50M
[469.841s] GC(10635)   Free: 4.00M->15.00M
[469.841s] GC(10635) Incremental GC (Collect on allocation) 26.50M->15.50M 0.822ms
[469.861s] GC(10636) Collect on allocation
[469.861s] GC(10636)   Eden: 12.50M->0.00M
[469.861s] GC(10636)   Survivor: 0.00M->0.00M
[469.862s] GC(10636)   Old: 15.50M->15.50M
[469.862s] GC(10636)   Free: 2.50M->15.00M
[469.862s] GC(10636) Incremental GC (Collect on allocation) 28.00M->15.50M 0.643ms
[469.878s] GC(10637) Collect on allocation
[469.879s] GC(10637)   Eden: 14.00M->0.00M
[469.879s] GC(10637)   Survivor: 0.00M->0.00M
[469.879s] GC(10637)   Old: 15.50M->15.50M
[469.879s] GC(10637)   Free: 1.00M->15.00M
[469.879s] GC(10637) Incremental GC (Collect on allocation) 29.50M->15.50M 0.723ms
[469.905s] GC(10638) Collect on allocation
[469.905s] GC(10638)   Eden: 16.00M->0.00M
[469.906s] GC(10638)   Survivor: 0.00M->0.00M
[469.906s] GC(10638)   Old: 15.50M->15.50M
[469.906s] GC(10638)   Free: 0.00M->16.00M
[469.906s] GC(10638) Incremental GC (Collect on allocation) 31.50M->15.50M 0.677ms
[469.935s] GC(10639) Collect on allocation
[469.936s] GC(10639)   Eden: 17.00M->0.00M
[469.936s] GC(10639)   Survivor: 0.00M->0.00M
[469.936s] GC(10639)   Old: 15.50M->15.50M
[469.936s] GC(10639)   Free: 0.00M->17.00M
[469.936s] GC(10639) Incremental GC (Collect on allocation) 32.50M->15.50M 0.907ms
[469.965s] GC(10640) Collect on allocation
[469.965s] GC(10640)   Eden: 16.50M->0.00M
[469.965s] GC(10640)   Survivor: 0.00M->0.00M
[469.965s] GC(10640)   Old: 15.50M->15.50M
[469.965s] GC(10640)   Free: 0.50M->17.00M
[469.965s] GC(10640) Incremental GC (Collect on allocation) 32.00M->15.50M 0.713ms
[470.018s] GC(10641) Collect on allocation
[470.019s] GC(10641)   Eden: 16.00M->0.00M
[470.019s] GC(10641)   Survivor: 0.00M->0.00M
[470.019s] GC(10641)   Old: 15.50M->15.50M
[470.019s] GC(10641)   Free: 1.00M->17.00M
[470.019s] GC(10641) Incremental GC (Collect on allocation) 31.50M->15.50M 1.093ms
[470.050s] GC(10642) Collect on allocation
[470.051s] GC(10642)   Eden: 15.50M->0.00M
[470.052s] GC(10642)   Survivor: 0.00M->0.00M
[470.052s] GC(10642)   Old: 15.50M->15.50M
[470.052s] GC(10642)   Free: 1.50M->17.00M
[470.052s] GC(10642) Incremental GC (Collect on allocation) 31.00M->15.50M 1.444ms
[470.079s] GC(10643) Collect on allocation
[470.080s] GC(10643)   Eden: 15.00M->0.00M
[470.080s] GC(10643)   Survivor: 0.00M->0.00M
[470.080s] GC(10643)   Old: 15.50M->15.50M
[470.080s] GC(10643)   Free: 2.00M->17.00M
[470.080s] GC(10643) Incremental GC (Collect on allocation) 30.50M->15.50M 0.852ms
[470.111s] GC(10644) Collect on allocation
[470.112s] GC(10644)   Eden: 14.50M->0.00M
[470.112s] GC(10644)   Survivor: 0.00M->0.00M
[470.112s] GC(10644)   Old: 15.50M->15.50M
[470.112s] GC(10644)   Free: 2.50M->17.00M
[470.112s] GC(10644) Incremental GC (Collect on allocation) 30.00M->15.50M 1.043ms
[470.135s] GC(10645) Collect on allocation
[470.136s] GC(10645)   Eden: 14.00M->0.00M
[470.136s] GC(10645)   Survivor: 0.00M->0.00M
[470.136s] GC(10645)   Old: 15.50M->15.50M
[470.136s] GC(10645)   Free: 3.00M->17.00M
[470.136s] GC(10645) Incremental GC (Collect on allocation) 29.50M->15.50M 1.000ms
[470.157s] GC(10646) Collect on allocation
[470.158s] GC(10646)   Eden: 13.50M->0.00M
[470.158s] GC(10646)   Survivor: 0.00M->0.00M
[470.158s] GC(10646)   Old: 15.50M->15.50M
[470.158s] GC(10646)   Free: 3.50M->17.00M
[470.158s] GC(10646) Incremental GC (Collect on allocation) 29.00M->15.50M 0.857ms
[470.186s] GC(10647) Collect on allocation
[470.187s] GC(10647)   Eden: 15.00M->0.00M
[470.187s] GC(10647)   Survivor: 0.00M->0.00M
[470.187s] GC(10647)   Old: 15.50M->15.50M
[470.187s] GC(10647)   Free: 2.00M->17.00M
[470.187s] GC(10647) Incremental GC (Collect on allocation) 30.50M->15.50M 0.937ms
[470.213s] GC(10648) Collect on allocation
[470.214s] GC(10648)   Eden: 16.50M->0.00M
[470.214s] GC(10648)   Survivor: 0.00M->0.00M
[470.214s] GC(10648)   Old: 15.50M->15.50M
[470.215s] GC(10648)   Free: 0.50M->17.00M
[470.215s] GC(10648) Incremental GC (Collect on allocation) 32.00M->15.50M 1.140ms
[470.253s] GC(10649) Collect on allocation
[470.269s] GC(10649)   Eden: 18.00M->0.00M
[470.269s] GC(10649)   Survivor: 0.00M->0.00M
[470.270s] GC(10649)   Old: 15.50M->15.00M
[470.270s] GC(10649)   Free: 0.00M->18.50M
[470.270s] GC(10649) Full GC (Collect on allocation) 33.50M->15.00M 16.675ms
[470.293s] GC(10650) Collect on allocation
[470.294s] GC(10650)   Eden: 17.00M->0.00M
[470.294s] GC(10650)   Survivor: 0.00M->0.00M
[470.294s] GC(10650)   Old: 15.00M->15.00M
[470.294s] GC(10650)   Free: 1.50M->18.50M
[470.294s] GC(10650) Incremental GC (Collect on allocation) 32.00M->15.00M 0.979ms
[470.321s] GC(10651) Collect on allocation
[470.322s] GC(10651)   Eden: 16.50M->0.00M
[470.322s] GC(10651)   Survivor: 0.00M->0.00M
[470.322s] GC(10651)   Old: 15.00M->15.50M
[470.322s] GC(10651)   Free: 2.00M->18.00M
[470.322s] GC(10651) Incremental GC (Collect on allocation) 31.50M->15.50M 0.751ms
[470.351s] GC(10652) Collect on allocation
[470.352s] GC(10652)   Eden: 16.00M->0.00M
[470.352s] GC(10652)   Survivor: 0.00M->0.00M
[470.352s] GC(10652)   Old: 15.50M->15.50M
[470.352s] GC(10652)   Free: 2.00M->18.00M
[470.352s] GC(10652) Incremental GC (Collect on allocation) 31.50M->15.50M 0.639ms
[470.383s] GC(10653) Collect on allocation
[470.383s] GC(10653)   Eden: 15.50M->0.00M
[470.383s] GC(10653)   Survivor: 0.00M->0.00M
[470.383s] GC(10653)   Old: 15.50M->15.50M
[470.383s] GC(10653)   Free: 2.50M->18.00M
[470.384s] GC(10653) Incremental GC (Collect on allocation) 31.00M->15.50M 0.815ms
[470.415s] GC(10654) Collect on allocation
[470.416s] GC(10654)   Eden: 15.00M->0.00M
[470.416s] GC(10654)   Survivor: 0.00M->0.00M
[470.416s] GC(10654)   Old: 15.50M->15.50M
[470.416s] GC(10654)   Free: 3.00M->18.00M
[470.416s] GC(10654) Incremental GC (Collect on allocation) 30.50M->15.50M 1.024ms
[470.437s] GC(10655) Collect on allocation
[470.438s] GC(10655)   Eden: 14.50M->0.00M
[470.438s] GC(10655)   Survivor: 0.00M->0.00M
[470.438s] GC(10655)   Old: 15.50M->15.50M
[470.438s] GC(10655)   Free: 3.50M->18.00M
[470.438s] GC(10655) Incremental GC (Collect on allocation) 30.00M->15.50M 0.577ms
[470.464s] GC(10656) Collect on allocation
[470.465s] GC(10656)   Eden: 14.00M->0.00M
[470.465s] GC(10656)   Survivor: 0.00M->0.00M
[470.465s] GC(10656)   Old: 15.50M->15.50M
[470.465s] GC(10656)   Free: 4.00M->17.50M
[470.465s] GC(10656) Incremental GC (Collect on allocation) 29.50M->15.50M 0.586ms
[470.498s] GC(10657) Collect on allocation
[470.500s] GC(10657)   Eden: 13.50M->0.00M
[470.500s] GC(10657)   Survivor: 0.00M->0.00M
[470.500s] GC(10657)   Old: 15.50M->15.50M
[470.500s] GC(10657)   Free: 4.00M->17.00M
[470.500s] GC(10657) Incremental GC (Collect on allocation) 29.00M->15.50M 1.176ms
[470.524s] GC(10658) Collect on allocation
[470.525s] GC(10658)   Eden: 13.00M->0.00M
[470.525s] GC(10658)   Survivor: 0.00M->0.00M
[470.525s] GC(10658)   Old: 15.50M->15.50M
[470.525s] GC(10658)   Free: 4.00M->16.50M
[470.525s] GC(10658) Incremental GC (Collect on allocation) 28.50M->15.50M 0.646ms
[470.546s] GC(10659) Collect on allocation
[470.547s] GC(10659)   Eden: 12.50M->0.00M
[470.547s] GC(10659)   Survivor: 0.00M->0.00M
[470.547s] GC(10659)   Old: 15.50M->15.50M
[470.547s] GC(10659)   Free: 4.00M->16.00M
[470.547s] GC(10659) Incremental GC (Collect on allocation) 28.00M->15.50M 0.617ms
[470.563s] GC(10660) Collect on allocation
[470.564s] GC(10660)   Eden: 12.00M->0.00M
[470.564s] GC(10660)   Survivor: 0.00M->0.00M
[470.564s] GC(10660)   Old: 15.50M->15.50M
[470.564s] GC(10660)   Free: 4.00M->15.50M
[470.564s] GC(10660) Incremental GC (Collect on allocation) 27.50M->15.50M 0.761ms
[470.584s] GC(10661) Collect on allocation
[470.585s] GC(10661)   Eden: 11.50M->0.00M
[470.585s] GC(10661)   Survivor: 0.00M->0.00M
[470.585s] GC(10661)   Old: 15.50M->15.50M
[470.585s] GC(10661)   Free: 4.00M->15.00M
[470.585s] GC(10661) Incremental GC (Collect on allocation) 27.00M->15.50M 0.691ms
[470.602s] GC(10662) Collect on allocation
[470.603s] GC(10662)   Eden: 11.00M->0.00M
[470.603s] GC(10662)   Survivor: 0.00M->0.00M
[470.603s] GC(10662)   Old: 15.50M->15.50M
[470.603s] GC(10662)   Free: 4.00M->15.00M
[470.603s] GC(10662) Incremental GC (Collect on allocation) 26.50M->15.50M 1.506ms
[470.621s] GC(10663) Collect on allocation
[470.622s] GC(10663)   Eden: 12.50M->0.00M
[470.622s] GC(10663)   Survivor: 0.00M->0.00M
[470.622s] GC(10663)   Old: 15.50M->15.50M
[470.622s] GC(10663)   Free: 2.50M->15.00M
[470.622s] GC(10663) Incremental GC (Collect on allocation) 28.00M->15.50M 0.780ms
[470.644s] GC(10664) Collect on allocation
[470.645s] GC(10664)   Eden: 14.00M->0.00M
[470.645s] GC(10664)   Survivor: 0.00M->0.00M
[470.645s] GC(10664)   Old: 15.50M->15.50M
[470.645s] GC(10664)   Free: 1.00M->15.00M
[470.645s] GC(10664) Incremental GC (Collect on allocation) 29.50M->15.50M 0.728ms
[470.669s] GC(10665) Collect on allocation
[470.670s] GC(10665)   Eden: 15.50M->0.00M
[470.670s] GC(10665)   Survivor: 0.00M->0.00M
[470.670s] GC(10665)   Old: 15.50M->15.50M
[470.670s] GC(10665)   Free: 0.00M->15.50M
[470.670s] GC(10665) Incremental GC (Collect on allocation) 31.00M->15.50M 0.725ms
[470.697s] GC(10666) Collect on allocation
[470.697s] GC(10666)   Eden: 17.00M->0.00M
[470.697s] GC(10666)   Survivor: 0.00M->0.00M
[470.697s] GC(10666)   Old: 15.50M->15.50M
[470.697s] GC(10666)   Free: 0.00M->17.00M
[470.697s] GC(10666) Incremental GC (Collect on allocation) 32.50M->15.50M 0.740ms
[470.748s] GC(10667) Collect on allocation
[470.749s] GC(10667)   Eden: 18.50M->0.00M
[470.749s] GC(10667)   Survivor: 0.00M->0.00M
[470.749s] GC(10667)   Old: 15.50M->15.50M
[470.749s] GC(10667)   Free: 0.00M->18.50M
[470.750s] GC(10667) Incremental GC (Collect on allocation) 34.00M->15.50M 1.329ms
[470.786s] GC(10668) Collect on allocation
[470.786s] GC(10668)   Eden: 18.00M->0.00M
[470.786s] GC(10668)   Survivor: 0.00M->0.00M
[470.786s] GC(10668)   Old: 15.50M->15.50M
[470.786s] GC(10668)   Free: 0.50M->18.50M
[470.786s] GC(10668) Incremental GC (Collect on allocation) 33.50M->15.50M 0.710ms
[470.814s] GC(10669) Collect on allocation
[470.815s] GC(10669)   Eden: 17.50M->0.00M
[470.815s] GC(10669)   Survivor: 0.00M->0.00M
[470.815s] GC(10669)   Old: 15.50M->15.50M
[470.815s] GC(10669)   Free: 1.00M->18.50M
[470.815s] GC(10669) Incremental GC (Collect on allocation) 33.00M->15.50M 1.157ms
[470.840s] GC(10670) Collect on allocation
[470.841s] GC(10670)   Eden: 17.00M->0.00M
[470.841s] GC(10670)   Survivor: 0.00M->0.00M
[470.841s] GC(10670)   Old: 15.50M->15.50M
[470.841s] GC(10670)   Free: 1.50M->18.50M
[470.841s] GC(10670) Incremental GC (Collect on allocation) 32.50M->15.50M 0.874ms
[470.867s] GC(10671) Collect on allocation
[470.868s] GC(10671)   Eden: 16.50M->0.00M
[470.868s] GC(10671)   Survivor: 0.00M->0.00M
[470.868s] GC(10671)   Old: 15.50M->15.50M
[470.868s] GC(10671)   Free: 2.00M->18.50M
[470.868s] GC(10671) Incremental GC (Collect on allocation) 32.00M->15.50M 0.783ms
[470.887s] GC(10672) Collect on allocation
[470.888s] GC(10672)   Eden: 16.00M->0.00M
[470.888s] GC(10672)   Survivor: 0.00M->0.00M
[470.888s] GC(10672)   Old: 15.50M->15.50M
[470.888s] GC(10672)   Free: 2.50M->18.50M
[470.888s] GC(10672) Incremental GC (Collect on allocation) 31.50M->15.50M 0.912ms
[470.915s] GC(10673) Collect on allocation
[470.916s] GC(10673)   Eden: 17.50M->0.00M
[470.916s] GC(10673)   Survivor: 0.00M->0.00M
[470.916s] GC(10673)   Old: 15.50M->15.50M
[470.916s] GC(10673)   Free: 1.00M->18.50M
[470.916s] GC(10673) Incremental GC (Collect on allocation) 33.00M->15.50M 0.795ms
[470.947s] GC(10674) Collect on allocation
[470.948s] GC(10674)   Eden: 17.00M->0.00M
[470.948s] GC(10674)   Survivor: 0.00M->0.00M
[470.948s] GC(10674)   Old: 15.50M->15.50M
[470.948s] GC(10674)   Free: 1.50M->18.50M
[470.948s] GC(10674) Incremental GC (Collect on allocation) 32.50M->15.50M 0.747ms
[470.984s] GC(10675) Collect on allocation
[470.985s] GC(10675)   Eden: 16.50M->0.00M
[470.985s] GC(10675)   Survivor: 0.00M->0.00M
[470.985s] GC(10675)   Old: 15.50M->15.50M
[470.986s] GC(10675)   Free: 2.00M->18.50M
[470.986s] GC(10675) Incremental GC (Collect on allocation) 32.00M->15.50M 0.983ms
[471.020s] GC(10676) Collect on allocation
[471.021s] GC(10676)   Eden: 16.00M->0.00M
[471.021s] GC(10676)   Survivor: 0.00M->0.00M
[471.021s] GC(10676)   Old: 15.50M->15.50M
[471.021s] GC(10676)   Free: 2.50M->18.50M
[471.021s] GC(10676) Incremental GC (Collect on allocation) 31.50M->15.50M 0.756ms
[471.055s] GC(10677) Collect on allocation
[471.056s] GC(10677)   Eden: 15.50M->0.00M
[471.056s] GC(10677)   Survivor: 0.00M->0.00M
[471.056s] GC(10677)   Old: 15.50M->15.50M
[471.056s] GC(10677)   Free: 3.00M->18.50M
[471.056s] GC(10677) Incremental GC (Collect on allocation) 31.00M->15.50M 0.767ms
[471.087s] GC(10678) Collect on allocation
[471.088s] GC(10678)   Eden: 15.00M->0.00M
[471.088s] GC(10678)   Survivor: 0.00M->0.00M
[471.088s] GC(10678)   Old: 15.50M->15.50M
[471.088s] GC(10678)   Free: 3.50M->18.50M
[471.088s] GC(10678) Incremental GC (Collect on allocation) 30.50M->15.50M 0.958ms
[471.128s] GC(10679) Collect on allocation
[471.129s] GC(10679)   Eden: 14.50M->0.00M
[471.129s] GC(10679)   Survivor: 0.00M->0.00M
[471.129s] GC(10679)   Old: 15.50M->15.50M
[471.129s] GC(10679)   Free: 4.00M->18.00M
[471.129s] GC(10679) Incremental GC (Collect on allocation) 30.00M->15.50M 0.885ms
[471.163s] GC(10680) Collect on allocation
[471.164s] GC(10680)   Eden: 14.00M->0.00M
[471.164s] GC(10680)   Survivor: 0.00M->0.00M
[471.164s] GC(10680)   Old: 15.50M->15.50M
[471.164s] GC(10680)   Free: 4.00M->17.50M
[471.164s] GC(10680) Incremental GC (Collect on allocation) 29.50M->15.50M 1.200ms
[471.188s] GC(10681) Collect on allocation
[471.203s] GC(10681)   Eden: 13.50M->0.00M
[471.203s] GC(10681)   Survivor: 0.00M->0.00M
[471.203s] GC(10681)   Old: 15.50M->15.00M
[471.203s] GC(10681)   Free: 4.00M->16.50M
[471.203s] GC(10681) Full GC (Collect on allocation) 29.00M->15.00M 15.480ms
[471.244s] GC(10682) Collect on allocation
[471.245s] GC(10682)   Eden: 12.50M->0.00M
[471.245s] GC(10682)   Survivor: 0.00M->0.00M
[471.245s] GC(10682)   Old: 15.00M->15.00M
[471.245s] GC(10682)   Free: 4.00M->16.00M
[471.245s] GC(10682) Incremental GC (Collect on allocation) 27.50M->15.00M 1.045ms
[471.265s] GC(10683) Collect on allocation
[471.266s] GC(10683)   Eden: 12.00M->0.00M
[471.266s] GC(10683)   Survivor: 0.00M->0.00M
[471.266s] GC(10683)   Old: 15.00M->15.00M
[471.266s] GC(10683)   Free: 4.00M->15.50M
[471.266s] GC(10683) Incremental GC (Collect on allocation) 27.00M->15.00M 0.768ms
[471.283s] GC(10684) Collect on allocation
[471.284s] GC(10684)   Eden: 11.50M->0.00M
[471.284s] GC(10684)   Survivor: 0.00M->0.00M
[471.284s] GC(10684)   Old: 15.00M->15.00M
[471.284s] GC(10684)   Free: 4.00M->15.50M
[471.284s] GC(10684) Incremental GC (Collect on allocation) 26.50M->15.00M 0.780ms
[471.306s] GC(10685) Collect on allocation
[471.307s] GC(10685)   Eden: 13.00M->0.00M
[471.307s] GC(10685)   Survivor: 0.00M->0.00M
[471.307s] GC(10685)   Old: 15.00M->15.50M
[471.307s] GC(10685)   Free: 2.50M->15.00M
[471.307s] GC(10685) Incremental GC (Collect on allocation) 28.00M->15.50M 0.872ms
[471.331s] GC(10686) Collect on allocation
[471.332s] GC(10686)   Eden: 14.50M->0.00M
[471.332s] GC(10686)   Survivor: 0.00M->0.00M
[471.332s] GC(10686)   Old: 15.50M->15.50M
[471.332s] GC(10686)   Free: 0.50M->15.00M
[471.332s] GC(10686) Incremental GC (Collect on allocation) 30.00M->15.50M 0.553ms
[471.356s] GC(10687) Collect on allocation
[471.357s] GC(10687)   Eden: 14.00M->0.00M
[471.357s] GC(10687)   Survivor: 0.00M->0.00M
[471.357s] GC(10687)   Old: 15.50M->15.50M
[471.357s] GC(10687)   Free: 1.00M->15.00M
[471.357s] GC(10687) Incremental GC (Collect on allocation) 29.50M->15.50M 0.539ms
[471.380s] GC(10688) Collect on allocation
[471.381s] GC(10688)   Eden: 13.50M->0.00M
[471.381s] GC(10688)   Survivor: 0.00M->0.00M
[471.381s] GC(10688)   Old: 15.50M->15.50M
[471.381s] GC(10688)   Free: 1.50M->15.00M
[471.381s] GC(10688) Incremental GC (Collect on allocation) 29.00M->15.50M 0.830ms
[471.405s] GC(10689) Collect on allocation
[471.406s] GC(10689)   Eden: 13.00M->0.00M
[471.406s] GC(10689)   Survivor: 0.00M->0.00M
[471.406s] GC(10689)   Old: 15.50M->15.50M
[471.406s] GC(10689)   Free: 2.00M->15.00M
[471.406s] GC(10689) Incremental GC (Collect on allocation) 28.50M->15.50M 0.579ms
[471.427s] GC(10690) Collect on allocation
[471.429s] GC(10690)   Eden: 12.50M->0.00M
[471.429s] GC(10690)   Survivor: 0.00M->0.00M
[471.429s] GC(10690)   Old: 15.50M->15.50M
[471.429s] GC(10690)   Free: 2.50M->15.00M
[471.429s] GC(10690) Incremental GC (Collect on allocation) 28.00M->15.50M 1.570ms
[471.451s] GC(10691) Collect on allocation
[471.451s] GC(10691)   Eden: 14.00M->0.00M
[471.452s] GC(10691)   Survivor: 0.00M->0.00M
[471.452s] GC(10691)   Old: 15.50M->15.50M
[471.452s] GC(10691)   Free: 1.00M->15.00M
[471.452s] GC(10691) Incremental GC (Collect on allocation) 29.50M->15.50M 0.568ms
[471.486s] GC(10692) Collect on allocation
[471.487s] GC(10692)   Eden: 15.50M->0.00M
[471.487s] GC(10692)   Survivor: 0.00M->0.00M
[471.487s] GC(10692)   Old: 15.50M->15.50M
[471.487s] GC(10692)   Free: 0.00M->15.50M
[471.487s] GC(10692) Incremental GC (Collect on allocation) 31.00M->15.50M 0.666ms
[471.523s] GC(10693) Collect on allocation
[471.523s] GC(10693)   Eden: 15.00M->0.00M
[471.524s] GC(10693)   Survivor: 0.00M->0.00M
[471.524s] GC(10693)   Old: 15.50M->15.50M
[471.524s] GC(10693)   Free: 0.50M->15.50M
[471.524s] GC(10693) Incremental GC (Collect on allocation) 30.50M->15.50M 0.803ms
[471.559s] GC(10694) Collect on allocation
[471.560s] GC(10694)   Eden: 14.50M->0.00M
[471.560s] GC(10694)   Survivor: 0.00M->0.00M
[471.560s] GC(10694)   Old: 15.50M->15.50M
[471.560s] GC(10694)   Free: 1.00M->15.50M
[471.560s] GC(10694) Incremental GC (Collect on allocation) 30.00M->15.50M 0.750ms
[471.585s] GC(10695) Collect on allocation
[471.586s] GC(10695)   Eden: 14.00M->0.00M
[471.586s] GC(10695)   Survivor: 0.00M->0.00M
[471.586s] GC(10695)   Old: 15.50M->15.50M
[471.586s] GC(10695)   Free: 1.50M->15.50M
[471.586s] GC(10695) Incremental GC (Collect on allocation) 29.50M->15.50M 0.703ms
[471.613s] GC(10696) Collect on allocation
[471.614s] GC(10696)   Eden: 13.50M->0.00M
[471.614s] GC(10696)   Survivor: 0.00M->0.00M
[471.614s] GC(10696)   Old: 15.50M->15.50M
[471.614s] GC(10696)   Free: 2.00M->15.50M
[471.615s] GC(10696) Incremental GC (Collect on allocation) 29.00M->15.50M 0.957ms
[471.639s] GC(10697) Collect on allocation
[471.639s] GC(10697)   Eden: 13.00M->0.00M
[471.639s] GC(10697)   Survivor: 0.00M->0.00M
[471.639s] GC(10697)   Old: 15.50M->15.50M
[471.639s] GC(10697)   Free: 2.50M->15.50M
[471.639s] GC(10697) Incremental GC (Collect on allocation) 28.50M->15.50M 0.856ms
[471.663s] GC(10698) Collect on allocation
[471.664s] GC(10698)   Eden: 12.50M->0.00M
[471.664s] GC(10698)   Survivor: 0.00M->0.00M
[471.664s] GC(10698)   Old: 15.50M->15.50M
[471.664s] GC(10698)   Free: 3.00M->15.50M
[471.664s] GC(10698) Incremental GC (Collect on allocation) 28.00M->15.50M 0.794ms
[471.685s] GC(10699) Collect on allocation
[471.686s] GC(10699)   Eden: 12.00M->0.00M
[471.686s] GC(10699)   Survivor: 0.00M->0.00M
[471.686s] GC(10699)   Old: 15.50M->15.50M
[471.686s] GC(10699)   Free: 3.50M->15.50M
[471.686s] GC(10699) Incremental GC (Collect on allocation) 27.50M->15.50M 0.707ms
[471.719s] GC(10700) Collect on allocation
[471.720s] GC(10700)   Eden: 11.50M->0.00M
[471.720s] GC(10700)   Survivor: 0.00M->0.00M
[471.720s] GC(10700)   Old: 15.50M->15.50M
[471.720s] GC(10700)   Free: 4.00M->15.00M
[471.720s] GC(10700) Incremental GC (Collect on allocation) 27.00M->15.50M 0.984ms
[471.740s] GC(10701) Collect on allocation
[471.741s] GC(10701)   Eden: 11.00M->0.00M
[471.741s] GC(10701)   Survivor: 0.00M->0.00M
[471.741s] GC(10701)   Old: 15.50M->15.50M
[471.741s] GC(10701)   Free: 4.00M->14.50M
[471.741s] GC(10701) Incremental GC (Collect on allocation) 26.50M->15.50M 0.688ms
[471.762s] GC(10702) Collect on allocation
[471.763s] GC(10702)   Eden: 10.50M->0.00M
[471.763s] GC(10702)   Survivor: 0.00M->0.00M
[471.763s] GC(10702)   Old: 15.50M->15.50M
[471.763s] GC(10702)   Free: 4.00M->14.00M
[471.763s] GC(10702) Incremental GC (Collect on allocation) 26.00M->15.50M 0.944ms
[471.776s] GC(10703) Collect on allocation
[471.777s] GC(10703)   Eden: 10.00M->0.00M
[471.777s] GC(10703)   Survivor: 0.00M->0.00M
[471.777s] GC(10703)   Old: 15.50M->15.50M
[471.777s] GC(10703)   Free: 4.00M->14.00M
[471.777s] GC(10703) Incremental GC (Collect on allocation) 25.50M->15.50M 0.715ms
[471.796s] GC(10704) Collect on allocation
[471.797s] GC(10704)   Eden: 11.00M->0.00M
[471.797s] GC(10704)   Survivor: 0.00M->0.00M
[471.797s] GC(10704)   Old: 15.50M->15.50M
[471.797s] GC(10704)   Free: 3.00M->14.00M
[471.797s] GC(10704) Incremental GC (Collect on allocation) 26.50M->15.50M 0.667ms
[471.817s] GC(10705) Collect on allocation
[471.818s] GC(10705)   Eden: 12.50M->0.00M
[471.818s] GC(10705)   Survivor: 0.00M->0.00M
[471.818s] GC(10705)   Old: 15.50M->15.50M
[471.818s] GC(10705)   Free: 1.50M->14.00M
[471.818s] GC(10705) Incremental GC (Collect on allocation) 28.00M->15.50M 0.769ms
[471.839s] GC(10706) Collect on allocation
[471.840s] GC(10706)   Eden: 14.00M->0.00M
[471.840s] GC(10706)   Survivor: 0.00M->0.00M
[471.840s] GC(10706)   Old: 15.50M->15.50M
[471.840s] GC(10706)   Free: 0.00M->14.00M
[471.840s] GC(10706) Incremental GC (Collect on allocation) 29.50M->15.50M 1.039ms
[471.864s] GC(10707) Collect on allocation
[471.865s] GC(10707)   Eden: 15.50M->0.00M
[471.865s] GC(10707)   Survivor: 0.00M->0.00M
[471.865s] GC(10707)   Old: 15.50M->15.50M
[471.865s] GC(10707)   Free: 0.00M->15.50M
[471.865s] GC(10707) Incremental GC (Collect on allocation) 31.00M->15.50M 0.699ms
[471.890s] GC(10708) Collect on allocation
[471.891s] GC(10708)   Eden: 17.00M->0.00M
[471.891s] GC(10708)   Survivor: 0.00M->0.00M
[471.891s] GC(10708)   Old: 15.50M->15.50M
[471.891s] GC(10708)   Free: 0.00M->17.00M
[471.891s] GC(10708) Incremental GC (Collect on allocation) 32.50M->15.50M 1.153ms
[471.921s] GC(10709) Collect on allocation
[471.921s] GC(10709)   Eden: 16.50M->0.00M
[471.922s] GC(10709)   Survivor: 0.00M->0.00M
[471.922s] GC(10709)   Old: 15.50M->15.50M
[471.922s] GC(10709)   Free: 0.50M->17.00M
[471.922s] GC(10709) Incremental GC (Collect on allocation) 32.00M->15.50M 0.756ms
[471.961s] GC(10710) Collect on allocation
[471.962s] GC(10710)   Eden: 18.00M->0.00M
[471.962s] GC(10710)   Survivor: 0.00M->0.00M
[471.962s] GC(10710)   Old: 15.50M->15.50M
[471.962s] GC(10710)   Free: 0.00M->18.00M
[471.962s] GC(10710) Incremental GC (Collect on allocation) 33.50M->15.50M 0.896ms
[471.996s] GC(10711) Collect on allocation
[471.996s] GC(10711)   Eden: 17.50M->0.00M
[471.996s] GC(10711)   Survivor: 0.00M->0.00M
[471.997s] GC(10711)   Old: 15.50M->15.50M
[471.997s] GC(10711)   Free: 0.50M->18.00M
[471.997s] GC(10711) Incremental GC (Collect on allocation) 33.00M->15.50M 0.767ms
[472.033s] GC(10712) Collect on allocation
[472.034s] GC(10712)   Eden: 17.00M->0.00M
[472.034s] GC(10712)   Survivor: 0.00M->0.00M
[472.034s] GC(10712)   Old: 15.50M->15.50M
[472.034s] GC(10712)   Free: 1.00M->18.00M
[472.034s] GC(10712) Incremental GC (Collect on allocation) 32.50M->15.50M 0.840ms
[472.067s] GC(10713) Collect on allocation
[472.086s] GC(10713)   Eden: 16.50M->0.00M
[472.086s] GC(10713)   Survivor: 0.00M->0.00M
[472.086s] GC(10713)   Old: 15.50M->15.00M
[472.086s] GC(10713)   Free: 1.50M->18.50M
[472.086s] GC(10713) Full GC (Collect on allocation) 32.00M->15.00M 18.761ms
[472.125s] GC(10714) Collect on allocation
[472.127s] GC(10714)   Eden: 15.50M->0.00M
[472.128s] GC(10714)   Survivor: 0.00M->0.00M
[472.128s] GC(10714)   Old: 15.00M->15.50M
[472.128s] GC(10714)   Free: 3.00M->18.00M
[472.128s] GC(10714) Incremental GC (Collect on allocation) 30.50M->15.50M 2.035ms
[472.152s] GC(10715) Collect on allocation
[472.154s] GC(10715)   Eden: 15.00M->0.00M
[472.154s] GC(10715)   Survivor: 0.00M->0.00M
[472.154s] GC(10715)   Old: 15.50M->15.50M
[472.154s] GC(10715)   Free: 3.00M->18.00M
[472.154s] GC(10715) Incremental GC (Collect on allocation) 30.50M->15.50M 1.384ms
[472.196s] GC(10716) Collect on allocation
[472.197s] GC(10716)   Eden: 16.50M->0.00M
[472.197s] GC(10716)   Survivor: 0.00M->0.00M
[472.197s] GC(10716)   Old: 15.50M->15.50M
[472.197s] GC(10716)   Free: 1.50M->18.00M
[472.197s] GC(10716) Incremental GC (Collect on allocation) 32.00M->15.50M 0.786ms
[472.228s] GC(10717) Collect on allocation
[472.229s] GC(10717)   Eden: 16.00M->0.00M
[472.229s] GC(10717)   Survivor: 0.00M->0.00M
[472.229s] GC(10717)   Old: 15.50M->15.50M
[472.229s] GC(10717)   Free: 2.00M->18.00M
[472.229s] GC(10717) Incremental GC (Collect on allocation) 31.50M->15.50M 0.677ms
[472.253s] GC(10718) Collect on allocation
[472.255s] GC(10718)   Eden: 15.50M->0.00M
[472.255s] GC(10718)   Survivor: 0.00M->0.00M
[472.255s] GC(10718)   Old: 15.50M->15.50M
[472.255s] GC(10718)   Free: 2.50M->18.00M
[472.255s] GC(10718) Incremental GC (Collect on allocation) 31.00M->15.50M 1.402ms
[472.278s] GC(10719) Collect on allocation
[472.279s] GC(10719)   Eden: 17.00M->0.00M
[472.279s] GC(10719)   Survivor: 0.00M->0.00M
[472.279s] GC(10719)   Old: 15.50M->15.50M
[472.279s] GC(10719)   Free: 1.00M->18.00M
[472.279s] GC(10719) Incremental GC (Collect on allocation) 32.50M->15.50M 0.782ms
[472.305s] GC(10720) Collect on allocation
[472.306s] GC(10720)   Eden: 18.50M->0.00M
[472.306s] GC(10720)   Survivor: 0.00M->0.00M
[472.306s] GC(10720)   Old: 15.50M->15.50M
[472.306s] GC(10720)   Free: 0.00M->18.50M
[472.306s] GC(10720) Incremental GC (Collect on allocation) 34.00M->15.50M 0.850ms
[472.336s] GC(10721) Collect on allocation
[472.337s] GC(10721)   Eden: 18.00M->0.00M
[472.337s] GC(10721)   Survivor: 0.00M->0.00M
[472.337s] GC(10721)   Old: 15.50M->15.50M
[472.337s] GC(10721)   Free: 0.50M->18.50M
[472.337s] GC(10721) Incremental GC (Collect on allocation) 33.50M->15.50M 0.690ms
[472.368s] GC(10722) Collect on allocation
[472.369s] GC(10722)   Eden: 17.50M->0.00M
[472.369s] GC(10722)   Survivor: 0.00M->0.00M
[472.369s] GC(10722)   Old: 15.50M->15.50M
[472.369s] GC(10722)   Free: 1.00M->18.50M
[472.369s] GC(10722) Incremental GC (Collect on allocation) 33.00M->15.50M 1.261ms
[472.400s] GC(10723) Collect on allocation
[472.401s] GC(10723)   Eden: 17.00M->0.00M
[472.401s] GC(10723)   Survivor: 0.00M->0.00M
[472.401s] GC(10723)   Old: 15.50M->15.50M
[472.401s] GC(10723)   Free: 1.50M->18.50M
[472.401s] GC(10723) Incremental GC (Collect on allocation) 32.50M->15.50M 0.732ms
[472.444s] GC(10724) Collect on allocation
[472.445s] GC(10724)   Eden: 16.50M->0.00M
[472.445s] GC(10724)   Survivor: 0.00M->0.00M
[472.445s] GC(10724)   Old: 15.50M->15.50M
[472.445s] GC(10724)   Free: 2.00M->18.50M
[472.446s] GC(10724) Incremental GC (Collect on allocation) 32.00M->15.50M 1.303ms
[472.470s] GC(10725) Collect on allocation
[472.470s] GC(10725)   Eden: 16.00M->0.00M
[472.470s] GC(10725)   Survivor: 0.00M->0.00M
[472.470s] GC(10725)   Old: 15.50M->15.50M
[472.470s] GC(10725)   Free: 2.50M->18.50M
[472.471s] GC(10725) Incremental GC (Collect on allocation) 31.50M->15.50M 0.809ms
[472.495s] GC(10726) Collect on allocation
[472.496s] GC(10726)   Eden: 15.50M->0.00M
[472.496s] GC(10726)   Survivor: 0.00M->0.00M
[472.496s] GC(10726)   Old: 15.50M->15.50M
[472.496s] GC(10726)   Free: 3.00M->18.50M
[472.496s] GC(10726) Incremental GC (Collect on allocation) 31.00M->15.50M 0.667ms
[472.519s] GC(10727) Collect on allocation
[472.520s] GC(10727)   Eden: 15.00M->0.00M
[472.520s] GC(10727)   Survivor: 0.00M->0.00M
[472.520s] GC(10727)   Old: 15.50M->15.50M
[472.520s] GC(10727)   Free: 3.50M->18.50M
[472.520s] GC(10727) Incremental GC (Collect on allocation) 30.50M->15.50M 0.924ms
[472.543s] GC(10728) Collect on allocation
[472.544s] GC(10728)   Eden: 14.50M->0.00M
[472.544s] GC(10728)   Survivor: 0.00M->0.00M
[472.544s] GC(10728)   Old: 15.50M->15.50M
[472.544s] GC(10728)   Free: 4.00M->18.00M
[472.544s] GC(10728) Incremental GC (Collect on allocation) 30.00M->15.50M 0.706ms
[472.571s] GC(10729) Collect on allocation
[472.571s] GC(10729)   Eden: 14.00M->0.00M
[472.571s] GC(10729)   Survivor: 0.00M->0.00M
[472.571s] GC(10729)   Old: 15.50M->15.50M
[472.572s] GC(10729)   Free: 4.00M->17.50M
[472.572s] GC(10729) Incremental GC (Collect on allocation) 29.50M->15.50M 0.732ms
[472.592s] GC(10730) Collect on allocation
[472.594s] GC(10730)   Eden: 13.50M->0.00M
[472.594s] GC(10730)   Survivor: 0.00M->0.00M
[472.594s] GC(10730)   Old: 15.50M->15.50M
[472.594s] GC(10730)   Free: 4.00M->17.50M
[472.594s] GC(10730) Incremental GC (Collect on allocation) 29.00M->15.50M 1.762ms
[472.621s] GC(10731) Collect on allocation
[472.622s] GC(10731)   Eden: 15.00M->0.00M
[472.622s] GC(10731)   Survivor: 0.00M->0.00M
[472.622s] GC(10731)   Old: 15.50M->15.50M
[472.622s] GC(10731)   Free: 2.50M->17.50M
[472.622s] GC(10731) Incremental GC (Collect on allocation) 30.50M->15.50M 0.868ms
[472.647s] GC(10732) Collect on allocation
[472.647s] GC(10732)   Eden: 16.50M->0.00M
[472.647s] GC(10732)   Survivor: 0.00M->0.00M
[472.647s] GC(10732)   Old: 15.50M->15.50M
[472.648s] GC(10732)   Free: 1.00M->17.50M
[472.648s] GC(10732) Incremental GC (Collect on allocation) 32.00M->15.50M 0.852ms
[472.696s] GC(10733) Collect on allocation
[472.698s] GC(10733)   Eden: 18.00M->0.00M
[472.698s] GC(10733)   Survivor: 0.00M->0.00M
[472.698s] GC(10733)   Old: 15.50M->15.50M
[472.698s] GC(10733)   Free: 0.00M->18.00M
[472.698s] GC(10733) Incremental GC (Collect on allocation) 33.50M->15.50M 1.747ms
[472.738s] GC(10734) Collect on allocation
[472.739s] GC(10734)   Eden: 19.50M->0.00M
[472.739s] GC(10734)   Survivor: 0.00M->0.00M
[472.739s] GC(10734)   Old: 15.50M->15.50M
[472.739s] GC(10734)   Free: 0.00M->19.50M
[472.739s] GC(10734) Incremental GC (Collect on allocation) 35.00M->15.50M 0.841ms
[472.774s] GC(10735) Collect on allocation
[472.774s] GC(10735)   Eden: 19.00M->0.00M
[472.774s] GC(10735)   Survivor: 0.00M->0.00M
[472.774s] GC(10735)   Old: 15.50M->15.50M
[472.774s] GC(10735)   Free: 0.50M->19.50M
[472.775s] GC(10735) Incremental GC (Collect on allocation) 34.50M->15.50M 0.801ms
[472.803s] GC(10736) Collect on allocation
[472.804s] GC(10736)   Eden: 18.50M->0.00M
[472.804s] GC(10736)   Survivor: 0.00M->0.00M
[472.804s] GC(10736)   Old: 15.50M->15.50M
[472.804s] GC(10736)   Free: 1.00M->19.50M
[472.804s] GC(10736) Incremental GC (Collect on allocation) 34.00M->15.50M 1.288ms
[472.839s] GC(10737) Collect on allocation
[472.840s] GC(10737)   Eden: 20.00M->0.00M
[472.840s] GC(10737)   Survivor: 0.00M->0.00M
[472.840s] GC(10737)   Old: 15.50M->15.50M
[472.840s] GC(10737)   Free: 0.00M->20.00M
[472.840s] GC(10737) Incremental GC (Collect on allocation) 35.50M->15.50M 1.290ms
[472.876s] GC(10738) Collect on allocation
[472.878s] GC(10738)   Eden: 21.50M->0.00M
[472.878s] GC(10738)   Survivor: 0.00M->0.00M
[472.878s] GC(10738)   Old: 15.50M->15.50M
[472.878s] GC(10738)   Free: 0.00M->21.50M
[472.878s] GC(10738) Incremental GC (Collect on allocation) 37.00M->15.50M 1.356ms
[472.920s] GC(10739) Collect on allocation
[472.921s] GC(10739)   Eden: 21.00M->0.00M
[472.921s] GC(10739)   Survivor: 0.00M->0.00M
[472.921s] GC(10739)   Old: 15.50M->15.50M
[472.921s] GC(10739)   Free: 0.50M->21.50M
[472.921s] GC(10739) Incremental GC (Collect on allocation) 36.50M->15.50M 1.109ms
[472.962s] GC(10740) Collect on allocation
[472.963s] GC(10740)   Eden: 20.50M->0.00M
[472.963s] GC(10740)   Survivor: 0.00M->0.00M
[472.963s] GC(10740)   Old: 15.50M->15.50M
[472.963s] GC(10740)   Free: 1.00M->21.50M
[472.963s] GC(10740) Incremental GC (Collect on allocation) 36.00M->15.50M 0.927ms
[473.004s] GC(10741) Collect on allocation
[473.005s] GC(10741)   Eden: 20.00M->0.00M
[473.005s] GC(10741)   Survivor: 0.00M->0.00M
[473.005s] GC(10741)   Old: 15.50M->15.50M
[473.005s] GC(10741)   Free: 1.50M->21.50M
[473.005s] GC(10741) Incremental GC (Collect on allocation) 35.50M->15.50M 1.233ms
[473.041s] GC(10742) Collect on allocation
[473.057s] GC(10742)   Eden: 19.50M->0.00M
[473.057s] GC(10742)   Survivor: 0.00M->0.00M
[473.057s] GC(10742)   Old: 15.50M->15.00M
[473.057s] GC(10742)   Free: 2.00M->22.00M
[473.057s] GC(10742) Full GC (Collect on allocation) 35.00M->15.00M 16.023ms
[473.090s] GC(10743) Collect on allocation
[473.091s] GC(10743)   Eden: 18.50M->0.00M
[473.091s] GC(10743)   Survivor: 0.00M->0.00M
[473.091s] GC(10743)   Old: 15.00M->15.00M
[473.091s] GC(10743)   Free: 3.50M->22.00M
[473.091s] GC(10743) Incremental GC (Collect on allocation) 33.50M->15.00M 0.958ms
[473.127s] GC(10744) Collect on allocation
[473.128s] GC(10744)   Eden: 18.00M->0.00M
[473.128s] GC(10744)   Survivor: 0.00M->0.00M
[473.128s] GC(10744)   Old: 15.00M->15.50M
[473.128s] GC(10744)   Free: 4.00M->21.50M
[473.128s] GC(10744) Incremental GC (Collect on allocation) 33.00M->15.50M 0.768ms
[473.183s] GC(10745) Collect on allocation
[473.183s] GC(10745)   Eden: 17.50M->0.00M
[473.183s] GC(10745)   Survivor: 0.00M->0.00M
[473.183s] GC(10745)   Old: 15.50M->15.50M
[473.183s] GC(10745)   Free: 4.00M->21.00M
[473.183s] GC(10745) Incremental GC (Collect on allocation) 33.00M->15.50M 0.653ms
[473.217s] GC(10746) Collect on allocation
[473.218s] GC(10746)   Eden: 17.00M->0.00M
[473.218s] GC(10746)   Survivor: 0.00M->0.00M
[473.218s] GC(10746)   Old: 15.50M->15.50M
[473.218s] GC(10746)   Free: 4.00M->20.50M
[473.218s] GC(10746) Incremental GC (Collect on allocation) 32.50M->15.50M 0.549ms
[473.247s] GC(10747) Collect on allocation
[473.247s] GC(10747)   Eden: 16.50M->0.00M
[473.247s] GC(10747)   Survivor: 0.00M->0.00M
[473.247s] GC(10747)   Old: 15.50M->15.50M
[473.247s] GC(10747)   Free: 4.00M->20.00M
[473.248s] GC(10747) Incremental GC (Collect on allocation) 32.00M->15.50M 0.670ms
[473.275s] GC(10748) Collect on allocation
[473.277s] GC(10748)   Eden: 16.00M->0.00M
[473.277s] GC(10748)   Survivor: 0.00M->0.00M
[473.277s] GC(10748)   Old: 15.50M->15.50M
[473.277s] GC(10748)   Free: 4.00M->19.50M
[473.277s] GC(10748) Incremental GC (Collect on allocation) 31.50M->15.50M 1.419ms
[473.311s] GC(10749) Collect on allocation
[473.312s] GC(10749)   Eden: 15.50M->0.00M
[473.312s] GC(10749)   Survivor: 0.00M->0.00M
[473.312s] GC(10749)   Old: 15.50M->15.50M
[473.312s] GC(10749)   Free: 4.00M->19.00M
[473.312s] GC(10749) Incremental GC (Collect on allocation) 31.00M->15.50M 0.936ms
[473.348s] GC(10750) Collect on allocation
[473.349s] GC(10750)   Eden: 15.00M->0.00M
[473.349s] GC(10750)   Survivor: 0.00M->0.00M
[473.349s] GC(10750)   Old: 15.50M->15.50M
[473.349s] GC(10750)   Free: 4.00M->18.50M
[473.349s] GC(10750) Incremental GC (Collect on allocation) 30.50M->15.50M 0.603ms
[473.384s] GC(10751) Collect on allocation
[473.385s] GC(10751)   Eden: 14.50M->0.00M
[473.385s] GC(10751)   Survivor: 0.00M->0.00M
[473.385s] GC(10751)   Old: 15.50M->15.50M
[473.385s] GC(10751)   Free: 4.00M->18.00M
[473.385s] GC(10751) Incremental GC (Collect on allocation) 30.00M->15.50M 1.220ms
[473.422s] GC(10752) Collect on allocation
[473.423s] GC(10752)   Eden: 14.00M->0.00M
[473.424s] GC(10752)   Survivor: 0.00M->0.00M
[473.424s] GC(10752)   Old: 15.50M->15.50M
[473.424s] GC(10752)   Free: 4.00M->17.50M
[473.424s] GC(10752) Incremental GC (Collect on allocation) 29.50M->15.50M 1.080ms
[473.446s] GC(10753) Collect on allocation
[473.447s] GC(10753)   Eden: 13.50M->0.00M
[473.447s] GC(10753)   Survivor: 0.00M->0.00M
[473.447s] GC(10753)   Old: 15.50M->15.50M
[473.447s] GC(10753)   Free: 4.00M->17.00M
[473.447s] GC(10753) Incremental GC (Collect on allocation) 29.00M->15.50M 0.627ms
[473.464s] GC(10754) Collect on allocation
[473.465s] GC(10754)   Eden: 13.00M->0.00M
[473.465s] GC(10754)   Survivor: 0.00M->0.00M
[473.465s] GC(10754)   Old: 15.50M->15.50M
[473.465s] GC(10754)   Free: 4.00M->16.50M
[473.465s] GC(10754) Incremental GC (Collect on allocation) 28.50M->15.50M 0.768ms
[473.483s] GC(10755) Collect on allocation
[473.484s] GC(10755)   Eden: 12.50M->0.00M
[473.484s] GC(10755)   Survivor: 0.00M->0.00M
[473.484s] GC(10755)   Old: 15.50M->15.50M
[473.484s] GC(10755)   Free: 4.00M->16.00M
[473.484s] GC(10755) Incremental GC (Collect on allocation) 28.00M->15.50M 0.690ms
[473.502s] GC(10756) Collect on allocation
[473.503s] GC(10756)   Eden: 12.00M->0.00M
[473.503s] GC(10756)   Survivor: 0.00M->0.00M
[473.503s] GC(10756)   Old: 15.50M->15.50M
[473.503s] GC(10756)   Free: 4.00M->16.00M
[473.503s] GC(10756) Incremental GC (Collect on allocation) 27.50M->15.50M 0.899ms
[473.521s] GC(10757) Collect on allocation
[473.522s] GC(10757)   Eden: 13.50M->0.00M
[473.522s] GC(10757)   Survivor: 0.00M->0.00M
[473.522s] GC(10757)   Old: 15.50M->15.50M
[473.522s] GC(10757)   Free: 2.50M->16.00M
[473.522s] GC(10757) Incremental GC (Collect on allocation) 29.00M->15.50M 0.760ms
[473.546s] GC(10758) Collect on allocation
[473.547s] GC(10758)   Eden: 15.00M->0.00M
[473.547s] GC(10758)   Survivor: 0.00M->0.00M
[473.547s] GC(10758)   Old: 15.50M->15.50M
[473.547s] GC(10758)   Free: 1.00M->16.00M
[473.547s] GC(10758) Incremental GC (Collect on allocation) 30.50M->15.50M 0.745ms
[473.575s] GC(10759) Collect on allocation
[473.576s] GC(10759)   Eden: 16.50M->0.00M
[473.576s] GC(10759)   Survivor: 0.00M->0.00M
[473.576s] GC(10759)   Old: 15.50M->15.50M
[473.576s] GC(10759)   Free: 0.00M->16.50M
[473.576s] GC(10759) Incremental GC (Collect on allocation) 32.00M->15.50M 1.078ms
[473.609s] GC(10760) Collect on allocation
[473.611s] GC(10760)   Eden: 18.00M->0.00M
[473.611s] GC(10760)   Survivor: 0.00M->0.00M
[473.611s] GC(10760)   Old: 15.50M->15.50M
[473.611s] GC(10760)   Free: 0.00M->18.00M
[473.611s] GC(10760) Incremental GC (Collect on allocation) 33.50M->15.50M 1.250ms
[473.659s] GC(10761) Collect on allocation
[473.660s] GC(10761)   Eden: 19.50M->0.00M
[473.660s] GC(10761)   Survivor: 0.00M->0.00M
[473.660s] GC(10761)   Old: 15.50M->15.50M
[473.660s] GC(10761)   Free: 0.00M->19.50M
[473.660s] GC(10761) Incremental GC (Collect on allocation) 35.00M->15.50M 1.240ms
[473.693s] GC(10762) Collect on allocation
[473.694s] GC(10762)   Eden: 19.00M->0.00M
[473.694s] GC(10762)   Survivor: 0.00M->0.00M
[473.694s] GC(10762)   Old: 15.50M->15.50M
[473.694s] GC(10762)   Free: 0.50M->19.50M
[473.694s] GC(10762) Incremental GC (Collect on allocation) 34.50M->15.50M 0.786ms
[473.723s] GC(10763) Collect on allocation
[473.725s] GC(10763)   Eden: 18.50M->0.00M
[473.725s] GC(10763)   Survivor: 0.00M->0.00M
[473.725s] GC(10763)   Old: 15.50M->15.50M
[473.725s] GC(10763)   Free: 1.00M->19.50M
[473.725s] GC(10763) Incremental GC (Collect on allocation) 34.00M->15.50M 1.512ms
[473.753s] GC(10764) Collect on allocation
[473.754s] GC(10764)   Eden: 18.00M->0.00M
[473.754s] GC(10764)   Survivor: 0.00M->0.00M
[473.754s] GC(10764)   Old: 15.50M->15.50M
[473.754s] GC(10764)   Free: 1.50M->19.50M
[473.754s] GC(10764) Incremental GC (Collect on allocation) 33.50M->15.50M 0.895ms
[473.784s] GC(10765) Collect on allocation
[473.784s] GC(10765)   Eden: 17.50M->0.00M
[473.785s] GC(10765)   Survivor: 0.00M->0.00M
[473.785s] GC(10765)   Old: 15.50M->15.50M
[473.785s] GC(10765)   Free: 2.00M->19.50M
[473.785s] GC(10765) Incremental GC (Collect on allocation) 33.00M->15.50M 0.780ms
[473.809s] GC(10766) Collect on allocation
[473.810s] GC(10766)   Eden: 17.00M->0.00M
[473.810s] GC(10766)   Survivor: 0.00M->0.00M
[473.810s] GC(10766)   Old: 15.50M->15.50M
[473.810s] GC(10766)   Free: 2.50M->19.50M
[473.810s] GC(10766) Incremental GC (Collect on allocation) 32.50M->15.50M 0.901ms
[473.837s] GC(10767) Collect on allocation
[473.838s] GC(10767)   Eden: 16.50M->0.00M
[473.838s] GC(10767)   Survivor: 0.00M->0.00M
[473.838s] GC(10767)   Old: 15.50M->15.50M
[473.838s] GC(10767)   Free: 3.00M->19.50M
[473.838s] GC(10767) Incremental GC (Collect on allocation) 32.00M->15.50M 0.883ms
[473.860s] GC(10768) Collect on allocation
[473.861s] GC(10768)   Eden: 16.00M->0.00M
[473.861s] GC(10768)   Survivor: 0.00M->0.00M
[473.861s] GC(10768)   Old: 15.50M->15.50M
[473.861s] GC(10768)   Free: 3.50M->19.50M
[473.861s] GC(10768) Incremental GC (Collect on allocation) 31.50M->15.50M 0.792ms
[473.923s] GC(10769) Collect on allocation
[473.951s] GC(10769)   Eden: 15.50M->0.00M
[473.951s] GC(10769)   Survivor: 0.00M->0.00M
[473.951s] GC(10769)   Old: 15.50M->15.50M
[473.951s] GC(10769)   Free: 4.00M->19.50M
[473.951s] GC(10769) Full GC (Collect on allocation) 31.00M->15.50M 28.413ms
[474.005s] GC(10770) Collect on allocation
[474.006s] GC(10770)   Eden: 18.50M->0.00M
[474.006s] GC(10770)   Survivor: 0.00M->0.00M
[474.006s] GC(10770)   Old: 15.50M->15.50M
[474.006s] GC(10770)   Free: 1.00M->19.50M
[474.006s] GC(10770) Incremental GC (Collect on allocation) 34.00M->15.50M 1.094ms
[474.051s] GC(10771) Collect on allocation
[474.051s] GC(10771)   Eden: 20.00M->0.00M
[474.051s] GC(10771)   Survivor: 0.00M->0.00M
[474.051s] GC(10771)   Old: 15.50M->15.50M
[474.051s] GC(10771)   Free: 0.00M->20.00M
[474.051s] GC(10771) Incremental GC (Collect on allocation) 35.50M->15.50M 0.574ms
[474.085s] GC(10772) Collect on allocation
[474.086s] GC(10772)   Eden: 19.50M->0.00M
[474.086s] GC(10772)   Survivor: 0.00M->0.00M
[474.086s] GC(10772)   Old: 15.50M->15.50M
[474.086s] GC(10772)   Free: 0.50M->20.00M
[474.086s] GC(10772) Incremental GC (Collect on allocation) 35.00M->15.50M 0.755ms
[474.118s] GC(10773) Collect on allocation
[474.119s] GC(10773)   Eden: 19.00M->0.00M
[474.119s] GC(10773)   Survivor: 0.00M->0.00M
[474.119s] GC(10773)   Old: 15.50M->15.50M
[474.119s] GC(10773)   Free: 1.00M->20.00M
[474.119s] GC(10773) Incremental GC (Collect on allocation) 34.50M->15.50M 0.614ms
[474.152s] GC(10774) Collect on allocation
[474.153s] GC(10774)   Eden: 18.50M->0.00M
[474.153s] GC(10774)   Survivor: 0.00M->0.00M
[474.153s] GC(10774)   Old: 15.50M->15.50M
[474.153s] GC(10774)   Free: 1.50M->20.00M
[474.153s] GC(10774) Incremental GC (Collect on allocation) 34.00M->15.50M 0.602ms
[474.217s] GC(10775) Collect on allocation
[474.218s] GC(10775)   Eden: 18.00M->0.00M
[474.218s] GC(10775)   Survivor: 0.00M->0.00M
[474.218s] GC(10775)   Old: 15.50M->15.50M
[474.218s] GC(10775)   Free: 2.00M->20.00M
[474.218s] GC(10775) Incremental GC (Collect on allocation) 33.50M->15.50M 1.268ms
[474.254s] GC(10776) Collect on allocation
[474.255s] GC(10776)   Eden: 17.50M->0.00M
[474.255s] GC(10776)   Survivor: 0.00M->0.00M
[474.255s] GC(10776)   Old: 15.50M->15.50M
[474.255s] GC(10776)   Free: 2.50M->20.00M
[474.255s] GC(10776) Incremental GC (Collect on allocation) 33.00M->15.50M 0.719ms
[474.281s] GC(10777) Collect on allocation
[474.282s] GC(10777)   Eden: 17.00M->0.00M
[474.282s] GC(10777)   Survivor: 0.00M->0.00M
[474.282s] GC(10777)   Old: 15.50M->15.50M
[474.282s] GC(10777)   Free: 3.00M->20.00M
[474.282s] GC(10777) Incremental GC (Collect on allocation) 32.50M->15.50M 0.699ms
[474.310s] GC(10778) Collect on allocation
[474.310s] GC(10778)   Eden: 16.50M->0.00M
[474.310s] GC(10778)   Survivor: 0.00M->0.00M
[474.310s] GC(10778)   Old: 15.50M->15.50M
[474.310s] GC(10778)   Free: 3.50M->20.00M
[474.310s] GC(10778) Incremental GC (Collect on allocation) 32.00M->15.50M 0.697ms
[474.335s] GC(10779) Collect on allocation
[474.336s] GC(10779)   Eden: 16.00M->0.00M
[474.336s] GC(10779)   Survivor: 0.00M->0.00M
[474.336s] GC(10779)   Old: 15.50M->15.50M
[474.336s] GC(10779)   Free: 4.00M->19.50M
[474.336s] GC(10779) Incremental GC (Collect on allocation) 31.50M->15.50M 0.671ms
[474.372s] GC(10780) Collect on allocation
[474.373s] GC(10780)   Eden: 15.50M->0.00M
[474.373s] GC(10780)   Survivor: 0.00M->0.00M
[474.373s] GC(10780)   Old: 15.50M->15.50M
[474.373s] GC(10780)   Free: 4.00M->19.00M
[474.373s] GC(10780) Incremental GC (Collect on allocation) 31.00M->15.50M 0.689ms
[474.397s] GC(10781) Collect on allocation
[474.398s] GC(10781)   Eden: 15.00M->0.00M
[474.398s] GC(10781)   Survivor: 0.00M->0.00M
[474.398s] GC(10781)   Old: 15.50M->15.50M
[474.398s] GC(10781)   Free: 4.00M->18.50M
[474.398s] GC(10781) Incremental GC (Collect on allocation) 30.50M->15.50M 0.680ms
[474.428s] GC(10782) Collect on allocation
[474.429s] GC(10782)   Eden: 14.50M->0.00M
[474.429s] GC(10782)   Survivor: 0.00M->0.00M
[474.429s] GC(10782)   Old: 15.50M->15.50M
[474.429s] GC(10782)   Free: 4.00M->18.00M
[474.429s] GC(10782) Incremental GC (Collect on allocation) 30.00M->15.50M 0.654ms
[474.454s] GC(10783) Collect on allocation
[474.455s] GC(10783)   Eden: 14.00M->0.00M
[474.455s] GC(10783)   Survivor: 0.00M->0.00M
[474.455s] GC(10783)   Old: 15.50M->15.50M
[474.455s] GC(10783)   Free: 4.00M->17.50M
[474.455s] GC(10783) Incremental GC (Collect on allocation) 29.50M->15.50M 0.850ms
[474.479s] GC(10784) Collect on allocation
[474.479s] GC(10784)   Eden: 13.50M->0.00M
[474.479s] GC(10784)   Survivor: 0.00M->0.00M
[474.479s] GC(10784)   Old: 15.50M->15.50M
[474.479s] GC(10784)   Free: 4.00M->17.00M
[474.479s] GC(10784) Incremental GC (Collect on allocation) 29.00M->15.50M 0.661ms
[474.501s] GC(10785) Collect on allocation
[474.502s] GC(10785)   Eden: 13.00M->0.00M
[474.502s] GC(10785)   Survivor: 0.00M->0.00M
[474.502s] GC(10785)   Old: 15.50M->15.50M
[474.502s] GC(10785)   Free: 4.00M->16.50M
[474.502s] GC(10785) Incremental GC (Collect on allocation) 28.50M->15.50M 0.714ms
[474.523s] GC(10786) Collect on allocation
[474.524s] GC(10786)   Eden: 12.50M->0.00M
[474.524s] GC(10786)   Survivor: 0.00M->0.00M
[474.524s] GC(10786)   Old: 15.50M->15.50M
[474.524s] GC(10786)   Free: 4.00M->16.00M
[474.524s] GC(10786) Incremental GC (Collect on allocation) 28.00M->15.50M 0.669ms
[474.545s] GC(10787) Collect on allocation
[474.546s] GC(10787)   Eden: 12.00M->0.00M
[474.546s] GC(10787)   Survivor: 0.00M->0.00M
[474.546s] GC(10787)   Old: 15.50M->15.50M
[474.546s] GC(10787)   Free: 4.00M->15.50M
[474.546s] GC(10787) Incremental GC (Collect on allocation) 27.50M->15.50M 0.778ms
[474.567s] GC(10788) Collect on allocation
[474.568s] GC(10788)   Eden: 11.50M->0.00M
[474.568s] GC(10788)   Survivor: 0.00M->0.00M
[474.568s] GC(10788)   Old: 15.50M->15.50M
[474.568s] GC(10788)   Free: 4.00M->15.50M
[474.568s] GC(10788) Incremental GC (Collect on allocation) 27.00M->15.50M 0.742ms
[474.590s] GC(10789) Collect on allocation
[474.591s] GC(10789)   Eden: 12.50M->0.00M
[474.591s] GC(10789)   Survivor: 0.00M->0.00M
[474.591s] GC(10789)   Old: 15.50M->15.50M
[474.591s] GC(10789)   Free: 3.00M->15.50M
[474.591s] GC(10789) Incremental GC (Collect on allocation) 28.00M->15.50M 0.850ms
[474.616s] GC(10790) Collect on allocation
[474.617s] GC(10790)   Eden: 13.50M->0.00M
[474.617s] GC(10790)   Survivor: 0.00M->0.00M
[474.617s] GC(10790)   Old: 15.50M->15.50M
[474.617s] GC(10790)   Free: 2.00M->15.50M
[474.617s] GC(10790) Incremental GC (Collect on allocation) 29.00M->15.50M 0.881ms
[474.642s] GC(10791) Collect on allocation
[474.643s] GC(10791)   Eden: 14.50M->0.00M
[474.643s] GC(10791)   Survivor: 0.00M->0.00M
[474.643s] GC(10791)   Old: 15.50M->15.50M
[474.643s] GC(10791)   Free: 1.00M->15.50M
[474.643s] GC(10791) Incremental GC (Collect on allocation) 30.00M->15.50M 0.789ms
[474.677s] GC(10792) Collect on allocation
[474.678s] GC(10792)   Eden: 15.50M->0.00M
[474.678s] GC(10792)   Survivor: 0.00M->0.00M
[474.678s] GC(10792)   Old: 15.50M->15.50M
[474.678s] GC(10792)   Free: 0.00M->15.50M
[474.678s] GC(10792) Incremental GC (Collect on allocation) 31.00M->15.50M 0.825ms
[474.707s] GC(10793) Collect on allocation
[474.708s] GC(10793)   Eden: 15.00M->0.00M
[474.708s] GC(10793)   Survivor: 0.00M->0.00M
[474.708s] GC(10793)   Old: 15.50M->15.50M
[474.708s] GC(10793)   Free: 0.50M->15.50M
[474.708s] GC(10793) Incremental GC (Collect on allocation) 30.50M->15.50M 0.953ms
[474.743s] GC(10794) Collect on allocation
[474.744s] GC(10794)   Eden: 14.50M->0.00M
[474.744s] GC(10794)   Survivor: 0.00M->0.00M
[474.744s] GC(10794)   Old: 15.50M->15.50M
[474.744s] GC(10794)   Free: 1.00M->15.50M
[474.744s] GC(10794) Incremental GC (Collect on allocation) 30.00M->15.50M 0.836ms
[474.776s] GC(10795) Collect on allocation
[474.777s] GC(10795)   Eden: 14.00M->0.00M
[474.777s] GC(10795)   Survivor: 0.00M->0.00M
[474.777s] GC(10795)   Old: 15.50M->15.50M
[474.777s] GC(10795)   Free: 1.50M->15.50M
[474.777s] GC(10795) Incremental GC (Collect on allocation) 29.50M->15.50M 0.747ms
[474.817s] GC(10796) Collect on allocation
[474.818s] GC(10796)   Eden: 13.50M->0.00M
[474.818s] GC(10796)   Survivor: 0.00M->0.00M
[474.818s] GC(10796)   Old: 15.50M->15.50M
[474.818s] GC(10796)   Free: 2.00M->15.50M
[474.818s] GC(10796) Incremental GC (Collect on allocation) 29.00M->15.50M 0.761ms
[474.843s] GC(10797) Collect on allocation
[474.844s] GC(10797)   Eden: 13.00M->0.00M
[474.844s] GC(10797)   Survivor: 0.00M->0.00M
[474.844s] GC(10797)   Old: 15.50M->15.50M
[474.844s] GC(10797)   Free: 2.50M->15.50M
[474.844s] GC(10797) Incremental GC (Collect on allocation) 28.50M->15.50M 0.989ms
[474.866s] GC(10798) Collect on allocation
[474.867s] GC(10798)   Eden: 12.50M->0.00M
[474.867s] GC(10798)   Survivor: 0.00M->0.00M
[474.867s] GC(10798)   Old: 15.50M->15.50M
[474.867s] GC(10798)   Free: 3.00M->15.50M
[474.867s] GC(10798) Incremental GC (Collect on allocation) 28.00M->15.50M 0.799ms
[474.902s] GC(10799) Collect on allocation
[474.903s] GC(10799)   Eden: 12.00M->0.00M
[474.903s] GC(10799)   Survivor: 0.00M->0.00M
[474.903s] GC(10799)   Old: 15.50M->15.50M
[474.903s] GC(10799)   Free: 3.50M->15.50M
[474.903s] GC(10799) Incremental GC (Collect on allocation) 27.50M->15.50M 1.275ms
[474.936s] GC(10800) Collect on allocation
[474.937s] GC(10800)   Eden: 13.00M->0.00M
[474.937s] GC(10800)   Survivor: 0.00M->0.00M
[474.937s] GC(10800)   Old: 15.50M->15.50M
[474.937s] GC(10800)   Free: 2.50M->15.50M
[474.937s] GC(10800) Incremental GC (Collect on allocation) 28.50M->15.50M 0.771ms
[474.959s] GC(10801) Collect on allocation
[474.960s] GC(10801)   Eden: 12.50M->0.00M
[474.960s] GC(10801)   Survivor: 0.00M->0.00M
[474.960s] GC(10801)   Old: 15.50M->15.50M
[474.960s] GC(10801)   Free: 3.00M->15.50M
[474.960s] GC(10801) Incremental GC (Collect on allocation) 28.00M->15.50M 0.918ms
[474.984s] GC(10802) Collect on allocation
[474.985s] GC(10802)   Eden: 13.50M->0.00M
[474.985s] GC(10802)   Survivor: 0.00M->0.00M
[474.985s] GC(10802)   Old: 15.50M->15.50M
[474.985s] GC(10802)   Free: 2.00M->15.50M
[474.985s] GC(10802) Incremental GC (Collect on allocation) 29.00M->15.50M 0.928ms
[475.010s] GC(10803) Collect on allocation
[475.011s] GC(10803)   Eden: 14.50M->0.00M
[475.011s] GC(10803)   Survivor: 0.00M->0.00M
[475.011s] GC(10803)   Old: 15.50M->15.50M
[475.011s] GC(10803)   Free: 1.00M->15.50M
[475.011s] GC(10803) Incremental GC (Collect on allocation) 30.00M->15.50M 1.037ms
[475.037s] GC(10804) Collect on allocation
[475.038s] GC(10804)   Eden: 15.50M->0.00M
[475.038s] GC(10804)   Survivor: 0.00M->0.00M
[475.038s] GC(10804)   Old: 15.50M->15.50M
[475.038s] GC(10804)   Free: 0.00M->15.50M
[475.038s] GC(10804) Incremental GC (Collect on allocation) 31.00M->15.50M 0.840ms
[475.066s] GC(10805) Collect on allocation
[475.067s] GC(10805)   Eden: 17.00M->0.00M
[475.067s] GC(10805)   Survivor: 0.00M->0.00M
[475.067s] GC(10805)   Old: 15.50M->15.50M
[475.067s] GC(10805)   Free: 0.00M->17.00M
[475.067s] GC(10805) Incremental GC (Collect on allocation) 32.50M->15.50M 0.814ms
[475.096s] GC(10806) Collect on allocation
[475.097s] GC(10806)   Eden: 18.50M->0.00M
[475.097s] GC(10806)   Survivor: 0.00M->0.00M
[475.097s] GC(10806)   Old: 15.50M->15.50M
[475.097s] GC(10806)   Free: 0.00M->18.50M
[475.097s] GC(10806) Incremental GC (Collect on allocation) 34.00M->15.50M 1.035ms
[475.135s] GC(10807) Collect on allocation
[475.136s] GC(10807)   Eden: 18.00M->0.00M
[475.136s] GC(10807)   Survivor: 0.00M->0.00M
[475.136s] GC(10807)   Old: 15.50M->15.50M
[475.136s] GC(10807)   Free: 0.50M->18.50M
[475.136s] GC(10807) Incremental GC (Collect on allocation) 33.50M->15.50M 0.855ms
[475.172s] GC(10808) Collect on allocation
[475.173s] GC(10808)   Eden: 17.50M->0.00M
[475.173s] GC(10808)   Survivor: 0.00M->0.00M
[475.173s] GC(10808)   Old: 15.50M->15.50M
[475.173s] GC(10808)   Free: 1.00M->18.50M
[475.173s] GC(10808) Incremental GC (Collect on allocation) 33.00M->15.50M 0.845ms
[475.202s] GC(10809) Collect on allocation
[475.203s] GC(10809)   Eden: 17.00M->0.00M
[475.203s] GC(10809)   Survivor: 0.00M->0.00M
[475.203s] GC(10809)   Old: 15.50M->15.50M
[475.203s] GC(10809)   Free: 1.50M->18.50M
[475.203s] GC(10809) Incremental GC (Collect on allocation) 32.50M->15.50M 0.909ms
[475.228s] GC(10810) Collect on allocation
[475.229s] GC(10810)   Eden: 16.50M->0.00M
[475.229s] GC(10810)   Survivor: 0.00M->0.00M
[475.229s] GC(10810)   Old: 15.50M->15.50M
[475.229s] GC(10810)   Free: 2.00M->18.50M
[475.229s] GC(10810) Incremental GC (Collect on allocation) 32.00M->15.50M 0.851ms
[475.254s] GC(10811) Collect on allocation
[475.255s] GC(10811)   Eden: 16.00M->0.00M
[475.255s] GC(10811)   Survivor: 0.00M->0.00M
[475.255s] GC(10811)   Old: 15.50M->15.50M
[475.255s] GC(10811)   Free: 2.50M->18.50M
[475.255s] GC(10811) Incremental GC (Collect on allocation) 31.50M->15.50M 0.883ms
[475.277s] GC(10812) Collect on allocation
[475.278s] GC(10812)   Eden: 15.50M->0.00M
[475.278s] GC(10812)   Survivor: 0.00M->0.00M
[475.278s] GC(10812)   Old: 15.50M->15.50M
[475.278s] GC(10812)   Free: 3.00M->18.50M
[475.278s] GC(10812) Incremental GC (Collect on allocation) 31.00M->15.50M 0.915ms
[475.307s] GC(10813) Collect on allocation
[475.323s] GC(10813)   Eden: 15.00M->0.00M
[475.323s] GC(10813)   Survivor: 0.00M->0.00M
[475.323s] GC(10813)   Old: 15.50M->15.50M
[475.323s] GC(10813)   Free: 3.50M->18.00M
[475.323s] GC(10813) Full GC (Collect on allocation) 30.50M->15.50M 15.615ms
[475.347s] GC(10814) Collect on allocation
[475.348s] GC(10814)   Eden: 14.00M->0.00M
[475.348s] GC(10814)   Survivor: 0.00M->0.00M
[475.348s] GC(10814)   Old: 15.50M->15.50M
[475.348s] GC(10814)   Free: 4.00M->17.50M
[475.348s] GC(10814) Incremental GC (Collect on allocation) 29.50M->15.50M 0.944ms
[475.392s] GC(10815) Collect on allocation
[475.393s] GC(10815)   Eden: 13.50M->0.00M
[475.393s] GC(10815)   Survivor: 0.00M->0.00M
[475.393s] GC(10815)   Old: 15.50M->15.50M
[475.393s] GC(10815)   Free: 4.00M->17.00M
[475.393s] GC(10815) Incremental GC (Collect on allocation) 29.00M->15.50M 0.925ms
[475.416s] GC(10816) Collect on allocation
[475.417s] GC(10816)   Eden: 13.00M->0.00M
[475.417s] GC(10816)   Survivor: 0.00M->0.00M
[475.417s] GC(10816)   Old: 15.50M->15.50M
[475.417s] GC(10816)   Free: 4.00M->16.50M
[475.417s] GC(10816) Incremental GC (Collect on allocation) 28.50M->15.50M 0.582ms
[475.439s] GC(10817) Collect on allocation
[475.440s] GC(10817)   Eden: 12.50M->0.00M
[475.440s] GC(10817)   Survivor: 0.00M->0.00M
[475.440s] GC(10817)   Old: 15.50M->15.50M
[475.440s] GC(10817)   Free: 4.00M->16.00M
[475.440s] GC(10817) Incremental GC (Collect on allocation) 28.00M->15.50M 0.817ms
[475.458s] GC(10818) Collect on allocation
[475.458s] GC(10818)   Eden: 12.00M->0.00M
[475.458s] GC(10818)   Survivor: 0.00M->0.00M
[475.458s] GC(10818)   Old: 15.50M->15.50M
[475.458s] GC(10818)   Free: 4.00M->15.50M
[475.459s] GC(10818) Incremental GC (Collect on allocation) 27.50M->15.50M 0.647ms
[475.472s] GC(10819) Collect on allocation
[475.472s] GC(10819)   Eden: 11.50M->0.00M
[475.472s] GC(10819)   Survivor: 0.00M->0.00M
[475.472s] GC(10819)   Old: 15.50M->15.50M
[475.472s] GC(10819)   Free: 4.00M->15.50M
[475.472s] GC(10819) Incremental GC (Collect on allocation) 27.00M->15.50M 0.601ms
[475.490s] GC(10820) Collect on allocation
[475.491s] GC(10820)   Eden: 13.00M->0.00M
[475.491s] GC(10820)   Survivor: 0.00M->0.00M
[475.491s] GC(10820)   Old: 15.50M->15.50M
[475.491s] GC(10820)   Free: 2.50M->15.50M
[475.491s] GC(10820) Incremental GC (Collect on allocation) 28.50M->15.50M 0.654ms
[475.509s] GC(10821) Collect on allocation
[475.510s] GC(10821)   Eden: 14.50M->0.00M
[475.510s] GC(10821)   Survivor: 0.00M->0.00M
[475.510s] GC(10821)   Old: 15.50M->15.50M
[475.510s] GC(10821)   Free: 1.00M->15.50M
[475.510s] GC(10821) Incremental GC (Collect on allocation) 30.00M->15.50M 0.670ms
[475.532s] GC(10822) Collect on allocation
[475.532s] GC(10822)   Eden: 14.00M->0.00M
[475.532s] GC(10822)   Survivor: 0.00M->0.00M
[475.532s] GC(10822)   Old: 15.50M->15.50M
[475.532s] GC(10822)   Free: 1.50M->15.50M
[475.532s] GC(10822) Incremental GC (Collect on allocation) 29.50M->15.50M 0.621ms
[475.554s] GC(10823) Collect on allocation
[475.555s] GC(10823)   Eden: 15.00M->0.00M
[475.555s] GC(10823)   Survivor: 0.00M->0.00M
[475.555s] GC(10823)   Old: 15.50M->15.50M
[475.555s] GC(10823)   Free: 0.50M->15.50M
[475.555s] GC(10823) Incremental GC (Collect on allocation) 30.50M->15.50M 1.023ms
[475.583s] GC(10824) Collect on allocation
[475.584s] GC(10824)   Eden: 14.50M->0.00M
[475.584s] GC(10824)   Survivor: 0.00M->0.00M
[475.584s] GC(10824)   Old: 15.50M->15.50M
[475.584s] GC(10824)   Free: 1.00M->15.50M
[475.584s] GC(10824) Incremental GC (Collect on allocation) 30.00M->15.50M 0.807ms
[475.620s] GC(10825) Collect on allocation
[475.621s] GC(10825)   Eden: 14.00M->0.00M
[475.621s] GC(10825)   Survivor: 0.00M->0.00M
[475.621s] GC(10825)   Old: 15.50M->15.50M
[475.621s] GC(10825)   Free: 1.50M->15.50M
[475.621s] GC(10825) Incremental GC (Collect on allocation) 29.50M->15.50M 1.157ms
[475.667s] GC(10826) Collect on allocation
[475.669s] GC(10826)   Eden: 13.50M->0.00M
[475.669s] GC(10826)   Survivor: 0.00M->0.00M
[475.669s] GC(10826)   Old: 15.50M->15.50M
[475.669s] GC(10826)   Free: 2.00M->15.50M
[475.669s] GC(10826) Incremental GC (Collect on allocation) 29.00M->15.50M 1.318ms
[475.708s] GC(10827) Collect on allocation
[475.710s] GC(10827)   Eden: 13.00M->0.00M
[475.710s] GC(10827)   Survivor: 0.00M->0.00M
[475.710s] GC(10827)   Old: 15.50M->15.50M
[475.710s] GC(10827)   Free: 2.50M->15.50M
[475.710s] GC(10827) Incremental GC (Collect on allocation) 28.50M->15.50M 1.439ms
[475.732s] GC(10828) Collect on allocation
[475.733s] GC(10828)   Eden: 12.50M->0.00M
[475.733s] GC(10828)   Survivor: 0.00M->0.00M
[475.733s] GC(10828)   Old: 15.50M->15.50M
[475.733s] GC(10828)   Free: 3.00M->15.50M
[475.733s] GC(10828) Incremental GC (Collect on allocation) 28.00M->15.50M 0.798ms
[475.750s] GC(10829) Collect on allocation
[475.751s] GC(10829)   Eden: 12.00M->0.00M
[475.751s] GC(10829)   Survivor: 0.00M->0.00M
[475.751s] GC(10829)   Old: 15.50M->15.50M
[475.751s] GC(10829)   Free: 3.50M->15.50M
[475.751s] GC(10829) Incremental GC (Collect on allocation) 27.50M->15.50M 0.895ms
[475.774s] GC(10830) Collect on allocation
[475.775s] GC(10830)   Eden: 13.50M->0.00M
[475.775s] GC(10830)   Survivor: 0.00M->0.00M
[475.775s] GC(10830)   Old: 15.50M->15.50M
[475.775s] GC(10830)   Free: 2.00M->15.50M
[475.775s] GC(10830) Incremental GC (Collect on allocation) 29.00M->15.50M 0.759ms
[475.797s] GC(10831) Collect on allocation
[475.797s] GC(10831)   Eden: 15.00M->0.00M
[475.797s] GC(10831)   Survivor: 0.00M->0.00M
[475.798s] GC(10831)   Old: 15.50M->15.50M
[475.798s] GC(10831)   Free: 0.50M->15.50M
[475.798s] GC(10831) Incremental GC (Collect on allocation) 30.50M->15.50M 0.914ms
[475.826s] GC(10832) Collect on allocation
[475.827s] GC(10832)   Eden: 16.50M->0.00M
[475.827s] GC(10832)   Survivor: 0.00M->0.00M
[475.827s] GC(10832)   Old: 15.50M->15.50M
[475.827s] GC(10832)   Free: 0.00M->16.50M
[475.827s] GC(10832) Incremental GC (Collect on allocation) 32.00M->15.50M 0.825ms
[475.854s] GC(10833) Collect on allocation
[475.855s] GC(10833)   Eden: 18.00M->0.00M
[475.855s] GC(10833)   Survivor: 0.00M->0.00M
[475.855s] GC(10833)   Old: 15.50M->15.50M
[475.855s] GC(10833)   Free: 0.00M->18.00M
[475.855s] GC(10833) Incremental GC (Collect on allocation) 33.50M->15.50M 0.740ms
[475.893s] GC(10834) Collect on allocation
[475.894s] GC(10834)   Eden: 17.50M->0.00M
[475.894s] GC(10834)   Survivor: 0.00M->0.00M
[475.894s] GC(10834)   Old: 15.50M->15.50M
[475.894s] GC(10834)   Free: 0.50M->18.00M
[475.894s] GC(10834) Incremental GC (Collect on allocation) 33.00M->15.50M 0.812ms
[475.920s] GC(10835) Collect on allocation
[475.921s] GC(10835)   Eden: 17.00M->0.00M
[475.921s] GC(10835)   Survivor: 0.00M->0.00M
[475.921s] GC(10835)   Old: 15.50M->15.50M
[475.921s] GC(10835)   Free: 1.00M->18.00M
[475.921s] GC(10835) Incremental GC (Collect on allocation) 32.50M->15.50M 0.832ms
[475.948s] GC(10836) Collect on allocation
[475.949s] GC(10836)   Eden: 16.50M->0.00M
[475.949s] GC(10836)   Survivor: 0.00M->0.00M
[475.949s] GC(10836)   Old: 15.50M->15.50M
[475.949s] GC(10836)   Free: 1.50M->18.00M
[475.949s] GC(10836) Incremental GC (Collect on allocation) 32.00M->15.50M 0.850ms
[475.972s] GC(10837) Collect on allocation
[475.972s] GC(10837)   Eden: 16.00M->0.00M
[475.972s] GC(10837)   Survivor: 0.00M->0.00M
[475.972s] GC(10837)   Old: 15.50M->15.50M
[475.973s] GC(10837)   Free: 2.00M->18.00M
[475.973s] GC(10837) Incremental GC (Collect on allocation) 31.50M->15.50M 0.822ms
[476.002s] GC(10838) Collect on allocation
[476.003s] GC(10838)   Eden: 15.50M->0.00M
[476.003s] GC(10838)   Survivor: 0.00M->0.00M
[476.003s] GC(10838)   Old: 15.50M->15.50M
[476.003s] GC(10838)   Free: 2.50M->18.00M
[476.003s] GC(10838) Incremental GC (Collect on allocation) 31.00M->15.50M 0.926ms
[476.029s] GC(10839) Collect on allocation
[476.030s] GC(10839)   Eden: 15.00M->0.00M
[476.030s] GC(10839)   Survivor: 0.00M->0.00M
[476.030s] GC(10839)   Old: 15.50M->15.50M
[476.030s] GC(10839)   Free: 3.00M->18.00M
[476.030s] GC(10839) Incremental GC (Collect on allocation) 30.50M->15.50M 0.930ms
[476.052s] GC(10840) Collect on allocation
[476.053s] GC(10840)   Eden: 14.50M->0.00M
[476.053s] GC(10840)   Survivor: 0.00M->0.00M
[476.053s] GC(10840)   Old: 15.50M->15.50M
[476.053s] GC(10840)   Free: 3.50M->18.00M
[476.053s] GC(10840) Incremental GC (Collect on allocation) 30.00M->15.50M 0.843ms
[476.083s] GC(10841) Collect on allocation
[476.084s] GC(10841)   Eden: 15.50M->0.00M
[476.084s] GC(10841)   Survivor: 0.00M->0.00M
[476.084s] GC(10841)   Old: 15.50M->15.50M
[476.084s] GC(10841)   Free: 2.50M->18.00M
[476.084s] GC(10841) Incremental GC (Collect on allocation) 31.00M->15.50M 0.795ms
[476.145s] GC(10842) Collect on allocation
[476.146s] GC(10842)   Eden: 15.00M->0.00M
[476.146s] GC(10842)   Survivor: 0.00M->0.00M
[476.146s] GC(10842)   Old: 15.50M->15.50M
[476.146s] GC(10842)   Free: 3.00M->18.00M
[476.146s] GC(10842) Incremental GC (Collect on allocation) 30.50M->15.50M 1.057ms
[476.168s] GC(10843) Collect on allocation
[476.169s] GC(10843)   Eden: 14.50M->0.00M
[476.169s] GC(10843)   Survivor: 0.00M->0.00M
[476.169s] GC(10843)   Old: 15.50M->15.50M
[476.169s] GC(10843)   Free: 3.50M->18.00M
[476.169s] GC(10843) Incremental GC (Collect on allocation) 30.00M->15.50M 1.000ms
[476.194s] GC(10844) Collect on allocation
[476.195s] GC(10844)   Eden: 14.00M->0.00M
[476.195s] GC(10844)   Survivor: 0.00M->0.00M
[476.195s] GC(10844)   Old: 15.50M->15.50M
[476.195s] GC(10844)   Free: 4.00M->18.00M
[476.195s] GC(10844) Incremental GC (Collect on allocation) 29.50M->15.50M 0.984ms
[476.223s] GC(10845) Collect on allocation
[476.226s] GC(10845)   Eden: 15.00M->0.00M
[476.226s] GC(10845)   Survivor: 0.00M->0.00M
[476.226s] GC(10845)   Old: 15.50M->15.50M
[476.226s] GC(10845)   Free: 3.00M->18.00M
[476.226s] GC(10845) Incremental GC (Collect on allocation) 30.50M->15.50M 1.067ms
[476.261s] GC(10846) Collect on allocation
[476.262s] GC(10846)   Eden: 16.50M->0.00M
[476.262s] GC(10846)   Survivor: 0.00M->0.00M
[476.262s] GC(10846)   Old: 15.50M->15.50M
[476.262s] GC(10846)   Free: 1.50M->18.00M
[476.262s] GC(10846) Incremental GC (Collect on allocation) 32.00M->15.50M 1.036ms
[476.287s] GC(10847) Collect on allocation
[476.288s] GC(10847)   Eden: 16.00M->0.00M
[476.288s] GC(10847)   Survivor: 0.00M->0.00M
[476.288s] GC(10847)   Old: 15.50M->15.50M
[476.288s] GC(10847)   Free: 2.00M->18.00M
[476.288s] GC(10847) Incremental GC (Collect on allocation) 31.50M->15.50M 1.085ms
[476.315s] GC(10848) Collect on allocation
[476.316s] GC(10848)   Eden: 17.50M->0.00M
[476.316s] GC(10848)   Survivor: 0.00M->0.00M
[476.316s] GC(10848)   Old: 15.50M->15.50M
[476.316s] GC(10848)   Free: 0.50M->18.00M
[476.316s] GC(10848) Incremental GC (Collect on allocation) 33.00M->15.50M 0.970ms
[476.344s] GC(10849) Collect on allocation
[476.345s] GC(10849)   Eden: 17.00M->0.00M
[476.345s] GC(10849)   Survivor: 0.00M->0.00M
[476.345s] GC(10849)   Old: 15.50M->15.50M
[476.345s] GC(10849)   Free: 1.00M->18.00M
[476.345s] GC(10849) Incremental GC (Collect on allocation) 32.50M->15.50M 0.982ms
[476.372s] GC(10850) Collect on allocation
[476.373s] GC(10850)   Eden: 16.50M->0.00M
[476.373s] GC(10850)   Survivor: 0.00M->0.00M
[476.373s] GC(10850)   Old: 15.50M->15.50M
[476.373s] GC(10850)   Free: 1.50M->18.00M
[476.373s] GC(10850) Incremental GC (Collect on allocation) 32.00M->15.50M 0.907ms
[476.402s] GC(10851) Collect on allocation
[476.403s] GC(10851)   Eden: 16.00M->0.00M
[476.403s] GC(10851)   Survivor: 0.00M->0.00M
[476.403s] GC(10851)   Old: 15.50M->15.50M
[476.403s] GC(10851)   Free: 2.00M->18.00M
[476.403s] GC(10851) Incremental GC (Collect on allocation) 31.50M->15.50M 0.946ms
[476.427s] GC(10852) Collect on allocation
[476.427s] GC(10852)   Eden: 15.50M->0.00M
[476.427s] GC(10852)   Survivor: 0.00M->0.00M
[476.428s] GC(10852)   Old: 15.50M->15.50M
[476.428s] GC(10852)   Free: 2.50M->18.00M
[476.428s] GC(10852) Incremental GC (Collect on allocation) 31.00M->15.50M 0.921ms
[476.455s] GC(10853) Collect on allocation
[476.470s] GC(10853)   Eden: 15.00M->0.00M
[476.470s] GC(10853)   Survivor: 0.00M->0.00M
[476.470s] GC(10853)   Old: 15.50M->15.50M
[476.470s] GC(10853)   Free: 3.00M->18.00M
[476.470s] GC(10853) Full GC (Collect on allocation) 30.50M->15.50M 15.113ms
[476.497s] GC(10854) Collect on allocation
[476.498s] GC(10854)   Eden: 16.00M->0.00M
[476.498s] GC(10854)   Survivor: 0.00M->0.00M
[476.498s] GC(10854)   Old: 15.50M->15.50M
[476.498s] GC(10854)   Free: 2.00M->18.00M
[476.498s] GC(10854) Incremental GC (Collect on allocation) 31.50M->15.50M 0.877ms
[476.527s] GC(10855) Collect on allocation
[476.527s] GC(10855)   Eden: 15.50M->0.00M
[476.527s] GC(10855)   Survivor: 0.00M->0.00M
[476.528s] GC(10855)   Old: 15.50M->15.50M
[476.528s] GC(10855)   Free: 2.50M->18.00M
[476.528s] GC(10855) Incremental GC (Collect on allocation) 31.00M->15.50M 0.614ms
[476.555s] GC(10856) Collect on allocation
[476.555s] GC(10856)   Eden: 15.00M->0.00M
[476.556s] GC(10856)   Survivor: 0.00M->0.00M
[476.556s] GC(10856)   Old: 15.50M->15.50M
[476.556s] GC(10856)   Free: 3.00M->18.00M
[476.556s] GC(10856) Incremental GC (Collect on allocation) 30.50M->15.50M 0.677ms
[476.588s] GC(10857) Collect on allocation
[476.589s] GC(10857)   Eden: 14.50M->0.00M
[476.589s] GC(10857)   Survivor: 0.00M->0.00M
[476.589s] GC(10857)   Old: 15.50M->15.50M
[476.589s] GC(10857)   Free: 3.50M->18.00M
[476.589s] GC(10857) Incremental GC (Collect on allocation) 30.00M->15.50M 1.682ms
[476.638s] GC(10858) Collect on allocation
[476.639s] GC(10858)   Eden: 14.00M->0.00M
[476.639s] GC(10858)   Survivor: 0.00M->0.00M
[476.639s] GC(10858)   Old: 15.50M->15.50M
[476.639s] GC(10858)   Free: 4.00M->17.50M
[476.639s] GC(10858) Incremental GC (Collect on allocation) 29.50M->15.50M 0.792ms
[476.663s] GC(10859) Collect on allocation
[476.664s] GC(10859)   Eden: 13.50M->0.00M
[476.664s] GC(10859)   Survivor: 0.00M->0.00M
[476.664s] GC(10859)   Old: 15.50M->15.50M
[476.664s] GC(10859)   Free: 4.00M->17.00M
[476.664s] GC(10859) Incremental GC (Collect on allocation) 29.00M->15.50M 0.689ms
[476.684s] GC(10860) Collect on allocation
[476.684s] GC(10860)   Eden: 13.00M->0.00M
[476.684s] GC(10860)   Survivor: 0.00M->0.00M
[476.684s] GC(10860)   Old: 15.50M->15.50M
[476.684s] GC(10860)   Free: 4.00M->16.50M
[476.684s] GC(10860) Incremental GC (Collect on allocation) 28.50M->15.50M 0.738ms
[476.705s] GC(10861) Collect on allocation
[476.706s] GC(10861)   Eden: 12.50M->0.00M
[476.706s] GC(10861)   Survivor: 0.00M->0.00M
[476.706s] GC(10861)   Old: 15.50M->15.50M
[476.706s] GC(10861)   Free: 4.00M->16.00M
[476.706s] GC(10861) Incremental GC (Collect on allocation) 28.00M->15.50M 0.687ms
[476.726s] GC(10862) Collect on allocation
[476.727s] GC(10862)   Eden: 12.00M->0.00M
[476.727s] GC(10862)   Survivor: 0.00M->0.00M
[476.727s] GC(10862)   Old: 15.50M->15.50M
[476.727s] GC(10862)   Free: 4.00M->15.50M
[476.727s] GC(10862) Incremental GC (Collect on allocation) 27.50M->15.50M 0.792ms
[476.747s] GC(10863) Collect on allocation
[476.748s] GC(10863)   Eden: 11.50M->0.00M
[476.748s] GC(10863)   Survivor: 0.00M->0.00M
[476.748s] GC(10863)   Old: 15.50M->15.50M
[476.748s] GC(10863)   Free: 4.00M->15.00M
[476.748s] GC(10863) Incremental GC (Collect on allocation) 27.00M->15.50M 0.787ms
[476.764s] GC(10864) Collect on allocation
[476.764s] GC(10864)   Eden: 11.00M->0.00M
[476.764s] GC(10864)   Survivor: 0.00M->0.00M
[476.764s] GC(10864)   Old: 15.50M->15.50M
[476.764s] GC(10864)   Free: 4.00M->15.00M
[476.764s] GC(10864) Incremental GC (Collect on allocation) 26.50M->15.50M 0.659ms
[476.786s] GC(10865) Collect on allocation
[476.786s] GC(10865)   Eden: 12.50M->0.00M
[476.787s] GC(10865)   Survivor: 0.00M->0.00M
[476.787s] GC(10865)   Old: 15.50M->15.50M
[476.787s] GC(10865)   Free: 2.50M->15.00M
[476.787s] GC(10865) Incremental GC (Collect on allocation) 28.00M->15.50M 0.741ms
[476.808s] GC(10866) Collect on allocation
[476.809s] GC(10866)   Eden: 14.00M->0.00M
[476.809s] GC(10866)   Survivor: 0.00M->0.00M
[476.809s] GC(10866)   Old: 15.50M->15.50M
[476.809s] GC(10866)   Free: 1.00M->15.00M
[476.809s] GC(10866) Incremental GC (Collect on allocation) 29.50M->15.50M 0.676ms
[476.835s] GC(10867) Collect on allocation
[476.836s] GC(10867)   Eden: 15.50M->0.00M
[476.836s] GC(10867)   Survivor: 0.00M->0.00M
[476.836s] GC(10867)   Old: 15.50M->15.50M
[476.836s] GC(10867)   Free: 0.00M->15.50M
[476.836s] GC(10867) Incremental GC (Collect on allocation) 31.00M->15.50M 1.016ms
[476.861s] GC(10868) Collect on allocation
[476.862s] GC(10868)   Eden: 15.00M->0.00M
[476.862s] GC(10868)   Survivor: 0.00M->0.00M
[476.862s] GC(10868)   Old: 15.50M->15.50M
[476.862s] GC(10868)   Free: 0.50M->15.50M
[476.862s] GC(10868) Incremental GC (Collect on allocation) 30.50M->15.50M 1.063ms
[476.887s] GC(10869) Collect on allocation
[476.888s] GC(10869)   Eden: 14.50M->0.00M
[476.888s] GC(10869)   Survivor: 0.00M->0.00M
[476.888s] GC(10869)   Old: 15.50M->15.50M
[476.888s] GC(10869)   Free: 1.00M->15.50M
[476.888s] GC(10869) Incremental GC (Collect on allocation) 30.00M->15.50M 0.939ms
[476.909s] GC(10870) Collect on allocation
[476.909s] GC(10870)   Eden: 14.00M->0.00M
[476.909s] GC(10870)   Survivor: 0.00M->0.00M
[476.909s] GC(10870)   Old: 15.50M->15.50M
[476.909s] GC(10870)   Free: 1.50M->15.50M
[476.909s] GC(10870) Incremental GC (Collect on allocation) 29.50M->15.50M 0.710ms
[476.933s] GC(10871) Collect on allocation
[476.933s] GC(10871)   Eden: 13.50M->0.00M
[476.933s] GC(10871)   Survivor: 0.00M->0.00M
[476.933s] GC(10871)   Old: 15.50M->15.50M
[476.934s] GC(10871)   Free: 2.00M->15.50M
[476.934s] GC(10871) Incremental GC (Collect on allocation) 29.00M->15.50M 0.734ms
[476.970s] GC(10872) Collect on allocation
[476.971s] GC(10872)   Eden: 13.00M->0.00M
[476.971s] GC(10872)   Survivor: 0.00M->0.00M
[476.971s] GC(10872)   Old: 15.50M->15.50M
[476.971s] GC(10872)   Free: 2.50M->15.50M
[476.971s] GC(10872) Incremental GC (Collect on allocation) 28.50M->15.50M 1.003ms
[477.008s] GC(10873) Collect on allocation
[477.010s] GC(10873)   Eden: 12.50M->0.00M
[477.010s] GC(10873)   Survivor: 0.00M->0.00M
[477.010s] GC(10873)   Old: 15.50M->15.50M
[477.010s] GC(10873)   Free: 3.00M->15.50M
[477.010s] GC(10873) Incremental GC (Collect on allocation) 28.00M->15.50M 1.568ms
[477.050s] GC(10874) Collect on allocation
[477.051s] GC(10874)   Eden: 12.00M->0.00M
[477.051s] GC(10874)   Survivor: 0.00M->0.00M
[477.051s] GC(10874)   Old: 15.50M->15.50M
[477.051s] GC(10874)   Free: 3.50M->15.50M
[477.051s] GC(10874) Incremental GC (Collect on allocation) 27.50M->15.50M 0.788ms
[477.094s] GC(10875) Collect on allocation
[477.096s] GC(10875)   Eden: 11.50M->0.00M
[477.096s] GC(10875)   Survivor: 0.00M->0.00M
[477.096s] GC(10875)   Old: 15.50M->15.50M
[477.096s] GC(10875)   Free: 4.00M->15.00M
[477.096s] GC(10875) Incremental GC (Collect on allocation) 27.00M->15.50M 1.530ms
[477.116s] GC(10876) Collect on allocation
[477.117s] GC(10876)   Eden: 11.00M->0.00M
[477.117s] GC(10876)   Survivor: 0.00M->0.00M
[477.117s] GC(10876)   Old: 15.50M->15.50M
[477.117s] GC(10876)   Free: 4.00M->14.50M
[477.117s] GC(10876) Incremental GC (Collect on allocation) 26.50M->15.50M 0.792ms
[477.135s] GC(10877) Collect on allocation
[477.136s] GC(10877)   Eden: 10.50M->0.00M
[477.136s] GC(10877)   Survivor: 0.00M->0.00M
[477.136s] GC(10877)   Old: 15.50M->15.50M
[477.136s] GC(10877)   Free: 4.00M->14.50M
[477.136s] GC(10877) Incremental GC (Collect on allocation) 26.00M->15.50M 1.147ms
[477.157s] GC(10878) Collect on allocation
[477.158s] GC(10878)   Eden: 12.00M->0.00M
[477.158s] GC(10878)   Survivor: 0.00M->0.00M
[477.158s] GC(10878)   Old: 15.50M->15.50M
[477.158s] GC(10878)   Free: 2.50M->14.50M
[477.158s] GC(10878) Incremental GC (Collect on allocation) 27.50M->15.50M 0.811ms
[477.178s] GC(10879) Collect on allocation
[477.179s] GC(10879)   Eden: 13.50M->0.00M
[477.179s] GC(10879)   Survivor: 0.00M->0.00M
[477.179s] GC(10879)   Old: 15.50M->15.50M
[477.179s] GC(10879)   Free: 1.00M->14.50M
[477.179s] GC(10879) Incremental GC (Collect on allocation) 29.00M->15.50M 0.912ms
[477.202s] GC(10880) Collect on allocation
[477.203s] GC(10880)   Eden: 15.00M->0.00M
[477.203s] GC(10880)   Survivor: 0.00M->0.00M
[477.203s] GC(10880)   Old: 15.50M->15.50M
[477.203s] GC(10880)   Free: 0.00M->15.00M
[477.203s] GC(10880) Incremental GC (Collect on allocation) 30.50M->15.50M 1.108ms
[477.231s] GC(10881) Collect on allocation
[477.231s] GC(10881)   Eden: 16.50M->0.00M
[477.232s] GC(10881)   Survivor: 0.00M->0.00M
[477.232s] GC(10881)   Old: 15.50M->15.50M
[477.232s] GC(10881)   Free: 0.00M->16.50M
[477.232s] GC(10881) Incremental GC (Collect on allocation) 32.00M->15.50M 0.847ms
[477.262s] GC(10882) Collect on allocation
[477.263s] GC(10882)   Eden: 18.00M->0.00M
[477.264s] GC(10882)   Survivor: 0.00M->0.00M
[477.264s] GC(10882)   Old: 15.50M->15.50M
[477.264s] GC(10882)   Free: 0.00M->18.00M
[477.264s] GC(10882) Incremental GC (Collect on allocation) 33.50M->15.50M 1.081ms
[477.291s] GC(10883) Collect on allocation
[477.292s] GC(10883)   Eden: 17.50M->0.00M
[477.292s] GC(10883)   Survivor: 0.00M->0.00M
[477.292s] GC(10883)   Old: 15.50M->15.50M
[477.292s] GC(10883)   Free: 0.50M->18.00M
[477.292s] GC(10883) Incremental GC (Collect on allocation) 33.00M->15.50M 1.052ms
[477.320s] GC(10884) Collect on allocation
[477.320s] GC(10884)   Eden: 17.00M->0.00M
[477.321s] GC(10884)   Survivor: 0.00M->0.00M
[477.321s] GC(10884)   Old: 15.50M->15.50M
[477.321s] GC(10884)   Free: 1.00M->18.00M
[477.321s] GC(10884) Incremental GC (Collect on allocation) 32.50M->15.50M 0.921ms
[477.358s] GC(10885) Collect on allocation
[477.360s] GC(10885)   Eden: 16.50M->0.00M
[477.360s] GC(10885)   Survivor: 0.00M->0.00M
[477.360s] GC(10885)   Old: 15.50M->15.50M
[477.360s] GC(10885)   Free: 1.50M->18.00M
[477.360s] GC(10885) Incremental GC (Collect on allocation) 32.00M->15.50M 1.396ms
[477.390s] GC(10886) Collect on allocation
[477.406s] GC(10886)   Eden: 16.00M->0.00M
[477.406s] GC(10886)   Survivor: 0.00M->0.00M
[477.406s] GC(10886)   Old: 15.50M->15.50M
[477.406s] GC(10886)   Free: 2.00M->18.00M
[477.406s] GC(10886) Full GC (Collect on allocation) 31.50M->15.50M 16.295ms
[477.431s] GC(10887) Collect on allocation
[477.432s] GC(10887)   Eden: 15.00M->0.00M
[477.432s] GC(10887)   Survivor: 0.00M->0.00M
[477.432s] GC(10887)   Old: 15.50M->15.50M
[477.432s] GC(10887)   Free: 3.00M->18.00M
[477.432s] GC(10887) Incremental GC (Collect on allocation) 30.50M->15.50M 0.785ms
[477.458s] GC(10888) Collect on allocation
[477.459s] GC(10888)   Eden: 14.50M->0.00M
[477.459s] GC(10888)   Survivor: 0.00M->0.00M
[477.459s] GC(10888)   Old: 15.50M->15.50M
[477.459s] GC(10888)   Free: 3.50M->18.00M
[477.459s] GC(10888) Incremental GC (Collect on allocation) 30.00M->15.50M 0.743ms
[477.472s] GC(10889) Collect on allocation
[477.473s] GC(10889)   Eden: 14.00M->0.00M
[477.473s] GC(10889)   Survivor: 0.00M->0.00M
[477.473s] GC(10889)   Old: 15.50M->15.50M
[477.473s] GC(10889)   Free: 4.00M->18.00M
[477.473s] GC(10889) Incremental GC (Collect on allocation) 29.50M->15.50M 0.940ms
[477.500s] GC(10890) Collect on allocation
[477.501s] GC(10890)   Eden: 15.50M->0.00M
[477.501s] GC(10890)   Survivor: 0.00M->0.00M
[477.501s] GC(10890)   Old: 15.50M->15.50M
[477.501s] GC(10890)   Free: 2.50M->18.00M
[477.501s] GC(10890) Incremental GC (Collect on allocation) 31.00M->15.50M 0.935ms
[477.524s] GC(10891) Collect on allocation
[477.525s] GC(10891)   Eden: 15.00M->0.00M
[477.525s] GC(10891)   Survivor: 0.00M->0.00M
[477.525s] GC(10891)   Old: 15.50M->15.50M
[477.525s] GC(10891)   Free: 3.00M->18.00M
[477.525s] GC(10891) Incremental GC (Collect on allocation) 30.50M->15.50M 0.858ms
[477.558s] GC(10892) Collect on allocation
[477.559s] GC(10892)   Eden: 16.50M->0.00M
[477.559s] GC(10892)   Survivor: 0.00M->0.00M
[477.559s] GC(10892)   Old: 15.50M->15.50M
[477.559s] GC(10892)   Free: 1.50M->18.00M
[477.559s] GC(10892) Incremental GC (Collect on allocation) 32.00M->15.50M 0.825ms
[477.610s] GC(10893) Collect on allocation
[477.611s] GC(10893)   Eden: 18.00M->0.00M
[477.611s] GC(10893)   Survivor: 0.00M->0.00M
[477.611s] GC(10893)   Old: 15.50M->15.50M
[477.611s] GC(10893)   Free: 0.00M->18.00M
[477.611s] GC(10893) Incremental GC (Collect on allocation) 33.50M->15.50M 1.164ms
[477.652s] GC(10894) Collect on allocation
[477.653s] GC(10894)   Eden: 17.50M->0.00M
[477.653s] GC(10894)   Survivor: 0.00M->0.00M
[477.653s] GC(10894)   Old: 15.50M->15.50M
[477.653s] GC(10894)   Free: 0.50M->18.00M
[477.653s] GC(10894) Incremental GC (Collect on allocation) 33.00M->15.50M 0.825ms
[477.689s] GC(10895) Collect on allocation
[477.691s] GC(10895)   Eden: 17.00M->0.00M
[477.691s] GC(10895)   Survivor: 0.00M->0.00M
[477.691s] GC(10895)   Old: 15.50M->15.50M
[477.691s] GC(10895)   Free: 1.00M->18.00M
[477.691s] GC(10895) Incremental GC (Collect on allocation) 32.50M->15.50M 1.149ms
[477.725s] GC(10896) Collect on allocation
[477.726s] GC(10896)   Eden: 16.50M->0.00M
[477.726s] GC(10896)   Survivor: 0.00M->0.00M
[477.726s] GC(10896)   Old: 15.50M->15.50M
[477.726s] GC(10896)   Free: 1.50M->18.00M
[477.726s] GC(10896) Incremental GC (Collect on allocation) 32.00M->15.50M 0.884ms
[477.753s] GC(10897) Collect on allocation
[477.753s] GC(10897)   Eden: 16.00M->0.00M
[477.753s] GC(10897)   Survivor: 0.00M->0.00M
[477.753s] GC(10897)   Old: 15.50M->15.50M
[477.753s] GC(10897)   Free: 2.00M->18.00M
[477.753s] GC(10897) Incremental GC (Collect on allocation) 31.50M->15.50M 0.800ms
[477.779s] GC(10898) Collect on allocation
[477.779s] GC(10898)   Eden: 15.50M->0.00M
[477.779s] GC(10898)   Survivor: 0.00M->0.00M
[477.780s] GC(10898)   Old: 15.50M->15.50M
[477.780s] GC(10898)   Free: 2.50M->18.00M
[477.780s] GC(10898) Incremental GC (Collect on allocation) 31.00M->15.50M 0.808ms
[477.809s] GC(10899) Collect on allocation
[477.810s] GC(10899)   Eden: 15.00M->0.00M
[477.810s] GC(10899)   Survivor: 0.00M->0.00M
[477.810s] GC(10899)   Old: 15.50M->15.50M
[477.810s] GC(10899)   Free: 3.00M->18.00M
[477.810s] GC(10899) Incremental GC (Collect on allocation) 30.50M->15.50M 0.868ms
[477.846s] GC(10900) Collect on allocation
[477.847s] GC(10900)   Eden: 14.50M->0.00M
[477.847s] GC(10900)   Survivor: 0.00M->0.00M
[477.847s] GC(10900)   Old: 15.50M->15.50M
[477.847s] GC(10900)   Free: 3.50M->18.00M
[477.847s] GC(10900) Incremental GC (Collect on allocation) 30.00M->15.50M 0.965ms
[477.876s] GC(10901) Collect on allocation
[477.877s] GC(10901)   Eden: 14.00M->0.00M
[477.877s] GC(10901)   Survivor: 0.00M->0.00M
[477.877s] GC(10901)   Old: 15.50M->15.50M
[477.877s] GC(10901)   Free: 4.00M->17.50M
[477.878s] GC(10901) Incremental GC (Collect on allocation) 29.50M->15.50M 0.914ms
[477.909s] GC(10902) Collect on allocation
[477.910s] GC(10902)   Eden: 13.50M->0.00M
[477.910s] GC(10902)   Survivor: 0.00M->0.00M
[477.910s] GC(10902)   Old: 15.50M->15.50M
[477.910s] GC(10902)   Free: 4.00M->17.00M
[477.910s] GC(10902) Incremental GC (Collect on allocation) 29.00M->15.50M 0.901ms
[477.932s] GC(10903) Collect on allocation
[477.933s] GC(10903)   Eden: 13.00M->0.00M
[477.933s] GC(10903)   Survivor: 0.00M->0.00M
[477.933s] GC(10903)   Old: 15.50M->15.50M
[477.933s] GC(10903)   Free: 4.00M->16.50M
[477.933s] GC(10903) Incremental GC (Collect on allocation) 28.50M->15.50M 0.829ms
[477.954s] GC(10904) Collect on allocation
[477.955s] GC(10904)   Eden: 12.50M->0.00M
[477.955s] GC(10904)   Survivor: 0.00M->0.00M
[477.955s] GC(10904)   Old: 15.50M->15.50M
[477.955s] GC(10904)   Free: 4.00M->16.00M
[477.955s] GC(10904) Incremental GC (Collect on allocation) 28.00M->15.50M 0.944ms
[477.972s] GC(10905) Collect on allocation
[477.973s] GC(10905)   Eden: 12.00M->0.00M
[477.973s] GC(10905)   Survivor: 0.00M->0.00M
[477.973s] GC(10905)   Old: 15.50M->15.50M
[477.973s] GC(10905)   Free: 4.00M->16.00M
[477.973s] GC(10905) Incremental GC (Collect on allocation) 27.50M->15.50M 0.758ms
[477.989s] GC(10906) Collect on allocation
[477.990s] GC(10906)   Eden: 13.50M->0.00M
[477.990s] GC(10906)   Survivor: 0.00M->0.00M
[477.990s] GC(10906)   Old: 15.50M->15.50M
[477.990s] GC(10906)   Free: 2.50M->16.00M
[477.990s] GC(10906) Incremental GC (Collect on allocation) 29.00M->15.50M 0.888ms
[478.012s] GC(10907) Collect on allocation
[478.013s] GC(10907)   Eden: 15.00M->0.00M
[478.013s] GC(10907)   Survivor: 0.00M->0.00M
[478.013s] GC(10907)   Old: 15.50M->15.50M
[478.013s] GC(10907)   Free: 1.00M->16.00M
[478.013s] GC(10907) Incremental GC (Collect on allocation) 30.50M->15.50M 0.953ms
[478.043s] GC(10908) Collect on allocation
[478.044s] GC(10908)   Eden: 16.50M->0.00M
[478.044s] GC(10908)   Survivor: 0.00M->0.00M
[478.044s] GC(10908)   Old: 15.50M->15.50M
[478.044s] GC(10908)   Free: 0.00M->16.50M
[478.044s] GC(10908) Incremental GC (Collect on allocation) 32.00M->15.50M 0.788ms
[478.088s] GC(10909) Collect on allocation
[478.089s] GC(10909)   Eden: 18.00M->0.00M
[478.089s] GC(10909)   Survivor: 0.00M->0.00M
[478.089s] GC(10909)   Old: 15.50M->15.50M
[478.089s] GC(10909)   Free: 0.00M->18.00M
[478.089s] GC(10909) Incremental GC (Collect on allocation) 33.50M->15.50M 0.980ms
[478.127s] GC(10910) Collect on allocation
[478.128s] GC(10910)   Eden: 17.50M->0.00M
[478.128s] GC(10910)   Survivor: 0.00M->0.00M
[478.128s] GC(10910)   Old: 15.50M->15.50M
[478.128s] GC(10910)   Free: 0.50M->18.00M
[478.128s] GC(10910) Incremental GC (Collect on allocation) 33.00M->15.50M 0.948ms
[478.153s] GC(10911) Collect on allocation
[478.154s] GC(10911)   Eden: 17.00M->0.00M
[478.154s] GC(10911)   Survivor: 0.00M->0.00M
[478.154s] GC(10911)   Old: 15.50M->15.50M
[478.154s] GC(10911)   Free: 1.00M->18.00M
[478.154s] GC(10911) Incremental GC (Collect on allocation) 32.50M->15.50M 0.798ms
[478.179s] GC(10912) Collect on allocation
[478.180s] GC(10912)   Eden: 16.50M->0.00M
[478.180s] GC(10912)   Survivor: 0.00M->0.00M
[478.180s] GC(10912)   Old: 15.50M->15.50M
[478.180s] GC(10912)   Free: 1.50M->18.00M
[478.180s] GC(10912) Incremental GC (Collect on allocation) 32.00M->15.50M 1.192ms
[478.208s] GC(10913) Collect on allocation
[478.209s] GC(10913)   Eden: 18.00M->0.00M
[478.209s] GC(10913)   Survivor: 0.00M->0.00M
[478.209s] GC(10913)   Old: 15.50M->15.50M
[478.209s] GC(10913)   Free: 0.00M->18.00M
[478.209s] GC(10913) Incremental GC (Collect on allocation) 33.50M->15.50M 0.811ms
[478.240s] GC(10914) Collect on allocation
[478.241s] GC(10914)   Eden: 17.50M->0.00M
[478.241s] GC(10914)   Survivor: 0.00M->0.00M
[478.241s] GC(10914)   Old: 15.50M->15.50M
[478.241s] GC(10914)   Free: 0.50M->18.00M
[478.241s] GC(10914) Incremental GC (Collect on allocation) 33.00M->15.50M 1.346ms
[478.275s] GC(10915) Collect on allocation
[478.276s] GC(10915)   Eden: 19.00M->0.00M
[478.276s] GC(10915)   Survivor: 0.00M->0.00M
[478.276s] GC(10915)   Old: 15.50M->15.50M
[478.276s] GC(10915)   Free: 0.00M->19.00M
[478.276s] GC(10915) Incremental GC (Collect on allocation) 34.50M->15.50M 0.908ms
[478.314s] GC(10916) Collect on allocation
[478.315s] GC(10916)   Eden: 18.50M->0.00M
[478.315s] GC(10916)   Survivor: 0.00M->0.00M
[478.315s] GC(10916)   Old: 15.50M->15.50M
[478.315s] GC(10916)   Free: 0.50M->19.00M
[478.315s] GC(10916) Incremental GC (Collect on allocation) 34.00M->15.50M 1.065ms
[478.358s] GC(10917) Collect on allocation
[478.375s] GC(10917)   Eden: 18.00M->0.00M
[478.375s] GC(10917)   Survivor: 0.00M->0.00M
[478.375s] GC(10917)   Old: 15.50M->15.50M
[478.375s] GC(10917)   Free: 1.00M->19.00M
[478.375s] GC(10917) Full GC (Collect on allocation) 33.50M->15.50M 16.669ms
[478.412s] GC(10918) Collect on allocation
[478.413s] GC(10918)   Eden: 21.00M->0.00M
[478.413s] GC(10918)   Survivor: 0.00M->0.00M
[478.413s] GC(10918)   Old: 15.50M->15.50M
[478.413s] GC(10918)   Free: 0.00M->21.00M
[478.413s] GC(10918) Incremental GC (Collect on allocation) 36.50M->15.50M 1.112ms
[478.449s] GC(10919) Collect on allocation
[478.450s] GC(10919)   Eden: 20.50M->0.00M
[478.450s] GC(10919)   Survivor: 0.00M->0.00M
[478.450s] GC(10919)   Old: 15.50M->15.50M
[478.450s] GC(10919)   Free: 0.50M->21.00M
[478.450s] GC(10919) Incremental GC (Collect on allocation) 36.00M->15.50M 0.707ms
[478.489s] GC(10920) Collect on allocation
[478.490s] GC(10920)   Eden: 20.00M->0.00M
[478.490s] GC(10920)   Survivor: 0.00M->0.00M
[478.490s] GC(10920)   Old: 15.50M->15.50M
[478.490s] GC(10920)   Free: 1.00M->21.00M
[478.490s] GC(10920) Incremental GC (Collect on allocation) 35.50M->15.50M 0.672ms
[478.524s] GC(10921) Collect on allocation
[478.525s] GC(10921)   Eden: 19.50M->0.00M
[478.525s] GC(10921)   Survivor: 0.00M->0.00M
[478.525s] GC(10921)   Old: 15.50M->15.50M
[478.525s] GC(10921)   Free: 1.50M->21.00M
[478.525s] GC(10921) Incremental GC (Collect on allocation) 35.00M->15.50M 0.761ms
[478.574s] GC(10922) Collect on allocation
[478.576s] GC(10922)   Eden: 19.00M->0.00M
[478.576s] GC(10922)   Survivor: 0.00M->0.00M
[478.576s] GC(10922)   Old: 15.50M->15.50M
[478.576s] GC(10922)   Free: 2.00M->21.00M
[478.576s] GC(10922) Incremental GC (Collect on allocation) 34.50M->15.50M 1.400ms
[478.608s] GC(10923) Collect on allocation
[478.609s] GC(10923)   Eden: 18.50M->0.00M
[478.609s] GC(10923)   Survivor: 0.00M->0.00M
[478.609s] GC(10923)   Old: 15.50M->15.50M
[478.609s] GC(10923)   Free: 2.50M->21.00M
[478.609s] GC(10923) Incremental GC (Collect on allocation) 34.00M->15.50M 0.971ms
[478.645s] GC(10924) Collect on allocation
[478.646s] GC(10924)   Eden: 18.00M->0.00M
[478.646s] GC(10924)   Survivor: 0.00M->0.00M
[478.646s] GC(10924)   Old: 15.50M->15.50M
[478.646s] GC(10924)   Free: 3.00M->21.00M
[478.646s] GC(10924) Incremental GC (Collect on allocation) 33.50M->15.50M 0.747ms
[478.683s] GC(10925) Collect on allocation
[478.684s] GC(10925)   Eden: 17.50M->0.00M
[478.684s] GC(10925)   Survivor: 0.00M->0.00M
[478.684s] GC(10925)   Old: 15.50M->15.50M
[478.684s] GC(10925)   Free: 3.50M->21.00M
[478.684s] GC(10925) Incremental GC (Collect on allocation) 33.00M->15.50M 0.862ms
[478.717s] GC(10926) Collect on allocation
[478.718s] GC(10926)   Eden: 17.00M->0.00M
[478.718s] GC(10926)   Survivor: 0.00M->0.00M
[478.718s] GC(10926)   Old: 15.50M->15.50M
[478.718s] GC(10926)   Free: 4.00M->20.50M
[478.718s] GC(10926) Incremental GC (Collect on allocation) 32.50M->15.50M 0.695ms
[478.748s] GC(10927) Collect on allocation
[478.749s] GC(10927)   Eden: 16.50M->0.00M
[478.749s] GC(10927)   Survivor: 0.00M->0.00M
[478.749s] GC(10927)   Old: 15.50M->15.50M
[478.749s] GC(10927)   Free: 4.00M->20.00M
[478.749s] GC(10927) Incremental GC (Collect on allocation) 32.00M->15.50M 0.969ms
[478.774s] GC(10928) Collect on allocation
[478.775s] GC(10928)   Eden: 16.00M->0.00M
[478.775s] GC(10928)   Survivor: 0.00M->0.00M
[478.775s] GC(10928)   Old: 15.50M->15.50M
[478.775s] GC(10928)   Free: 4.00M->19.50M
[478.776s] GC(10928) Incremental GC (Collect on allocation) 31.50M->15.50M 1.450ms
[478.795s] GC(10929) Collect on allocation
[478.796s] GC(10929)   Eden: 15.50M->0.00M
[478.796s] GC(10929)   Survivor: 0.00M->0.00M
[478.796s] GC(10929)   Old: 15.50M->15.50M
[478.796s] GC(10929)   Free: 4.00M->19.00M
[478.796s] GC(10929) Incremental GC (Collect on allocation) 31.00M->15.50M 0.735ms
[478.827s] GC(10930) Collect on allocation
[478.827s] GC(10930)   Eden: 15.00M->0.00M
[478.828s] GC(10930)   Survivor: 0.00M->0.00M
[478.828s] GC(10930)   Old: 15.50M->15.50M
[478.828s] GC(10930)   Free: 4.00M->18.50M
[478.828s] GC(10930) Incremental GC (Collect on allocation) 30.50M->15.50M 0.773ms
[478.852s] GC(10931) Collect on allocation
[478.853s] GC(10931)   Eden: 14.50M->0.00M
[478.853s] GC(10931)   Survivor: 0.00M->0.00M
[478.853s] GC(10931)   Old: 15.50M->15.50M
[478.853s] GC(10931)   Free: 4.00M->18.00M
[478.853s] GC(10931) Incremental GC (Collect on allocation) 30.00M->15.50M 0.991ms
[478.874s] GC(10932) Collect on allocation
[478.875s] GC(10932)   Eden: 14.00M->0.00M
[478.875s] GC(10932)   Survivor: 0.00M->0.00M
[478.875s] GC(10932)   Old: 15.50M->15.50M
[478.875s] GC(10932)   Free: 4.00M->18.00M
[478.875s] GC(10932) Incremental GC (Collect on allocation) 29.50M->15.50M 0.969ms
[478.900s] GC(10933) Collect on allocation
[478.901s] GC(10933)   Eden: 15.50M->0.00M
[478.901s] GC(10933)   Survivor: 0.00M->0.00M
[478.901s] GC(10933)   Old: 15.50M->15.50M
[478.901s] GC(10933)   Free: 2.50M->18.00M
[478.901s] GC(10933) Incremental GC (Collect on allocation) 31.00M->15.50M 0.880ms
[478.930s] GC(10934) Collect on allocation
[478.931s] GC(10934)   Eden: 17.00M->0.00M
[478.931s] GC(10934)   Survivor: 0.00M->0.00M
[478.931s] GC(10934)   Old: 15.50M->15.50M
[478.931s] GC(10934)   Free: 1.00M->18.00M
[478.931s] GC(10934) Incremental GC (Collect on allocation) 32.50M->15.50M 0.870ms
[478.957s] GC(10935) Collect on allocation
[478.958s] GC(10935)   Eden: 16.50M->0.00M
[478.958s] GC(10935)   Survivor: 0.00M->0.00M
[478.958s] GC(10935)   Old: 15.50M->15.50M
[478.958s] GC(10935)   Free: 1.50M->18.00M
[478.959s] GC(10935) Incremental GC (Collect on allocation) 32.00M->15.50M 1.365ms
[478.986s] GC(10936) Collect on allocation
[478.987s] GC(10936)   Eden: 18.00M->0.00M
[478.987s] GC(10936)   Survivor: 0.00M->0.00M
[478.987s] GC(10936)   Old: 15.50M->15.50M
[478.987s] GC(10936)   Free: 0.00M->18.00M
[478.987s] GC(10936) Incremental GC (Collect on allocation) 33.50M->15.50M 0.781ms
[479.022s] GC(10937) Collect on allocation
[479.023s] GC(10937)   Eden: 19.50M->0.00M
[479.023s] GC(10937)   Survivor: 0.00M->0.00M
[479.023s] GC(10937)   Old: 15.50M->15.50M
[479.023s] GC(10937)   Free: 0.00M->19.50M
[479.023s] GC(10937) Incremental GC (Collect on allocation) 35.00M->15.50M 1.092ms
[479.066s] GC(10938) Collect on allocation
[479.067s] GC(10938)   Eden: 19.00M->0.00M
[479.067s] GC(10938)   Survivor: 0.00M->0.00M
[479.067s] GC(10938)   Old: 15.50M->15.50M
[479.067s] GC(10938)   Free: 0.50M->19.50M
[479.067s] GC(10938) Incremental GC (Collect on allocation) 34.50M->15.50M 0.848ms
[479.101s] GC(10939) Collect on allocation
[479.102s] GC(10939)   Eden: 18.50M->0.00M
[479.102s] GC(10939)   Survivor: 0.00M->0.00M
[479.102s] GC(10939)   Old: 15.50M->15.50M
[479.102s] GC(10939)   Free: 1.00M->19.50M
[479.102s] GC(10939) Incremental GC (Collect on allocation) 34.00M->15.50M 0.831ms
[479.137s] GC(10940) Collect on allocation
[479.138s] GC(10940)   Eden: 18.00M->0.00M
[479.138s] GC(10940)   Survivor: 0.00M->0.00M
[479.138s] GC(10940)   Old: 15.50M->15.50M
[479.138s] GC(10940)   Free: 1.50M->19.50M
[479.138s] GC(10940) Incremental GC (Collect on allocation) 33.50M->15.50M 0.973ms
[479.174s] GC(10941) Collect on allocation
[479.176s] GC(10941)   Eden: 17.50M->0.00M
[479.176s] GC(10941)   Survivor: 0.00M->0.00M
[479.176s] GC(10941)   Old: 15.50M->15.50M
[479.176s] GC(10941)   Free: 2.00M->19.50M
[479.176s] GC(10941) Incremental GC (Collect on allocation) 33.00M->15.50M 1.240ms
[479.207s] GC(10942) Collect on allocation
[479.208s] GC(10942)   Eden: 17.00M->0.00M
[479.208s] GC(10942)   Survivor: 0.00M->0.00M
[479.208s] GC(10942)   Old: 15.50M->15.50M
[479.208s] GC(10942)   Free: 2.50M->19.50M
[479.208s] GC(10942) Incremental GC (Collect on allocation) 32.50M->15.50M 0.930ms
[479.242s] GC(10943) Collect on allocation
[479.243s] GC(10943)   Eden: 16.50M->0.00M
[479.243s] GC(10943)   Survivor: 0.00M->0.00M
[479.243s] GC(10943)   Old: 15.50M->15.50M
[479.243s] GC(10943)   Free: 3.00M->19.50M
[479.243s] GC(10943) Incremental GC (Collect on allocation) 32.00M->15.50M 1.265ms
[479.286s] GC(10944) Collect on allocation
[479.287s] GC(10944)   Eden: 16.00M->0.00M
[479.287s] GC(10944)   Survivor: 0.00M->0.00M
[479.287s] GC(10944)   Old: 15.50M->15.50M
[479.287s] GC(10944)   Free: 3.50M->19.50M
[479.287s] GC(10944) Incremental GC (Collect on allocation) 31.50M->15.50M 1.466ms
[479.319s] GC(10945) Collect on allocation
[479.321s] GC(10945)   Eden: 15.50M->0.00M
[479.321s] GC(10945)   Survivor: 0.00M->0.00M
[479.321s] GC(10945)   Old: 15.50M->15.50M
[479.321s] GC(10945)   Free: 4.00M->19.00M
[479.321s] GC(10945) Incremental GC (Collect on allocation) 31.00M->15.50M 1.046ms
[479.343s] GC(10946) Collect on allocation
[479.344s] GC(10946)   Eden: 15.00M->0.00M
[479.344s] GC(10946)   Survivor: 0.00M->0.00M
[479.344s] GC(10946)   Old: 15.50M->15.50M
[479.344s] GC(10946)   Free: 4.00M->18.50M
[479.344s] GC(10946) Incremental GC (Collect on allocation) 30.50M->15.50M 0.887ms
[479.367s] GC(10947) Collect on allocation
[479.368s] GC(10947)   Eden: 14.50M->0.00M
[479.368s] GC(10947)   Survivor: 0.00M->0.00M
[479.368s] GC(10947)   Old: 15.50M->15.50M
[479.368s] GC(10947)   Free: 4.00M->18.50M
[479.368s] GC(10947) Incremental GC (Collect on allocation) 30.00M->15.50M 0.972ms
[479.390s] GC(10948) Collect on allocation
[479.391s] GC(10948)   Eden: 16.00M->0.00M
[479.391s] GC(10948)   Survivor: 0.00M->0.00M
[479.391s] GC(10948)   Old: 15.50M->15.50M
[479.391s] GC(10948)   Free: 2.50M->18.50M
[479.391s] GC(10948) Incremental GC (Collect on allocation) 31.50M->15.50M 1.025ms
[479.416s] GC(10949) Collect on allocation
[479.417s] GC(10949)   Eden: 17.50M->0.00M
[479.417s] GC(10949)   Survivor: 0.00M->0.00M
[479.417s] GC(10949)   Old: 15.50M->15.50M
[479.417s] GC(10949)   Free: 1.00M->18.50M
[479.417s] GC(10949) Incremental GC (Collect on allocation) 33.00M->15.50M 0.857ms
[479.450s] GC(10950) Collect on allocation
[479.451s] GC(10950)   Eden: 19.00M->0.00M
[479.451s] GC(10950)   Survivor: 0.00M->0.00M
[479.451s] GC(10950)   Old: 15.50M->15.50M
[479.451s] GC(10950)   Free: 0.00M->19.00M
[479.451s] GC(10950) Incremental GC (Collect on allocation) 34.50M->15.50M 1.134ms
[479.486s] GC(10951) Collect on allocation
[479.502s] GC(10951)   Eden: 20.50M->0.00M
[479.502s] GC(10951)   Survivor: 0.00M->0.00M
[479.502s] GC(10951)   Old: 15.50M->15.50M
[479.502s] GC(10951)   Free: 0.00M->20.50M
[479.502s] GC(10951) Full GC (Collect on allocation) 36.00M->15.50M 15.578ms
[479.561s] GC(10952) Collect on allocation
[479.562s] GC(10952)   Eden: 22.00M->0.00M
[479.562s] GC(10952)   Survivor: 0.00M->0.00M
[479.562s] GC(10952)   Old: 15.50M->15.50M
[479.562s] GC(10952)   Free: 0.00M->22.00M
[479.562s] GC(10952) Incremental GC (Collect on allocation) 37.50M->15.50M 1.228ms
[479.596s] GC(10953) Collect on allocation
[479.597s] GC(10953)   Eden: 21.50M->0.00M
[479.597s] GC(10953)   Survivor: 0.00M->0.00M
[479.597s] GC(10953)   Old: 15.50M->15.50M
[479.597s] GC(10953)   Free: 0.50M->22.00M
[479.597s] GC(10953) Incremental GC (Collect on allocation) 37.00M->15.50M 0.692ms
[479.634s] GC(10954) Collect on allocation
[479.635s] GC(10954)   Eden: 21.00M->0.00M
[479.635s] GC(10954)   Survivor: 0.00M->0.00M
[479.635s] GC(10954)   Old: 15.50M->15.50M
[479.635s] GC(10954)   Free: 1.00M->22.00M
[479.635s] GC(10954) Incremental GC (Collect on allocation) 36.50M->15.50M 0.915ms
[479.687s] GC(10955) Collect on allocation
[479.688s] GC(10955)   Eden: 20.50M->0.00M
[479.688s] GC(10955)   Survivor: 0.00M->0.00M
[479.688s] GC(10955)   Old: 15.50M->15.50M
[479.688s] GC(10955)   Free: 1.50M->22.00M
[479.688s] GC(10955) Incremental GC (Collect on allocation) 36.00M->15.50M 1.196ms
[479.722s] GC(10956) Collect on allocation
[479.723s] GC(10956)   Eden: 20.00M->0.00M
[479.723s] GC(10956)   Survivor: 0.00M->0.00M
[479.723s] GC(10956)   Old: 15.50M->15.50M
[479.723s] GC(10956)   Free: 2.00M->22.00M
[479.723s] GC(10956) Incremental GC (Collect on allocation) 35.50M->15.50M 0.724ms
[479.769s] GC(10957) Collect on allocation
[479.771s] GC(10957)   Eden: 19.50M->0.00M
[479.771s] GC(10957)   Survivor: 0.00M->0.00M
[479.771s] GC(10957)   Old: 15.50M->15.50M
[479.771s] GC(10957)   Free: 2.50M->22.00M
[479.771s] GC(10957) Incremental GC (Collect on allocation) 35.00M->15.50M 1.598ms
[479.820s] GC(10958) Collect on allocation
[479.821s] GC(10958)   Eden: 19.00M->0.00M
[479.821s] GC(10958)   Survivor: 0.00M->0.00M
[479.821s] GC(10958)   Old: 15.50M->15.50M
[479.821s] GC(10958)   Free: 3.00M->22.00M
[479.821s] GC(10958) Incremental GC (Collect on allocation) 34.50M->15.50M 0.941ms
[479.858s] GC(10959) Collect on allocation
[479.859s] GC(10959)   Eden: 18.50M->0.00M
[479.859s] GC(10959)   Survivor: 0.00M->0.00M
[479.859s] GC(10959)   Old: 15.50M->15.50M
[479.859s] GC(10959)   Free: 3.50M->22.00M
[479.859s] GC(10959) Incremental GC (Collect on allocation) 34.00M->15.50M 0.964ms
[479.903s] GC(10960) Collect on allocation
[479.903s] GC(10960)   Eden: 18.00M->0.00M
[479.904s] GC(10960)   Survivor: 0.00M->0.00M
[479.904s] GC(10960)   Old: 15.50M->15.50M
[479.904s] GC(10960)   Free: 4.00M->21.50M
[479.904s] GC(10960) Incremental GC (Collect on allocation) 33.50M->15.50M 0.709ms
[479.939s] GC(10961) Collect on allocation
[479.940s] GC(10961)   Eden: 17.50M->0.00M
[479.941s] GC(10961)   Survivor: 0.00M->0.00M
[479.941s] GC(10961)   Old: 15.50M->15.50M
[479.941s] GC(10961)   Free: 4.00M->21.00M
[479.941s] GC(10961) Incremental GC (Collect on allocation) 33.00M->15.50M 0.746ms
[479.970s] GC(10962) Collect on allocation
[479.971s] GC(10962)   Eden: 17.00M->0.00M
[479.971s] GC(10962)   Survivor: 0.00M->0.00M
[479.971s] GC(10962)   Old: 15.50M->15.50M
[479.971s] GC(10962)   Free: 4.00M->20.50M
[479.971s] GC(10962) Incremental GC (Collect on allocation) 32.50M->15.50M 0.966ms
[479.996s] GC(10963) Collect on allocation
[479.997s] GC(10963)   Eden: 16.50M->0.00M
[479.997s] GC(10963)   Survivor: 0.00M->0.00M
[479.997s] GC(10963)   Old: 15.50M->15.50M
[479.997s] GC(10963)   Free: 4.00M->20.00M
[479.997s] GC(10963) Incremental GC (Collect on allocation) 32.00M->15.50M 0.725ms
[480.026s] GC(10964) Collect on allocation
[480.027s] GC(10964)   Eden: 16.00M->0.00M
[480.027s] GC(10964)   Survivor: 0.00M->0.00M
[480.027s] GC(10964)   Old: 15.50M->15.50M
[480.027s] GC(10964)   Free: 4.00M->19.50M
[480.027s] GC(10964) Incremental GC (Collect on allocation) 31.50M->15.50M 0.762ms
[480.088s] GC(10965) Collect on allocation
[480.089s] GC(10965)   Eden: 15.50M->0.00M
[480.089s] GC(10965)   Survivor: 0.00M->0.00M
[480.089s] GC(10965)   Old: 15.50M->15.50M
[480.089s] GC(10965)   Free: 4.00M->19.00M
[480.089s] GC(10965) Incremental GC (Collect on allocation) 31.00M->15.50M 0.955ms
[480.128s] GC(10966) Collect on allocation
[480.130s] GC(10966)   Eden: 15.00M->0.00M
[480.130s] GC(10966)   Survivor: 0.00M->0.00M
[480.130s] GC(10966)   Old: 15.50M->15.50M
[480.130s] GC(10966)   Free: 4.00M->18.50M
[480.130s] GC(10966) Incremental GC (Collect on allocation) 30.50M->15.50M 1.360ms
[480.215s] GC(10967) Collect on allocation
[480.216s] GC(10967)   Eden: 14.50M->0.00M
[480.216s] GC(10967)   Survivor: 0.00M->0.00M
[480.216s] GC(10967)   Old: 15.50M->15.50M
[480.216s] GC(10967)   Free: 4.00M->18.00M
[480.216s] GC(10967) Incremental GC (Collect on allocation) 30.00M->15.50M 0.846ms
[480.284s] GC(10968) Collect on allocation
[480.286s] GC(10968)   Eden: 14.00M->0.00M
[480.286s] GC(10968)   Survivor: 0.00M->0.00M
[480.286s] GC(10968)   Old: 15.50M->15.50M
[480.286s] GC(10968)   Free: 4.00M->17.50M
[480.286s] GC(10968) Incremental GC (Collect on allocation) 29.50M->15.50M 1.096ms
[480.310s] GC(10969) Collect on allocation
[480.311s] GC(10969)   Eden: 13.50M->0.00M
[480.311s] GC(10969)   Survivor: 0.00M->0.00M
[480.311s] GC(10969)   Old: 15.50M->15.50M
[480.311s] GC(10969)   Free: 4.00M->17.00M
[480.311s] GC(10969) Incremental GC (Collect on allocation) 29.00M->15.50M 0.917ms
[480.335s] GC(10970) Collect on allocation
[480.336s] GC(10970)   Eden: 13.00M->0.00M
[480.336s] GC(10970)   Survivor: 0.00M->0.00M
[480.336s] GC(10970)   Old: 15.50M->15.50M
[480.336s] GC(10970)   Free: 4.00M->16.50M
[480.336s] GC(10970) Incremental GC (Collect on allocation) 28.50M->15.50M 0.815ms
[480.359s] GC(10971) Collect on allocation
[480.360s] GC(10971)   Eden: 12.50M->0.00M
[480.361s] GC(10971)   Survivor: 0.00M->0.00M
[480.361s] GC(10971)   Old: 15.50M->15.50M
[480.361s] GC(10971)   Free: 4.00M->16.00M
[480.361s] GC(10971) Incremental GC (Collect on allocation) 28.00M->15.50M 1.128ms
[480.388s] GC(10972) Collect on allocation
[480.389s] GC(10972)   Eden: 12.00M->0.00M
[480.389s] GC(10972)   Survivor: 0.00M->0.00M
[480.389s] GC(10972)   Old: 15.50M->15.50M
[480.389s] GC(10972)   Free: 4.00M->15.50M
[480.389s] GC(10972) Incremental GC (Collect on allocation) 27.50M->15.50M 0.806ms
[480.413s] GC(10973) Collect on allocation
[480.414s] GC(10973)   Eden: 11.50M->0.00M
[480.414s] GC(10973)   Survivor: 0.00M->0.00M
[480.414s] GC(10973)   Old: 15.50M->15.50M
[480.414s] GC(10973)   Free: 4.00M->15.00M
[480.414s] GC(10973) Incremental GC (Collect on allocation) 27.00M->15.50M 0.837ms
[480.434s] GC(10974) Collect on allocation
[480.435s] GC(10974)   Eden: 11.00M->0.00M
[480.435s] GC(10974)   Survivor: 0.00M->0.00M
[480.435s] GC(10974)   Old: 15.50M->15.50M
[480.435s] GC(10974)   Free: 4.00M->14.50M
[480.435s] GC(10974) Incremental GC (Collect on allocation) 26.50M->15.50M 0.844ms
[480.459s] GC(10975) Collect on allocation
[480.460s] GC(10975)   Eden: 10.50M->0.00M
[480.460s] GC(10975)   Survivor: 0.00M->0.00M
[480.460s] GC(10975)   Old: 15.50M->15.50M
[480.460s] GC(10975)   Free: 4.00M->14.00M
[480.460s] GC(10975) Incremental GC (Collect on allocation) 26.00M->15.50M 0.821ms
[480.476s] GC(10976) Collect on allocation
[480.477s] GC(10976)   Eden: 10.00M->0.00M
[480.477s] GC(10976)   Survivor: 0.00M->0.00M
[480.477s] GC(10976)   Old: 15.50M->15.50M
[480.477s] GC(10976)   Free: 4.00M->14.00M
[480.477s] GC(10976) Incremental GC (Collect on allocation) 25.50M->15.50M 0.952ms
[480.491s] GC(10977) Collect on allocation
[480.492s] GC(10977)   Eden: 11.00M->0.00M
[480.492s] GC(10977)   Survivor: 0.00M->0.00M
[480.492s] GC(10977)   Old: 15.50M->15.50M
[480.492s] GC(10977)   Free: 3.00M->14.00M
[480.492s] GC(10977) Incremental GC (Collect on allocation) 26.50M->15.50M 1.012ms
[480.518s] GC(10978) Collect on allocation
[480.520s] GC(10978)   Eden: 12.50M->0.00M
[480.520s] GC(10978)   Survivor: 0.00M->0.00M
[480.520s] GC(10978)   Old: 15.50M->15.50M
[480.520s] GC(10978)   Free: 1.50M->14.00M
[480.520s] GC(10978) Incremental GC (Collect on allocation) 28.00M->15.50M 1.809ms
[480.551s] GC(10979) Collect on allocation
[480.552s] GC(10979)   Eden: 14.00M->0.00M
[480.552s] GC(10979)   Survivor: 0.00M->0.00M
[480.552s] GC(10979)   Old: 15.50M->15.50M
[480.552s] GC(10979)   Free: 0.00M->14.00M
[480.552s] GC(10979) Incremental GC (Collect on allocation) 29.50M->15.50M 0.842ms
[480.579s] GC(10980) Collect on allocation
[480.580s] GC(10980)   Eden: 15.50M->0.00M
[480.580s] GC(10980)   Survivor: 0.00M->0.00M
[480.580s] GC(10980)   Old: 15.50M->15.50M
[480.580s] GC(10980)   Free: 0.00M->15.50M
[480.580s] GC(10980) Incremental GC (Collect on allocation) 31.00M->15.50M 0.926ms
[480.610s] GC(10981) Collect on allocation
[480.611s] GC(10981)   Eden: 17.00M->0.00M
[480.611s] GC(10981)   Survivor: 0.00M->0.00M
[480.611s] GC(10981)   Old: 15.50M->15.50M
[480.611s] GC(10981)   Free: 0.00M->17.00M
[480.611s] GC(10981) Incremental GC (Collect on allocation) 32.50M->15.50M 0.904ms
[480.647s] GC(10982) Collect on allocation
[480.648s] GC(10982)   Eden: 18.50M->0.00M
[480.648s] GC(10982)   Survivor: 0.00M->0.00M
[480.648s] GC(10982)   Old: 15.50M->15.50M
[480.648s] GC(10982)   Free: 0.00M->18.50M
[480.648s] GC(10982) Incremental GC (Collect on allocation) 34.00M->15.50M 0.949ms
[480.699s] GC(10983) Collect on allocation
[480.700s] GC(10983)   Eden: 20.00M->0.00M
[480.700s] GC(10983)   Survivor: 0.00M->0.00M
[480.700s] GC(10983)   Old: 15.50M->15.50M
[480.700s] GC(10983)   Free: 0.00M->20.00M
[480.700s] GC(10983) Incremental GC (Collect on allocation) 35.50M->15.50M 1.201ms
[480.741s] GC(10984) Collect on allocation
[480.757s] GC(10984)   Eden: 19.50M->0.00M
[480.757s] GC(10984)   Survivor: 0.00M->0.00M
[480.757s] GC(10984)   Old: 15.50M->15.50M
[480.757s] GC(10984)   Free: 0.50M->20.00M
[480.757s] GC(10984) Full GC (Collect on allocation) 35.00M->15.50M 15.406ms
[480.794s] GC(10985) Collect on allocation
[480.795s] GC(10985)   Eden: 18.50M->0.00M
[480.795s] GC(10985)   Survivor: 0.00M->0.00M
[480.795s] GC(10985)   Old: 15.50M->15.50M
[480.795s] GC(10985)   Free: 1.50M->20.00M
[480.795s] GC(10985) Incremental GC (Collect on allocation) 34.00M->15.50M 0.801ms
[480.828s] GC(10986) Collect on allocation
[480.829s] GC(10986)   Eden: 18.00M->0.00M
[480.829s] GC(10986)   Survivor: 0.00M->0.00M
[480.829s] GC(10986)   Old: 15.50M->15.50M
[480.829s] GC(10986)   Free: 2.00M->20.00M
[480.829s] GC(10986) Incremental GC (Collect on allocation) 33.50M->15.50M 0.646ms
[480.871s] GC(10987) Collect on allocation
[480.872s] GC(10987)   Eden: 17.50M->0.00M
[480.872s] GC(10987)   Survivor: 0.00M->0.00M
[480.872s] GC(10987)   Old: 15.50M->15.50M
[480.872s] GC(10987)   Free: 2.50M->20.00M
[480.872s] GC(10987) Incremental GC (Collect on allocation) 33.00M->15.50M 0.691ms
[480.911s] GC(10988) Collect on allocation
[480.912s] GC(10988)   Eden: 17.00M->0.00M
[480.912s] GC(10988)   Survivor: 0.00M->0.00M
[480.912s] GC(10988)   Old: 15.50M->15.50M
[480.912s] GC(10988)   Free: 3.00M->20.00M
[480.912s] GC(10988) Incremental GC (Collect on allocation) 32.50M->15.50M 0.749ms
[480.962s] GC(10989) Collect on allocation
[480.963s] GC(10989)   Eden: 16.50M->0.00M
[480.963s] GC(10989)   Survivor: 0.00M->0.00M
[480.963s] GC(10989)   Old: 15.50M->15.50M
[480.963s] GC(10989)   Free: 3.50M->20.00M
[480.963s] GC(10989) Incremental GC (Collect on allocation) 32.00M->15.50M 0.746ms
[480.999s] GC(10990) Collect on allocation
[481.000s] GC(10990)   Eden: 16.00M->0.00M
[481.000s] GC(10990)   Survivor: 0.00M->0.00M
[481.000s] GC(10990)   Old: 15.50M->15.50M
[481.000s] GC(10990)   Free: 4.00M->19.50M
[481.000s] GC(10990) Incremental GC (Collect on allocation) 31.50M->15.50M 0.703ms
[481.029s] GC(10991) Collect on allocation
[481.029s] GC(10991)   Eden: 15.50M->0.00M
[481.029s] GC(10991)   Survivor: 0.00M->0.00M
[481.029s] GC(10991)   Old: 15.50M->15.50M
[481.029s] GC(10991)   Free: 4.00M->19.00M
[481.029s] GC(10991) Incremental GC (Collect on allocation) 31.00M->15.50M 0.641ms
[481.059s] GC(10992) Collect on allocation
[481.060s] GC(10992)   Eden: 15.00M->0.00M
[481.060s] GC(10992)   Survivor: 0.00M->0.00M
[481.060s] GC(10992)   Old: 15.50M->15.50M
[481.060s] GC(10992)   Free: 4.00M->18.50M
[481.060s] GC(10992) Incremental GC (Collect on allocation) 30.50M->15.50M 0.668ms
[481.130s] GC(10993) Collect on allocation
[481.132s] GC(10993)   Eden: 14.50M->0.00M
[481.132s] GC(10993)   Survivor: 0.00M->0.00M
[481.132s] GC(10993)   Old: 15.50M->15.50M
[481.132s] GC(10993)   Free: 4.00M->18.00M
[481.132s] GC(10993) Incremental GC (Collect on allocation) 30.00M->15.50M 1.523ms
[481.203s] GC(10994) Collect on allocation
[481.204s] GC(10994)   Eden: 14.00M->0.00M
[481.204s] GC(10994)   Survivor: 0.00M->0.00M
[481.204s] GC(10994)   Old: 15.50M->15.50M
[481.204s] GC(10994)   Free: 4.00M->17.50M
[481.204s] GC(10994) Incremental GC (Collect on allocation) 29.50M->15.50M 0.985ms
[481.235s] GC(10995) Collect on allocation
[481.236s] GC(10995)   Eden: 13.50M->0.00M
[481.236s] GC(10995)   Survivor: 0.00M->0.00M
[481.236s] GC(10995)   Old: 15.50M->15.50M
[481.236s] GC(10995)   Free: 4.00M->17.00M
[481.236s] GC(10995) Incremental GC (Collect on allocation) 29.00M->15.50M 0.694ms
[481.262s] GC(10996) Collect on allocation
[481.263s] GC(10996)   Eden: 13.00M->0.00M
[481.263s] GC(10996)   Survivor: 0.00M->0.00M
[481.263s] GC(10996)   Old: 15.50M->15.50M
[481.263s] GC(10996)   Free: 4.00M->16.50M
[481.263s] GC(10996) Incremental GC (Collect on allocation) 28.50M->15.50M 1.229ms
[481.289s] GC(10997) Collect on allocation
[481.290s] GC(10997)   Eden: 12.50M->0.00M
[481.290s] GC(10997)   Survivor: 0.00M->0.00M
[481.290s] GC(10997)   Old: 15.50M->15.50M
[481.290s] GC(10997)   Free: 4.00M->16.00M
[481.290s] GC(10997) Incremental GC (Collect on allocation) 28.00M->15.50M 0.828ms
[481.316s] GC(10998) Collect on allocation
[481.317s] GC(10998)   Eden: 12.00M->0.00M
[481.317s] GC(10998)   Survivor: 0.00M->0.00M
[481.317s] GC(10998)   Old: 15.50M->15.50M
[481.317s] GC(10998)   Free: 4.00M->15.50M
[481.317s] GC(10998) Incremental GC (Collect on allocation) 27.50M->15.50M 1.006ms
[481.344s] GC(10999) Collect on allocation
[481.345s] GC(10999)   Eden: 11.50M->0.00M
[481.345s] GC(10999)   Survivor: 0.00M->0.00M
[481.345s] GC(10999)   Old: 15.50M->15.50M
[481.345s] GC(10999)   Free: 4.00M->15.00M
[481.345s] GC(10999) Incremental GC (Collect on allocation) 27.00M->15.50M 0.827ms
[481.368s] GC(11000) Collect on allocation
[481.368s] GC(11000)   Eden: 11.00M->0.00M
[481.369s] GC(11000)   Survivor: 0.00M->0.00M
[481.369s] GC(11000)   Old: 15.50M->15.50M
[481.369s] GC(11000)   Free: 4.00M->14.50M
[481.369s] GC(11000) Incremental GC (Collect on allocation) 26.50M->15.50M 0.833ms
[481.390s] GC(11001) Collect on allocation
[481.391s] GC(11001)   Eden: 10.50M->0.00M
[481.391s] GC(11001)   Survivor: 0.00M->0.00M
[481.391s] GC(11001)   Old: 15.50M->15.50M
[481.391s] GC(11001)   Free: 4.00M->14.00M
[481.391s] GC(11001) Incremental GC (Collect on allocation) 26.00M->15.50M 0.949ms
[481.407s] GC(11002) Collect on allocation
[481.408s] GC(11002)   Eden: 10.00M->0.00M
[481.408s] GC(11002)   Survivor: 0.00M->0.00M
[481.408s] GC(11002)   Old: 15.50M->15.50M
[481.408s] GC(11002)   Free: 4.00M->14.00M
[481.408s] GC(11002) Incremental GC (Collect on allocation) 25.50M->15.50M 0.865ms
[481.441s] GC(11003) Collect on allocation
[481.443s] GC(11003)   Eden: 11.00M->0.00M
[481.443s] GC(11003)   Survivor: 0.00M->0.00M
[481.443s] GC(11003)   Old: 15.50M->15.50M
[481.443s] GC(11003)   Free: 3.00M->14.00M
[481.443s] GC(11003) Incremental GC (Collect on allocation) 26.50M->15.50M 1.651ms
[481.479s] GC(11004) Collect on allocation
[481.480s] GC(11004)   Eden: 12.50M->0.00M
[481.480s] GC(11004)   Survivor: 0.00M->0.00M
[481.480s] GC(11004)   Old: 15.50M->15.50M
[481.480s] GC(11004)   Free: 1.50M->14.00M
[481.480s] GC(11004) Incremental GC (Collect on allocation) 28.00M->15.50M 0.899ms
[481.505s] GC(11005) Collect on allocation
[481.506s] GC(11005)   Eden: 14.00M->0.00M
[481.506s] GC(11005)   Survivor: 0.00M->0.00M
[481.506s] GC(11005)   Old: 15.50M->15.50M
[481.506s] GC(11005)   Free: 0.00M->14.00M
[481.506s] GC(11005) Incremental GC (Collect on allocation) 29.50M->15.50M 1.107ms
[481.532s] GC(11006) Collect on allocation
[481.533s] GC(11006)   Eden: 15.50M->0.00M
[481.533s] GC(11006)   Survivor: 0.00M->0.00M
[481.533s] GC(11006)   Old: 15.50M->15.50M
[481.533s] GC(11006)   Free: 0.00M->15.50M
[481.533s] GC(11006) Incremental GC (Collect on allocation) 31.00M->15.50M 0.952ms
[481.567s] GC(11007) Collect on allocation
[481.568s] GC(11007)   Eden: 17.00M->0.00M
[481.568s] GC(11007)   Survivor: 0.00M->0.00M
[481.568s] GC(11007)   Old: 15.50M->15.50M
[481.568s] GC(11007)   Free: 0.00M->17.00M
[481.568s] GC(11007) Incremental GC (Collect on allocation) 32.50M->15.50M 0.950ms
[481.609s] GC(11008) Collect on allocation
[481.611s] GC(11008)   Eden: 16.50M->0.00M
[481.611s] GC(11008)   Survivor: 0.00M->0.00M
[481.611s] GC(11008)   Old: 15.50M->15.50M
[481.611s] GC(11008)   Free: 0.50M->17.00M
[481.611s] GC(11008) Incremental GC (Collect on allocation) 32.00M->15.50M 1.663ms
[481.646s] GC(11009) Collect on allocation
[481.647s] GC(11009)   Eden: 16.00M->0.00M
[481.647s] GC(11009)   Survivor: 0.00M->0.00M
[481.647s] GC(11009)   Old: 15.50M->15.50M
[481.647s] GC(11009)   Free: 1.00M->17.00M
[481.647s] GC(11009) Incremental GC (Collect on allocation) 31.50M->15.50M 0.898ms
[481.679s] GC(11010) Collect on allocation
[481.680s] GC(11010)   Eden: 15.50M->0.00M
[481.680s] GC(11010)   Survivor: 0.00M->0.00M
[481.680s] GC(11010)   Old: 15.50M->15.50M
[481.680s] GC(11010)   Free: 1.50M->17.00M
[481.680s] GC(11010) Incremental GC (Collect on allocation) 31.00M->15.50M 0.902ms
[481.722s] GC(11011) Collect on allocation
[481.723s] GC(11011)   Eden: 15.00M->0.00M
[481.723s] GC(11011)   Survivor: 0.00M->0.00M
[481.723s] GC(11011)   Old: 15.50M->15.50M
[481.723s] GC(11011)   Free: 2.00M->17.00M
[481.723s] GC(11011) Incremental GC (Collect on allocation) 30.50M->15.50M 1.016ms
[481.755s] GC(11012) Collect on allocation
[481.756s] GC(11012)   Eden: 14.50M->0.00M
[481.756s] GC(11012)   Survivor: 0.00M->0.00M
[481.756s] GC(11012)   Old: 15.50M->15.50M
[481.756s] GC(11012)   Free: 2.50M->17.00M
[481.756s] GC(11012) Incremental GC (Collect on allocation) 30.00M->15.50M 0.992ms
[481.781s] GC(11013) Collect on allocation
[481.782s] GC(11013)   Eden: 14.00M->0.00M
[481.782s] GC(11013)   Survivor: 0.00M->0.00M
[481.782s] GC(11013)   Old: 15.50M->15.50M
[481.782s] GC(11013)   Free: 3.00M->17.00M
[481.782s] GC(11013) Incremental GC (Collect on allocation) 29.50M->15.50M 0.818ms
[481.805s] GC(11014) Collect on allocation
[481.806s] GC(11014)   Eden: 13.50M->0.00M
[481.806s] GC(11014)   Survivor: 0.00M->0.00M
[481.806s] GC(11014)   Old: 15.50M->15.50M
[481.806s] GC(11014)   Free: 3.50M->17.00M
[481.806s] GC(11014) Incremental GC (Collect on allocation) 29.00M->15.50M 0.941ms
[481.827s] GC(11015) Collect on allocation
[481.828s] GC(11015)   Eden: 13.00M->0.00M
[481.828s] GC(11015)   Survivor: 0.00M->0.00M
[481.828s] GC(11015)   Old: 15.50M->15.50M
[481.828s] GC(11015)   Free: 4.00M->16.50M
[481.828s] GC(11015) Incremental GC (Collect on allocation) 28.50M->15.50M 0.910ms
[481.849s] GC(11016) Collect on allocation
[481.850s] GC(11016)   Eden: 12.50M->0.00M
[481.850s] GC(11016)   Survivor: 0.00M->0.00M
[481.850s] GC(11016)   Old: 15.50M->15.50M
[481.850s] GC(11016)   Free: 4.00M->16.50M
[481.850s] GC(11016) Incremental GC (Collect on allocation) 28.00M->15.50M 0.978ms
[481.871s] GC(11017) Collect on allocation
[481.888s] GC(11017)   Eden: 14.00M->0.00M
[481.888s] GC(11017)   Survivor: 0.00M->0.00M
[481.888s] GC(11017)   Old: 15.50M->15.50M
[481.888s] GC(11017)   Free: 2.50M->16.50M
[481.888s] GC(11017) Full GC (Collect on allocation) 29.50M->15.50M 16.773ms
[481.930s] GC(11018) Collect on allocation
[481.931s] GC(11018)   Eden: 17.00M->0.00M
[481.931s] GC(11018)   Survivor: 0.00M->0.00M
[481.931s] GC(11018)   Old: 15.50M->15.50M
[481.931s] GC(11018)   Free: 0.00M->17.00M
[481.931s] GC(11018) Incremental GC (Collect on allocation) 32.50M->15.50M 0.899ms
[481.966s] GC(11019) Collect on allocation
[481.967s] GC(11019)   Eden: 16.50M->0.00M
[481.967s] GC(11019)   Survivor: 0.00M->0.00M
[481.967s] GC(11019)   Old: 15.50M->15.50M
[481.967s] GC(11019)   Free: 0.50M->17.00M
[481.967s] GC(11019) Incremental GC (Collect on allocation) 32.00M->15.50M 0.641ms
[481.993s] GC(11020) Collect on allocation
[481.994s] GC(11020)   Eden: 16.00M->0.00M
[481.994s] GC(11020)   Survivor: 0.00M->0.00M
[481.994s] GC(11020)   Old: 15.50M->15.50M
[481.994s] GC(11020)   Free: 1.00M->17.00M
[481.994s] GC(11020) Incremental GC (Collect on allocation) 31.50M->15.50M 0.636ms
[482.027s] GC(11021) Collect on allocation
[482.028s] GC(11021)   Eden: 15.50M->0.00M
[482.029s] GC(11021)   Survivor: 0.00M->0.00M
[482.029s] GC(11021)   Old: 15.50M->15.50M
[482.029s] GC(11021)   Free: 1.50M->17.00M
[482.029s] GC(11021) Incremental GC (Collect on allocation) 31.00M->15.50M 1.007ms
[482.077s] GC(11022) Collect on allocation
[482.078s] GC(11022)   Eden: 15.00M->0.00M
[482.078s] GC(11022)   Survivor: 0.00M->0.00M
[482.078s] GC(11022)   Old: 15.50M->15.50M
[482.078s] GC(11022)   Free: 2.00M->17.00M
[482.078s] GC(11022) Incremental GC (Collect on allocation) 30.50M->15.50M 0.667ms
[482.129s] GC(11023) Collect on allocation
[482.130s] GC(11023)   Eden: 14.50M->0.00M
[482.130s] GC(11023)   Survivor: 0.00M->0.00M
[482.130s] GC(11023)   Old: 15.50M->15.50M
[482.130s] GC(11023)   Free: 2.50M->17.00M
[482.130s] GC(11023) Incremental GC (Collect on allocation) 30.00M->15.50M 0.729ms
[482.158s] GC(11024) Collect on allocation
[482.159s] GC(11024)   Eden: 14.00M->0.00M
[482.159s] GC(11024)   Survivor: 0.00M->0.00M
[482.159s] GC(11024)   Old: 15.50M->15.50M
[482.159s] GC(11024)   Free: 3.00M->17.00M
[482.159s] GC(11024) Incremental GC (Collect on allocation) 29.50M->15.50M 0.934ms
[482.195s] GC(11025) Collect on allocation
[482.196s] GC(11025)   Eden: 13.50M->0.00M
[482.196s] GC(11025)   Survivor: 0.00M->0.00M
[482.196s] GC(11025)   Old: 15.50M->15.50M
[482.196s] GC(11025)   Free: 3.50M->17.00M
[482.196s] GC(11025) Incremental GC (Collect on allocation) 29.00M->15.50M 0.926ms
[482.232s] GC(11026) Collect on allocation
[482.233s] GC(11026)   Eden: 13.00M->0.00M
[482.233s] GC(11026)   Survivor: 0.00M->0.00M
[482.233s] GC(11026)   Old: 15.50M->15.50M
[482.233s] GC(11026)   Free: 4.00M->16.50M
[482.233s] GC(11026) Incremental GC (Collect on allocation) 28.50M->15.50M 0.900ms
[482.272s] GC(11027) Collect on allocation
[482.273s] GC(11027)   Eden: 12.50M->0.00M
[482.273s] GC(11027)   Survivor: 0.00M->0.00M
[482.274s] GC(11027)   Old: 15.50M->15.50M
[482.274s] GC(11027)   Free: 4.00M->16.00M
[482.274s] GC(11027) Incremental GC (Collect on allocation) 28.00M->15.50M 1.013ms
[482.367s] GC(11028) Collect on allocation
[482.368s] GC(11028)   Eden: 12.00M->0.00M
[482.368s] GC(11028)   Survivor: 0.00M->0.00M
[482.368s] GC(11028)   Old: 15.50M->15.50M
[482.368s] GC(11028)   Free: 4.00M->15.50M
[482.368s] GC(11028) Incremental GC (Collect on allocation) 27.50M->15.50M 0.826ms
[482.413s] GC(11029) Collect on allocation
[482.415s] GC(11029)   Eden: 11.50M->0.00M
[482.415s] GC(11029)   Survivor: 0.00M->0.00M
[482.415s] GC(11029)   Old: 15.50M->15.50M
[482.415s] GC(11029)   Free: 4.00M->15.00M
[482.415s] GC(11029) Incremental GC (Collect on allocation) 27.00M->15.50M 1.562ms
[482.449s] GC(11030) Collect on allocation
[482.450s] GC(11030)   Eden: 11.00M->0.00M
[482.450s] GC(11030)   Survivor: 0.00M->0.00M
[482.450s] GC(11030)   Old: 15.50M->15.50M
[482.450s] GC(11030)   Free: 4.00M->14.50M
[482.450s] GC(11030) Incremental GC (Collect on allocation) 26.50M->15.50M 0.771ms
[482.463s] GC(11031) Collect on allocation
[482.464s] GC(11031)   Eden: 10.50M->0.00M
[482.464s] GC(11031)   Survivor: 0.00M->0.00M
[482.464s] GC(11031)   Old: 15.50M->15.50M
[482.464s] GC(11031)   Free: 4.00M->14.00M
[482.464s] GC(11031) Incremental GC (Collect on allocation) 26.00M->15.50M 0.755ms
[482.479s] GC(11032) Collect on allocation
[482.480s] GC(11032)   Eden: 10.00M->0.00M
[482.480s] GC(11032)   Survivor: 0.00M->0.00M
[482.480s] GC(11032)   Old: 15.50M->15.50M
[482.480s] GC(11032)   Free: 4.00M->13.50M
[482.480s] GC(11032) Incremental GC (Collect on allocation) 25.50M->15.50M 0.716ms
[482.517s] GC(11033) Collect on allocation
[482.519s] GC(11033)   Eden: 9.50M->0.00M
[482.519s] GC(11033)   Survivor: 0.00M->0.00M
[482.519s] GC(11033)   Old: 15.50M->15.50M
[482.519s] GC(11033)   Free: 4.00M->13.00M
[482.519s] GC(11033) Incremental GC (Collect on allocation) 25.00M->15.50M 0.970ms
[482.545s] GC(11034) Collect on allocation
[482.546s] GC(11034)   Eden: 9.00M->0.00M
[482.546s] GC(11034)   Survivor: 0.00M->0.00M
[482.546s] GC(11034)   Old: 15.50M->15.50M
[482.546s] GC(11034)   Free: 4.00M->12.50M
[482.546s] GC(11034) Incremental GC (Collect on allocation) 24.50M->15.50M 0.709ms
[482.568s] GC(11035) Collect on allocation
[482.569s] GC(11035)   Eden: 8.50M->0.00M
[482.570s] GC(11035)   Survivor: 0.00M->0.00M
[482.570s] GC(11035)   Old: 15.50M->15.50M
[482.570s] GC(11035)   Free: 4.00M->12.50M
[482.570s] GC(11035) Incremental GC (Collect on allocation) 24.00M->15.50M 1.283ms
[482.614s] GC(11036) Collect on allocation
[482.615s] GC(11036)   Eden: 9.50M->0.00M
[482.615s] GC(11036)   Survivor: 0.00M->0.00M
[482.615s] GC(11036)   Old: 15.50M->15.50M
[482.615s] GC(11036)   Free: 3.00M->12.50M
[482.616s] GC(11036) Incremental GC (Collect on allocation) 25.00M->15.50M 1.100ms
[482.639s] GC(11037) Collect on allocation
[482.640s] GC(11037)   Eden: 9.00M->0.00M
[482.640s] GC(11037)   Survivor: 0.00M->0.00M
[482.640s] GC(11037)   Old: 15.50M->15.50M
[482.640s] GC(11037)   Free: 3.50M->12.50M
[482.640s] GC(11037) Incremental GC (Collect on allocation) 24.50M->15.50M 0.867ms
[482.665s] GC(11038) Collect on allocation
[482.667s] GC(11038)   Eden: 8.50M->0.00M
[482.667s] GC(11038)   Survivor: 0.00M->0.00M
[482.667s] GC(11038)   Old: 15.50M->15.50M
[482.667s] GC(11038)   Free: 4.00M->12.50M
[482.667s] GC(11038) Incremental GC (Collect on allocation) 24.00M->15.50M 1.537ms
[482.691s] GC(11039) Collect on allocation
[482.692s] GC(11039)   Eden: 9.50M->0.00M
[482.692s] GC(11039)   Survivor: 0.00M->0.00M
[482.692s] GC(11039)   Old: 15.50M->15.50M
[482.692s] GC(11039)   Free: 3.00M->12.50M
[482.692s] GC(11039) Incremental GC (Collect on allocation) 25.00M->15.50M 0.965ms
[482.715s] GC(11040) Collect on allocation
[482.716s] GC(11040)   Eden: 10.50M->0.00M
[482.716s] GC(11040)   Survivor: 0.00M->0.00M
[482.716s] GC(11040)   Old: 15.50M->15.50M
[482.716s] GC(11040)   Free: 2.00M->12.50M
[482.716s] GC(11040) Incremental GC (Collect on allocation) 26.00M->15.50M 0.756ms
[482.739s] GC(11041) Collect on allocation
[482.740s] GC(11041)   Eden: 12.00M->0.00M
[482.740s] GC(11041)   Survivor: 0.00M->0.00M
[482.740s] GC(11041)   Old: 15.50M->15.50M
[482.740s] GC(11041)   Free: 0.50M->12.50M
[482.740s] GC(11041) Incremental GC (Collect on allocation) 27.50M->15.50M 0.887ms
[482.763s] GC(11042) Collect on allocation
[482.764s] GC(11042)   Eden: 13.50M->0.00M
[482.764s] GC(11042)   Survivor: 0.00M->0.00M
[482.764s] GC(11042)   Old: 15.50M->15.50M
[482.764s] GC(11042)   Free: 0.00M->13.50M
[482.764s] GC(11042) Incremental GC (Collect on allocation) 29.00M->15.50M 0.926ms
[482.788s] GC(11043) Collect on allocation
[482.789s] GC(11043)   Eden: 15.00M->0.00M
[482.789s] GC(11043)   Survivor: 0.00M->0.00M
[482.789s] GC(11043)   Old: 15.50M->15.50M
[482.789s] GC(11043)   Free: 0.00M->15.00M
[482.789s] GC(11043) Incremental GC (Collect on allocation) 30.50M->15.50M 0.900ms
[482.807s] GC(11044) Collect on allocation
[482.808s] GC(11044)   Eden: 16.50M->0.00M
[482.808s] GC(11044)   Survivor: 0.00M->0.00M
[482.808s] GC(11044)   Old: 15.50M->15.50M
[482.808s] GC(11044)   Free: 0.00M->16.50M
[482.808s] GC(11044) Incremental GC (Collect on allocation) 32.00M->15.50M 0.802ms
[482.834s] GC(11045) Collect on allocation
[482.835s] GC(11045)   Eden: 16.00M->0.00M
[482.835s] GC(11045)   Survivor: 0.00M->0.00M
[482.835s] GC(11045)   Old: 15.50M->15.50M
[482.835s] GC(11045)   Free: 0.50M->16.50M
[482.835s] GC(11045) Incremental GC (Collect on allocation) 31.50M->15.50M 0.798ms
[482.857s] GC(11046) Collect on allocation
[482.858s] GC(11046)   Eden: 15.50M->0.00M
[482.858s] GC(11046)   Survivor: 0.00M->0.00M
[482.858s] GC(11046)   Old: 15.50M->15.50M
[482.858s] GC(11046)   Free: 1.00M->16.50M
[482.858s] GC(11046) Incremental GC (Collect on allocation) 31.00M->15.50M 0.813ms
[482.881s] GC(11047) Collect on allocation
[482.882s] GC(11047)   Eden: 15.00M->0.00M
[482.882s] GC(11047)   Survivor: 0.00M->0.00M
[482.882s] GC(11047)   Old: 15.50M->15.50M
[482.882s] GC(11047)   Free: 1.50M->16.50M
[482.882s] GC(11047) Incremental GC (Collect on allocation) 30.50M->15.50M 0.827ms
[482.911s] GC(11048) Collect on allocation
[482.912s] GC(11048)   Eden: 14.50M->0.00M
[482.912s] GC(11048)   Survivor: 0.00M->0.00M
[482.912s] GC(11048)   Old: 15.50M->15.50M
[482.912s] GC(11048)   Free: 2.00M->16.50M
[482.912s] GC(11048) Incremental GC (Collect on allocation) 30.00M->15.50M 0.874ms
[482.959s] GC(11049) Collect on allocation
[482.960s] GC(11049)   Eden: 14.00M->0.00M
[482.960s] GC(11049)   Survivor: 0.00M->0.00M
[482.960s] GC(11049)   Old: 15.50M->15.50M
[482.960s] GC(11049)   Free: 2.50M->16.50M
[482.960s] GC(11049) Incremental GC (Collect on allocation) 29.50M->15.50M 0.816ms
[482.986s] GC(11050) Collect on allocation
[482.987s] GC(11050)   Eden: 13.50M->0.00M
[482.987s] GC(11050)   Survivor: 0.00M->0.00M
[482.987s] GC(11050)   Old: 15.50M->15.50M
[482.987s] GC(11050)   Free: 3.00M->16.50M
[482.987s] GC(11050) Incremental GC (Collect on allocation) 29.00M->15.50M 0.827ms
[483.007s] GC(11051) Collect on allocation
[483.008s] GC(11051)   Eden: 13.00M->0.00M
[483.008s] GC(11051)   Survivor: 0.00M->0.00M
[483.008s] GC(11051)   Old: 15.50M->15.50M
[483.008s] GC(11051)   Free: 3.50M->16.50M
[483.008s] GC(11051) Incremental GC (Collect on allocation) 28.50M->15.50M 0.867ms
[483.026s] GC(11052) Collect on allocation
[483.027s] GC(11052)   Eden: 12.50M->0.00M
[483.027s] GC(11052)   Survivor: 0.00M->0.00M
[483.027s] GC(11052)   Old: 15.50M->15.50M
[483.027s] GC(11052)   Free: 4.00M->16.00M
[483.027s] GC(11052) Incremental GC (Collect on allocation) 28.00M->15.50M 1.058ms
[483.056s] GC(11053) Collect on allocation
[483.073s] GC(11053)   Eden: 12.00M->0.00M
[483.073s] GC(11053)   Survivor: 0.00M->0.00M
[483.073s] GC(11053)   Old: 15.50M->15.50M
[483.073s] GC(11053)   Free: 4.00M->16.00M
[483.073s] GC(11053) Full GC (Collect on allocation) 27.50M->15.50M 17.438ms
[483.100s] GC(11054) Collect on allocation
[483.102s] GC(11054)   Eden: 13.00M->0.00M
[483.102s] GC(11054)   Survivor: 0.00M->0.00M
[483.102s] GC(11054)   Old: 15.50M->15.50M
[483.102s] GC(11054)   Free: 3.00M->16.00M
[483.102s] GC(11054) Incremental GC (Collect on allocation) 28.50M->15.50M 1.917ms
[483.148s] GC(11055) Collect on allocation
[483.149s] GC(11055)   Eden: 12.50M->0.00M
[483.149s] GC(11055)   Survivor: 0.00M->0.00M
[483.150s] GC(11055)   Old: 15.50M->15.50M
[483.150s] GC(11055)   Free: 3.50M->16.00M
[483.150s] GC(11055) Incremental GC (Collect on allocation) 28.00M->15.50M 1.134ms
[483.191s] GC(11056) Collect on allocation
[483.193s] GC(11056)   Eden: 14.00M->0.00M
[483.193s] GC(11056)   Survivor: 0.00M->0.00M
[483.193s] GC(11056)   Old: 15.50M->15.50M
[483.193s] GC(11056)   Free: 2.00M->16.00M
[483.193s] GC(11056) Incremental GC (Collect on allocation) 29.50M->15.50M 1.164ms
[483.221s] GC(11057) Collect on allocation
[483.221s] GC(11057)   Eden: 13.50M->0.00M
[483.221s] GC(11057)   Survivor: 0.00M->0.00M
[483.221s] GC(11057)   Old: 15.50M->15.50M
[483.221s] GC(11057)   Free: 2.50M->16.00M
[483.221s] GC(11057) Incremental GC (Collect on allocation) 29.00M->15.50M 0.678ms
[483.247s] GC(11058) Collect on allocation
[483.248s] GC(11058)   Eden: 13.00M->0.00M
[483.248s] GC(11058)   Survivor: 0.00M->0.00M
[483.248s] GC(11058)   Old: 15.50M->15.50M
[483.248s] GC(11058)   Free: 3.00M->16.00M
[483.248s] GC(11058) Incremental GC (Collect on allocation) 28.50M->15.50M 0.768ms
[483.272s] GC(11059) Collect on allocation
[483.272s] GC(11059)   Eden: 12.50M->0.00M
[483.272s] GC(11059)   Survivor: 0.00M->0.00M
[483.272s] GC(11059)   Old: 15.50M->15.50M
[483.272s] GC(11059)   Free: 3.50M->16.00M
[483.272s] GC(11059) Incremental GC (Collect on allocation) 28.00M->15.50M 0.665ms
[483.290s] GC(11060) Collect on allocation
[483.291s] GC(11060)   Eden: 12.00M->0.00M
[483.291s] GC(11060)   Survivor: 0.00M->0.00M
[483.291s] GC(11060)   Old: 15.50M->15.50M
[483.291s] GC(11060)   Free: 4.00M->15.50M
[483.291s] GC(11060) Incremental GC (Collect on allocation) 27.50M->15.50M 0.667ms
[483.311s] GC(11061) Collect on allocation
[483.313s] GC(11061)   Eden: 11.50M->0.00M
[483.313s] GC(11061)   Survivor: 0.00M->0.00M
[483.313s] GC(11061)   Old: 15.50M->15.50M
[483.313s] GC(11061)   Free: 4.00M->15.00M
[483.313s] GC(11061) Incremental GC (Collect on allocation) 27.00M->15.50M 1.052ms
[483.332s] GC(11062) Collect on allocation
[483.333s] GC(11062)   Eden: 11.00M->0.00M
[483.333s] GC(11062)   Survivor: 0.00M->0.00M
[483.333s] GC(11062)   Old: 15.50M->15.50M
[483.333s] GC(11062)   Free: 4.00M->15.00M
[483.333s] GC(11062) Incremental GC (Collect on allocation) 26.50M->15.50M 0.856ms
[483.352s] GC(11063) Collect on allocation
[483.353s] GC(11063)   Eden: 12.50M->0.00M
[483.353s] GC(11063)   Survivor: 0.00M->0.00M
[483.353s] GC(11063)   Old: 15.50M->15.50M
[483.353s] GC(11063)   Free: 2.50M->15.00M
[483.353s] GC(11063) Incremental GC (Collect on allocation) 28.00M->15.50M 0.898ms
[483.380s] GC(11064) Collect on allocation
[483.381s] GC(11064)   Eden: 14.00M->0.00M
[483.381s] GC(11064)   Survivor: 0.00M->0.00M
[483.381s] GC(11064)   Old: 15.50M->15.50M
[483.381s] GC(11064)   Free: 1.00M->15.00M
[483.381s] GC(11064) Incremental GC (Collect on allocation) 29.50M->15.50M 0.972ms
[483.411s] GC(11065) Collect on allocation
[483.411s] GC(11065)   Eden: 15.50M->0.00M
[483.411s] GC(11065)   Survivor: 0.00M->0.00M
[483.411s] GC(11065)   Old: 15.50M->15.50M
[483.411s] GC(11065)   Free: 0.00M->15.50M
[483.411s] GC(11065) Incremental GC (Collect on allocation) 31.00M->15.50M 0.665ms
[483.441s] GC(11066) Collect on allocation
[483.441s] GC(11066)   Eden: 15.00M->0.00M
[483.441s] GC(11066)   Survivor: 0.00M->0.00M
[483.442s] GC(11066)   Old: 15.50M->15.50M
[483.442s] GC(11066)   Free: 0.50M->15.50M
[483.442s] GC(11066) Incremental GC (Collect on allocation) 30.50M->15.50M 0.841ms
[483.466s] GC(11067) Collect on allocation
[483.467s] GC(11067)   Eden: 14.50M->0.00M
[483.467s] GC(11067)   Survivor: 0.00M->0.00M
[483.467s] GC(11067)   Old: 15.50M->15.50M
[483.467s] GC(11067)   Free: 1.00M->15.50M
[483.467s] GC(11067) Incremental GC (Collect on allocation) 30.00M->15.50M 0.699ms
[483.487s] GC(11068) Collect on allocation
[483.488s] GC(11068)   Eden: 14.00M->0.00M
[483.488s] GC(11068)   Survivor: 0.00M->0.00M
[483.488s] GC(11068)   Old: 15.50M->15.50M
[483.488s] GC(11068)   Free: 1.50M->15.50M
[483.488s] GC(11068) Incremental GC (Collect on allocation) 29.50M->15.50M 0.705ms
[483.511s] GC(11069) Collect on allocation
[483.512s] GC(11069)   Eden: 13.50M->0.00M
[483.512s] GC(11069)   Survivor: 0.00M->0.00M
[483.512s] GC(11069)   Old: 15.50M->15.50M
[483.512s] GC(11069)   Free: 2.00M->15.50M
[483.512s] GC(11069) Incremental GC (Collect on allocation) 29.00M->15.50M 0.849ms
[483.535s] GC(11070) Collect on allocation
[483.536s] GC(11070)   Eden: 13.00M->0.00M
[483.536s] GC(11070)   Survivor: 0.00M->0.00M
[483.536s] GC(11070)   Old: 15.50M->15.50M
[483.536s] GC(11070)   Free: 2.50M->15.50M
[483.536s] GC(11070) Incremental GC (Collect on allocation) 28.50M->15.50M 0.787ms
[483.571s] GC(11071) Collect on allocation
[483.572s] GC(11071)   Eden: 12.50M->0.00M
[483.572s] GC(11071)   Survivor: 0.00M->0.00M
[483.572s] GC(11071)   Old: 15.50M->15.50M
[483.572s] GC(11071)   Free: 3.00M->15.50M
[483.572s] GC(11071) Incremental GC (Collect on allocation) 28.00M->15.50M 0.975ms
[483.594s] GC(11072) Collect on allocation
[483.595s] GC(11072)   Eden: 12.00M->0.00M
[483.595s] GC(11072)   Survivor: 0.00M->0.00M
[483.595s] GC(11072)   Old: 15.50M->15.50M
[483.595s] GC(11072)   Free: 3.50M->15.50M
[483.595s] GC(11072) Incremental GC (Collect on allocation) 27.50M->15.50M 0.863ms
[483.636s] GC(11073) Collect on allocation
[483.637s] GC(11073)   Eden: 11.50M->0.00M
[483.637s] GC(11073)   Survivor: 0.00M->0.00M
[483.637s] GC(11073)   Old: 15.50M->15.50M
[483.637s] GC(11073)   Free: 4.00M->15.00M
[483.637s] GC(11073) Incremental GC (Collect on allocation) 27.00M->15.50M 1.318ms
[483.677s] GC(11074) Collect on allocation
[483.678s] GC(11074)   Eden: 11.00M->0.00M
[483.678s] GC(11074)   Survivor: 0.00M->0.00M
[483.678s] GC(11074)   Old: 15.50M->15.50M
[483.678s] GC(11074)   Free: 4.00M->14.50M
[483.678s] GC(11074) Incremental GC (Collect on allocation) 26.50M->15.50M 1.119ms
[483.694s] GC(11075) Collect on allocation
[483.695s] GC(11075)   Eden: 10.50M->0.00M
[483.695s] GC(11075)   Survivor: 0.00M->0.00M
[483.695s] GC(11075)   Old: 15.50M->15.50M
[483.695s] GC(11075)   Free: 4.00M->14.50M
[483.695s] GC(11075) Incremental GC (Collect on allocation) 26.00M->15.50M 1.106ms
[483.726s] GC(11076) Collect on allocation
[483.727s] GC(11076)   Eden: 12.00M->0.00M
[483.727s] GC(11076)   Survivor: 0.00M->0.00M
[483.727s] GC(11076)   Old: 15.50M->15.50M
[483.727s] GC(11076)   Free: 2.50M->14.50M
[483.727s] GC(11076) Incremental GC (Collect on allocation) 27.50M->15.50M 1.003ms
[483.756s] GC(11077) Collect on allocation
[483.757s] GC(11077)   Eden: 13.50M->0.00M
[483.757s] GC(11077)   Survivor: 0.00M->0.00M
[483.757s] GC(11077)   Old: 15.50M->15.50M
[483.757s] GC(11077)   Free: 1.00M->14.50M
[483.757s] GC(11077) Incremental GC (Collect on allocation) 29.00M->15.50M 1.073ms
[483.783s] GC(11078) Collect on allocation
[483.784s] GC(11078)   Eden: 15.00M->0.00M
[483.784s] GC(11078)   Survivor: 0.00M->0.00M
[483.784s] GC(11078)   Old: 15.50M->15.50M
[483.784s] GC(11078)   Free: 0.00M->15.00M
[483.784s] GC(11078) Incremental GC (Collect on allocation) 30.50M->15.50M 1.114ms
[483.823s] GC(11079) Collect on allocation
[483.825s] GC(11079)   Eden: 16.50M->0.00M
[483.825s] GC(11079)   Survivor: 0.00M->0.00M
[483.825s] GC(11079)   Old: 15.50M->15.50M
[483.825s] GC(11079)   Free: 0.00M->16.50M
[483.825s] GC(11079) Incremental GC (Collect on allocation) 32.00M->15.50M 1.486ms
[483.860s] GC(11080) Collect on allocation
[483.861s] GC(11080)   Eden: 18.00M->0.00M
[483.861s] GC(11080)   Survivor: 0.00M->0.00M
[483.861s] GC(11080)   Old: 15.50M->15.50M
[483.861s] GC(11080)   Free: 0.00M->18.00M
[483.861s] GC(11080) Incremental GC (Collect on allocation) 33.50M->15.50M 0.959ms
[483.906s] GC(11081) Collect on allocation
[483.923s] GC(11081)   Eden: 19.50M->0.00M
[483.923s] GC(11081)   Survivor: 0.00M->0.00M
[483.923s] GC(11081)   Old: 15.50M->15.50M
[483.923s] GC(11081)   Free: 0.00M->19.50M
[483.923s] GC(11081) Full GC (Collect on allocation) 35.00M->15.50M 16.286ms
[483.959s] GC(11082) Collect on allocation
[483.961s] GC(11082)   Eden: 18.50M->0.00M
[483.961s] GC(11082)   Survivor: 0.00M->0.00M
[483.961s] GC(11082)   Old: 15.50M->15.50M
[483.961s] GC(11082)   Free: 1.00M->19.50M
[483.961s] GC(11082) Incremental GC (Collect on allocation) 34.00M->15.50M 1.346ms
[483.992s] GC(11083) Collect on allocation
[483.993s] GC(11083)   Eden: 18.00M->0.00M
[483.993s] GC(11083)   Survivor: 0.00M->0.00M
[483.993s] GC(11083)   Old: 15.50M->15.50M
[483.993s] GC(11083)   Free: 1.50M->19.50M
[483.993s] GC(11083) Incremental GC (Collect on allocation) 33.50M->15.50M 0.642ms
[484.022s] GC(11084) Collect on allocation
[484.023s] GC(11084)   Eden: 17.50M->0.00M
[484.023s] GC(11084)   Survivor: 0.00M->0.00M
[484.023s] GC(11084)   Old: 15.50M->15.50M
[484.023s] GC(11084)   Free: 2.00M->19.50M
[484.023s] GC(11084) Incremental GC (Collect on allocation) 33.00M->15.50M 0.754ms
[484.048s] GC(11085) Collect on allocation
[484.049s] GC(11085)   Eden: 17.00M->0.00M
[484.049s] GC(11085)   Survivor: 0.00M->0.00M
[484.049s] GC(11085)   Old: 15.50M->15.50M
[484.049s] GC(11085)   Free: 2.50M->19.50M
[484.049s] GC(11085) Incremental GC (Collect on allocation) 32.50M->15.50M 0.640ms
[484.076s] GC(11086) Collect on allocation
[484.077s] GC(11086)   Eden: 16.50M->0.00M
[484.077s] GC(11086)   Survivor: 0.00M->0.00M
[484.077s] GC(11086)   Old: 15.50M->15.50M
[484.077s] GC(11086)   Free: 3.00M->19.50M
[484.077s] GC(11086) Incremental GC (Collect on allocation) 32.00M->15.50M 0.622ms
[484.103s] GC(11087) Collect on allocation
[484.104s] GC(11087)   Eden: 16.00M->0.00M
[484.104s] GC(11087)   Survivor: 0.00M->0.00M
[484.104s] GC(11087)   Old: 15.50M->15.50M
[484.104s] GC(11087)   Free: 3.50M->19.50M
[484.104s] GC(11087) Incremental GC (Collect on allocation) 31.50M->15.50M 0.698ms
[484.134s] GC(11088) Collect on allocation
[484.135s] GC(11088)   Eden: 15.50M->0.00M
[484.135s] GC(11088)   Survivor: 0.00M->0.00M
[484.135s] GC(11088)   Old: 15.50M->15.50M
[484.135s] GC(11088)   Free: 4.00M->19.00M
[484.135s] GC(11088) Incremental GC (Collect on allocation) 31.00M->15.50M 1.024ms
[484.177s] GC(11089) Collect on allocation
[484.178s] GC(11089)   Eden: 15.00M->0.00M
[484.178s] GC(11089)   Survivor: 0.00M->0.00M
[484.178s] GC(11089)   Old: 15.50M->15.50M
[484.178s] GC(11089)   Free: 4.00M->18.50M
[484.178s] GC(11089) Incremental GC (Collect on allocation) 30.50M->15.50M 0.710ms
[484.201s] GC(11090) Collect on allocation
[484.202s] GC(11090)   Eden: 14.50M->0.00M
[484.202s] GC(11090)   Survivor: 0.00M->0.00M
[484.202s] GC(11090)   Old: 15.50M->15.50M
[484.202s] GC(11090)   Free: 4.00M->18.00M
[484.202s] GC(11090) Incremental GC (Collect on allocation) 30.00M->15.50M 0.699ms
[484.225s] GC(11091) Collect on allocation
[484.226s] GC(11091)   Eden: 14.00M->0.00M
[484.226s] GC(11091)   Survivor: 0.00M->0.00M
[484.226s] GC(11091)   Old: 15.50M->15.50M
[484.226s] GC(11091)   Free: 4.00M->17.50M
[484.226s] GC(11091) Incremental GC (Collect on allocation) 29.50M->15.50M 0.760ms
[484.247s] GC(11092) Collect on allocation
[484.248s] GC(11092)   Eden: 13.50M->0.00M
[484.248s] GC(11092)   Survivor: 0.00M->0.00M
[484.248s] GC(11092)   Old: 15.50M->15.50M
[484.248s] GC(11092)   Free: 4.00M->17.00M
[484.248s] GC(11092) Incremental GC (Collect on allocation) 29.00M->15.50M 0.707ms
[484.269s] GC(11093) Collect on allocation
[484.270s] GC(11093)   Eden: 13.00M->0.00M
[484.270s] GC(11093)   Survivor: 0.00M->0.00M
[484.270s] GC(11093)   Old: 15.50M->15.50M
[484.270s] GC(11093)   Free: 4.00M->16.50M
[484.270s] GC(11093) Incremental GC (Collect on allocation) 28.50M->15.50M 0.702ms
[484.289s] GC(11094) Collect on allocation
[484.290s] GC(11094)   Eden: 12.50M->0.00M
[484.290s] GC(11094)   Survivor: 0.00M->0.00M
[484.290s] GC(11094)   Old: 15.50M->15.50M
[484.290s] GC(11094)   Free: 4.00M->16.00M
[484.290s] GC(11094) Incremental GC (Collect on allocation) 28.00M->15.50M 0.792ms
[484.307s] GC(11095) Collect on allocation
[484.308s] GC(11095)   Eden: 12.00M->0.00M
[484.308s] GC(11095)   Survivor: 0.00M->0.00M
[484.308s] GC(11095)   Old: 15.50M->15.50M
[484.308s] GC(11095)   Free: 4.00M->15.50M
[484.308s] GC(11095) Incremental GC (Collect on allocation) 27.50M->15.50M 0.711ms
[484.328s] GC(11096) Collect on allocation
[484.329s] GC(11096)   Eden: 11.50M->0.00M
[484.329s] GC(11096)   Survivor: 0.00M->0.00M
[484.329s] GC(11096)   Old: 15.50M->15.50M
[484.329s] GC(11096)   Free: 4.00M->15.00M
[484.329s] GC(11096) Incremental GC (Collect on allocation) 27.00M->15.50M 0.717ms
[484.348s] GC(11097) Collect on allocation
[484.349s] GC(11097)   Eden: 11.00M->0.00M
[484.349s] GC(11097)   Survivor: 0.00M->0.00M
[484.349s] GC(11097)   Old: 15.50M->15.50M
[484.349s] GC(11097)   Free: 4.00M->14.50M
[484.349s] GC(11097) Incremental GC (Collect on allocation) 26.50M->15.50M 0.742ms
[484.365s] GC(11098) Collect on allocation
[484.366s] GC(11098)   Eden: 10.50M->0.00M
[484.366s] GC(11098)   Survivor: 0.00M->0.00M
[484.366s] GC(11098)   Old: 15.50M->15.50M
[484.366s] GC(11098)   Free: 4.00M->14.50M
[484.366s] GC(11098) Incremental GC (Collect on allocation) 26.00M->15.50M 0.761ms
[484.386s] GC(11099) Collect on allocation
[484.387s] GC(11099)   Eden: 12.00M->0.00M
[484.387s] GC(11099)   Survivor: 0.00M->0.00M
[484.387s] GC(11099)   Old: 15.50M->15.50M
[484.387s] GC(11099)   Free: 2.50M->14.50M
[484.387s] GC(11099) Incremental GC (Collect on allocation) 27.50M->15.50M 0.835ms
[484.418s] GC(11100) Collect on allocation
[484.419s] GC(11100)   Eden: 13.50M->0.00M
[484.419s] GC(11100)   Survivor: 0.00M->0.00M
[484.419s] GC(11100)   Old: 15.50M->15.50M
[484.419s] GC(11100)   Free: 1.00M->14.50M
[484.419s] GC(11100) Incremental GC (Collect on allocation) 29.00M->15.50M 0.738ms
[484.443s] GC(11101) Collect on allocation
[484.444s] GC(11101)   Eden: 13.00M->0.00M
[484.444s] GC(11101)   Survivor: 0.00M->0.00M
[484.444s] GC(11101)   Old: 15.50M->15.50M
[484.445s] GC(11101)   Free: 1.50M->14.50M
[484.445s] GC(11101) Incremental GC (Collect on allocation) 28.50M->15.50M 0.951ms
[484.467s] GC(11102) Collect on allocation
[484.468s] GC(11102)   Eden: 12.50M->0.00M
[484.468s] GC(11102)   Survivor: 0.00M->0.00M
[484.468s] GC(11102)   Old: 15.50M->15.50M
[484.468s] GC(11102)   Free: 2.00M->14.50M
[484.468s] GC(11102) Incremental GC (Collect on allocation) 28.00M->15.50M 0.778ms
[484.486s] GC(11103) Collect on allocation
[484.487s] GC(11103)   Eden: 12.00M->0.00M
[484.487s] GC(11103)   Survivor: 0.00M->0.00M
[484.487s] GC(11103)   Old: 15.50M->15.50M
[484.487s] GC(11103)   Free: 2.50M->14.50M
[484.487s] GC(11103) Incremental GC (Collect on allocation) 27.50M->15.50M 0.780ms
[484.506s] GC(11104) Collect on allocation
[484.507s] GC(11104)   Eden: 13.50M->0.00M
[484.507s] GC(11104)   Survivor: 0.00M->0.00M
[484.507s] GC(11104)   Old: 15.50M->15.50M
[484.507s] GC(11104)   Free: 1.00M->14.50M
[484.507s] GC(11104) Incremental GC (Collect on allocation) 29.00M->15.50M 0.805ms
[484.530s] GC(11105) Collect on allocation
[484.531s] GC(11105)   Eden: 15.00M->0.00M
[484.531s] GC(11105)   Survivor: 0.00M->0.00M
[484.531s] GC(11105)   Old: 15.50M->15.50M
[484.531s] GC(11105)   Free: 0.00M->15.00M
[484.531s] GC(11105) Incremental GC (Collect on allocation) 30.50M->15.50M 1.108ms
[484.564s] GC(11106) Collect on allocation
[484.565s] GC(11106)   Eden: 16.50M->0.00M
[484.565s] GC(11106)   Survivor: 0.00M->0.00M
[484.565s] GC(11106)   Old: 15.50M->15.50M
[484.565s] GC(11106)   Free: 0.00M->16.50M
[484.565s] GC(11106) Incremental GC (Collect on allocation) 32.00M->15.50M 0.860ms
[484.600s] GC(11107) Collect on allocation
[484.601s] GC(11107)   Eden: 18.00M->0.00M
[484.601s] GC(11107)   Survivor: 0.00M->0.00M
[484.601s] GC(11107)   Old: 15.50M->15.50M
[484.601s] GC(11107)   Free: 0.00M->18.00M
[484.601s] GC(11107) Incremental GC (Collect on allocation) 33.50M->15.50M 0.922ms
[484.633s] GC(11108) Collect on allocation
[484.634s] GC(11108)   Eden: 17.50M->0.00M
[484.634s] GC(11108)   Survivor: 0.00M->0.00M
[484.634s] GC(11108)   Old: 15.50M->15.50M
[484.634s] GC(11108)   Free: 0.50M->18.00M
[484.634s] GC(11108) Incremental GC (Collect on allocation) 33.00M->15.50M 0.970ms
[484.688s] GC(11109) Collect on allocation
[484.689s] GC(11109)   Eden: 17.00M->0.00M
[484.689s] GC(11109)   Survivor: 0.00M->0.00M
[484.689s] GC(11109)   Old: 15.50M->15.50M
[484.689s] GC(11109)   Free: 1.00M->18.00M
[484.689s] GC(11109) Incremental GC (Collect on allocation) 32.50M->15.50M 1.076ms
[484.732s] GC(11110) Collect on allocation
[484.733s] GC(11110)   Eden: 16.50M->0.00M
[484.733s] GC(11110)   Survivor: 0.00M->0.00M
[484.733s] GC(11110)   Old: 15.50M->15.50M
[484.733s] GC(11110)   Free: 1.50M->18.00M
[484.733s] GC(11110) Incremental GC (Collect on allocation) 32.00M->15.50M 0.871ms
[484.767s] GC(11111) Collect on allocation
[484.768s] GC(11111)   Eden: 16.00M->0.00M
[484.768s] GC(11111)   Survivor: 0.00M->0.00M
[484.768s] GC(11111)   Old: 15.50M->15.50M
[484.769s] GC(11111)   Free: 2.00M->18.00M
[484.769s] GC(11111) Incremental GC (Collect on allocation) 31.50M->15.50M 0.927ms
[484.807s] GC(11112) Collect on allocation
[484.808s] GC(11112)   Eden: 15.50M->0.00M
[484.808s] GC(11112)   Survivor: 0.00M->0.00M
[484.808s] GC(11112)   Old: 15.50M->15.50M
[484.808s] GC(11112)   Free: 2.50M->18.00M
[484.808s] GC(11112) Incremental GC (Collect on allocation) 31.00M->15.50M 0.863ms
[484.836s] GC(11113) Collect on allocation
[484.837s] GC(11113)   Eden: 15.00M->0.00M
[484.837s] GC(11113)   Survivor: 0.00M->0.00M
[484.837s] GC(11113)   Old: 15.50M->15.50M
[484.837s] GC(11113)   Free: 3.00M->18.00M
[484.837s] GC(11113) Incremental GC (Collect on allocation) 30.50M->15.50M 0.865ms
[484.860s] GC(11114) Collect on allocation
[484.861s] GC(11114)   Eden: 14.50M->0.00M
[484.861s] GC(11114)   Survivor: 0.00M->0.00M
[484.861s] GC(11114)   Old: 15.50M->15.50M
[484.861s] GC(11114)   Free: 3.50M->18.00M
[484.861s] GC(11114) Incremental GC (Collect on allocation) 30.00M->15.50M 0.927ms
[484.901s] GC(11115) Collect on allocation
[484.902s] GC(11115)   Eden: 14.00M->0.00M
[484.902s] GC(11115)   Survivor: 0.00M->0.00M
[484.902s] GC(11115)   Old: 15.50M->15.50M
[484.902s] GC(11115)   Free: 4.00M->17.50M
[484.902s] GC(11115) Incremental GC (Collect on allocation) 29.50M->15.50M 1.009ms
[484.921s] GC(11116) Collect on allocation
[484.937s] GC(11116)   Eden: 13.50M->0.00M
[484.937s] GC(11116)   Survivor: 0.00M->0.00M
[484.937s] GC(11116)   Old: 15.50M->15.50M
[484.937s] GC(11116)   Free: 4.00M->17.50M
[484.937s] GC(11116) Full GC (Collect on allocation) 29.00M->15.50M 15.975ms
[484.964s] GC(11117) Collect on allocation
[484.965s] GC(11117)   Eden: 16.50M->0.00M
[484.965s] GC(11117)   Survivor: 0.00M->0.00M
[484.965s] GC(11117)   Old: 15.50M->15.50M
[484.966s] GC(11117)   Free: 1.00M->17.50M
[484.966s] GC(11117) Incremental GC (Collect on allocation) 32.00M->15.50M 1.015ms
[484.994s] GC(11118) Collect on allocation
[484.994s] GC(11118)   Eden: 16.00M->0.00M
[484.994s] GC(11118)   Survivor: 0.00M->0.00M
[484.994s] GC(11118)   Old: 15.50M->15.50M
[484.994s] GC(11118)   Free: 1.50M->17.50M
[484.994s] GC(11118) Incremental GC (Collect on allocation) 31.50M->15.50M 0.784ms
[485.027s] GC(11119) Collect on allocation
[485.028s] GC(11119)   Eden: 15.50M->0.00M
[485.028s] GC(11119)   Survivor: 0.00M->0.00M
[485.028s] GC(11119)   Old: 15.50M->15.50M
[485.028s] GC(11119)   Free: 2.00M->17.50M
[485.028s] GC(11119) Incremental GC (Collect on allocation) 31.00M->15.50M 0.730ms
[485.056s] GC(11120) Collect on allocation
[485.057s] GC(11120)   Eden: 15.00M->0.00M
[485.057s] GC(11120)   Survivor: 0.00M->0.00M
[485.057s] GC(11120)   Old: 15.50M->15.50M
[485.057s] GC(11120)   Free: 2.50M->17.50M
[485.057s] GC(11120) Incremental GC (Collect on allocation) 30.50M->15.50M 0.656ms
[485.081s] GC(11121) Collect on allocation
[485.082s] GC(11121)   Eden: 14.50M->0.00M
[485.082s] GC(11121)   Survivor: 0.00M->0.00M
[485.082s] GC(11121)   Old: 15.50M->15.50M
[485.082s] GC(11121)   Free: 3.00M->17.50M
[485.082s] GC(11121) Incremental GC (Collect on allocation) 30.00M->15.50M 0.666ms
[485.119s] GC(11122) Collect on allocation
[485.120s] GC(11122)   Eden: 14.00M->0.00M
[485.120s] GC(11122)   Survivor: 0.00M->0.00M
[485.120s] GC(11122)   Old: 15.50M->15.50M
[485.120s] GC(11122)   Free: 3.50M->17.50M
[485.120s] GC(11122) Incremental GC (Collect on allocation) 29.50M->15.50M 0.771ms
[485.157s] GC(11123) Collect on allocation
[485.158s] GC(11123)   Eden: 13.50M->0.00M
[485.158s] GC(11123)   Survivor: 0.00M->0.00M
[485.158s] GC(11123)   Old: 15.50M->15.50M
[485.158s] GC(11123)   Free: 4.00M->17.00M
[485.158s] GC(11123) Incremental GC (Collect on allocation) 29.00M->15.50M 0.856ms
[485.181s] GC(11124) Collect on allocation
[485.182s] GC(11124)   Eden: 13.00M->0.00M
[485.182s] GC(11124)   Survivor: 0.00M->0.00M
[485.182s] GC(11124)   Old: 15.50M->15.50M
[485.182s] GC(11124)   Free: 4.00M->16.50M
[485.182s] GC(11124) Incremental GC (Collect on allocation) 28.50M->15.50M 0.719ms
[485.201s] GC(11125) Collect on allocation
[485.202s] GC(11125)   Eden: 12.50M->0.00M
[485.202s] GC(11125)   Survivor: 0.00M->0.00M
[485.202s] GC(11125)   Old: 15.50M->15.50M
[485.202s] GC(11125)   Free: 4.00M->16.00M
[485.202s] GC(11125) Incremental GC (Collect on allocation) 28.00M->15.50M 0.663ms
[485.220s] GC(11126) Collect on allocation
[485.221s] GC(11126)   Eden: 12.00M->0.00M
[485.221s] GC(11126)   Survivor: 0.00M->0.00M
[485.221s] GC(11126)   Old: 15.50M->15.50M
[485.221s] GC(11126)   Free: 4.00M->15.50M
[485.221s] GC(11126) Incremental GC (Collect on allocation) 27.50M->15.50M 0.699ms
[485.239s] GC(11127) Collect on allocation
[485.240s] GC(11127)   Eden: 11.50M->0.00M
[485.240s] GC(11127)   Survivor: 0.00M->0.00M
[485.240s] GC(11127)   Old: 15.50M->15.50M
[485.240s] GC(11127)   Free: 4.00M->15.00M
[485.240s] GC(11127) Incremental GC (Collect on allocation) 27.00M->15.50M 0.698ms
[485.253s] GC(11128) Collect on allocation
[485.254s] GC(11128)   Eden: 11.00M->0.00M
[485.254s] GC(11128)   Survivor: 0.00M->0.00M
[485.254s] GC(11128)   Old: 15.50M->15.50M
[485.254s] GC(11128)   Free: 4.00M->15.00M
[485.254s] GC(11128) Incremental GC (Collect on allocation) 26.50M->15.50M 0.827ms
[485.276s] GC(11129) Collect on allocation
[485.277s] GC(11129)   Eden: 12.50M->0.00M
[485.277s] GC(11129)   Survivor: 0.00M->0.00M
[485.277s] GC(11129)   Old: 15.50M->15.50M
[485.277s] GC(11129)   Free: 2.50M->15.00M
[485.277s] GC(11129) Incremental GC (Collect on allocation) 28.00M->15.50M 0.823ms
[485.303s] GC(11130) Collect on allocation
[485.304s] GC(11130)   Eden: 14.00M->0.00M
[485.304s] GC(11130)   Survivor: 0.00M->0.00M
[485.304s] GC(11130)   Old: 15.50M->15.50M
[485.304s] GC(11130)   Free: 1.00M->15.00M
[485.305s] GC(11130) Incremental GC (Collect on allocation) 29.50M->15.50M 1.345ms
[485.340s] GC(11131) Collect on allocation
[485.341s] GC(11131)   Eden: 15.50M->0.00M
[485.341s] GC(11131)   Survivor: 0.00M->0.00M
[485.341s] GC(11131)   Old: 15.50M->15.50M
[485.341s] GC(11131)   Free: 0.00M->15.50M
[485.341s] GC(11131) Incremental GC (Collect on allocation) 31.00M->15.50M 0.890ms
[485.382s] GC(11132) Collect on allocation
[485.383s] GC(11132)   Eden: 17.00M->0.00M
[485.383s] GC(11132)   Survivor: 0.00M->0.00M
[485.383s] GC(11132)   Old: 15.50M->15.50M
[485.383s] GC(11132)   Free: 0.00M->17.00M
[485.383s] GC(11132) Incremental GC (Collect on allocation) 32.50M->15.50M 1.277ms
[485.411s] GC(11133) Collect on allocation
[485.412s] GC(11133)   Eden: 16.50M->0.00M
[485.412s] GC(11133)   Survivor: 0.00M->0.00M
[485.412s] GC(11133)   Old: 15.50M->15.50M
[485.412s] GC(11133)   Free: 0.50M->17.00M
[485.412s] GC(11133) Incremental GC (Collect on allocation) 32.00M->15.50M 1.050ms
[485.443s] GC(11134) Collect on allocation
[485.443s] GC(11134)   Eden: 18.00M->0.00M
[485.443s] GC(11134)   Survivor: 0.00M->0.00M
[485.443s] GC(11134)   Old: 15.50M->15.50M
[485.443s] GC(11134)   Free: 0.00M->18.00M
[485.444s] GC(11134) Incremental GC (Collect on allocation) 33.50M->15.50M 0.784ms
[485.467s] GC(11135) Collect on allocation
[485.468s] GC(11135)   Eden: 17.50M->0.00M
[485.468s] GC(11135)   Survivor: 0.00M->0.00M
[485.469s] GC(11135)   Old: 15.50M->15.50M
[485.469s] GC(11135)   Free: 0.50M->18.00M
[485.469s] GC(11135) Incremental GC (Collect on allocation) 33.00M->15.50M 1.047ms
[485.494s] GC(11136) Collect on allocation
[485.495s] GC(11136)   Eden: 17.00M->0.00M
[485.495s] GC(11136)   Survivor: 0.00M->0.00M
[485.495s] GC(11136)   Old: 15.50M->15.50M
[485.495s] GC(11136)   Free: 1.00M->18.00M
[485.495s] GC(11136) Incremental GC (Collect on allocation) 32.50M->15.50M 1.026ms
[485.527s] GC(11137) Collect on allocation
[485.528s] GC(11137)   Eden: 18.50M->0.00M
[485.528s] GC(11137)   Survivor: 0.00M->0.00M
[485.528s] GC(11137)   Old: 15.50M->15.50M
[485.528s] GC(11137)   Free: 0.00M->18.50M
[485.528s] GC(11137) Incremental GC (Collect on allocation) 34.00M->15.50M 0.849ms
[485.559s] GC(11138) Collect on allocation
[485.560s] GC(11138)   Eden: 18.00M->0.00M
[485.560s] GC(11138)   Survivor: 0.00M->0.00M
[485.560s] GC(11138)   Old: 15.50M->15.50M
[485.560s] GC(11138)   Free: 0.50M->18.50M
[485.560s] GC(11138) Incremental GC (Collect on allocation) 33.50M->15.50M 1.107ms
[485.590s] GC(11139) Collect on allocation
[485.591s] GC(11139)   Eden: 17.50M->0.00M
[485.591s] GC(11139)   Survivor: 0.00M->0.00M
[485.591s] GC(11139)   Old: 15.50M->15.50M
[485.591s] GC(11139)   Free: 1.00M->18.50M
[485.592s] GC(11139) Incremental GC (Collect on allocation) 33.00M->15.50M 1.022ms
[485.625s] GC(11140) Collect on allocation
[485.626s] GC(11140)   Eden: 17.00M->0.00M
[485.626s] GC(11140)   Survivor: 0.00M->0.00M
[485.626s] GC(11140)   Old: 15.50M->15.50M
[485.626s] GC(11140)   Free: 1.50M->18.50M
[485.626s] GC(11140) Incremental GC (Collect on allocation) 32.50M->15.50M 0.887ms
[485.654s] GC(11141) Collect on allocation
[485.655s] GC(11141)   Eden: 16.50M->0.00M
[485.655s] GC(11141)   Survivor: 0.00M->0.00M
[485.655s] GC(11141)   Old: 15.50M->15.50M
[485.655s] GC(11141)   Free: 2.00M->18.50M
[485.655s] GC(11141) Incremental GC (Collect on allocation) 32.00M->15.50M 0.884ms
[485.682s] GC(11142) Collect on allocation
[485.683s] GC(11142)   Eden: 16.00M->0.00M
[485.683s] GC(11142)   Survivor: 0.00M->0.00M
[485.683s] GC(11142)   Old: 15.50M->15.50M
[485.683s] GC(11142)   Free: 2.50M->18.50M
[485.683s] GC(11142) Incremental GC (Collect on allocation) 31.50M->15.50M 0.972ms
[485.711s] GC(11143) Collect on allocation
[485.712s] GC(11143)   Eden: 15.50M->0.00M
[485.712s] GC(11143)   Survivor: 0.00M->0.00M
[485.712s] GC(11143)   Old: 15.50M->15.50M
[485.712s] GC(11143)   Free: 3.00M->18.50M
[485.712s] GC(11143) Incremental GC (Collect on allocation) 31.00M->15.50M 0.968ms
[485.734s] GC(11144) Collect on allocation
[485.735s] GC(11144)   Eden: 15.00M->0.00M
[485.735s] GC(11144)   Survivor: 0.00M->0.00M
[485.735s] GC(11144)   Old: 15.50M->15.50M
[485.735s] GC(11144)   Free: 3.50M->18.50M
[485.736s] GC(11144) Incremental GC (Collect on allocation) 30.50M->15.50M 0.932ms
[485.757s] GC(11145) Collect on allocation
[485.758s] GC(11145)   Eden: 14.50M->0.00M
[485.758s] GC(11145)   Survivor: 0.00M->0.00M
[485.758s] GC(11145)   Old: 15.50M->15.50M
[485.758s] GC(11145)   Free: 4.00M->18.50M
[485.758s] GC(11145) Incremental GC (Collect on allocation) 30.00M->15.50M 0.948ms
[485.785s] GC(11146) Collect on allocation
[485.786s] GC(11146)   Eden: 16.00M->0.00M
[485.786s] GC(11146)   Survivor: 0.00M->0.00M
[485.786s] GC(11146)   Old: 15.50M->15.50M
[485.786s] GC(11146)   Free: 2.50M->18.50M
[485.786s] GC(11146) Incremental GC (Collect on allocation) 31.50M->15.50M 1.043ms
[485.814s] GC(11147) Collect on allocation
[485.815s] GC(11147)   Eden: 17.50M->0.00M
[485.815s] GC(11147)   Survivor: 0.00M->0.00M
[485.815s] GC(11147)   Old: 15.50M->15.50M
[485.815s] GC(11147)   Free: 1.00M->18.50M
[485.815s] GC(11147) Incremental GC (Collect on allocation) 33.00M->15.50M 0.965ms
[485.859s] GC(11148) Collect on allocation
[485.876s] GC(11148)   Eden: 19.00M->0.00M
[485.876s] GC(11148)   Survivor: 0.00M->0.00M
[485.876s] GC(11148)   Old: 15.50M->15.50M
[485.876s] GC(11148)   Free: 0.00M->19.50M
[485.877s] GC(11148) Full GC (Collect on allocation) 34.50M->15.50M 17.826ms
[485.904s] GC(11149) Collect on allocation
[485.906s] GC(11149)   Eden: 18.00M->0.00M
[485.906s] GC(11149)   Survivor: 0.00M->0.00M
[485.906s] GC(11149)   Old: 15.50M->15.50M
[485.906s] GC(11149)   Free: 1.50M->19.50M
[485.906s] GC(11149) Incremental GC (Collect on allocation) 33.50M->15.50M 1.177ms
[485.933s] GC(11150) Collect on allocation
[485.934s] GC(11150)   Eden: 17.50M->0.00M
[485.934s] GC(11150)   Survivor: 0.00M->0.00M
[485.934s] GC(11150)   Old: 15.50M->15.50M
[485.934s] GC(11150)   Free: 2.00M->19.50M
[485.934s] GC(11150) Incremental GC (Collect on allocation) 33.00M->15.50M 1.019ms
[485.972s] GC(11151) Collect on allocation
[485.972s] GC(11151)   Eden: 17.00M->0.00M
[485.972s] GC(11151)   Survivor: 0.00M->0.00M
[485.972s] GC(11151)   Old: 15.50M->15.50M
[485.972s] GC(11151)   Free: 2.50M->19.50M
[485.972s] GC(11151) Incremental GC (Collect on allocation) 32.50M->15.50M 0.674ms
[486.014s] GC(11152) Collect on allocation
[486.015s] GC(11152)   Eden: 16.50M->0.00M
[486.015s] GC(11152)   Survivor: 0.00M->0.00M
[486.015s] GC(11152)   Old: 15.50M->15.50M
[486.015s] GC(11152)   Free: 3.00M->19.50M
[486.015s] GC(11152) Incremental GC (Collect on allocation) 32.00M->15.50M 1.244ms
[486.047s] GC(11153) Collect on allocation
[486.048s] GC(11153)   Eden: 16.00M->0.00M
[486.048s] GC(11153)   Survivor: 0.00M->0.00M
[486.048s] GC(11153)   Old: 15.50M->15.50M
[486.048s] GC(11153)   Free: 3.50M->19.50M
[486.048s] GC(11153) Incremental GC (Collect on allocation) 31.50M->15.50M 0.890ms
[486.080s] GC(11154) Collect on allocation
[486.081s] GC(11154)   Eden: 15.50M->0.00M
[486.081s] GC(11154)   Survivor: 0.00M->0.00M
[486.081s] GC(11154)   Old: 15.50M->15.50M
[486.081s] GC(11154)   Free: 4.00M->19.00M
[486.081s] GC(11154) Incremental GC (Collect on allocation) 31.00M->15.50M 0.791ms
[486.141s] GC(11155) Collect on allocation
[486.143s] GC(11155)   Eden: 15.00M->0.00M
[486.143s] GC(11155)   Survivor: 0.00M->0.00M
[486.143s] GC(11155)   Old: 15.50M->15.50M
[486.143s] GC(11155)   Free: 4.00M->18.50M
[486.143s] GC(11155) Incremental GC (Collect on allocation) 30.50M->15.50M 1.471ms
[486.194s] GC(11156) Collect on allocation
[486.195s] GC(11156)   Eden: 14.50M->0.00M
[486.195s] GC(11156)   Survivor: 0.00M->0.00M
[486.195s] GC(11156)   Old: 15.50M->15.50M
[486.195s] GC(11156)   Free: 4.00M->18.00M
[486.195s] GC(11156) Incremental GC (Collect on allocation) 30.00M->15.50M 0.894ms
[486.249s] GC(11157) Collect on allocation
[486.250s] GC(11157)   Eden: 14.00M->0.00M
[486.250s] GC(11157)   Survivor: 0.00M->0.00M
[486.250s] GC(11157)   Old: 15.50M->15.50M
[486.250s] GC(11157)   Free: 4.00M->17.50M
[486.250s] GC(11157) Incremental GC (Collect on allocation) 29.50M->15.50M 0.781ms
[486.274s] GC(11158) Collect on allocation
[486.275s] GC(11158)   Eden: 13.50M->0.00M
[486.275s] GC(11158)   Survivor: 0.00M->0.00M
[486.275s] GC(11158)   Old: 15.50M->15.50M
[486.275s] GC(11158)   Free: 4.00M->17.00M
[486.275s] GC(11158) Incremental GC (Collect on allocation) 29.00M->15.50M 0.953ms
[486.304s] GC(11159) Collect on allocation
[486.304s] GC(11159)   Eden: 13.00M->0.00M
[486.304s] GC(11159)   Survivor: 0.00M->0.00M
[486.304s] GC(11159)   Old: 15.50M->15.50M
[486.304s] GC(11159)   Free: 4.00M->16.50M
[486.304s] GC(11159) Incremental GC (Collect on allocation) 28.50M->15.50M 0.749ms
[486.326s] GC(11160) Collect on allocation
[486.327s] GC(11160)   Eden: 12.50M->0.00M
[486.327s] GC(11160)   Survivor: 0.00M->0.00M
[486.327s] GC(11160)   Old: 15.50M->15.50M
[486.327s] GC(11160)   Free: 4.00M->16.00M
[486.327s] GC(11160) Incremental GC (Collect on allocation) 28.00M->15.50M 0.937ms
[486.360s] GC(11161) Collect on allocation
[486.361s] GC(11161)   Eden: 12.00M->0.00M
[486.361s] GC(11161)   Survivor: 0.00M->0.00M
[486.361s] GC(11161)   Old: 15.50M->15.50M
[486.361s] GC(11161)   Free: 4.00M->15.50M
[486.361s] GC(11161) Incremental GC (Collect on allocation) 27.50M->15.50M 0.712ms
[486.383s] GC(11162) Collect on allocation
[486.384s] GC(11162)   Eden: 11.50M->0.00M
[486.384s] GC(11162)   Survivor: 0.00M->0.00M
[486.384s] GC(11162)   Old: 15.50M->15.50M
[486.384s] GC(11162)   Free: 4.00M->15.00M
[486.384s] GC(11162) Incremental GC (Collect on allocation) 27.00M->15.50M 0.795ms
[486.403s] GC(11163) Collect on allocation
[486.404s] GC(11163)   Eden: 11.00M->0.00M
[486.404s] GC(11163)   Survivor: 0.00M->0.00M
[486.404s] GC(11163)   Old: 15.50M->15.50M
[486.404s] GC(11163)   Free: 4.00M->14.50M
[486.404s] GC(11163) Incremental GC (Collect on allocation) 26.50M->15.50M 0.954ms
[486.423s] GC(11164) Collect on allocation
[486.424s] GC(11164)   Eden: 10.50M->0.00M
[486.424s] GC(11164)   Survivor: 0.00M->0.00M
[486.424s] GC(11164)   Old: 15.50M->15.50M
[486.424s] GC(11164)   Free: 4.00M->14.50M
[486.424s] GC(11164) Incremental GC (Collect on allocation) 26.00M->15.50M 0.711ms
[486.443s] GC(11165) Collect on allocation
[486.444s] GC(11165)   Eden: 12.00M->0.00M
[486.444s] GC(11165)   Survivor: 0.00M->0.00M
[486.444s] GC(11165)   Old: 15.50M->15.50M
[486.444s] GC(11165)   Free: 2.50M->14.50M
[486.444s] GC(11165) Incremental GC (Collect on allocation) 27.50M->15.50M 0.926ms
[486.464s] GC(11166) Collect on allocation
[486.465s] GC(11166)   Eden: 13.50M->0.00M
[486.465s] GC(11166)   Survivor: 0.00M->0.00M
[486.465s] GC(11166)   Old: 15.50M->15.50M
[486.465s] GC(11166)   Free: 1.00M->14.50M
[486.465s] GC(11166) Incremental GC (Collect on allocation) 29.00M->15.50M 0.728ms
[486.486s] GC(11167) Collect on allocation
[486.487s] GC(11167)   Eden: 15.00M->0.00M
[486.487s] GC(11167)   Survivor: 0.00M->0.00M
[486.487s] GC(11167)   Old: 15.50M->15.50M
[486.487s] GC(11167)   Free: 0.00M->15.00M
[486.487s] GC(11167) Incremental GC (Collect on allocation) 30.50M->15.50M 0.751ms
[486.511s] GC(11168) Collect on allocation
[486.512s] GC(11168)   Eden: 16.50M->0.00M
[486.512s] GC(11168)   Survivor: 0.00M->0.00M
[486.512s] GC(11168)   Old: 15.50M->15.50M
[486.512s] GC(11168)   Free: 0.00M->16.50M
[486.512s] GC(11168) Incremental GC (Collect on allocation) 32.00M->15.50M 0.890ms
[486.546s] GC(11169) Collect on allocation
[486.547s] GC(11169)   Eden: 18.00M->0.00M
[486.547s] GC(11169)   Survivor: 0.00M->0.00M
[486.547s] GC(11169)   Old: 15.50M->15.50M
[486.547s] GC(11169)   Free: 0.00M->18.00M
[486.547s] GC(11169) Incremental GC (Collect on allocation) 33.50M->15.50M 0.933ms
[486.581s] GC(11170) Collect on allocation
[486.581s] GC(11170)   Eden: 17.50M->0.00M
[486.581s] GC(11170)   Survivor: 0.00M->0.00M
[486.581s] GC(11170)   Old: 15.50M->15.50M
[486.581s] GC(11170)   Free: 0.50M->18.00M
[486.581s] GC(11170) Incremental GC (Collect on allocation) 33.00M->15.50M 0.860ms
[486.623s] GC(11171) Collect on allocation
[486.624s] GC(11171)   Eden: 17.00M->0.00M
[486.624s] GC(11171)   Survivor: 0.00M->0.00M
[486.624s] GC(11171)   Old: 15.50M->15.50M
[486.624s] GC(11171)   Free: 1.00M->18.00M
[486.624s] GC(11171) Incremental GC (Collect on allocation) 32.50M->15.50M 1.075ms
[486.651s] GC(11172) Collect on allocation
[486.652s] GC(11172)   Eden: 16.50M->0.00M
[486.652s] GC(11172)   Survivor: 0.00M->0.00M
[486.652s] GC(11172)   Old: 15.50M->15.50M
[486.652s] GC(11172)   Free: 1.50M->18.00M
[486.652s] GC(11172) Incremental GC (Collect on allocation) 32.00M->15.50M 0.850ms
[486.675s] GC(11173) Collect on allocation
[486.676s] GC(11173)   Eden: 16.00M->0.00M
[486.676s] GC(11173)   Survivor: 0.00M->0.00M
[486.676s] GC(11173)   Old: 15.50M->15.50M
[486.676s] GC(11173)   Free: 2.00M->18.00M
[486.676s] GC(11173) Incremental GC (Collect on allocation) 31.50M->15.50M 0.864ms
[486.706s] GC(11174) Collect on allocation
[486.707s] GC(11174)   Eden: 15.50M->0.00M
[486.707s] GC(11174)   Survivor: 0.00M->0.00M
[486.707s] GC(11174)   Old: 15.50M->15.50M
[486.707s] GC(11174)   Free: 2.50M->18.00M
[486.708s] GC(11174) Incremental GC (Collect on allocation) 31.00M->15.50M 1.007ms
[486.737s] GC(11175) Collect on allocation
[486.738s] GC(11175)   Eden: 15.00M->0.00M
[486.738s] GC(11175)   Survivor: 0.00M->0.00M
[486.738s] GC(11175)   Old: 15.50M->15.50M
[486.738s] GC(11175)   Free: 3.00M->18.00M
[486.738s] GC(11175) Incremental GC (Collect on allocation) 30.50M->15.50M 0.918ms
[486.777s] GC(11176) Collect on allocation
[486.778s] GC(11176)   Eden: 14.50M->0.00M
[486.778s] GC(11176)   Survivor: 0.00M->0.00M
[486.778s] GC(11176)   Old: 15.50M->15.50M
[486.778s] GC(11176)   Free: 3.50M->18.00M
[486.778s] GC(11176) Incremental GC (Collect on allocation) 30.00M->15.50M 0.953ms
[486.809s] GC(11177) Collect on allocation
[486.810s] GC(11177)   Eden: 14.00M->0.00M
[486.810s] GC(11177)   Survivor: 0.00M->0.00M
[486.810s] GC(11177)   Old: 15.50M->15.50M
[486.810s] GC(11177)   Free: 4.00M->17.50M
[486.810s] GC(11177) Incremental GC (Collect on allocation) 29.50M->15.50M 1.084ms
[486.855s] GC(11178) Collect on allocation
[486.856s] GC(11178)   Eden: 13.50M->0.00M
[486.856s] GC(11178)   Survivor: 0.00M->0.00M
[486.856s] GC(11178)   Old: 15.50M->15.50M
[486.856s] GC(11178)   Free: 4.00M->17.00M
[486.856s] GC(11178) Incremental GC (Collect on allocation) 29.00M->15.50M 0.993ms
[486.890s] GC(11179) Collect on allocation
[486.891s] GC(11179)   Eden: 13.00M->0.00M
[486.891s] GC(11179)   Survivor: 0.00M->0.00M
[486.892s] GC(11179)   Old: 15.50M->15.50M
[486.892s] GC(11179)   Free: 4.00M->16.50M
[486.892s] GC(11179) Incremental GC (Collect on allocation) 28.50M->15.50M 1.008ms
[486.918s] GC(11180) Collect on allocation
[486.919s] GC(11180)   Eden: 12.50M->0.00M
[486.919s] GC(11180)   Survivor: 0.00M->0.00M
[486.919s] GC(11180)   Old: 15.50M->15.50M
[486.919s] GC(11180)   Free: 4.00M->16.00M
[486.919s] GC(11180) Incremental GC (Collect on allocation) 28.00M->15.50M 0.896ms
[486.938s] GC(11181) Collect on allocation
[486.939s] GC(11181)   Eden: 12.00M->0.00M
[486.939s] GC(11181)   Survivor: 0.00M->0.00M
[486.939s] GC(11181)   Old: 15.50M->15.50M
[486.939s] GC(11181)   Free: 4.00M->15.50M
[486.939s] GC(11181) Incremental GC (Collect on allocation) 27.50M->15.50M 0.833ms
[486.952s] GC(11182) Collect on allocation
[486.953s] GC(11182)   Eden: 11.50M->0.00M
[486.953s] GC(11182)   Survivor: 0.00M->0.00M
[486.953s] GC(11182)   Old: 15.50M->15.50M
[486.953s] GC(11182)   Free: 4.00M->15.50M
[486.953s] GC(11182) Incremental GC (Collect on allocation) 27.00M->15.50M 0.906ms
[486.974s] GC(11183) Collect on allocation
[486.975s] GC(11183)   Eden: 13.00M->0.00M
[486.975s] GC(11183)   Survivor: 0.00M->0.00M
[486.975s] GC(11183)   Old: 15.50M->15.50M
[486.975s] GC(11183)   Free: 2.50M->15.50M
[486.975s] GC(11183) Incremental GC (Collect on allocation) 28.50M->15.50M 0.841ms
[486.998s] GC(11184) Collect on allocation
[486.998s] GC(11184)   Eden: 14.50M->0.00M
[486.998s] GC(11184)   Survivor: 0.00M->0.00M
[486.998s] GC(11184)   Old: 15.50M->15.50M
[486.998s] GC(11184)   Free: 1.00M->15.50M
[486.998s] GC(11184) Incremental GC (Collect on allocation) 30.00M->15.50M 0.836ms
[487.027s] GC(11185) Collect on allocation
[487.027s] GC(11185)   Eden: 16.00M->0.00M
[487.027s] GC(11185)   Survivor: 0.00M->0.00M
[487.027s] GC(11185)   Old: 15.50M->15.50M
[487.028s] GC(11185)   Free: 0.00M->16.00M
[487.028s] GC(11185) Incremental GC (Collect on allocation) 31.50M->15.50M 0.837ms
[487.062s] GC(11186) Collect on allocation
[487.080s] GC(11186)   Eden: 17.50M->0.00M
[487.080s] GC(11186)   Survivor: 0.00M->0.00M
[487.080s] GC(11186)   Old: 15.50M->15.50M
[487.080s] GC(11186)   Free: 0.00M->18.00M
[487.080s] GC(11186) Full GC (Collect on allocation) 33.00M->15.50M 17.212ms
[487.139s] GC(11187) Collect on allocation
[487.140s] GC(11187)   Eden: 20.50M->0.00M
[487.140s] GC(11187)   Survivor: 0.00M->0.00M
[487.140s] GC(11187)   Old: 15.50M->15.50M
[487.140s] GC(11187)   Free: 0.00M->20.50M
[487.140s] GC(11187) Incremental GC (Collect on allocation) 36.00M->15.50M 1.266ms
[487.198s] GC(11188) Collect on allocation
[487.200s] GC(11188)   Eden: 20.00M->0.00M
[487.200s] GC(11188)   Survivor: 0.00M->0.00M
[487.200s] GC(11188)   Old: 15.50M->15.50M
[487.200s] GC(11188)   Free: 0.50M->20.50M
[487.200s] GC(11188) Incremental GC (Collect on allocation) 35.50M->15.50M 1.577ms
[487.261s] GC(11189) Collect on allocation
[487.262s] GC(11189)   Eden: 19.50M->0.00M
[487.262s] GC(11189)   Survivor: 0.00M->0.00M
[487.262s] GC(11189)   Old: 15.50M->15.50M
[487.262s] GC(11189)   Free: 1.00M->20.50M
[487.262s] GC(11189) Incremental GC (Collect on allocation) 35.00M->15.50M 0.982ms
[487.298s] GC(11190) Collect on allocation
[487.299s] GC(11190)   Eden: 19.00M->0.00M
[487.299s] GC(11190)   Survivor: 0.00M->0.00M
[487.299s] GC(11190)   Old: 15.50M->15.50M
[487.299s] GC(11190)   Free: 1.50M->20.50M
[487.299s] GC(11190) Incremental GC (Collect on allocation) 34.50M->15.50M 0.787ms
[487.352s] GC(11191) Collect on allocation
[487.353s] GC(11191)   Eden: 18.50M->0.00M
[487.353s] GC(11191)   Survivor: 0.00M->0.00M
[487.353s] GC(11191)   Old: 15.50M->15.50M
[487.353s] GC(11191)   Free: 2.00M->20.50M
[487.353s] GC(11191) Incremental GC (Collect on allocation) 34.00M->15.50M 1.224ms
[487.390s] GC(11192) Collect on allocation
[487.391s] GC(11192)   Eden: 18.00M->0.00M
[487.391s] GC(11192)   Survivor: 0.00M->0.00M
[487.391s] GC(11192)   Old: 15.50M->15.50M
[487.391s] GC(11192)   Free: 2.50M->20.50M
[487.391s] GC(11192) Incremental GC (Collect on allocation) 33.50M->15.50M 0.868ms
[487.426s] GC(11193) Collect on allocation
[487.426s] GC(11193)   Eden: 17.50M->0.00M
[487.426s] GC(11193)   Survivor: 0.00M->0.00M
[487.426s] GC(11193)   Old: 15.50M->15.50M
[487.426s] GC(11193)   Free: 3.00M->20.50M
[487.426s] GC(11193) Incremental GC (Collect on allocation) 33.00M->15.50M 0.730ms
[487.454s] GC(11194) Collect on allocation
[487.455s] GC(11194)   Eden: 17.00M->0.00M
[487.455s] GC(11194)   Survivor: 0.00M->0.00M
[487.455s] GC(11194)   Old: 15.50M->15.50M
[487.455s] GC(11194)   Free: 3.50M->20.50M
[487.455s] GC(11194) Incremental GC (Collect on allocation) 32.50M->15.50M 0.800ms
[487.481s] GC(11195) Collect on allocation
[487.482s] GC(11195)   Eden: 16.50M->0.00M
[487.482s] GC(11195)   Survivor: 0.00M->0.00M
[487.482s] GC(11195)   Old: 15.50M->15.50M
[487.482s] GC(11195)   Free: 4.00M->20.00M
[487.482s] GC(11195) Incremental GC (Collect on allocation) 32.00M->15.50M 0.929ms
[487.507s] GC(11196) Collect on allocation
[487.508s] GC(11196)   Eden: 16.00M->0.00M
[487.508s] GC(11196)   Survivor: 0.00M->0.00M
[487.508s] GC(11196)   Old: 15.50M->15.50M
[487.508s] GC(11196)   Free: 4.00M->19.50M
[487.508s] GC(11196) Incremental GC (Collect on allocation) 31.50M->15.50M 1.285ms
[487.535s] GC(11197) Collect on allocation
[487.536s] GC(11197)   Eden: 15.50M->0.00M
[487.536s] GC(11197)   Survivor: 0.00M->0.00M
[487.536s] GC(11197)   Old: 15.50M->15.50M
[487.536s] GC(11197)   Free: 4.00M->19.00M
[487.536s] GC(11197) Incremental GC (Collect on allocation) 31.00M->15.50M 0.753ms
[487.556s] GC(11198) Collect on allocation
[487.558s] GC(11198)   Eden: 15.00M->0.00M
[487.558s] GC(11198)   Survivor: 0.00M->0.00M
[487.558s] GC(11198)   Old: 15.50M->15.50M
[487.558s] GC(11198)   Free: 4.00M->19.00M
[487.558s] GC(11198) Incremental GC (Collect on allocation) 30.50M->15.50M 1.120ms
[487.599s] GC(11199) Collect on allocation
[487.601s] GC(11199)   Eden: 16.50M->0.00M
[487.601s] GC(11199)   Survivor: 0.00M->0.00M
[487.601s] GC(11199)   Old: 15.50M->15.50M
[487.601s] GC(11199)   Free: 2.50M->19.00M
[487.601s] GC(11199) Incremental GC (Collect on allocation) 32.00M->15.50M 1.123ms
[487.637s] GC(11200) Collect on allocation
[487.638s] GC(11200)   Eden: 16.00M->0.00M
[487.638s] GC(11200)   Survivor: 0.00M->0.00M
[487.638s] GC(11200)   Old: 15.50M->15.50M
[487.638s] GC(11200)   Free: 3.00M->19.00M
[487.638s] GC(11200) Incremental GC (Collect on allocation) 31.50M->15.50M 1.060ms
[487.666s] GC(11201) Collect on allocation
[487.667s] GC(11201)   Eden: 15.50M->0.00M
[487.667s] GC(11201)   Survivor: 0.00M->0.00M
[487.667s] GC(11201)   Old: 15.50M->15.50M
[487.667s] GC(11201)   Free: 3.50M->19.00M
[487.667s] GC(11201) Incremental GC (Collect on allocation) 31.00M->15.50M 0.832ms
[487.688s] GC(11202) Collect on allocation
[487.689s] GC(11202)   Eden: 15.00M->0.00M
[487.689s] GC(11202)   Survivor: 0.00M->0.00M
[487.689s] GC(11202)   Old: 15.50M->15.50M
[487.689s] GC(11202)   Free: 4.00M->18.50M
[487.689s] GC(11202) Incremental GC (Collect on allocation) 30.50M->15.50M 0.860ms
[487.710s] GC(11203) Collect on allocation
[487.711s] GC(11203)   Eden: 14.50M->0.00M
[487.711s] GC(11203)   Survivor: 0.00M->0.00M
[487.711s] GC(11203)   Old: 15.50M->15.50M
[487.711s] GC(11203)   Free: 4.00M->18.50M
[487.711s] GC(11203) Incremental GC (Collect on allocation) 30.00M->15.50M 1.368ms
[487.739s] GC(11204) Collect on allocation
[487.740s] GC(11204)   Eden: 16.00M->0.00M
[487.740s] GC(11204)   Survivor: 0.00M->0.00M
[487.740s] GC(11204)   Old: 15.50M->15.50M
[487.740s] GC(11204)   Free: 2.50M->18.50M
[487.740s] GC(11204) Incremental GC (Collect on allocation) 31.50M->15.50M 0.924ms
[487.768s] GC(11205) Collect on allocation
[487.769s] GC(11205)   Eden: 17.50M->0.00M
[487.769s] GC(11205)   Survivor: 0.00M->0.00M
[487.769s] GC(11205)   Old: 15.50M->15.50M
[487.769s] GC(11205)   Free: 1.00M->18.50M
[487.769s] GC(11205) Incremental GC (Collect on allocation) 33.00M->15.50M 0.908ms
[487.799s] GC(11206) Collect on allocation
[487.801s] GC(11206)   Eden: 19.00M->0.00M
[487.801s] GC(11206)   Survivor: 0.00M->0.00M
[487.801s] GC(11206)   Old: 15.50M->15.50M
[487.801s] GC(11206)   Free: 0.00M->19.00M
[487.801s] GC(11206) Incremental GC (Collect on allocation) 34.50M->15.50M 1.211ms
[487.850s] GC(11207) Collect on allocation
[487.852s] GC(11207)   Eden: 20.50M->0.00M
[487.852s] GC(11207)   Survivor: 0.00M->0.00M
[487.852s] GC(11207)   Old: 15.50M->15.50M
[487.852s] GC(11207)   Free: 0.00M->20.50M
[487.852s] GC(11207) Incremental GC (Collect on allocation) 36.00M->15.50M 1.063ms
[487.888s] GC(11208) Collect on allocation
[487.889s] GC(11208)   Eden: 20.00M->0.00M
[487.889s] GC(11208)   Survivor: 0.00M->0.00M
[487.889s] GC(11208)   Old: 15.50M->15.50M
[487.889s] GC(11208)   Free: 0.50M->20.50M
[487.889s] GC(11208) Incremental GC (Collect on allocation) 35.50M->15.50M 0.943ms
[487.926s] GC(11209) Collect on allocation
[487.927s] GC(11209)   Eden: 19.50M->0.00M
[487.927s] GC(11209)   Survivor: 0.00M->0.00M
[487.927s] GC(11209)   Old: 15.50M->15.50M
[487.927s] GC(11209)   Free: 1.00M->20.50M
[487.927s] GC(11209) Incremental GC (Collect on allocation) 35.00M->15.50M 1.144ms
[487.960s] GC(11210) Collect on allocation
[487.961s] GC(11210)   Eden: 19.00M->0.00M
[487.961s] GC(11210)   Survivor: 0.00M->0.00M
[487.961s] GC(11210)   Old: 15.50M->15.50M
[487.961s] GC(11210)   Free: 1.50M->20.50M
[487.961s] GC(11210) Incremental GC (Collect on allocation) 34.50M->15.50M 1.066ms
[487.996s] GC(11211) Collect on allocation
[487.997s] GC(11211)   Eden: 18.50M->0.00M
[487.997s] GC(11211)   Survivor: 0.00M->0.00M
[487.997s] GC(11211)   Old: 15.50M->15.50M
[487.997s] GC(11211)   Free: 2.00M->20.50M
[487.997s] GC(11211) Incremental GC (Collect on allocation) 34.00M->15.50M 1.063ms
[488.041s] GC(11212) Collect on allocation
[488.042s] GC(11212)   Eden: 18.00M->0.00M
[488.042s] GC(11212)   Survivor: 0.00M->0.00M
[488.042s] GC(11212)   Old: 15.50M->15.50M
[488.042s] GC(11212)   Free: 2.50M->20.50M
[488.042s] GC(11212) Incremental GC (Collect on allocation) 33.50M->15.50M 0.918ms
[488.080s] GC(11213) Collect on allocation
[488.081s] GC(11213)   Eden: 17.50M->0.00M
[488.081s] GC(11213)   Survivor: 0.00M->0.00M
[488.081s] GC(11213)   Old: 15.50M->15.50M
[488.081s] GC(11213)   Free: 3.00M->20.50M
[488.081s] GC(11213) Incremental GC (Collect on allocation) 33.00M->15.50M 1.030ms
[488.112s] GC(11214) Collect on allocation
[488.113s] GC(11214)   Eden: 17.00M->0.00M
[488.113s] GC(11214)   Survivor: 0.00M->0.00M
[488.113s] GC(11214)   Old: 15.50M->16.00M
[488.113s] GC(11214)   Free: 3.50M->20.00M
[488.113s] GC(11214) Incremental GC (Collect on allocation) 32.50M->16.00M 0.890ms
[488.133s] GC(11215) Collect on allocation
[488.133s] GC(11215)   Eden: 16.50M->0.00M
[488.133s] GC(11215)   Survivor: 0.00M->0.00M
[488.133s] GC(11215)   Old: 16.00M->16.00M
[488.133s] GC(11215)   Free: 3.50M->20.00M
[488.133s] GC(11215) Incremental GC (Collect on allocation) 32.50M->16.00M 0.674ms
[488.196s] GC(11216) Collect on allocation
[488.196s] GC(11216)   Eden: 16.00M->0.00M
[488.196s] GC(11216)   Survivor: 0.00M->0.00M
[488.196s] GC(11216)   Old: 16.00M->16.00M
[488.196s] GC(11216)   Free: 4.00M->19.50M
[488.196s] GC(11216) Incremental GC (Collect on allocation) 32.00M->16.00M 0.594ms
[488.234s] GC(11217) Collect on allocation
[488.235s] GC(11217)   Eden: 15.50M->0.00M
[488.235s] GC(11217)   Survivor: 0.00M->0.00M
[488.235s] GC(11217)   Old: 16.00M->16.00M
[488.235s] GC(11217)   Free: 4.00M->19.00M
[488.235s] GC(11217) Incremental GC (Collect on allocation) 31.50M->16.00M 0.609ms
[488.267s] GC(11218) Collect on allocation
[488.267s] GC(11218)   Eden: 15.00M->0.00M
[488.267s] GC(11218)   Survivor: 0.00M->0.00M
[488.267s] GC(11218)   Old: 16.00M->16.00M
[488.267s] GC(11218)   Free: 4.00M->18.50M
[488.267s] GC(11218) Incremental GC (Collect on allocation) 31.00M->16.00M 0.684ms
[488.291s] GC(11219) Collect on allocation
[488.292s] GC(11219)   Eden: 14.50M->0.00M
[488.292s] GC(11219)   Survivor: 0.00M->0.00M
[488.292s] GC(11219)   Old: 16.00M->16.00M
[488.292s] GC(11219)   Free: 4.00M->18.00M
[488.292s] GC(11219) Incremental GC (Collect on allocation) 30.50M->16.00M 0.840ms
[488.328s] GC(11220) Collect on allocation
[488.328s] GC(11220)   Eden: 14.00M->0.00M
[488.328s] GC(11220)   Survivor: 0.00M->0.00M
[488.328s] GC(11220)   Old: 16.00M->16.00M
[488.328s] GC(11220)   Free: 4.00M->17.50M
[488.328s] GC(11220) Incremental GC (Collect on allocation) 30.00M->16.00M 0.570ms
[488.351s] GC(11221) Collect on allocation
[488.352s] GC(11221)   Eden: 13.50M->0.00M
[488.352s] GC(11221)   Survivor: 0.00M->0.00M
[488.352s] GC(11221)   Old: 16.00M->16.00M
[488.352s] GC(11221)   Free: 4.00M->17.00M
[488.352s] GC(11221) Incremental GC (Collect on allocation) 29.50M->16.00M 0.755ms
[488.373s] GC(11222) Collect on allocation
[488.374s] GC(11222)   Eden: 13.00M->0.00M
[488.374s] GC(11222)   Survivor: 0.00M->0.00M
[488.374s] GC(11222)   Old: 16.00M->16.00M
[488.374s] GC(11222)   Free: 4.00M->16.50M
[488.374s] GC(11222) Incremental GC (Collect on allocation) 29.00M->16.00M 0.647ms
[488.396s] GC(11223) Collect on allocation
[488.397s] GC(11223)   Eden: 12.50M->0.00M
[488.397s] GC(11223)   Survivor: 0.00M->0.00M
[488.397s] GC(11223)   Old: 16.00M->16.00M
[488.397s] GC(11223)   Free: 4.00M->16.00M
[488.397s] GC(11223) Incremental GC (Collect on allocation) 28.50M->16.00M 0.653ms
[488.424s] GC(11224) Collect on allocation
[488.424s] GC(11224)   Eden: 12.00M->0.00M
[488.424s] GC(11224)   Survivor: 0.00M->0.00M
[488.424s] GC(11224)   Old: 16.00M->16.00M
[488.424s] GC(11224)   Free: 4.00M->15.50M
[488.425s] GC(11224) Incremental GC (Collect on allocation) 28.00M->16.00M 0.692ms
[488.448s] GC(11225) Collect on allocation
[488.449s] GC(11225)   Eden: 11.50M->0.00M
[488.449s] GC(11225)   Survivor: 0.00M->0.00M
[488.449s] GC(11225)   Old: 16.00M->16.00M
[488.449s] GC(11225)   Free: 4.00M->15.00M
[488.449s] GC(11225) Incremental GC (Collect on allocation) 27.50M->16.00M 0.665ms
[488.463s] GC(11226) Collect on allocation
[488.463s] GC(11226)   Eden: 11.00M->0.00M
[488.463s] GC(11226)   Survivor: 0.00M->0.00M
[488.464s] GC(11226)   Old: 16.00M->16.00M
[488.464s] GC(11226)   Free: 4.00M->14.50M
[488.464s] GC(11226) Incremental GC (Collect on allocation) 27.00M->16.00M 0.629ms
[488.479s] GC(11227) Collect on allocation
[488.480s] GC(11227)   Eden: 10.50M->0.00M
[488.480s] GC(11227)   Survivor: 0.00M->0.00M
[488.480s] GC(11227)   Old: 16.00M->16.00M
[488.480s] GC(11227)   Free: 4.00M->14.00M
[488.480s] GC(11227) Incremental GC (Collect on allocation) 26.50M->16.00M 0.617ms
[488.498s] GC(11228) Collect on allocation
[488.499s] GC(11228)   Eden: 10.00M->0.00M
[488.499s] GC(11228)   Survivor: 0.00M->0.00M
[488.499s] GC(11228)   Old: 16.00M->16.00M
[488.499s] GC(11228)   Free: 4.00M->13.50M
[488.499s] GC(11228) Incremental GC (Collect on allocation) 26.00M->16.00M 0.699ms
[488.516s] GC(11229) Collect on allocation
[488.517s] GC(11229)   Eden: 9.50M->0.00M
[488.517s] GC(11229)   Survivor: 0.00M->0.00M
[488.517s] GC(11229)   Old: 16.00M->16.00M
[488.517s] GC(11229)   Free: 4.00M->13.00M
[488.517s] GC(11229) Incremental GC (Collect on allocation) 25.50M->16.00M 0.639ms
[488.532s] GC(11230) Collect on allocation
[488.533s] GC(11230)   Eden: 9.00M->0.00M
[488.533s] GC(11230)   Survivor: 0.00M->0.00M
[488.533s] GC(11230)   Old: 16.00M->16.00M
[488.533s] GC(11230)   Free: 4.00M->13.00M
[488.533s] GC(11230) Incremental GC (Collect on allocation) 25.00M->16.00M 0.855ms
[488.562s] GC(11231) Collect on allocation
[488.563s] GC(11231)   Eden: 10.00M->0.00M
[488.563s] GC(11231)   Survivor: 0.00M->0.00M
[488.563s] GC(11231)   Old: 16.00M->16.00M
[488.563s] GC(11231)   Free: 3.00M->13.00M
[488.563s] GC(11231) Incremental GC (Collect on allocation) 26.00M->16.00M 0.742ms
[488.584s] GC(11232) Collect on allocation
[488.609s] GC(11232)   Eden: 11.00M->0.00M
[488.609s] GC(11232)   Survivor: 0.00M->0.00M
[488.609s] GC(11232)   Old: 16.00M->15.50M
[488.609s] GC(11232)   Free: 2.00M->13.50M
[488.609s] GC(11232) Full GC (Collect on allocation) 27.00M->15.50M 24.839ms
[488.644s] GC(11233) Collect on allocation
[488.646s] GC(11233)   Eden: 10.00M->0.00M
[488.646s] GC(11233)   Survivor: 0.00M->0.00M
[488.646s] GC(11233)   Old: 15.50M->15.50M
[488.646s] GC(11233)   Free: 3.50M->13.50M
[488.646s] GC(11233) Incremental GC (Collect on allocation) 25.50M->15.50M 1.093ms
[488.664s] GC(11234) Collect on allocation
[488.665s] GC(11234)   Eden: 9.50M->0.00M
[488.665s] GC(11234)   Survivor: 0.00M->0.00M
[488.665s] GC(11234)   Old: 15.50M->15.50M
[488.665s] GC(11234)   Free: 4.00M->13.00M
[488.665s] GC(11234) Incremental GC (Collect on allocation) 25.00M->15.50M 0.740ms
[488.680s] GC(11235) Collect on allocation
[488.681s] GC(11235)   Eden: 9.00M->0.00M
[488.681s] GC(11235)   Survivor: 0.00M->0.00M
[488.681s] GC(11235)   Old: 15.50M->15.50M
[488.681s] GC(11235)   Free: 4.00M->13.00M
[488.681s] GC(11235) Incremental GC (Collect on allocation) 24.50M->15.50M 0.684ms
[488.704s] GC(11236) Collect on allocation
[488.705s] GC(11236)   Eden: 10.00M->0.00M
[488.705s] GC(11236)   Survivor: 0.00M->0.00M
[488.705s] GC(11236)   Old: 15.50M->15.50M
[488.705s] GC(11236)   Free: 3.00M->13.00M
[488.705s] GC(11236) Incremental GC (Collect on allocation) 25.50M->15.50M 0.826ms
[488.733s] GC(11237) Collect on allocation
[488.734s] GC(11237)   Eden: 11.00M->0.00M
[488.734s] GC(11237)   Survivor: 0.00M->0.00M
[488.734s] GC(11237)   Old: 15.50M->15.50M
[488.734s] GC(11237)   Free: 2.00M->13.00M
[488.734s] GC(11237) Incremental GC (Collect on allocation) 26.50M->15.50M 0.979ms
[488.768s] GC(11238) Collect on allocation
[488.768s] GC(11238)   Eden: 10.50M->0.00M
[488.769s] GC(11238)   Survivor: 0.00M->0.00M
[488.769s] GC(11238)   Old: 15.50M->15.50M
[488.769s] GC(11238)   Free: 2.50M->13.00M
[488.769s] GC(11238) Incremental GC (Collect on allocation) 26.00M->15.50M 0.801ms
[488.785s] GC(11239) Collect on allocation
[488.786s] GC(11239)   Eden: 10.00M->0.00M
[488.786s] GC(11239)   Survivor: 0.00M->0.00M
[488.786s] GC(11239)   Old: 15.50M->15.50M
[488.786s] GC(11239)   Free: 3.00M->13.00M
[488.786s] GC(11239) Incremental GC (Collect on allocation) 25.50M->15.50M 1.130ms
[488.809s] GC(11240) Collect on allocation
[488.811s] GC(11240)   Eden: 11.00M->0.00M
[488.811s] GC(11240)   Survivor: 0.00M->0.00M
[488.811s] GC(11240)   Old: 15.50M->15.50M
[488.811s] GC(11240)   Free: 2.00M->13.00M
[488.811s] GC(11240) Incremental GC (Collect on allocation) 26.50M->15.50M 1.232ms
[488.844s] GC(11241) Collect on allocation
[488.845s] GC(11241)   Eden: 12.50M->0.00M
[488.845s] GC(11241)   Survivor: 0.00M->0.00M
[488.846s] GC(11241)   Old: 15.50M->15.50M
[488.846s] GC(11241)   Free: 0.50M->13.00M
[488.846s] GC(11241) Incremental GC (Collect on allocation) 28.00M->15.50M 1.201ms
[488.877s] GC(11242) Collect on allocation
[488.878s] GC(11242)   Eden: 14.00M->0.00M
[488.878s] GC(11242)   Survivor: 0.00M->0.00M
[488.878s] GC(11242)   Old: 15.50M->15.50M
[488.878s] GC(11242)   Free: 0.00M->14.00M
[488.878s] GC(11242) Incremental GC (Collect on allocation) 29.50M->15.50M 0.701ms
[488.931s] GC(11243) Collect on allocation
[488.933s] GC(11243)   Eden: 15.50M->0.00M
[488.933s] GC(11243)   Survivor: 0.00M->0.00M
[488.933s] GC(11243)   Old: 15.50M->15.50M
[488.933s] GC(11243)   Free: 0.00M->15.50M
[488.933s] GC(11243) Incremental GC (Collect on allocation) 31.00M->15.50M 1.875ms
[488.971s] GC(11244) Collect on allocation
[488.972s] GC(11244)   Eden: 17.00M->0.00M
[488.972s] GC(11244)   Survivor: 0.00M->0.00M
[488.972s] GC(11244)   Old: 15.50M->15.50M
[488.972s] GC(11244)   Free: 0.00M->17.00M
[488.972s] GC(11244) Incremental GC (Collect on allocation) 32.50M->15.50M 0.695ms
[489.010s] GC(11245) Collect on allocation
[489.011s] GC(11245)   Eden: 16.50M->0.00M
[489.011s] GC(11245)   Survivor: 0.00M->0.00M
[489.011s] GC(11245)   Old: 15.50M->15.50M
[489.011s] GC(11245)   Free: 0.50M->17.00M
[489.011s] GC(11245) Incremental GC (Collect on allocation) 32.00M->15.50M 0.781ms
[489.052s] GC(11246) Collect on allocation
[489.053s] GC(11246)   Eden: 16.00M->0.00M
[489.053s] GC(11246)   Survivor: 0.00M->0.00M
[489.053s] GC(11246)   Old: 15.50M->15.50M
[489.053s] GC(11246)   Free: 1.00M->17.00M
[489.053s] GC(11246) Incremental GC (Collect on allocation) 31.50M->15.50M 0.767ms
[489.081s] GC(11247) Collect on allocation
[489.082s] GC(11247)   Eden: 15.50M->0.00M
[489.082s] GC(11247)   Survivor: 0.00M->0.00M
[489.082s] GC(11247)   Old: 15.50M->15.50M
[489.082s] GC(11247)   Free: 1.50M->17.00M
[489.082s] GC(11247) Incremental GC (Collect on allocation) 31.00M->15.50M 1.085ms
[489.118s] GC(11248) Collect on allocation
[489.119s] GC(11248)   Eden: 15.00M->0.00M
[489.119s] GC(11248)   Survivor: 0.00M->0.00M
[489.119s] GC(11248)   Old: 15.50M->15.50M
[489.119s] GC(11248)   Free: 2.00M->17.00M
[489.119s] GC(11248) Incremental GC (Collect on allocation) 30.50M->15.50M 1.105ms
[489.143s] GC(11249) Collect on allocation
[489.144s] GC(11249)   Eden: 14.50M->0.00M
[489.144s] GC(11249)   Survivor: 0.00M->0.00M
[489.144s] GC(11249)   Old: 15.50M->15.50M
[489.144s] GC(11249)   Free: 2.50M->17.00M
[489.144s] GC(11249) Incremental GC (Collect on allocation) 30.00M->15.50M 0.799ms
[489.166s] GC(11250) Collect on allocation
[489.167s] GC(11250)   Eden: 14.00M->0.00M
[489.167s] GC(11250)   Survivor: 0.00M->0.00M
[489.167s] GC(11250)   Old: 15.50M->15.50M
[489.167s] GC(11250)   Free: 3.00M->17.00M
[489.167s] GC(11250) Incremental GC (Collect on allocation) 29.50M->15.50M 0.881ms
[489.186s] GC(11251) Collect on allocation
[489.188s] GC(11251)   Eden: 13.50M->0.00M
[489.188s] GC(11251)   Survivor: 0.00M->0.00M
[489.188s] GC(11251)   Old: 15.50M->15.50M
[489.188s] GC(11251)   Free: 3.50M->17.00M
[489.188s] GC(11251) Incremental GC (Collect on allocation) 29.00M->15.50M 1.152ms
[489.212s] GC(11252) Collect on allocation
[489.213s] GC(11252)   Eden: 15.00M->0.00M
[489.213s] GC(11252)   Survivor: 0.00M->0.00M
[489.213s] GC(11252)   Old: 15.50M->15.50M
[489.213s] GC(11252)   Free: 2.00M->17.00M
[489.213s] GC(11252) Incremental GC (Collect on allocation) 30.50M->15.50M 0.876ms
[489.246s] GC(11253) Collect on allocation
[489.248s] GC(11253)   Eden: 16.50M->0.00M
[489.248s] GC(11253)   Survivor: 0.00M->0.00M
[489.248s] GC(11253)   Old: 15.50M->15.50M
[489.248s] GC(11253)   Free: 0.50M->17.00M
[489.248s] GC(11253) Incremental GC (Collect on allocation) 32.00M->15.50M 1.207ms
[489.279s] GC(11254) Collect on allocation
[489.280s] GC(11254)   Eden: 16.00M->0.00M
[489.280s] GC(11254)   Survivor: 0.00M->0.00M
[489.280s] GC(11254)   Old: 15.50M->15.50M
[489.280s] GC(11254)   Free: 1.00M->17.00M
[489.280s] GC(11254) Incremental GC (Collect on allocation) 31.50M->15.50M 0.876ms
[489.320s] GC(11255) Collect on allocation
[489.321s] GC(11255)   Eden: 15.50M->0.00M
[489.321s] GC(11255)   Survivor: 0.00M->0.00M
[489.321s] GC(11255)   Old: 15.50M->15.50M
[489.321s] GC(11255)   Free: 1.50M->17.00M
[489.321s] GC(11255) Incremental GC (Collect on allocation) 31.00M->15.50M 0.951ms
[489.367s] GC(11256) Collect on allocation
[489.368s] GC(11256)   Eden: 15.00M->0.00M
[489.368s] GC(11256)   Survivor: 0.00M->0.00M
[489.369s] GC(11256)   Old: 15.50M->15.50M
[489.369s] GC(11256)   Free: 2.00M->17.00M
[489.369s] GC(11256) Incremental GC (Collect on allocation) 30.50M->15.50M 0.784ms
[489.400s] GC(11257) Collect on allocation
[489.401s] GC(11257)   Eden: 14.50M->0.00M
[489.401s] GC(11257)   Survivor: 0.00M->0.00M
[489.401s] GC(11257)   Old: 15.50M->15.50M
[489.401s] GC(11257)   Free: 2.50M->17.00M
[489.401s] GC(11257) Incremental GC (Collect on allocation) 30.00M->15.50M 1.272ms
[489.430s] GC(11258) Collect on allocation
[489.431s] GC(11258)   Eden: 14.00M->0.00M
[489.431s] GC(11258)   Survivor: 0.00M->0.00M
[489.431s] GC(11258)   Old: 15.50M->15.50M
[489.431s] GC(11258)   Free: 3.00M->17.00M
[489.431s] GC(11258) Incremental GC (Collect on allocation) 29.50M->15.50M 0.965ms
[489.459s] GC(11259) Collect on allocation
[489.460s] GC(11259)   Eden: 13.50M->0.00M
[489.460s] GC(11259)   Survivor: 0.00M->0.00M
[489.460s] GC(11259)   Old: 15.50M->15.50M
[489.460s] GC(11259)   Free: 3.50M->17.00M
[489.460s] GC(11259) Incremental GC (Collect on allocation) 29.00M->15.50M 0.894ms
[489.482s] GC(11260) Collect on allocation
[489.483s] GC(11260)   Eden: 13.00M->0.00M
[489.483s] GC(11260)   Survivor: 0.00M->0.00M
[489.483s] GC(11260)   Old: 15.50M->15.50M
[489.483s] GC(11260)   Free: 4.00M->16.50M
[489.483s] GC(11260) Incremental GC (Collect on allocation) 28.50M->15.50M 0.934ms
[489.505s] GC(11261) Collect on allocation
[489.506s] GC(11261)   Eden: 12.50M->0.00M
[489.506s] GC(11261)   Survivor: 0.00M->0.00M
[489.506s] GC(11261)   Old: 15.50M->15.50M
[489.506s] GC(11261)   Free: 4.00M->16.50M
[489.506s] GC(11261) Incremental GC (Collect on allocation) 28.00M->15.50M 1.072ms
[489.532s] GC(11262) Collect on allocation
[489.534s] GC(11262)   Eden: 14.00M->0.00M
[489.534s] GC(11262)   Survivor: 0.00M->0.00M
[489.534s] GC(11262)   Old: 15.50M->15.50M
[489.534s] GC(11262)   Free: 2.50M->16.50M
[489.534s] GC(11262) Incremental GC (Collect on allocation) 29.50M->15.50M 1.164ms
[489.573s] GC(11263) Collect on allocation
[489.574s] GC(11263)   Eden: 15.50M->0.00M
[489.574s] GC(11263)   Survivor: 0.00M->0.00M
[489.574s] GC(11263)   Old: 15.50M->15.50M
[489.574s] GC(11263)   Free: 1.00M->16.50M
[489.574s] GC(11263) Incremental GC (Collect on allocation) 31.00M->15.50M 1.095ms
[489.618s] GC(11264) Collect on allocation
[489.619s] GC(11264)   Eden: 17.00M->0.00M
[489.619s] GC(11264)   Survivor: 0.00M->0.00M
[489.619s] GC(11264)   Old: 15.50M->15.50M
[489.619s] GC(11264)   Free: 0.00M->17.00M
[489.619s] GC(11264) Incremental GC (Collect on allocation) 32.50M->15.50M 0.918ms
[489.652s] GC(11265) Collect on allocation
[489.653s] GC(11265)   Eden: 16.50M->0.00M
[489.653s] GC(11265)   Survivor: 0.00M->0.00M
[489.653s] GC(11265)   Old: 15.50M->15.50M
[489.653s] GC(11265)   Free: 0.50M->17.00M
[489.653s] GC(11265) Incremental GC (Collect on allocation) 32.00M->15.50M 1.108ms
[489.677s] GC(11266) Collect on allocation
[489.678s] GC(11266)   Eden: 16.00M->0.00M
[489.678s] GC(11266)   Survivor: 0.00M->0.00M
[489.678s] GC(11266)   Old: 15.50M->16.00M
[489.678s] GC(11266)   Free: 1.00M->16.50M
[489.678s] GC(11266) Incremental GC (Collect on allocation) 31.50M->16.00M 1.008ms
[489.705s] GC(11267) Collect on allocation
[489.706s] GC(11267)   Eden: 15.50M->0.00M
[489.706s] GC(11267)   Survivor: 0.00M->0.00M
[489.706s] GC(11267)   Old: 16.00M->16.00M
[489.706s] GC(11267)   Free: 1.00M->16.50M
[489.706s] GC(11267) Incremental GC (Collect on allocation) 31.50M->16.00M 0.634ms
[489.730s] GC(11268) Collect on allocation
[489.731s] GC(11268)   Eden: 15.00M->0.00M
[489.731s] GC(11268)   Survivor: 0.00M->0.00M
[489.731s] GC(11268)   Old: 16.00M->16.00M
[489.731s] GC(11268)   Free: 1.50M->16.50M
[489.731s] GC(11268) Incremental GC (Collect on allocation) 31.00M->16.00M 0.599ms
[489.760s] GC(11269) Collect on allocation
[489.761s] GC(11269)   Eden: 14.50M->0.00M
[489.762s] GC(11269)   Survivor: 0.00M->0.00M
[489.762s] GC(11269)   Old: 16.00M->16.00M
[489.762s] GC(11269)   Free: 2.00M->16.50M
[489.762s] GC(11269) Incremental GC (Collect on allocation) 30.50M->16.00M 1.212ms
[489.787s] GC(11270) Collect on allocation
[489.788s] GC(11270)   Eden: 14.00M->0.00M
[489.788s] GC(11270)   Survivor: 0.00M->0.00M
[489.788s] GC(11270)   Old: 16.00M->16.00M
[489.788s] GC(11270)   Free: 2.50M->16.50M
[489.788s] GC(11270) Incremental GC (Collect on allocation) 30.00M->16.00M 0.805ms
[489.814s] GC(11271) Collect on allocation
[489.815s] GC(11271)   Eden: 13.50M->0.00M
[489.815s] GC(11271)   Survivor: 0.00M->0.00M
[489.815s] GC(11271)   Old: 16.00M->16.00M
[489.815s] GC(11271)   Free: 3.00M->16.50M
[489.815s] GC(11271) Incremental GC (Collect on allocation) 29.50M->16.00M 0.597ms
[489.842s] GC(11272) Collect on allocation
[489.842s] GC(11272)   Eden: 13.00M->0.00M
[489.842s] GC(11272)   Survivor: 0.00M->0.00M
[489.843s] GC(11272)   Old: 16.00M->16.00M
[489.843s] GC(11272)   Free: 3.50M->16.50M
[489.843s] GC(11272) Incremental GC (Collect on allocation) 29.00M->16.00M 0.701ms
[489.870s] GC(11273) Collect on allocation
[489.871s] GC(11273)   Eden: 12.50M->0.00M
[489.871s] GC(11273)   Survivor: 0.00M->0.00M
[489.871s] GC(11273)   Old: 16.00M->16.00M
[489.871s] GC(11273)   Free: 4.00M->16.00M
[489.871s] GC(11273) Incremental GC (Collect on allocation) 28.50M->16.00M 0.629ms
[489.903s] GC(11274) Collect on allocation
[489.905s] GC(11274)   Eden: 12.00M->0.00M
[489.905s] GC(11274)   Survivor: 0.00M->0.00M
[489.905s] GC(11274)   Old: 16.00M->16.00M
[489.905s] GC(11274)   Free: 4.00M->15.50M
[489.905s] GC(11274) Incremental GC (Collect on allocation) 28.00M->16.00M 1.268ms
[489.923s] GC(11275) Collect on allocation
[489.924s] GC(11275)   Eden: 11.50M->0.00M
[489.924s] GC(11275)   Survivor: 0.00M->0.00M
[489.924s] GC(11275)   Old: 16.00M->16.00M
[489.924s] GC(11275)   Free: 4.00M->15.00M
[489.924s] GC(11275) Incremental GC (Collect on allocation) 27.50M->16.00M 0.606ms
[489.938s] GC(11276) Collect on allocation
[489.939s] GC(11276)   Eden: 11.00M->0.00M
[489.939s] GC(11276)   Survivor: 0.00M->0.00M
[489.939s] GC(11276)   Old: 16.00M->16.00M
[489.939s] GC(11276)   Free: 4.00M->14.50M
[489.939s] GC(11276) Incremental GC (Collect on allocation) 27.00M->16.00M 0.606ms
[489.953s] GC(11277) Collect on allocation
[489.953s] GC(11277)   Eden: 10.50M->0.00M
[489.954s] GC(11277)   Survivor: 0.00M->0.00M
[489.954s] GC(11277)   Old: 16.00M->16.00M
[489.954s] GC(11277)   Free: 4.00M->14.50M
[489.954s] GC(11277) Incremental GC (Collect on allocation) 26.50M->16.00M 0.614ms
[489.972s] GC(11278) Collect on allocation
[489.973s] GC(11278)   Eden: 12.00M->0.00M
[489.973s] GC(11278)   Survivor: 0.00M->0.00M
[489.973s] GC(11278)   Old: 16.00M->16.00M
[489.973s] GC(11278)   Free: 2.50M->14.50M
[489.973s] GC(11278) Incremental GC (Collect on allocation) 28.00M->16.00M 0.762ms
[490.003s] GC(11279) Collect on allocation
[490.004s] GC(11279)   Eden: 13.50M->0.00M
[490.004s] GC(11279)   Survivor: 0.00M->0.00M
[490.004s] GC(11279)   Old: 16.00M->16.00M
[490.004s] GC(11279)   Free: 1.00M->14.50M
[490.004s] GC(11279) Incremental GC (Collect on allocation) 29.50M->16.00M 0.720ms
[490.030s] GC(11280) Collect on allocation
[490.031s] GC(11280)   Eden: 13.00M->0.00M
[490.031s] GC(11280)   Survivor: 0.00M->0.00M
[490.031s] GC(11280)   Old: 16.00M->16.00M
[490.031s] GC(11280)   Free: 1.50M->14.50M
[490.031s] GC(11280) Incremental GC (Collect on allocation) 29.00M->16.00M 0.670ms
[490.055s] GC(11281) Collect on allocation
[490.056s] GC(11281)   Eden: 12.50M->0.00M
[490.056s] GC(11281)   Survivor: 0.00M->0.00M
[490.056s] GC(11281)   Old: 16.00M->16.00M
[490.056s] GC(11281)   Free: 2.00M->14.50M
[490.056s] GC(11281) Incremental GC (Collect on allocation) 28.50M->16.00M 0.684ms
[490.077s] GC(11282) Collect on allocation
[490.078s] GC(11282)   Eden: 12.00M->0.00M
[490.078s] GC(11282)   Survivor: 0.00M->0.00M
[490.078s] GC(11282)   Old: 16.00M->16.00M
[490.078s] GC(11282)   Free: 2.50M->14.50M
[490.078s] GC(11282) Incremental GC (Collect on allocation) 28.00M->16.00M 0.808ms
[490.106s] GC(11283) Collect on allocation
[490.107s] GC(11283)   Eden: 11.50M->0.00M
[490.107s] GC(11283)   Survivor: 0.00M->0.00M
[490.107s] GC(11283)   Old: 16.00M->16.00M
[490.107s] GC(11283)   Free: 3.00M->14.50M
[490.107s] GC(11283) Incremental GC (Collect on allocation) 27.50M->16.00M 0.724ms
[490.152s] GC(11284) Collect on allocation
[490.153s] GC(11284)   Eden: 11.00M->0.00M
[490.153s] GC(11284)   Survivor: 0.00M->0.00M
[490.153s] GC(11284)   Old: 16.00M->16.00M
[490.153s] GC(11284)   Free: 3.50M->14.50M
[490.153s] GC(11284) Incremental GC (Collect on allocation) 27.00M->16.00M 0.822ms
[490.175s] GC(11285) Collect on allocation
[490.176s] GC(11285)   Eden: 10.50M->0.00M
[490.176s] GC(11285)   Survivor: 0.00M->0.00M
[490.176s] GC(11285)   Old: 16.00M->16.00M
[490.176s] GC(11285)   Free: 4.00M->14.00M
[490.176s] GC(11285) Incremental GC (Collect on allocation) 26.50M->16.00M 0.681ms
[490.190s] GC(11286) Collect on allocation
[490.206s] GC(11286)   Eden: 10.00M->0.00M
[490.206s] GC(11286)   Survivor: 0.00M->0.00M
[490.206s] GC(11286)   Old: 16.00M->15.50M
[490.206s] GC(11286)   Free: 4.00M->13.00M
[490.206s] GC(11286) Full GC (Collect on allocation) 26.00M->15.50M 16.230ms
[490.218s] GC(11287) Collect on allocation
[490.219s] GC(11287)   Eden: 9.00M->0.00M
[490.219s] GC(11287)   Survivor: 0.00M->0.00M
[490.219s] GC(11287)   Old: 15.50M->15.50M
[490.219s] GC(11287)   Free: 4.00M->12.50M
[490.219s] GC(11287) Incremental GC (Collect on allocation) 24.50M->15.50M 0.884ms
[490.232s] GC(11288) Collect on allocation
[490.233s] GC(11288)   Eden: 8.50M->0.00M
[490.233s] GC(11288)   Survivor: 0.00M->0.00M
[490.233s] GC(11288)   Old: 15.50M->15.50M
[490.233s] GC(11288)   Free: 4.00M->12.50M
[490.233s] GC(11288) Incremental GC (Collect on allocation) 24.00M->15.50M 0.819ms
[490.258s] GC(11289) Collect on allocation
[490.259s] GC(11289)   Eden: 9.50M->0.00M
[490.259s] GC(11289)   Survivor: 0.00M->0.00M
[490.259s] GC(11289)   Old: 15.50M->15.50M
[490.259s] GC(11289)   Free: 3.00M->12.50M
[490.259s] GC(11289) Incremental GC (Collect on allocation) 25.00M->15.50M 1.047ms
[490.273s] GC(11290) Collect on allocation
[490.273s] GC(11290)   Eden: 10.50M->0.00M
[490.274s] GC(11290)   Survivor: 0.00M->0.00M
[490.274s] GC(11290)   Old: 15.50M->15.50M
[490.274s] GC(11290)   Free: 2.00M->12.50M
[490.274s] GC(11290) Incremental GC (Collect on allocation) 26.00M->15.50M 0.750ms
[490.293s] GC(11291) Collect on allocation
[490.294s] GC(11291)   Eden: 12.00M->0.00M
[490.294s] GC(11291)   Survivor: 0.00M->0.00M
[490.294s] GC(11291)   Old: 15.50M->15.50M
[490.294s] GC(11291)   Free: 0.50M->12.50M
[490.294s] GC(11291) Incremental GC (Collect on allocation) 27.50M->15.50M 0.915ms
[490.314s] GC(11292) Collect on allocation
[490.315s] GC(11292)   Eden: 13.50M->0.00M
[490.315s] GC(11292)   Survivor: 0.00M->0.00M
[490.315s] GC(11292)   Old: 15.50M->15.50M
[490.315s] GC(11292)   Free: 0.00M->13.50M
[490.315s] GC(11292) Incremental GC (Collect on allocation) 29.00M->15.50M 0.693ms
[490.335s] GC(11293) Collect on allocation
[490.335s] GC(11293)   Eden: 15.00M->0.00M
[490.335s] GC(11293)   Survivor: 0.00M->0.00M
[490.335s] GC(11293)   Old: 15.50M->15.50M
[490.335s] GC(11293)   Free: 0.00M->15.00M
[490.335s] GC(11293) Incremental GC (Collect on allocation) 30.50M->15.50M 0.703ms
[490.369s] GC(11294) Collect on allocation
[490.370s] GC(11294)   Eden: 16.50M->0.00M
[490.370s] GC(11294)   Survivor: 0.00M->0.00M
[490.370s] GC(11294)   Old: 15.50M->15.50M
[490.370s] GC(11294)   Free: 0.00M->16.50M
[490.370s] GC(11294) Incremental GC (Collect on allocation) 32.00M->15.50M 0.885ms
[490.451s] GC(11295) Collect on allocation
[490.453s] GC(11295)   Eden: 16.00M->0.00M
[490.453s] GC(11295)   Survivor: 0.00M->0.00M
[490.453s] GC(11295)   Old: 15.50M->15.50M
[490.453s] GC(11295)   Free: 0.50M->16.50M
[490.453s] GC(11295) Incremental GC (Collect on allocation) 31.50M->15.50M 1.372ms
[490.485s] GC(11296) Collect on allocation
[490.486s] GC(11296)   Eden: 15.50M->0.00M
[490.486s] GC(11296)   Survivor: 0.00M->0.00M
[490.486s] GC(11296)   Old: 15.50M->15.50M
[490.486s] GC(11296)   Free: 1.00M->16.50M
[490.486s] GC(11296) Incremental GC (Collect on allocation) 31.00M->15.50M 0.721ms
[490.514s] GC(11297) Collect on allocation
[490.515s] GC(11297)   Eden: 15.00M->0.00M
[490.515s] GC(11297)   Survivor: 0.00M->0.00M
[490.515s] GC(11297)   Old: 15.50M->15.50M
[490.515s] GC(11297)   Free: 1.50M->16.50M
[490.515s] GC(11297) Incremental GC (Collect on allocation) 30.50M->15.50M 0.827ms
[490.544s] GC(11298) Collect on allocation
[490.545s] GC(11298)   Eden: 14.50M->0.00M
[490.545s] GC(11298)   Survivor: 0.00M->0.00M
[490.545s] GC(11298)   Old: 15.50M->15.50M
[490.545s] GC(11298)   Free: 2.00M->16.50M
[490.545s] GC(11298) Incremental GC (Collect on allocation) 30.00M->15.50M 0.770ms
[490.573s] GC(11299) Collect on allocation
[490.573s] GC(11299)   Eden: 14.00M->0.00M
[490.573s] GC(11299)   Survivor: 0.00M->0.00M
[490.573s] GC(11299)   Old: 15.50M->15.50M
[490.573s] GC(11299)   Free: 2.50M->16.50M
[490.573s] GC(11299) Incremental GC (Collect on allocation) 29.50M->15.50M 0.827ms
[490.597s] GC(11300) Collect on allocation
[490.598s] GC(11300)   Eden: 13.50M->0.00M
[490.598s] GC(11300)   Survivor: 0.00M->0.00M
[490.598s] GC(11300)   Old: 15.50M->15.50M
[490.598s] GC(11300)   Free: 3.00M->16.50M
[490.598s] GC(11300) Incremental GC (Collect on allocation) 29.00M->15.50M 0.801ms
[490.632s] GC(11301) Collect on allocation
[490.633s] GC(11301)   Eden: 13.00M->0.00M
[490.633s] GC(11301)   Survivor: 0.00M->0.00M
[490.633s] GC(11301)   Old: 15.50M->15.50M
[490.633s] GC(11301)   Free: 3.50M->16.50M
[490.633s] GC(11301) Incremental GC (Collect on allocation) 28.50M->15.50M 1.149ms
[490.668s] GC(11302) Collect on allocation
[490.669s] GC(11302)   Eden: 12.50M->0.00M
[490.669s] GC(11302)   Survivor: 0.00M->0.00M
[490.669s] GC(11302)   Old: 15.50M->15.50M
[490.669s] GC(11302)   Free: 4.00M->16.00M
[490.669s] GC(11302) Incremental GC (Collect on allocation) 28.00M->15.50M 1.049ms
[490.704s] GC(11303) Collect on allocation
[490.706s] GC(11303)   Eden: 12.00M->0.00M
[490.706s] GC(11303)   Survivor: 0.00M->0.00M
[490.706s] GC(11303)   Old: 15.50M->15.50M
[490.706s] GC(11303)   Free: 4.00M->15.50M
[490.706s] GC(11303) Incremental GC (Collect on allocation) 27.50M->15.50M 1.711ms
[490.740s] GC(11304) Collect on allocation
[490.741s] GC(11304)   Eden: 11.50M->0.00M
[490.741s] GC(11304)   Survivor: 0.00M->0.00M
[490.741s] GC(11304)   Old: 15.50M->15.50M
[490.741s] GC(11304)   Free: 4.00M->15.00M
[490.741s] GC(11304) Incremental GC (Collect on allocation) 27.00M->15.50M 1.191ms
[490.769s] GC(11305) Collect on allocation
[490.770s] GC(11305)   Eden: 11.00M->0.00M
[490.770s] GC(11305)   Survivor: 0.00M->0.00M
[490.770s] GC(11305)   Old: 15.50M->15.50M
[490.770s] GC(11305)   Free: 4.00M->14.50M
[490.770s] GC(11305) Incremental GC (Collect on allocation) 26.50M->15.50M 1.050ms
[490.886s] GC(11306) Collect on allocation
[490.887s] GC(11306)   Eden: 10.50M->0.00M
[490.887s] GC(11306)   Survivor: 0.00M->0.00M
[490.887s] GC(11306)   Old: 15.50M->15.50M
[490.887s] GC(11306)   Free: 4.00M->14.00M
[490.887s] GC(11306) Incremental GC (Collect on allocation) 26.00M->15.50M 0.986ms
[491.074s] GC(11307) Collect on allocation
[491.076s] GC(11307)   Eden: 10.00M->0.00M
[491.076s] GC(11307)   Survivor: 0.00M->0.00M
[491.076s] GC(11307)   Old: 15.50M->15.50M
[491.076s] GC(11307)   Free: 4.00M->13.50M
[491.076s] GC(11307) Incremental GC (Collect on allocation) 25.50M->15.50M 2.246ms
[491.279s] GC(11308) Collect on allocation
[491.281s] GC(11308)   Eden: 9.50M->0.00M
[491.281s] GC(11308)   Survivor: 0.00M->0.00M
[491.281s] GC(11308)   Old: 15.50M->15.50M
[491.281s] GC(11308)   Free: 4.00M->13.00M
[491.281s] GC(11308) Incremental GC (Collect on allocation) 25.00M->15.50M 1.686ms
[491.428s] GC(11309) Collect on allocation
[491.468s] GC(11309)   Eden: 9.00M->0.00M
[491.468s] GC(11309)   Survivor: 0.00M->0.00M
[491.468s] GC(11309)   Old: 15.50M->15.50M
[491.468s] GC(11309)   Free: 4.00M->12.00M
[491.468s] GC(11309) Full GC (Collect on allocation) 24.50M->15.50M 40.001ms
[491.602s] GC(11310) Collect on allocation
[491.603s] GC(11310)   Eden: 8.00M->0.00M
[491.603s] GC(11310)   Survivor: 0.00M->0.00M
[491.603s] GC(11310)   Old: 15.50M->15.50M
[491.603s] GC(11310)   Free: 4.00M->11.50M
[491.603s] GC(11310) Incremental GC (Collect on allocation) 23.50M->15.50M 0.810ms
[491.753s] GC(11311) Collect on allocation
[491.756s] GC(11311)   Eden: 7.50M->0.00M
[491.756s] GC(11311)   Survivor: 0.00M->0.00M
[491.756s] GC(11311)   Old: 15.50M->15.50M
[491.756s] GC(11311)   Free: 4.00M->11.00M
[491.756s] GC(11311) Incremental GC (Collect on allocation) 23.00M->15.50M 3.518ms
[491.873s] GC(11312) Collect on allocation
[491.875s] GC(11312)   Eden: 7.00M->0.00M
[491.875s] GC(11312)   Survivor: 0.00M->0.00M
[491.875s] GC(11312)   Old: 15.50M->15.50M
[491.875s] GC(11312)   Free: 4.00M->10.50M
[491.875s] GC(11312) Incremental GC (Collect on allocation) 22.50M->15.50M 1.515ms
[491.985s] GC(11313) Collect on allocation
[491.986s] GC(11313)   Eden: 6.50M->0.00M
[491.986s] GC(11313)   Survivor: 0.00M->0.00M
[491.987s] GC(11313)   Old: 15.50M->15.50M
[491.987s] GC(11313)   Free: 4.00M->10.00M
[491.987s] GC(11313) Incremental GC (Collect on allocation) 22.00M->15.50M 1.643ms
[492.071s] GC(11314) Collect on allocation
[492.072s] GC(11314)   Eden: 6.00M->0.00M
[492.072s] GC(11314)   Survivor: 0.00M->0.00M
[492.072s] GC(11314)   Old: 15.50M->15.50M
[492.072s] GC(11314)   Free: 4.00M->9.50M
[492.072s] GC(11314) Incremental GC (Collect on allocation) 21.50M->15.50M 0.940ms
[492.214s] GC(11315) Collect on allocation
[492.216s] GC(11315)   Eden: 5.50M->0.00M
[492.216s] GC(11315)   Survivor: 0.00M->0.00M
[492.216s] GC(11315)   Old: 15.50M->15.50M
[492.216s] GC(11315)   Free: 4.00M->9.00M
[492.216s] GC(11315) Incremental GC (Collect on allocation) 21.00M->15.50M 1.988ms
[492.292s] GC(11316) Collect on allocation
[492.294s] GC(11316)   Eden: 5.00M->0.00M
[492.294s] GC(11316)   Survivor: 0.00M->0.00M
[492.294s] GC(11316)   Old: 15.50M->15.50M
[492.294s] GC(11316)   Free: 4.00M->8.50M
[492.294s] GC(11316) Incremental GC (Collect on allocation) 20.50M->15.50M 1.234ms
[492.369s] GC(11317) Collect on allocation
[492.371s] GC(11317)   Eden: 4.50M->0.00M
[492.371s] GC(11317)   Survivor: 0.00M->0.00M
[492.371s] GC(11317)   Old: 15.50M->15.50M
[492.371s] GC(11317)   Free: 4.00M->8.00M
[492.371s] GC(11317) Incremental GC (Collect on allocation) 20.00M->15.50M 1.518ms
[492.490s] GC(11318) Collect on allocation
[492.492s] GC(11318)   Eden: 4.00M->0.00M
[492.492s] GC(11318)   Survivor: 0.00M->0.00M
[492.492s] GC(11318)   Old: 15.50M->15.50M
[492.492s] GC(11318)   Free: 4.00M->8.00M
[492.492s] GC(11318) Incremental GC (Collect on allocation) 19.50M->15.50M 1.642ms
[492.522s] GC(11319) Collect on allocation
[492.524s] GC(11319)   Eden: 4.00M->0.00M
[492.524s] GC(11319)   Survivor: 0.00M->0.00M
[492.524s] GC(11319)   Old: 15.50M->15.50M
[492.524s] GC(11319)   Free: 4.00M->8.00M
[492.524s] GC(11319) Incremental GC (Collect on allocation) 19.50M->15.50M 1.960ms
[492.597s] GC(11320) Collect on allocation
[492.599s] GC(11320)   Eden: 4.00M->0.00M
[492.599s] GC(11320)   Survivor: 0.00M->0.00M
[492.599s] GC(11320)   Old: 15.50M->15.50M
[492.599s] GC(11320)   Free: 4.00M->8.00M
[492.599s] GC(11320) Incremental GC (Collect on allocation) 19.50M->15.50M 1.800ms
[492.670s] GC(11321) Collect on allocation
[492.672s] GC(11321)   Eden: 4.00M->0.00M
[492.672s] GC(11321)   Survivor: 0.00M->0.00M
[492.672s] GC(11321)   Old: 15.50M->15.50M
[492.672s] GC(11321)   Free: 4.00M->8.00M
[492.672s] GC(11321) Incremental GC (Collect on allocation) 19.50M->15.50M 1.278ms
[492.725s] GC(11322) Collect on allocation
[492.727s] GC(11322)   Eden: 4.00M->0.00M
[492.727s] GC(11322)   Survivor: 0.00M->0.00M
[492.727s] GC(11322)   Old: 15.50M->15.50M
[492.728s] GC(11322)   Free: 4.00M->8.00M
[492.728s] GC(11322) Incremental GC (Collect on allocation) 19.50M->15.50M 2.484ms
[492.803s] GC(11323) Collect on allocation
[492.804s] GC(11323)   Eden: 4.00M->0.00M
[492.805s] GC(11323)   Survivor: 0.00M->0.00M
[492.805s] GC(11323)   Old: 15.50M->15.50M
[492.805s] GC(11323)   Free: 4.00M->8.00M
[492.805s] GC(11323) Incremental GC (Collect on allocation) 19.50M->15.50M 1.854ms
[492.876s] GC(11324) Collect on allocation
[492.881s] GC(11324)   Eden: 4.00M->0.00M
[492.881s] GC(11324)   Survivor: 0.00M->0.00M
[492.881s] GC(11324)   Old: 15.50M->15.50M
[492.881s] GC(11324)   Free: 4.00M->8.00M
[492.881s] GC(11324) Incremental GC (Collect on allocation) 19.50M->15.50M 4.957ms
[492.905s] GC(11325) Collect on allocation
[492.906s] GC(11325)   Eden: 4.50M->0.00M
[492.906s] GC(11325)   Survivor: 0.00M->0.00M
[492.906s] GC(11325)   Old: 15.50M->15.50M
[492.906s] GC(11325)   Free: 3.50M->8.00M
[492.906s] GC(11325) Incremental GC (Collect on allocation) 20.00M->15.50M 0.712ms
[492.977s] GC(11326) Collect on allocation
[492.978s] GC(11326)   Eden: 4.00M->0.00M
[492.978s] GC(11326)   Survivor: 0.00M->0.00M
[492.978s] GC(11326)   Old: 15.50M->15.50M
[492.978s] GC(11326)   Free: 4.00M->8.00M
[492.978s] GC(11326) Incremental GC (Collect on allocation) 19.50M->15.50M 1.068ms
[492.999s] GC(11327) Collect on allocation
[492.999s] GC(11327)   Eden: 4.00M->0.00M
[492.999s] GC(11327)   Survivor: 0.00M->0.00M
[492.999s] GC(11327)   Old: 15.50M->15.50M
[493.000s] GC(11327)   Free: 4.00M->8.00M
[493.000s] GC(11327) Incremental GC (Collect on allocation) 19.50M->15.50M 0.564ms
[493.099s] GC(11328) Collect on allocation
[493.102s] GC(11328)   Eden: 4.00M->0.00M
[493.102s] GC(11328)   Survivor: 0.00M->0.00M
[493.102s] GC(11328)   Old: 15.50M->15.50M
[493.102s] GC(11328)   Free: 4.00M->8.00M
[493.102s] GC(11328) Incremental GC (Collect on allocation) 19.50M->15.50M 1.701ms
[493.203s] GC(11329) Collect on allocation
[493.207s] GC(11329)   Eden: 4.00M->0.00M
[493.207s] GC(11329)   Survivor: 0.00M->0.00M
[493.207s] GC(11329)   Old: 15.50M->15.50M
[493.207s] GC(11329)   Free: 4.00M->8.00M
[493.207s] GC(11329) Incremental GC (Collect on allocation) 19.50M->15.50M 4.233ms
[493.279s] GC(11330) Collect on allocation
[493.300s] GC(11330)   Eden: 4.00M->0.00M
[493.300s] GC(11330)   Survivor: 0.00M->0.00M
[493.300s] GC(11330)   Old: 15.50M->15.50M
[493.300s] GC(11330)   Free: 4.00M->8.00M
[493.300s] GC(11330) Full GC (Collect on allocation) 19.50M->15.50M 20.389ms
[493.381s] GC(11331) Collect on allocation
[493.384s] GC(11331)   Eden: 5.00M->0.00M
[493.384s] GC(11331)   Survivor: 0.00M->0.00M
[493.384s] GC(11331)   Old: 15.50M->15.50M
[493.384s] GC(11331)   Free: 3.00M->8.00M
[493.384s] GC(11331) Incremental GC (Collect on allocation) 20.50M->15.50M 2.108ms
[493.463s] GC(11332) Collect on allocation
[493.464s] GC(11332)   Eden: 4.50M->0.00M
[493.464s] GC(11332)   Survivor: 0.00M->0.00M
[493.464s] GC(11332)   Old: 15.50M->15.50M
[493.464s] GC(11332)   Free: 3.50M->8.00M
[493.464s] GC(11332) Incremental GC (Collect on allocation) 20.00M->15.50M 0.959ms
[493.499s] GC(11333) Collect on allocation
[493.503s] GC(11333)   Eden: 4.00M->0.00M
[493.503s] GC(11333)   Survivor: 0.00M->0.00M
[493.503s] GC(11333)   Old: 15.50M->15.50M
[493.503s] GC(11333)   Free: 4.00M->8.00M
[493.503s] GC(11333) Incremental GC (Collect on allocation) 19.50M->15.50M 3.314ms
[493.513s] GC(11334) Collect on allocation
[493.519s] GC(11334)   Eden: 4.50M->0.00M
[493.519s] GC(11334)   Survivor: 0.00M->0.00M
[493.519s] GC(11334)   Old: 15.50M->15.50M
[493.519s] GC(11334)   Free: 3.50M->8.00M
[493.519s] GC(11334) Incremental GC (Collect on allocation) 20.00M->15.50M 5.837ms
[493.603s] GC(11335) Collect on allocation
[493.604s] GC(11335)   Eden: 5.00M->0.00M
[493.604s] GC(11335)   Survivor: 0.00M->0.00M
[493.604s] GC(11335)   Old: 15.50M->15.50M
[493.604s] GC(11335)   Free: 3.00M->8.00M
[493.604s] GC(11335) Incremental GC (Collect on allocation) 20.50M->15.50M 0.995ms
[493.745s] GC(11336) Collect on allocation
[493.746s] GC(11336)   Eden: 5.50M->0.00M
[493.746s] GC(11336)   Survivor: 0.00M->0.00M
[493.746s] GC(11336)   Old: 15.50M->15.50M
[493.746s] GC(11336)   Free: 2.50M->8.00M
[493.746s] GC(11336) Incremental GC (Collect on allocation) 21.00M->15.50M 1.043ms
[493.823s] GC(11337) Collect on allocation
[493.827s] GC(11337)   Eden: 6.50M->0.00M
[493.827s] GC(11337)   Survivor: 0.00M->0.00M
[493.827s] GC(11337)   Old: 15.50M->15.50M
[493.827s] GC(11337)   Free: 1.50M->8.00M
[493.827s] GC(11337) Incremental GC (Collect on allocation) 22.00M->15.50M 1.585ms
[493.910s] GC(11338) Collect on allocation
[493.912s] GC(11338)   Eden: 7.50M->0.00M
[493.912s] GC(11338)   Survivor: 0.00M->0.00M
[493.912s] GC(11338)   Old: 15.50M->15.50M
[493.912s] GC(11338)   Free: 0.50M->8.00M
[493.912s] GC(11338) Incremental GC (Collect on allocation) 23.00M->15.50M 1.872ms
[494.077s] GC(11339) Collect on allocation
[494.082s] GC(11339)   Eden: 8.50M->0.00M
[494.082s] GC(11339)   Survivor: 0.00M->0.00M
[494.082s] GC(11339)   Old: 15.50M->15.50M
[494.082s] GC(11339)   Free: 0.00M->8.50M
[494.082s] GC(11339) Incremental GC (Collect on allocation) 24.00M->15.50M 4.506ms
[494.231s] GC(11340) Collect on allocation
[494.233s] GC(11340)   Eden: 9.50M->0.00M
[494.234s] GC(11340)   Survivor: 0.00M->0.00M
[494.234s] GC(11340)   Old: 15.50M->15.50M
[494.234s] GC(11340)   Free: 0.00M->9.50M
[494.234s] GC(11340) Incremental GC (Collect on allocation) 25.00M->15.50M 1.928ms
[494.505s] GC(11341) Collect on allocation
[494.510s] GC(11341)   Eden: 10.50M->0.00M
[494.510s] GC(11341)   Survivor: 0.00M->0.00M
[494.510s] GC(11341)   Old: 15.50M->15.50M
[494.510s] GC(11341)   Free: 0.00M->10.50M
[494.510s] GC(11341) Incremental GC (Collect on allocation) 26.00M->15.50M 4.323ms
[494.727s] GC(11342) Collect on allocation
[494.728s] GC(11342)   Eden: 10.00M->0.00M
[494.728s] GC(11342)   Survivor: 0.00M->0.00M
[494.728s] GC(11342)   Old: 15.50M->15.50M
[494.728s] GC(11342)   Free: 0.50M->10.50M
[494.728s] GC(11342) Incremental GC (Collect on allocation) 25.50M->15.50M 1.261ms
[494.865s] GC(11343) Collect on allocation
[494.867s] GC(11343)   Eden: 9.50M->0.00M
[494.867s] GC(11343)   Survivor: 0.00M->0.00M
[494.867s] GC(11343)   Old: 15.50M->15.50M
[494.867s] GC(11343)   Free: 1.00M->10.50M
[494.867s] GC(11343) Incremental GC (Collect on allocation) 25.00M->15.50M 2.135ms
[495.017s] GC(11344) Collect on allocation
[495.020s] GC(11344)   Eden: 9.00M->0.00M
[495.020s] GC(11344)   Survivor: 0.00M->0.00M
[495.021s] GC(11344)   Old: 15.50M->15.50M
[495.021s] GC(11344)   Free: 1.50M->10.50M
[495.021s] GC(11344) Incremental GC (Collect on allocation) 24.50M->15.50M 3.588ms
[495.172s] GC(11345) Collect on allocation
[495.173s] GC(11345)   Eden: 8.50M->0.00M
[495.173s] GC(11345)   Survivor: 0.00M->0.00M
[495.173s] GC(11345)   Old: 15.50M->15.50M
[495.173s] GC(11345)   Free: 2.00M->10.50M
[495.173s] GC(11345) Incremental GC (Collect on allocation) 24.00M->15.50M 1.633ms
[495.339s] GC(11346) Collect on allocation
[495.374s] GC(11346)   Eden: 8.00M->0.00M
[495.374s] GC(11346)   Survivor: 0.00M->0.00M
[495.374s] GC(11346)   Old: 15.50M->15.50M
[495.374s] GC(11346)   Free: 2.50M->11.00M
[495.374s] GC(11346) Full GC (Collect on allocation) 23.50M->15.50M 33.941ms
[495.460s] GC(11347) Collect on allocation
[495.462s] GC(11347)   Eden: 7.00M->0.00M
[495.462s] GC(11347)   Survivor: 0.00M->0.00M
[495.462s] GC(11347)   Old: 15.50M->15.50M
[495.462s] GC(11347)   Free: 4.00M->10.50M
[495.462s] GC(11347) Incremental GC (Collect on allocation) 22.50M->15.50M 1.669ms
[495.581s] GC(11348) Collect on allocation
[495.586s] GC(11348)   Eden: 6.50M->0.00M
[495.586s] GC(11348)   Survivor: 0.00M->0.00M
[495.586s] GC(11348)   Old: 15.50M->15.50M
[495.586s] GC(11348)   Free: 4.00M->10.00M
[495.586s] GC(11348) Incremental GC (Collect on allocation) 22.00M->15.50M 4.277ms
[495.687s] GC(11349) Collect on allocation
[495.689s] GC(11349)   Eden: 6.00M->0.00M
[495.689s] GC(11349)   Survivor: 0.00M->0.00M
[495.689s] GC(11349)   Old: 15.50M->15.50M
[495.689s] GC(11349)   Free: 4.00M->9.50M
[495.689s] GC(11349) Incremental GC (Collect on allocation) 21.50M->15.50M 1.627ms
[495.824s] GC(11350) Collect on allocation
[495.827s] GC(11350)   Eden: 5.50M->0.00M
[495.827s] GC(11350)   Survivor: 0.00M->0.00M
[495.827s] GC(11350)   Old: 15.50M->15.50M
[495.827s] GC(11350)   Free: 4.00M->9.00M
[495.827s] GC(11350) Incremental GC (Collect on allocation) 21.00M->15.50M 2.534ms
[495.887s] GC(11351) Collect on allocation
[495.889s] GC(11351)   Eden: 5.00M->0.00M
[495.889s] GC(11351)   Survivor: 0.00M->0.00M
[495.890s] GC(11351)   Old: 15.50M->15.50M
[495.890s] GC(11351)   Free: 4.00M->8.50M
[495.890s] GC(11351) Incremental GC (Collect on allocation) 20.50M->15.50M 1.957ms
[495.974s] GC(11352) Collect on allocation
[495.975s] GC(11352)   Eden: 4.50M->0.00M
[495.975s] GC(11352)   Survivor: 0.00M->0.00M
[495.975s] GC(11352)   Old: 15.50M->15.50M
[495.975s] GC(11352)   Free: 4.00M->8.00M
[495.975s] GC(11352) Incremental GC (Collect on allocation) 20.00M->15.50M 0.758ms
[496.009s] GC(11353) Collect on allocation
[496.013s] GC(11353)   Eden: 4.00M->0.00M
[496.013s] GC(11353)   Survivor: 0.00M->0.00M
[496.013s] GC(11353)   Old: 15.50M->15.50M
[496.013s] GC(11353)   Free: 4.00M->8.00M
[496.013s] GC(11353) Incremental GC (Collect on allocation) 19.50M->15.50M 3.759ms
[496.032s] GC(11354) Collect on allocation
[496.033s] GC(11354)   Eden: 4.50M->0.00M
[496.033s] GC(11354)   Survivor: 0.00M->0.00M
[496.033s] GC(11354)   Old: 15.50M->15.50M
[496.033s] GC(11354)   Free: 3.50M->8.00M
[496.033s] GC(11354) Incremental GC (Collect on allocation) 20.00M->15.50M 0.699ms
[496.229s] GC(11355) Collect on allocation
[496.231s] GC(11355)   Eden: 5.00M->0.00M
[496.231s] GC(11355)   Survivor: 0.00M->0.00M
[496.231s] GC(11355)   Old: 15.50M->15.50M
[496.231s] GC(11355)   Free: 3.00M->8.00M
[496.231s] GC(11355) Incremental GC (Collect on allocation) 20.50M->15.50M 2.082ms
[496.281s] GC(11356) Collect on allocation
[496.283s] GC(11356)   Eden: 4.50M->0.00M
[496.283s] GC(11356)   Survivor: 0.00M->0.00M
[496.283s] GC(11356)   Old: 15.50M->15.50M
[496.283s] GC(11356)   Free: 3.50M->8.00M
[496.283s] GC(11356) Incremental GC (Collect on allocation) 20.00M->15.50M 1.847ms
[496.333s] GC(11357) Collect on allocation
[496.334s] GC(11357)   Eden: 4.00M->0.00M
[496.334s] GC(11357)   Survivor: 0.00M->0.00M
[496.334s] GC(11357)   Old: 15.50M->15.50M
[496.334s] GC(11357)   Free: 4.00M->8.00M
[496.334s] GC(11357) Incremental GC (Collect on allocation) 19.50M->15.50M 0.962ms
[496.477s] GC(11358) Collect on allocation
[496.482s] GC(11358)   Eden: 4.00M->0.00M
[496.482s] GC(11358)   Survivor: 0.00M->0.00M
[496.482s] GC(11358)   Old: 15.50M->15.50M
[496.482s] GC(11358)   Free: 4.00M->8.00M
[496.482s] GC(11358) Incremental GC (Collect on allocation) 19.50M->15.50M 5.226ms
[496.552s] GC(11359) Collect on allocation
[496.554s] GC(11359)   Eden: 4.00M->0.00M
[496.554s] GC(11359)   Survivor: 0.00M->0.00M
[496.554s] GC(11359)   Old: 15.50M->15.50M
[496.554s] GC(11359)   Free: 4.00M->8.00M
[496.554s] GC(11359) Incremental GC (Collect on allocation) 19.50M->15.50M 1.330ms
[496.615s] GC(11360) Collect on allocation
[496.623s] GC(11360)   Eden: 4.00M->0.00M
[496.623s] GC(11360)   Survivor: 0.00M->0.00M
[496.623s] GC(11360)   Old: 15.50M->15.50M
[496.623s] GC(11360)   Free: 4.00M->8.00M
[496.623s] GC(11360) Incremental GC (Collect on allocation) 19.50M->15.50M 7.619ms
[496.672s] GC(11361) Collect on allocation
[496.673s] GC(11361)   Eden: 4.50M->0.00M
[496.673s] GC(11361)   Survivor: 0.00M->0.00M
[496.673s] GC(11361)   Old: 15.50M->15.50M
[496.673s] GC(11361)   Free: 3.50M->8.00M
[496.674s] GC(11361) Incremental GC (Collect on allocation) 20.00M->15.50M 1.014ms
[496.842s] GC(11362) Collect on allocation
[496.844s] GC(11362)   Eden: 5.00M->0.00M
[496.844s] GC(11362)   Survivor: 0.00M->0.00M
[496.844s] GC(11362)   Old: 15.50M->15.50M
[496.845s] GC(11362)   Free: 3.00M->8.00M
[496.845s] GC(11362) Incremental GC (Collect on allocation) 20.50M->15.50M 1.885ms
[496.879s] GC(11363) Collect on allocation
[496.880s] GC(11363)   Eden: 4.50M->0.00M
[496.880s] GC(11363)   Survivor: 0.00M->0.00M
[496.880s] GC(11363)   Old: 15.50M->15.50M
[496.880s] GC(11363)   Free: 3.50M->8.00M
[496.880s] GC(11363) Incremental GC (Collect on allocation) 20.00M->15.50M 1.498ms
[496.940s] GC(11364) Collect on allocation
[496.941s] GC(11364)   Eden: 5.00M->0.00M
[496.941s] GC(11364)   Survivor: 0.00M->0.00M
[496.941s] GC(11364)   Old: 15.50M->15.50M
[496.941s] GC(11364)   Free: 3.00M->8.00M
[496.941s] GC(11364) Incremental GC (Collect on allocation) 20.50M->15.50M 1.031ms
[497.045s] GC(11365) Collect on allocation
[497.047s] GC(11365)   Eden: 4.50M->0.00M
[497.047s] GC(11365)   Survivor: 0.00M->0.00M
[497.047s] GC(11365)   Old: 15.50M->15.50M
[497.047s] GC(11365)   Free: 3.50M->8.00M
[497.047s] GC(11365) Incremental GC (Collect on allocation) 20.00M->15.50M 2.018ms
[497.071s] GC(11366) Collect on allocation
[497.071s] GC(11366)   Eden: 4.00M->0.00M
[497.071s] GC(11366)   Survivor: 0.00M->0.00M
[497.071s] GC(11366)   Old: 15.50M->15.50M
[497.071s] GC(11366)   Free: 4.00M->8.00M
[497.071s] GC(11366) Incremental GC (Collect on allocation) 19.50M->15.50M 0.618ms
[497.207s] GC(11367) Collect on allocation
[497.210s] GC(11367)   Eden: 4.00M->0.00M
[497.210s] GC(11367)   Survivor: 0.00M->0.00M
[497.210s] GC(11367)   Old: 15.50M->15.50M
[497.210s] GC(11367)   Free: 4.00M->8.00M
[497.211s] GC(11367) Incremental GC (Collect on allocation) 19.50M->15.50M 2.734ms
[497.251s] GC(11368) Collect on allocation
[497.254s] GC(11368)   Eden: 4.00M->0.00M
[497.254s] GC(11368)   Survivor: 0.00M->0.00M
[497.254s] GC(11368)   Old: 15.50M->15.50M
[497.254s] GC(11368)   Free: 4.00M->8.00M
[497.254s] GC(11368) Incremental GC (Collect on allocation) 19.50M->15.50M 2.381ms
[497.352s] GC(11369) Collect on allocation
[497.388s] GC(11369)   Eden: 4.00M->0.00M
[497.388s] GC(11369)   Survivor: 0.00M->0.00M
[497.388s] GC(11369)   Old: 15.50M->15.50M
[497.388s] GC(11369)   Free: 4.00M->8.00M
[497.388s] GC(11369) Full GC (Collect on allocation) 19.50M->15.50M 35.675ms
[497.468s] GC(11370) Collect on allocation
[497.470s] GC(11370)   Eden: 5.00M->0.00M
[497.470s] GC(11370)   Survivor: 0.00M->0.00M
[497.470s] GC(11370)   Old: 15.50M->15.50M
[497.471s] GC(11370)   Free: 3.00M->8.00M
[497.471s] GC(11370) Incremental GC (Collect on allocation) 20.50M->15.50M 1.821ms
[497.519s] GC(11371) Collect on allocation
[497.520s] GC(11371)   Eden: 4.50M->0.00M
[497.520s] GC(11371)   Survivor: 0.00M->0.00M
[497.520s] GC(11371)   Old: 15.50M->15.50M
[497.520s] GC(11371)   Free: 3.50M->8.00M
[497.520s] GC(11371) Incremental GC (Collect on allocation) 20.00M->15.50M 0.896ms
[497.553s] GC(11372) Collect on allocation
[497.553s] GC(11372)   Eden: 4.00M->0.00M
[497.553s] GC(11372)   Survivor: 0.00M->0.00M
[497.553s] GC(11372)   Old: 15.50M->15.50M
[497.553s] GC(11372)   Free: 4.00M->8.00M
[497.554s] GC(11372) Incremental GC (Collect on allocation) 19.50M->15.50M 0.636ms
[497.630s] GC(11373) Collect on allocation
[497.636s] GC(11373)   Eden: 4.00M->0.00M
[497.636s] GC(11373)   Survivor: 0.00M->0.00M
[497.636s] GC(11373)   Old: 15.50M->15.50M
[497.636s] GC(11373)   Free: 4.00M->8.00M
[497.636s] GC(11373) Incremental GC (Collect on allocation) 19.50M->15.50M 5.788ms
[497.756s] GC(11374) Collect on allocation
[497.758s] GC(11374)   Eden: 4.50M->0.00M
[497.758s] GC(11374)   Survivor: 0.00M->0.00M
[497.758s] GC(11374)   Old: 15.50M->15.50M
[497.758s] GC(11374)   Free: 3.50M->8.00M
[497.758s] GC(11374) Incremental GC (Collect on allocation) 20.00M->15.50M 1.227ms
[497.819s] GC(11375) Collect on allocation
[497.822s] GC(11375)   Eden: 4.00M->0.00M
[497.822s] GC(11375)   Survivor: 0.00M->0.00M
[497.822s] GC(11375)   Old: 15.50M->15.50M
[497.822s] GC(11375)   Free: 4.00M->8.00M
[497.822s] GC(11375) Incremental GC (Collect on allocation) 19.50M->15.50M 2.526ms
